The FIRMWARE variable is not set. Defaulting to a blank string.
The LOG variable is not set. Defaulting to a blank string.
The EMBA variable is not set. Defaulting to a blank string.
Building emba
Sending build context to Docker daemon  46.05MB
Step 1/7 : FROM kalilinux/kali-rolling
 ---> 8136c3db6bb9
Step 2/7 : RUN apt-get update &&     apt-get -y upgrade &&     apt-get -y install wget kmod procps sudo dialog apt-utils
 ---> Running in 4eaa3224c82d
Get:1 http://kali.cs.nctu.edu.tw/kali kali-rolling InRelease [30.5 kB]
Get:2 http://kali.cs.nctu.edu.tw/kali kali-rolling/main amd64 Packages [17.8 MB]
Get:3 http://kali.cs.nctu.edu.tw/kali kali-rolling/non-free amd64 Packages [201 kB]
Get:4 http://kali.cs.nctu.edu.tw/kali kali-rolling/contrib amd64 Packages [108 kB]
Fetched 18.1 MB in 2min 31s (120 kB/s)
Reading package lists...
Reading package lists...
Building dependency tree...
Reading state information...
Calculating upgrade...
The following packages will be upgraded:
  bash bsdutils dash kali-defaults libblkid1 libc-bin libc6 libdebconfclient0
  libgssapi-krb5-2 libidn2-0 libk5crypto3 libkrb5-3 libkrb5support0 libmount1
  libsmartcols1 libuuid1 mount perl-base util-linux
19 upgraded, 0 newly installed, 0 to remove and 0 not upgraded.
Need to get 10.2 MB of archives.
After this operation, 64.5 kB of additional disk space will be used.
Get:1 http://http.kali.org/kali kali-rolling/main amd64 bash amd64 5.1-3+b1 [1417 kB]
Get:2 http://kali.cs.nctu.edu.tw/kali kali-rolling/main amd64 bsdutils amd64 1:2.36.1-8 [148 kB]
Get:3 http://http.kali.org/kali kali-rolling/main amd64 dash amd64 0.5.11+git20210120+802ebd4-1 [116 kB]
Get:4 http://http.kali.org/kali kali-rolling/main amd64 perl-base amd64 5.32.1-4+deb11u1 [1627 kB]
Get:5 http://kali.cs.nctu.edu.tw/kali kali-rolling/main amd64 util-linux amd64 2.36.1-8 [1139 kB]
Get:6 http://kali.cs.nctu.edu.tw/kali kali-rolling/main amd64 libc6 amd64 2.31-13 [2811 kB]
Get:7 http://kali.cs.nctu.edu.tw/kali kali-rolling/main amd64 libc-bin amd64 2.31-13 [817 kB]
Get:8 http://kali.cs.nctu.edu.tw/kali kali-rolling/main amd64 mount amd64 2.36.1-8 [185 kB]
Get:9 http://kali.cs.nctu.edu.tw/kali kali-rolling/main amd64 libblkid1 amd64 2.36.1-8 [193 kB]
Get:10 http://kali.cs.nctu.edu.tw/kali kali-rolling/main amd64 libdebconfclient0 amd64 0.260 [50.6 kB]
Get:11 http://kali.cs.nctu.edu.tw/kali kali-rolling/main amd64 libk5crypto3 amd64 1.18.3-6 [113 kB]
Get:12 http://kali.cs.nctu.edu.tw/kali kali-rolling/main amd64 libkrb5support0 amd64 1.18.3-6 [65.3 kB]
Get:13 http://kali.cs.nctu.edu.tw/kali kali-rolling/main amd64 libkrb5-3 amd64 1.18.3-6 [363 kB]
Get:14 http://kali.cs.nctu.edu.tw/kali kali-rolling/main amd64 libgssapi-krb5-2 amd64 1.18.3-6 [165 kB]
Get:15 http://kali.cs.nctu.edu.tw/kali kali-rolling/main amd64 libidn2-0 amd64 2.3.2-2 [95.3 kB]
Get:16 http://kali.cs.nctu.edu.tw/kali kali-rolling/main amd64 libmount1 amd64 2.36.1-8 [211 kB]
Get:17 http://kali.cs.nctu.edu.tw/kali kali-rolling/main amd64 libsmartcols1 amd64 2.36.1-8 [157 kB]
Get:18 http://kali.cs.nctu.edu.tw/kali kali-rolling/main amd64 libuuid1 amd64 2.36.1-8 [83.7 kB]
Get:19 http://kali.cs.nctu.edu.tw/kali kali-rolling/main amd64 kali-defaults all 2021.3.2 [483 kB]
[91mdebconf: delaying package configuration, since apt-utils is not installed
[0mFetched 10.2 MB in 1min 14s (139 kB/s)
(Reading database ... (Reading database ... 5%(Reading database ... 10%(Reading database ... 15%(Reading database ... 20%(Reading database ... 25%(Reading database ... 30%(Reading database ... 35%(Reading database ... 40%(Reading database ... 45%(Reading database ... 50%(Reading database ... 55%(Reading database ... 60%(Reading database ... 65%(Reading database ... 70%(Reading database ... 75%(Reading database ... 80%(Reading database ... 85%(Reading database ... 90%(Reading database ... 95%(Reading database ... 100%(Reading database ... 6762 files and directories currently installed.)
Preparing to unpack .../bash_5.1-3+b1_amd64.deb ...
Unpacking bash (5.1-3+b1) over (5.1-2+b2) ...
Setting up bash (5.1-3+b1) ...
update-alternatives: using /usr/share/man/man7/bash-builtins.7.gz to provide /usr/share/man/man7/builtins.7.gz (builtins.7.gz) in auto mode
(Reading database ... (Reading database ... 5%(Reading database ... 10%(Reading database ... 15%(Reading database ... 20%(Reading database ... 25%(Reading database ... 30%(Reading database ... 35%(Reading database ... 40%(Reading database ... 45%(Reading database ... 50%(Reading database ... 55%(Reading database ... 60%(Reading database ... 65%(Reading database ... 70%(Reading database ... 75%(Reading database ... 80%(Reading database ... 85%(Reading database ... 90%(Reading database ... 95%(Reading database ... 100%(Reading database ... 6762 files and directories currently installed.)
Preparing to unpack .../bsdutils_1%3a2.36.1-8_amd64.deb ...
Unpacking bsdutils (1:2.36.1-8) over (1:2.36.1-7) ...
Setting up bsdutils (1:2.36.1-8) ...
(Reading database ... (Reading database ... 5%(Reading database ... 10%(Reading database ... 15%(Reading database ... 20%(Reading database ... 25%(Reading database ... 30%(Reading database ... 35%(Reading database ... 40%(Reading database ... 45%(Reading database ... 50%(Reading database ... 55%(Reading database ... 60%(Reading database ... 65%(Reading database ... 70%(Reading database ... 75%(Reading database ... 80%(Reading database ... 85%(Reading database ... 90%(Reading database ... 95%(Reading database ... 100%(Reading database ... 6762 files and directories currently installed.)
Preparing to unpack .../dash_0.5.11+git20210120+802ebd4-1_amd64.deb ...
Unpacking dash (0.5.11+git20210120+802ebd4-1) over (0.5.11+git20200708+dd9ef66-5) ...
Setting up dash (0.5.11+git20210120+802ebd4-1) ...
debconf: unable to initialize frontend: Dialog
debconf: (TERM is not set, so the dialog frontend is not usable.)
debconf: falling back to frontend: Readline
debconf: unable to initialize frontend: Readline
debconf: (Can't locate Term/ReadLine.pm in @INC (you may need to install the Term::ReadLine module) (@INC contains: /etc/perl /usr/local/lib/x86_64-linux-gnu/perl/5.32.1 /usr/local/share/perl/5.32.1 /usr/lib/x86_64-linux-gnu/perl5/5.32 /usr/share/perl5 /usr/lib/x86_64-linux-gnu/perl-base /usr/lib/x86_64-linux-gnu/perl/5.32 /usr/share/perl/5.32 /usr/local/lib/site_perl) at /usr/share/perl5/Debconf/FrontEnd/Readline.pm line 7.)
debconf: falling back to frontend: Teletype
(Reading database ... (Reading database ... 5%(Reading database ... 10%(Reading database ... 15%(Reading database ... 20%(Reading database ... 25%(Reading database ... 30%(Reading database ... 35%(Reading database ... 40%(Reading database ... 45%(Reading database ... 50%(Reading database ... 55%(Reading database ... 60%(Reading database ... 65%(Reading database ... 70%(Reading database ... 75%(Reading database ... 80%(Reading database ... 85%(Reading database ... 90%(Reading database ... 95%(Reading database ... 100%(Reading database ... 6762 files and directories currently installed.)
Preparing to unpack .../perl-base_5.32.1-4+deb11u1_amd64.deb ...
Unpacking perl-base (5.32.1-4+deb11u1) over (5.32.1-4) ...
Setting up perl-base (5.32.1-4+deb11u1) ...
(Reading database ... (Reading database ... 5%(Reading database ... 10%(Reading database ... 15%(Reading database ... 20%(Reading database ... 25%(Reading database ... 30%(Reading database ... 35%(Reading database ... 40%(Reading database ... 45%(Reading database ... 50%(Reading database ... 55%(Reading database ... 60%(Reading database ... 65%(Reading database ... 70%(Reading database ... 75%(Reading database ... 80%(Reading database ... 85%(Reading database ... 90%(Reading database ... 95%(Reading database ... 100%(Reading database ... 6762 files and directories currently installed.)
Preparing to unpack .../util-linux_2.36.1-8_amd64.deb ...
Unpacking util-linux (2.36.1-8) over (2.36.1-7) ...
Setting up util-linux (2.36.1-8) ...
(Reading database ... (Reading database ... 5%(Reading database ... 10%(Reading database ... 15%(Reading database ... 20%(Reading database ... 25%(Reading database ... 30%(Reading database ... 35%(Reading database ... 40%(Reading database ... 45%(Reading database ... 50%(Reading database ... 55%(Reading database ... 60%(Reading database ... 65%(Reading database ... 70%(Reading database ... 75%(Reading database ... 80%(Reading database ... 85%(Reading database ... 90%(Reading database ... 95%(Reading database ... 100%(Reading database ... 6762 files and directories currently installed.)
Preparing to unpack .../libc6_2.31-13_amd64.deb ...
debconf: unable to initialize frontend: Dialog
debconf: (TERM is not set, so the dialog frontend is not usable.)
debconf: falling back to frontend: Readline
debconf: unable to initialize frontend: Readline
debconf: (Can't locate Term/ReadLine.pm in @INC (you may need to install the Term::ReadLine module) (@INC contains: /etc/perl /usr/local/lib/x86_64-linux-gnu/perl/5.32.1 /usr/local/share/perl/5.32.1 /usr/lib/x86_64-linux-gnu/perl5/5.32 /usr/share/perl5 /usr/lib/x86_64-linux-gnu/perl-base /usr/lib/x86_64-linux-gnu/perl/5.32 /usr/share/perl/5.32 /usr/local/lib/site_perl) at /usr/share/perl5/Debconf/FrontEnd/Readline.pm line 7.)
debconf: falling back to frontend: Teletype
Unpacking libc6:amd64 (2.31-13) over (2.31-12) ...
Setting up libc6:amd64 (2.31-13) ...
debconf: unable to initialize frontend: Dialog
debconf: (TERM is not set, so the dialog frontend is not usable.)
debconf: falling back to frontend: Readline
debconf: unable to initialize frontend: Readline
debconf: (Can't locate Term/ReadLine.pm in @INC (you may need to install the Term::ReadLine module) (@INC contains: /etc/perl /usr/local/lib/x86_64-linux-gnu/perl/5.32.1 /usr/local/share/perl/5.32.1 /usr/lib/x86_64-linux-gnu/perl5/5.32 /usr/share/perl5 /usr/lib/x86_64-linux-gnu/perl-base /usr/lib/x86_64-linux-gnu/perl/5.32 /usr/share/perl/5.32 /usr/local/lib/site_perl) at /usr/share/perl5/Debconf/FrontEnd/Readline.pm line 7.)
debconf: falling back to frontend: Teletype
(Reading database ... (Reading database ... 5%(Reading database ... 10%(Reading database ... 15%(Reading database ... 20%(Reading database ... 25%(Reading database ... 30%(Reading database ... 35%(Reading database ... 40%(Reading database ... 45%(Reading database ... 50%(Reading database ... 55%(Reading database ... 60%(Reading database ... 65%(Reading database ... 70%(Reading database ... 75%(Reading database ... 80%(Reading database ... 85%(Reading database ... 90%(Reading database ... 95%(Reading database ... 100%(Reading database ... 6762 files and directories currently installed.)
Preparing to unpack .../libc-bin_2.31-13_amd64.deb ...
Unpacking libc-bin (2.31-13) over (2.31-12) ...
Setting up libc-bin (2.31-13) ...
(Reading database ... (Reading database ... 5%(Reading database ... 10%(Reading database ... 15%(Reading database ... 20%(Reading database ... 25%(Reading database ... 30%(Reading database ... 35%(Reading database ... 40%(Reading database ... 45%(Reading database ... 50%(Reading database ... 55%(Reading database ... 60%(Reading database ... 65%(Reading database ... 70%(Reading database ... 75%(Reading database ... 80%(Reading database ... 85%(Reading database ... 90%(Reading database ... 95%(Reading database ... 100%(Reading database ... 6762 files and directories currently installed.)
Preparing to unpack .../mount_2.36.1-8_amd64.deb ...
Unpacking mount (2.36.1-8) over (2.36.1-7) ...
Preparing to unpack .../libblkid1_2.36.1-8_amd64.deb ...
Unpacking libblkid1:amd64 (2.36.1-8) over (2.36.1-7) ...
Setting up libblkid1:amd64 (2.36.1-8) ...
(Reading database ... (Reading database ... 5%(Reading database ... 10%(Reading database ... 15%(Reading database ... 20%(Reading database ... 25%(Reading database ... 30%(Reading database ... 35%(Reading database ... 40%(Reading database ... 45%(Reading database ... 50%(Reading database ... 55%(Reading database ... 60%(Reading database ... 65%(Reading database ... 70%(Reading database ... 75%(Reading database ... 80%(Reading database ... 85%(Reading database ... 90%(Reading database ... 95%(Reading database ... 100%(Reading database ... 6762 files and directories currently installed.)
Preparing to unpack .../libdebconfclient0_0.260_amd64.deb ...
Unpacking libdebconfclient0:amd64 (0.260) over (0.259) ...
Setting up libdebconfclient0:amd64 (0.260) ...
(Reading database ... (Reading database ... 5%(Reading database ... 10%(Reading database ... 15%(Reading database ... 20%(Reading database ... 25%(Reading database ... 30%(Reading database ... 35%(Reading database ... 40%(Reading database ... 45%(Reading database ... 50%(Reading database ... 55%(Reading database ... 60%(Reading database ... 65%(Reading database ... 70%(Reading database ... 75%(Reading database ... 80%(Reading database ... 85%(Reading database ... 90%(Reading database ... 95%(Reading database ... 100%(Reading database ... 6762 files and directories currently installed.)
Preparing to unpack .../libk5crypto3_1.18.3-6_amd64.deb ...
Unpacking libk5crypto3:amd64 (1.18.3-6) over (1.18.3-5) ...
Setting up libk5crypto3:amd64 (1.18.3-6) ...
(Reading database ... (Reading database ... 5%(Reading database ... 10%(Reading database ... 15%(Reading database ... 20%(Reading database ... 25%(Reading database ... 30%(Reading database ... 35%(Reading database ... 40%(Reading database ... 45%(Reading database ... 50%(Reading database ... 55%(Reading database ... 60%(Reading database ... 65%(Reading database ... 70%(Reading database ... 75%(Reading database ... 80%(Reading database ... 85%(Reading database ... 90%(Reading database ... 95%(Reading database ... 100%(Reading database ... 6762 files and directories currently installed.)
Preparing to unpack .../libkrb5support0_1.18.3-6_amd64.deb ...
Unpacking libkrb5support0:amd64 (1.18.3-6) over (1.18.3-5) ...
Setting up libkrb5support0:amd64 (1.18.3-6) ...
(Reading database ... (Reading database ... 5%(Reading database ... 10%(Reading database ... 15%(Reading database ... 20%(Reading database ... 25%(Reading database ... 30%(Reading database ... 35%(Reading database ... 40%(Reading database ... 45%(Reading database ... 50%(Reading database ... 55%(Reading database ... 60%(Reading database ... 65%(Reading database ... 70%(Reading database ... 75%(Reading database ... 80%(Reading database ... 85%(Reading database ... 90%(Reading database ... 95%(Reading database ... 100%(Reading database ... 6762 files and directories currently installed.)
Preparing to unpack .../libkrb5-3_1.18.3-6_amd64.deb ...
Unpacking libkrb5-3:amd64 (1.18.3-6) over (1.18.3-5) ...
Setting up libkrb5-3:amd64 (1.18.3-6) ...
(Reading database ... (Reading database ... 5%(Reading database ... 10%(Reading database ... 15%(Reading database ... 20%(Reading database ... 25%(Reading database ... 30%(Reading database ... 35%(Reading database ... 40%(Reading database ... 45%(Reading database ... 50%(Reading database ... 55%(Reading database ... 60%(Reading database ... 65%(Reading database ... 70%(Reading database ... 75%(Reading database ... 80%(Reading database ... 85%(Reading database ... 90%(Reading database ... 95%(Reading database ... 100%(Reading database ... 6762 files and directories currently installed.)
Preparing to unpack .../libgssapi-krb5-2_1.18.3-6_amd64.deb ...
Unpacking libgssapi-krb5-2:amd64 (1.18.3-6) over (1.18.3-5) ...
Setting up libgssapi-krb5-2:amd64 (1.18.3-6) ...
(Reading database ... (Reading database ... 5%(Reading database ... 10%(Reading database ... 15%(Reading database ... 20%(Reading database ... 25%(Reading database ... 30%(Reading database ... 35%(Reading database ... 40%(Reading database ... 45%(Reading database ... 50%(Reading database ... 55%(Reading database ... 60%(Reading database ... 65%(Reading database ... 70%(Reading database ... 75%(Reading database ... 80%(Reading database ... 85%(Reading database ... 90%(Reading database ... 95%(Reading database ... 100%(Reading database ... 6762 files and directories currently installed.)
Preparing to unpack .../libidn2-0_2.3.2-2_amd64.deb ...
Unpacking libidn2-0:amd64 (2.3.2-2) over (2.3.0-5) ...
Setting up libidn2-0:amd64 (2.3.2-2) ...
(Reading database ... (Reading database ... 5%(Reading database ... 10%(Reading database ... 15%(Reading database ... 20%(Reading database ... 25%(Reading database ... 30%(Reading database ... 35%(Reading database ... 40%(Reading database ... 45%(Reading database ... 50%(Reading database ... 55%(Reading database ... 60%(Reading database ... 65%(Reading database ... 70%(Reading database ... 75%(Reading database ... 80%(Reading database ... 85%(Reading database ... 90%(Reading database ... 95%(Reading database ... 100%(Reading database ... 6762 files and directories currently installed.)
Preparing to unpack .../libmount1_2.36.1-8_amd64.deb ...
Unpacking libmount1:amd64 (2.36.1-8) over (2.36.1-7) ...
Setting up libmount1:amd64 (2.36.1-8) ...
(Reading database ... (Reading database ... 5%(Reading database ... 10%(Reading database ... 15%(Reading database ... 20%(Reading database ... 25%(Reading database ... 30%(Reading database ... 35%(Reading database ... 40%(Reading database ... 45%(Reading database ... 50%(Reading database ... 55%(Reading database ... 60%(Reading database ... 65%(Reading database ... 70%(Reading database ... 75%(Reading database ... 80%(Reading database ... 85%(Reading database ... 90%(Reading database ... 95%(Reading database ... 100%(Reading database ... 6762 files and directories currently installed.)
Preparing to unpack .../libsmartcols1_2.36.1-8_amd64.deb ...
Unpacking libsmartcols1:amd64 (2.36.1-8) over (2.36.1-7) ...
Setting up libsmartcols1:amd64 (2.36.1-8) ...
(Reading database ... (Reading database ... 5%(Reading database ... 10%(Reading database ... 15%(Reading database ... 20%(Reading database ... 25%(Reading database ... 30%(Reading database ... 35%(Reading database ... 40%(Reading database ... 45%(Reading database ... 50%(Reading database ... 55%(Reading database ... 60%(Reading database ... 65%(Reading database ... 70%(Reading database ... 75%(Reading database ... 80%(Reading database ... 85%(Reading database ... 90%(Reading database ... 95%(Reading database ... 100%(Reading database ... 6762 files and directories currently installed.)
Preparing to unpack .../libuuid1_2.36.1-8_amd64.deb ...
Unpacking libuuid1:amd64 (2.36.1-8) over (2.36.1-7) ...
Setting up libuuid1:amd64 (2.36.1-8) ...
(Reading database ... (Reading database ... 5%(Reading database ... 10%(Reading database ... 15%(Reading database ... 20%(Reading database ... 25%(Reading database ... 30%(Reading database ... 35%(Reading database ... 40%(Reading database ... 45%(Reading database ... 50%(Reading database ... 55%(Reading database ... 60%(Reading database ... 65%(Reading database ... 70%(Reading database ... 75%(Reading database ... 80%(Reading database ... 85%(Reading database ... 90%(Reading database ... 95%(Reading database ... 100%(Reading database ... 6762 files and directories currently installed.)
Preparing to unpack .../kali-defaults_2021.3.2_all.deb ...
Adding 'diversion of /etc/ssl/openssl.cnf to /etc/ssl/openssl.cnf.original by kali-defaults'
Unpacking kali-defaults (2021.3.2) over (2021.2.7) ...
Setting up kali-defaults (2021.3.2) ...
Installing /usr/share/kali-defaults/etc/ssl/openssl.cnf as /etc/ssl/openssl.cnf
Configuring /etc/environment
Setting up mount (2.36.1-8) ...
Processing triggers for libc-bin (2.31-13) ...
Reading package lists...
Building dependency tree...
Reading state information...
The following additional packages will be installed:
  ca-certificates libgpm2 libkmod2 libncurses6 libncursesw6 libprocps8 libpsl5
  openssl psmisc publicsuffix
Suggested packages:
  gpm
The following NEW packages will be installed:
  apt-utils ca-certificates dialog kmod libgpm2 libkmod2 libncurses6
  libncursesw6 libprocps8 libpsl5 openssl procps psmisc publicsuffix sudo wget
0 upgraded, 16 newly installed, 0 to remove and 0 not upgraded.
Need to get 5120 kB of archives.
After this operation, 16.9 MB of additional disk space will be used.
Get:1 http://kali.cs.nctu.edu.tw/kali kali-rolling/main amd64 apt-utils amd64 2.2.4 [439 kB]
Get:2 http://kali.cs.nctu.edu.tw/kali kali-rolling/main amd64 libkmod2 amd64 28-1 [55.6 kB]
Get:3 http://kali.cs.nctu.edu.tw/kali kali-rolling/main amd64 kmod amd64 28-1 [92.8 kB]
Get:4 http://http.kali.org/kali kali-rolling/main amd64 libncurses6 amd64 6.2+20201114-2 [102 kB]
Get:5 http://http.kali.org/kali kali-rolling/main amd64 libncursesw6 amd64 6.2+20201114-2 [132 kB]
Get:6 http://kali.cs.nctu.edu.tw/kali kali-rolling/main amd64 libprocps8 amd64 2:3.3.17-5 [63.9 kB]
Get:7 http://kali.cs.nctu.edu.tw/kali kali-rolling/main amd64 procps amd64 2:3.3.17-5 [502 kB]
Get:8 http://kali.cs.nctu.edu.tw/kali kali-rolling/main amd64 libpsl5 amd64 0.21.0-1.2 [57.3 kB]
Get:9 http://http.kali.org/kali kali-rolling/main amd64 wget amd64 1.21-1+b1 [964 kB]
Get:10 http://kali.cs.nctu.edu.tw/kali kali-rolling/main amd64 openssl amd64 1.1.1k-1 [850 kB]
Get:11 http://kali.cs.nctu.edu.tw/kali kali-rolling/main amd64 ca-certificates all 20210119 [158 kB]
Get:12 http://kali.cs.nctu.edu.tw/kali kali-rolling/main amd64 dialog amd64 1.3-20201126-1 [288 kB]
Get:13 http://kali.cs.nctu.edu.tw/kali kali-rolling/main amd64 libgpm2 amd64 1.20.7-8 [35.6 kB]
Get:14 http://kali.cs.nctu.edu.tw/kali kali-rolling/main amd64 psmisc amd64 23.4-2 [198 kB]
Get:15 http://kali.cs.nctu.edu.tw/kali kali-rolling/main amd64 publicsuffix all 20210108.1309-1 [121 kB]
Get:16 http://kali.cs.nctu.edu.tw/kali kali-rolling/main amd64 sudo amd64 1.9.5p2-3 [1059 kB]
[91mdebconf: delaying package configuration, since apt-utils is not installed
[0mFetched 5120 kB in 43s (118 kB/s)
Selecting previously unselected package apt-utils.
(Reading database ... (Reading database ... 5%(Reading database ... 10%(Reading database ... 15%(Reading database ... 20%(Reading database ... 25%(Reading database ... 30%(Reading database ... 35%(Reading database ... 40%(Reading database ... 45%(Reading database ... 50%(Reading database ... 55%(Reading database ... 60%(Reading database ... 65%(Reading database ... 70%(Reading database ... 75%(Reading database ... 80%(Reading database ... 85%(Reading database ... 90%(Reading database ... 95%(Reading database ... 100%(Reading database ... 6768 files and directories currently installed.)
Preparing to unpack .../00-apt-utils_2.2.4_amd64.deb ...
Unpacking apt-utils (2.2.4) ...
Selecting previously unselected package libkmod2:amd64.
Preparing to unpack .../01-libkmod2_28-1_amd64.deb ...
Unpacking libkmod2:amd64 (28-1) ...
Selecting previously unselected package kmod.
Preparing to unpack .../02-kmod_28-1_amd64.deb ...
Unpacking kmod (28-1) ...
Selecting previously unselected package libncurses6:amd64.
Preparing to unpack .../03-libncurses6_6.2+20201114-2_amd64.deb ...
Unpacking libncurses6:amd64 (6.2+20201114-2) ...
Selecting previously unselected package libncursesw6:amd64.
Preparing to unpack .../04-libncursesw6_6.2+20201114-2_amd64.deb ...
Unpacking libncursesw6:amd64 (6.2+20201114-2) ...
Selecting previously unselected package libprocps8:amd64.
Preparing to unpack .../05-libprocps8_2%3a3.3.17-5_amd64.deb ...
Unpacking libprocps8:amd64 (2:3.3.17-5) ...
Selecting previously unselected package procps.
Preparing to unpack .../06-procps_2%3a3.3.17-5_amd64.deb ...
Unpacking procps (2:3.3.17-5) ...
Selecting previously unselected package libpsl5:amd64.
Preparing to unpack .../07-libpsl5_0.21.0-1.2_amd64.deb ...
Unpacking libpsl5:amd64 (0.21.0-1.2) ...
Selecting previously unselected package wget.
Preparing to unpack .../08-wget_1.21-1+b1_amd64.deb ...
Unpacking wget (1.21-1+b1) ...
Selecting previously unselected package openssl.
Preparing to unpack .../09-openssl_1.1.1k-1_amd64.deb ...
Unpacking openssl (1.1.1k-1) ...
Selecting previously unselected package ca-certificates.
Preparing to unpack .../10-ca-certificates_20210119_all.deb ...
Unpacking ca-certificates (20210119) ...
Selecting previously unselected package dialog.
Preparing to unpack .../11-dialog_1.3-20201126-1_amd64.deb ...
Unpacking dialog (1.3-20201126-1) ...
Selecting previously unselected package libgpm2:amd64.
Preparing to unpack .../12-libgpm2_1.20.7-8_amd64.deb ...
Unpacking libgpm2:amd64 (1.20.7-8) ...
Selecting previously unselected package psmisc.
Preparing to unpack .../13-psmisc_23.4-2_amd64.deb ...
Unpacking psmisc (23.4-2) ...
Selecting previously unselected package publicsuffix.
Preparing to unpack .../14-publicsuffix_20210108.1309-1_all.deb ...
Unpacking publicsuffix (20210108.1309-1) ...
Selecting previously unselected package sudo.
Preparing to unpack .../15-sudo_1.9.5p2-3_amd64.deb ...
Unpacking sudo (1.9.5p2-3) ...
Setting up libpsl5:amd64 (0.21.0-1.2) ...
Setting up apt-utils (2.2.4) ...
Setting up libgpm2:amd64 (1.20.7-8) ...
Setting up wget (1.21-1+b1) ...
Setting up psmisc (23.4-2) ...
Setting up libncurses6:amd64 (6.2+20201114-2) ...
Setting up sudo (1.9.5p2-3) ...
invoke-rc.d: could not determine current runlevel
invoke-rc.d: policy-rc.d denied execution of start.
Setting up libncursesw6:amd64 (6.2+20201114-2) ...
Setting up openssl (1.1.1k-1) ...
Setting up publicsuffix (20210108.1309-1) ...
Setting up libprocps8:amd64 (2:3.3.17-5) ...
Setting up libkmod2:amd64 (28-1) ...
Setting up kmod (28-1) ...
Setting up ca-certificates (20210119) ...
debconf: unable to initialize frontend: Dialog
debconf: (TERM is not set, so the dialog frontend is not usable.)
debconf: falling back to frontend: Readline
debconf: unable to initialize frontend: Readline
debconf: (Can't locate Term/ReadLine.pm in @INC (you may need to install the Term::ReadLine module) (@INC contains: /etc/perl /usr/local/lib/x86_64-linux-gnu/perl/5.32.1 /usr/local/share/perl/5.32.1 /usr/lib/x86_64-linux-gnu/perl5/5.32 /usr/share/perl5 /usr/lib/x86_64-linux-gnu/perl-base /usr/lib/x86_64-linux-gnu/perl/5.32 /usr/share/perl/5.32 /usr/local/lib/site_perl) at /usr/share/perl5/Debconf/FrontEnd/Readline.pm line 7.)
debconf: falling back to frontend: Teletype
Updating certificates in /etc/ssl/certs...
129 added, 0 removed; done.
Setting up dialog (1.3-20201126-1) ...
Setting up procps (2:3.3.17-5) ...
Processing triggers for libc-bin (2.31-13) ...
Processing triggers for ca-certificates (20210119) ...
Updating certificates in /etc/ssl/certs...
0 added, 0 removed; done.
Running hooks in /etc/ca-certificates/update.d...
done.
Removing intermediate container 4eaa3224c82d
 ---> 5050c1ed68fa
Step 3/7 : ADD ./installer.sh /
 ---> 8037750d03a9
Step 4/7 : WORKDIR /
 ---> Running in 2dbbf3ac3490
Removing intermediate container 2dbbf3ac3490
 ---> 441c6e28eeaf
Step 5/7 : RUN yes | sudo /installer.sh -D -F
 ---> Running in 23d69c914c66

[0;33m[1mEmbedded Linux Analyzer Installer[0m
[1m=================================================================[0m
[0;32m[1mInstall emba on docker[0m
[0;32m[1mInstall all dependecies[0m

[0;33mCreated ./external[0m

[0;33mUpdate package lists.[0m
Hit:1 http://kali.cs.nctu.edu.tw/kali kali-rolling InRelease
Reading package lists...

To use emba, some applications must be installed and some data (database for CVS for example) downloaded and parsed.

[0;33m[1mThese applications will be installed/updated:[0m

[0;33m[1mtree[0m
Description: displays an indented directory tree, in color
[0;33mtree will be newly installed.[0m

[0;33m[1myara[0m
Description: Pattern matching swiss knife for malware researchers
[0;33myara will be newly installed.[0m

[0;33m[1mshellcheck[0m
Description: lint tool for shell scripts
[0;33mshellcheck will be newly installed.[0m

[0;33m[1mpylint[0m
Description: Python 3 code static checker and UML diagram generator
[0;33mpylint will be newly installed.[0m

[0;33m[1mphp[0m
Description: server-side, HTML-embedded scripting language (default)
[0;33mphp will be newly installed.[0m

[0;33m[1mdevice-tree-compiler[0m
Description: Device Tree Compiler for Flat Device Trees
[0;33mdevice-tree-compiler will be newly installed.[0m

[0;33m[1munzip[0m
Description: De-archiver for .zip files
[0;33munzip will be newly installed.[0m

[0;33m[1mdocker-compose[0m
Description: Punctual, lightweight development environments using Docker
[0;33mdocker-compose will be newly installed.[0m

[0;33m[1mqemu-user-static[0m
Description: QEMU user mode emulation binaries (static version)
[0;33mqemu-user-static will be newly installed.[0m

[0;33m[1mbinwalk[0m
Description: tool library for analyzing binary blobs and executable code
[0;33mbinwalk will be newly installed.[0m

[0;33m[1mbc[0m
Description: GNU bc arbitrary precision calculator language
[0;33mbc will be newly installed.[0m

[0;33m[1mcoreutils[0m
Description: GNU core utilities
[0;33mcoreutils will be updated.[0m

[0;33m[1ment[0m
Description: pseudorandom number sequence test program
[0;33ment will be newly installed.[0m

[0;33m[1mtcllib[0m
Description: Standard Tcl Library
[0;33mtcllib will be newly installed.[0m

[0;33m[1mgit[0m
Description: fast, scalable, distributed revision control system
[0;33mgit will be newly installed.[0m

[0;33m[1mmake[0m
Description: utility for directing compilation
[0;33mmake will be newly installed.[0m

[0;33m[1mlibguestfs-tools[0m
Description: guest disk image management system - tools
[0;33mlibguestfs-tools will be newly installed.[0m

[0;33m[1mmetasploit-framework[0m
Description: Framework for exploit development and vulnerability research
[0;33mmetasploit-framework will be newly installed.[0m

[0;35m[1mThese applications will be installed/updated![0m

Reading package lists...
Building dependency tree...
Reading state information...
coreutils is already the newest version (8.32-4+b1).
The following additional packages will be installed:
  acl adwaita-icon-theme alsa-topology-conf alsa-ucm-conf apache2 apache2-bin
  apache2-data apache2-utils apparmor arch-test arj at-spi2-core attr
  augeas-lenses binfmt-support binutils binutils-common
  binutils-x86-64-linux-gnu blt bsdextrautils btrfs-progs build-essential
  bundler busybox bzip2 cgroupfs-mount containerd cpio cpp cpp-10 cramfsswap
  cron cryptsetup-bin curl db-util db5.3-util dbus dbus-user-session
  dconf-gsettings-backend dconf-service debootstrap dirmngr dmeventd dmidecode
  dmsetup docker.io dosfstools dpkg-dev exfat-fuse exfat-utils exim4-base
  exim4-config exim4-daemon-light extlinux f2fs-tools fakeroot fdisk file
  firmware-linux-free fontconfig fontconfig-config fonts-dejavu-core
  fonts-droid-fallback fonts-lato fonts-lyx fonts-noto-mono fonts-urw-base35
  freeglut3 fuse g++ g++-10 gawk gcc gcc-10 gdisk genisoimage gettext-base
  ghostscript git-man glib-networking glib-networking-common
  glib-networking-services gnupg gnupg-l10n gnupg-utils gpg gpg-agent
  gpg-wks-client gpg-wks-server gpgconf gpgsm groff-base grub-common
  grub2-common gsasl-common gsettings-desktop-schemas gstreamer1.0-libav
  gstreamer1.0-plugins-base gstreamer1.0-plugins-good gstreamer1.0-x
  gtk-update-icon-cache guile-3.0-libs hfsplus hicolor-icon-theme
  i965-va-driver ibverbs-providers icoutils initramfs-tools
  initramfs-tools-core intel-media-va-driver iproute2 iptables ipxe-qemu
  isc-dhcp-client isc-dhcp-common iso-codes javascript-common john john-data
  klibc-utils kpartx ldmtool less libaa1 libaacs0 libafflib0v5 libaio1
  libalgorithm-diff-perl libalgorithm-diff-xs-perl libalgorithm-merge-perl
  libaom0 libapache2-mod-php7.4 libapparmor1 libapr1 libaprutil1
  libaprutil1-dbd-sqlite3 libaprutil1-ldap libargon2-1 libasan6 libasound2
  libasound2-data libass9 libassuan0 libasyncns0 libatk-bridge2.0-0
  libatk1.0-0 libatk1.0-data libatm1 libatomic1 libatspi2.0-0 libaugeas0
  libauthen-sasl-perl libavahi-client3 libavahi-common-data libavahi-common3
  libavc1394-0 libavcodec58 libavfilter7 libavformat58 libavutil56 libbdplus0
  libbfio1 libbinutils libblas3 libbluray2 libbpf0 libbrlapi0.8 libbrotli1
  libbs2b0 libbsd0 libc-dev-bin libc-devtools libc-l10n libc6-dev libcaca0
  libcacard0 libcairo-gobject2 libcairo2 libcap2 libcap2-bin libcapstone4
  libcbor0 libcc1-0 libcdparanoia0 libchromaprint1 libclone-perl libcodec2-0.9
  libcolord2 libconfig9 libcrypt-dev libcryptsetup12 libctf-nobfd0 libctf0
  libcups2 libcurl3-gnutls libcurl4 libdata-dump-perl libdate-manip-perl
  libdatrie1 libdav1d4 libdaxctl1 libdbus-1-3 libdconf1 libdeflate0
  libdevmapper-event1.02.1 libdevmapper1.02.1 libdns-export1110
  libdouble-conversion3 libdpkg-perl libdrm-amdgpu1 libdrm-common
  libdrm-intel1 libdrm-nouveau2 libdrm-radeon1 libdrm2 libdv4 libdw1 libedit2
  libefiboot1 libefivar1 libegl-mesa0 libegl1 libelf1 libencode-locale-perl
  libepoxy0 liberror-perl libevdev2 libevent-2.1-7 libewf2 libexecs0 libexpat1
  libfakeroot libfdisk1 libfdt1 libfftw3-double3 libfido2-1
  libfile-fcntllock-perl libfile-listing-perl libflac8 libflite1
  libfont-afm-perl libfontconfig1 libfreetype6 libfribidi0 libfuse2 libgbm1
  libgc1 libgcc-10-dev libgd3 libgdbm-compat4 libgdbm6 libgdk-pixbuf-2.0-0
  libgdk-pixbuf2.0-bin libgdk-pixbuf2.0-common libgfortran5 libgl1
  libgl1-mesa-dri libglapi-mesa libglib2.0-0 libglib2.0-data libglu1-mesa
  libglvnd0 libglx-mesa0 libglx0 libgme0 libgmp-dev libgmpxx4ldbl
  libgnutls-dane0 libgomp1 libgraphite2-3 libgs9 libgs9-common libgsasl7
  libgsm1 libgstreamer-plugins-base1.0-0 libgstreamer1.0-0 libgtk-3-0
  libgtk-3-bin libgtk-3-common libgudev-1.0-0 libguestfs-hfsplus
  libguestfs-perl libguestfs-reiserfs libguestfs-xfs libguestfs0 libharfbuzz0b
  libhfsp0 libhivex0 libhtml-form-perl libhtml-format-perl libhtml-parser-perl
  libhtml-tagset-perl libhtml-tree-perl libhttp-cookies-perl
  libhttp-daemon-perl libhttp-date-perl libhttp-message-perl
  libhttp-negotiate-perl libibverbs1 libice6 libicu67 libidn11 libiec61883-0
  libigdgmm11 libijs-0.35 libimagequant0 libinih1 libiniparser1 libinput-bin
  libinput10 libintl-perl libintl-xs-perl libio-html-perl
  libio-socket-ssl-perl libip4tc2 libip6tc2 libisc-export1105 libisl23 libitm1
  libjack-jackd2-0 libjansson4 libjbig0 libjbig2dec0 libjpeg62-turbo
  libjs-jquery libjs-jquery-ui libjson-c5 libjson-glib-1.0-0
  libjson-glib-1.0-common libklibc libksba8 liblapack3 liblbfgsb0 liblcms2-2
  libldap-2.4-2 libldap-common libldm-1.0-0 liblilv-0-0 liblinear4 libllvm11
  liblocale-gettext-perl liblsan0 libltdl7 liblua5.3-0 liblvm2cmd2.03
  liblwp-mediatypes-perl liblwp-protocol-https-perl liblzo2-2 libmagic-mgc
  libmagic1 libmailtools-perl libmailutils8 libmariadb3 libmd0 libmd4c0
  libmfx1 libmnl0 libmodule-find-perl libmodule-scandeps-perl libmp3lame0
  libmpc3 libmpdec3 libmpfr6 libmpg123-0 libmtdev1 libmysofa1 libndctl6
  libnet-http-perl libnet-smtp-ssl-perl libnet-ssleay-perl
  libnetfilter-conntrack3 libnetpbm10 libnfnetlink0 libnftables1 libnftnl11
  libnghttp2-14 libnl-3-200 libnl-route-3-200 libnorm1 libnpth0 libnsl-dev
  libnspr4 libnss-systemd libnss3 libntfs-3g883 libntlm0 libnuma1 libogg0
  libopenjp2-7 libopenmpt0 libopus0 liborc-0.4-0 libpam-cap libpam-systemd
  libpango-1.0-0 libpangocairo-1.0-0 libpangoft2-1.0-0 libpaper-utils
  libpaper1 libparted2 libpcap0.8 libpci3 libpciaccess0 libpcre2-16-0
  libpcsclite1 libperl5.32 libpgm-5.3-0 libpipeline1 libpixman-1-0 libpmem1
  libpng16-16 libpocketsphinx3 libpopt0 libpostproc55 libpq5
  libproc-processtable-perl libproxy1v5 libpulse0 libpython3-stdlib
  libpython3.9 libpython3.9-minimal libpython3.9-stdlib libqt5core5a
  libqt5dbus5 libqt5designer5 libqt5gui5 libqt5help5 libqt5network5
  libqt5opengl5 libqt5printsupport5 libqt5sql5 libqt5sql5-sqlite libqt5svg5
  libqt5test5 libqt5widgets5 libqt5xml5 libquadmath0 librabbitmq4
  libraw1394-11 librdmacm1 libreadline8 librest-0.7-0 librsvg2-2
  librsvg2-common librtmp1 librubberband2 libruby2.7 libsamplerate0 libsasl2-2
  libsasl2-modules libsasl2-modules-db libsensors-config libsensors5
  libserd-0-0 libshine3 libshout3 libsigsegv2 libslang2 libslirp0 libsm6
  libsnappy1v5 libsndfile1 libsodium23 libsord-0-0 libsort-naturally-perl
  libsoup-gnome2.4-1 libsoup2.4-1 libsoxr0 libspeex1 libsphinxbase3
  libspice-server1 libsqlite3-0 libsratom-0-0 libsrt1.4-gnutls libssh-gcrypt-4
  libssh2-1 libstdc++-10-dev libstring-shellquote-perl libswresample3
  libswscale5 libsys-virt-perl libtag1v5 libtag1v5-vanilla libtcl8.6
  libterm-readkey-perl libthai-data libthai0 libtheora0 libtiff5
  libtimedate-perl libtirpc-dev libtk8.6 libtry-tiny-perl libtsan0 libtsk19
  libtwolame0 libubsan1 libuchardet0 libudfread0 libunbound8 libunwind8
  liburi-perl liburing1 libusb-1.0-0 libusbredirparser1 libv4l-0
  libv4lconvert0 libva-drm2 libva-x11-2 libva2 libvdeplug2 libvdpau-va-gl1
  libvdpau1 libvhdi1 libvidstab1.1 libvirglrenderer1 libvirt0 libvisual-0.4-0
  libvmdk1 libvorbis0a libvorbisenc2 libvorbisfile3 libvpx6 libvte-2.91-0
  libvte-2.91-common libvulkan1 libwacom-bin libwacom-common libwacom2
  libwavpack1 libwayland-client0 libwayland-cursor0 libwayland-egl1
  libwayland-server0 libwebp6 libwebpdemux2 libwebpmux3 libwin-hivex-perl
  libwrap0 libwww-perl libwww-robotrules-perl libx11-6 libx11-data libx11-xcb1
  libx264-160 libx265-192 libxau6 libxcb-dri2-0 libxcb-dri3-0 libxcb-glx0
  libxcb-icccm4 libxcb-image0 libxcb-keysyms1 libxcb-present0 libxcb-randr0
  libxcb-render-util0 libxcb-render0 libxcb-shape0 libxcb-shm0 libxcb-sync1
  libxcb-util1 libxcb-xfixes0 libxcb-xinerama0 libxcb-xinput0 libxcb-xkb1
  libxcb1 libxcomposite1 libxcursor1 libxdamage1 libxdmcp6 libxencall1
  libxendevicemodel1 libxenevtchn1 libxenforeignmemory1 libxengnttab1
  libxenhypfs1 libxenmisc4.14 libxenstore3.0 libxentoolcore1 libxentoollog1
  libxext6 libxfixes3 libxft2 libxi6 libxinerama1 libxkbcommon-x11-0
  libxkbcommon0 libxml-parser-perl libxml-xpath-perl libxml2 libxmuu1 libxpm4
  libxrandr2 libxrender1 libxshmfence1 libxslt1.1 libxss1 libxtables12
  libxtst6 libxv1 libxvidcore4 libxxf86vm1 libyajl2 libyaml-0-2 libyara4
  libz3-4 libzmq5 libzvbi-common libzvbi0 linux-base
  linux-image-5.10.0-kali9-amd64 linux-image-amd64 linux-libc-dev locales
  logrotate lsscsi lua-lpeg lvm2 lzop mailcap mailutils mailutils-common
  manpages manpages-dev mariadb-common mdadm media-types mesa-va-drivers
  mesa-vdpau-drivers mesa-vulkan-drivers mime-support mtd-utils mtools
  mysql-common nasm ncompress needrestart netbase netpbm nftables nmap
  nmap-common ntfs-3g ocl-icd-libopencl1 openssh-client
  oracle-instantclient-basic os-prober osinfo-db ovmf p7zip p7zip-full parted
  patch pci.ids pciutils perl perl-modules-5.32 perl-openssl-defaults
  php-common php7.4 php7.4-cli php7.4-common php7.4-json php7.4-opcache
  php7.4-readline pigz pinentry-curses pocketsphinx-en-us poppler-data
  postgresql postgresql-13 postgresql-client-13 postgresql-client-common
  postgresql-common pyqt5-dev-tools python-matplotlib-data python3
  python3-astroid python3-attr python3-binwalk python3-cached-property
  python3-certifi python3-chardet python3-cycler python3-dateutil
  python3-decorator python3-distutils python3-docker python3-dockerpty
  python3-docopt python3-idna python3-importlib-metadata python3-isort
  python3-jsonschema python3-kiwisolver python3-lazy-object-proxy
  python3-lib2to3 python3-logilab-common python3-matplotlib python3-mccabe
  python3-minimal python3-more-itertools python3-mypy-extensions python3-numpy
  python3-olefile python3-opengl python3-pil python3-pkg-resources
  python3-pyparsing python3-pyqt5 python3-pyqt5.qtopengl python3-pyqt5.sip
  python3-pyqtgraph python3-pyrsistent python3-requests python3-scipy
  python3-setuptools python3-six python3-texttable python3-tk python3-toml
  python3-typing-extensions python3-urllib3 python3-websocket python3-wrapt
  python3-yaml python3-zipp python3.9 python3.9-minimal qemu-system-common
  qemu-system-data qemu-system-gui qemu-system-x86 qemu-utils
  qt5-gtk-platformtheme qtbase5-dev-tools qtchooser qttranslations5-l10n rake
  readline-common reiserfsprogs ruby ruby-bundler ruby-dev ruby-minitest
  ruby-net-telnet ruby-power-assert ruby-rubygems ruby-test-unit ruby-xmlrpc
  ruby2.7 ruby2.7-dev ruby2.7-doc rubygems-integration runc scrub seabios
  sensible-utils shared-mime-info sleuthkit squashfs-tools ssl-cert supermin
  syslinux syslinux-common sysstat systemd systemd-sysv systemd-timesyncd tcl
  tcl8.6 thin-provisioning-tools tini tk8.6-blt2.5 ttf-bitstream-vera ucf udev
  uuid-runtime va-driver-all vdpau-driver-all virt-p2v x11-common xauth
  xdg-user-dirs xfsprogs xkb-data xz-utils zerofree zip
Suggested packages:
  apache2-doc apache2-suexec-pristine | apache2-suexec-custom www-browser
  apparmor-profiles-extra apparmor-utils augeas-doc binutils-doc blt-demo
  duperemove bzip2-doc containernetworking-plugins libarchive1 cpp-doc
  gcc-10-locales anacron checksecurity ubuntu-archive-keyring
  squid-deb-proxy-client pinentry-gnome3 tor docker-doc aufs-tools rinse
  rootlesskit zfs-fuse | zfsutils-linux debian-keyring exim4-doc-html
  | exim4-doc-info eximon4 spf-tools-perl swaks fonts-noto fonts-freefont-otf
  | fonts-freefont-ttf fonts-texgyre g++-multilib g++-10-multilib gcc-10-doc
  gawk-doc gcc-multilib autoconf automake libtool flex bison gdb gcc-doc
  gcc-10-multilib wodim cdrkit-doc ghostscript-x git-daemon-run
  | git-daemon-sysvinit git-doc git-email git-gui gitk gitweb git-cvs
  git-mediawiki git-svn parcimonie xloadimage scdaemon groff multiboot-doc
  grub-emu xorriso desktop-base console-setup gvfs i965-va-driver-shaders
  libterm-readline-gnu-perl | libterm-readline-perl-perl bash-completion
  iproute2-doc firewalld resolvconf avahi-autoipd isc-dhcp-client-ddns
  isoquery wordlist python php-pear libasound2-plugins alsa-utils augeas-tools
  libdigest-hmac-perl libgssapi-perl libbluray-bdj glibc-doc colord
  cups-common bzr libdv-bin oss-compat libfftw3-bin libfftw3-dev libgd-tools
  gdbm-l10n gmp-doc libgmp10-doc libmpfr-dev dns-root-data
  libvisual-0.4-plugins gstreamer1.0-tools libguestfs-gfs2 libguestfs-jfs
  libguestfs-nilfs libguestfs-rescue libguestfs-rsync libguestfs-zfs jackd2
  libjs-jquery-ui-docs liblcms2-utils liblinear-tools liblinear-dev
  libcrypt-ssleay-perl opus-tools libparted-dev libparted-i18n pcscd
  pulseaudio qt5-image-formats-plugins qtwayland5 libraw1394-doc librsvg2-bin
  libsasl2-modules-gssapi-mit | libsasl2-modules-gssapi-heimdal
  libsasl2-modules-ldap libsasl2-modules-otp libsasl2-modules-sql lm-sensors
  serdi sordi speex gstreamer1.0-plugins-ugly libstdc++-10-doc tk8.6
  libauthen-ntlm-perl linux-doc-5.10 debian-kernel-handbook mailutils-mh
  mailutils-doc make-doc man-browser dracut-core java7-runtime-headless clamav
  clamav-daemon floppyd needrestart-session | libnotify-bin iucode-tool ncat
  ndiff zenmap opencl-icd keychain libpam-ssh monkeysphere ssh-askpass
  p7zip-rar parted-doc ed diffutils-doc perl-doc libtap-harness-archive-perl
  pinentry-doc poppler-utils fonts-japanese-mincho | fonts-ipafont-mincho
  fonts-japanese-gothic | fonts-ipafont-gothic fonts-arphic-ukai
  fonts-arphic-uming fonts-nanum postgresql-doc postgresql-doc-13 libjson-perl
  pylint-doc python3-doc python3-venv python-attr-doc python-cycler-doc
  python-jsonschema-doc dvipng ffmpeg gir1.2-gtk-3.0 inkscape ipython3
  python-matplotlib-doc python3-cairocffi python3-gi python3-gi-cairo
  python3-gobject python3-nose python3-sip python3-tornado texlive-extra-utils
  texlive-latex-extra ttf-staypuft gfortran python-numpy-doc python3-dev
  python3-numpy-dbg python3-pytest libgle3 python-pil-doc python3-pil-dbg
  python-pyparsing-doc python3-pyqt5-dbg python-pyqtgraph-doc
  python3-cryptography python3-openssl python3-socks python-requests-doc
  python-scipy-doc python-setuptools-doc tix python3-tk-dbg python3.9-venv
  python3.9-doc samba vde2 qemu-block-extra readline-doc ri autopsy mac-robber
  isag systemd-container policykit-1 tcl-tclreadline tcllib-critcl
  nvidia-vdpau-driver nvidia-tesla-440-vdpau-driver
  nvidia-tesla-418-vdpau-driver nvidia-legacy-390xx-vdpau-driver
  nvidia-legacy-340xx-vdpau-driver xfsdump quota
Recommended packages:
  criu
The following NEW packages will be installed:
  acl adwaita-icon-theme alsa-topology-conf alsa-ucm-conf apache2 apache2-bin
  apache2-data apache2-utils apparmor arch-test arj at-spi2-core attr
  augeas-lenses bc binfmt-support binutils binutils-common
  binutils-x86-64-linux-gnu binwalk blt bsdextrautils btrfs-progs
  build-essential bundler busybox bzip2 cgroupfs-mount containerd cpio cpp
  cpp-10 cramfsswap cron cryptsetup-bin curl db-util db5.3-util dbus
  dbus-user-session dconf-gsettings-backend dconf-service debootstrap
  device-tree-compiler dirmngr dmeventd dmidecode dmsetup docker-compose
  docker.io dosfstools dpkg-dev ent exfat-fuse exfat-utils exim4-base
  exim4-config exim4-daemon-light extlinux f2fs-tools fakeroot fdisk file
  firmware-linux-free fontconfig fontconfig-config fonts-dejavu-core
  fonts-droid-fallback fonts-lato fonts-lyx fonts-noto-mono fonts-urw-base35
  freeglut3 fuse g++ g++-10 gawk gcc gcc-10 gdisk genisoimage gettext-base
  ghostscript git git-man glib-networking glib-networking-common
  glib-networking-services gnupg gnupg-l10n gnupg-utils gpg gpg-agent
  gpg-wks-client gpg-wks-server gpgconf gpgsm groff-base grub-common
  grub2-common gsasl-common gsettings-desktop-schemas gstreamer1.0-libav
  gstreamer1.0-plugins-base gstreamer1.0-plugins-good gstreamer1.0-x
  gtk-update-icon-cache guile-3.0-libs hfsplus hicolor-icon-theme
  i965-va-driver ibverbs-providers icoutils initramfs-tools
  initramfs-tools-core intel-media-va-driver iproute2 iptables ipxe-qemu
  isc-dhcp-client isc-dhcp-common iso-codes javascript-common john john-data
  klibc-utils kpartx ldmtool less libaa1 libaacs0 libafflib0v5 libaio1
  libalgorithm-diff-perl libalgorithm-diff-xs-perl libalgorithm-merge-perl
  libaom0 libapache2-mod-php7.4 libapparmor1 libapr1 libaprutil1
  libaprutil1-dbd-sqlite3 libaprutil1-ldap libargon2-1 libasan6 libasound2
  libasound2-data libass9 libassuan0 libasyncns0 libatk-bridge2.0-0
  libatk1.0-0 libatk1.0-data libatm1 libatomic1 libatspi2.0-0 libaugeas0
  libauthen-sasl-perl libavahi-client3 libavahi-common-data libavahi-common3
  libavc1394-0 libavcodec58 libavfilter7 libavformat58 libavutil56 libbdplus0
  libbfio1 libbinutils libblas3 libbluray2 libbpf0 libbrlapi0.8 libbrotli1
  libbs2b0 libbsd0 libc-dev-bin libc-devtools libc-l10n libc6-dev libcaca0
  libcacard0 libcairo-gobject2 libcairo2 libcap2 libcap2-bin libcapstone4
  libcbor0 libcc1-0 libcdparanoia0 libchromaprint1 libclone-perl libcodec2-0.9
  libcolord2 libconfig9 libcrypt-dev libcryptsetup12 libctf-nobfd0 libctf0
  libcups2 libcurl3-gnutls libcurl4 libdata-dump-perl libdate-manip-perl
  libdatrie1 libdav1d4 libdaxctl1 libdbus-1-3 libdconf1 libdeflate0
  libdevmapper-event1.02.1 libdevmapper1.02.1 libdns-export1110
  libdouble-conversion3 libdpkg-perl libdrm-amdgpu1 libdrm-common
  libdrm-intel1 libdrm-nouveau2 libdrm-radeon1 libdrm2 libdv4 libdw1 libedit2
  libefiboot1 libefivar1 libegl-mesa0 libegl1 libelf1 libencode-locale-perl
  libepoxy0 liberror-perl libevdev2 libevent-2.1-7 libewf2 libexecs0 libexpat1
  libfakeroot libfdisk1 libfdt1 libfftw3-double3 libfido2-1
  libfile-fcntllock-perl libfile-listing-perl libflac8 libflite1
  libfont-afm-perl libfontconfig1 libfreetype6 libfribidi0 libfuse2 libgbm1
  libgc1 libgcc-10-dev libgd3 libgdbm-compat4 libgdbm6 libgdk-pixbuf-2.0-0
  libgdk-pixbuf2.0-bin libgdk-pixbuf2.0-common libgfortran5 libgl1
  libgl1-mesa-dri libglapi-mesa libglib2.0-0 libglib2.0-data libglu1-mesa
  libglvnd0 libglx-mesa0 libglx0 libgme0 libgmp-dev libgmpxx4ldbl
  libgnutls-dane0 libgomp1 libgraphite2-3 libgs9 libgs9-common libgsasl7
  libgsm1 libgstreamer-plugins-base1.0-0 libgstreamer1.0-0 libgtk-3-0
  libgtk-3-bin libgtk-3-common libgudev-1.0-0 libguestfs-hfsplus
  libguestfs-perl libguestfs-reiserfs libguestfs-tools libguestfs-xfs
  libguestfs0 libharfbuzz0b libhfsp0 libhivex0 libhtml-form-perl
  libhtml-format-perl libhtml-parser-perl libhtml-tagset-perl
  libhtml-tree-perl libhttp-cookies-perl libhttp-daemon-perl libhttp-date-perl
  libhttp-message-perl libhttp-negotiate-perl libibverbs1 libice6 libicu67
  libidn11 libiec61883-0 libigdgmm11 libijs-0.35 libimagequant0 libinih1
  libiniparser1 libinput-bin libinput10 libintl-perl libintl-xs-perl
  libio-html-perl libio-socket-ssl-perl libip4tc2 libip6tc2 libisc-export1105
  libisl23 libitm1 libjack-jackd2-0 libjansson4 libjbig0 libjbig2dec0
  libjpeg62-turbo libjs-jquery libjs-jquery-ui libjson-c5 libjson-glib-1.0-0
  libjson-glib-1.0-common libklibc libksba8 liblapack3 liblbfgsb0 liblcms2-2
  libldap-2.4-2 libldap-common libldm-1.0-0 liblilv-0-0 liblinear4 libllvm11
  liblocale-gettext-perl liblsan0 libltdl7 liblua5.3-0 liblvm2cmd2.03
  liblwp-mediatypes-perl liblwp-protocol-https-perl liblzo2-2 libmagic-mgc
  libmagic1 libmailtools-perl libmailutils8 libmariadb3 libmd0 libmd4c0
  libmfx1 libmnl0 libmodule-find-perl libmodule-scandeps-perl libmp3lame0
  libmpc3 libmpdec3 libmpfr6 libmpg123-0 libmtdev1 libmysofa1 libndctl6
  libnet-http-perl libnet-smtp-ssl-perl libnet-ssleay-perl
  libnetfilter-conntrack3 libnetpbm10 libnfnetlink0 libnftables1 libnftnl11
  libnghttp2-14 libnl-3-200 libnl-route-3-200 libnorm1 libnpth0 libnsl-dev
  libnspr4 libnss-systemd libnss3 libntfs-3g883 libntlm0 libnuma1 libogg0
  libopenjp2-7 libopenmpt0 libopus0 liborc-0.4-0 libpam-cap libpam-systemd
  libpango-1.0-0 libpangocairo-1.0-0 libpangoft2-1.0-0 libpaper-utils
  libpaper1 libparted2 libpcap0.8 libpci3 libpciaccess0 libpcre2-16-0
  libpcsclite1 libperl5.32 libpgm-5.3-0 libpipeline1 libpixman-1-0 libpmem1
  libpng16-16 libpocketsphinx3 libpopt0 libpostproc55 libpq5
  libproc-processtable-perl libproxy1v5 libpulse0 libpython3-stdlib
  libpython3.9 libpython3.9-minimal libpython3.9-stdlib libqt5core5a
  libqt5dbus5 libqt5designer5 libqt5gui5 libqt5help5 libqt5network5
  libqt5opengl5 libqt5printsupport5 libqt5sql5 libqt5sql5-sqlite libqt5svg5
  libqt5test5 libqt5widgets5 libqt5xml5 libquadmath0 librabbitmq4
  libraw1394-11 librdmacm1 libreadline8 librest-0.7-0 librsvg2-2
  librsvg2-common librtmp1 librubberband2 libruby2.7 libsamplerate0 libsasl2-2
  libsasl2-modules libsasl2-modules-db libsensors-config libsensors5
  libserd-0-0 libshine3 libshout3 libsigsegv2 libslang2 libslirp0 libsm6
  libsnappy1v5 libsndfile1 libsodium23 libsord-0-0 libsort-naturally-perl
  libsoup-gnome2.4-1 libsoup2.4-1 libsoxr0 libspeex1 libsphinxbase3
  libspice-server1 libsqlite3-0 libsratom-0-0 libsrt1.4-gnutls libssh-gcrypt-4
  libssh2-1 libstdc++-10-dev libstring-shellquote-perl libswresample3
  libswscale5 libsys-virt-perl libtag1v5 libtag1v5-vanilla libtcl8.6
  libterm-readkey-perl libthai-data libthai0 libtheora0 libtiff5
  libtimedate-perl libtirpc-dev libtk8.6 libtry-tiny-perl libtsan0 libtsk19
  libtwolame0 libubsan1 libuchardet0 libudfread0 libunbound8 libunwind8
  liburi-perl liburing1 libusb-1.0-0 libusbredirparser1 libv4l-0
  libv4lconvert0 libva-drm2 libva-x11-2 libva2 libvdeplug2 libvdpau-va-gl1
  libvdpau1 libvhdi1 libvidstab1.1 libvirglrenderer1 libvirt0 libvisual-0.4-0
  libvmdk1 libvorbis0a libvorbisenc2 libvorbisfile3 libvpx6 libvte-2.91-0
  libvte-2.91-common libvulkan1 libwacom-bin libwacom-common libwacom2
  libwavpack1 libwayland-client0 libwayland-cursor0 libwayland-egl1
  libwayland-server0 libwebp6 libwebpdemux2 libwebpmux3 libwin-hivex-perl
  libwrap0 libwww-perl libwww-robotrules-perl libx11-6 libx11-data libx11-xcb1
  libx264-160 libx265-192 libxau6 libxcb-dri2-0 libxcb-dri3-0 libxcb-glx0
  libxcb-icccm4 libxcb-image0 libxcb-keysyms1 libxcb-present0 libxcb-randr0
  libxcb-render-util0 libxcb-render0 libxcb-shape0 libxcb-shm0 libxcb-sync1
  libxcb-util1 libxcb-xfixes0 libxcb-xinerama0 libxcb-xinput0 libxcb-xkb1
  libxcb1 libxcomposite1 libxcursor1 libxdamage1 libxdmcp6 libxencall1
  libxendevicemodel1 libxenevtchn1 libxenforeignmemory1 libxengnttab1
  libxenhypfs1 libxenmisc4.14 libxenstore3.0 libxentoolcore1 libxentoollog1
  libxext6 libxfixes3 libxft2 libxi6 libxinerama1 libxkbcommon-x11-0
  libxkbcommon0 libxml-parser-perl libxml-xpath-perl libxml2 libxmuu1 libxpm4
  libxrandr2 libxrender1 libxshmfence1 libxslt1.1 libxss1 libxtables12
  libxtst6 libxv1 libxvidcore4 libxxf86vm1 libyajl2 libyaml-0-2 libyara4
  libz3-4 libzmq5 libzvbi-common libzvbi0 linux-base
  linux-image-5.10.0-kali9-amd64 linux-image-amd64 linux-libc-dev locales
  logrotate lsscsi lua-lpeg lvm2 lzop mailcap mailutils mailutils-common make
  manpages manpages-dev mariadb-common mdadm media-types mesa-va-drivers
  mesa-vdpau-drivers mesa-vulkan-drivers metasploit-framework mime-support
  mtd-utils mtools mysql-common nasm ncompress needrestart netbase netpbm
  nftables nmap nmap-common ntfs-3g ocl-icd-libopencl1 openssh-client
  oracle-instantclient-basic os-prober osinfo-db ovmf p7zip p7zip-full parted
  patch pci.ids pciutils perl perl-modules-5.32 perl-openssl-defaults php
  php-common php7.4 php7.4-cli php7.4-common php7.4-json php7.4-opcache
  php7.4-readline pigz pinentry-curses pocketsphinx-en-us poppler-data
  postgresql postgresql-13 postgresql-client-13 postgresql-client-common
  postgresql-common pylint pyqt5-dev-tools python-matplotlib-data python3
  python3-astroid python3-attr python3-binwalk python3-cached-property
  python3-certifi python3-chardet python3-cycler python3-dateutil
  python3-decorator python3-distutils python3-docker python3-dockerpty
  python3-docopt python3-idna python3-importlib-metadata python3-isort
  python3-jsonschema python3-kiwisolver python3-lazy-object-proxy
  python3-lib2to3 python3-logilab-common python3-matplotlib python3-mccabe
  python3-minimal python3-more-itertools python3-mypy-extensions python3-numpy
  python3-olefile python3-opengl python3-pil python3-pkg-resources
  python3-pyparsing python3-pyqt5 python3-pyqt5.qtopengl python3-pyqt5.sip
  python3-pyqtgraph python3-pyrsistent python3-requests python3-scipy
  python3-setuptools python3-six python3-texttable python3-tk python3-toml
  python3-typing-extensions python3-urllib3 python3-websocket python3-wrapt
  python3-yaml python3-zipp python3.9 python3.9-minimal qemu-system-common
  qemu-system-data qemu-system-gui qemu-system-x86 qemu-user-static qemu-utils
  qt5-gtk-platformtheme qtbase5-dev-tools qtchooser qttranslations5-l10n rake
  readline-common reiserfsprogs ruby ruby-bundler ruby-dev ruby-minitest
  ruby-net-telnet ruby-power-assert ruby-rubygems ruby-test-unit ruby-xmlrpc
  ruby2.7 ruby2.7-dev ruby2.7-doc rubygems-integration runc scrub seabios
  sensible-utils shared-mime-info shellcheck sleuthkit squashfs-tools ssl-cert
  supermin syslinux syslinux-common sysstat systemd systemd-sysv
  systemd-timesyncd tcl tcl8.6 tcllib thin-provisioning-tools tini
  tk8.6-blt2.5 tree ttf-bitstream-vera ucf udev unzip uuid-runtime
  va-driver-all vdpau-driver-all virt-p2v x11-common xauth xdg-user-dirs
  xfsprogs xkb-data xz-utils yara zerofree zip
0 upgraded, 806 newly installed, 0 to remove and 0 not upgraded.
Need to get 880 MB of archives.
After this operation, 3533 MB of additional disk space will be used.
Get:1 http://kali.cs.nctu.edu.tw/kali kali-rolling/main amd64 sensible-utils all 0.0.14 [14.8 kB]
Get:2 http://kali.cs.nctu.edu.tw/kali kali-rolling/main amd64 cron amd64 3.0pl1-137 [99.6 kB]
Get:3 http://kali.cs.nctu.edu.tw/kali kali-rolling/main amd64 libjansson4 amd64 2.13.1-1.1 [39.7 kB]
Get:4 http://kali.cs.nctu.edu.tw/kali kali-rolling/main amd64 libmnl0 amd64 1.0.4-3 [12.5 kB]
Get:5 http://kali.cs.nctu.edu.tw/kali kali-rolling/main amd64 libnftnl11 amd64 1.1.9-1 [63.7 kB]
Get:6 http://kali.cs.nctu.edu.tw/kali kali-rolling/main amd64 libxtables12 amd64 1.8.7-1 [45.1 kB]
Get:7 http://kali.cs.nctu.edu.tw/kali kali-rolling/main amd64 libnftables1 amd64 0.9.8-3.1 [261 kB]
Get:8 http://kali.cs.nctu.edu.tw/kali kali-rolling/main amd64 libmd0 amd64 1.0.3-3 [28.0 kB]
Get:9 http://kali.cs.nctu.edu.tw/kali kali-rolling/main amd64 libbsd0 amd64 0.11.3-1 [108 kB]
Get:10 http://http.kali.org/kali kali-rolling/main amd64 libedit2 amd64 3.1-20191231-2+b1 [96.7 kB]
Get:11 http://kali.cs.nctu.edu.tw/kali kali-rolling/main amd64 nftables amd64 0.9.8-3.1 [68.5 kB]
Get:12 http://kali.cs.nctu.edu.tw/kali kali-rolling/main amd64 libapparmor1 amd64 2.13.6-10 [99.3 kB]
Get:13 http://kali.cs.nctu.edu.tw/kali kali-rolling/main amd64 libcap2 amd64 1:2.44-1 [23.6 kB]
Get:14 http://http.kali.org/kali kali-rolling/main amd64 libargon2-1 amd64 0~20171227-0.2 [19.6 kB]
Get:15 http://kali.cs.nctu.edu.tw/kali kali-rolling/main amd64 dmsetup amd64 2:1.02.175-2.1 [92.1 kB]
Get:16 http://kali.cs.nctu.edu.tw/kali kali-rolling/main amd64 libdevmapper1.02.1 amd64 2:1.02.175-2.1 [143 kB]
Get:17 http://kali.cs.nctu.edu.tw/kali kali-rolling/main amd64 libjson-c5 amd64 0.15-2 [42.8 kB]
Get:18 http://kali.cs.nctu.edu.tw/kali kali-rolling/main amd64 libcryptsetup12 amd64 2:2.3.5-1 [244 kB]
Get:19 http://kali.cs.nctu.edu.tw/kali kali-rolling/main amd64 libip4tc2 amd64 1.8.7-1 [34.6 kB]
Get:20 http://kali.cs.nctu.edu.tw/kali kali-rolling/main amd64 systemd-timesyncd amd64 247.3-6 [131 kB]
Get:21 http://kali.cs.nctu.edu.tw/kali kali-rolling/main amd64 systemd amd64 247.3-6 [4495 kB]
Get:22 http://kali.cs.nctu.edu.tw/kali kali-rolling/main amd64 systemd-sysv amd64 247.3-6 [113 kB]
Get:23 http://kali.cs.nctu.edu.tw/kali kali-rolling/main amd64 libdbus-1-3 amd64 1.12.20-2 [219 kB]
Get:24 http://kali.cs.nctu.edu.tw/kali kali-rolling/main amd64 libexpat1 amd64 2.2.10-2 [96.9 kB]
Get:25 http://kali.cs.nctu.edu.tw/kali kali-rolling/main amd64 dbus amd64 1.12.20-2 [239 kB]
Get:26 http://http.kali.org/kali kali-rolling/main amd64 perl-modules-5.32 all 5.32.1-4+deb11u1 [2823 kB]
Get:27 http://kali.cs.nctu.edu.tw/kali kali-rolling/main amd64 libgdbm6 amd64 1.19-2 [64.9 kB]
Get:28 http://kali.cs.nctu.edu.tw/kali kali-rolling/main amd64 libgdbm-compat4 amd64 1.19-2 [44.7 kB]
Get:29 http://http.kali.org/kali kali-rolling/main amd64 libperl5.32 amd64 5.32.1-4+deb11u1 [4098 kB]
Get:30 http://http.kali.org/kali kali-rolling/main amd64 perl amd64 5.32.1-4+deb11u1 [293 kB]
Get:31 http://kali.cs.nctu.edu.tw/kali kali-rolling/main amd64 libapr1 amd64 1.7.0-6 [105 kB]
Get:32 http://kali.cs.nctu.edu.tw/kali kali-rolling/main amd64 libaprutil1 amd64 1.6.1-5 [92.1 kB]
Get:33 http://kali.cs.nctu.edu.tw/kali kali-rolling/main amd64 libsqlite3-0 amd64 3.34.1-3 [797 kB]
Get:34 http://kali.cs.nctu.edu.tw/kali kali-rolling/main amd64 libaprutil1-dbd-sqlite3 amd64 1.6.1-5 [18.8 kB]
Get:35 http://http.kali.org/kali kali-rolling/main amd64 libsasl2-modules-db amd64 2.1.27+dfsg-2.1 [69.1 kB]
Get:36 http://http.kali.org/kali kali-rolling/main amd64 libsasl2-2 amd64 2.1.27+dfsg-2.1 [106 kB]
Get:37 http://http.kali.org/kali kali-rolling/main amd64 libldap-2.4-2 amd64 2.4.57+dfsg-3 [232 kB]
Get:38 http://kali.cs.nctu.edu.tw/kali kali-rolling/main amd64 libaprutil1-ldap amd64 1.6.1-5 [17.0 kB]
Get:39 http://http.kali.org/kali kali-rolling/main amd64 libbrotli1 amd64 1.0.9-2+b2 [279 kB]
Get:40 http://kali.cs.nctu.edu.tw/kali kali-rolling/main amd64 libnghttp2-14 amd64 1.43.0-1 [77.1 kB]
Get:41 http://http.kali.org/kali kali-rolling/main amd64 librtmp1 amd64 2.4+20151223.gitfa8646d.1-2+b2 [60.8 kB]
Get:42 http://kali.cs.nctu.edu.tw/kali kali-rolling/main amd64 libssh2-1 amd64 1.9.0-3 [169 kB]
Get:43 http://http.kali.org/kali kali-rolling/main amd64 libcurl4 amd64 7.74.0-1.3+b1 [341 kB]
Get:44 http://http.kali.org/kali kali-rolling/main amd64 liblua5.3-0 amd64 5.3.3-1.1+b1 [120 kB]
Get:45 http://kali.cs.nctu.edu.tw/kali kali-rolling/main amd64 libicu67 amd64 67.1-7 [8622 kB]
Get:46 http://http.kali.org/kali kali-rolling/main amd64 libxml2 amd64 2.9.10+dfsg-6.7 [693 kB]
Get:47 http://kali.cs.nctu.edu.tw/kali kali-rolling/main amd64 apache2-bin amd64 2.4.48-4 [1392 kB]
Get:48 http://kali.cs.nctu.edu.tw/kali kali-rolling/main amd64 apache2-data all 2.4.48-4 [160 kB]
Get:49 http://kali.cs.nctu.edu.tw/kali kali-rolling/main amd64 apache2-utils amd64 2.4.48-4 [252 kB]
Get:50 http://kali.cs.nctu.edu.tw/kali kali-rolling/main amd64 media-types all 4.0.0 [30.3 kB]
Get:51 http://kali.cs.nctu.edu.tw/kali kali-rolling/main amd64 mailcap all 3.69 [31.7 kB]
Get:52 http://kali.cs.nctu.edu.tw/kali kali-rolling/main amd64 mime-support all 3.66 [10.9 kB]
Get:53 http://kali.cs.nctu.edu.tw/kali kali-rolling/main amd64 apache2 amd64 2.4.48-4 [266 kB]
Get:54 http://kali.cs.nctu.edu.tw/kali kali-rolling/main amd64 bsdextrautils amd64 2.36.1-8 [145 kB]
Get:55 http://http.kali.org/kali kali-rolling/main amd64 runc amd64 1.0.0~rc93+ds1-5+b2 [2426 kB]
Get:56 http://http.kali.org/kali kali-rolling/main amd64 containerd amd64 1.4.5~ds1-2 [20.8 MB]
Get:57 http://kali.cs.nctu.edu.tw/kali kali-rolling/main amd64 libip6tc2 amd64 1.8.7-1 [35.0 kB]
Get:58 http://kali.cs.nctu.edu.tw/kali kali-rolling/main amd64 netbase all 6.3 [19.9 kB]
Get:59 http://http.kali.org/kali kali-rolling/main amd64 libnfnetlink0 amd64 1.0.1-3+b1 [13.9 kB]
Get:60 http://kali.cs.nctu.edu.tw/kali kali-rolling/main amd64 libnetfilter-conntrack3 amd64 1.0.8-3 [40.6 kB]
Get:61 http://kali.cs.nctu.edu.tw/kali kali-rolling/main amd64 iptables amd64 1.8.7-1 [382 kB]
Get:62 http://kali.cs.nctu.edu.tw/kali kali-rolling/main amd64 tini amd64 0.19.0-1 [255 kB]
Get:63 http://http.kali.org/kali kali-rolling/main amd64 docker.io amd64 20.10.5+dfsg1-1+b5 [36.8 MB]
Get:64 http://kali.cs.nctu.edu.tw/kali kali-rolling/main amd64 fonts-droid-fallback all 1:6.0.1r16-1.1 [1807 kB]
Get:65 http://kali.cs.nctu.edu.tw/kali kali-rolling/main amd64 fonts-lato all 2.0-2.1 [2696 kB]
Get:66 http://kali.cs.nctu.edu.tw/kali kali-rolling/main amd64 libmpfr6 amd64 4.1.0-3 [2012 kB]
Get:67 http://kali.cs.nctu.edu.tw/kali kali-rolling/main amd64 readline-common all 8.1-2 [73.8 kB]
Get:68 http://kali.cs.nctu.edu.tw/kali kali-rolling/main amd64 libreadline8 amd64 8.1-2 [168 kB]
Get:69 http://kali.cs.nctu.edu.tw/kali kali-rolling/main amd64 libsigsegv2 amd64 2.13-1 [34.8 kB]
Get:70 http://kali.cs.nctu.edu.tw/kali kali-rolling/main amd64 gawk amd64 1:5.1.0-1 [605 kB]
Get:71 http://http.kali.org/kali kali-rolling/main amd64 liblocale-gettext-perl amd64 1.07-4+b1 [19.0 kB]
Get:72 http://kali.cs.nctu.edu.tw/kali kali-rolling/main amd64 libglib2.0-0 amd64 2.66.8-1 [1370 kB]
Get:73 http://kali.cs.nctu.edu.tw/kali kali-rolling/main amd64 shared-mime-info amd64 2.0-1 [701 kB]
Get:74 http://kali.cs.nctu.edu.tw/kali kali-rolling/main amd64 libdouble-conversion3 amd64 3.1.5-6.1 [41.0 kB]
Get:75 http://kali.cs.nctu.edu.tw/kali kali-rolling/main amd64 libpcre2-16-0 amd64 10.36-2 [231 kB]
Get:76 http://http.kali.org/kali kali-rolling/main amd64 libqt5core5a amd64 5.15.2+dfsg-9 [1822 kB]
Get:77 http://kali.cs.nctu.edu.tw/kali kali-rolling/main amd64 libpng16-16 amd64 1.6.37-3 [294 kB]
Get:78 http://http.kali.org/kali kali-rolling/main amd64 libfreetype6 amd64 2.10.4+dfsg-1 [418 kB]
Get:79 http://kali.cs.nctu.edu.tw/kali kali-rolling/main amd64 ucf all 3.0043 [74.0 kB]
Get:80 http://kali.cs.nctu.edu.tw/kali kali-rolling/main amd64 fonts-dejavu-core all 2.37-2 [1069 kB]
Get:81 http://kali.cs.nctu.edu.tw/kali kali-rolling/main amd64 ttf-bitstream-vera all 1.10-8.1 [223 kB]
Get:82 http://kali.cs.nctu.edu.tw/kali kali-rolling/main amd64 fonts-urw-base35 all 20200910-1 [6367 kB]
Get:83 http://kali.cs.nctu.edu.tw/kali kali-rolling/main amd64 fontconfig-config all 2.13.1-4.2 [281 kB]
Get:84 http://kali.cs.nctu.edu.tw/kali kali-rolling/main amd64 libfontconfig1 amd64 2.13.1-4.2 [347 kB]
Get:85 http://kali.cs.nctu.edu.tw/kali kali-rolling/main amd64 fontconfig amd64 2.13.1-4.2 [417 kB]
Get:86 http://kali.cs.nctu.edu.tw/kali kali-rolling/main amd64 libdrm-common all 2.4.104-1 [14.9 kB]
Get:87 http://kali.cs.nctu.edu.tw/kali kali-rolling/main amd64 libdrm2 amd64 2.4.104-1 [41.5 kB]
Get:88 http://kali.cs.nctu.edu.tw/kali kali-rolling/main amd64 libglvnd0 amd64 1.3.2-1 [53.6 kB]
Get:89 http://kali.cs.nctu.edu.tw/kali kali-rolling/main amd64 libwayland-server0 amd64 1.19.0-2 [34.5 kB]
Get:90 http://kali.cs.nctu.edu.tw/kali kali-rolling/main amd64 libgbm1 amd64 20.3.5-1 [73.5 kB]
Get:91 http://kali.cs.nctu.edu.tw/kali kali-rolling/main amd64 libglapi-mesa amd64 20.3.5-1 [71.7 kB]
Get:92 http://kali.cs.nctu.edu.tw/kali kali-rolling/main amd64 libwayland-client0 amd64 1.19.0-2 [27.0 kB]
Get:93 http://kali.cs.nctu.edu.tw/kali kali-rolling/main amd64 libxau6 amd64 1:1.0.9-1 [19.7 kB]
Get:94 http://kali.cs.nctu.edu.tw/kali kali-rolling/main amd64 libxdmcp6 amd64 1:1.1.2-3 [26.3 kB]
Get:95 http://kali.cs.nctu.edu.tw/kali kali-rolling/main amd64 libxcb1 amd64 1.14-3 [140 kB]
Get:96 http://kali.cs.nctu.edu.tw/kali kali-rolling/main amd64 libx11-data all 2:1.7.2-1 [311 kB]
Get:97 http://kali.cs.nctu.edu.tw/kali kali-rolling/main amd64 libx11-6 amd64 2:1.7.2-1 [772 kB]
Get:98 http://kali.cs.nctu.edu.tw/kali kali-rolling/main amd64 libx11-xcb1 amd64 2:1.7.2-1 [203 kB]
Get:99 http://kali.cs.nctu.edu.tw/kali kali-rolling/main amd64 libxcb-dri2-0 amd64 1.14-3 [103 kB]
Get:100 http://kali.cs.nctu.edu.tw/kali kali-rolling/main amd64 libxcb-dri3-0 amd64 1.14-3 [102 kB]
Get:101 http://kali.cs.nctu.edu.tw/kali kali-rolling/main amd64 libxcb-present0 amd64 1.14-3 [101 kB]
Get:102 http://kali.cs.nctu.edu.tw/kali kali-rolling/main amd64 libxcb-sync1 amd64 1.14-3 [105 kB]
Get:103 http://kali.cs.nctu.edu.tw/kali kali-rolling/main amd64 libxcb-xfixes0 amd64 1.14-3 [105 kB]
Get:104 http://kali.cs.nctu.edu.tw/kali kali-rolling/main amd64 libxshmfence1 amd64 1.3-1 [8820 B]
Get:105 http://kali.cs.nctu.edu.tw/kali kali-rolling/main amd64 libegl-mesa0 amd64 20.3.5-1 [141 kB]
Get:106 http://kali.cs.nctu.edu.tw/kali kali-rolling/main amd64 libegl1 amd64 1.3.2-1 [34.8 kB]
Get:107 http://kali.cs.nctu.edu.tw/kali kali-rolling/main amd64 libxcb-glx0 amd64 1.14-3 [118 kB]
Get:108 http://kali.cs.nctu.edu.tw/kali kali-rolling/main amd64 libxcb-shm0 amd64 1.14-3 [101 kB]
Get:109 http://kali.cs.nctu.edu.tw/kali kali-rolling/main amd64 libxdamage1 amd64 1:1.1.5-2 [15.7 kB]
Get:110 http://kali.cs.nctu.edu.tw/kali kali-rolling/main amd64 libxext6 amd64 2:1.3.3-1.1 [52.7 kB]
Get:111 http://kali.cs.nctu.edu.tw/kali kali-rolling/main amd64 libxfixes3 amd64 1:5.0.3-2 [22.1 kB]
Get:112 http://http.kali.org/kali kali-rolling/main amd64 libxxf86vm1 amd64 1:1.1.4-1+b2 [20.8 kB]
Get:113 http://kali.cs.nctu.edu.tw/kali kali-rolling/main amd64 libdrm-amdgpu1 amd64 2.4.104-1 [28.5 kB]
Get:114 http://kali.cs.nctu.edu.tw/kali kali-rolling/main amd64 libpciaccess0 amd64 0.16-1 [53.6 kB]
Get:115 http://kali.cs.nctu.edu.tw/kali kali-rolling/main amd64 libdrm-intel1 amd64 2.4.104-1 [71.8 kB]
Get:116 http://kali.cs.nctu.edu.tw/kali kali-rolling/main amd64 libdrm-nouveau2 amd64 2.4.104-1 [26.8 kB]
Get:117 http://kali.cs.nctu.edu.tw/kali kali-rolling/main amd64 libdrm-radeon1 amd64 2.4.104-1 [30.2 kB]
Get:118 http://kali.cs.nctu.edu.tw/kali kali-rolling/main amd64 libelf1 amd64 0.183-1 [165 kB]
Get:119 http://kali.cs.nctu.edu.tw/kali kali-rolling/main amd64 libz3-4 amd64 4.8.10-1 [6949 kB]
Get:120 http://kali.cs.nctu.edu.tw/kali kali-rolling/main amd64 libllvm11 amd64 1:11.0.1-2 [17.9 MB]
Get:121 http://kali.cs.nctu.edu.tw/kali kali-rolling/main amd64 libsensors-config all 1:3.6.0-7 [32.3 kB]
Get:122 http://kali.cs.nctu.edu.tw/kali kali-rolling/main amd64 libsensors5 amd64 1:3.6.0-7 [52.3 kB]
Get:123 http://kali.cs.nctu.edu.tw/kali kali-rolling/main amd64 libvulkan1 amd64 1.2.162.0-1 [103 kB]
Get:124 http://kali.cs.nctu.edu.tw/kali kali-rolling/main amd64 libgl1-mesa-dri amd64 20.3.5-1 [9633 kB]
Get:125 http://kali.cs.nctu.edu.tw/kali kali-rolling/main amd64 libglx-mesa0 amd64 20.3.5-1 [186 kB]
Get:126 http://kali.cs.nctu.edu.tw/kali kali-rolling/main amd64 libglx0 amd64 1.3.2-1 [35.7 kB]
Get:127 http://kali.cs.nctu.edu.tw/kali kali-rolling/main amd64 libgl1 amd64 1.3.2-1 [89.5 kB]
Get:128 http://kali.cs.nctu.edu.tw/kali kali-rolling/main amd64 libgraphite2-3 amd64 1.3.14-1 [81.2 kB]
Get:129 http://kali.cs.nctu.edu.tw/kali kali-rolling/main amd64 libharfbuzz0b amd64 2.7.4-1 [1471 kB]
Get:130 http://http.kali.org/kali kali-rolling/main amd64 x11-common all 1:7.7+22 [252 kB]
Get:131 http://kali.cs.nctu.edu.tw/kali kali-rolling/main amd64 libice6 amd64 2:1.0.10-1 [58.5 kB]
Get:132 http://http.kali.org/kali kali-rolling/main amd64 libevdev2 amd64 1.11.0+dfsg-1 [34.0 kB]
Get:133 http://kali.cs.nctu.edu.tw/kali kali-rolling/main amd64 libmtdev1 amd64 1.1.6-1 [23.0 kB]
Get:134 http://kali.cs.nctu.edu.tw/kali kali-rolling/main amd64 libgudev-1.0-0 amd64 234-1 [14.7 kB]
Get:135 http://kali.cs.nctu.edu.tw/kali kali-rolling/main amd64 libwacom-common all 1.8-2 [49.7 kB]
Get:136 http://kali.cs.nctu.edu.tw/kali kali-rolling/main amd64 libwacom2 amd64 1.8-2 [21.9 kB]
Get:137 http://kali.cs.nctu.edu.tw/kali kali-rolling/main amd64 libinput-bin amd64 1.16.4-3 [23.0 kB]
Get:138 http://kali.cs.nctu.edu.tw/kali kali-rolling/main amd64 libinput10 amd64 1.16.4-3 [118 kB]
Get:139 http://kali.cs.nctu.edu.tw/kali kali-rolling/main amd64 libjpeg62-turbo amd64 1:2.0.6-4 [151 kB]
Get:140 http://kali.cs.nctu.edu.tw/kali kali-rolling/main amd64 libmd4c0 amd64 0.4.7-2 [43.6 kB]
Get:141 http://http.kali.org/kali kali-rolling/main amd64 libqt5dbus5 amd64 5.15.2+dfsg-9 [228 kB]
Get:142 http://http.kali.org/kali kali-rolling/main amd64 libqt5network5 amd64 5.15.2+dfsg-9 [658 kB]
Get:143 http://kali.cs.nctu.edu.tw/kali kali-rolling/main amd64 libsm6 amd64 2:1.2.3-1 [35.1 kB]
Get:144 http://kali.cs.nctu.edu.tw/kali kali-rolling/main amd64 libxcb-icccm4 amd64 0.4.1-1.1 [27.4 kB]
Get:145 http://http.kali.org/kali kali-rolling/main amd64 libxcb-util1 amd64 0.4.0-1+b1 [23.2 kB]
Get:146 http://http.kali.org/kali kali-rolling/main amd64 libxcb-image0 amd64 0.4.0-1+b3 [24.3 kB]
Get:147 http://http.kali.org/kali kali-rolling/main amd64 libxcb-keysyms1 amd64 0.4.0-1+b2 [16.4 kB]
Get:148 http://kali.cs.nctu.edu.tw/kali kali-rolling/main amd64 libxcb-randr0 amd64 1.14-3 [113 kB]
Get:149 http://kali.cs.nctu.edu.tw/kali kali-rolling/main amd64 libxcb-render0 amd64 1.14-3 [111 kB]
Get:150 http://http.kali.org/kali kali-rolling/main amd64 libxcb-render-util0 amd64 0.3.9-1+b1 [18.3 kB]
Get:151 http://kali.cs.nctu.edu.tw/kali kali-rolling/main amd64 libxcb-shape0 amd64 1.14-3 [102 kB]
Get:152 http://kali.cs.nctu.edu.tw/kali kali-rolling/main amd64 libxcb-xinerama0 amd64 1.14-3 [101 kB]
Get:153 http://kali.cs.nctu.edu.tw/kali kali-rolling/main amd64 libxcb-xinput0 amd64 1.14-3 [126 kB]
Get:154 http://kali.cs.nctu.edu.tw/kali kali-rolling/main amd64 libxcb-xkb1 amd64 1.14-3 [126 kB]
Get:155 http://kali.cs.nctu.edu.tw/kali kali-rolling/main amd64 xkb-data all 2.29-2 [655 kB]
Get:156 http://kali.cs.nctu.edu.tw/kali kali-rolling/main amd64 libxkbcommon0 amd64 1.0.3-2 [101 kB]
Get:157 http://kali.cs.nctu.edu.tw/kali kali-rolling/main amd64 libxkbcommon-x11-0 amd64 1.0.3-2 [16.6 kB]
Get:158 http://kali.cs.nctu.edu.tw/kali kali-rolling/main amd64 libxrender1 amd64 1:0.9.10-1 [33.0 kB]
Get:159 http://http.kali.org/kali kali-rolling/main amd64 libqt5gui5 amd64 5.15.2+dfsg-9 [3320 kB]
Get:160 http://http.kali.org/kali kali-rolling/main amd64 libqt5widgets5 amd64 5.15.2+dfsg-9 [2349 kB]
Get:161 http://kali.cs.nctu.edu.tw/kali kali-rolling/main amd64 libqt5svg5 amd64 5.15.2-3 [132 kB]
Get:162 http://kali.cs.nctu.edu.tw/kali kali-rolling/main amd64 libaio1 amd64 0.3.112-9 [12.5 kB]
Get:163 http://kali.cs.nctu.edu.tw/kali kali-rolling/main amd64 libdevmapper-event1.02.1 amd64 2:1.02.175-2.1 [23.2 kB]
Get:164 http://kali.cs.nctu.edu.tw/kali kali-rolling/main amd64 liblvm2cmd2.03 amd64 2.03.11-2.1 [711 kB]
Get:165 http://kali.cs.nctu.edu.tw/kali kali-rolling/main amd64 dmeventd amd64 2:1.02.175-2.1 [69.4 kB]
Get:166 http://kali.cs.nctu.edu.tw/kali kali-rolling/main amd64 lvm2 amd64 2.03.11-2.1 [1194 kB]
Get:167 http://kali.cs.nctu.edu.tw/kali kali-rolling/main amd64 udev amd64 247.3-6 [1464 kB]
Get:168 http://kali.cs.nctu.edu.tw/kali kali-rolling/main amd64 mdadm amd64 4.1-11 [457 kB]
Get:169 http://kali.cs.nctu.edu.tw/kali kali-rolling/main amd64 pigz amd64 2.6-1 [64.0 kB]
Get:170 http://kali.cs.nctu.edu.tw/kali kali-rolling/main amd64 poppler-data all 0.4.10-1 [1602 kB]
Get:171 http://kali.cs.nctu.edu.tw/kali kali-rolling/main amd64 libpython3.9-minimal amd64 3.9.2-1 [801 kB]
Get:172 http://kali.cs.nctu.edu.tw/kali kali-rolling/main amd64 python3.9-minimal amd64 3.9.2-1 [1955 kB]
Get:173 http://kali.cs.nctu.edu.tw/kali kali-rolling/main amd64 python3-minimal amd64 3.9.2-3 [38.2 kB]
Get:174 http://kali.cs.nctu.edu.tw/kali kali-rolling/main amd64 libmpdec3 amd64 2.5.1-2 [87.8 kB]
Get:175 http://kali.cs.nctu.edu.tw/kali kali-rolling/main amd64 libpython3.9-stdlib amd64 3.9.2-1 [1684 kB]
Get:176 http://kali.cs.nctu.edu.tw/kali kali-rolling/main amd64 python3.9 amd64 3.9.2-1 [466 kB]
Get:177 http://kali.cs.nctu.edu.tw/kali kali-rolling/main amd64 libpython3-stdlib amd64 3.9.2-3 [21.4 kB]
Get:178 http://kali.cs.nctu.edu.tw/kali kali-rolling/main amd64 python3 amd64 3.9.2-3 [37.9 kB]
Get:179 http://kali.cs.nctu.edu.tw/kali kali-rolling/main amd64 uuid-runtime amd64 2.36.1-8 [101 kB]
Get:180 http://http.kali.org/kali kali-rolling/main amd64 cpio amd64 2.13+dfsg-4 [244 kB]
Get:181 http://kali.cs.nctu.edu.tw/kali kali-rolling/main amd64 dmidecode amd64 3.3-2 [64.7 kB]
Get:182 http://kali.cs.nctu.edu.tw/kali kali-rolling/main amd64 libfdisk1 amd64 2.36.1-8 [237 kB]
Get:183 http://kali.cs.nctu.edu.tw/kali kali-rolling/main amd64 fdisk amd64 2.36.1-8 [192 kB]
Get:184 http://kali.cs.nctu.edu.tw/kali kali-rolling/main amd64 libbpf0 amd64 1:0.3-2 [98.3 kB]
Get:185 http://kali.cs.nctu.edu.tw/kali kali-rolling/main amd64 libcap2-bin amd64 1:2.44-1 [32.6 kB]
Get:186 http://kali.cs.nctu.edu.tw/kali kali-rolling/main amd64 iproute2 amd64 5.10.0-4 [930 kB]
Get:187 http://http.kali.org/kali kali-rolling/main amd64 libisc-export1105 amd64 1:9.11.19+dfsg-2.1 [397 kB]
Get:188 http://http.kali.org/kali kali-rolling/main amd64 libdns-export1110 amd64 1:9.11.19+dfsg-2.1 [988 kB]
Get:189 http://kali.cs.nctu.edu.tw/kali kali-rolling/main amd64 isc-dhcp-client amd64 4.4.1-2.3 [342 kB]
Get:190 http://kali.cs.nctu.edu.tw/kali kali-rolling/main amd64 isc-dhcp-common amd64 4.4.1-2.3 [145 kB]
Get:191 http://kali.cs.nctu.edu.tw/kali kali-rolling/main amd64 less amd64 551-2 [133 kB]
Get:192 http://kali.cs.nctu.edu.tw/kali kali-rolling/main amd64 libpopt0 amd64 1.18-2 [49.6 kB]
Get:193 http://kali.cs.nctu.edu.tw/kali kali-rolling/main amd64 logrotate amd64 3.18.1-2 [72.5 kB]
Get:194 http://kali.cs.nctu.edu.tw/kali kali-rolling/main amd64 bzip2 amd64 1.0.8-4 [49.3 kB]
Get:195 http://kali.cs.nctu.edu.tw/kali kali-rolling/main amd64 libmagic-mgc amd64 1:5.39-3 [273 kB]
Get:196 http://kali.cs.nctu.edu.tw/kali kali-rolling/main amd64 libmagic1 amd64 1:5.39-3 [126 kB]
Get:197 http://kali.cs.nctu.edu.tw/kali kali-rolling/main amd64 file amd64 1:5.39-3 [69.1 kB]
Get:198 http://kali.cs.nctu.edu.tw/kali kali-rolling/main amd64 gettext-base amd64 0.21-4 [175 kB]
Get:199 http://kali.cs.nctu.edu.tw/kali kali-rolling/main amd64 libuchardet0 amd64 0.0.7-1 [67.8 kB]
Get:200 http://kali.cs.nctu.edu.tw/kali kali-rolling/main amd64 groff-base amd64 1.22.4-6 [936 kB]
Get:201 http://kali.cs.nctu.edu.tw/kali kali-rolling/main amd64 libc-l10n all 2.31-13 [862 kB]
Get:202 http://kali.cs.nctu.edu.tw/kali kali-rolling/main amd64 libnss-systemd amd64 247.3-6 [198 kB]
Get:203 http://kali.cs.nctu.edu.tw/kali kali-rolling/main amd64 libpam-systemd amd64 247.3-6 [282 kB]
Get:204 http://kali.cs.nctu.edu.tw/kali kali-rolling/main amd64 locales all 2.31-13 [4085 kB]
Get:205 http://kali.cs.nctu.edu.tw/kali kali-rolling/main amd64 manpages all 5.10-1 [1412 kB]
Get:206 http://http.kali.org/kali kali-rolling/main amd64 libcbor0 amd64 0.5.0+dfsg-2 [24.0 kB]
Get:207 http://kali.cs.nctu.edu.tw/kali kali-rolling/main amd64 libfido2-1 amd64 1.6.0-2 [53.3 kB]
Get:208 http://kali.cs.nctu.edu.tw/kali kali-rolling/main amd64 openssh-client amd64 1:8.4p1-5 [929 kB]
Get:209 http://http.kali.org/kali kali-rolling/main amd64 pci.ids all 0.0~2021.04.08-1 [227 kB]
Get:210 http://kali.cs.nctu.edu.tw/kali kali-rolling/main amd64 libpci3 amd64 1:3.7.0-5 [62.7 kB]
Get:211 http://kali.cs.nctu.edu.tw/kali kali-rolling/main amd64 pciutils amd64 1:3.7.0-5 [97.7 kB]
Get:212 http://kali.cs.nctu.edu.tw/kali kali-rolling/main amd64 xz-utils amd64 5.2.5-2 [220 kB]
Get:213 http://kali.cs.nctu.edu.tw/kali kali-rolling/main amd64 acl amd64 2.2.53-10 [60.6 kB]
Get:214 http://kali.cs.nctu.edu.tw/kali kali-rolling/main amd64 hicolor-icon-theme all 0.17-2 [11.4 kB]
Get:215 http://http.kali.org/kali kali-rolling/main amd64 libgdk-pixbuf2.0-common all 2.42.2+dfsg-1 [320 kB]
Get:216 http://kali.cs.nctu.edu.tw/kali kali-rolling/main amd64 libdeflate0 amd64 1.7-1 [53.1 kB]
Get:217 http://http.kali.org/kali kali-rolling/main amd64 libjbig0 amd64 2.1-3.1+b2 [31.0 kB]
Get:218 http://kali.cs.nctu.edu.tw/kali kali-rolling/main amd64 libwebp6 amd64 0.6.1-2.1 [258 kB]
Get:219 http://kali.cs.nctu.edu.tw/kali kali-rolling/main amd64 libtiff5 amd64 4.2.0-1 [289 kB]
Get:220 http://http.kali.org/kali kali-rolling/main amd64 libgdk-pixbuf-2.0-0 amd64 2.42.2+dfsg-1 [146 kB]
Get:221 http://http.kali.org/kali kali-rolling/main amd64 gtk-update-icon-cache amd64 3.24.24-4 [87.5 kB]
Get:222 http://kali.cs.nctu.edu.tw/kali kali-rolling/main amd64 adwaita-icon-theme all 3.38.0-1 [10.9 MB]
Get:223 http://kali.cs.nctu.edu.tw/kali kali-rolling/main amd64 alsa-topology-conf all 1.2.4-1 [12.8 kB]
Get:224 http://kali.cs.nctu.edu.tw/kali kali-rolling/main amd64 libasound2-data all 1.2.4-1.1 [38.2 kB]
Get:225 http://kali.cs.nctu.edu.tw/kali kali-rolling/main amd64 libasound2 amd64 1.2.4-1.1 [356 kB]
Get:226 http://kali.cs.nctu.edu.tw/kali kali-rolling/main amd64 alsa-ucm-conf all 1.2.4-2 [28.1 kB]
Get:227 http://kali.cs.nctu.edu.tw/kali kali-rolling/main amd64 apparmor amd64 2.13.6-10 [640 kB]
Get:228 http://kali.cs.nctu.edu.tw/kali kali-rolling/main amd64 arch-test all 0.17-1 [12.9 kB]
Get:229 http://kali.cs.nctu.edu.tw/kali kali-rolling/main amd64 arj amd64 3.10.22-24 [216 kB]
Get:230 http://kali.cs.nctu.edu.tw/kali kali-rolling/main amd64 libatspi2.0-0 amd64 2.38.0-4 [72.4 kB]
Get:231 http://kali.cs.nctu.edu.tw/kali kali-rolling/main amd64 libxi6 amd64 2:1.7.10-1 [83.4 kB]
Get:232 http://kali.cs.nctu.edu.tw/kali kali-rolling/main amd64 libxtst6 amd64 2:1.2.3-1 [27.8 kB]
Get:233 http://kali.cs.nctu.edu.tw/kali kali-rolling/main amd64 at-spi2-core amd64 2.38.0-4 [72.3 kB]
Get:234 http://kali.cs.nctu.edu.tw/kali kali-rolling/main amd64 attr amd64 1:2.4.48-6 [41.9 kB]
Get:235 http://kali.cs.nctu.edu.tw/kali kali-rolling/main amd64 augeas-lenses all 1.12.0-2 [451 kB]
Get:236 http://http.kali.org/kali kali-rolling/main amd64 bc amd64 1.07.1-2+b2 [109 kB]
Get:237 http://kali.cs.nctu.edu.tw/kali kali-rolling/main amd64 libpipeline1 amd64 1.5.3-1 [34.3 kB]
Get:238 http://kali.cs.nctu.edu.tw/kali kali-rolling/main amd64 binfmt-support amd64 2.2.1-1 [66.1 kB]
Get:239 http://kali.cs.nctu.edu.tw/kali kali-rolling/main amd64 binutils-common amd64 2.35.2-2 [2220 kB]
Get:240 http://kali.cs.nctu.edu.tw/kali kali-rolling/main amd64 libbinutils amd64 2.35.2-2 [570 kB]
Get:241 http://kali.cs.nctu.edu.tw/kali kali-rolling/main amd64 libctf-nobfd0 amd64 2.35.2-2 [110 kB]
Get:242 http://kali.cs.nctu.edu.tw/kali kali-rolling/main amd64 libctf0 amd64 2.35.2-2 [53.2 kB]
Get:243 http://kali.cs.nctu.edu.tw/kali kali-rolling/main amd64 binutils-x86-64-linux-gnu amd64 2.35.2-2 [1809 kB]
Get:244 http://kali.cs.nctu.edu.tw/kali kali-rolling/main amd64 binutils amd64 2.35.2-2 [61.2 kB]
Get:245 http://http.kali.org/kali kali-rolling/main amd64 python3-binwalk all 2.3.1+dfsg1-1 [107 kB]
Get:246 http://http.kali.org/kali kali-rolling/main amd64 binwalk all 2.3.1+dfsg1-1 [7392 B]
Get:247 http://http.kali.org/kali kali-rolling/main amd64 libtcl8.6 amd64 8.6.11+dfsg-1 [1018 kB]
Get:248 http://kali.cs.nctu.edu.tw/kali kali-rolling/main amd64 libxft2 amd64 2.3.2-2 [57.2 kB]
Get:249 http://kali.cs.nctu.edu.tw/kali kali-rolling/main amd64 libxss1 amd64 1:1.2.3-1 [17.8 kB]
Get:250 http://kali.cs.nctu.edu.tw/kali kali-rolling/main amd64 libtk8.6 amd64 8.6.11-2 [780 kB]
Get:251 http://http.kali.org/kali kali-rolling/main amd64 tk8.6-blt2.5 amd64 2.5.3+dfsg-4.1 [593 kB]
Get:252 http://http.kali.org/kali kali-rolling/main amd64 blt amd64 2.5.3+dfsg-4.1 [14.9 kB]
Get:253 http://kali.cs.nctu.edu.tw/kali kali-rolling/main amd64 liblzo2-2 amd64 2.10-2 [56.9 kB]
Get:254 http://kali.cs.nctu.edu.tw/kali kali-rolling/main amd64 btrfs-progs amd64 5.10.1-2 [698 kB]
Get:255 http://kali.cs.nctu.edu.tw/kali kali-rolling/main amd64 libc-dev-bin amd64 2.31-13 [275 kB]
Get:256 http://kali.cs.nctu.edu.tw/kali kali-rolling/main amd64 linux-libc-dev amd64 5.10.46-4kali1 [2085 kB]
Get:257 http://kali.cs.nctu.edu.tw/kali kali-rolling/main amd64 libcrypt-dev amd64 1:4.4.18-4 [104 kB]
Get:258 http://kali.cs.nctu.edu.tw/kali kali-rolling/main amd64 libtirpc-dev amd64 1.3.1-1 [190 kB]
Get:259 http://kali.cs.nctu.edu.tw/kali kali-rolling/main amd64 libnsl-dev amd64 1.3.0-2 [66.4 kB]
Get:260 http://kali.cs.nctu.edu.tw/kali kali-rolling/main amd64 libc6-dev amd64 2.31-13 [2344 kB]
Get:261 http://kali.cs.nctu.edu.tw/kali kali-rolling/main amd64 libisl23 amd64 0.23-1 [676 kB]
Get:262 http://kali.cs.nctu.edu.tw/kali kali-rolling/main amd64 libmpc3 amd64 1.2.0-1 [45.0 kB]
Get:263 http://kali.cs.nctu.edu.tw/kali kali-rolling/main amd64 cpp-10 amd64 10.2.1-6 [8528 kB]
Get:264 http://kali.cs.nctu.edu.tw/kali kali-rolling/main amd64 cpp amd64 4:10.2.1-1 [19.7 kB]
Get:265 http://kali.cs.nctu.edu.tw/kali kali-rolling/main amd64 libcc1-0 amd64 10.2.1-6 [47.0 kB]
Get:266 http://kali.cs.nctu.edu.tw/kali kali-rolling/main amd64 libgomp1 amd64 10.2.1-6 [99.9 kB]
Get:267 http://kali.cs.nctu.edu.tw/kali kali-rolling/main amd64 libitm1 amd64 10.2.1-6 [25.8 kB]
Get:268 http://kali.cs.nctu.edu.tw/kali kali-rolling/main amd64 libatomic1 amd64 10.2.1-6 [9008 B]
Get:269 http://kali.cs.nctu.edu.tw/kali kali-rolling/main amd64 libasan6 amd64 10.2.1-6 [2065 kB]
Get:270 http://kali.cs.nctu.edu.tw/kali kali-rolling/main amd64 liblsan0 amd64 10.2.1-6 [828 kB]
Get:271 http://kali.cs.nctu.edu.tw/kali kali-rolling/main amd64 libtsan0 amd64 10.2.1-6 [2000 kB]
Get:272 http://kali.cs.nctu.edu.tw/kali kali-rolling/main amd64 libubsan1 amd64 10.2.1-6 [777 kB]
Get:273 http://kali.cs.nctu.edu.tw/kali kali-rolling/main amd64 libquadmath0 amd64 10.2.1-6 [145 kB]
Get:274 http://kali.cs.nctu.edu.tw/kali kali-rolling/main amd64 libgcc-10-dev amd64 10.2.1-6 [2328 kB]
Get:275 http://kali.cs.nctu.edu.tw/kali kali-rolling/main amd64 gcc-10 amd64 10.2.1-6 [17.0 MB]
Get:276 http://kali.cs.nctu.edu.tw/kali kali-rolling/main amd64 gcc amd64 4:10.2.1-1 [5192 B]
Get:277 http://http.kali.org/kali kali-rolling/main amd64 libstdc++-10-dev amd64 10.2.1-6 [1741 kB]
Get:278 http://http.kali.org/kali kali-rolling/main amd64 g++-10 amd64 10.2.1-6 [9380 kB]
Get:279 http://http.kali.org/kali kali-rolling/main amd64 g++ amd64 4:10.2.1-1 [1644 B]
Get:280 http://kali.cs.nctu.edu.tw/kali kali-rolling/main amd64 make amd64 4.3-4.1 [396 kB]
Get:281 http://kali.cs.nctu.edu.tw/kali kali-rolling/main amd64 libdpkg-perl all 1.20.9kali1 [1538 kB]
Get:282 http://kali.cs.nctu.edu.tw/kali kali-rolling/main amd64 patch amd64 2.7.6-7 [128 kB]
Get:283 http://kali.cs.nctu.edu.tw/kali kali-rolling/main amd64 dpkg-dev all 1.20.9kali1 [2153 kB]
Get:284 http://kali.cs.nctu.edu.tw/kali kali-rolling/main amd64 build-essential amd64 12.9 [7704 B]
Get:285 http://kali.cs.nctu.edu.tw/kali kali-rolling/main amd64 rubygems-integration all 1.18 [6704 B]
Get:286 http://kali.cs.nctu.edu.tw/kali kali-rolling/main amd64 rake all 13.0.3-1 [84.7 kB]
Get:287 http://kali.cs.nctu.edu.tw/kali kali-rolling/main amd64 ruby-minitest all 5.13.0-1 [57.3 kB]
Get:288 http://kali.cs.nctu.edu.tw/kali kali-rolling/main amd64 ruby-net-telnet all 0.1.1-2 [12.5 kB]
Get:289 http://kali.cs.nctu.edu.tw/kali kali-rolling/main amd64 ruby-power-assert all 1.1.7-2 [11.5 kB]
Get:290 http://kali.cs.nctu.edu.tw/kali kali-rolling/main amd64 ruby-test-unit all 3.3.9-1 [86.1 kB]
Get:291 http://kali.cs.nctu.edu.tw/kali kali-rolling/main amd64 ruby-xmlrpc all 0.3.0-2 [23.7 kB]
Get:292 http://kali.cs.nctu.edu.tw/kali kali-rolling/main amd64 libyaml-0-2 amd64 0.2.2-1 [49.6 kB]
Get:293 http://kali.cs.nctu.edu.tw/kali kali-rolling/main amd64 libruby2.7 amd64 2.7.4-1 [4200 kB]
Get:294 http://kali.cs.nctu.edu.tw/kali kali-rolling/main amd64 ruby2.7 amd64 2.7.4-1 [747 kB]
Get:295 http://kali.cs.nctu.edu.tw/kali kali-rolling/main amd64 ruby-rubygems all 3.2.5-2 [281 kB]
Get:296 http://http.kali.org/kali kali-rolling/main amd64 ruby amd64 1:2.7+2 [11.7 kB]
Get:297 http://kali.cs.nctu.edu.tw/kali kali-rolling/main amd64 ruby-bundler all 2.2.5-2 [373 kB]
Get:298 http://kali.cs.nctu.edu.tw/kali kali-rolling/main amd64 bundler all 2.2.5-2 [65.6 kB]
Get:299 http://http.kali.org/kali kali-rolling/main amd64 busybox amd64 1:1.30.1-6+b3 [435 kB]
Get:300 http://kali.cs.nctu.edu.tw/kali kali-rolling/main amd64 cgroupfs-mount all 1.4 [6276 B]
Get:301 http://kali.cs.nctu.edu.tw/kali kali-rolling/main amd64 cramfsswap amd64 1.4.2 [7348 B]
Get:302 http://kali.cs.nctu.edu.tw/kali kali-rolling/main amd64 cryptsetup-bin amd64 2:2.3.5-1 [411 kB]
Get:303 http://http.kali.org/kali kali-rolling/main amd64 curl amd64 7.74.0-1.3+b1 [267 kB]
Get:304 http://http.kali.org/kali kali-rolling/main amd64 db5.3-util amd64 5.3.28+dfsg1-0.8 [64.8 kB]
Get:305 http://http.kali.org/kali kali-rolling/main amd64 db-util all 5.3.1+nmu1 [2932 B]
Get:306 http://kali.cs.nctu.edu.tw/kali kali-rolling/main amd64 dbus-user-session amd64 1.12.20-2 [96.2 kB]
Get:307 http://kali.cs.nctu.edu.tw/kali kali-rolling/main amd64 libdconf1 amd64 0.38.0-2 [43.5 kB]
Get:308 http://kali.cs.nctu.edu.tw/kali kali-rolling/main amd64 dconf-service amd64 0.38.0-2 [37.4 kB]
Get:309 http://kali.cs.nctu.edu.tw/kali kali-rolling/main amd64 dconf-gsettings-backend amd64 0.38.0-2 [30.6 kB]
Get:310 http://kali.cs.nctu.edu.tw/kali kali-rolling/main amd64 debootstrap all 1.0.123 [75.3 kB]
Get:311 http://kali.cs.nctu.edu.tw/kali kali-rolling/main amd64 libfdt1 amd64 1.6.0-1 [21.0 kB]
Get:312 http://kali.cs.nctu.edu.tw/kali kali-rolling/main amd64 device-tree-compiler amd64 1.6.0-1 [228 kB]
Get:313 http://kali.cs.nctu.edu.tw/kali kali-rolling/main amd64 libassuan0 amd64 2.5.3-7.1 [50.5 kB]
Get:314 http://kali.cs.nctu.edu.tw/kali kali-rolling/main amd64 gpgconf amd64 2.2.27-2 [547 kB]
Get:315 http://kali.cs.nctu.edu.tw/kali kali-rolling/main amd64 libksba8 amd64 1.5.0-3 [123 kB]
Get:316 http://kali.cs.nctu.edu.tw/kali kali-rolling/main amd64 libnpth0 amd64 1.6-3 [19.0 kB]
Get:317 http://kali.cs.nctu.edu.tw/kali kali-rolling/main amd64 dirmngr amd64 2.2.27-2 [762 kB]
Get:318 http://kali.cs.nctu.edu.tw/kali kali-rolling/main amd64 python3-pkg-resources all 52.0.0-4 [190 kB]
Get:319 http://kali.cs.nctu.edu.tw/kali kali-rolling/main amd64 python3-cached-property all 1.5.2-1 [12.5 kB]
Get:320 http://kali.cs.nctu.edu.tw/kali kali-rolling/main amd64 python3-lib2to3 all 3.9.2-1 [77.8 kB]
Get:321 http://kali.cs.nctu.edu.tw/kali kali-rolling/main amd64 python3-distutils all 3.9.2-1 [143 kB]
Get:322 http://kali.cs.nctu.edu.tw/kali kali-rolling/main amd64 python3-certifi all 2020.6.20-1 [151 kB]
Get:323 http://kali.cs.nctu.edu.tw/kali kali-rolling/main amd64 python3-chardet all 4.0.0-1 [99.0 kB]
Get:324 http://kali.cs.nctu.edu.tw/kali kali-rolling/main amd64 python3-idna all 2.10-1 [37.4 kB]
Get:325 http://kali.cs.nctu.edu.tw/kali kali-rolling/main amd64 python3-six all 1.16.0-2 [17.5 kB]
Get:326 http://http.kali.org/kali kali-rolling/main amd64 python3-urllib3 all 1.26.5-1~exp1 [114 kB]
Get:327 http://http.kali.org/kali kali-rolling/main amd64 python3-requests all 2.25.1+dfsg-2 [69.3 kB]
Get:328 http://kali.cs.nctu.edu.tw/kali kali-rolling/main amd64 python3-websocket all 0.57.0-1 [34.3 kB]
Get:329 http://kali.cs.nctu.edu.tw/kali kali-rolling/main amd64 python3-docker all 4.1.0-1.2 [85.2 kB]
Get:330 http://kali.cs.nctu.edu.tw/kali kali-rolling/main amd64 python3-dockerpty all 0.4.1-2 [11.1 kB]
Get:331 http://kali.cs.nctu.edu.tw/kali kali-rolling/main amd64 python3-docopt all 0.6.2-3 [26.6 kB]
Get:332 http://kali.cs.nctu.edu.tw/kali kali-rolling/main amd64 python3-attr all 20.3.0-1 [52.9 kB]
Get:333 http://kali.cs.nctu.edu.tw/kali kali-rolling/main amd64 python3-more-itertools all 4.2.0-3 [42.7 kB]
Get:334 http://kali.cs.nctu.edu.tw/kali kali-rolling/main amd64 python3-zipp all 1.0.0-3 [6060 B]
Get:335 http://kali.cs.nctu.edu.tw/kali kali-rolling/main amd64 python3-importlib-metadata all 1.6.0-2 [10.3 kB]
Get:336 http://kali.cs.nctu.edu.tw/kali kali-rolling/main amd64 python3-setuptools all 52.0.0-4 [366 kB]
Get:337 http://http.kali.org/kali kali-rolling/main amd64 python3-pyrsistent amd64 0.15.5-1+b3 [59.1 kB]
Get:338 http://kali.cs.nctu.edu.tw/kali kali-rolling/main amd64 python3-jsonschema all 3.2.0-3 [46.3 kB]
Get:339 http://kali.cs.nctu.edu.tw/kali kali-rolling/main amd64 python3-texttable all 1.6.3-2 [12.4 kB]
Get:340 http://kali.cs.nctu.edu.tw/kali kali-rolling/main amd64 python3-yaml amd64 5.3.1-5 [138 kB]
Get:341 http://kali.cs.nctu.edu.tw/kali kali-rolling/main amd64 docker-compose all 1.25.0-1 [119 kB]
Get:342 http://kali.cs.nctu.edu.tw/kali kali-rolling/main amd64 dosfstools amd64 4.2-1 [142 kB]
Get:343 http://kali.cs.nctu.edu.tw/kali kali-rolling/main amd64 ent amd64 1.2debian-3 [14.0 kB]
Get:344 http://kali.cs.nctu.edu.tw/kali kali-rolling/main amd64 libfuse2 amd64 2.9.9-5 [130 kB]
Get:345 http://kali.cs.nctu.edu.tw/kali kali-rolling/main amd64 fuse amd64 2.9.9-5 [72.4 kB]
Get:346 http://kali.cs.nctu.edu.tw/kali kali-rolling/main amd64 exfat-fuse amd64 1.3.0-2 [30.1 kB]
Get:347 http://kali.cs.nctu.edu.tw/kali kali-rolling/main amd64 exfat-utils amd64 1.3.0-2 [45.2 kB]
Get:348 http://kali.cs.nctu.edu.tw/kali kali-rolling/main amd64 exim4-config all 4.94.2-7 [335 kB]
Get:349 http://kali.cs.nctu.edu.tw/kali kali-rolling/main amd64 exim4-base amd64 4.94.2-7 [1175 kB]
Get:350 http://kali.cs.nctu.edu.tw/kali kali-rolling/main amd64 libevent-2.1-7 amd64 2.1.12-stable-1 [188 kB]
Get:351 http://kali.cs.nctu.edu.tw/kali kali-rolling/main amd64 libunbound8 amd64 1.13.1-1 [504 kB]
Get:352 http://kali.cs.nctu.edu.tw/kali kali-rolling/main amd64 libgnutls-dane0 amd64 3.7.1-5 [394 kB]
Get:353 http://kali.cs.nctu.edu.tw/kali kali-rolling/main amd64 libidn11 amd64 1.33-3 [116 kB]
Get:354 http://kali.cs.nctu.edu.tw/kali kali-rolling/main amd64 exim4-daemon-light amd64 4.94.2-7 [658 kB]
Get:355 http://http.kali.org/kali kali-rolling/main amd64 extlinux amd64 3:6.04~git20190206.bf6db5b4+dfsg1-3+b1 [192 kB]
Get:356 http://kali.cs.nctu.edu.tw/kali kali-rolling/main amd64 f2fs-tools amd64 1.14.0-2 [169 kB]
Get:357 http://kali.cs.nctu.edu.tw/kali kali-rolling/main amd64 libfakeroot amd64 1.25.3-1.1 [47.0 kB]
Get:358 http://kali.cs.nctu.edu.tw/kali kali-rolling/main amd64 fakeroot amd64 1.25.3-1.1 [87.0 kB]
Get:359 http://kali.cs.nctu.edu.tw/kali kali-rolling/main amd64 firmware-linux-free all 20200122-1 [24.2 kB]
Get:360 http://kali.cs.nctu.edu.tw/kali kali-rolling/main amd64 fonts-lyx all 2.3.6-1 [205 kB]
Get:361 http://kali.cs.nctu.edu.tw/kali kali-rolling/main amd64 fonts-noto-mono all 20201225-1 [402 kB]
Get:362 http://kali.cs.nctu.edu.tw/kali kali-rolling/main amd64 freeglut3 amd64 2.8.1-6 [125 kB]
Get:363 http://kali.cs.nctu.edu.tw/kali kali-rolling/main amd64 gdisk amd64 1.0.6-1.1 [220 kB]
Get:364 http://kali.cs.nctu.edu.tw/kali kali-rolling/main amd64 genisoimage amd64 9:1.1.11-3.2 [380 kB]
Get:365 http://http.kali.org/kali kali-rolling/main amd64 libgs9-common all 9.53.3~dfsg-7 [734 kB]
Get:366 http://kali.cs.nctu.edu.tw/kali kali-rolling/main amd64 libavahi-common-data amd64 0.8-5 [124 kB]
Get:367 http://kali.cs.nctu.edu.tw/kali kali-rolling/main amd64 libavahi-common3 amd64 0.8-5 [58.4 kB]
Get:368 http://kali.cs.nctu.edu.tw/kali kali-rolling/main amd64 libavahi-client3 amd64 0.8-5 [62.1 kB]
Get:369 http://http.kali.org/kali kali-rolling/main amd64 libcups2 amd64 2.3.3op2-3+deb11u1 [350 kB]
Get:370 http://kali.cs.nctu.edu.tw/kali kali-rolling/main amd64 libijs-0.35 amd64 0.35-15 [16.4 kB]
Get:371 http://kali.cs.nctu.edu.tw/kali kali-rolling/main amd64 libjbig2dec0 amd64 0.19-3 [67.2 kB]
Get:372 http://http.kali.org/kali kali-rolling/main amd64 liblcms2-2 amd64 2.12~rc1-2 [150 kB]
Get:373 http://kali.cs.nctu.edu.tw/kali kali-rolling/main amd64 libopenjp2-7 amd64 2.4.0-3 [172 kB]
Get:374 http://http.kali.org/kali kali-rolling/main amd64 libpaper1 amd64 1.1.28+b1 [21.6 kB]
Get:375 http://http.kali.org/kali kali-rolling/main amd64 libgs9 amd64 9.53.3~dfsg-7 [2244 kB]
Get:376 http://http.kali.org/kali kali-rolling/main amd64 ghostscript amd64 9.53.3~dfsg-7 [97.8 kB]
Get:377 http://http.kali.org/kali kali-rolling/main amd64 libcurl3-gnutls amd64 7.74.0-1.3+b1 [338 kB]
Get:378 http://kali.cs.nctu.edu.tw/kali kali-rolling/main amd64 liberror-perl all 0.17029-1 [31.0 kB]
Get:379 http://kali.cs.nctu.edu.tw/kali kali-rolling/main amd64 git-man all 1:2.32.0-1 [1868 kB]
Get:380 http://kali.cs.nctu.edu.tw/kali kali-rolling/main amd64 git amd64 1:2.32.0-1 [5625 kB]
Get:381 http://kali.cs.nctu.edu.tw/kali kali-rolling/main amd64 libproxy1v5 amd64 0.4.17-1 [59.5 kB]
Get:382 http://kali.cs.nctu.edu.tw/kali kali-rolling/main amd64 glib-networking-common all 2.66.0-2 [68.1 kB]
Get:383 http://kali.cs.nctu.edu.tw/kali kali-rolling/main amd64 glib-networking-services amd64 2.66.0-2 [17.5 kB]
Get:384 http://kali.cs.nctu.edu.tw/kali kali-rolling/main amd64 gsettings-desktop-schemas all 3.38.0-2 [588 kB]
Get:385 http://kali.cs.nctu.edu.tw/kali kali-rolling/main amd64 glib-networking amd64 2.66.0-2 [67.6 kB]
Get:386 http://kali.cs.nctu.edu.tw/kali kali-rolling/main amd64 gnupg-l10n all 2.2.27-2 [1084 kB]
Get:387 http://kali.cs.nctu.edu.tw/kali kali-rolling/main amd64 gnupg-utils amd64 2.2.27-2 [905 kB]
Get:388 http://kali.cs.nctu.edu.tw/kali kali-rolling/main amd64 gpg amd64 2.2.27-2 [927 kB]
Get:389 http://kali.cs.nctu.edu.tw/kali kali-rolling/main amd64 pinentry-curses amd64 1.1.0-4 [64.9 kB]
Get:390 http://kali.cs.nctu.edu.tw/kali kali-rolling/main amd64 gpg-agent amd64 2.2.27-2 [669 kB]
Get:391 http://kali.cs.nctu.edu.tw/kali kali-rolling/main amd64 gpg-wks-client amd64 2.2.27-2 [523 kB]
Get:392 http://kali.cs.nctu.edu.tw/kali kali-rolling/main amd64 gpg-wks-server amd64 2.2.27-2 [516 kB]
Get:393 http://kali.cs.nctu.edu.tw/kali kali-rolling/main amd64 gpgsm amd64 2.2.27-2 [645 kB]
Get:394 http://kali.cs.nctu.edu.tw/kali kali-rolling/main amd64 gnupg all 2.2.27-2 [825 kB]
Get:395 http://kali.cs.nctu.edu.tw/kali kali-rolling/main amd64 libefivar1 amd64 37-6 [50.0 kB]
Get:396 http://kali.cs.nctu.edu.tw/kali kali-rolling/main amd64 libefiboot1 amd64 37-6 [44.1 kB]
Get:397 http://kali.cs.nctu.edu.tw/kali kali-rolling/main amd64 grub-common amd64 2.04-20kali1 [2630 kB]
Get:398 http://kali.cs.nctu.edu.tw/kali kali-rolling/main amd64 grub2-common amd64 2.04-20kali1 [597 kB]
Get:399 http://kali.cs.nctu.edu.tw/kali kali-rolling/main amd64 gsasl-common all 1.10.0-5 [175 kB]
Get:400 http://kali.cs.nctu.edu.tw/kali kali-rolling/main amd64 libaom0 amd64 1.0.0.errata1-3 [1158 kB]
Get:401 http://kali.cs.nctu.edu.tw/kali kali-rolling/main amd64 libva2 amd64 2.10.0-1 [68.7 kB]
Get:402 http://kali.cs.nctu.edu.tw/kali kali-rolling/main amd64 libmfx1 amd64 21.1.0-1 [3289 kB]
Get:403 http://kali.cs.nctu.edu.tw/kali kali-rolling/main amd64 libva-drm2 amd64 2.10.0-1 [19.0 kB]
Get:404 http://kali.cs.nctu.edu.tw/kali kali-rolling/main amd64 libva-x11-2 amd64 2.10.0-1 [24.0 kB]
Get:405 http://kali.cs.nctu.edu.tw/kali kali-rolling/main amd64 libvdpau1 amd64 1.4-3 [29.4 kB]
Get:406 http://kali.cs.nctu.edu.tw/kali kali-rolling/main amd64 ocl-icd-libopencl1 amd64 2.2.14-2 [42.5 kB]
Get:407 http://http.kali.org/kali kali-rolling/main amd64 libavutil56 amd64 7:4.3.2-0+deb11u2 [303 kB]
Get:408 http://kali.cs.nctu.edu.tw/kali kali-rolling/main amd64 libpixman-1-0 amd64 0.40.0-1 [543 kB]
Get:409 http://kali.cs.nctu.edu.tw/kali kali-rolling/main amd64 libcairo2 amd64 1.16.0-5 [694 kB]
Get:410 http://kali.cs.nctu.edu.tw/kali kali-rolling/main amd64 libcodec2-0.9 amd64 0.9.2-4 [7890 kB]
Get:411 http://kali.cs.nctu.edu.tw/kali kali-rolling/main amd64 libdav1d4 amd64 0.7.1-3 [333 kB]
Get:412 http://kali.cs.nctu.edu.tw/kali kali-rolling/main amd64 libgsm1 amd64 1.0.18-2 [27.7 kB]
Get:413 http://kali.cs.nctu.edu.tw/kali kali-rolling/main amd64 libmp3lame0 amd64 3.100-3 [364 kB]
Get:414 http://kali.cs.nctu.edu.tw/kali kali-rolling/main amd64 libopus0 amd64 1.3.1-0.1 [190 kB]
Get:415 http://kali.cs.nctu.edu.tw/kali kali-rolling/main amd64 libcairo-gobject2 amd64 1.16.0-5 [125 kB]
Get:416 http://kali.cs.nctu.edu.tw/kali kali-rolling/main amd64 libfribidi0 amd64 1.0.8-2 [64.8 kB]
Get:417 http://kali.cs.nctu.edu.tw/kali kali-rolling/main amd64 libthai-data all 0.1.28-3 [170 kB]
Get:418 http://kali.cs.nctu.edu.tw/kali kali-rolling/main amd64 libdatrie1 amd64 0.2.13-1 [42.7 kB]
Get:419 http://kali.cs.nctu.edu.tw/kali kali-rolling/main amd64 libthai0 amd64 0.1.28-3 [54.2 kB]
Get:420 http://kali.cs.nctu.edu.tw/kali kali-rolling/main amd64 libpango-1.0-0 amd64 1.46.2-3 [191 kB]
Get:421 http://kali.cs.nctu.edu.tw/kali kali-rolling/main amd64 libpangoft2-1.0-0 amd64 1.46.2-3 [62.2 kB]
Get:422 http://kali.cs.nctu.edu.tw/kali kali-rolling/main amd64 libpangocairo-1.0-0 amd64 1.46.2-3 [50.6 kB]
Get:423 http://http.kali.org/kali kali-rolling/main amd64 librsvg2-2 amd64 2.50.3+dfsg-1 [2460 kB]
Get:424 http://kali.cs.nctu.edu.tw/kali kali-rolling/main amd64 libshine3 amd64 3.1.1-2 [23.6 kB]
Get:425 http://kali.cs.nctu.edu.tw/kali kali-rolling/main amd64 libsnappy1v5 amd64 1.1.8-1 [17.9 kB]
Get:426 http://http.kali.org/kali kali-rolling/main amd64 libspeex1 amd64 1.2~rc1.2-1.1 [55.4 kB]
Get:427 http://kali.cs.nctu.edu.tw/kali kali-rolling/main amd64 libsoxr0 amd64 0.1.3-4 [77.8 kB]
Get:428 http://http.kali.org/kali kali-rolling/main amd64 libswresample3 amd64 7:4.3.2-0+deb11u2 [101 kB]
Get:429 http://kali.cs.nctu.edu.tw/kali kali-rolling/main amd64 libogg0 amd64 1.3.4-0.1 [27.3 kB]
Get:430 http://http.kali.org/kali kali-rolling/main amd64 libtheora0 amd64 1.1.1+dfsg.1-15 [169 kB]
Get:431 http://kali.cs.nctu.edu.tw/kali kali-rolling/main amd64 libtwolame0 amd64 0.4.0-2 [51.1 kB]
Get:432 http://kali.cs.nctu.edu.tw/kali kali-rolling/main amd64 libvorbis0a amd64 1.3.7-1 [93.0 kB]
Get:433 http://kali.cs.nctu.edu.tw/kali kali-rolling/main amd64 libvorbisenc2 amd64 1.3.7-1 [80.6 kB]
Get:434 http://kali.cs.nctu.edu.tw/kali kali-rolling/main amd64 libvpx6 amd64 1.9.0-1 [829 kB]
Get:435 http://kali.cs.nctu.edu.tw/kali kali-rolling/main amd64 libwavpack1 amd64 5.4.0-1 [87.8 kB]
Get:436 http://kali.cs.nctu.edu.tw/kali kali-rolling/main amd64 libwebpmux3 amd64 0.6.1-2.1 [97.6 kB]
Get:437 http://http.kali.org/kali kali-rolling/main amd64 libx264-160 amd64 2:0.160.3011+gitcde9a93-2.1 [539 kB]
Get:438 http://http.kali.org/kali kali-rolling/main amd64 libnuma1 amd64 2.0.12-1+b1 [26.3 kB]
Get:439 http://kali.cs.nctu.edu.tw/kali kali-rolling/main amd64 libx265-192 amd64 3.4-2 [1095 kB]
Get:440 http://kali.cs.nctu.edu.tw/kali kali-rolling/main amd64 libxvidcore4 amd64 2:1.3.7-1 [242 kB]
Get:441 http://kali.cs.nctu.edu.tw/kali kali-rolling/main amd64 libzvbi-common all 0.2.35-18 [64.6 kB]
Get:442 http://kali.cs.nctu.edu.tw/kali kali-rolling/main amd64 libzvbi0 amd64 0.2.35-18 [271 kB]
Get:443 http://http.kali.org/kali kali-rolling/main amd64 libavcodec58 amd64 7:4.3.2-0+deb11u2 [4952 kB]
Get:444 http://kali.cs.nctu.edu.tw/kali kali-rolling/main amd64 libass9 amd64 1:0.15.0-2 [100.0 kB]
Get:445 http://kali.cs.nctu.edu.tw/kali kali-rolling/main amd64 libudfread0 amd64 1.1.2-1 [16.5 kB]
Get:446 http://kali.cs.nctu.edu.tw/kali kali-rolling/main amd64 libbluray2 amd64 1:1.2.1-4 [139 kB]
Get:447 http://kali.cs.nctu.edu.tw/kali kali-rolling/main amd64 libchromaprint1 amd64 1.5.0-2 [40.8 kB]
Get:448 http://kali.cs.nctu.edu.tw/kali kali-rolling/main amd64 libgme0 amd64 0.6.3-2 [128 kB]
Get:449 http://kali.cs.nctu.edu.tw/kali kali-rolling/main amd64 libmpg123-0 amd64 1.26.4-1 [142 kB]
Get:450 http://kali.cs.nctu.edu.tw/kali kali-rolling/main amd64 libvorbisfile3 amd64 1.3.7-1 [26.1 kB]
Get:451 http://kali.cs.nctu.edu.tw/kali kali-rolling/main amd64 libopenmpt0 amd64 0.4.11-1 [616 kB]
Get:452 http://kali.cs.nctu.edu.tw/kali kali-rolling/main amd64 librabbitmq4 amd64 0.10.0-1 [41.0 kB]
Get:453 http://kali.cs.nctu.edu.tw/kali kali-rolling/main amd64 libsrt1.4-gnutls amd64 1.4.2-1.4 [271 kB]
Get:454 http://kali.cs.nctu.edu.tw/kali kali-rolling/main amd64 libssh-gcrypt-4 amd64 0.9.5-1 [218 kB]
Get:455 http://http.kali.org/kali kali-rolling/main amd64 libnorm1 amd64 1.5.9+dfsg-2 [221 kB]
Get:456 http://http.kali.org/kali kali-rolling/main amd64 libpgm-5.3-0 amd64 5.3.128~dfsg-2 [161 kB]
Get:457 http://kali.cs.nctu.edu.tw/kali kali-rolling/main amd64 libsodium23 amd64 1.0.18-1 [161 kB]
Get:458 http://kali.cs.nctu.edu.tw/kali kali-rolling/main amd64 libzmq5 amd64 4.3.4-1 [275 kB]
Get:459 http://http.kali.org/kali kali-rolling/main amd64 libavformat58 amd64 7:4.3.2-0+deb11u2 [1046 kB]
Get:460 http://http.kali.org/kali kali-rolling/main amd64 libbs2b0 amd64 3.1.0+dfsg-2.2+b1 [12.2 kB]
Get:461 http://kali.cs.nctu.edu.tw/kali kali-rolling/main amd64 libflite1 amd64 2.2-2 [12.8 MB]
Get:462 http://kali.cs.nctu.edu.tw/kali kali-rolling/main amd64 libserd-0-0 amd64 0.30.10-2 [46.0 kB]
Get:463 http://kali.cs.nctu.edu.tw/kali kali-rolling/main amd64 libsord-0-0 amd64 0.16.8-2 [24.2 kB]
Get:464 http://kali.cs.nctu.edu.tw/kali kali-rolling/main amd64 libsratom-0-0 amd64 0.6.8-1 [17.9 kB]
Get:465 http://kali.cs.nctu.edu.tw/kali kali-rolling/main amd64 liblilv-0-0 amd64 0.24.12-2 [49.2 kB]
Get:466 http://http.kali.org/kali kali-rolling/main amd64 libmysofa1 amd64 1.2~dfsg0-1 [1157 kB]
Get:467 http://kali.cs.nctu.edu.tw/kali kali-rolling/main amd64 libblas3 amd64 3.9.0-3 [153 kB]
Get:468 http://kali.cs.nctu.edu.tw/kali kali-rolling/main amd64 libgfortran5 amd64 10.2.1-6 [727 kB]
Get:469 http://kali.cs.nctu.edu.tw/kali kali-rolling/main amd64 liblapack3 amd64 3.9.0-3 [2166 kB]
Get:470 http://http.kali.org/kali kali-rolling/main amd64 libasyncns0 amd64 0.8-6+b2 [12.9 kB]
Get:471 http://kali.cs.nctu.edu.tw/kali kali-rolling/main amd64 libflac8 amd64 1.3.3-2 [112 kB]
Get:472 http://kali.cs.nctu.edu.tw/kali kali-rolling/main amd64 libsndfile1 amd64 1.0.31-2 [188 kB]
Get:473 http://kali.cs.nctu.edu.tw/kali kali-rolling/main amd64 libwrap0 amd64 7.6.q-31 [59.0 kB]
Get:474 http://kali.cs.nctu.edu.tw/kali kali-rolling/main amd64 libpulse0 amd64 14.2-2 [285 kB]
Get:475 http://http.kali.org/kali kali-rolling/main amd64 libsphinxbase3 amd64 0.8+5prealpha+1-12 [120 kB]
Get:476 http://http.kali.org/kali kali-rolling/main amd64 libpocketsphinx3 amd64 0.8+5prealpha+1-13 [124 kB]
Get:477 http://http.kali.org/kali kali-rolling/main amd64 libpostproc55 amd64 7:4.3.2-0+deb11u2 [98.7 kB]
Get:478 http://kali.cs.nctu.edu.tw/kali kali-rolling/main amd64 libfftw3-double3 amd64 3.3.8-2 [733 kB]
Get:479 http://http.kali.org/kali kali-rolling/main amd64 libsamplerate0 amd64 0.2.1+ds0-1 [954 kB]
Get:480 http://kali.cs.nctu.edu.tw/kali kali-rolling/main amd64 librubberband2 amd64 1.9.0-1 [86.0 kB]
Get:481 http://http.kali.org/kali kali-rolling/main amd64 libswscale5 amd64 7:4.3.2-0+deb11u2 [202 kB]
Get:482 http://http.kali.org/kali kali-rolling/main amd64 libvidstab1.1 amd64 1.1.0-2+b1 [37.8 kB]
Get:483 http://http.kali.org/kali kali-rolling/main amd64 libavfilter7 amd64 7:4.3.2-0+deb11u2 [1292 kB]
Get:484 http://kali.cs.nctu.edu.tw/kali kali-rolling/main amd64 libdw1 amd64 0.183-1 [234 kB]
Get:485 http://kali.cs.nctu.edu.tw/kali kali-rolling/main amd64 libunwind8 amd64 1.3.2-2 [54.5 kB]
Get:486 http://kali.cs.nctu.edu.tw/kali kali-rolling/main amd64 libgstreamer1.0-0 amd64 1.18.4-2.1 [2230 kB]
Get:487 http://kali.cs.nctu.edu.tw/kali kali-rolling/main amd64 liborc-0.4-0 amd64 1:0.4.32-1 [192 kB]
Get:488 http://kali.cs.nctu.edu.tw/kali kali-rolling/main amd64 iso-codes all 4.6.0-1 [2824 kB]
Get:489 http://kali.cs.nctu.edu.tw/kali kali-rolling/main amd64 libgstreamer-plugins-base1.0-0 amd64 1.18.4-2 [2154 kB]
Get:490 http://kali.cs.nctu.edu.tw/kali kali-rolling/main amd64 gstreamer1.0-libav amd64 1.18.4-3 [214 kB]
Get:491 http://http.kali.org/kali kali-rolling/main amd64 libcdparanoia0 amd64 3.10.2+debian-14 [48.8 kB]
Get:492 http://kali.cs.nctu.edu.tw/kali kali-rolling/main amd64 libvisual-0.4-0 amd64 0.4.0-17 [134 kB]
Get:493 http://kali.cs.nctu.edu.tw/kali kali-rolling/main amd64 gstreamer1.0-plugins-base amd64 1.18.4-2 [1984 kB]
Get:494 http://kali.cs.nctu.edu.tw/kali kali-rolling/main amd64 libslang2 amd64 2.3.2-5 [509 kB]
Get:495 http://kali.cs.nctu.edu.tw/kali kali-rolling/main amd64 libaa1 amd64 1.4p5-48 [55.5 kB]
Get:496 http://kali.cs.nctu.edu.tw/kali kali-rolling/main amd64 libraw1394-11 amd64 2.1.2-2 [41.1 kB]
Get:497 http://kali.cs.nctu.edu.tw/kali kali-rolling/main amd64 libavc1394-0 amd64 0.5.4-5 [19.9 kB]
Get:498 http://kali.cs.nctu.edu.tw/kali kali-rolling/main amd64 libcaca0 amd64 0.99.beta19-2.2 [348 kB]
Get:499 http://kali.cs.nctu.edu.tw/kali kali-rolling/main amd64 libdv4 amd64 1.0.0-13 [74.8 kB]
Get:500 http://kali.cs.nctu.edu.tw/kali kali-rolling/main amd64 libiec61883-0 amd64 1.2.0-4 [31.4 kB]
Get:501 http://http.kali.org/kali kali-rolling/main amd64 libjack-jackd2-0 amd64 1.9.17~dfsg-1 [289 kB]
Get:502 http://http.kali.org/kali kali-rolling/main amd64 libshout3 amd64 2.4.5-1+b1 [56.7 kB]
Get:503 http://kali.cs.nctu.edu.tw/kali kali-rolling/main amd64 libsoup2.4-1 amd64 2.72.0-4 [281 kB]
Get:504 http://http.kali.org/kali kali-rolling/main amd64 libtag1v5-vanilla amd64 1.11.1+dfsg.1-3 [292 kB]
Get:505 http://http.kali.org/kali kali-rolling/main amd64 libtag1v5 amd64 1.11.1+dfsg.1-3 [24.5 kB]
Get:506 http://kali.cs.nctu.edu.tw/kali kali-rolling/main amd64 libv4lconvert0 amd64 1.20.0-4 [139 kB]
Get:507 http://kali.cs.nctu.edu.tw/kali kali-rolling/main amd64 libv4l-0 amd64 1.20.0-4 [105 kB]
Get:508 http://kali.cs.nctu.edu.tw/kali kali-rolling/main amd64 gstreamer1.0-plugins-good amd64 1.18.4-2 [3169 kB]
Get:509 http://kali.cs.nctu.edu.tw/kali kali-rolling/main amd64 libxv1 amd64 2:1.0.11-1 [24.6 kB]
Get:510 http://kali.cs.nctu.edu.tw/kali kali-rolling/main amd64 gstreamer1.0-x amd64 1.18.4-2 [1423 kB]
Get:511 http://kali.cs.nctu.edu.tw/kali kali-rolling/main amd64 libgc1 amd64 1:8.0.4-3 [239 kB]
Get:512 http://kali.cs.nctu.edu.tw/kali kali-rolling/main amd64 libltdl7 amd64 2.4.6-15 [391 kB]
Get:513 http://kali.cs.nctu.edu.tw/kali kali-rolling/main amd64 guile-3.0-libs amd64 3.0.5-4 [6406 kB]
Get:514 http://kali.cs.nctu.edu.tw/kali kali-rolling/main amd64 libhfsp0 amd64 1.0.4-16 [35.9 kB]
Get:515 http://kali.cs.nctu.edu.tw/kali kali-rolling/main amd64 hfsplus amd64 1.0.4-16 [37.6 kB]
Get:516 http://http.kali.org/kali kali-rolling/main amd64 i965-va-driver amd64 2.4.1+dfsg1-1 [309 kB]
Get:517 http://http.kali.org/kali kali-rolling/main amd64 libnl-3-200 amd64 3.4.0-1+b1 [63.6 kB]
Get:518 http://http.kali.org/kali kali-rolling/main amd64 libnl-route-3-200 amd64 3.4.0-1+b1 [161 kB]
Get:519 http://kali.cs.nctu.edu.tw/kali kali-rolling/main amd64 libibverbs1 amd64 33.2-1 [59.4 kB]
Get:520 http://kali.cs.nctu.edu.tw/kali kali-rolling/main amd64 ibverbs-providers amd64 33.2-1 [253 kB]
Get:521 http://kali.cs.nctu.edu.tw/kali kali-rolling/main amd64 libencode-locale-perl all 1.05-1.1 [13.2 kB]
Get:522 http://kali.cs.nctu.edu.tw/kali kali-rolling/main amd64 libtimedate-perl all 2.3300-2 [39.3 kB]
Get:523 http://kali.cs.nctu.edu.tw/kali kali-rolling/main amd64 libhttp-date-perl all 6.05-1 [10.4 kB]
Get:524 http://kali.cs.nctu.edu.tw/kali kali-rolling/main amd64 libfile-listing-perl all 6.14-1 [12.4 kB]
Get:525 http://kali.cs.nctu.edu.tw/kali kali-rolling/main amd64 libhtml-tagset-perl all 3.20-4 [13.0 kB]
Get:526 http://kali.cs.nctu.edu.tw/kali kali-rolling/main amd64 liburi-perl all 5.08-1 [90.6 kB]
Get:527 http://kali.cs.nctu.edu.tw/kali kali-rolling/main amd64 libhtml-parser-perl amd64 3.76-1 [105 kB]
Get:528 http://kali.cs.nctu.edu.tw/kali kali-rolling/main amd64 libhtml-tree-perl all 5.07-2 [213 kB]
Get:529 http://kali.cs.nctu.edu.tw/kali kali-rolling/main amd64 libio-html-perl all 1.004-2 [16.1 kB]
Get:530 http://kali.cs.nctu.edu.tw/kali kali-rolling/main amd64 liblwp-mediatypes-perl all 6.04-1 [19.9 kB]
Get:531 http://kali.cs.nctu.edu.tw/kali kali-rolling/main amd64 libhttp-message-perl all 6.29-1 [79.7 kB]
Get:532 http://kali.cs.nctu.edu.tw/kali kali-rolling/main amd64 libhttp-cookies-perl all 6.10-1 [19.6 kB]
Get:533 http://kali.cs.nctu.edu.tw/kali kali-rolling/main amd64 libhttp-negotiate-perl all 6.01-1 [12.8 kB]
Get:534 http://kali.cs.nctu.edu.tw/kali kali-rolling/main amd64 perl-openssl-defaults amd64 5 [7360 B]
Get:535 http://http.kali.org/kali kali-rolling/main amd64 libnet-ssleay-perl amd64 1.88-3+b1 [321 kB]
Get:536 http://kali.cs.nctu.edu.tw/kali kali-rolling/main amd64 libio-socket-ssl-perl all 2.069-1 [215 kB]
Get:537 http://kali.cs.nctu.edu.tw/kali kali-rolling/main amd64 libnet-http-perl all 6.20-1 [25.1 kB]
Get:538 http://kali.cs.nctu.edu.tw/kali kali-rolling/main amd64 liblwp-protocol-https-perl all 6.10-1 [12.2 kB]
Get:539 http://kali.cs.nctu.edu.tw/kali kali-rolling/main amd64 libtry-tiny-perl all 0.30-1 [23.3 kB]
Get:540 http://kali.cs.nctu.edu.tw/kali kali-rolling/main amd64 libwww-robotrules-perl all 6.02-1 [12.9 kB]
Get:541 http://kali.cs.nctu.edu.tw/kali kali-rolling/main amd64 libwww-perl all 6.53-1 [192 kB]
Get:542 http://kali.cs.nctu.edu.tw/kali kali-rolling/main amd64 icoutils amd64 0.32.3-3 [67.5 kB]
Get:543 http://kali.cs.nctu.edu.tw/kali kali-rolling/main amd64 libklibc amd64 2.0.8-6.1 [56.6 kB]
Get:544 http://kali.cs.nctu.edu.tw/kali kali-rolling/main amd64 klibc-utils amd64 2.0.8-6.1 [94.4 kB]
Get:545 http://kali.cs.nctu.edu.tw/kali kali-rolling/main amd64 initramfs-tools-core all 0.140 [103 kB]
Get:546 http://kali.cs.nctu.edu.tw/kali kali-rolling/main amd64 linux-base all 4.6 [32.4 kB]
Get:547 http://kali.cs.nctu.edu.tw/kali kali-rolling/main amd64 initramfs-tools all 0.140 [71.7 kB]
Get:548 http://http.kali.org/kali kali-rolling/main amd64 libigdgmm11 amd64 20.4.1+ds1-1 [112 kB]
Get:549 http://http.kali.org/kali kali-rolling/main amd64 intel-media-va-driver amd64 21.1.1+dfsg1-1 [1915 kB]
Get:550 http://http.kali.org/kali kali-rolling/main amd64 ipxe-qemu all 1.0.0+git-20190125.36a4c85-5.1 [766 kB]
Get:551 http://http.kali.org/kali kali-rolling/main amd64 javascript-common all 11+nmu1 [6260 B]
Get:552 http://kali.cs.nctu.edu.tw/kali kali-rolling/main amd64 libpcap0.8 amd64 1.10.0-2 [159 kB]
Get:553 http://kali.cs.nctu.edu.tw/kali kali-rolling/main amd64 john-data all 1.9.0-Jumbo-1-0kali3 [22.7 MB]
Get:554 http://kali.cs.nctu.edu.tw/kali kali-rolling/main amd64 john amd64 1.9.0-Jumbo-1-0kali3 [12.9 MB]
Get:555 http://kali.cs.nctu.edu.tw/kali kali-rolling/main amd64 kpartx amd64 0.8.5-2 [39.2 kB]
Get:556 http://kali.cs.nctu.edu.tw/kali kali-rolling/main amd64 libjson-glib-1.0-common all 1.6.2-1 [56.9 kB]
Get:557 http://kali.cs.nctu.edu.tw/kali kali-rolling/main amd64 libjson-glib-1.0-0 amd64 1.6.2-1 [65.4 kB]
Get:558 http://kali.cs.nctu.edu.tw/kali kali-rolling/main amd64 libldm-1.0-0 amd64 0.2.5-1 [23.3 kB]
Get:559 http://kali.cs.nctu.edu.tw/kali kali-rolling/main amd64 ldmtool amd64 0.2.5-1 [14.4 kB]
Get:560 http://kali.cs.nctu.edu.tw/kali kali-rolling/main amd64 libaacs0 amd64 0.9.0-2 [52.4 kB]
Get:561 http://kali.cs.nctu.edu.tw/kali kali-rolling/main amd64 libafflib0v5 amd64 3.7.19-2 [240 kB]
Get:562 http://kali.cs.nctu.edu.tw/kali kali-rolling/main amd64 libalgorithm-diff-perl all 1.201-1 [43.3 kB]
Get:563 http://http.kali.org/kali kali-rolling/main amd64 libalgorithm-diff-xs-perl amd64 0.04-6+b1 [12.0 kB]
Get:564 http://kali.cs.nctu.edu.tw/kali kali-rolling/main amd64 libalgorithm-merge-perl all 0.08-3 [12.7 kB]
Get:565 http://kali.cs.nctu.edu.tw/kali kali-rolling/main amd64 php-common all 2:76 [15.6 kB]
Get:566 http://http.kali.org/kali kali-rolling/main amd64 php7.4-common amd64 7.4.21-1+deb11u1 [1019 kB]
Get:567 http://http.kali.org/kali kali-rolling/main amd64 php7.4-json amd64 7.4.21-1+deb11u1 [19.3 kB]
Get:568 http://http.kali.org/kali kali-rolling/main amd64 php7.4-opcache amd64 7.4.21-1+deb11u1 [198 kB]
Get:569 http://http.kali.org/kali kali-rolling/main amd64 php7.4-readline amd64 7.4.21-1+deb11u1 [12.3 kB]
Get:570 http://http.kali.org/kali kali-rolling/main amd64 php7.4-cli amd64 7.4.21-1+deb11u1 [1426 kB]
Get:571 http://http.kali.org/kali kali-rolling/main amd64 libapache2-mod-php7.4 amd64 7.4.21-1+deb11u1 [1374 kB]
Get:572 http://kali.cs.nctu.edu.tw/kali kali-rolling/main amd64 libatk1.0-data all 2.36.0-2 [149 kB]
Get:573 http://kali.cs.nctu.edu.tw/kali kali-rolling/main amd64 libatk1.0-0 amd64 2.36.0-2 [52.2 kB]
Get:574 http://kali.cs.nctu.edu.tw/kali kali-rolling/main amd64 libatk-bridge2.0-0 amd64 2.38.0-1 [64.6 kB]
Get:575 http://kali.cs.nctu.edu.tw/kali kali-rolling/main amd64 libatm1 amd64 1:2.5.1-4 [71.3 kB]
Get:576 http://kali.cs.nctu.edu.tw/kali kali-rolling/main amd64 libaugeas0 amd64 1.12.0-2 [338 kB]
Get:577 http://kali.cs.nctu.edu.tw/kali kali-rolling/main amd64 libauthen-sasl-perl all 2.1600-1.1 [45.4 kB]
Get:578 http://kali.cs.nctu.edu.tw/kali kali-rolling/main amd64 libbdplus0 amd64 0.1.2-3 [47.5 kB]
Get:579 http://kali.cs.nctu.edu.tw/kali kali-rolling/main amd64 libbfio1 amd64 20170123-6 [308 kB]
Get:580 http://http.kali.org/kali kali-rolling/main amd64 libbrlapi0.8 amd64 6.3+dfsg-1 [102 kB]
Get:581 http://kali.cs.nctu.edu.tw/kali kali-rolling/main amd64 libxpm4 amd64 1:3.5.12-1 [49.1 kB]
Get:582 http://kali.cs.nctu.edu.tw/kali kali-rolling/main amd64 libgd3 amd64 2.3.0-2 [137 kB]
Get:583 http://kali.cs.nctu.edu.tw/kali kali-rolling/main amd64 libc-devtools amd64 2.31-13 [245 kB]
Get:584 http://kali.cs.nctu.edu.tw/kali kali-rolling/main amd64 libnspr4 amd64 2:4.32-1 [112 kB]
Get:585 http://kali.cs.nctu.edu.tw/kali kali-rolling/main amd64 libnss3 amd64 2:3.68-1 [1319 kB]
Get:586 http://kali.cs.nctu.edu.tw/kali kali-rolling/main amd64 libpcsclite1 amd64 1.9.1-1 [60.2 kB]
Get:587 http://kali.cs.nctu.edu.tw/kali kali-rolling/main amd64 libcacard0 amd64 1:2.8.0-3 [91.1 kB]
Get:588 http://kali.cs.nctu.edu.tw/kali kali-rolling/main amd64 libcapstone4 amd64 4.0.2-3 [566 kB]
Get:589 http://http.kali.org/kali kali-rolling/main amd64 libclone-perl amd64 0.45-1+b1 [15.4 kB]
Get:590 http://kali.cs.nctu.edu.tw/kali kali-rolling/main amd64 libcolord2 amd64 1.4.5-3 [144 kB]
Get:591 http://kali.cs.nctu.edu.tw/kali kali-rolling/main amd64 libconfig9 amd64 1.5-0.4 [29.9 kB]
Get:592 http://kali.cs.nctu.edu.tw/kali kali-rolling/main amd64 libdata-dump-perl all 1.23-1.1 [27.6 kB]
Get:593 http://kali.cs.nctu.edu.tw/kali kali-rolling/main amd64 libdate-manip-perl all 6.85-1 [934 kB]
Get:594 http://kali.cs.nctu.edu.tw/kali kali-rolling/main amd64 libdaxctl1 amd64 71.1-1 [18.7 kB]
Get:595 http://kali.cs.nctu.edu.tw/kali kali-rolling/main amd64 libepoxy0 amd64 1.5.5-1 [193 kB]
Get:596 http://http.kali.org/kali kali-rolling/main amd64 libewf2 amd64 20140807-2+b2 [551 kB]
Get:597 http://kali.cs.nctu.edu.tw/kali kali-rolling/main amd64 libexecs0 amd64 1.3-1 [8756 B]
Get:598 http://http.kali.org/kali kali-rolling/main amd64 libfile-fcntllock-perl amd64 0.22-3+b7 [35.5 kB]
Get:599 http://kali.cs.nctu.edu.tw/kali kali-rolling/main amd64 libfont-afm-perl all 1.20-3 [14.0 kB]
Get:600 http://http.kali.org/kali kali-rolling/main amd64 libgdk-pixbuf2.0-bin amd64 2.42.2+dfsg-1 [25.5 kB]
Get:601 http://kali.cs.nctu.edu.tw/kali kali-rolling/main amd64 libglib2.0-data all 2.66.8-1 [1164 kB]
Get:602 http://kali.cs.nctu.edu.tw/kali kali-rolling/main amd64 libglu1-mesa amd64 9.0.1-1 [168 kB]
Get:603 http://http.kali.org/kali kali-rolling/main amd64 libgmpxx4ldbl amd64 2:6.2.1+dfsg-1 [337 kB]
Get:604 http://http.kali.org/kali kali-rolling/main amd64 libgmp-dev amd64 2:6.2.1+dfsg-1 [643 kB]
Get:605 http://kali.cs.nctu.edu.tw/kali kali-rolling/main amd64 libntlm0 amd64 1.6-3 [84.7 kB]
Get:606 http://kali.cs.nctu.edu.tw/kali kali-rolling/main amd64 libgsasl7 amd64 1.10.0-5 [195 kB]
Get:607 http://kali.cs.nctu.edu.tw/kali kali-rolling/main amd64 libsoup-gnome2.4-1 amd64 2.72.0-4 [22.3 kB]
Get:608 http://kali.cs.nctu.edu.tw/kali kali-rolling/main amd64 librest-0.7-0 amd64 0.8.1-1.1 [33.8 kB]
Get:609 http://kali.cs.nctu.edu.tw/kali kali-rolling/main amd64 libwayland-cursor0 amd64 1.19.0-2 [14.6 kB]
Get:610 http://kali.cs.nctu.edu.tw/kali kali-rolling/main amd64 libwayland-egl1 amd64 1.19.0-2 [8472 B]
Get:611 http://kali.cs.nctu.edu.tw/kali kali-rolling/main amd64 libxcomposite1 amd64 1:0.4.5-1 [16.6 kB]
Get:612 http://kali.cs.nctu.edu.tw/kali kali-rolling/main amd64 libxcursor1 amd64 1:1.2.0-2 [37.3 kB]
Get:613 http://kali.cs.nctu.edu.tw/kali kali-rolling/main amd64 libxinerama1 amd64 2:1.1.4-2 [17.7 kB]
Get:614 http://kali.cs.nctu.edu.tw/kali kali-rolling/main amd64 libxrandr2 amd64 2:1.5.1-1 [37.5 kB]
Get:615 http://http.kali.org/kali kali-rolling/main amd64 libgtk-3-common all 3.24.24-4 [3757 kB]
Get:616 http://http.kali.org/kali kali-rolling/main amd64 libgtk-3-0 amd64 3.24.24-4 [2712 kB]
Get:617 http://http.kali.org/kali kali-rolling/main amd64 libgtk-3-bin amd64 3.24.24-4 [124 kB]
Get:618 http://kali.cs.nctu.edu.tw/kali kali-rolling/main amd64 libhivex0 amd64 1.3.20-1 [66.3 kB]
Get:619 http://kali.cs.nctu.edu.tw/kali kali-rolling/main amd64 libvhdi1 amd64 20201204-3 [383 kB]
Get:620 http://kali.cs.nctu.edu.tw/kali kali-rolling/main amd64 libvmdk1 amd64 20200926-2 [406 kB]
Get:621 http://http.kali.org/kali kali-rolling/main amd64 libtsk19 amd64 4.10.1+dfsg-1 [411 kB]
Get:622 http://kali.cs.nctu.edu.tw/kali kali-rolling/main amd64 libyajl2 amd64 2.1.0-3 [23.8 kB]
Get:623 http://kali.cs.nctu.edu.tw/kali kali-rolling/main amd64 libvirt0 amd64 7.0.0-3 [3954 kB]
Get:624 http://kali.cs.nctu.edu.tw/kali kali-rolling/main amd64 libyara4 amd64 4.0.5-1 [146 kB]
Get:625 http://http.kali.org/kali kali-rolling/main amd64 supermin amd64 5.2.1-4+b2 [442 kB]
Get:626 http://kali.cs.nctu.edu.tw/kali kali-rolling/main amd64 libndctl6 amd64 71.1-1 [54.2 kB]
Get:627 http://kali.cs.nctu.edu.tw/kali kali-rolling/main amd64 libpmem1 amd64 1.11.0-2 [85.2 kB]
Get:628 http://kali.cs.nctu.edu.tw/kali kali-rolling/main amd64 librdmacm1 amd64 33.2-1 [68.9 kB]
Get:629 http://kali.cs.nctu.edu.tw/kali kali-rolling/main amd64 libslirp0 amd64 4.4.0-1 [57.2 kB]
Get:630 http://kali.cs.nctu.edu.tw/kali kali-rolling/main amd64 libspice-server1 amd64 0.14.3-2.1 [351 kB]
Get:631 http://kali.cs.nctu.edu.tw/kali kali-rolling/main amd64 liburing1 amd64 0.7-3 [8572 B]
Get:632 http://kali.cs.nctu.edu.tw/kali kali-rolling/main amd64 libusb-1.0-0 amd64 2:1.0.24-3 [60.2 kB]
Get:633 http://http.kali.org/kali kali-rolling/main amd64 libusbredirparser1 amd64 0.8.0-1+b1 [17.4 kB]
Get:634 http://kali.cs.nctu.edu.tw/kali kali-rolling/main amd64 libvdeplug2 amd64 4.0.1-2 [27.7 kB]
Get:635 http://kali.cs.nctu.edu.tw/kali kali-rolling/main amd64 libvirglrenderer1 amd64 0.8.2-5 [168 kB]
Get:636 http://http.kali.org/kali kali-rolling/main amd64 libxentoolcore1 amd64 4.14.2+25-gb6a8c4f72d-2 [35.1 kB]
Get:637 http://http.kali.org/kali kali-rolling/main amd64 libxentoollog1 amd64 4.14.2+25-gb6a8c4f72d-2 [36.9 kB]
Get:638 http://http.kali.org/kali kali-rolling/main amd64 libxencall1 amd64 4.14.2+25-gb6a8c4f72d-2 [37.3 kB]
Get:639 http://http.kali.org/kali kali-rolling/main amd64 libxendevicemodel1 amd64 4.14.2+25-gb6a8c4f72d-2 [38.0 kB]
Get:640 http://http.kali.org/kali kali-rolling/main amd64 libxenevtchn1 amd64 4.14.2+25-gb6a8c4f72d-2 [35.6 kB]
Get:641 http://http.kali.org/kali kali-rolling/main amd64 libxenforeignmemory1 amd64 4.14.2+25-gb6a8c4f72d-2 [37.5 kB]
Get:642 http://http.kali.org/kali kali-rolling/main amd64 libxengnttab1 amd64 4.14.2+25-gb6a8c4f72d-2 [38.0 kB]
Get:643 http://http.kali.org/kali kali-rolling/main amd64 libxenhypfs1 amd64 4.14.2+25-gb6a8c4f72d-2 [37.6 kB]
Get:644 http://http.kali.org/kali kali-rolling/main amd64 libxenstore3.0 amd64 4.14.2+25-gb6a8c4f72d-2 [44.4 kB]
Get:645 http://http.kali.org/kali kali-rolling/main amd64 libxenmisc4.14 amd64 4.14.2+25-gb6a8c4f72d-2 [508 kB]
Get:646 http://http.kali.org/kali kali-rolling/main amd64 qemu-system-common amd64 1:5.2+dfsg-11 [1676 kB]
Get:647 http://http.kali.org/kali kali-rolling/main amd64 qemu-system-data all 1:5.2+dfsg-11 [1165 kB]
Get:648 http://kali.cs.nctu.edu.tw/kali kali-rolling/main amd64 seabios all 1.14.0-2 [149 kB]
Get:649 http://http.kali.org/kali kali-rolling/main amd64 qemu-system-x86 amd64 1:5.2+dfsg-11 [8276 kB]
Get:650 http://kali.cs.nctu.edu.tw/kali kali-rolling/main amd64 libnetpbm10 amd64 2:10.0-15.4 [86.2 kB]
Get:651 http://kali.cs.nctu.edu.tw/kali kali-rolling/main amd64 netpbm amd64 2:10.0-15.4 [1011 kB]
Get:652 http://kali.cs.nctu.edu.tw/kali kali-rolling/main amd64 osinfo-db all 0.20210809-1 [127 kB]
Get:653 http://http.kali.org/kali kali-rolling/main amd64 lsscsi amd64 0.31-1+b1 [50.4 kB]
Get:654 http://kali.cs.nctu.edu.tw/kali kali-rolling/main amd64 lzop amd64 1.04-2 [84.2 kB]
Get:655 http://http.kali.org/kali kali-rolling/main amd64 mtools amd64 4.0.33-1+really4.0.32-1 [202 kB]
Get:656 http://kali.cs.nctu.edu.tw/kali kali-rolling/main amd64 libntfs-3g883 amd64 1:2017.3.23AR.3-4 [167 kB]
Get:657 http://kali.cs.nctu.edu.tw/kali kali-rolling/main amd64 ntfs-3g amd64 1:2017.3.23AR.3-4 [410 kB]
Get:658 http://kali.cs.nctu.edu.tw/kali kali-rolling/main amd64 libparted2 amd64 3.4-1 [335 kB]
Get:659 http://kali.cs.nctu.edu.tw/kali kali-rolling/main amd64 parted amd64 3.4-1 [219 kB]
Get:660 http://http.kali.org/kali kali-rolling/main amd64 qemu-utils amd64 1:5.2+dfsg-11 [1197 kB]
Get:661 http://http.kali.org/kali kali-rolling/main amd64 scrub amd64 2.6.1-1+b1 [34.5 kB]
Get:662 http://http.kali.org/kali kali-rolling/main amd64 sleuthkit amd64 4.10.1+dfsg-1 [338 kB]
Get:663 http://kali.cs.nctu.edu.tw/kali kali-rolling/main amd64 squashfs-tools amd64 1:4.4-2 [134 kB]
Get:664 http://http.kali.org/kali kali-rolling/main amd64 syslinux amd64 3:6.04~git20190206.bf6db5b4+dfsg1-3+b1 [203 kB]
Get:665 http://kali.cs.nctu.edu.tw/kali kali-rolling/main amd64 zerofree amd64 1.1.1-1 [8432 B]
Get:666 http://kali.cs.nctu.edu.tw/kali kali-rolling/main amd64 libguestfs0 amd64 1:1.44.1-1 [4416 kB]
Get:667 http://kali.cs.nctu.edu.tw/kali kali-rolling/main amd64 libguestfs-hfsplus amd64 1:1.44.1-1 [1241 kB]
Get:668 http://kali.cs.nctu.edu.tw/kali kali-rolling/main amd64 libxml-parser-perl amd64 2.46-2 [206 kB]
Get:669 http://kali.cs.nctu.edu.tw/kali kali-rolling/main amd64 libxml-xpath-perl all 1.44-1 [69.5 kB]
Get:670 http://kali.cs.nctu.edu.tw/kali kali-rolling/main amd64 libwin-hivex-perl amd64 1.3.20-1 [73.1 kB]
Get:671 http://kali.cs.nctu.edu.tw/kali kali-rolling/main amd64 libsys-virt-perl amd64 7.0.0-1 [280 kB]
Get:672 http://kali.cs.nctu.edu.tw/kali kali-rolling/main amd64 libguestfs-perl amd64 1:1.44.1-1 [1539 kB]
Get:673 http://kali.cs.nctu.edu.tw/kali kali-rolling/main amd64 reiserfsprogs amd64 1:3.6.27-4 [243 kB]
Get:674 http://kali.cs.nctu.edu.tw/kali kali-rolling/main amd64 libguestfs-reiserfs amd64 1:1.44.1-1 [1241 kB]
Get:675 http://kali.cs.nctu.edu.tw/kali kali-rolling/main amd64 libintl-perl all 1.26-3 [744 kB]
Get:676 http://kali.cs.nctu.edu.tw/kali kali-rolling/main amd64 libstring-shellquote-perl all 1.04-1 [12.6 kB]
Get:677 http://kali.cs.nctu.edu.tw/kali kali-rolling/main amd64 libguestfs-tools amd64 1:1.44.1-1 [5701 kB]
Get:678 http://http.kali.org/kali kali-rolling/main amd64 libinih1 amd64 53-1+b2 [6792 B]
Get:679 http://kali.cs.nctu.edu.tw/kali kali-rolling/main amd64 xfsprogs amd64 5.10.0-4 [959 kB]
Get:680 http://kali.cs.nctu.edu.tw/kali kali-rolling/main amd64 libguestfs-xfs amd64 1:1.44.1-1 [1241 kB]
Get:681 http://kali.cs.nctu.edu.tw/kali kali-rolling/main amd64 libhtml-form-perl all 6.07-1 [22.9 kB]
Get:682 http://kali.cs.nctu.edu.tw/kali kali-rolling/main amd64 libhtml-format-perl all 2.12-1.1 [43.8 kB]
Get:683 http://kali.cs.nctu.edu.tw/kali kali-rolling/main amd64 libhttp-daemon-perl all 6.12-1 [22.9 kB]
Get:684 http://kali.cs.nctu.edu.tw/kali kali-rolling/main amd64 libimagequant0 amd64 2.12.2-1.1 [32.5 kB]
Get:685 http://kali.cs.nctu.edu.tw/kali kali-rolling/main amd64 libiniparser1 amd64 4.1-4 [9980 B]
Get:686 http://kali.cs.nctu.edu.tw/kali kali-rolling/main amd64 libintl-xs-perl amd64 1.26-3 [39.2 kB]
Get:687 http://http.kali.org/kali kali-rolling/main amd64 libjs-jquery all 3.5.1+dfsg+~3.5.5-7 [315 kB]
Get:688 http://http.kali.org/kali kali-rolling/main amd64 libjs-jquery-ui all 1.12.1+dfsg-8 [232 kB]
Get:689 http://http.kali.org/kali kali-rolling/main amd64 liblbfgsb0 amd64 3.0+dfsg.3-9 [28.5 kB]
Get:690 http://http.kali.org/kali kali-rolling/main amd64 libldap-common all 2.4.57+dfsg-3 [95.9 kB]
Get:691 http://http.kali.org/kali kali-rolling/main amd64 liblinear4 amd64 2.3.0+dfsg-5 [43.6 kB]
Get:692 http://kali.cs.nctu.edu.tw/kali kali-rolling/main amd64 libnet-smtp-ssl-perl all 1.04-1 [6184 B]
Get:693 http://kali.cs.nctu.edu.tw/kali kali-rolling/main amd64 libmailtools-perl all 2.21-1 [95.5 kB]
Get:694 http://kali.cs.nctu.edu.tw/kali kali-rolling/main amd64 mailutils-common all 1:3.11.1-5 [745 kB]
Get:695 http://http.kali.org/kali kali-rolling/main amd64 mysql-common all 5.8+1.0.7 [7464 B]
Get:696 http://kali.cs.nctu.edu.tw/kali kali-rolling/main amd64 mariadb-common all 1:10.5.12-1 [36.3 kB]
Get:697 http://kali.cs.nctu.edu.tw/kali kali-rolling/main amd64 libmariadb3 amd64 1:10.5.12-1 [175 kB]
Get:698 http://kali.cs.nctu.edu.tw/kali kali-rolling/main amd64 libpq5 amd64 13.3-1 [178 kB]
Get:699 http://kali.cs.nctu.edu.tw/kali kali-rolling/main amd64 libpython3.9 amd64 3.9.2-1 [1691 kB]
Get:700 http://kali.cs.nctu.edu.tw/kali kali-rolling/main amd64 libmailutils8 amd64 1:3.11.1-5 [908 kB]
Get:701 http://kali.cs.nctu.edu.tw/kali kali-rolling/main amd64 libmodule-find-perl all 0.15-1 [11.0 kB]
Get:702 http://kali.cs.nctu.edu.tw/kali kali-rolling/main amd64 libmodule-scandeps-perl all 1.30-1 [44.9 kB]
Get:703 http://kali.cs.nctu.edu.tw/kali kali-rolling/main amd64 libpam-cap amd64 1:2.44-1 [15.4 kB]
Get:704 http://http.kali.org/kali kali-rolling/main amd64 libpaper-utils amd64 1.1.28+b1 [18.3 kB]
Get:705 http://http.kali.org/kali kali-rolling/main amd64 libproc-processtable-perl amd64 0.59-2+b1 [45.9 kB]
Get:706 http://http.kali.org/kali kali-rolling/main amd64 libqt5xml5 amd64 5.15.2+dfsg-9 [147 kB]
Get:707 http://kali.cs.nctu.edu.tw/kali kali-rolling/main amd64 libqt5designer5 amd64 5.15.2-5 [2704 kB]
Get:708 http://http.kali.org/kali kali-rolling/main amd64 libqt5sql5 amd64 5.15.2+dfsg-9 [144 kB]
Get:709 http://kali.cs.nctu.edu.tw/kali kali-rolling/main amd64 libqt5help5 amd64 5.15.2-5 [143 kB]
Get:710 http://http.kali.org/kali kali-rolling/main amd64 libqt5opengl5 amd64 5.15.2+dfsg-9 [175 kB]
Get:711 http://http.kali.org/kali kali-rolling/main amd64 libqt5printsupport5 amd64 5.15.2+dfsg-9 [222 kB]
Get:712 http://http.kali.org/kali kali-rolling/main amd64 libqt5sql5-sqlite amd64 5.15.2+dfsg-9 [83.9 kB]
Get:713 http://http.kali.org/kali kali-rolling/main amd64 libqt5test5 amd64 5.15.2+dfsg-9 [168 kB]
Get:714 http://http.kali.org/kali kali-rolling/main amd64 librsvg2-common amd64 2.50.3+dfsg-1 [31.0 kB]
Get:715 http://http.kali.org/kali kali-rolling/main amd64 libsasl2-modules amd64 2.1.27+dfsg-2.1 [104 kB]
Get:716 http://kali.cs.nctu.edu.tw/kali kali-rolling/main amd64 libsort-naturally-perl all 1.03-2 [13.5 kB]
Get:717 http://http.kali.org/kali kali-rolling/main amd64 libterm-readkey-perl amd64 2.38-1+b2 [27.8 kB]
Get:718 http://http.kali.org/kali kali-rolling/main amd64 libvdpau-va-gl1 amd64 0.4.2-1+b1 [71.3 kB]
Get:719 http://kali.cs.nctu.edu.tw/kali kali-rolling/main amd64 libvte-2.91-common amd64 0.62.3-1 [64.8 kB]
Get:720 http://kali.cs.nctu.edu.tw/kali kali-rolling/main amd64 libvte-2.91-0 amd64 0.62.3-1 [209 kB]
Get:721 http://kali.cs.nctu.edu.tw/kali kali-rolling/main amd64 libwacom-bin amd64 1.8-2 [7624 B]
Get:722 http://kali.cs.nctu.edu.tw/kali kali-rolling/main amd64 libwebpdemux2 amd64 0.6.1-2.1 [87.7 kB]
Get:723 http://http.kali.org/kali kali-rolling/main amd64 libxmuu1 amd64 2:1.1.2-2+b3 [23.9 kB]
Get:724 http://kali.cs.nctu.edu.tw/kali kali-rolling/main amd64 libxslt1.1 amd64 1.1.34-4 [239 kB]
Get:725 http://kali.cs.nctu.edu.tw/kali kali-rolling/main amd64 linux-image-5.10.0-kali9-amd64 amd64 5.10.46-4kali1 [53.2 MB]
Get:726 http://kali.cs.nctu.edu.tw/kali kali-rolling/main amd64 linux-image-amd64 amd64 5.10.46-4kali1 [1460 B]
Get:727 http://kali.cs.nctu.edu.tw/kali kali-rolling/main amd64 lua-lpeg amd64 1.0.2-1 [33.3 kB]
Get:728 http://kali.cs.nctu.edu.tw/kali kali-rolling/main amd64 mailutils amd64 1:3.11.1-5 [585 kB]
Get:729 http://kali.cs.nctu.edu.tw/kali kali-rolling/main amd64 manpages-dev all 5.10-1 [2309 kB]
Get:730 http://kali.cs.nctu.edu.tw/kali kali-rolling/main amd64 mesa-va-drivers amd64 20.3.5-1 [2623 kB]
Get:731 http://kali.cs.nctu.edu.tw/kali kali-rolling/main amd64 mesa-vdpau-drivers amd64 20.3.5-1 [2744 kB]
Get:732 http://kali.cs.nctu.edu.tw/kali kali-rolling/main amd64 mesa-vulkan-drivers amd64 20.3.5-1 [4086 kB]
Get:733 http://kali.cs.nctu.edu.tw/kali kali-rolling/main amd64 postgresql-client-common all 225 [89.3 kB]
Get:734 http://kali.cs.nctu.edu.tw/kali kali-rolling/main amd64 postgresql-client-13 amd64 13.3-1 [1506 kB]
Get:735 http://http.kali.org/kali kali-rolling/main amd64 ssl-cert all 1.1.0+nmu1 [21.0 kB]
Get:736 http://kali.cs.nctu.edu.tw/kali kali-rolling/main amd64 postgresql-common all 225 [237 kB]
Get:737 http://kali.cs.nctu.edu.tw/kali kali-rolling/main amd64 postgresql-13 amd64 13.3-1 [15.2 MB]
Get:738 http://http.kali.org/kali kali-rolling/main amd64 postgresql all 13+225 [64.7 kB]
Get:739 http://kali.cs.nctu.edu.tw/kali kali-rolling/main amd64 nasm amd64 2.15.05-1 [421 kB]
Get:740 http://http.kali.org/kali kali-rolling/main amd64 nmap-common all 7.91+dfsg1-1kali1 [4040 kB]
Get:741 http://http.kali.org/kali kali-rolling/main amd64 nmap amd64 7.91+dfsg1-1kali1 [2007 kB]
Get:742 http://kali.cs.nctu.edu.tw/kali kali-rolling/non-free amd64 oracle-instantclient-basic amd64 19.6.0.0.0-0kali1 [48.2 MB]
Get:743 http://kali.cs.nctu.edu.tw/kali kali-rolling/main amd64 metasploit-framework amd64 6.1.0-0kali1 [134 MB]
Get:744 http://kali.cs.nctu.edu.tw/kali kali-rolling/main amd64 mtd-utils amd64 1:2.1.2-2 [234 kB]
Get:745 http://kali.cs.nctu.edu.tw/kali kali-rolling/main amd64 ncompress amd64 4.2.4.6-4 [28.2 kB]
Get:746 http://kali.cs.nctu.edu.tw/kali kali-rolling/main amd64 needrestart all 3.5-4 [62.2 kB]
Get:747 http://kali.cs.nctu.edu.tw/kali kali-rolling/main amd64 os-prober amd64 1.79 [30.4 kB]
Get:748 http://kali.cs.nctu.edu.tw/kali kali-rolling/main amd64 ovmf all 2020.11-2 [7192 kB]
Get:749 http://http.kali.org/kali kali-rolling/main amd64 p7zip amd64 16.02+dfsg-8 [381 kB]
Get:750 http://http.kali.org/kali kali-rolling/main amd64 p7zip-full amd64 16.02+dfsg-8 [1183 kB]
Get:751 http://http.kali.org/kali kali-rolling/main amd64 php7.4 all 7.4.21-1+deb11u1 [47.3 kB]
Get:752 http://http.kali.org/kali kali-rolling/main amd64 php all 2:7.4+76 [6340 B]
Get:753 http://http.kali.org/kali kali-rolling/main amd64 pocketsphinx-en-us all 0.8+5prealpha+1-13 [24.3 MB]
Get:754 http://kali.cs.nctu.edu.tw/kali kali-rolling/main amd64 python3-lazy-object-proxy amd64 1.5.2-1 [20.5 kB]
Get:755 http://http.kali.org/kali kali-rolling/main amd64 python3-wrapt amd64 1.12.1-4+b1 [39.3 kB]
Get:756 http://kali.cs.nctu.edu.tw/kali kali-rolling/main amd64 python3-astroid all 2.5.1-1 [163 kB]
Get:757 http://kali.cs.nctu.edu.tw/kali kali-rolling/main amd64 python3-toml all 0.10.1-1 [15.9 kB]
Get:758 http://kali.cs.nctu.edu.tw/kali kali-rolling/main amd64 python3-isort all 5.6.4-1 [63.2 kB]
Get:759 http://kali.cs.nctu.edu.tw/kali kali-rolling/main amd64 python3-mypy-extensions all 0.4.3-2 [5700 B]
Get:760 http://kali.cs.nctu.edu.tw/kali kali-rolling/main amd64 python3-typing-extensions all 3.7.4.3-1 [29.8 kB]
Get:761 http://kali.cs.nctu.edu.tw/kali kali-rolling/main amd64 python3-logilab-common all 1.8.1-1 [379 kB]
Get:762 http://kali.cs.nctu.edu.tw/kali kali-rolling/main amd64 python3-mccabe all 0.6.1-3 [9988 B]
Get:763 http://kali.cs.nctu.edu.tw/kali kali-rolling/main amd64 pylint all 2.7.2-3 [297 kB]
Get:764 http://http.kali.org/kali kali-rolling/main amd64 python3-pyqt5.sip amd64 12.8.1-1+b2 [55.6 kB]
Get:765 http://http.kali.org/kali kali-rolling/main amd64 python3-pyqt5 amd64 5.15.2+dfsg-3 [2450 kB]
Get:766 http://http.kali.org/kali kali-rolling/main amd64 pyqt5-dev-tools amd64 5.15.2+dfsg-3 [174 kB]
Get:767 http://kali.cs.nctu.edu.tw/kali kali-rolling/main amd64 python-matplotlib-data all 3.3.4-1 [4153 kB]
Get:768 http://kali.cs.nctu.edu.tw/kali kali-rolling/main amd64 python3-cycler all 0.10.0-3 [8084 B]
Get:769 http://kali.cs.nctu.edu.tw/kali kali-rolling/main amd64 python3-dateutil all 2.8.1-6 [79.2 kB]
Get:770 http://kali.cs.nctu.edu.tw/kali kali-rolling/main amd64 python3-decorator all 4.4.2-2 [15.8 kB]
Get:771 http://http.kali.org/kali kali-rolling/main amd64 python3-kiwisolver amd64 1.3.1-1+b1 [55.7 kB]
Get:772 http://kali.cs.nctu.edu.tw/kali kali-rolling/main amd64 python3-pyparsing all 2.4.7-1 [109 kB]
Get:773 http://kali.cs.nctu.edu.tw/kali kali-rolling/main amd64 python3-numpy amd64 1:1.19.5-1 [2693 kB]
Get:774 http://http.kali.org/kali kali-rolling/main amd64 python3-pil amd64 8.1.2+dfsg-0.3 [445 kB]
Get:775 http://kali.cs.nctu.edu.tw/kali kali-rolling/main amd64 python3-matplotlib amd64 3.3.4-1 [4163 kB]
Get:776 http://kali.cs.nctu.edu.tw/kali kali-rolling/main amd64 python3-olefile all 0.46-3 [36.1 kB]
Get:777 http://http.kali.org/kali kali-rolling/main amd64 python3-opengl all 3.1.5+dfsg-1 [610 kB]
Get:778 http://http.kali.org/kali kali-rolling/main amd64 python3-pyqt5.qtopengl amd64 5.15.2+dfsg-3 [206 kB]
Get:779 http://kali.cs.nctu.edu.tw/kali kali-rolling/main amd64 python3-scipy amd64 1.6.0-2 [12.3 MB]
Get:780 http://kali.cs.nctu.edu.tw/kali kali-rolling/main amd64 qtchooser amd64 66-2 [26.3 kB]
Get:781 http://http.kali.org/kali kali-rolling/main amd64 qtbase5-dev-tools amd64 5.15.2+dfsg-9 [756 kB]
Get:782 http://kali.cs.nctu.edu.tw/kali kali-rolling/main amd64 python3-pyqtgraph all 0.12.2-1 [589 kB]
Get:783 http://kali.cs.nctu.edu.tw/kali kali-rolling/main amd64 python3-tk amd64 3.9.2-1 [101 kB]
Get:784 http://http.kali.org/kali kali-rolling/main amd64 qemu-system-gui amd64 1:5.2+dfsg-11 [99.8 kB]
Get:785 http://http.kali.org/kali kali-rolling/main amd64 qemu-user-static amd64 1:5.2+dfsg-11 [41.1 MB]
Get:786 http://http.kali.org/kali kali-rolling/main amd64 qt5-gtk-platformtheme amd64 5.15.2+dfsg-9 [143 kB]
Get:787 http://kali.cs.nctu.edu.tw/kali kali-rolling/main amd64 qttranslations5-l10n all 5.15.2-2 [1578 kB]
Get:788 http://kali.cs.nctu.edu.tw/kali kali-rolling/main amd64 ruby2.7-dev amd64 2.7.4-1 [834 kB]
Get:789 http://http.kali.org/kali kali-rolling/main amd64 ruby-dev amd64 1:2.7+2 [10.9 kB]
Get:790 http://kali.cs.nctu.edu.tw/kali kali-rolling/main amd64 ruby2.7-doc all 2.7.4-1 [2815 kB]
Get:791 http://kali.cs.nctu.edu.tw/kali kali-rolling/main amd64 shellcheck amd64 0.7.1-1 [2400 kB]
Get:792 http://http.kali.org/kali kali-rolling/main amd64 syslinux-common all 3:6.04~git20190206.bf6db5b4+dfsg1-3 [1238 kB]
Get:793 http://kali.cs.nctu.edu.tw/kali kali-rolling/main amd64 sysstat amd64 12.5.2-2 [603 kB]
Get:794 http://http.kali.org/kali kali-rolling/main amd64 tcl8.6 amd64 8.6.11+dfsg-1 [124 kB]
Get:795 http://http.kali.org/kali kali-rolling/main amd64 tcl amd64 8.6.11+1 [5788 B]
Get:796 http://http.kali.org/kali kali-rolling/main amd64 tcllib all 1.20+dfsg-1 [4492 kB]
Get:797 http://kali.cs.nctu.edu.tw/kali kali-rolling/main amd64 thin-provisioning-tools amd64 0.9.0-1 [393 kB]
Get:798 http://http.kali.org/kali kali-rolling/main amd64 tree amd64 1.8.0-1+b1 [49.6 kB]
Get:799 http://kali.cs.nctu.edu.tw/kali kali-rolling/main amd64 unzip amd64 6.0-26 [171 kB]
Get:800 http://kali.cs.nctu.edu.tw/kali kali-rolling/main amd64 va-driver-all amd64 2.10.0-1 [15.3 kB]
Get:801 http://kali.cs.nctu.edu.tw/kali kali-rolling/main amd64 vdpau-driver-all amd64 1.4-3 [8540 B]
Get:802 http://kali.cs.nctu.edu.tw/kali kali-rolling/main amd64 virt-p2v amd64 1.42.0-2 [236 kB]
Get:803 http://kali.cs.nctu.edu.tw/kali kali-rolling/main amd64 xauth amd64 1:1.1-1 [40.5 kB]
Get:804 http://kali.cs.nctu.edu.tw/kali kali-rolling/main amd64 xdg-user-dirs amd64 0.17-2 [53.8 kB]
Get:805 http://kali.cs.nctu.edu.tw/kali kali-rolling/main amd64 yara amd64 4.0.5-1 [159 kB]
Get:806 http://kali.cs.nctu.edu.tw/kali kali-rolling/main amd64 zip amd64 3.0-12 [232 kB]
Preconfiguring packages ...
Fetched 880 MB in 23min 37s (621 kB/s)
Selecting previously unselected package sensible-utils.
(Reading database ... (Reading database ... 5%(Reading database ... 10%(Reading database ... 15%(Reading database ... 20%(Reading database ... 25%(Reading database ... 30%(Reading database ... 35%(Reading database ... 40%(Reading database ... 45%(Reading database ... 50%(Reading database ... 55%(Reading database ... 60%(Reading database ... 65%(Reading database ... 70%(Reading database ... 75%(Reading database ... 80%(Reading database ... 85%(Reading database ... 90%(Reading database ... 95%(Reading database ... 100%(Reading database ... 7854 files and directories currently installed.)
Preparing to unpack .../00-sensible-utils_0.0.14_all.deb ...
Unpacking sensible-utils (0.0.14) ...
Selecting previously unselected package cron.
Preparing to unpack .../01-cron_3.0pl1-137_amd64.deb ...
Unpacking cron (3.0pl1-137) ...
Selecting previously unselected package libjansson4:amd64.
Preparing to unpack .../02-libjansson4_2.13.1-1.1_amd64.deb ...
Unpacking libjansson4:amd64 (2.13.1-1.1) ...
Selecting previously unselected package libmnl0:amd64.
Preparing to unpack .../03-libmnl0_1.0.4-3_amd64.deb ...
Unpacking libmnl0:amd64 (1.0.4-3) ...
Selecting previously unselected package libnftnl11:amd64.
Preparing to unpack .../04-libnftnl11_1.1.9-1_amd64.deb ...
Unpacking libnftnl11:amd64 (1.1.9-1) ...
Selecting previously unselected package libxtables12:amd64.
Preparing to unpack .../05-libxtables12_1.8.7-1_amd64.deb ...
Unpacking libxtables12:amd64 (1.8.7-1) ...
Selecting previously unselected package libnftables1:amd64.
Preparing to unpack .../06-libnftables1_0.9.8-3.1_amd64.deb ...
Unpacking libnftables1:amd64 (0.9.8-3.1) ...
Selecting previously unselected package libmd0:amd64.
Preparing to unpack .../07-libmd0_1.0.3-3_amd64.deb ...
Unpacking libmd0:amd64 (1.0.3-3) ...
Selecting previously unselected package libbsd0:amd64.
Preparing to unpack .../08-libbsd0_0.11.3-1_amd64.deb ...
Unpacking libbsd0:amd64 (0.11.3-1) ...
Selecting previously unselected package libedit2:amd64.
Preparing to unpack .../09-libedit2_3.1-20191231-2+b1_amd64.deb ...
Unpacking libedit2:amd64 (3.1-20191231-2+b1) ...
Selecting previously unselected package nftables.
Preparing to unpack .../10-nftables_0.9.8-3.1_amd64.deb ...
Unpacking nftables (0.9.8-3.1) ...
Selecting previously unselected package libapparmor1:amd64.
Preparing to unpack .../11-libapparmor1_2.13.6-10_amd64.deb ...
Unpacking libapparmor1:amd64 (2.13.6-10) ...
Selecting previously unselected package libcap2:amd64.
Preparing to unpack .../12-libcap2_1%3a2.44-1_amd64.deb ...
Unpacking libcap2:amd64 (1:2.44-1) ...
Selecting previously unselected package libargon2-1:amd64.
Preparing to unpack .../13-libargon2-1_0~20171227-0.2_amd64.deb ...
Unpacking libargon2-1:amd64 (0~20171227-0.2) ...
Selecting previously unselected package dmsetup.
Preparing to unpack .../14-dmsetup_2%3a1.02.175-2.1_amd64.deb ...
Unpacking dmsetup (2:1.02.175-2.1) ...
Selecting previously unselected package libdevmapper1.02.1:amd64.
Preparing to unpack .../15-libdevmapper1.02.1_2%3a1.02.175-2.1_amd64.deb ...
Unpacking libdevmapper1.02.1:amd64 (2:1.02.175-2.1) ...
Selecting previously unselected package libjson-c5:amd64.
Preparing to unpack .../16-libjson-c5_0.15-2_amd64.deb ...
Unpacking libjson-c5:amd64 (0.15-2) ...
Selecting previously unselected package libcryptsetup12:amd64.
Preparing to unpack .../17-libcryptsetup12_2%3a2.3.5-1_amd64.deb ...
Unpacking libcryptsetup12:amd64 (2:2.3.5-1) ...
Selecting previously unselected package libip4tc2:amd64.
Preparing to unpack .../18-libip4tc2_1.8.7-1_amd64.deb ...
Unpacking libip4tc2:amd64 (1.8.7-1) ...
Selecting previously unselected package systemd-timesyncd.
Preparing to unpack .../19-systemd-timesyncd_247.3-6_amd64.deb ...
Unpacking systemd-timesyncd (247.3-6) ...
Selecting previously unselected package systemd.
Preparing to unpack .../20-systemd_247.3-6_amd64.deb ...
Unpacking systemd (247.3-6) ...
Setting up libapparmor1:amd64 (2.13.6-10) ...
Setting up libcap2:amd64 (1:2.44-1) ...
Setting up libargon2-1:amd64 (0~20171227-0.2) ...
Setting up libjson-c5:amd64 (0.15-2) ...
Setting up libip4tc2:amd64 (1.8.7-1) ...
Setting up libdevmapper1.02.1:amd64 (2:1.02.175-2.1) ...
Setting up libcryptsetup12:amd64 (2:2.3.5-1) ...
Setting up systemd-timesyncd (247.3-6) ...
Created symlink /etc/systemd/system/dbus-org.freedesktop.timesync1.service → /lib/systemd/system/systemd-timesyncd.service.
Created symlink /etc/systemd/system/sysinit.target.wants/systemd-timesyncd.service → /lib/systemd/system/systemd-timesyncd.service.
Setting up systemd (247.3-6) ...
Created symlink /etc/systemd/system/getty.target.wants/getty@tty1.service → /lib/systemd/system/getty@.service.
Created symlink /etc/systemd/system/multi-user.target.wants/remote-fs.target → /lib/systemd/system/remote-fs.target.
Created symlink /etc/systemd/system/sysinit.target.wants/systemd-pstore.service → /lib/systemd/system/systemd-pstore.service.
Initializing machine ID from random generator.
Setting up dmsetup (2:1.02.175-2.1) ...
Selecting previously unselected package systemd-sysv.
(Reading database ... (Reading database ... 5%(Reading database ... 10%(Reading database ... 15%(Reading database ... 20%(Reading database ... 25%(Reading database ... 30%(Reading database ... 35%(Reading database ... 40%(Reading database ... 45%(Reading database ... 50%(Reading database ... 55%(Reading database ... 60%(Reading database ... 65%(Reading database ... 70%(Reading database ... 75%(Reading database ... 80%(Reading database ... 85%(Reading database ... 90%(Reading database ... 95%(Reading database ... 100%(Reading database ... 8859 files and directories currently installed.)
Preparing to unpack .../00-systemd-sysv_247.3-6_amd64.deb ...
Unpacking systemd-sysv (247.3-6) ...
Selecting previously unselected package libdbus-1-3:amd64.
Preparing to unpack .../01-libdbus-1-3_1.12.20-2_amd64.deb ...
Unpacking libdbus-1-3:amd64 (1.12.20-2) ...
Selecting previously unselected package libexpat1:amd64.
Preparing to unpack .../02-libexpat1_2.2.10-2_amd64.deb ...
Unpacking libexpat1:amd64 (2.2.10-2) ...
Selecting previously unselected package dbus.
Preparing to unpack .../03-dbus_1.12.20-2_amd64.deb ...
Unpacking dbus (1.12.20-2) ...
Selecting previously unselected package perl-modules-5.32.
Preparing to unpack .../04-perl-modules-5.32_5.32.1-4+deb11u1_all.deb ...
Unpacking perl-modules-5.32 (5.32.1-4+deb11u1) ...
Selecting previously unselected package libgdbm6:amd64.
Preparing to unpack .../05-libgdbm6_1.19-2_amd64.deb ...
Unpacking libgdbm6:amd64 (1.19-2) ...
Selecting previously unselected package libgdbm-compat4:amd64.
Preparing to unpack .../06-libgdbm-compat4_1.19-2_amd64.deb ...
Unpacking libgdbm-compat4:amd64 (1.19-2) ...
Selecting previously unselected package libperl5.32:amd64.
Preparing to unpack .../07-libperl5.32_5.32.1-4+deb11u1_amd64.deb ...
Unpacking libperl5.32:amd64 (5.32.1-4+deb11u1) ...
Selecting previously unselected package perl.
Preparing to unpack .../08-perl_5.32.1-4+deb11u1_amd64.deb ...
Unpacking perl (5.32.1-4+deb11u1) ...
Selecting previously unselected package libapr1:amd64.
Preparing to unpack .../09-libapr1_1.7.0-6_amd64.deb ...
Unpacking libapr1:amd64 (1.7.0-6) ...
Selecting previously unselected package libaprutil1:amd64.
Preparing to unpack .../10-libaprutil1_1.6.1-5_amd64.deb ...
Unpacking libaprutil1:amd64 (1.6.1-5) ...
Selecting previously unselected package libsqlite3-0:amd64.
Preparing to unpack .../11-libsqlite3-0_3.34.1-3_amd64.deb ...
Unpacking libsqlite3-0:amd64 (3.34.1-3) ...
Selecting previously unselected package libaprutil1-dbd-sqlite3:amd64.
Preparing to unpack .../12-libaprutil1-dbd-sqlite3_1.6.1-5_amd64.deb ...
Unpacking libaprutil1-dbd-sqlite3:amd64 (1.6.1-5) ...
Selecting previously unselected package libsasl2-modules-db:amd64.
Preparing to unpack .../13-libsasl2-modules-db_2.1.27+dfsg-2.1_amd64.deb ...
Unpacking libsasl2-modules-db:amd64 (2.1.27+dfsg-2.1) ...
Selecting previously unselected package libsasl2-2:amd64.
Preparing to unpack .../14-libsasl2-2_2.1.27+dfsg-2.1_amd64.deb ...
Unpacking libsasl2-2:amd64 (2.1.27+dfsg-2.1) ...
Selecting previously unselected package libldap-2.4-2:amd64.
Preparing to unpack .../15-libldap-2.4-2_2.4.57+dfsg-3_amd64.deb ...
Unpacking libldap-2.4-2:amd64 (2.4.57+dfsg-3) ...
Selecting previously unselected package libaprutil1-ldap:amd64.
Preparing to unpack .../16-libaprutil1-ldap_1.6.1-5_amd64.deb ...
Unpacking libaprutil1-ldap:amd64 (1.6.1-5) ...
Selecting previously unselected package libbrotli1:amd64.
Preparing to unpack .../17-libbrotli1_1.0.9-2+b2_amd64.deb ...
Unpacking libbrotli1:amd64 (1.0.9-2+b2) ...
Selecting previously unselected package libnghttp2-14:amd64.
Preparing to unpack .../18-libnghttp2-14_1.43.0-1_amd64.deb ...
Unpacking libnghttp2-14:amd64 (1.43.0-1) ...
Selecting previously unselected package librtmp1:amd64.
Preparing to unpack .../19-librtmp1_2.4+20151223.gitfa8646d.1-2+b2_amd64.deb ...
Unpacking librtmp1:amd64 (2.4+20151223.gitfa8646d.1-2+b2) ...
Selecting previously unselected package libssh2-1:amd64.
Preparing to unpack .../20-libssh2-1_1.9.0-3_amd64.deb ...
Unpacking libssh2-1:amd64 (1.9.0-3) ...
Selecting previously unselected package libcurl4:amd64.
Preparing to unpack .../21-libcurl4_7.74.0-1.3+b1_amd64.deb ...
Unpacking libcurl4:amd64 (7.74.0-1.3+b1) ...
Selecting previously unselected package liblua5.3-0:amd64.
Preparing to unpack .../22-liblua5.3-0_5.3.3-1.1+b1_amd64.deb ...
Unpacking liblua5.3-0:amd64 (5.3.3-1.1+b1) ...
Selecting previously unselected package libicu67:amd64.
Preparing to unpack .../23-libicu67_67.1-7_amd64.deb ...
Unpacking libicu67:amd64 (67.1-7) ...
Selecting previously unselected package libxml2:amd64.
Preparing to unpack .../24-libxml2_2.9.10+dfsg-6.7_amd64.deb ...
Unpacking libxml2:amd64 (2.9.10+dfsg-6.7) ...
Selecting previously unselected package apache2-bin.
Preparing to unpack .../25-apache2-bin_2.4.48-4_amd64.deb ...
Unpacking apache2-bin (2.4.48-4) ...
Selecting previously unselected package apache2-data.
Preparing to unpack .../26-apache2-data_2.4.48-4_all.deb ...
Unpacking apache2-data (2.4.48-4) ...
Selecting previously unselected package apache2-utils.
Preparing to unpack .../27-apache2-utils_2.4.48-4_amd64.deb ...
Unpacking apache2-utils (2.4.48-4) ...
Selecting previously unselected package media-types.
Preparing to unpack .../28-media-types_4.0.0_all.deb ...
Unpacking media-types (4.0.0) ...
Selecting previously unselected package mailcap.
Preparing to unpack .../29-mailcap_3.69_all.deb ...
Unpacking mailcap (3.69) ...
Selecting previously unselected package mime-support.
Preparing to unpack .../30-mime-support_3.66_all.deb ...
Unpacking mime-support (3.66) ...
Selecting previously unselected package apache2.
Preparing to unpack .../31-apache2_2.4.48-4_amd64.deb ...
Unpacking apache2 (2.4.48-4) ...
Selecting previously unselected package bsdextrautils.
Preparing to unpack .../32-bsdextrautils_2.36.1-8_amd64.deb ...
Unpacking bsdextrautils (2.36.1-8) ...
Selecting previously unselected package runc.
Preparing to unpack .../33-runc_1.0.0~rc93+ds1-5+b2_amd64.deb ...
Unpacking runc (1.0.0~rc93+ds1-5+b2) ...
Selecting previously unselected package containerd.
Preparing to unpack .../34-containerd_1.4.5~ds1-2_amd64.deb ...
Unpacking containerd (1.4.5~ds1-2) ...
Selecting previously unselected package libip6tc2:amd64.
Preparing to unpack .../35-libip6tc2_1.8.7-1_amd64.deb ...
Unpacking libip6tc2:amd64 (1.8.7-1) ...
Selecting previously unselected package netbase.
Preparing to unpack .../36-netbase_6.3_all.deb ...
Unpacking netbase (6.3) ...
Selecting previously unselected package libnfnetlink0:amd64.
Preparing to unpack .../37-libnfnetlink0_1.0.1-3+b1_amd64.deb ...
Unpacking libnfnetlink0:amd64 (1.0.1-3+b1) ...
Selecting previously unselected package libnetfilter-conntrack3:amd64.
Preparing to unpack .../38-libnetfilter-conntrack3_1.0.8-3_amd64.deb ...
Unpacking libnetfilter-conntrack3:amd64 (1.0.8-3) ...
Selecting previously unselected package iptables.
Preparing to unpack .../39-iptables_1.8.7-1_amd64.deb ...
Unpacking iptables (1.8.7-1) ...
Selecting previously unselected package tini.
Preparing to unpack .../40-tini_0.19.0-1_amd64.deb ...
Unpacking tini (0.19.0-1) ...
Selecting previously unselected package docker.io.
Preparing to unpack .../41-docker.io_20.10.5+dfsg1-1+b5_amd64.deb ...
Unpacking docker.io (20.10.5+dfsg1-1+b5) ...
Selecting previously unselected package fonts-droid-fallback.
Preparing to unpack .../42-fonts-droid-fallback_1%3a6.0.1r16-1.1_all.deb ...
Unpacking fonts-droid-fallback (1:6.0.1r16-1.1) ...
Selecting previously unselected package fonts-lato.
Preparing to unpack .../43-fonts-lato_2.0-2.1_all.deb ...
Unpacking fonts-lato (2.0-2.1) ...
Selecting previously unselected package libmpfr6:amd64.
Preparing to unpack .../44-libmpfr6_4.1.0-3_amd64.deb ...
Unpacking libmpfr6:amd64 (4.1.0-3) ...
Selecting previously unselected package readline-common.
Preparing to unpack .../45-readline-common_8.1-2_all.deb ...
Unpacking readline-common (8.1-2) ...
Selecting previously unselected package libreadline8:amd64.
Preparing to unpack .../46-libreadline8_8.1-2_amd64.deb ...
Unpacking libreadline8:amd64 (8.1-2) ...
Selecting previously unselected package libsigsegv2:amd64.
Preparing to unpack .../47-libsigsegv2_2.13-1_amd64.deb ...
Unpacking libsigsegv2:amd64 (2.13-1) ...
Setting up libmpfr6:amd64 (4.1.0-3) ...
Setting up readline-common (8.1-2) ...
Setting up libreadline8:amd64 (8.1-2) ...
Setting up libsigsegv2:amd64 (2.13-1) ...
Selecting previously unselected package gawk.
(Reading database ... (Reading database ... 5%(Reading database ... 10%(Reading database ... 15%(Reading database ... 20%(Reading database ... 25%(Reading database ... 30%(Reading database ... 35%(Reading database ... 40%(Reading database ... 45%(Reading database ... 50%(Reading database ... 55%(Reading database ... 60%(Reading database ... 65%(Reading database ... 70%(Reading database ... 75%(Reading database ... 80%(Reading database ... 85%(Reading database ... 90%(Reading database ... 95%(Reading database ... 100%(Reading database ... 12384 files and directories currently installed.)
Preparing to unpack .../000-gawk_1%3a5.1.0-1_amd64.deb ...
Unpacking gawk (1:5.1.0-1) ...
Selecting previously unselected package liblocale-gettext-perl.
Preparing to unpack .../001-liblocale-gettext-perl_1.07-4+b1_amd64.deb ...
Unpacking liblocale-gettext-perl (1.07-4+b1) ...
Selecting previously unselected package libglib2.0-0:amd64.
Preparing to unpack .../002-libglib2.0-0_2.66.8-1_amd64.deb ...
Unpacking libglib2.0-0:amd64 (2.66.8-1) ...
Selecting previously unselected package shared-mime-info.
Preparing to unpack .../003-shared-mime-info_2.0-1_amd64.deb ...
Unpacking shared-mime-info (2.0-1) ...
Selecting previously unselected package libdouble-conversion3:amd64.
Preparing to unpack .../004-libdouble-conversion3_3.1.5-6.1_amd64.deb ...
Unpacking libdouble-conversion3:amd64 (3.1.5-6.1) ...
Selecting previously unselected package libpcre2-16-0:amd64.
Preparing to unpack .../005-libpcre2-16-0_10.36-2_amd64.deb ...
Unpacking libpcre2-16-0:amd64 (10.36-2) ...
Selecting previously unselected package libqt5core5a:amd64.
Preparing to unpack .../006-libqt5core5a_5.15.2+dfsg-9_amd64.deb ...
Unpacking libqt5core5a:amd64 (5.15.2+dfsg-9) ...
Selecting previously unselected package libpng16-16:amd64.
Preparing to unpack .../007-libpng16-16_1.6.37-3_amd64.deb ...
Unpacking libpng16-16:amd64 (1.6.37-3) ...
Selecting previously unselected package libfreetype6:amd64.
Preparing to unpack .../008-libfreetype6_2.10.4+dfsg-1_amd64.deb ...
Unpacking libfreetype6:amd64 (2.10.4+dfsg-1) ...
Selecting previously unselected package ucf.
Preparing to unpack .../009-ucf_3.0043_all.deb ...
Moving old data out of the way
Unpacking ucf (3.0043) ...
Selecting previously unselected package fonts-dejavu-core.
Preparing to unpack .../010-fonts-dejavu-core_2.37-2_all.deb ...
Unpacking fonts-dejavu-core (2.37-2) ...
Selecting previously unselected package ttf-bitstream-vera.
Preparing to unpack .../011-ttf-bitstream-vera_1.10-8.1_all.deb ...
Unpacking ttf-bitstream-vera (1.10-8.1) ...
Selecting previously unselected package fonts-urw-base35.
Preparing to unpack .../012-fonts-urw-base35_20200910-1_all.deb ...
Unpacking fonts-urw-base35 (20200910-1) ...
Selecting previously unselected package fontconfig-config.
Preparing to unpack .../013-fontconfig-config_2.13.1-4.2_all.deb ...
Unpacking fontconfig-config (2.13.1-4.2) ...
Selecting previously unselected package libfontconfig1:amd64.
Preparing to unpack .../014-libfontconfig1_2.13.1-4.2_amd64.deb ...
Unpacking libfontconfig1:amd64 (2.13.1-4.2) ...
Selecting previously unselected package fontconfig.
Preparing to unpack .../015-fontconfig_2.13.1-4.2_amd64.deb ...
Unpacking fontconfig (2.13.1-4.2) ...
Selecting previously unselected package libdrm-common.
Preparing to unpack .../016-libdrm-common_2.4.104-1_all.deb ...
Unpacking libdrm-common (2.4.104-1) ...
Selecting previously unselected package libdrm2:amd64.
Preparing to unpack .../017-libdrm2_2.4.104-1_amd64.deb ...
Unpacking libdrm2:amd64 (2.4.104-1) ...
Selecting previously unselected package libglvnd0:amd64.
Preparing to unpack .../018-libglvnd0_1.3.2-1_amd64.deb ...
Unpacking libglvnd0:amd64 (1.3.2-1) ...
Selecting previously unselected package libwayland-server0:amd64.
Preparing to unpack .../019-libwayland-server0_1.19.0-2_amd64.deb ...
Unpacking libwayland-server0:amd64 (1.19.0-2) ...
Selecting previously unselected package libgbm1:amd64.
Preparing to unpack .../020-libgbm1_20.3.5-1_amd64.deb ...
Unpacking libgbm1:amd64 (20.3.5-1) ...
Selecting previously unselected package libglapi-mesa:amd64.
Preparing to unpack .../021-libglapi-mesa_20.3.5-1_amd64.deb ...
Unpacking libglapi-mesa:amd64 (20.3.5-1) ...
Selecting previously unselected package libwayland-client0:amd64.
Preparing to unpack .../022-libwayland-client0_1.19.0-2_amd64.deb ...
Unpacking libwayland-client0:amd64 (1.19.0-2) ...
Selecting previously unselected package libxau6:amd64.
Preparing to unpack .../023-libxau6_1%3a1.0.9-1_amd64.deb ...
Unpacking libxau6:amd64 (1:1.0.9-1) ...
Selecting previously unselected package libxdmcp6:amd64.
Preparing to unpack .../024-libxdmcp6_1%3a1.1.2-3_amd64.deb ...
Unpacking libxdmcp6:amd64 (1:1.1.2-3) ...
Selecting previously unselected package libxcb1:amd64.
Preparing to unpack .../025-libxcb1_1.14-3_amd64.deb ...
Unpacking libxcb1:amd64 (1.14-3) ...
Selecting previously unselected package libx11-data.
Preparing to unpack .../026-libx11-data_2%3a1.7.2-1_all.deb ...
Unpacking libx11-data (2:1.7.2-1) ...
Selecting previously unselected package libx11-6:amd64.
Preparing to unpack .../027-libx11-6_2%3a1.7.2-1_amd64.deb ...
Unpacking libx11-6:amd64 (2:1.7.2-1) ...
Selecting previously unselected package libx11-xcb1:amd64.
Preparing to unpack .../028-libx11-xcb1_2%3a1.7.2-1_amd64.deb ...
Unpacking libx11-xcb1:amd64 (2:1.7.2-1) ...
Selecting previously unselected package libxcb-dri2-0:amd64.
Preparing to unpack .../029-libxcb-dri2-0_1.14-3_amd64.deb ...
Unpacking libxcb-dri2-0:amd64 (1.14-3) ...
Selecting previously unselected package libxcb-dri3-0:amd64.
Preparing to unpack .../030-libxcb-dri3-0_1.14-3_amd64.deb ...
Unpacking libxcb-dri3-0:amd64 (1.14-3) ...
Selecting previously unselected package libxcb-present0:amd64.
Preparing to unpack .../031-libxcb-present0_1.14-3_amd64.deb ...
Unpacking libxcb-present0:amd64 (1.14-3) ...
Selecting previously unselected package libxcb-sync1:amd64.
Preparing to unpack .../032-libxcb-sync1_1.14-3_amd64.deb ...
Unpacking libxcb-sync1:amd64 (1.14-3) ...
Selecting previously unselected package libxcb-xfixes0:amd64.
Preparing to unpack .../033-libxcb-xfixes0_1.14-3_amd64.deb ...
Unpacking libxcb-xfixes0:amd64 (1.14-3) ...
Selecting previously unselected package libxshmfence1:amd64.
Preparing to unpack .../034-libxshmfence1_1.3-1_amd64.deb ...
Unpacking libxshmfence1:amd64 (1.3-1) ...
Selecting previously unselected package libegl-mesa0:amd64.
Preparing to unpack .../035-libegl-mesa0_20.3.5-1_amd64.deb ...
Unpacking libegl-mesa0:amd64 (20.3.5-1) ...
Selecting previously unselected package libegl1:amd64.
Preparing to unpack .../036-libegl1_1.3.2-1_amd64.deb ...
Unpacking libegl1:amd64 (1.3.2-1) ...
Selecting previously unselected package libxcb-glx0:amd64.
Preparing to unpack .../037-libxcb-glx0_1.14-3_amd64.deb ...
Unpacking libxcb-glx0:amd64 (1.14-3) ...
Selecting previously unselected package libxcb-shm0:amd64.
Preparing to unpack .../038-libxcb-shm0_1.14-3_amd64.deb ...
Unpacking libxcb-shm0:amd64 (1.14-3) ...
Selecting previously unselected package libxdamage1:amd64.
Preparing to unpack .../039-libxdamage1_1%3a1.1.5-2_amd64.deb ...
Unpacking libxdamage1:amd64 (1:1.1.5-2) ...
Selecting previously unselected package libxext6:amd64.
Preparing to unpack .../040-libxext6_2%3a1.3.3-1.1_amd64.deb ...
Unpacking libxext6:amd64 (2:1.3.3-1.1) ...
Selecting previously unselected package libxfixes3:amd64.
Preparing to unpack .../041-libxfixes3_1%3a5.0.3-2_amd64.deb ...
Unpacking libxfixes3:amd64 (1:5.0.3-2) ...
Selecting previously unselected package libxxf86vm1:amd64.
Preparing to unpack .../042-libxxf86vm1_1%3a1.1.4-1+b2_amd64.deb ...
Unpacking libxxf86vm1:amd64 (1:1.1.4-1+b2) ...
Selecting previously unselected package libdrm-amdgpu1:amd64.
Preparing to unpack .../043-libdrm-amdgpu1_2.4.104-1_amd64.deb ...
Unpacking libdrm-amdgpu1:amd64 (2.4.104-1) ...
Selecting previously unselected package libpciaccess0:amd64.
Preparing to unpack .../044-libpciaccess0_0.16-1_amd64.deb ...
Unpacking libpciaccess0:amd64 (0.16-1) ...
Selecting previously unselected package libdrm-intel1:amd64.
Preparing to unpack .../045-libdrm-intel1_2.4.104-1_amd64.deb ...
Unpacking libdrm-intel1:amd64 (2.4.104-1) ...
Selecting previously unselected package libdrm-nouveau2:amd64.
Preparing to unpack .../046-libdrm-nouveau2_2.4.104-1_amd64.deb ...
Unpacking libdrm-nouveau2:amd64 (2.4.104-1) ...
Selecting previously unselected package libdrm-radeon1:amd64.
Preparing to unpack .../047-libdrm-radeon1_2.4.104-1_amd64.deb ...
Unpacking libdrm-radeon1:amd64 (2.4.104-1) ...
Selecting previously unselected package libelf1:amd64.
Preparing to unpack .../048-libelf1_0.183-1_amd64.deb ...
Unpacking libelf1:amd64 (0.183-1) ...
Selecting previously unselected package libz3-4:amd64.
Preparing to unpack .../049-libz3-4_4.8.10-1_amd64.deb ...
Unpacking libz3-4:amd64 (4.8.10-1) ...
Selecting previously unselected package libllvm11:amd64.
Preparing to unpack .../050-libllvm11_1%3a11.0.1-2_amd64.deb ...
Unpacking libllvm11:amd64 (1:11.0.1-2) ...
Selecting previously unselected package libsensors-config.
Preparing to unpack .../051-libsensors-config_1%3a3.6.0-7_all.deb ...
Unpacking libsensors-config (1:3.6.0-7) ...
Selecting previously unselected package libsensors5:amd64.
Preparing to unpack .../052-libsensors5_1%3a3.6.0-7_amd64.deb ...
Unpacking libsensors5:amd64 (1:3.6.0-7) ...
Selecting previously unselected package libvulkan1:amd64.
Preparing to unpack .../053-libvulkan1_1.2.162.0-1_amd64.deb ...
Unpacking libvulkan1:amd64 (1.2.162.0-1) ...
Selecting previously unselected package libgl1-mesa-dri:amd64.
Preparing to unpack .../054-libgl1-mesa-dri_20.3.5-1_amd64.deb ...
Unpacking libgl1-mesa-dri:amd64 (20.3.5-1) ...
Selecting previously unselected package libglx-mesa0:amd64.
Preparing to unpack .../055-libglx-mesa0_20.3.5-1_amd64.deb ...
Unpacking libglx-mesa0:amd64 (20.3.5-1) ...
Selecting previously unselected package libglx0:amd64.
Preparing to unpack .../056-libglx0_1.3.2-1_amd64.deb ...
Unpacking libglx0:amd64 (1.3.2-1) ...
Selecting previously unselected package libgl1:amd64.
Preparing to unpack .../057-libgl1_1.3.2-1_amd64.deb ...
Unpacking libgl1:amd64 (1.3.2-1) ...
Selecting previously unselected package libgraphite2-3:amd64.
Preparing to unpack .../058-libgraphite2-3_1.3.14-1_amd64.deb ...
Unpacking libgraphite2-3:amd64 (1.3.14-1) ...
Selecting previously unselected package libharfbuzz0b:amd64.
Preparing to unpack .../059-libharfbuzz0b_2.7.4-1_amd64.deb ...
Unpacking libharfbuzz0b:amd64 (2.7.4-1) ...
Selecting previously unselected package x11-common.
Preparing to unpack .../060-x11-common_1%3a7.7+22_all.deb ...
Unpacking x11-common (1:7.7+22) ...
Selecting previously unselected package libice6:amd64.
Preparing to unpack .../061-libice6_2%3a1.0.10-1_amd64.deb ...
Unpacking libice6:amd64 (2:1.0.10-1) ...
Selecting previously unselected package libevdev2:amd64.
Preparing to unpack .../062-libevdev2_1.11.0+dfsg-1_amd64.deb ...
Unpacking libevdev2:amd64 (1.11.0+dfsg-1) ...
Selecting previously unselected package libmtdev1:amd64.
Preparing to unpack .../063-libmtdev1_1.1.6-1_amd64.deb ...
Unpacking libmtdev1:amd64 (1.1.6-1) ...
Selecting previously unselected package libgudev-1.0-0:amd64.
Preparing to unpack .../064-libgudev-1.0-0_234-1_amd64.deb ...
Unpacking libgudev-1.0-0:amd64 (234-1) ...
Selecting previously unselected package libwacom-common.
Preparing to unpack .../065-libwacom-common_1.8-2_all.deb ...
Unpacking libwacom-common (1.8-2) ...
Selecting previously unselected package libwacom2:amd64.
Preparing to unpack .../066-libwacom2_1.8-2_amd64.deb ...
Unpacking libwacom2:amd64 (1.8-2) ...
Selecting previously unselected package libinput-bin.
Preparing to unpack .../067-libinput-bin_1.16.4-3_amd64.deb ...
Unpacking libinput-bin (1.16.4-3) ...
Selecting previously unselected package libinput10:amd64.
Preparing to unpack .../068-libinput10_1.16.4-3_amd64.deb ...
Unpacking libinput10:amd64 (1.16.4-3) ...
Selecting previously unselected package libjpeg62-turbo:amd64.
Preparing to unpack .../069-libjpeg62-turbo_1%3a2.0.6-4_amd64.deb ...
Unpacking libjpeg62-turbo:amd64 (1:2.0.6-4) ...
Selecting previously unselected package libmd4c0:amd64.
Preparing to unpack .../070-libmd4c0_0.4.7-2_amd64.deb ...
Unpacking libmd4c0:amd64 (0.4.7-2) ...
Selecting previously unselected package libqt5dbus5:amd64.
Preparing to unpack .../071-libqt5dbus5_5.15.2+dfsg-9_amd64.deb ...
Unpacking libqt5dbus5:amd64 (5.15.2+dfsg-9) ...
Selecting previously unselected package libqt5network5:amd64.
Preparing to unpack .../072-libqt5network5_5.15.2+dfsg-9_amd64.deb ...
Unpacking libqt5network5:amd64 (5.15.2+dfsg-9) ...
Selecting previously unselected package libsm6:amd64.
Preparing to unpack .../073-libsm6_2%3a1.2.3-1_amd64.deb ...
Unpacking libsm6:amd64 (2:1.2.3-1) ...
Selecting previously unselected package libxcb-icccm4:amd64.
Preparing to unpack .../074-libxcb-icccm4_0.4.1-1.1_amd64.deb ...
Unpacking libxcb-icccm4:amd64 (0.4.1-1.1) ...
Selecting previously unselected package libxcb-util1:amd64.
Preparing to unpack .../075-libxcb-util1_0.4.0-1+b1_amd64.deb ...
Unpacking libxcb-util1:amd64 (0.4.0-1+b1) ...
Selecting previously unselected package libxcb-image0:amd64.
Preparing to unpack .../076-libxcb-image0_0.4.0-1+b3_amd64.deb ...
Unpacking libxcb-image0:amd64 (0.4.0-1+b3) ...
Selecting previously unselected package libxcb-keysyms1:amd64.
Preparing to unpack .../077-libxcb-keysyms1_0.4.0-1+b2_amd64.deb ...
Unpacking libxcb-keysyms1:amd64 (0.4.0-1+b2) ...
Selecting previously unselected package libxcb-randr0:amd64.
Preparing to unpack .../078-libxcb-randr0_1.14-3_amd64.deb ...
Unpacking libxcb-randr0:amd64 (1.14-3) ...
Selecting previously unselected package libxcb-render0:amd64.
Preparing to unpack .../079-libxcb-render0_1.14-3_amd64.deb ...
Unpacking libxcb-render0:amd64 (1.14-3) ...
Selecting previously unselected package libxcb-render-util0:amd64.
Preparing to unpack .../080-libxcb-render-util0_0.3.9-1+b1_amd64.deb ...
Unpacking libxcb-render-util0:amd64 (0.3.9-1+b1) ...
Selecting previously unselected package libxcb-shape0:amd64.
Preparing to unpack .../081-libxcb-shape0_1.14-3_amd64.deb ...
Unpacking libxcb-shape0:amd64 (1.14-3) ...
Selecting previously unselected package libxcb-xinerama0:amd64.
Preparing to unpack .../082-libxcb-xinerama0_1.14-3_amd64.deb ...
Unpacking libxcb-xinerama0:amd64 (1.14-3) ...
Selecting previously unselected package libxcb-xinput0:amd64.
Preparing to unpack .../083-libxcb-xinput0_1.14-3_amd64.deb ...
Unpacking libxcb-xinput0:amd64 (1.14-3) ...
Selecting previously unselected package libxcb-xkb1:amd64.
Preparing to unpack .../084-libxcb-xkb1_1.14-3_amd64.deb ...
Unpacking libxcb-xkb1:amd64 (1.14-3) ...
Selecting previously unselected package xkb-data.
Preparing to unpack .../085-xkb-data_2.29-2_all.deb ...
Unpacking xkb-data (2.29-2) ...
Selecting previously unselected package libxkbcommon0:amd64.
Preparing to unpack .../086-libxkbcommon0_1.0.3-2_amd64.deb ...
Unpacking libxkbcommon0:amd64 (1.0.3-2) ...
Selecting previously unselected package libxkbcommon-x11-0:amd64.
Preparing to unpack .../087-libxkbcommon-x11-0_1.0.3-2_amd64.deb ...
Unpacking libxkbcommon-x11-0:amd64 (1.0.3-2) ...
Selecting previously unselected package libxrender1:amd64.
Preparing to unpack .../088-libxrender1_1%3a0.9.10-1_amd64.deb ...
Unpacking libxrender1:amd64 (1:0.9.10-1) ...
Selecting previously unselected package libqt5gui5:amd64.
Preparing to unpack .../089-libqt5gui5_5.15.2+dfsg-9_amd64.deb ...
Unpacking libqt5gui5:amd64 (5.15.2+dfsg-9) ...
Selecting previously unselected package libqt5widgets5:amd64.
Preparing to unpack .../090-libqt5widgets5_5.15.2+dfsg-9_amd64.deb ...
Unpacking libqt5widgets5:amd64 (5.15.2+dfsg-9) ...
Selecting previously unselected package libqt5svg5:amd64.
Preparing to unpack .../091-libqt5svg5_5.15.2-3_amd64.deb ...
Unpacking libqt5svg5:amd64 (5.15.2-3) ...
Selecting previously unselected package libaio1:amd64.
Preparing to unpack .../092-libaio1_0.3.112-9_amd64.deb ...
Unpacking libaio1:amd64 (0.3.112-9) ...
Selecting previously unselected package libdevmapper-event1.02.1:amd64.
Preparing to unpack .../093-libdevmapper-event1.02.1_2%3a1.02.175-2.1_amd64.deb ...
Unpacking libdevmapper-event1.02.1:amd64 (2:1.02.175-2.1) ...
Selecting previously unselected package liblvm2cmd2.03:amd64.
Preparing to unpack .../094-liblvm2cmd2.03_2.03.11-2.1_amd64.deb ...
Unpacking liblvm2cmd2.03:amd64 (2.03.11-2.1) ...
Selecting previously unselected package dmeventd.
Preparing to unpack .../095-dmeventd_2%3a1.02.175-2.1_amd64.deb ...
Unpacking dmeventd (2:1.02.175-2.1) ...
Selecting previously unselected package lvm2.
Preparing to unpack .../096-lvm2_2.03.11-2.1_amd64.deb ...
Unpacking lvm2 (2.03.11-2.1) ...
Selecting previously unselected package udev.
Preparing to unpack .../097-udev_247.3-6_amd64.deb ...
Unpacking udev (247.3-6) ...
Selecting previously unselected package mdadm.
Preparing to unpack .../098-mdadm_4.1-11_amd64.deb ...
Unpacking mdadm (4.1-11) ...
Selecting previously unselected package pigz.
Preparing to unpack .../099-pigz_2.6-1_amd64.deb ...
Unpacking pigz (2.6-1) ...
Selecting previously unselected package poppler-data.
Preparing to unpack .../100-poppler-data_0.4.10-1_all.deb ...
Unpacking poppler-data (0.4.10-1) ...
Selecting previously unselected package libpython3.9-minimal:amd64.
Preparing to unpack .../101-libpython3.9-minimal_3.9.2-1_amd64.deb ...
Unpacking libpython3.9-minimal:amd64 (3.9.2-1) ...
Selecting previously unselected package python3.9-minimal.
Preparing to unpack .../102-python3.9-minimal_3.9.2-1_amd64.deb ...
Unpacking python3.9-minimal (3.9.2-1) ...
Setting up libpython3.9-minimal:amd64 (3.9.2-1) ...
Setting up libexpat1:amd64 (2.2.10-2) ...
Setting up python3.9-minimal (3.9.2-1) ...
Selecting previously unselected package python3-minimal.
(Reading database ... (Reading database ... 5%(Reading database ... 10%(Reading database ... 15%(Reading database ... 20%(Reading database ... 25%(Reading database ... 30%(Reading database ... 35%(Reading database ... 40%(Reading database ... 45%(Reading database ... 50%(Reading database ... 55%(Reading database ... 60%(Reading database ... 65%(Reading database ... 70%(Reading database ... 75%(Reading database ... 80%(Reading database ... 85%(Reading database ... 90%(Reading database ... 95%(Reading database ... 100%(Reading database ... 15916 files and directories currently installed.)
Preparing to unpack .../python3-minimal_3.9.2-3_amd64.deb ...
Unpacking python3-minimal (3.9.2-3) ...
Selecting previously unselected package libmpdec3:amd64.
Preparing to unpack .../libmpdec3_2.5.1-2_amd64.deb ...
Unpacking libmpdec3:amd64 (2.5.1-2) ...
Selecting previously unselected package libpython3.9-stdlib:amd64.
Preparing to unpack .../libpython3.9-stdlib_3.9.2-1_amd64.deb ...
Unpacking libpython3.9-stdlib:amd64 (3.9.2-1) ...
Selecting previously unselected package python3.9.
Preparing to unpack .../python3.9_3.9.2-1_amd64.deb ...
Unpacking python3.9 (3.9.2-1) ...
Selecting previously unselected package libpython3-stdlib:amd64.
Preparing to unpack .../libpython3-stdlib_3.9.2-3_amd64.deb ...
Unpacking libpython3-stdlib:amd64 (3.9.2-3) ...
Setting up python3-minimal (3.9.2-3) ...
Selecting previously unselected package python3.
(Reading database ... (Reading database ... 5%(Reading database ... 10%(Reading database ... 15%(Reading database ... 20%(Reading database ... 25%(Reading database ... 30%(Reading database ... 35%(Reading database ... 40%(Reading database ... 45%(Reading database ... 50%(Reading database ... 55%(Reading database ... 60%(Reading database ... 65%(Reading database ... 70%(Reading database ... 75%(Reading database ... 80%(Reading database ... 85%(Reading database ... 90%(Reading database ... 95%(Reading database ... 100%(Reading database ... 16306 files and directories currently installed.)
Preparing to unpack .../000-python3_3.9.2-3_amd64.deb ...
Unpacking python3 (3.9.2-3) ...
Selecting previously unselected package uuid-runtime.
Preparing to unpack .../001-uuid-runtime_2.36.1-8_amd64.deb ...
Unpacking uuid-runtime (2.36.1-8) ...
Selecting previously unselected package cpio.
Preparing to unpack .../002-cpio_2.13+dfsg-4_amd64.deb ...
Unpacking cpio (2.13+dfsg-4) ...
Selecting previously unselected package dmidecode.
Preparing to unpack .../003-dmidecode_3.3-2_amd64.deb ...
Unpacking dmidecode (3.3-2) ...
Selecting previously unselected package libfdisk1:amd64.
Preparing to unpack .../004-libfdisk1_2.36.1-8_amd64.deb ...
Unpacking libfdisk1:amd64 (2.36.1-8) ...
Selecting previously unselected package fdisk.
Preparing to unpack .../005-fdisk_2.36.1-8_amd64.deb ...
Unpacking fdisk (2.36.1-8) ...
Selecting previously unselected package libbpf0:amd64.
Preparing to unpack .../006-libbpf0_1%3a0.3-2_amd64.deb ...
Unpacking libbpf0:amd64 (1:0.3-2) ...
Selecting previously unselected package libcap2-bin.
Preparing to unpack .../007-libcap2-bin_1%3a2.44-1_amd64.deb ...
Unpacking libcap2-bin (1:2.44-1) ...
Selecting previously unselected package iproute2.
Preparing to unpack .../008-iproute2_5.10.0-4_amd64.deb ...
Unpacking iproute2 (5.10.0-4) ...
Selecting previously unselected package libisc-export1105:amd64.
Preparing to unpack .../009-libisc-export1105_1%3a9.11.19+dfsg-2.1_amd64.deb ...
Unpacking libisc-export1105:amd64 (1:9.11.19+dfsg-2.1) ...
Selecting previously unselected package libdns-export1110.
Preparing to unpack .../010-libdns-export1110_1%3a9.11.19+dfsg-2.1_amd64.deb ...
Unpacking libdns-export1110 (1:9.11.19+dfsg-2.1) ...
Selecting previously unselected package isc-dhcp-client.
Preparing to unpack .../011-isc-dhcp-client_4.4.1-2.3_amd64.deb ...
Unpacking isc-dhcp-client (4.4.1-2.3) ...
Selecting previously unselected package isc-dhcp-common.
Preparing to unpack .../012-isc-dhcp-common_4.4.1-2.3_amd64.deb ...
Unpacking isc-dhcp-common (4.4.1-2.3) ...
Selecting previously unselected package less.
Preparing to unpack .../013-less_551-2_amd64.deb ...
Unpacking less (551-2) ...
Selecting previously unselected package libpopt0:amd64.
Preparing to unpack .../014-libpopt0_1.18-2_amd64.deb ...
Unpacking libpopt0:amd64 (1.18-2) ...
Selecting previously unselected package logrotate.
Preparing to unpack .../015-logrotate_3.18.1-2_amd64.deb ...
Unpacking logrotate (3.18.1-2) ...
Selecting previously unselected package bzip2.
Preparing to unpack .../016-bzip2_1.0.8-4_amd64.deb ...
Unpacking bzip2 (1.0.8-4) ...
Selecting previously unselected package libmagic-mgc.
Preparing to unpack .../017-libmagic-mgc_1%3a5.39-3_amd64.deb ...
Unpacking libmagic-mgc (1:5.39-3) ...
Selecting previously unselected package libmagic1:amd64.
Preparing to unpack .../018-libmagic1_1%3a5.39-3_amd64.deb ...
Unpacking libmagic1:amd64 (1:5.39-3) ...
Selecting previously unselected package file.
Preparing to unpack .../019-file_1%3a5.39-3_amd64.deb ...
Unpacking file (1:5.39-3) ...
Selecting previously unselected package gettext-base.
Preparing to unpack .../020-gettext-base_0.21-4_amd64.deb ...
Unpacking gettext-base (0.21-4) ...
Selecting previously unselected package libuchardet0:amd64.
Preparing to unpack .../021-libuchardet0_0.0.7-1_amd64.deb ...
Unpacking libuchardet0:amd64 (0.0.7-1) ...
Selecting previously unselected package groff-base.
Preparing to unpack .../022-groff-base_1.22.4-6_amd64.deb ...
Unpacking groff-base (1.22.4-6) ...
Selecting previously unselected package libc-l10n.
Preparing to unpack .../023-libc-l10n_2.31-13_all.deb ...
Unpacking libc-l10n (2.31-13) ...
Selecting previously unselected package libnss-systemd:amd64.
Preparing to unpack .../024-libnss-systemd_247.3-6_amd64.deb ...
Unpacking libnss-systemd:amd64 (247.3-6) ...
Selecting previously unselected package libpam-systemd:amd64.
Preparing to unpack .../025-libpam-systemd_247.3-6_amd64.deb ...
Unpacking libpam-systemd:amd64 (247.3-6) ...
Selecting previously unselected package locales.
Preparing to unpack .../026-locales_2.31-13_all.deb ...
Unpacking locales (2.31-13) ...
Selecting previously unselected package manpages.
Preparing to unpack .../027-manpages_5.10-1_all.deb ...
Unpacking manpages (5.10-1) ...
Selecting previously unselected package libcbor0:amd64.
Preparing to unpack .../028-libcbor0_0.5.0+dfsg-2_amd64.deb ...
Unpacking libcbor0:amd64 (0.5.0+dfsg-2) ...
Selecting previously unselected package libfido2-1:amd64.
Preparing to unpack .../029-libfido2-1_1.6.0-2_amd64.deb ...
Unpacking libfido2-1:amd64 (1.6.0-2) ...
Selecting previously unselected package openssh-client.
Preparing to unpack .../030-openssh-client_1%3a8.4p1-5_amd64.deb ...
Unpacking openssh-client (1:8.4p1-5) ...
Selecting previously unselected package pci.ids.
Preparing to unpack .../031-pci.ids_0.0~2021.04.08-1_all.deb ...
Unpacking pci.ids (0.0~2021.04.08-1) ...
Selecting previously unselected package libpci3:amd64.
Preparing to unpack .../032-libpci3_1%3a3.7.0-5_amd64.deb ...
Unpacking libpci3:amd64 (1:3.7.0-5) ...
Selecting previously unselected package pciutils.
Preparing to unpack .../033-pciutils_1%3a3.7.0-5_amd64.deb ...
Unpacking pciutils (1:3.7.0-5) ...
Selecting previously unselected package xz-utils.
Preparing to unpack .../034-xz-utils_5.2.5-2_amd64.deb ...
Unpacking xz-utils (5.2.5-2) ...
Selecting previously unselected package acl.
Preparing to unpack .../035-acl_2.2.53-10_amd64.deb ...
Unpacking acl (2.2.53-10) ...
Selecting previously unselected package hicolor-icon-theme.
Preparing to unpack .../036-hicolor-icon-theme_0.17-2_all.deb ...
Unpacking hicolor-icon-theme (0.17-2) ...
Selecting previously unselected package libgdk-pixbuf2.0-common.
Preparing to unpack .../037-libgdk-pixbuf2.0-common_2.42.2+dfsg-1_all.deb ...
Unpacking libgdk-pixbuf2.0-common (2.42.2+dfsg-1) ...
Selecting previously unselected package libdeflate0:amd64.
Preparing to unpack .../038-libdeflate0_1.7-1_amd64.deb ...
Unpacking libdeflate0:amd64 (1.7-1) ...
Selecting previously unselected package libjbig0:amd64.
Preparing to unpack .../039-libjbig0_2.1-3.1+b2_amd64.deb ...
Unpacking libjbig0:amd64 (2.1-3.1+b2) ...
Selecting previously unselected package libwebp6:amd64.
Preparing to unpack .../040-libwebp6_0.6.1-2.1_amd64.deb ...
Unpacking libwebp6:amd64 (0.6.1-2.1) ...
Selecting previously unselected package libtiff5:amd64.
Preparing to unpack .../041-libtiff5_4.2.0-1_amd64.deb ...
Unpacking libtiff5:amd64 (4.2.0-1) ...
Selecting previously unselected package libgdk-pixbuf-2.0-0:amd64.
Preparing to unpack .../042-libgdk-pixbuf-2.0-0_2.42.2+dfsg-1_amd64.deb ...
Unpacking libgdk-pixbuf-2.0-0:amd64 (2.42.2+dfsg-1) ...
Selecting previously unselected package gtk-update-icon-cache.
Preparing to unpack .../043-gtk-update-icon-cache_3.24.24-4_amd64.deb ...
Unpacking gtk-update-icon-cache (3.24.24-4) ...
Selecting previously unselected package adwaita-icon-theme.
Preparing to unpack .../044-adwaita-icon-theme_3.38.0-1_all.deb ...
Unpacking adwaita-icon-theme (3.38.0-1) ...
Selecting previously unselected package alsa-topology-conf.
Preparing to unpack .../045-alsa-topology-conf_1.2.4-1_all.deb ...
Unpacking alsa-topology-conf (1.2.4-1) ...
Selecting previously unselected package libasound2-data.
Preparing to unpack .../046-libasound2-data_1.2.4-1.1_all.deb ...
Unpacking libasound2-data (1.2.4-1.1) ...
Selecting previously unselected package libasound2:amd64.
Preparing to unpack .../047-libasound2_1.2.4-1.1_amd64.deb ...
Unpacking libasound2:amd64 (1.2.4-1.1) ...
Selecting previously unselected package alsa-ucm-conf.
Preparing to unpack .../048-alsa-ucm-conf_1.2.4-2_all.deb ...
Unpacking alsa-ucm-conf (1.2.4-2) ...
Selecting previously unselected package apparmor.
Preparing to unpack .../049-apparmor_2.13.6-10_amd64.deb ...
Unpacking apparmor (2.13.6-10) ...
Selecting previously unselected package arch-test.
Preparing to unpack .../050-arch-test_0.17-1_all.deb ...
Unpacking arch-test (0.17-1) ...
Selecting previously unselected package arj.
Preparing to unpack .../051-arj_3.10.22-24_amd64.deb ...
Unpacking arj (3.10.22-24) ...
Selecting previously unselected package libatspi2.0-0:amd64.
Preparing to unpack .../052-libatspi2.0-0_2.38.0-4_amd64.deb ...
Unpacking libatspi2.0-0:amd64 (2.38.0-4) ...
Selecting previously unselected package libxi6:amd64.
Preparing to unpack .../053-libxi6_2%3a1.7.10-1_amd64.deb ...
Unpacking libxi6:amd64 (2:1.7.10-1) ...
Selecting previously unselected package libxtst6:amd64.
Preparing to unpack .../054-libxtst6_2%3a1.2.3-1_amd64.deb ...
Unpacking libxtst6:amd64 (2:1.2.3-1) ...
Selecting previously unselected package at-spi2-core.
Preparing to unpack .../055-at-spi2-core_2.38.0-4_amd64.deb ...
Unpacking at-spi2-core (2.38.0-4) ...
Selecting previously unselected package attr.
Preparing to unpack .../056-attr_1%3a2.4.48-6_amd64.deb ...
Unpacking attr (1:2.4.48-6) ...
Selecting previously unselected package augeas-lenses.
Preparing to unpack .../057-augeas-lenses_1.12.0-2_all.deb ...
Unpacking augeas-lenses (1.12.0-2) ...
Selecting previously unselected package bc.
Preparing to unpack .../058-bc_1.07.1-2+b2_amd64.deb ...
Unpacking bc (1.07.1-2+b2) ...
Selecting previously unselected package libpipeline1:amd64.
Preparing to unpack .../059-libpipeline1_1.5.3-1_amd64.deb ...
Unpacking libpipeline1:amd64 (1.5.3-1) ...
Selecting previously unselected package binfmt-support.
Preparing to unpack .../060-binfmt-support_2.2.1-1_amd64.deb ...
Unpacking binfmt-support (2.2.1-1) ...
Selecting previously unselected package binutils-common:amd64.
Preparing to unpack .../061-binutils-common_2.35.2-2_amd64.deb ...
Unpacking binutils-common:amd64 (2.35.2-2) ...
Selecting previously unselected package libbinutils:amd64.
Preparing to unpack .../062-libbinutils_2.35.2-2_amd64.deb ...
Unpacking libbinutils:amd64 (2.35.2-2) ...
Selecting previously unselected package libctf-nobfd0:amd64.
Preparing to unpack .../063-libctf-nobfd0_2.35.2-2_amd64.deb ...
Unpacking libctf-nobfd0:amd64 (2.35.2-2) ...
Selecting previously unselected package libctf0:amd64.
Preparing to unpack .../064-libctf0_2.35.2-2_amd64.deb ...
Unpacking libctf0:amd64 (2.35.2-2) ...
Selecting previously unselected package binutils-x86-64-linux-gnu.
Preparing to unpack .../065-binutils-x86-64-linux-gnu_2.35.2-2_amd64.deb ...
Unpacking binutils-x86-64-linux-gnu (2.35.2-2) ...
Selecting previously unselected package binutils.
Preparing to unpack .../066-binutils_2.35.2-2_amd64.deb ...
Unpacking binutils (2.35.2-2) ...
Selecting previously unselected package python3-binwalk.
Preparing to unpack .../067-python3-binwalk_2.3.1+dfsg1-1_all.deb ...
Unpacking python3-binwalk (2.3.1+dfsg1-1) ...
Selecting previously unselected package binwalk.
Preparing to unpack .../068-binwalk_2.3.1+dfsg1-1_all.deb ...
Unpacking binwalk (2.3.1+dfsg1-1) ...
Selecting previously unselected package libtcl8.6:amd64.
Preparing to unpack .../069-libtcl8.6_8.6.11+dfsg-1_amd64.deb ...
Unpacking libtcl8.6:amd64 (8.6.11+dfsg-1) ...
Selecting previously unselected package libxft2:amd64.
Preparing to unpack .../070-libxft2_2.3.2-2_amd64.deb ...
Unpacking libxft2:amd64 (2.3.2-2) ...
Selecting previously unselected package libxss1:amd64.
Preparing to unpack .../071-libxss1_1%3a1.2.3-1_amd64.deb ...
Unpacking libxss1:amd64 (1:1.2.3-1) ...
Selecting previously unselected package libtk8.6:amd64.
Preparing to unpack .../072-libtk8.6_8.6.11-2_amd64.deb ...
Unpacking libtk8.6:amd64 (8.6.11-2) ...
Selecting previously unselected package tk8.6-blt2.5.
Preparing to unpack .../073-tk8.6-blt2.5_2.5.3+dfsg-4.1_amd64.deb ...
Unpacking tk8.6-blt2.5 (2.5.3+dfsg-4.1) ...
Selecting previously unselected package blt.
Preparing to unpack .../074-blt_2.5.3+dfsg-4.1_amd64.deb ...
Unpacking blt (2.5.3+dfsg-4.1) ...
Selecting previously unselected package liblzo2-2:amd64.
Preparing to unpack .../075-liblzo2-2_2.10-2_amd64.deb ...
Unpacking liblzo2-2:amd64 (2.10-2) ...
Selecting previously unselected package btrfs-progs.
Preparing to unpack .../076-btrfs-progs_5.10.1-2_amd64.deb ...
Unpacking btrfs-progs (5.10.1-2) ...
Selecting previously unselected package libc-dev-bin.
Preparing to unpack .../077-libc-dev-bin_2.31-13_amd64.deb ...
Unpacking libc-dev-bin (2.31-13) ...
Selecting previously unselected package linux-libc-dev:amd64.
Preparing to unpack .../078-linux-libc-dev_5.10.46-4kali1_amd64.deb ...
Unpacking linux-libc-dev:amd64 (5.10.46-4kali1) ...
Selecting previously unselected package libcrypt-dev:amd64.
Preparing to unpack .../079-libcrypt-dev_1%3a4.4.18-4_amd64.deb ...
Unpacking libcrypt-dev:amd64 (1:4.4.18-4) ...
Selecting previously unselected package libtirpc-dev:amd64.
Preparing to unpack .../080-libtirpc-dev_1.3.1-1_amd64.deb ...
Unpacking libtirpc-dev:amd64 (1.3.1-1) ...
Selecting previously unselected package libnsl-dev:amd64.
Preparing to unpack .../081-libnsl-dev_1.3.0-2_amd64.deb ...
Unpacking libnsl-dev:amd64 (1.3.0-2) ...
Selecting previously unselected package libc6-dev:amd64.
Preparing to unpack .../082-libc6-dev_2.31-13_amd64.deb ...
Unpacking libc6-dev:amd64 (2.31-13) ...
Selecting previously unselected package libisl23:amd64.
Preparing to unpack .../083-libisl23_0.23-1_amd64.deb ...
Unpacking libisl23:amd64 (0.23-1) ...
Selecting previously unselected package libmpc3:amd64.
Preparing to unpack .../084-libmpc3_1.2.0-1_amd64.deb ...
Unpacking libmpc3:amd64 (1.2.0-1) ...
Selecting previously unselected package cpp-10.
Preparing to unpack .../085-cpp-10_10.2.1-6_amd64.deb ...
Unpacking cpp-10 (10.2.1-6) ...
Selecting previously unselected package cpp.
Preparing to unpack .../086-cpp_4%3a10.2.1-1_amd64.deb ...
Unpacking cpp (4:10.2.1-1) ...
Selecting previously unselected package libcc1-0:amd64.
Preparing to unpack .../087-libcc1-0_10.2.1-6_amd64.deb ...
Unpacking libcc1-0:amd64 (10.2.1-6) ...
Selecting previously unselected package libgomp1:amd64.
Preparing to unpack .../088-libgomp1_10.2.1-6_amd64.deb ...
Unpacking libgomp1:amd64 (10.2.1-6) ...
Selecting previously unselected package libitm1:amd64.
Preparing to unpack .../089-libitm1_10.2.1-6_amd64.deb ...
Unpacking libitm1:amd64 (10.2.1-6) ...
Selecting previously unselected package libatomic1:amd64.
Preparing to unpack .../090-libatomic1_10.2.1-6_amd64.deb ...
Unpacking libatomic1:amd64 (10.2.1-6) ...
Selecting previously unselected package libasan6:amd64.
Preparing to unpack .../091-libasan6_10.2.1-6_amd64.deb ...
Unpacking libasan6:amd64 (10.2.1-6) ...
Selecting previously unselected package liblsan0:amd64.
Preparing to unpack .../092-liblsan0_10.2.1-6_amd64.deb ...
Unpacking liblsan0:amd64 (10.2.1-6) ...
Selecting previously unselected package libtsan0:amd64.
Preparing to unpack .../093-libtsan0_10.2.1-6_amd64.deb ...
Unpacking libtsan0:amd64 (10.2.1-6) ...
Selecting previously unselected package libubsan1:amd64.
Preparing to unpack .../094-libubsan1_10.2.1-6_amd64.deb ...
Unpacking libubsan1:amd64 (10.2.1-6) ...
Selecting previously unselected package libquadmath0:amd64.
Preparing to unpack .../095-libquadmath0_10.2.1-6_amd64.deb ...
Unpacking libquadmath0:amd64 (10.2.1-6) ...
Selecting previously unselected package libgcc-10-dev:amd64.
Preparing to unpack .../096-libgcc-10-dev_10.2.1-6_amd64.deb ...
Unpacking libgcc-10-dev:amd64 (10.2.1-6) ...
Selecting previously unselected package gcc-10.
Preparing to unpack .../097-gcc-10_10.2.1-6_amd64.deb ...
Unpacking gcc-10 (10.2.1-6) ...
Selecting previously unselected package gcc.
Preparing to unpack .../098-gcc_4%3a10.2.1-1_amd64.deb ...
Unpacking gcc (4:10.2.1-1) ...
Selecting previously unselected package libstdc++-10-dev:amd64.
Preparing to unpack .../099-libstdc++-10-dev_10.2.1-6_amd64.deb ...
Unpacking libstdc++-10-dev:amd64 (10.2.1-6) ...
Selecting previously unselected package g++-10.
Preparing to unpack .../100-g++-10_10.2.1-6_amd64.deb ...
Unpacking g++-10 (10.2.1-6) ...
Selecting previously unselected package g++.
Preparing to unpack .../101-g++_4%3a10.2.1-1_amd64.deb ...
Unpacking g++ (4:10.2.1-1) ...
Selecting previously unselected package make.
Preparing to unpack .../102-make_4.3-4.1_amd64.deb ...
Unpacking make (4.3-4.1) ...
Selecting previously unselected package libdpkg-perl.
Preparing to unpack .../103-libdpkg-perl_1.20.9kali1_all.deb ...
Unpacking libdpkg-perl (1.20.9kali1) ...
Selecting previously unselected package patch.
Preparing to unpack .../104-patch_2.7.6-7_amd64.deb ...
Unpacking patch (2.7.6-7) ...
Selecting previously unselected package dpkg-dev.
Preparing to unpack .../105-dpkg-dev_1.20.9kali1_all.deb ...
Unpacking dpkg-dev (1.20.9kali1) ...
Selecting previously unselected package build-essential.
Preparing to unpack .../106-build-essential_12.9_amd64.deb ...
Unpacking build-essential (12.9) ...
Selecting previously unselected package rubygems-integration.
Preparing to unpack .../107-rubygems-integration_1.18_all.deb ...
Unpacking rubygems-integration (1.18) ...
Selecting previously unselected package rake.
Preparing to unpack .../108-rake_13.0.3-1_all.deb ...
Unpacking rake (13.0.3-1) ...
Selecting previously unselected package ruby-minitest.
Preparing to unpack .../109-ruby-minitest_5.13.0-1_all.deb ...
Unpacking ruby-minitest (5.13.0-1) ...
Selecting previously unselected package ruby-net-telnet.
Preparing to unpack .../110-ruby-net-telnet_0.1.1-2_all.deb ...
Unpacking ruby-net-telnet (0.1.1-2) ...
Selecting previously unselected package ruby-power-assert.
Preparing to unpack .../111-ruby-power-assert_1.1.7-2_all.deb ...
Unpacking ruby-power-assert (1.1.7-2) ...
Selecting previously unselected package ruby-test-unit.
Preparing to unpack .../112-ruby-test-unit_3.3.9-1_all.deb ...
Unpacking ruby-test-unit (3.3.9-1) ...
Selecting previously unselected package ruby-xmlrpc.
Preparing to unpack .../113-ruby-xmlrpc_0.3.0-2_all.deb ...
Unpacking ruby-xmlrpc (0.3.0-2) ...
Selecting previously unselected package libyaml-0-2:amd64.
Preparing to unpack .../114-libyaml-0-2_0.2.2-1_amd64.deb ...
Unpacking libyaml-0-2:amd64 (0.2.2-1) ...
Selecting previously unselected package libruby2.7:amd64.
Preparing to unpack .../115-libruby2.7_2.7.4-1_amd64.deb ...
Unpacking libruby2.7:amd64 (2.7.4-1) ...
Selecting previously unselected package ruby2.7.
Preparing to unpack .../116-ruby2.7_2.7.4-1_amd64.deb ...
Unpacking ruby2.7 (2.7.4-1) ...
Selecting previously unselected package ruby-rubygems.
Preparing to unpack .../117-ruby-rubygems_3.2.5-2_all.deb ...
Unpacking ruby-rubygems (3.2.5-2) ...
Selecting previously unselected package ruby.
Preparing to unpack .../118-ruby_1%3a2.7+2_amd64.deb ...
Unpacking ruby (1:2.7+2) ...
Selecting previously unselected package ruby-bundler.
Preparing to unpack .../119-ruby-bundler_2.2.5-2_all.deb ...
Unpacking ruby-bundler (2.2.5-2) ...
Selecting previously unselected package bundler.
Preparing to unpack .../120-bundler_2.2.5-2_all.deb ...
Unpacking bundler (2.2.5-2) ...
Selecting previously unselected package busybox.
Preparing to unpack .../121-busybox_1%3a1.30.1-6+b3_amd64.deb ...
Unpacking busybox (1:1.30.1-6+b3) ...
Selecting previously unselected package cgroupfs-mount.
Preparing to unpack .../122-cgroupfs-mount_1.4_all.deb ...
Unpacking cgroupfs-mount (1.4) ...
Selecting previously unselected package cramfsswap.
Preparing to unpack .../123-cramfsswap_1.4.2_amd64.deb ...
Unpacking cramfsswap (1.4.2) ...
Selecting previously unselected package cryptsetup-bin.
Preparing to unpack .../124-cryptsetup-bin_2%3a2.3.5-1_amd64.deb ...
Unpacking cryptsetup-bin (2:2.3.5-1) ...
Selecting previously unselected package curl.
Preparing to unpack .../125-curl_7.74.0-1.3+b1_amd64.deb ...
Unpacking curl (7.74.0-1.3+b1) ...
Selecting previously unselected package db5.3-util.
Preparing to unpack .../126-db5.3-util_5.3.28+dfsg1-0.8_amd64.deb ...
Unpacking db5.3-util (5.3.28+dfsg1-0.8) ...
Selecting previously unselected package db-util.
Preparing to unpack .../127-db-util_5.3.1+nmu1_all.deb ...
Unpacking db-util (5.3.1+nmu1) ...
Selecting previously unselected package dbus-user-session.
Preparing to unpack .../128-dbus-user-session_1.12.20-2_amd64.deb ...
Unpacking dbus-user-session (1.12.20-2) ...
Selecting previously unselected package libdconf1:amd64.
Preparing to unpack .../129-libdconf1_0.38.0-2_amd64.deb ...
Unpacking libdconf1:amd64 (0.38.0-2) ...
Selecting previously unselected package dconf-service.
Preparing to unpack .../130-dconf-service_0.38.0-2_amd64.deb ...
Unpacking dconf-service (0.38.0-2) ...
Selecting previously unselected package dconf-gsettings-backend:amd64.
Preparing to unpack .../131-dconf-gsettings-backend_0.38.0-2_amd64.deb ...
Unpacking dconf-gsettings-backend:amd64 (0.38.0-2) ...
Selecting previously unselected package debootstrap.
Preparing to unpack .../132-debootstrap_1.0.123_all.deb ...
Unpacking debootstrap (1.0.123) ...
Selecting previously unselected package libfdt1:amd64.
Preparing to unpack .../133-libfdt1_1.6.0-1_amd64.deb ...
Unpacking libfdt1:amd64 (1.6.0-1) ...
Selecting previously unselected package device-tree-compiler.
Preparing to unpack .../134-device-tree-compiler_1.6.0-1_amd64.deb ...
Unpacking device-tree-compiler (1.6.0-1) ...
Selecting previously unselected package libassuan0:amd64.
Preparing to unpack .../135-libassuan0_2.5.3-7.1_amd64.deb ...
Unpacking libassuan0:amd64 (2.5.3-7.1) ...
Selecting previously unselected package gpgconf.
Preparing to unpack .../136-gpgconf_2.2.27-2_amd64.deb ...
Unpacking gpgconf (2.2.27-2) ...
Selecting previously unselected package libksba8:amd64.
Preparing to unpack .../137-libksba8_1.5.0-3_amd64.deb ...
Unpacking libksba8:amd64 (1.5.0-3) ...
Selecting previously unselected package libnpth0:amd64.
Preparing to unpack .../138-libnpth0_1.6-3_amd64.deb ...
Unpacking libnpth0:amd64 (1.6-3) ...
Selecting previously unselected package dirmngr.
Preparing to unpack .../139-dirmngr_2.2.27-2_amd64.deb ...
Unpacking dirmngr (2.2.27-2) ...
Selecting previously unselected package python3-pkg-resources.
Preparing to unpack .../140-python3-pkg-resources_52.0.0-4_all.deb ...
Unpacking python3-pkg-resources (52.0.0-4) ...
Selecting previously unselected package python3-cached-property.
Preparing to unpack .../141-python3-cached-property_1.5.2-1_all.deb ...
Unpacking python3-cached-property (1.5.2-1) ...
Selecting previously unselected package python3-lib2to3.
Preparing to unpack .../142-python3-lib2to3_3.9.2-1_all.deb ...
Unpacking python3-lib2to3 (3.9.2-1) ...
Selecting previously unselected package python3-distutils.
Preparing to unpack .../143-python3-distutils_3.9.2-1_all.deb ...
Unpacking python3-distutils (3.9.2-1) ...
Selecting previously unselected package python3-certifi.
Preparing to unpack .../144-python3-certifi_2020.6.20-1_all.deb ...
Unpacking python3-certifi (2020.6.20-1) ...
Selecting previously unselected package python3-chardet.
Preparing to unpack .../145-python3-chardet_4.0.0-1_all.deb ...
Unpacking python3-chardet (4.0.0-1) ...
Selecting previously unselected package python3-idna.
Preparing to unpack .../146-python3-idna_2.10-1_all.deb ...
Unpacking python3-idna (2.10-1) ...
Selecting previously unselected package python3-six.
Preparing to unpack .../147-python3-six_1.16.0-2_all.deb ...
Unpacking python3-six (1.16.0-2) ...
Selecting previously unselected package python3-urllib3.
Preparing to unpack .../148-python3-urllib3_1.26.5-1~exp1_all.deb ...
Unpacking python3-urllib3 (1.26.5-1~exp1) ...
Selecting previously unselected package python3-requests.
Preparing to unpack .../149-python3-requests_2.25.1+dfsg-2_all.deb ...
Unpacking python3-requests (2.25.1+dfsg-2) ...
Selecting previously unselected package python3-websocket.
Preparing to unpack .../150-python3-websocket_0.57.0-1_all.deb ...
Unpacking python3-websocket (0.57.0-1) ...
Selecting previously unselected package python3-docker.
Preparing to unpack .../151-python3-docker_4.1.0-1.2_all.deb ...
Unpacking python3-docker (4.1.0-1.2) ...
Selecting previously unselected package python3-dockerpty.
Preparing to unpack .../152-python3-dockerpty_0.4.1-2_all.deb ...
Unpacking python3-dockerpty (0.4.1-2) ...
Selecting previously unselected package python3-docopt.
Preparing to unpack .../153-python3-docopt_0.6.2-3_all.deb ...
Unpacking python3-docopt (0.6.2-3) ...
Selecting previously unselected package python3-attr.
Preparing to unpack .../154-python3-attr_20.3.0-1_all.deb ...
Unpacking python3-attr (20.3.0-1) ...
Selecting previously unselected package python3-more-itertools.
Preparing to unpack .../155-python3-more-itertools_4.2.0-3_all.deb ...
Unpacking python3-more-itertools (4.2.0-3) ...
Selecting previously unselected package python3-zipp.
Preparing to unpack .../156-python3-zipp_1.0.0-3_all.deb ...
Unpacking python3-zipp (1.0.0-3) ...
Selecting previously unselected package python3-importlib-metadata.
Preparing to unpack .../157-python3-importlib-metadata_1.6.0-2_all.deb ...
Unpacking python3-importlib-metadata (1.6.0-2) ...
Selecting previously unselected package python3-setuptools.
Preparing to unpack .../158-python3-setuptools_52.0.0-4_all.deb ...
Unpacking python3-setuptools (52.0.0-4) ...
Selecting previously unselected package python3-pyrsistent:amd64.
Preparing to unpack .../159-python3-pyrsistent_0.15.5-1+b3_amd64.deb ...
Unpacking python3-pyrsistent:amd64 (0.15.5-1+b3) ...
Selecting previously unselected package python3-jsonschema.
Preparing to unpack .../160-python3-jsonschema_3.2.0-3_all.deb ...
Unpacking python3-jsonschema (3.2.0-3) ...
Selecting previously unselected package python3-texttable.
Preparing to unpack .../161-python3-texttable_1.6.3-2_all.deb ...
Unpacking python3-texttable (1.6.3-2) ...
Selecting previously unselected package python3-yaml.
Preparing to unpack .../162-python3-yaml_5.3.1-5_amd64.deb ...
Unpacking python3-yaml (5.3.1-5) ...
Selecting previously unselected package docker-compose.
Preparing to unpack .../163-docker-compose_1.25.0-1_all.deb ...
Unpacking docker-compose (1.25.0-1) ...
Selecting previously unselected package dosfstools.
Preparing to unpack .../164-dosfstools_4.2-1_amd64.deb ...
Unpacking dosfstools (4.2-1) ...
Selecting previously unselected package ent.
Preparing to unpack .../165-ent_1.2debian-3_amd64.deb ...
Unpacking ent (1.2debian-3) ...
Selecting previously unselected package libfuse2:amd64.
Preparing to unpack .../166-libfuse2_2.9.9-5_amd64.deb ...
Unpacking libfuse2:amd64 (2.9.9-5) ...
Selecting previously unselected package fuse.
Preparing to unpack .../167-fuse_2.9.9-5_amd64.deb ...
Unpacking fuse (2.9.9-5) ...
Selecting previously unselected package exfat-fuse.
Preparing to unpack .../168-exfat-fuse_1.3.0-2_amd64.deb ...
Unpacking exfat-fuse (1.3.0-2) ...
Selecting previously unselected package exfat-utils.
Preparing to unpack .../169-exfat-utils_1.3.0-2_amd64.deb ...
Unpacking exfat-utils (1.3.0-2) ...
Selecting previously unselected package exim4-config.
Preparing to unpack .../170-exim4-config_4.94.2-7_all.deb ...
Unpacking exim4-config (4.94.2-7) ...
Selecting previously unselected package exim4-base.
Preparing to unpack .../171-exim4-base_4.94.2-7_amd64.deb ...
Unpacking exim4-base (4.94.2-7) ...
Selecting previously unselected package libevent-2.1-7:amd64.
Preparing to unpack .../172-libevent-2.1-7_2.1.12-stable-1_amd64.deb ...
Unpacking libevent-2.1-7:amd64 (2.1.12-stable-1) ...
Selecting previously unselected package libunbound8:amd64.
Preparing to unpack .../173-libunbound8_1.13.1-1_amd64.deb ...
Unpacking libunbound8:amd64 (1.13.1-1) ...
Selecting previously unselected package libgnutls-dane0:amd64.
Preparing to unpack .../174-libgnutls-dane0_3.7.1-5_amd64.deb ...
Unpacking libgnutls-dane0:amd64 (3.7.1-5) ...
Selecting previously unselected package libidn11:amd64.
Preparing to unpack .../175-libidn11_1.33-3_amd64.deb ...
Unpacking libidn11:amd64 (1.33-3) ...
Selecting previously unselected package exim4-daemon-light.
Preparing to unpack .../176-exim4-daemon-light_4.94.2-7_amd64.deb ...
Unpacking exim4-daemon-light (4.94.2-7) ...
Selecting previously unselected package extlinux.
Preparing to unpack .../177-extlinux_3%3a6.04~git20190206.bf6db5b4+dfsg1-3+b1_amd64.deb ...
Unpacking extlinux (3:6.04~git20190206.bf6db5b4+dfsg1-3+b1) ...
Selecting previously unselected package f2fs-tools.
Preparing to unpack .../178-f2fs-tools_1.14.0-2_amd64.deb ...
Unpacking f2fs-tools (1.14.0-2) ...
Selecting previously unselected package libfakeroot:amd64.
Preparing to unpack .../179-libfakeroot_1.25.3-1.1_amd64.deb ...
Unpacking libfakeroot:amd64 (1.25.3-1.1) ...
Selecting previously unselected package fakeroot.
Preparing to unpack .../180-fakeroot_1.25.3-1.1_amd64.deb ...
Unpacking fakeroot (1.25.3-1.1) ...
Selecting previously unselected package firmware-linux-free.
Preparing to unpack .../181-firmware-linux-free_20200122-1_all.deb ...
Unpacking firmware-linux-free (20200122-1) ...
Selecting previously unselected package fonts-lyx.
Preparing to unpack .../182-fonts-lyx_2.3.6-1_all.deb ...
Unpacking fonts-lyx (2.3.6-1) ...
Selecting previously unselected package fonts-noto-mono.
Preparing to unpack .../183-fonts-noto-mono_20201225-1_all.deb ...
Unpacking fonts-noto-mono (20201225-1) ...
Selecting previously unselected package freeglut3:amd64.
Preparing to unpack .../184-freeglut3_2.8.1-6_amd64.deb ...
Unpacking freeglut3:amd64 (2.8.1-6) ...
Selecting previously unselected package gdisk.
Preparing to unpack .../185-gdisk_1.0.6-1.1_amd64.deb ...
Unpacking gdisk (1.0.6-1.1) ...
Selecting previously unselected package genisoimage.
Preparing to unpack .../186-genisoimage_9%3a1.1.11-3.2_amd64.deb ...
Unpacking genisoimage (9:1.1.11-3.2) ...
Selecting previously unselected package libgs9-common.
Preparing to unpack .../187-libgs9-common_9.53.3~dfsg-7_all.deb ...
Unpacking libgs9-common (9.53.3~dfsg-7) ...
Selecting previously unselected package libavahi-common-data:amd64.
Preparing to unpack .../188-libavahi-common-data_0.8-5_amd64.deb ...
Unpacking libavahi-common-data:amd64 (0.8-5) ...
Selecting previously unselected package libavahi-common3:amd64.
Preparing to unpack .../189-libavahi-common3_0.8-5_amd64.deb ...
Unpacking libavahi-common3:amd64 (0.8-5) ...
Selecting previously unselected package libavahi-client3:amd64.
Preparing to unpack .../190-libavahi-client3_0.8-5_amd64.deb ...
Unpacking libavahi-client3:amd64 (0.8-5) ...
Selecting previously unselected package libcups2:amd64.
Preparing to unpack .../191-libcups2_2.3.3op2-3+deb11u1_amd64.deb ...
Unpacking libcups2:amd64 (2.3.3op2-3+deb11u1) ...
Selecting previously unselected package libijs-0.35:amd64.
Preparing to unpack .../192-libijs-0.35_0.35-15_amd64.deb ...
Unpacking libijs-0.35:amd64 (0.35-15) ...
Selecting previously unselected package libjbig2dec0:amd64.
Preparing to unpack .../193-libjbig2dec0_0.19-3_amd64.deb ...
Unpacking libjbig2dec0:amd64 (0.19-3) ...
Selecting previously unselected package liblcms2-2:amd64.
Preparing to unpack .../194-liblcms2-2_2.12~rc1-2_amd64.deb ...
Unpacking liblcms2-2:amd64 (2.12~rc1-2) ...
Selecting previously unselected package libopenjp2-7:amd64.
Preparing to unpack .../195-libopenjp2-7_2.4.0-3_amd64.deb ...
Unpacking libopenjp2-7:amd64 (2.4.0-3) ...
Selecting previously unselected package libpaper1:amd64.
Preparing to unpack .../196-libpaper1_1.1.28+b1_amd64.deb ...
Unpacking libpaper1:amd64 (1.1.28+b1) ...
Selecting previously unselected package libgs9:amd64.
Preparing to unpack .../197-libgs9_9.53.3~dfsg-7_amd64.deb ...
Unpacking libgs9:amd64 (9.53.3~dfsg-7) ...
Selecting previously unselected package ghostscript.
Preparing to unpack .../198-ghostscript_9.53.3~dfsg-7_amd64.deb ...
Unpacking ghostscript (9.53.3~dfsg-7) ...
Selecting previously unselected package libcurl3-gnutls:amd64.
Preparing to unpack .../199-libcurl3-gnutls_7.74.0-1.3+b1_amd64.deb ...
Unpacking libcurl3-gnutls:amd64 (7.74.0-1.3+b1) ...
Selecting previously unselected package liberror-perl.
Preparing to unpack .../200-liberror-perl_0.17029-1_all.deb ...
Unpacking liberror-perl (0.17029-1) ...
Selecting previously unselected package git-man.
Preparing to unpack .../201-git-man_1%3a2.32.0-1_all.deb ...
Unpacking git-man (1:2.32.0-1) ...
Selecting previously unselected package git.
Preparing to unpack .../202-git_1%3a2.32.0-1_amd64.deb ...
Unpacking git (1:2.32.0-1) ...
Selecting previously unselected package libproxy1v5:amd64.
Preparing to unpack .../203-libproxy1v5_0.4.17-1_amd64.deb ...
Unpacking libproxy1v5:amd64 (0.4.17-1) ...
Selecting previously unselected package glib-networking-common.
Preparing to unpack .../204-glib-networking-common_2.66.0-2_all.deb ...
Unpacking glib-networking-common (2.66.0-2) ...
Selecting previously unselected package glib-networking-services.
Preparing to unpack .../205-glib-networking-services_2.66.0-2_amd64.deb ...
Unpacking glib-networking-services (2.66.0-2) ...
Selecting previously unselected package gsettings-desktop-schemas.
Preparing to unpack .../206-gsettings-desktop-schemas_3.38.0-2_all.deb ...
Unpacking gsettings-desktop-schemas (3.38.0-2) ...
Selecting previously unselected package glib-networking:amd64.
Preparing to unpack .../207-glib-networking_2.66.0-2_amd64.deb ...
Unpacking glib-networking:amd64 (2.66.0-2) ...
Selecting previously unselected package gnupg-l10n.
Preparing to unpack .../208-gnupg-l10n_2.2.27-2_all.deb ...
Unpacking gnupg-l10n (2.2.27-2) ...
Selecting previously unselected package gnupg-utils.
Preparing to unpack .../209-gnupg-utils_2.2.27-2_amd64.deb ...
Unpacking gnupg-utils (2.2.27-2) ...
Selecting previously unselected package gpg.
Preparing to unpack .../210-gpg_2.2.27-2_amd64.deb ...
Unpacking gpg (2.2.27-2) ...
Selecting previously unselected package pinentry-curses.
Preparing to unpack .../211-pinentry-curses_1.1.0-4_amd64.deb ...
Unpacking pinentry-curses (1.1.0-4) ...
Selecting previously unselected package gpg-agent.
Preparing to unpack .../212-gpg-agent_2.2.27-2_amd64.deb ...
Unpacking gpg-agent (2.2.27-2) ...
Selecting previously unselected package gpg-wks-client.
Preparing to unpack .../213-gpg-wks-client_2.2.27-2_amd64.deb ...
Unpacking gpg-wks-client (2.2.27-2) ...
Selecting previously unselected package gpg-wks-server.
Preparing to unpack .../214-gpg-wks-server_2.2.27-2_amd64.deb ...
Unpacking gpg-wks-server (2.2.27-2) ...
Selecting previously unselected package gpgsm.
Preparing to unpack .../215-gpgsm_2.2.27-2_amd64.deb ...
Unpacking gpgsm (2.2.27-2) ...
Selecting previously unselected package gnupg.
Preparing to unpack .../216-gnupg_2.2.27-2_all.deb ...
Unpacking gnupg (2.2.27-2) ...
Selecting previously unselected package libefivar1:amd64.
Preparing to unpack .../217-libefivar1_37-6_amd64.deb ...
Unpacking libefivar1:amd64 (37-6) ...
Selecting previously unselected package libefiboot1:amd64.
Preparing to unpack .../218-libefiboot1_37-6_amd64.deb ...
Unpacking libefiboot1:amd64 (37-6) ...
Selecting previously unselected package grub-common.
Preparing to unpack .../219-grub-common_2.04-20kali1_amd64.deb ...
Unpacking grub-common (2.04-20kali1) ...
Selecting previously unselected package grub2-common.
Preparing to unpack .../220-grub2-common_2.04-20kali1_amd64.deb ...
Unpacking grub2-common (2.04-20kali1) ...
Selecting previously unselected package gsasl-common.
Preparing to unpack .../221-gsasl-common_1.10.0-5_all.deb ...
Unpacking gsasl-common (1.10.0-5) ...
Selecting previously unselected package libaom0:amd64.
Preparing to unpack .../222-libaom0_1.0.0.errata1-3_amd64.deb ...
Unpacking libaom0:amd64 (1.0.0.errata1-3) ...
Selecting previously unselected package libva2:amd64.
Preparing to unpack .../223-libva2_2.10.0-1_amd64.deb ...
Unpacking libva2:amd64 (2.10.0-1) ...
Selecting previously unselected package libmfx1:amd64.
Preparing to unpack .../224-libmfx1_21.1.0-1_amd64.deb ...
Unpacking libmfx1:amd64 (21.1.0-1) ...
Selecting previously unselected package libva-drm2:amd64.
Preparing to unpack .../225-libva-drm2_2.10.0-1_amd64.deb ...
Unpacking libva-drm2:amd64 (2.10.0-1) ...
Selecting previously unselected package libva-x11-2:amd64.
Preparing to unpack .../226-libva-x11-2_2.10.0-1_amd64.deb ...
Unpacking libva-x11-2:amd64 (2.10.0-1) ...
Selecting previously unselected package libvdpau1:amd64.
Preparing to unpack .../227-libvdpau1_1.4-3_amd64.deb ...
Unpacking libvdpau1:amd64 (1.4-3) ...
Selecting previously unselected package ocl-icd-libopencl1:amd64.
Preparing to unpack .../228-ocl-icd-libopencl1_2.2.14-2_amd64.deb ...
Unpacking ocl-icd-libopencl1:amd64 (2.2.14-2) ...
Selecting previously unselected package libavutil56:amd64.
Preparing to unpack .../229-libavutil56_7%3a4.3.2-0+deb11u2_amd64.deb ...
Unpacking libavutil56:amd64 (7:4.3.2-0+deb11u2) ...
Selecting previously unselected package libpixman-1-0:amd64.
Preparing to unpack .../230-libpixman-1-0_0.40.0-1_amd64.deb ...
Unpacking libpixman-1-0:amd64 (0.40.0-1) ...
Selecting previously unselected package libcairo2:amd64.
Preparing to unpack .../231-libcairo2_1.16.0-5_amd64.deb ...
Unpacking libcairo2:amd64 (1.16.0-5) ...
Selecting previously unselected package libcodec2-0.9:amd64.
Preparing to unpack .../232-libcodec2-0.9_0.9.2-4_amd64.deb ...
Unpacking libcodec2-0.9:amd64 (0.9.2-4) ...
Selecting previously unselected package libdav1d4:amd64.
Preparing to unpack .../233-libdav1d4_0.7.1-3_amd64.deb ...
Unpacking libdav1d4:amd64 (0.7.1-3) ...
Selecting previously unselected package libgsm1:amd64.
Preparing to unpack .../234-libgsm1_1.0.18-2_amd64.deb ...
Unpacking libgsm1:amd64 (1.0.18-2) ...
Selecting previously unselected package libmp3lame0:amd64.
Preparing to unpack .../235-libmp3lame0_3.100-3_amd64.deb ...
Unpacking libmp3lame0:amd64 (3.100-3) ...
Selecting previously unselected package libopus0:amd64.
Preparing to unpack .../236-libopus0_1.3.1-0.1_amd64.deb ...
Unpacking libopus0:amd64 (1.3.1-0.1) ...
Selecting previously unselected package libcairo-gobject2:amd64.
Preparing to unpack .../237-libcairo-gobject2_1.16.0-5_amd64.deb ...
Unpacking libcairo-gobject2:amd64 (1.16.0-5) ...
Selecting previously unselected package libfribidi0:amd64.
Preparing to unpack .../238-libfribidi0_1.0.8-2_amd64.deb ...
Unpacking libfribidi0:amd64 (1.0.8-2) ...
Selecting previously unselected package libthai-data.
Preparing to unpack .../239-libthai-data_0.1.28-3_all.deb ...
Unpacking libthai-data (0.1.28-3) ...
Selecting previously unselected package libdatrie1:amd64.
Preparing to unpack .../240-libdatrie1_0.2.13-1_amd64.deb ...
Unpacking libdatrie1:amd64 (0.2.13-1) ...
Selecting previously unselected package libthai0:amd64.
Preparing to unpack .../241-libthai0_0.1.28-3_amd64.deb ...
Unpacking libthai0:amd64 (0.1.28-3) ...
Selecting previously unselected package libpango-1.0-0:amd64.
Preparing to unpack .../242-libpango-1.0-0_1.46.2-3_amd64.deb ...
Unpacking libpango-1.0-0:amd64 (1.46.2-3) ...
Selecting previously unselected package libpangoft2-1.0-0:amd64.
Preparing to unpack .../243-libpangoft2-1.0-0_1.46.2-3_amd64.deb ...
Unpacking libpangoft2-1.0-0:amd64 (1.46.2-3) ...
Selecting previously unselected package libpangocairo-1.0-0:amd64.
Preparing to unpack .../244-libpangocairo-1.0-0_1.46.2-3_amd64.deb ...
Unpacking libpangocairo-1.0-0:amd64 (1.46.2-3) ...
Selecting previously unselected package librsvg2-2:amd64.
Preparing to unpack .../245-librsvg2-2_2.50.3+dfsg-1_amd64.deb ...
Unpacking librsvg2-2:amd64 (2.50.3+dfsg-1) ...
Selecting previously unselected package libshine3:amd64.
Preparing to unpack .../246-libshine3_3.1.1-2_amd64.deb ...
Unpacking libshine3:amd64 (3.1.1-2) ...
Selecting previously unselected package libsnappy1v5:amd64.
Preparing to unpack .../247-libsnappy1v5_1.1.8-1_amd64.deb ...
Unpacking libsnappy1v5:amd64 (1.1.8-1) ...
Selecting previously unselected package libspeex1:amd64.
Preparing to unpack .../248-libspeex1_1.2~rc1.2-1.1_amd64.deb ...
Unpacking libspeex1:amd64 (1.2~rc1.2-1.1) ...
Selecting previously unselected package libsoxr0:amd64.
Preparing to unpack .../249-libsoxr0_0.1.3-4_amd64.deb ...
Unpacking libsoxr0:amd64 (0.1.3-4) ...
Selecting previously unselected package libswresample3:amd64.
Preparing to unpack .../250-libswresample3_7%3a4.3.2-0+deb11u2_amd64.deb ...
Unpacking libswresample3:amd64 (7:4.3.2-0+deb11u2) ...
Selecting previously unselected package libogg0:amd64.
Preparing to unpack .../251-libogg0_1.3.4-0.1_amd64.deb ...
Unpacking libogg0:amd64 (1.3.4-0.1) ...
Selecting previously unselected package libtheora0:amd64.
Preparing to unpack .../252-libtheora0_1.1.1+dfsg.1-15_amd64.deb ...
Unpacking libtheora0:amd64 (1.1.1+dfsg.1-15) ...
Selecting previously unselected package libtwolame0:amd64.
Preparing to unpack .../253-libtwolame0_0.4.0-2_amd64.deb ...
Unpacking libtwolame0:amd64 (0.4.0-2) ...
Selecting previously unselected package libvorbis0a:amd64.
Preparing to unpack .../254-libvorbis0a_1.3.7-1_amd64.deb ...
Unpacking libvorbis0a:amd64 (1.3.7-1) ...
Selecting previously unselected package libvorbisenc2:amd64.
Preparing to unpack .../255-libvorbisenc2_1.3.7-1_amd64.deb ...
Unpacking libvorbisenc2:amd64 (1.3.7-1) ...
Selecting previously unselected package libvpx6:amd64.
Preparing to unpack .../256-libvpx6_1.9.0-1_amd64.deb ...
Unpacking libvpx6:amd64 (1.9.0-1) ...
Selecting previously unselected package libwavpack1:amd64.
Preparing to unpack .../257-libwavpack1_5.4.0-1_amd64.deb ...
Unpacking libwavpack1:amd64 (5.4.0-1) ...
Selecting previously unselected package libwebpmux3:amd64.
Preparing to unpack .../258-libwebpmux3_0.6.1-2.1_amd64.deb ...
Unpacking libwebpmux3:amd64 (0.6.1-2.1) ...
Selecting previously unselected package libx264-160:amd64.
Preparing to unpack .../259-libx264-160_2%3a0.160.3011+gitcde9a93-2.1_amd64.deb ...
Unpacking libx264-160:amd64 (2:0.160.3011+gitcde9a93-2.1) ...
Selecting previously unselected package libnuma1:amd64.
Preparing to unpack .../260-libnuma1_2.0.12-1+b1_amd64.deb ...
Unpacking libnuma1:amd64 (2.0.12-1+b1) ...
Selecting previously unselected package libx265-192:amd64.
Preparing to unpack .../261-libx265-192_3.4-2_amd64.deb ...
Unpacking libx265-192:amd64 (3.4-2) ...
Selecting previously unselected package libxvidcore4:amd64.
Preparing to unpack .../262-libxvidcore4_2%3a1.3.7-1_amd64.deb ...
Unpacking libxvidcore4:amd64 (2:1.3.7-1) ...
Selecting previously unselected package libzvbi-common.
Preparing to unpack .../263-libzvbi-common_0.2.35-18_all.deb ...
Unpacking libzvbi-common (0.2.35-18) ...
Selecting previously unselected package libzvbi0:amd64.
Preparing to unpack .../264-libzvbi0_0.2.35-18_amd64.deb ...
Unpacking libzvbi0:amd64 (0.2.35-18) ...
Selecting previously unselected package libavcodec58:amd64.
Preparing to unpack .../265-libavcodec58_7%3a4.3.2-0+deb11u2_amd64.deb ...
Unpacking libavcodec58:amd64 (7:4.3.2-0+deb11u2) ...
Selecting previously unselected package libass9:amd64.
Preparing to unpack .../266-libass9_1%3a0.15.0-2_amd64.deb ...
Unpacking libass9:amd64 (1:0.15.0-2) ...
Selecting previously unselected package libudfread0:amd64.
Preparing to unpack .../267-libudfread0_1.1.2-1_amd64.deb ...
Unpacking libudfread0:amd64 (1.1.2-1) ...
Selecting previously unselected package libbluray2:amd64.
Preparing to unpack .../268-libbluray2_1%3a1.2.1-4_amd64.deb ...
Unpacking libbluray2:amd64 (1:1.2.1-4) ...
Selecting previously unselected package libchromaprint1:amd64.
Preparing to unpack .../269-libchromaprint1_1.5.0-2_amd64.deb ...
Unpacking libchromaprint1:amd64 (1.5.0-2) ...
Selecting previously unselected package libgme0:amd64.
Preparing to unpack .../270-libgme0_0.6.3-2_amd64.deb ...
Unpacking libgme0:amd64 (0.6.3-2) ...
Selecting previously unselected package libmpg123-0:amd64.
Preparing to unpack .../271-libmpg123-0_1.26.4-1_amd64.deb ...
Unpacking libmpg123-0:amd64 (1.26.4-1) ...
Selecting previously unselected package libvorbisfile3:amd64.
Preparing to unpack .../272-libvorbisfile3_1.3.7-1_amd64.deb ...
Unpacking libvorbisfile3:amd64 (1.3.7-1) ...
Selecting previously unselected package libopenmpt0:amd64.
Preparing to unpack .../273-libopenmpt0_0.4.11-1_amd64.deb ...
Unpacking libopenmpt0:amd64 (0.4.11-1) ...
Selecting previously unselected package librabbitmq4:amd64.
Preparing to unpack .../274-librabbitmq4_0.10.0-1_amd64.deb ...
Unpacking librabbitmq4:amd64 (0.10.0-1) ...
Selecting previously unselected package libsrt1.4-gnutls:amd64.
Preparing to unpack .../275-libsrt1.4-gnutls_1.4.2-1.4_amd64.deb ...
Unpacking libsrt1.4-gnutls:amd64 (1.4.2-1.4) ...
Selecting previously unselected package libssh-gcrypt-4:amd64.
Preparing to unpack .../276-libssh-gcrypt-4_0.9.5-1_amd64.deb ...
Unpacking libssh-gcrypt-4:amd64 (0.9.5-1) ...
Selecting previously unselected package libnorm1:amd64.
Preparing to unpack .../277-libnorm1_1.5.9+dfsg-2_amd64.deb ...
Unpacking libnorm1:amd64 (1.5.9+dfsg-2) ...
Selecting previously unselected package libpgm-5.3-0:amd64.
Preparing to unpack .../278-libpgm-5.3-0_5.3.128~dfsg-2_amd64.deb ...
Unpacking libpgm-5.3-0:amd64 (5.3.128~dfsg-2) ...
Selecting previously unselected package libsodium23:amd64.
Preparing to unpack .../279-libsodium23_1.0.18-1_amd64.deb ...
Unpacking libsodium23:amd64 (1.0.18-1) ...
Selecting previously unselected package libzmq5:amd64.
Preparing to unpack .../280-libzmq5_4.3.4-1_amd64.deb ...
Unpacking libzmq5:amd64 (4.3.4-1) ...
Selecting previously unselected package libavformat58:amd64.
Preparing to unpack .../281-libavformat58_7%3a4.3.2-0+deb11u2_amd64.deb ...
Unpacking libavformat58:amd64 (7:4.3.2-0+deb11u2) ...
Selecting previously unselected package libbs2b0:amd64.
Preparing to unpack .../282-libbs2b0_3.1.0+dfsg-2.2+b1_amd64.deb ...
Unpacking libbs2b0:amd64 (3.1.0+dfsg-2.2+b1) ...
Selecting previously unselected package libflite1:amd64.
Preparing to unpack .../283-libflite1_2.2-2_amd64.deb ...
Unpacking libflite1:amd64 (2.2-2) ...
Selecting previously unselected package libserd-0-0:amd64.
Preparing to unpack .../284-libserd-0-0_0.30.10-2_amd64.deb ...
Unpacking libserd-0-0:amd64 (0.30.10-2) ...
Selecting previously unselected package libsord-0-0:amd64.
Preparing to unpack .../285-libsord-0-0_0.16.8-2_amd64.deb ...
Unpacking libsord-0-0:amd64 (0.16.8-2) ...
Selecting previously unselected package libsratom-0-0:amd64.
Preparing to unpack .../286-libsratom-0-0_0.6.8-1_amd64.deb ...
Unpacking libsratom-0-0:amd64 (0.6.8-1) ...
Selecting previously unselected package liblilv-0-0:amd64.
Preparing to unpack .../287-liblilv-0-0_0.24.12-2_amd64.deb ...
Unpacking liblilv-0-0:amd64 (0.24.12-2) ...
Selecting previously unselected package libmysofa1:amd64.
Preparing to unpack .../288-libmysofa1_1.2~dfsg0-1_amd64.deb ...
Unpacking libmysofa1:amd64 (1.2~dfsg0-1) ...
Selecting previously unselected package libblas3:amd64.
Preparing to unpack .../289-libblas3_3.9.0-3_amd64.deb ...
Unpacking libblas3:amd64 (3.9.0-3) ...
Selecting previously unselected package libgfortran5:amd64.
Preparing to unpack .../290-libgfortran5_10.2.1-6_amd64.deb ...
Unpacking libgfortran5:amd64 (10.2.1-6) ...
Selecting previously unselected package liblapack3:amd64.
Preparing to unpack .../291-liblapack3_3.9.0-3_amd64.deb ...
Unpacking liblapack3:amd64 (3.9.0-3) ...
Selecting previously unselected package libasyncns0:amd64.
Preparing to unpack .../292-libasyncns0_0.8-6+b2_amd64.deb ...
Unpacking libasyncns0:amd64 (0.8-6+b2) ...
Selecting previously unselected package libflac8:amd64.
Preparing to unpack .../293-libflac8_1.3.3-2_amd64.deb ...
Unpacking libflac8:amd64 (1.3.3-2) ...
Selecting previously unselected package libsndfile1:amd64.
Preparing to unpack .../294-libsndfile1_1.0.31-2_amd64.deb ...
Unpacking libsndfile1:amd64 (1.0.31-2) ...
Selecting previously unselected package libwrap0:amd64.
Preparing to unpack .../295-libwrap0_7.6.q-31_amd64.deb ...
Unpacking libwrap0:amd64 (7.6.q-31) ...
Selecting previously unselected package libpulse0:amd64.
Preparing to unpack .../296-libpulse0_14.2-2_amd64.deb ...
Unpacking libpulse0:amd64 (14.2-2) ...
Selecting previously unselected package libsphinxbase3:amd64.
Preparing to unpack .../297-libsphinxbase3_0.8+5prealpha+1-12_amd64.deb ...
Unpacking libsphinxbase3:amd64 (0.8+5prealpha+1-12) ...
Selecting previously unselected package libpocketsphinx3:amd64.
Preparing to unpack .../298-libpocketsphinx3_0.8+5prealpha+1-13_amd64.deb ...
Unpacking libpocketsphinx3:amd64 (0.8+5prealpha+1-13) ...
Selecting previously unselected package libpostproc55:amd64.
Preparing to unpack .../299-libpostproc55_7%3a4.3.2-0+deb11u2_amd64.deb ...
Unpacking libpostproc55:amd64 (7:4.3.2-0+deb11u2) ...
Selecting previously unselected package libfftw3-double3:amd64.
Preparing to unpack .../300-libfftw3-double3_3.3.8-2_amd64.deb ...
Unpacking libfftw3-double3:amd64 (3.3.8-2) ...
Selecting previously unselected package libsamplerate0:amd64.
Preparing to unpack .../301-libsamplerate0_0.2.1+ds0-1_amd64.deb ...
Unpacking libsamplerate0:amd64 (0.2.1+ds0-1) ...
Selecting previously unselected package librubberband2:amd64.
Preparing to unpack .../302-librubberband2_1.9.0-1_amd64.deb ...
Unpacking librubberband2:amd64 (1.9.0-1) ...
Selecting previously unselected package libswscale5:amd64.
Preparing to unpack .../303-libswscale5_7%3a4.3.2-0+deb11u2_amd64.deb ...
Unpacking libswscale5:amd64 (7:4.3.2-0+deb11u2) ...
Selecting previously unselected package libvidstab1.1:amd64.
Preparing to unpack .../304-libvidstab1.1_1.1.0-2+b1_amd64.deb ...
Unpacking libvidstab1.1:amd64 (1.1.0-2+b1) ...
Selecting previously unselected package libavfilter7:amd64.
Preparing to unpack .../305-libavfilter7_7%3a4.3.2-0+deb11u2_amd64.deb ...
Unpacking libavfilter7:amd64 (7:4.3.2-0+deb11u2) ...
Selecting previously unselected package libdw1:amd64.
Preparing to unpack .../306-libdw1_0.183-1_amd64.deb ...
Unpacking libdw1:amd64 (0.183-1) ...
Selecting previously unselected package libunwind8:amd64.
Preparing to unpack .../307-libunwind8_1.3.2-2_amd64.deb ...
Unpacking libunwind8:amd64 (1.3.2-2) ...
Selecting previously unselected package libgstreamer1.0-0:amd64.
Preparing to unpack .../308-libgstreamer1.0-0_1.18.4-2.1_amd64.deb ...
Unpacking libgstreamer1.0-0:amd64 (1.18.4-2.1) ...
Selecting previously unselected package liborc-0.4-0:amd64.
Preparing to unpack .../309-liborc-0.4-0_1%3a0.4.32-1_amd64.deb ...
Unpacking liborc-0.4-0:amd64 (1:0.4.32-1) ...
Selecting previously unselected package iso-codes.
Preparing to unpack .../310-iso-codes_4.6.0-1_all.deb ...
Unpacking iso-codes (4.6.0-1) ...
Selecting previously unselected package libgstreamer-plugins-base1.0-0:amd64.
Preparing to unpack .../311-libgstreamer-plugins-base1.0-0_1.18.4-2_amd64.deb ...
Unpacking libgstreamer-plugins-base1.0-0:amd64 (1.18.4-2) ...
Selecting previously unselected package gstreamer1.0-libav:amd64.
Preparing to unpack .../312-gstreamer1.0-libav_1.18.4-3_amd64.deb ...
Unpacking gstreamer1.0-libav:amd64 (1.18.4-3) ...
Selecting previously unselected package libcdparanoia0:amd64.
Preparing to unpack .../313-libcdparanoia0_3.10.2+debian-14_amd64.deb ...
Unpacking libcdparanoia0:amd64 (3.10.2+debian-14) ...
Selecting previously unselected package libvisual-0.4-0:amd64.
Preparing to unpack .../314-libvisual-0.4-0_0.4.0-17_amd64.deb ...
Unpacking libvisual-0.4-0:amd64 (0.4.0-17) ...
Selecting previously unselected package gstreamer1.0-plugins-base:amd64.
Preparing to unpack .../315-gstreamer1.0-plugins-base_1.18.4-2_amd64.deb ...
Unpacking gstreamer1.0-plugins-base:amd64 (1.18.4-2) ...
Selecting previously unselected package libslang2:amd64.
Preparing to unpack .../316-libslang2_2.3.2-5_amd64.deb ...
Unpacking libslang2:amd64 (2.3.2-5) ...
Selecting previously unselected package libaa1:amd64.
Preparing to unpack .../317-libaa1_1.4p5-48_amd64.deb ...
Unpacking libaa1:amd64 (1.4p5-48) ...
Selecting previously unselected package libraw1394-11:amd64.
Preparing to unpack .../318-libraw1394-11_2.1.2-2_amd64.deb ...
Unpacking libraw1394-11:amd64 (2.1.2-2) ...
Selecting previously unselected package libavc1394-0:amd64.
Preparing to unpack .../319-libavc1394-0_0.5.4-5_amd64.deb ...
Unpacking libavc1394-0:amd64 (0.5.4-5) ...
Selecting previously unselected package libcaca0:amd64.
Preparing to unpack .../320-libcaca0_0.99.beta19-2.2_amd64.deb ...
Unpacking libcaca0:amd64 (0.99.beta19-2.2) ...
Selecting previously unselected package libdv4:amd64.
Preparing to unpack .../321-libdv4_1.0.0-13_amd64.deb ...
Unpacking libdv4:amd64 (1.0.0-13) ...
Selecting previously unselected package libiec61883-0:amd64.
Preparing to unpack .../322-libiec61883-0_1.2.0-4_amd64.deb ...
Unpacking libiec61883-0:amd64 (1.2.0-4) ...
Selecting previously unselected package libjack-jackd2-0:amd64.
Preparing to unpack .../323-libjack-jackd2-0_1.9.17~dfsg-1_amd64.deb ...
Unpacking libjack-jackd2-0:amd64 (1.9.17~dfsg-1) ...
Selecting previously unselected package libshout3:amd64.
Preparing to unpack .../324-libshout3_2.4.5-1+b1_amd64.deb ...
Unpacking libshout3:amd64 (2.4.5-1+b1) ...
Selecting previously unselected package libsoup2.4-1:amd64.
Preparing to unpack .../325-libsoup2.4-1_2.72.0-4_amd64.deb ...
Unpacking libsoup2.4-1:amd64 (2.72.0-4) ...
Selecting previously unselected package libtag1v5-vanilla:amd64.
Preparing to unpack .../326-libtag1v5-vanilla_1.11.1+dfsg.1-3_amd64.deb ...
Unpacking libtag1v5-vanilla:amd64 (1.11.1+dfsg.1-3) ...
Selecting previously unselected package libtag1v5:amd64.
Preparing to unpack .../327-libtag1v5_1.11.1+dfsg.1-3_amd64.deb ...
Unpacking libtag1v5:amd64 (1.11.1+dfsg.1-3) ...
Selecting previously unselected package libv4lconvert0:amd64.
Preparing to unpack .../328-libv4lconvert0_1.20.0-4_amd64.deb ...
Unpacking libv4lconvert0:amd64 (1.20.0-4) ...
Selecting previously unselected package libv4l-0:amd64.
Preparing to unpack .../329-libv4l-0_1.20.0-4_amd64.deb ...
Unpacking libv4l-0:amd64 (1.20.0-4) ...
Selecting previously unselected package gstreamer1.0-plugins-good:amd64.
Preparing to unpack .../330-gstreamer1.0-plugins-good_1.18.4-2_amd64.deb ...
Unpacking gstreamer1.0-plugins-good:amd64 (1.18.4-2) ...
Selecting previously unselected package libxv1:amd64.
Preparing to unpack .../331-libxv1_2%3a1.0.11-1_amd64.deb ...
Unpacking libxv1:amd64 (2:1.0.11-1) ...
Selecting previously unselected package gstreamer1.0-x:amd64.
Preparing to unpack .../332-gstreamer1.0-x_1.18.4-2_amd64.deb ...
Unpacking gstreamer1.0-x:amd64 (1.18.4-2) ...
Selecting previously unselected package libgc1:amd64.
Preparing to unpack .../333-libgc1_1%3a8.0.4-3_amd64.deb ...
Unpacking libgc1:amd64 (1:8.0.4-3) ...
Selecting previously unselected package libltdl7:amd64.
Preparing to unpack .../334-libltdl7_2.4.6-15_amd64.deb ...
Unpacking libltdl7:amd64 (2.4.6-15) ...
Selecting previously unselected package guile-3.0-libs:amd64.
Preparing to unpack .../335-guile-3.0-libs_3.0.5-4_amd64.deb ...
Unpacking guile-3.0-libs:amd64 (3.0.5-4) ...
Selecting previously unselected package libhfsp0.
Preparing to unpack .../336-libhfsp0_1.0.4-16_amd64.deb ...
Unpacking libhfsp0 (1.0.4-16) ...
Selecting previously unselected package hfsplus.
Preparing to unpack .../337-hfsplus_1.0.4-16_amd64.deb ...
Unpacking hfsplus (1.0.4-16) ...
Selecting previously unselected package i965-va-driver:amd64.
Preparing to unpack .../338-i965-va-driver_2.4.1+dfsg1-1_amd64.deb ...
Unpacking i965-va-driver:amd64 (2.4.1+dfsg1-1) ...
Selecting previously unselected package libnl-3-200:amd64.
Preparing to unpack .../339-libnl-3-200_3.4.0-1+b1_amd64.deb ...
Unpacking libnl-3-200:amd64 (3.4.0-1+b1) ...
Selecting previously unselected package libnl-route-3-200:amd64.
Preparing to unpack .../340-libnl-route-3-200_3.4.0-1+b1_amd64.deb ...
Unpacking libnl-route-3-200:amd64 (3.4.0-1+b1) ...
Selecting previously unselected package libibverbs1:amd64.
Preparing to unpack .../341-libibverbs1_33.2-1_amd64.deb ...
Unpacking libibverbs1:amd64 (33.2-1) ...
Selecting previously unselected package ibverbs-providers:amd64.
Preparing to unpack .../342-ibverbs-providers_33.2-1_amd64.deb ...
Unpacking ibverbs-providers:amd64 (33.2-1) ...
Selecting previously unselected package libencode-locale-perl.
Preparing to unpack .../343-libencode-locale-perl_1.05-1.1_all.deb ...
Unpacking libencode-locale-perl (1.05-1.1) ...
Selecting previously unselected package libtimedate-perl.
Preparing to unpack .../344-libtimedate-perl_2.3300-2_all.deb ...
Unpacking libtimedate-perl (2.3300-2) ...
Selecting previously unselected package libhttp-date-perl.
Preparing to unpack .../345-libhttp-date-perl_6.05-1_all.deb ...
Unpacking libhttp-date-perl (6.05-1) ...
Selecting previously unselected package libfile-listing-perl.
Preparing to unpack .../346-libfile-listing-perl_6.14-1_all.deb ...
Unpacking libfile-listing-perl (6.14-1) ...
Selecting previously unselected package libhtml-tagset-perl.
Preparing to unpack .../347-libhtml-tagset-perl_3.20-4_all.deb ...
Unpacking libhtml-tagset-perl (3.20-4) ...
Selecting previously unselected package liburi-perl.
Preparing to unpack .../348-liburi-perl_5.08-1_all.deb ...
Unpacking liburi-perl (5.08-1) ...
Selecting previously unselected package libhtml-parser-perl:amd64.
Preparing to unpack .../349-libhtml-parser-perl_3.76-1_amd64.deb ...
Unpacking libhtml-parser-perl:amd64 (3.76-1) ...
Selecting previously unselected package libhtml-tree-perl.
Preparing to unpack .../350-libhtml-tree-perl_5.07-2_all.deb ...
Unpacking libhtml-tree-perl (5.07-2) ...
Selecting previously unselected package libio-html-perl.
Preparing to unpack .../351-libio-html-perl_1.004-2_all.deb ...
Unpacking libio-html-perl (1.004-2) ...
Selecting previously unselected package liblwp-mediatypes-perl.
Preparing to unpack .../352-liblwp-mediatypes-perl_6.04-1_all.deb ...
Unpacking liblwp-mediatypes-perl (6.04-1) ...
Selecting previously unselected package libhttp-message-perl.
Preparing to unpack .../353-libhttp-message-perl_6.29-1_all.deb ...
Unpacking libhttp-message-perl (6.29-1) ...
Selecting previously unselected package libhttp-cookies-perl.
Preparing to unpack .../354-libhttp-cookies-perl_6.10-1_all.deb ...
Unpacking libhttp-cookies-perl (6.10-1) ...
Selecting previously unselected package libhttp-negotiate-perl.
Preparing to unpack .../355-libhttp-negotiate-perl_6.01-1_all.deb ...
Unpacking libhttp-negotiate-perl (6.01-1) ...
Selecting previously unselected package perl-openssl-defaults:amd64.
Preparing to unpack .../356-perl-openssl-defaults_5_amd64.deb ...
Unpacking perl-openssl-defaults:amd64 (5) ...
Selecting previously unselected package libnet-ssleay-perl.
Preparing to unpack .../357-libnet-ssleay-perl_1.88-3+b1_amd64.deb ...
Unpacking libnet-ssleay-perl (1.88-3+b1) ...
Selecting previously unselected package libio-socket-ssl-perl.
Preparing to unpack .../358-libio-socket-ssl-perl_2.069-1_all.deb ...
Unpacking libio-socket-ssl-perl (2.069-1) ...
Selecting previously unselected package libnet-http-perl.
Preparing to unpack .../359-libnet-http-perl_6.20-1_all.deb ...
Unpacking libnet-http-perl (6.20-1) ...
Selecting previously unselected package liblwp-protocol-https-perl.
Preparing to unpack .../360-liblwp-protocol-https-perl_6.10-1_all.deb ...
Unpacking liblwp-protocol-https-perl (6.10-1) ...
Selecting previously unselected package libtry-tiny-perl.
Preparing to unpack .../361-libtry-tiny-perl_0.30-1_all.deb ...
Unpacking libtry-tiny-perl (0.30-1) ...
Selecting previously unselected package libwww-robotrules-perl.
Preparing to unpack .../362-libwww-robotrules-perl_6.02-1_all.deb ...
Unpacking libwww-robotrules-perl (6.02-1) ...
Selecting previously unselected package libwww-perl.
Preparing to unpack .../363-libwww-perl_6.53-1_all.deb ...
Unpacking libwww-perl (6.53-1) ...
Selecting previously unselected package icoutils.
Preparing to unpack .../364-icoutils_0.32.3-3_amd64.deb ...
Unpacking icoutils (0.32.3-3) ...
Selecting previously unselected package libklibc:amd64.
Preparing to unpack .../365-libklibc_2.0.8-6.1_amd64.deb ...
Unpacking libklibc:amd64 (2.0.8-6.1) ...
Selecting previously unselected package klibc-utils.
Preparing to unpack .../366-klibc-utils_2.0.8-6.1_amd64.deb ...
Unpacking klibc-utils (2.0.8-6.1) ...
Selecting previously unselected package initramfs-tools-core.
Preparing to unpack .../367-initramfs-tools-core_0.140_all.deb ...
Unpacking initramfs-tools-core (0.140) ...
Selecting previously unselected package linux-base.
Preparing to unpack .../368-linux-base_4.6_all.deb ...
Unpacking linux-base (4.6) ...
Selecting previously unselected package initramfs-tools.
Preparing to unpack .../369-initramfs-tools_0.140_all.deb ...
Unpacking initramfs-tools (0.140) ...
Selecting previously unselected package libigdgmm11:amd64.
Preparing to unpack .../370-libigdgmm11_20.4.1+ds1-1_amd64.deb ...
Unpacking libigdgmm11:amd64 (20.4.1+ds1-1) ...
Selecting previously unselected package intel-media-va-driver:amd64.
Preparing to unpack .../371-intel-media-va-driver_21.1.1+dfsg1-1_amd64.deb ...
Unpacking intel-media-va-driver:amd64 (21.1.1+dfsg1-1) ...
Selecting previously unselected package ipxe-qemu.
Preparing to unpack .../372-ipxe-qemu_1.0.0+git-20190125.36a4c85-5.1_all.deb ...
Unpacking ipxe-qemu (1.0.0+git-20190125.36a4c85-5.1) ...
Selecting previously unselected package javascript-common.
Preparing to unpack .../373-javascript-common_11+nmu1_all.deb ...
Unpacking javascript-common (11+nmu1) ...
Selecting previously unselected package libpcap0.8:amd64.
Preparing to unpack .../374-libpcap0.8_1.10.0-2_amd64.deb ...
Unpacking libpcap0.8:amd64 (1.10.0-2) ...
Selecting previously unselected package john-data.
Preparing to unpack .../375-john-data_1.9.0-Jumbo-1-0kali3_all.deb ...
Unpacking john-data (1.9.0-Jumbo-1-0kali3) ...
Selecting previously unselected package john.
Preparing to unpack .../376-john_1.9.0-Jumbo-1-0kali3_amd64.deb ...
Unpacking john (1.9.0-Jumbo-1-0kali3) ...
Selecting previously unselected package kpartx.
Preparing to unpack .../377-kpartx_0.8.5-2_amd64.deb ...
Unpacking kpartx (0.8.5-2) ...
Selecting previously unselected package libjson-glib-1.0-common.
Preparing to unpack .../378-libjson-glib-1.0-common_1.6.2-1_all.deb ...
Unpacking libjson-glib-1.0-common (1.6.2-1) ...
Selecting previously unselected package libjson-glib-1.0-0:amd64.
Preparing to unpack .../379-libjson-glib-1.0-0_1.6.2-1_amd64.deb ...
Unpacking libjson-glib-1.0-0:amd64 (1.6.2-1) ...
Selecting previously unselected package libldm-1.0-0:amd64.
Preparing to unpack .../380-libldm-1.0-0_0.2.5-1_amd64.deb ...
Unpacking libldm-1.0-0:amd64 (0.2.5-1) ...
Selecting previously unselected package ldmtool.
Preparing to unpack .../381-ldmtool_0.2.5-1_amd64.deb ...
Unpacking ldmtool (0.2.5-1) ...
Selecting previously unselected package libaacs0:amd64.
Preparing to unpack .../382-libaacs0_0.9.0-2_amd64.deb ...
Unpacking libaacs0:amd64 (0.9.0-2) ...
Selecting previously unselected package libafflib0v5:amd64.
Preparing to unpack .../383-libafflib0v5_3.7.19-2_amd64.deb ...
Unpacking libafflib0v5:amd64 (3.7.19-2) ...
Selecting previously unselected package libalgorithm-diff-perl.
Preparing to unpack .../384-libalgorithm-diff-perl_1.201-1_all.deb ...
Unpacking libalgorithm-diff-perl (1.201-1) ...
Selecting previously unselected package libalgorithm-diff-xs-perl.
Preparing to unpack .../385-libalgorithm-diff-xs-perl_0.04-6+b1_amd64.deb ...
Unpacking libalgorithm-diff-xs-perl (0.04-6+b1) ...
Selecting previously unselected package libalgorithm-merge-perl.
Preparing to unpack .../386-libalgorithm-merge-perl_0.08-3_all.deb ...
Unpacking libalgorithm-merge-perl (0.08-3) ...
Selecting previously unselected package php-common.
Preparing to unpack .../387-php-common_2%3a76_all.deb ...
Unpacking php-common (2:76) ...
Selecting previously unselected package php7.4-common.
Preparing to unpack .../388-php7.4-common_7.4.21-1+deb11u1_amd64.deb ...
Unpacking php7.4-common (7.4.21-1+deb11u1) ...
Selecting previously unselected package php7.4-json.
Preparing to unpack .../389-php7.4-json_7.4.21-1+deb11u1_amd64.deb ...
Unpacking php7.4-json (7.4.21-1+deb11u1) ...
Selecting previously unselected package php7.4-opcache.
Preparing to unpack .../390-php7.4-opcache_7.4.21-1+deb11u1_amd64.deb ...
Unpacking php7.4-opcache (7.4.21-1+deb11u1) ...
Selecting previously unselected package php7.4-readline.
Preparing to unpack .../391-php7.4-readline_7.4.21-1+deb11u1_amd64.deb ...
Unpacking php7.4-readline (7.4.21-1+deb11u1) ...
Selecting previously unselected package php7.4-cli.
Preparing to unpack .../392-php7.4-cli_7.4.21-1+deb11u1_amd64.deb ...
Unpacking php7.4-cli (7.4.21-1+deb11u1) ...
Selecting previously unselected package libapache2-mod-php7.4.
Preparing to unpack .../393-libapache2-mod-php7.4_7.4.21-1+deb11u1_amd64.deb ...
Unpacking libapache2-mod-php7.4 (7.4.21-1+deb11u1) ...
Selecting previously unselected package libatk1.0-data.
Preparing to unpack .../394-libatk1.0-data_2.36.0-2_all.deb ...
Unpacking libatk1.0-data (2.36.0-2) ...
Selecting previously unselected package libatk1.0-0:amd64.
Preparing to unpack .../395-libatk1.0-0_2.36.0-2_amd64.deb ...
Unpacking libatk1.0-0:amd64 (2.36.0-2) ...
Selecting previously unselected package libatk-bridge2.0-0:amd64.
Preparing to unpack .../396-libatk-bridge2.0-0_2.38.0-1_amd64.deb ...
Unpacking libatk-bridge2.0-0:amd64 (2.38.0-1) ...
Selecting previously unselected package libatm1:amd64.
Preparing to unpack .../397-libatm1_1%3a2.5.1-4_amd64.deb ...
Unpacking libatm1:amd64 (1:2.5.1-4) ...
Selecting previously unselected package libaugeas0:amd64.
Preparing to unpack .../398-libaugeas0_1.12.0-2_amd64.deb ...
Unpacking libaugeas0:amd64 (1.12.0-2) ...
Selecting previously unselected package libauthen-sasl-perl.
Preparing to unpack .../399-libauthen-sasl-perl_2.1600-1.1_all.deb ...
Unpacking libauthen-sasl-perl (2.1600-1.1) ...
Selecting previously unselected package libbdplus0:amd64.
Preparing to unpack .../400-libbdplus0_0.1.2-3_amd64.deb ...
Unpacking libbdplus0:amd64 (0.1.2-3) ...
Selecting previously unselected package libbfio1:amd64.
Preparing to unpack .../401-libbfio1_20170123-6_amd64.deb ...
Unpacking libbfio1:amd64 (20170123-6) ...
Selecting previously unselected package libbrlapi0.8:amd64.
Preparing to unpack .../402-libbrlapi0.8_6.3+dfsg-1_amd64.deb ...
Unpacking libbrlapi0.8:amd64 (6.3+dfsg-1) ...
Selecting previously unselected package libxpm4:amd64.
Preparing to unpack .../403-libxpm4_1%3a3.5.12-1_amd64.deb ...
Unpacking libxpm4:amd64 (1:3.5.12-1) ...
Selecting previously unselected package libgd3:amd64.
Preparing to unpack .../404-libgd3_2.3.0-2_amd64.deb ...
Unpacking libgd3:amd64 (2.3.0-2) ...
Selecting previously unselected package libc-devtools.
Preparing to unpack .../405-libc-devtools_2.31-13_amd64.deb ...
Unpacking libc-devtools (2.31-13) ...
Selecting previously unselected package libnspr4:amd64.
Preparing to unpack .../406-libnspr4_2%3a4.32-1_amd64.deb ...
Unpacking libnspr4:amd64 (2:4.32-1) ...
Selecting previously unselected package libnss3:amd64.
Preparing to unpack .../407-libnss3_2%3a3.68-1_amd64.deb ...
Unpacking libnss3:amd64 (2:3.68-1) ...
Selecting previously unselected package libpcsclite1:amd64.
Preparing to unpack .../408-libpcsclite1_1.9.1-1_amd64.deb ...
Unpacking libpcsclite1:amd64 (1.9.1-1) ...
Selecting previously unselected package libcacard0:amd64.
Preparing to unpack .../409-libcacard0_1%3a2.8.0-3_amd64.deb ...
Unpacking libcacard0:amd64 (1:2.8.0-3) ...
Selecting previously unselected package libcapstone4:amd64.
Preparing to unpack .../410-libcapstone4_4.0.2-3_amd64.deb ...
Unpacking libcapstone4:amd64 (4.0.2-3) ...
Selecting previously unselected package libclone-perl.
Preparing to unpack .../411-libclone-perl_0.45-1+b1_amd64.deb ...
Unpacking libclone-perl (0.45-1+b1) ...
Selecting previously unselected package libcolord2:amd64.
Preparing to unpack .../412-libcolord2_1.4.5-3_amd64.deb ...
Unpacking libcolord2:amd64 (1.4.5-3) ...
Selecting previously unselected package libconfig9:amd64.
Preparing to unpack .../413-libconfig9_1.5-0.4_amd64.deb ...
Unpacking libconfig9:amd64 (1.5-0.4) ...
Selecting previously unselected package libdata-dump-perl.
Preparing to unpack .../414-libdata-dump-perl_1.23-1.1_all.deb ...
Unpacking libdata-dump-perl (1.23-1.1) ...
Selecting previously unselected package libdate-manip-perl.
Preparing to unpack .../415-libdate-manip-perl_6.85-1_all.deb ...
Unpacking libdate-manip-perl (6.85-1) ...
Selecting previously unselected package libdaxctl1:amd64.
Preparing to unpack .../416-libdaxctl1_71.1-1_amd64.deb ...
Unpacking libdaxctl1:amd64 (71.1-1) ...
Selecting previously unselected package libepoxy0:amd64.
Preparing to unpack .../417-libepoxy0_1.5.5-1_amd64.deb ...
Unpacking libepoxy0:amd64 (1.5.5-1) ...
Selecting previously unselected package libewf2.
Preparing to unpack .../418-libewf2_20140807-2+b2_amd64.deb ...
Unpacking libewf2 (20140807-2+b2) ...
Selecting previously unselected package libexecs0:amd64.
Preparing to unpack .../419-libexecs0_1.3-1_amd64.deb ...
Unpacking libexecs0:amd64 (1.3-1) ...
Selecting previously unselected package libfile-fcntllock-perl.
Preparing to unpack .../420-libfile-fcntllock-perl_0.22-3+b7_amd64.deb ...
Unpacking libfile-fcntllock-perl (0.22-3+b7) ...
Selecting previously unselected package libfont-afm-perl.
Preparing to unpack .../421-libfont-afm-perl_1.20-3_all.deb ...
Unpacking libfont-afm-perl (1.20-3) ...
Selecting previously unselected package libgdk-pixbuf2.0-bin.
Preparing to unpack .../422-libgdk-pixbuf2.0-bin_2.42.2+dfsg-1_amd64.deb ...
Unpacking libgdk-pixbuf2.0-bin (2.42.2+dfsg-1) ...
Selecting previously unselected package libglib2.0-data.
Preparing to unpack .../423-libglib2.0-data_2.66.8-1_all.deb ...
Unpacking libglib2.0-data (2.66.8-1) ...
Selecting previously unselected package libglu1-mesa:amd64.
Preparing to unpack .../424-libglu1-mesa_9.0.1-1_amd64.deb ...
Unpacking libglu1-mesa:amd64 (9.0.1-1) ...
Selecting previously unselected package libgmpxx4ldbl:amd64.
Preparing to unpack .../425-libgmpxx4ldbl_2%3a6.2.1+dfsg-1_amd64.deb ...
Unpacking libgmpxx4ldbl:amd64 (2:6.2.1+dfsg-1) ...
Selecting previously unselected package libgmp-dev:amd64.
Preparing to unpack .../426-libgmp-dev_2%3a6.2.1+dfsg-1_amd64.deb ...
Unpacking libgmp-dev:amd64 (2:6.2.1+dfsg-1) ...
Selecting previously unselected package libntlm0:amd64.
Preparing to unpack .../427-libntlm0_1.6-3_amd64.deb ...
Unpacking libntlm0:amd64 (1.6-3) ...
Selecting previously unselected package libgsasl7:amd64.
Preparing to unpack .../428-libgsasl7_1.10.0-5_amd64.deb ...
Unpacking libgsasl7:amd64 (1.10.0-5) ...
Selecting previously unselected package libsoup-gnome2.4-1:amd64.
Preparing to unpack .../429-libsoup-gnome2.4-1_2.72.0-4_amd64.deb ...
Unpacking libsoup-gnome2.4-1:amd64 (2.72.0-4) ...
Selecting previously unselected package librest-0.7-0:amd64.
Preparing to unpack .../430-librest-0.7-0_0.8.1-1.1_amd64.deb ...
Unpacking librest-0.7-0:amd64 (0.8.1-1.1) ...
Selecting previously unselected package libwayland-cursor0:amd64.
Preparing to unpack .../431-libwayland-cursor0_1.19.0-2_amd64.deb ...
Unpacking libwayland-cursor0:amd64 (1.19.0-2) ...
Selecting previously unselected package libwayland-egl1:amd64.
Preparing to unpack .../432-libwayland-egl1_1.19.0-2_amd64.deb ...
Unpacking libwayland-egl1:amd64 (1.19.0-2) ...
Selecting previously unselected package libxcomposite1:amd64.
Preparing to unpack .../433-libxcomposite1_1%3a0.4.5-1_amd64.deb ...
Unpacking libxcomposite1:amd64 (1:0.4.5-1) ...
Selecting previously unselected package libxcursor1:amd64.
Preparing to unpack .../434-libxcursor1_1%3a1.2.0-2_amd64.deb ...
Unpacking libxcursor1:amd64 (1:1.2.0-2) ...
Selecting previously unselected package libxinerama1:amd64.
Preparing to unpack .../435-libxinerama1_2%3a1.1.4-2_amd64.deb ...
Unpacking libxinerama1:amd64 (2:1.1.4-2) ...
Selecting previously unselected package libxrandr2:amd64.
Preparing to unpack .../436-libxrandr2_2%3a1.5.1-1_amd64.deb ...
Unpacking libxrandr2:amd64 (2:1.5.1-1) ...
Selecting previously unselected package libgtk-3-common.
Preparing to unpack .../437-libgtk-3-common_3.24.24-4_all.deb ...
Unpacking libgtk-3-common (3.24.24-4) ...
Selecting previously unselected package libgtk-3-0:amd64.
Preparing to unpack .../438-libgtk-3-0_3.24.24-4_amd64.deb ...
Unpacking libgtk-3-0:amd64 (3.24.24-4) ...
Selecting previously unselected package libgtk-3-bin.
Preparing to unpack .../439-libgtk-3-bin_3.24.24-4_amd64.deb ...
Unpacking libgtk-3-bin (3.24.24-4) ...
Selecting previously unselected package libhivex0:amd64.
Preparing to unpack .../440-libhivex0_1.3.20-1_amd64.deb ...
Unpacking libhivex0:amd64 (1.3.20-1) ...
Selecting previously unselected package libvhdi1:amd64.
Preparing to unpack .../441-libvhdi1_20201204-3_amd64.deb ...
Unpacking libvhdi1:amd64 (20201204-3) ...
Selecting previously unselected package libvmdk1:amd64.
Preparing to unpack .../442-libvmdk1_20200926-2_amd64.deb ...
Unpacking libvmdk1:amd64 (20200926-2) ...
Selecting previously unselected package libtsk19:amd64.
Preparing to unpack .../443-libtsk19_4.10.1+dfsg-1_amd64.deb ...
Unpacking libtsk19:amd64 (4.10.1+dfsg-1) ...
Selecting previously unselected package libyajl2:amd64.
Preparing to unpack .../444-libyajl2_2.1.0-3_amd64.deb ...
Unpacking libyajl2:amd64 (2.1.0-3) ...
Selecting previously unselected package libvirt0:amd64.
Preparing to unpack .../445-libvirt0_7.0.0-3_amd64.deb ...
Unpacking libvirt0:amd64 (7.0.0-3) ...
Selecting previously unselected package libyara4:amd64.
Preparing to unpack .../446-libyara4_4.0.5-1_amd64.deb ...
Unpacking libyara4:amd64 (4.0.5-1) ...
Selecting previously unselected package supermin.
Preparing to unpack .../447-supermin_5.2.1-4+b2_amd64.deb ...
Unpacking supermin (5.2.1-4+b2) ...
Selecting previously unselected package libndctl6:amd64.
Preparing to unpack .../448-libndctl6_71.1-1_amd64.deb ...
Unpacking libndctl6:amd64 (71.1-1) ...
Selecting previously unselected package libpmem1:amd64.
Preparing to unpack .../449-libpmem1_1.11.0-2_amd64.deb ...
Unpacking libpmem1:amd64 (1.11.0-2) ...
Selecting previously unselected package librdmacm1:amd64.
Preparing to unpack .../450-librdmacm1_33.2-1_amd64.deb ...
Unpacking librdmacm1:amd64 (33.2-1) ...
Selecting previously unselected package libslirp0:amd64.
Preparing to unpack .../451-libslirp0_4.4.0-1_amd64.deb ...
Unpacking libslirp0:amd64 (4.4.0-1) ...
Selecting previously unselected package libspice-server1:amd64.
Preparing to unpack .../452-libspice-server1_0.14.3-2.1_amd64.deb ...
Unpacking libspice-server1:amd64 (0.14.3-2.1) ...
Selecting previously unselected package liburing1:amd64.
Preparing to unpack .../453-liburing1_0.7-3_amd64.deb ...
Unpacking liburing1:amd64 (0.7-3) ...
Selecting previously unselected package libusb-1.0-0:amd64.
Preparing to unpack .../454-libusb-1.0-0_2%3a1.0.24-3_amd64.deb ...
Unpacking libusb-1.0-0:amd64 (2:1.0.24-3) ...
Selecting previously unselected package libusbredirparser1:amd64.
Preparing to unpack .../455-libusbredirparser1_0.8.0-1+b1_amd64.deb ...
Unpacking libusbredirparser1:amd64 (0.8.0-1+b1) ...
Selecting previously unselected package libvdeplug2.
Preparing to unpack .../456-libvdeplug2_4.0.1-2_amd64.deb ...
Unpacking libvdeplug2 (4.0.1-2) ...
Selecting previously unselected package libvirglrenderer1:amd64.
Preparing to unpack .../457-libvirglrenderer1_0.8.2-5_amd64.deb ...
Unpacking libvirglrenderer1:amd64 (0.8.2-5) ...
Selecting previously unselected package libxentoolcore1:amd64.
Preparing to unpack .../458-libxentoolcore1_4.14.2+25-gb6a8c4f72d-2_amd64.deb ...
Unpacking libxentoolcore1:amd64 (4.14.2+25-gb6a8c4f72d-2) ...
Selecting previously unselected package libxentoollog1:amd64.
Preparing to unpack .../459-libxentoollog1_4.14.2+25-gb6a8c4f72d-2_amd64.deb ...
Unpacking libxentoollog1:amd64 (4.14.2+25-gb6a8c4f72d-2) ...
Selecting previously unselected package libxencall1:amd64.
Preparing to unpack .../460-libxencall1_4.14.2+25-gb6a8c4f72d-2_amd64.deb ...
Unpacking libxencall1:amd64 (4.14.2+25-gb6a8c4f72d-2) ...
Selecting previously unselected package libxendevicemodel1:amd64.
Preparing to unpack .../461-libxendevicemodel1_4.14.2+25-gb6a8c4f72d-2_amd64.deb ...
Unpacking libxendevicemodel1:amd64 (4.14.2+25-gb6a8c4f72d-2) ...
Selecting previously unselected package libxenevtchn1:amd64.
Preparing to unpack .../462-libxenevtchn1_4.14.2+25-gb6a8c4f72d-2_amd64.deb ...
Unpacking libxenevtchn1:amd64 (4.14.2+25-gb6a8c4f72d-2) ...
Selecting previously unselected package libxenforeignmemory1:amd64.
Preparing to unpack .../463-libxenforeignmemory1_4.14.2+25-gb6a8c4f72d-2_amd64.deb ...
Unpacking libxenforeignmemory1:amd64 (4.14.2+25-gb6a8c4f72d-2) ...
Selecting previously unselected package libxengnttab1:amd64.
Preparing to unpack .../464-libxengnttab1_4.14.2+25-gb6a8c4f72d-2_amd64.deb ...
Unpacking libxengnttab1:amd64 (4.14.2+25-gb6a8c4f72d-2) ...
Selecting previously unselected package libxenhypfs1:amd64.
Preparing to unpack .../465-libxenhypfs1_4.14.2+25-gb6a8c4f72d-2_amd64.deb ...
Unpacking libxenhypfs1:amd64 (4.14.2+25-gb6a8c4f72d-2) ...
Selecting previously unselected package libxenstore3.0:amd64.
Preparing to unpack .../466-libxenstore3.0_4.14.2+25-gb6a8c4f72d-2_amd64.deb ...
Unpacking libxenstore3.0:amd64 (4.14.2+25-gb6a8c4f72d-2) ...
Selecting previously unselected package libxenmisc4.14:amd64.
Preparing to unpack .../467-libxenmisc4.14_4.14.2+25-gb6a8c4f72d-2_amd64.deb ...
Unpacking libxenmisc4.14:amd64 (4.14.2+25-gb6a8c4f72d-2) ...
Selecting previously unselected package qemu-system-common.
Preparing to unpack .../468-qemu-system-common_1%3a5.2+dfsg-11_amd64.deb ...
Unpacking qemu-system-common (1:5.2+dfsg-11) ...
Selecting previously unselected package qemu-system-data.
Preparing to unpack .../469-qemu-system-data_1%3a5.2+dfsg-11_all.deb ...
Unpacking qemu-system-data (1:5.2+dfsg-11) ...
Selecting previously unselected package seabios.
Preparing to unpack .../470-seabios_1.14.0-2_all.deb ...
Unpacking seabios (1.14.0-2) ...
Selecting previously unselected package qemu-system-x86.
Preparing to unpack .../471-qemu-system-x86_1%3a5.2+dfsg-11_amd64.deb ...
Unpacking qemu-system-x86 (1:5.2+dfsg-11) ...
Selecting previously unselected package libnetpbm10.
Preparing to unpack .../472-libnetpbm10_2%3a10.0-15.4_amd64.deb ...
Unpacking libnetpbm10 (2:10.0-15.4) ...
Selecting previously unselected package netpbm.
Preparing to unpack .../473-netpbm_2%3a10.0-15.4_amd64.deb ...
Unpacking netpbm (2:10.0-15.4) ...
Selecting previously unselected package osinfo-db.
Preparing to unpack .../474-osinfo-db_0.20210809-1_all.deb ...
Unpacking osinfo-db (0.20210809-1) ...
Selecting previously unselected package lsscsi.
Preparing to unpack .../475-lsscsi_0.31-1+b1_amd64.deb ...
Unpacking lsscsi (0.31-1+b1) ...
Selecting previously unselected package lzop.
Preparing to unpack .../476-lzop_1.04-2_amd64.deb ...
Unpacking lzop (1.04-2) ...
Selecting previously unselected package mtools.
Preparing to unpack .../477-mtools_4.0.33-1+really4.0.32-1_amd64.deb ...
Unpacking mtools (4.0.33-1+really4.0.32-1) ...
Selecting previously unselected package libntfs-3g883.
Preparing to unpack .../478-libntfs-3g883_1%3a2017.3.23AR.3-4_amd64.deb ...
Unpacking libntfs-3g883 (1:2017.3.23AR.3-4) ...
Selecting previously unselected package ntfs-3g.
Preparing to unpack .../479-ntfs-3g_1%3a2017.3.23AR.3-4_amd64.deb ...
Unpacking ntfs-3g (1:2017.3.23AR.3-4) ...
Selecting previously unselected package libparted2:amd64.
Preparing to unpack .../480-libparted2_3.4-1_amd64.deb ...
Unpacking libparted2:amd64 (3.4-1) ...
Selecting previously unselected package parted.
Preparing to unpack .../481-parted_3.4-1_amd64.deb ...
Unpacking parted (3.4-1) ...
Selecting previously unselected package qemu-utils.
Preparing to unpack .../482-qemu-utils_1%3a5.2+dfsg-11_amd64.deb ...
Unpacking qemu-utils (1:5.2+dfsg-11) ...
Selecting previously unselected package scrub.
Preparing to unpack .../483-scrub_2.6.1-1+b1_amd64.deb ...
Unpacking scrub (2.6.1-1+b1) ...
Selecting previously unselected package sleuthkit.
Preparing to unpack .../484-sleuthkit_4.10.1+dfsg-1_amd64.deb ...
Unpacking sleuthkit (4.10.1+dfsg-1) ...
Selecting previously unselected package squashfs-tools.
Preparing to unpack .../485-squashfs-tools_1%3a4.4-2_amd64.deb ...
Unpacking squashfs-tools (1:4.4-2) ...
Selecting previously unselected package syslinux.
Preparing to unpack .../486-syslinux_3%3a6.04~git20190206.bf6db5b4+dfsg1-3+b1_amd64.deb ...
Unpacking syslinux (3:6.04~git20190206.bf6db5b4+dfsg1-3+b1) ...
Selecting previously unselected package zerofree.
Preparing to unpack .../487-zerofree_1.1.1-1_amd64.deb ...
Unpacking zerofree (1.1.1-1) ...
Selecting previously unselected package libguestfs0:amd64.
Preparing to unpack .../488-libguestfs0_1%3a1.44.1-1_amd64.deb ...
Unpacking libguestfs0:amd64 (1:1.44.1-1) ...
Selecting previously unselected package libguestfs-hfsplus:amd64.
Preparing to unpack .../489-libguestfs-hfsplus_1%3a1.44.1-1_amd64.deb ...
Unpacking libguestfs-hfsplus:amd64 (1:1.44.1-1) ...
Selecting previously unselected package libxml-parser-perl:amd64.
Preparing to unpack .../490-libxml-parser-perl_2.46-2_amd64.deb ...
Unpacking libxml-parser-perl:amd64 (2.46-2) ...
Selecting previously unselected package libxml-xpath-perl.
Preparing to unpack .../491-libxml-xpath-perl_1.44-1_all.deb ...
Unpacking libxml-xpath-perl (1.44-1) ...
Selecting previously unselected package libwin-hivex-perl.
Preparing to unpack .../492-libwin-hivex-perl_1.3.20-1_amd64.deb ...
Unpacking libwin-hivex-perl (1.3.20-1) ...
Selecting previously unselected package libsys-virt-perl.
Preparing to unpack .../493-libsys-virt-perl_7.0.0-1_amd64.deb ...
Unpacking libsys-virt-perl (7.0.0-1) ...
Selecting previously unselected package libguestfs-perl.
Preparing to unpack .../494-libguestfs-perl_1%3a1.44.1-1_amd64.deb ...
Unpacking libguestfs-perl (1:1.44.1-1) ...
Selecting previously unselected package reiserfsprogs.
Preparing to unpack .../495-reiserfsprogs_1%3a3.6.27-4_amd64.deb ...
Unpacking reiserfsprogs (1:3.6.27-4) ...
Selecting previously unselected package libguestfs-reiserfs:amd64.
Preparing to unpack .../496-libguestfs-reiserfs_1%3a1.44.1-1_amd64.deb ...
Unpacking libguestfs-reiserfs:amd64 (1:1.44.1-1) ...
Selecting previously unselected package libintl-perl.
Preparing to unpack .../497-libintl-perl_1.26-3_all.deb ...
Unpacking libintl-perl (1.26-3) ...
Selecting previously unselected package libstring-shellquote-perl.
Preparing to unpack .../498-libstring-shellquote-perl_1.04-1_all.deb ...
Unpacking libstring-shellquote-perl (1.04-1) ...
Selecting previously unselected package libguestfs-tools.
Preparing to unpack .../499-libguestfs-tools_1%3a1.44.1-1_amd64.deb ...
Unpacking libguestfs-tools (1:1.44.1-1) ...
Selecting previously unselected package libinih1:amd64.
Preparing to unpack .../500-libinih1_53-1+b2_amd64.deb ...
Unpacking libinih1:amd64 (53-1+b2) ...
Selecting previously unselected package xfsprogs.
Preparing to unpack .../501-xfsprogs_5.10.0-4_amd64.deb ...
Unpacking xfsprogs (5.10.0-4) ...
Selecting previously unselected package libguestfs-xfs:amd64.
Preparing to unpack .../502-libguestfs-xfs_1%3a1.44.1-1_amd64.deb ...
Unpacking libguestfs-xfs:amd64 (1:1.44.1-1) ...
Selecting previously unselected package libhtml-form-perl.
Preparing to unpack .../503-libhtml-form-perl_6.07-1_all.deb ...
Unpacking libhtml-form-perl (6.07-1) ...
Selecting previously unselected package libhtml-format-perl.
Preparing to unpack .../504-libhtml-format-perl_2.12-1.1_all.deb ...
Unpacking libhtml-format-perl (2.12-1.1) ...
Selecting previously unselected package libhttp-daemon-perl.
Preparing to unpack .../505-libhttp-daemon-perl_6.12-1_all.deb ...
Unpacking libhttp-daemon-perl (6.12-1) ...
Selecting previously unselected package libimagequant0:amd64.
Preparing to unpack .../506-libimagequant0_2.12.2-1.1_amd64.deb ...
Unpacking libimagequant0:amd64 (2.12.2-1.1) ...
Selecting previously unselected package libiniparser1:amd64.
Preparing to unpack .../507-libiniparser1_4.1-4_amd64.deb ...
Unpacking libiniparser1:amd64 (4.1-4) ...
Selecting previously unselected package libintl-xs-perl.
Preparing to unpack .../508-libintl-xs-perl_1.26-3_amd64.deb ...
Unpacking libintl-xs-perl (1.26-3) ...
Selecting previously unselected package libjs-jquery.
Preparing to unpack .../509-libjs-jquery_3.5.1+dfsg+~3.5.5-7_all.deb ...
Unpacking libjs-jquery (3.5.1+dfsg+~3.5.5-7) ...
Selecting previously unselected package libjs-jquery-ui.
Preparing to unpack .../510-libjs-jquery-ui_1.12.1+dfsg-8_all.deb ...
Unpacking libjs-jquery-ui (1.12.1+dfsg-8) ...
Selecting previously unselected package liblbfgsb0:amd64.
Preparing to unpack .../511-liblbfgsb0_3.0+dfsg.3-9_amd64.deb ...
Unpacking liblbfgsb0:amd64 (3.0+dfsg.3-9) ...
Selecting previously unselected package libldap-common.
Preparing to unpack .../512-libldap-common_2.4.57+dfsg-3_all.deb ...
Unpacking libldap-common (2.4.57+dfsg-3) ...
Selecting previously unselected package liblinear4:amd64.
Preparing to unpack .../513-liblinear4_2.3.0+dfsg-5_amd64.deb ...
Unpacking liblinear4:amd64 (2.3.0+dfsg-5) ...
Selecting previously unselected package libnet-smtp-ssl-perl.
Preparing to unpack .../514-libnet-smtp-ssl-perl_1.04-1_all.deb ...
Unpacking libnet-smtp-ssl-perl (1.04-1) ...
Selecting previously unselected package libmailtools-perl.
Preparing to unpack .../515-libmailtools-perl_2.21-1_all.deb ...
Unpacking libmailtools-perl (2.21-1) ...
Selecting previously unselected package mailutils-common.
Preparing to unpack .../516-mailutils-common_1%3a3.11.1-5_all.deb ...
Unpacking mailutils-common (1:3.11.1-5) ...
Selecting previously unselected package mysql-common.
Preparing to unpack .../517-mysql-common_5.8+1.0.7_all.deb ...
Unpacking mysql-common (5.8+1.0.7) ...
Selecting previously unselected package mariadb-common.
Preparing to unpack .../518-mariadb-common_1%3a10.5.12-1_all.deb ...
Unpacking mariadb-common (1:10.5.12-1) ...
Selecting previously unselected package libmariadb3:amd64.
Preparing to unpack .../519-libmariadb3_1%3a10.5.12-1_amd64.deb ...
Unpacking libmariadb3:amd64 (1:10.5.12-1) ...
Selecting previously unselected package libpq5:amd64.
Preparing to unpack .../520-libpq5_13.3-1_amd64.deb ...
Unpacking libpq5:amd64 (13.3-1) ...
Selecting previously unselected package libpython3.9:amd64.
Preparing to unpack .../521-libpython3.9_3.9.2-1_amd64.deb ...
Unpacking libpython3.9:amd64 (3.9.2-1) ...
Selecting previously unselected package libmailutils8:amd64.
Preparing to unpack .../522-libmailutils8_1%3a3.11.1-5_amd64.deb ...
Unpacking libmailutils8:amd64 (1:3.11.1-5) ...
Selecting previously unselected package libmodule-find-perl.
Preparing to unpack .../523-libmodule-find-perl_0.15-1_all.deb ...
Unpacking libmodule-find-perl (0.15-1) ...
Selecting previously unselected package libmodule-scandeps-perl.
Preparing to unpack .../524-libmodule-scandeps-perl_1.30-1_all.deb ...
Unpacking libmodule-scandeps-perl (1.30-1) ...
Selecting previously unselected package libpam-cap:amd64.
Preparing to unpack .../525-libpam-cap_1%3a2.44-1_amd64.deb ...
Unpacking libpam-cap:amd64 (1:2.44-1) ...
Selecting previously unselected package libpaper-utils.
Preparing to unpack .../526-libpaper-utils_1.1.28+b1_amd64.deb ...
Unpacking libpaper-utils (1.1.28+b1) ...
Selecting previously unselected package libproc-processtable-perl.
Preparing to unpack .../527-libproc-processtable-perl_0.59-2+b1_amd64.deb ...
Unpacking libproc-processtable-perl (0.59-2+b1) ...
Selecting previously unselected package libqt5xml5:amd64.
Preparing to unpack .../528-libqt5xml5_5.15.2+dfsg-9_amd64.deb ...
Unpacking libqt5xml5:amd64 (5.15.2+dfsg-9) ...
Selecting previously unselected package libqt5designer5:amd64.
Preparing to unpack .../529-libqt5designer5_5.15.2-5_amd64.deb ...
Unpacking libqt5designer5:amd64 (5.15.2-5) ...
Selecting previously unselected package libqt5sql5:amd64.
Preparing to unpack .../530-libqt5sql5_5.15.2+dfsg-9_amd64.deb ...
Unpacking libqt5sql5:amd64 (5.15.2+dfsg-9) ...
Selecting previously unselected package libqt5help5:amd64.
Preparing to unpack .../531-libqt5help5_5.15.2-5_amd64.deb ...
Unpacking libqt5help5:amd64 (5.15.2-5) ...
Selecting previously unselected package libqt5opengl5:amd64.
Preparing to unpack .../532-libqt5opengl5_5.15.2+dfsg-9_amd64.deb ...
Unpacking libqt5opengl5:amd64 (5.15.2+dfsg-9) ...
Selecting previously unselected package libqt5printsupport5:amd64.
Preparing to unpack .../533-libqt5printsupport5_5.15.2+dfsg-9_amd64.deb ...
Unpacking libqt5printsupport5:amd64 (5.15.2+dfsg-9) ...
Selecting previously unselected package libqt5sql5-sqlite:amd64.
Preparing to unpack .../534-libqt5sql5-sqlite_5.15.2+dfsg-9_amd64.deb ...
Unpacking libqt5sql5-sqlite:amd64 (5.15.2+dfsg-9) ...
Selecting previously unselected package libqt5test5:amd64.
Preparing to unpack .../535-libqt5test5_5.15.2+dfsg-9_amd64.deb ...
Unpacking libqt5test5:amd64 (5.15.2+dfsg-9) ...
Selecting previously unselected package librsvg2-common:amd64.
Preparing to unpack .../536-librsvg2-common_2.50.3+dfsg-1_amd64.deb ...
Unpacking librsvg2-common:amd64 (2.50.3+dfsg-1) ...
Selecting previously unselected package libsasl2-modules:amd64.
Preparing to unpack .../537-libsasl2-modules_2.1.27+dfsg-2.1_amd64.deb ...
Unpacking libsasl2-modules:amd64 (2.1.27+dfsg-2.1) ...
Selecting previously unselected package libsort-naturally-perl.
Preparing to unpack .../538-libsort-naturally-perl_1.03-2_all.deb ...
Unpacking libsort-naturally-perl (1.03-2) ...
Selecting previously unselected package libterm-readkey-perl.
Preparing to unpack .../539-libterm-readkey-perl_2.38-1+b2_amd64.deb ...
Unpacking libterm-readkey-perl (2.38-1+b2) ...
Selecting previously unselected package libvdpau-va-gl1:amd64.
Preparing to unpack .../540-libvdpau-va-gl1_0.4.2-1+b1_amd64.deb ...
Unpacking libvdpau-va-gl1:amd64 (0.4.2-1+b1) ...
Selecting previously unselected package libvte-2.91-common.
Preparing to unpack .../541-libvte-2.91-common_0.62.3-1_amd64.deb ...
Unpacking libvte-2.91-common (0.62.3-1) ...
Selecting previously unselected package libvte-2.91-0:amd64.
Preparing to unpack .../542-libvte-2.91-0_0.62.3-1_amd64.deb ...
Unpacking libvte-2.91-0:amd64 (0.62.3-1) ...
Selecting previously unselected package libwacom-bin.
Preparing to unpack .../543-libwacom-bin_1.8-2_amd64.deb ...
Unpacking libwacom-bin (1.8-2) ...
Selecting previously unselected package libwebpdemux2:amd64.
Preparing to unpack .../544-libwebpdemux2_0.6.1-2.1_amd64.deb ...
Unpacking libwebpdemux2:amd64 (0.6.1-2.1) ...
Selecting previously unselected package libxmuu1:amd64.
Preparing to unpack .../545-libxmuu1_2%3a1.1.2-2+b3_amd64.deb ...
Unpacking libxmuu1:amd64 (2:1.1.2-2+b3) ...
Selecting previously unselected package libxslt1.1:amd64.
Preparing to unpack .../546-libxslt1.1_1.1.34-4_amd64.deb ...
Unpacking libxslt1.1:amd64 (1.1.34-4) ...
Selecting previously unselected package linux-image-5.10.0-kali9-amd64.
Preparing to unpack .../547-linux-image-5.10.0-kali9-amd64_5.10.46-4kali1_amd64.deb ...
Unpacking linux-image-5.10.0-kali9-amd64 (5.10.46-4kali1) ...
Selecting previously unselected package linux-image-amd64.
Preparing to unpack .../548-linux-image-amd64_5.10.46-4kali1_amd64.deb ...
Unpacking linux-image-amd64 (5.10.46-4kali1) ...
Selecting previously unselected package lua-lpeg:amd64.
Preparing to unpack .../549-lua-lpeg_1.0.2-1_amd64.deb ...
Unpacking lua-lpeg:amd64 (1.0.2-1) ...
Selecting previously unselected package mailutils.
Preparing to unpack .../550-mailutils_1%3a3.11.1-5_amd64.deb ...
Unpacking mailutils (1:3.11.1-5) ...
Selecting previously unselected package manpages-dev.
Preparing to unpack .../551-manpages-dev_5.10-1_all.deb ...
Unpacking manpages-dev (5.10-1) ...
Selecting previously unselected package mesa-va-drivers:amd64.
Preparing to unpack .../552-mesa-va-drivers_20.3.5-1_amd64.deb ...
Unpacking mesa-va-drivers:amd64 (20.3.5-1) ...
Selecting previously unselected package mesa-vdpau-drivers:amd64.
Preparing to unpack .../553-mesa-vdpau-drivers_20.3.5-1_amd64.deb ...
Unpacking mesa-vdpau-drivers:amd64 (20.3.5-1) ...
Selecting previously unselected package mesa-vulkan-drivers:amd64.
Preparing to unpack .../554-mesa-vulkan-drivers_20.3.5-1_amd64.deb ...
Unpacking mesa-vulkan-drivers:amd64 (20.3.5-1) ...
Selecting previously unselected package postgresql-client-common.
Preparing to unpack .../555-postgresql-client-common_225_all.deb ...
Unpacking postgresql-client-common (225) ...
Selecting previously unselected package postgresql-client-13.
Preparing to unpack .../556-postgresql-client-13_13.3-1_amd64.deb ...
Unpacking postgresql-client-13 (13.3-1) ...
Selecting previously unselected package ssl-cert.
Preparing to unpack .../557-ssl-cert_1.1.0+nmu1_all.deb ...
Unpacking ssl-cert (1.1.0+nmu1) ...
Selecting previously unselected package postgresql-common.
Preparing to unpack .../558-postgresql-common_225_all.deb ...
Adding 'diversion of /usr/bin/pg_config to /usr/bin/pg_config.libpq-dev by postgresql-common'
Unpacking postgresql-common (225) ...
Selecting previously unselected package postgresql-13.
Preparing to unpack .../559-postgresql-13_13.3-1_amd64.deb ...
Unpacking postgresql-13 (13.3-1) ...
Selecting previously unselected package postgresql.
Preparing to unpack .../560-postgresql_13+225_all.deb ...
Unpacking postgresql (13+225) ...
Selecting previously unselected package nasm.
Preparing to unpack .../561-nasm_2.15.05-1_amd64.deb ...
Unpacking nasm (2.15.05-1) ...
Selecting previously unselected package nmap-common.
Preparing to unpack .../562-nmap-common_7.91+dfsg1-1kali1_all.deb ...
Unpacking nmap-common (7.91+dfsg1-1kali1) ...
Selecting previously unselected package nmap.
Preparing to unpack .../563-nmap_7.91+dfsg1-1kali1_amd64.deb ...
Unpacking nmap (7.91+dfsg1-1kali1) ...
Selecting previously unselected package oracle-instantclient-basic.
Preparing to unpack .../564-oracle-instantclient-basic_19.6.0.0.0-0kali1_amd64.deb ...
Unpacking oracle-instantclient-basic (19.6.0.0.0-0kali1) ...
Selecting previously unselected package metasploit-framework.
Preparing to unpack .../565-metasploit-framework_6.1.0-0kali1_amd64.deb ...
Unpacking metasploit-framework (6.1.0-0kali1) ...
dpkg: error processing archive /tmp/apt-dpkg-install-IFH9ZO/565-metasploit-framework_6.1.0-0kali1_amd64.deb (--unpack):
 error setting timestamps of '/usr/share/metasploit-framework/data/eicar.com.dpkg-new': No such file or directory
dpkg-deb: error: paste subprocess was killed by signal (Broken pipe)
Selecting previously unselected package mtd-utils.
Preparing to unpack .../566-mtd-utils_1%3a2.1.2-2_amd64.deb ...
Unpacking mtd-utils (1:2.1.2-2) ...
Selecting previously unselected package ncompress.
Preparing to unpack .../567-ncompress_4.2.4.6-4_amd64.deb ...
Unpacking ncompress (4.2.4.6-4) ...
Selecting previously unselected package needrestart.
Preparing to unpack .../568-needrestart_3.5-4_all.deb ...
Unpacking needrestart (3.5-4) ...
Selecting previously unselected package os-prober.
Preparing to unpack .../569-os-prober_1.79_amd64.deb ...
Unpacking os-prober (1.79) ...
Selecting previously unselected package ovmf.
Preparing to unpack .../570-ovmf_2020.11-2_all.deb ...
Unpacking ovmf (2020.11-2) ...
Selecting previously unselected package p7zip.
Preparing to unpack .../571-p7zip_16.02+dfsg-8_amd64.deb ...
Unpacking p7zip (16.02+dfsg-8) ...
Selecting previously unselected package p7zip-full.
Preparing to unpack .../572-p7zip-full_16.02+dfsg-8_amd64.deb ...
Unpacking p7zip-full (16.02+dfsg-8) ...
Selecting previously unselected package php7.4.
Preparing to unpack .../573-php7.4_7.4.21-1+deb11u1_all.deb ...
Unpacking php7.4 (7.4.21-1+deb11u1) ...
Selecting previously unselected package php.
Preparing to unpack .../574-php_2%3a7.4+76_all.deb ...
Unpacking php (2:7.4+76) ...
Selecting previously unselected package pocketsphinx-en-us.
Preparing to unpack .../575-pocketsphinx-en-us_0.8+5prealpha+1-13_all.deb ...
Unpacking pocketsphinx-en-us (0.8+5prealpha+1-13) ...
Selecting previously unselected package python3-lazy-object-proxy.
Preparing to unpack .../576-python3-lazy-object-proxy_1.5.2-1_amd64.deb ...
Unpacking python3-lazy-object-proxy (1.5.2-1) ...
Selecting previously unselected package python3-wrapt.
Preparing to unpack .../577-python3-wrapt_1.12.1-4+b1_amd64.deb ...
Unpacking python3-wrapt (1.12.1-4+b1) ...
Selecting previously unselected package python3-astroid.
Preparing to unpack .../578-python3-astroid_2.5.1-1_all.deb ...
Unpacking python3-astroid (2.5.1-1) ...
Selecting previously unselected package python3-toml.
Preparing to unpack .../579-python3-toml_0.10.1-1_all.deb ...
Unpacking python3-toml (0.10.1-1) ...
Selecting previously unselected package python3-isort.
Preparing to unpack .../580-python3-isort_5.6.4-1_all.deb ...
Unpacking python3-isort (5.6.4-1) ...
Selecting previously unselected package python3-mypy-extensions.
Preparing to unpack .../581-python3-mypy-extensions_0.4.3-2_all.deb ...
Unpacking python3-mypy-extensions (0.4.3-2) ...
Selecting previously unselected package python3-typing-extensions.
Preparing to unpack .../582-python3-typing-extensions_3.7.4.3-1_all.deb ...
Unpacking python3-typing-extensions (3.7.4.3-1) ...
Selecting previously unselected package python3-logilab-common.
Preparing to unpack .../583-python3-logilab-common_1.8.1-1_all.deb ...
Unpacking python3-logilab-common (1.8.1-1) ...
Selecting previously unselected package python3-mccabe.
Preparing to unpack .../584-python3-mccabe_0.6.1-3_all.deb ...
Unpacking python3-mccabe (0.6.1-3) ...
Selecting previously unselected package pylint.
Preparing to unpack .../585-pylint_2.7.2-3_all.deb ...
Unpacking pylint (2.7.2-3) ...
Selecting previously unselected package python3-pyqt5.sip.
Preparing to unpack .../586-python3-pyqt5.sip_12.8.1-1+b2_amd64.deb ...
Unpacking python3-pyqt5.sip (12.8.1-1+b2) ...
Selecting previously unselected package python3-pyqt5.
Preparing to unpack .../587-python3-pyqt5_5.15.2+dfsg-3_amd64.deb ...
Unpacking python3-pyqt5 (5.15.2+dfsg-3) ...
Selecting previously unselected package pyqt5-dev-tools.
Preparing to unpack .../588-pyqt5-dev-tools_5.15.2+dfsg-3_amd64.deb ...
Unpacking pyqt5-dev-tools (5.15.2+dfsg-3) ...
Selecting previously unselected package python-matplotlib-data.
Preparing to unpack .../589-python-matplotlib-data_3.3.4-1_all.deb ...
Unpacking python-matplotlib-data (3.3.4-1) ...
Selecting previously unselected package python3-cycler.
Preparing to unpack .../590-python3-cycler_0.10.0-3_all.deb ...
Unpacking python3-cycler (0.10.0-3) ...
Selecting previously unselected package python3-dateutil.
Preparing to unpack .../591-python3-dateutil_2.8.1-6_all.deb ...
Unpacking python3-dateutil (2.8.1-6) ...
Selecting previously unselected package python3-decorator.
Preparing to unpack .../592-python3-decorator_4.4.2-2_all.deb ...
Unpacking python3-decorator (4.4.2-2) ...
Selecting previously unselected package python3-kiwisolver.
Preparing to unpack .../593-python3-kiwisolver_1.3.1-1+b1_amd64.deb ...
Unpacking python3-kiwisolver (1.3.1-1+b1) ...
Selecting previously unselected package python3-pyparsing.
Preparing to unpack .../594-python3-pyparsing_2.4.7-1_all.deb ...
Unpacking python3-pyparsing (2.4.7-1) ...
Selecting previously unselected package python3-numpy.
Preparing to unpack .../595-python3-numpy_1%3a1.19.5-1_amd64.deb ...
Unpacking python3-numpy (1:1.19.5-1) ...
Selecting previously unselected package python3-pil:amd64.
Preparing to unpack .../596-python3-pil_8.1.2+dfsg-0.3_amd64.deb ...
Unpacking python3-pil:amd64 (8.1.2+dfsg-0.3) ...
Selecting previously unselected package python3-matplotlib.
Preparing to unpack .../597-python3-matplotlib_3.3.4-1_amd64.deb ...
Unpacking python3-matplotlib (3.3.4-1) ...
Selecting previously unselected package python3-olefile.
Preparing to unpack .../598-python3-olefile_0.46-3_all.deb ...
Unpacking python3-olefile (0.46-3) ...
Selecting previously unselected package python3-opengl.
Preparing to unpack .../599-python3-opengl_3.1.5+dfsg-1_all.deb ...
Unpacking python3-opengl (3.1.5+dfsg-1) ...
Selecting previously unselected package python3-pyqt5.qtopengl.
Preparing to unpack .../600-python3-pyqt5.qtopengl_5.15.2+dfsg-3_amd64.deb ...
Unpacking python3-pyqt5.qtopengl (5.15.2+dfsg-3) ...
Selecting previously unselected package python3-scipy.
Preparing to unpack .../601-python3-scipy_1.6.0-2_amd64.deb ...
Unpacking python3-scipy (1.6.0-2) ...
Selecting previously unselected package qtchooser.
Preparing to unpack .../602-qtchooser_66-2_amd64.deb ...
Unpacking qtchooser (66-2) ...
Selecting previously unselected package qtbase5-dev-tools.
Preparing to unpack .../603-qtbase5-dev-tools_5.15.2+dfsg-9_amd64.deb ...
Unpacking qtbase5-dev-tools (5.15.2+dfsg-9) ...
Selecting previously unselected package python3-pyqtgraph.
Preparing to unpack .../604-python3-pyqtgraph_0.12.2-1_all.deb ...
Unpacking python3-pyqtgraph (0.12.2-1) ...
Selecting previously unselected package python3-tk:amd64.
Preparing to unpack .../605-python3-tk_3.9.2-1_amd64.deb ...
Unpacking python3-tk:amd64 (3.9.2-1) ...
Selecting previously unselected package qemu-system-gui:amd64.
Preparing to unpack .../606-qemu-system-gui_1%3a5.2+dfsg-11_amd64.deb ...
Unpacking qemu-system-gui:amd64 (1:5.2+dfsg-11) ...
Selecting previously unselected package qemu-user-static.
Preparing to unpack .../607-qemu-user-static_1%3a5.2+dfsg-11_amd64.deb ...
Unpacking qemu-user-static (1:5.2+dfsg-11) ...
Selecting previously unselected package qt5-gtk-platformtheme:amd64.
Preparing to unpack .../608-qt5-gtk-platformtheme_5.15.2+dfsg-9_amd64.deb ...
Unpacking qt5-gtk-platformtheme:amd64 (5.15.2+dfsg-9) ...
Selecting previously unselected package qttranslations5-l10n.
Preparing to unpack .../609-qttranslations5-l10n_5.15.2-2_all.deb ...
Unpacking qttranslations5-l10n (5.15.2-2) ...
Selecting previously unselected package ruby2.7-dev:amd64.
Preparing to unpack .../610-ruby2.7-dev_2.7.4-1_amd64.deb ...
Unpacking ruby2.7-dev:amd64 (2.7.4-1) ...
Selecting previously unselected package ruby-dev:amd64.
Preparing to unpack .../611-ruby-dev_1%3a2.7+2_amd64.deb ...
Unpacking ruby-dev:amd64 (1:2.7+2) ...
Selecting previously unselected package ruby2.7-doc.
Preparing to unpack .../612-ruby2.7-doc_2.7.4-1_all.deb ...
Unpacking ruby2.7-doc (2.7.4-1) ...
Selecting previously unselected package shellcheck.
Preparing to unpack .../613-shellcheck_0.7.1-1_amd64.deb ...
Unpacking shellcheck (0.7.1-1) ...
Selecting previously unselected package syslinux-common.
Preparing to unpack .../614-syslinux-common_3%3a6.04~git20190206.bf6db5b4+dfsg1-3_all.deb ...
Unpacking syslinux-common (3:6.04~git20190206.bf6db5b4+dfsg1-3) ...
Selecting previously unselected package sysstat.
Preparing to unpack .../615-sysstat_12.5.2-2_amd64.deb ...
Unpacking sysstat (12.5.2-2) ...
Selecting previously unselected package tcl8.6.
Preparing to unpack .../616-tcl8.6_8.6.11+dfsg-1_amd64.deb ...
Unpacking tcl8.6 (8.6.11+dfsg-1) ...
Selecting previously unselected package tcl.
Preparing to unpack .../617-tcl_8.6.11+1_amd64.deb ...
Unpacking tcl (8.6.11+1) ...
Selecting previously unselected package tcllib.
Preparing to unpack .../618-tcllib_1.20+dfsg-1_all.deb ...
Unpacking tcllib (1.20+dfsg-1) ...
Selecting previously unselected package thin-provisioning-tools.
Preparing to unpack .../619-thin-provisioning-tools_0.9.0-1_amd64.deb ...
Unpacking thin-provisioning-tools (0.9.0-1) ...
Selecting previously unselected package tree.
Preparing to unpack .../620-tree_1.8.0-1+b1_amd64.deb ...
Unpacking tree (1.8.0-1+b1) ...
Selecting previously unselected package unzip.
Preparing to unpack .../621-unzip_6.0-26_amd64.deb ...
Unpacking unzip (6.0-26) ...
Selecting previously unselected package va-driver-all:amd64.
Preparing to unpack .../622-va-driver-all_2.10.0-1_amd64.deb ...
Unpacking va-driver-all:amd64 (2.10.0-1) ...
Selecting previously unselected package vdpau-driver-all:amd64.
Preparing to unpack .../623-vdpau-driver-all_1.4-3_amd64.deb ...
Unpacking vdpau-driver-all:amd64 (1.4-3) ...
Selecting previously unselected package virt-p2v.
Preparing to unpack .../624-virt-p2v_1.42.0-2_amd64.deb ...
Unpacking virt-p2v (1.42.0-2) ...
Selecting previously unselected package xauth.
Preparing to unpack .../625-xauth_1%3a1.1-1_amd64.deb ...
Unpacking xauth (1:1.1-1) ...
Selecting previously unselected package xdg-user-dirs.
Preparing to unpack .../626-xdg-user-dirs_0.17-2_amd64.deb ...
Unpacking xdg-user-dirs (0.17-2) ...
Selecting previously unselected package yara.
Preparing to unpack .../627-yara_4.0.5-1_amd64.deb ...
Unpacking yara (4.0.5-1) ...
Selecting previously unselected package zip.
Preparing to unpack .../628-zip_3.0-12_amd64.deb ...
Unpacking zip (3.0-12) ...
Errors were encountered while processing:
 /tmp/apt-dpkg-install-IFH9ZO/565-metasploit-framework_6.1.0-0kali1_amd64.deb
[91mE: Sub-process /usr/bin/dpkg returned an error code (1)
[0m
With emba you can automatically find vulnerable pattern in binary executables (just start emba with the parameter -c). Docker and the cwe_checker from fkiecad are required for this.

[0;33m[1mdocker.io[0m
Description: Linux container runtime
[0;33mdocker.io will be newly installed.[0m

[0;33m[1mfkiecad/cwe_checker docker image[0m
Download-Size : 534 MB

With emba you can automatically use FACT-extractor as a second extraction tool. Docker and the fact_extractor from fkiecad are required for this.

[0;33m[1mdocker.io[0m
Description: Linux container runtime
[0;33mdocker.io will be newly installed.[0m

[0;33m[1mFACT-extract[0m
Description: Extractor for most of the common container formats
Download-Size: 5 KB
[0;33mFACT-extract will be downloaded.[0m

[0;33m[1mfkiecad/fact_extractor docker image[0m
Download-Size : 679 MB

We use a few well-known open source tools in emba, for example checksec.

[0;33m[1mlinux-exploit-suggester[0m
Description: Linux privilege escalation auditing tool
Download-Size: 85 KB
[0;33mlinux-exploit-suggester will be downloaded.[0m

[0;33m[1mchecksec[0m
Description: Check the properties of executables (like PIE, RELRO, PaX, Canaries, ASLR, Fortify Source)
Download-Size: 90 KB
[0;33mchecksec will be downloaded.[0m

[0;33m[1msshdcc[0m
Description: Check SSHd configuration files
Download-Size: 25 KB
[0;33msshdcc will be downloaded.[0m

[0;33m[1msudo-parser.pl[0m
Description: Parses and tests sudoers configuration files
Download-Size: 14 KB
[0;33msudo-parser.pl will be downloaded.[0m

[0;33m[1mpixd[0m
Description: pixd is a tool for visualizing binary data using a colour palette.
Download-Size: 9 B
[0;33mpixd will be downloaded.[0m

[0;35m[1mThese applications (if not already on the system) will be downloaded![0m

[0;33m[1mDownloading linux-exploit-suggester[0m
[91m--2021-08-20 05:42:59--  https://raw.githubusercontent.com/mzet-/linux-exploit-suggester/master/linux-exploit-suggester.sh
[0m[91mResolving raw.githubusercontent.com (raw.githubusercontent.com)... [0m[91m185.199.110.133, 185.199.109.133, 185.199.111.133, ...
Connecting to raw.githubusercontent.com (raw.githubusercontent.com)|185.199.110.133|:443... [0m[91mconnected.
[0m[91mHTTP request sent, awaiting response... [0m[91m200 OK
Length: 87559 (86K) [text/plain]
Saving to: 'external/linux-exploit-suggester.sh'

     0K .....[0m[91m.[0m[91m...[0m[91m.[0m[91m ..[0m[91m..[0m[91m...[0m[91m...[0m[91m ..[0m[91m...[0m[91m...[0m[91m..[0m[91m ...[0m[91m.[0m[91m...[0m[91m..[0m[91m.[0m[91m ...[0m[91m..[0m[91m...[0m[91m.. 58% 1.12M 0s
    50K .[0m[91m..[0m[91m...[0m[91m...[0m[91m.[0m[91m .[0m[91m..[0m[91m....... ......[0m[91m...[0m[91m. .....                100% 4.32M[0m[91m=0.05s

[0m[91m2021-08-20 05:42:59 (1.61 MB/s) - 'external/linux-exploit-suggester.sh' saved [87559/87559]

[0m
[0;33m[1mDownloading checksec[0m
[91m--2021-08-20 05:43:00--  https://raw.githubusercontent.com/slimm609/checksec.sh/master/checksec
[0m[91mResolving raw.githubusercontent.com (raw.githubusercontent.com)... [0m[91m185.199.109.133, 185.199.111.133, 185.199.108.133, ...
Connecting to raw.githubusercontent.com (raw.githubusercontent.com)|185.199.109.133|:443... [0m[91mconnected.
[0m[91mHTTP request sent, awaiting response... [0m[91m200 OK
Length: 93084 (91K) [text/plain]
Saving to: 'external/checksec'

     0K .[0m[91m........[0m[91m. ..[0m[91m..[0m[91m...[0m[91m...[0m[91m ..[0m[91m....[0m[91m..[0m[91m..[0m[91m ...[0m[91m.[0m[91m......[0m[91m ...[0m[91m..[0m[91m...[0m[91m.. 55% 1.14M 0s
    50K .[0m[91m..[0m[91m...[0m[91m...[0m[91m. .[0m[91m..[0m[91m....... .........[0m[91m. ..........        [0m[91m   100% 3.87M[0m[91m=0.05s

[0m[91m2021-08-20 05:43:00 (1.67 MB/s) - 'external/checksec' saved [93084/93084]

[0m
[0;33m[1mDownloading sshdcc[0m
[91m--2021-08-20 05:43:00--  https://raw.githubusercontent.com/sektioneins/sshdcc/master/sshdcc
[0m[91mResolving raw.githubusercontent.com (raw.githubusercontent.com)... [0m[91m185.199.111.133, 185.199.108.133, 185.199.110.133, ...
Connecting to raw.githubusercontent.com (raw.githubusercontent.com)|185.199.111.133|:443... [0m[91mconnected.
[0m[91mHTTP request sent, awaiting response... [0m[91m200 OK
Length: 26497 (26K) [text/plain]
Saving to: 'external/sshdcc'

     0K .[0m[91m.[0m[91m.......[0m[91m.[0m[91m ..[0m[91m..[0m[91m...[0m[91m...[0m[91m ..[0m[91m...  [0m[91m                [0m[91m         [0m[91m100% 4.32M=0.006s

[0m[91m2021-08-20 05:43:00 (4.32 MB/s) - 'external/sshdcc' saved [26497/26497]

[0m
[0;33m[1mDownloading sudo-parser.pl[0m
[91m--2021-08-20 05:43:00--  https://raw.githubusercontent.com/CiscoCXSecurity/sudo-parser/master/sudo-parser.pl
[0m[91mResolving raw.githubusercontent.com (raw.githubusercontent.com)... [0m[91m185.199.108.133, 185.199.110.133, 185.199.109.133, ...
Connecting to raw.githubusercontent.com (raw.githubusercontent.com)|185.199.108.133|:443... [0m[91mconnected.
[0m[91mHTTP request sent, awaiting response... [0m[91m200 OK
Length: 14557 (14K) [text/plain]
Saving to: 'external/sudo-parser.pl'
[0m[91m
     0K ..[0m[91m..[0m[91m..[0m[91m..[0m[91m.[0m[91m.[0m[91m ....                                       100%  216K=0.07s

[0m[91m2021-08-20 05:43:01 (216 KB/s) - 'external/sudo-parser.pl' saved [14557/14557]

[0m[91m/installer.sh: line 359: pip3: command not found
[0m[91mCloning into 'external/pixd'...
[0mcc -Wall -std=c11 -o pixd pixd.c
[91mmake: cc: No such file or directory
make: *** [Makefile:24: pixd] Error 127
[0m[91mmv: cannot stat 'pixd': No such file or directory
[0m
We are using yara in emba and to improve the experience with emba, you should download some yara rules.

[0;33m[1mXumeiquer/yara-forensics/compressed.yar[0m
Download-Size: 846 B
[0;33mXumeiquer/yara-forensics/compressed.yar will be downloaded.[0m

[0;33m[1mDiabloHorn/yara4pentesters/juicy_files.txt[0m
Download-Size: 7 KB
[0;33mDiabloHorn/yara4pentesters/juicy_files.txt will be downloaded.[0m

[0;33m[1mahhh/YARA/crypto_signatures.yar[0m
Download-Size: 70 KB
[0;33mahhh/YARA/crypto_signatures.yar will be downloaded.[0m

[0;33m[1mYara-Rules/rules/packer_compiler_signatures.yar[0m
Download-Size: 20 KB
[0;33mYara-Rules/rules/packer_compiler_signatures.yar will be downloaded.[0m

[0;35m[1mThese rules (if not already on the system) will be downloaded![0m

[0;33m[1mDownloading Xumeiquer/yara-forensics/compressed.yar[0m
[91m--2021-08-20 05:43:05--  https://raw.githubusercontent.com/Xumeiquer/yara-forensics/master/file/compressed.yar
[0m[91mResolving raw.githubusercontent.com (raw.githubusercontent.com)... [0m[91m185.199.110.133, 185.199.109.133, 185.199.111.133, ...
Connecting to raw.githubusercontent.com (raw.githubusercontent.com)|185.199.110.133|:443... [0m[91mconnected.
[0m[91mHTTP request sent, awaiting response... [0m[91m200 OK
Length: 846 [text/plain]
Saving to: 'external/yara/compressed.yar'

     0K                                                    [0m[91m   100% 45.8M=0s

[0m[91m2021-08-20 05:43:05 (45.8 MB/s) - 'external/yara/compressed.yar' saved [846/846]

[0m
[0;33m[1mDownloading DiabloHorn/yara4pentesters/juicy_files.txt[0m
[91m--2021-08-20 05:43:05--  https://raw.githubusercontent.com/DiabloHorn/yara4pentesters/master/juicy_files.txt
[0m[91mResolving raw.githubusercontent.com (raw.githubusercontent.com)... [0m[91m185.199.109.133, 185.199.111.133, 185.199.108.133, ...
Connecting to raw.githubusercontent.com (raw.githubusercontent.com)|185.199.109.133|:443... [0m[91mconnected.
[0m[91mHTTP request sent, awaiting response... [0m[91m200 OK
Length: 7724 (7.5K) [text/plain]
Saving to: 'external/yara/juicy_files.yar'
[0m[91m
     0K .[0m[91m...[0m[91m...                            [0m[91m                 [0m[91m  100% 53.7K=0.1s

2021-08-20 05:43:05 (53.7 KB/s) - 'external/yara/juicy_files.yar' saved [7724/7724]

[0m
[0;33m[1mDownloading ahhh/YARA/crypto_signatures.yar[0m
[91m--2021-08-20 05:43:05--  https://raw.githubusercontent.com/ahhh/YARA/master/crypto_signatures.yar
[0m[91mResolving raw.githubusercontent.com (raw.githubusercontent.com)... [0m[91m185.199.111.133, 185.199.108.133, 185.199.110.133, ...
Connecting to raw.githubusercontent.com (raw.githubusercontent.com)|185.199.111.133|:443... [0m[91mconnected.
[0m[91mHTTP request sent, awaiting response... [0m[91m200 OK
Length: 72453 (71K) [text/plain]
[0m[91mSaving to: 'external/yara/crypto_signatures.yar'
[0m[91m
     0K .[0m[91m.[0m[91m...[0m[91m.[0m[91m..[0m[91m.[0m[91m.[0m[91m ..[0m[91m..[0m[91m...[0m[91m...[0m[91m ..[0m[91m....[0m[91m..[0m[91m..[0m[91m ...[0m[91m.[0m[91m......[0m[91m ...[0m[91m..[0m[91m...[0m[91m.. 70% 1.22M 0s
    50K .[0m[91m..[0m[91m...[0m[91m...[0m[91m. .[0m[91m..[0m[91m.......                                 100% 5.11M[0m[91m=0.04s

[0m[91m2021-08-20 05:43:05 (1.57 MB/s) - 'external/yara/crypto_signatures.yar' saved [72453/72453]

[0m
[0;33m[1mDownloading Yara-Rules/rules/packer_compiler_signatures.yar[0m
[91m--2021-08-20 05:43:06--  https://raw.githubusercontent.com/Yara-Rules/rules/master/packers/packer_compiler_signatures.yar
[0m[91mResolving raw.githubusercontent.com (raw.githubusercontent.com)... [0m[91m185.199.108.133, 185.199.110.133, 185.199.109.133, ...
Connecting to raw.githubusercontent.com (raw.githubusercontent.com)|185.199.108.133|:443... [0m[91mconnected.
[0m[91mHTTP request sent, awaiting response... [0m[91m200 OK
Length: 21462 (21K) [text/plain]
Saving to: 'external/yara/packer_compiler_signatures.yar'
[0m[91m
     0K .[0m[91m...[0m[91m..[0m[91m..[0m[91m.. ..[0m[91m..[0m[91m...[0m[91m.[0m[91m..[0m[91m      [0m[91m  [0m[91m   [0m[91m [0m[91m              [0m[91m       100%[0m[91m 5.98M=0.003s

[0m[91m2021-08-20 05:43:06 (5.98 MB/s) - 'external/yara/packer_compiler_signatures.yar' saved [21462/21462]

[0m
We are using objdump in emba to get more information from object files. This application is in the binutils package and has to be compiled. We also need following applications for compiling:

[0;33m[1mbinutils-2.35.1[0m
Description: The GNU Binutils are a collection of binary tools.
Download-Size: 42 MB
[0;33mbinutils-2.35.1 will be downloaded.[0m

[0;33m[1mtexinfo[0m
Description: Documentation system for on-line information and printed output
[0;33mtexinfo will be newly installed.[0m

[0;33m[1mgcc[0m
Description: GNU C compiler
[0;33mgcc will be newly installed.[0m

[0;33m[1mbuild-essential[0m
Description: Informational list of build-essential packages
[0;33mbuild-essential will be newly installed.[0m

[0;33m[1mgawk[0m
Description: GNU awk, a pattern scanning and processing language
[0;33mgawk will be newly installed.[0m

[0;33m[1mbison[0m
Description: YACC-compatible parser generator
[0;33mbison will be newly installed.[0m

[0;33m[1mdebuginfod[0m
Description: debuginfo-related http file-server daemon
[0;33mdebuginfod will be newly installed.[0m

[0;35m[1mbinutils-2.35.1 will be downloaded (if not already on the system) and objdump compiled![0m
Reading package lists...
Building dependency tree...
Reading state information...
build-essential is already the newest version (12.9).
build-essential set to manually installed.
gawk is already the newest version (1:5.1.0-1).
gawk set to manually installed.
gcc is already the newest version (4:10.2.1-1).
gcc set to manually installed.
The following packages were automatically installed and are no longer required:
  bundler fonts-lato john john-data libc-l10n libgmp-dev libgmpxx4ldbl
  liblinear4 libpcap0.8 libruby2.7 libxslt1.1 locales logrotate lua-lpeg nasm
  nmap nmap-common oracle-instantclient-basic postgresql postgresql-13
  postgresql-client-13 postgresql-client-common postgresql-common rake ruby
  ruby-bundler ruby-dev ruby-minitest ruby-net-telnet ruby-power-assert
  ruby-rubygems ruby-test-unit ruby-xmlrpc ruby2.7 ruby2.7-dev ruby2.7-doc
  rubygems-integration sysstat zip
Use 'sudo apt autoremove' to remove them.
The following additional packages will be installed:
  libarchive13 libdebuginfod1 libmicrohttpd12 libtext-unidecode-perl
  libxml-libxml-perl libxml-namespacesupport-perl libxml-sax-base-perl
  libxml-sax-expat-perl libxml-sax-perl m4 tex-common
Suggested packages:
  bison-doc lrzip libxml-sax-expatxs-perl m4-doc debhelper texlive-base
  texlive-latex-base texlive-plain-generic texlive-fonts-recommended
The following NEW packages will be installed:
  bison debuginfod libarchive13 libdebuginfod1 libmicrohttpd12
  libtext-unidecode-perl libxml-libxml-perl libxml-namespacesupport-perl
  libxml-sax-base-perl libxml-sax-expat-perl libxml-sax-perl m4 tex-common
  texinfo
0 upgraded, 14 newly installed, 0 to remove and 0 not upgraded.
787 not fully installed or removed.
Need to get 4252 kB of archives.
After this operation, 19.6 MB of additional disk space will be used.
Get:1 http://kali.cs.nctu.edu.tw/kali kali-rolling/main amd64 tex-common all 6.16 [53.7 kB]
Get:2 http://kali.cs.nctu.edu.tw/kali kali-rolling/main amd64 m4 amd64 1.4.18-5 [204 kB]
Get:3 http://http.kali.org/kali kali-rolling/main amd64 bison amd64 2:3.7.6+dfsg-1 [1106 kB]
Get:4 http://kali.cs.nctu.edu.tw/kali kali-rolling/main amd64 libdebuginfod1 amd64 0.183-1 [27.4 kB]
Get:5 http://http.kali.org/kali kali-rolling/main amd64 libarchive13 amd64 3.4.3-2+b1 [343 kB]
Get:6 http://kali.cs.nctu.edu.tw/kali kali-rolling/main amd64 libmicrohttpd12 amd64 0.9.73-2 [112 kB]
Get:7 http://kali.cs.nctu.edu.tw/kali kali-rolling/main amd64 debuginfod amd64 0.183-1 [98.8 kB]
Get:8 http://kali.cs.nctu.edu.tw/kali kali-rolling/main amd64 libtext-unidecode-perl all 1.30-1 [103 kB]
Get:9 http://kali.cs.nctu.edu.tw/kali kali-rolling/main amd64 libxml-namespacesupport-perl all 1.12-1.1 [14.9 kB]
Get:10 http://kali.cs.nctu.edu.tw/kali kali-rolling/main amd64 libxml-sax-base-perl all 1.09-1.1 [20.7 kB]
Get:11 http://http.kali.org/kali kali-rolling/main amd64 libxml-sax-perl all 1.02+dfsg-1 [59.0 kB]
Get:12 http://http.kali.org/kali kali-rolling/main amd64 libxml-libxml-perl amd64 2.0134+dfsg-2+b1 [337 kB]
Get:13 http://kali.cs.nctu.edu.tw/kali kali-rolling/main amd64 libxml-sax-expat-perl all 0.51-1 [12.0 kB]
Get:14 http://kali.cs.nctu.edu.tw/kali kali-rolling/main amd64 texinfo amd64 6.7.0.dfsg.2-6 [1761 kB]
Fetched 4252 kB in 4s (997 kB/s)
Selecting previously unselected package tex-common.
(Reading database ... (Reading database ... 5%(Reading database ... 10%(Reading database ... 15%(Reading database ... 20%(Reading database ... 25%(Reading database ... 30%(Reading database ... 35%(Reading database ... 40%(Reading database ... 45%(Reading database ... 50%(Reading database ... 55%(Reading database ... 60%(Reading database ... 65%(Reading database ... 70%(Reading database ... 75%(Reading database ... 80%(Reading database ... 85%(Reading database ... 90%(Reading database ... 95%(Reading database ... 100%(Reading database ... 86053 files and directories currently installed.)
Preparing to unpack .../00-tex-common_6.16_all.deb ...
Unpacking tex-common (6.16) ...
Selecting previously unselected package m4.
Preparing to unpack .../01-m4_1.4.18-5_amd64.deb ...
Unpacking m4 (1.4.18-5) ...
Selecting previously unselected package bison.
Preparing to unpack .../02-bison_2%3a3.7.6+dfsg-1_amd64.deb ...
Unpacking bison (2:3.7.6+dfsg-1) ...
Selecting previously unselected package libdebuginfod1:amd64.
Preparing to unpack .../03-libdebuginfod1_0.183-1_amd64.deb ...
Unpacking libdebuginfod1:amd64 (0.183-1) ...
Selecting previously unselected package libarchive13:amd64.
Preparing to unpack .../04-libarchive13_3.4.3-2+b1_amd64.deb ...
Unpacking libarchive13:amd64 (3.4.3-2+b1) ...
Selecting previously unselected package libmicrohttpd12:amd64.
Preparing to unpack .../05-libmicrohttpd12_0.9.73-2_amd64.deb ...
Unpacking libmicrohttpd12:amd64 (0.9.73-2) ...
Selecting previously unselected package debuginfod.
Preparing to unpack .../06-debuginfod_0.183-1_amd64.deb ...
Unpacking debuginfod (0.183-1) ...
Selecting previously unselected package libtext-unidecode-perl.
Preparing to unpack .../07-libtext-unidecode-perl_1.30-1_all.deb ...
Unpacking libtext-unidecode-perl (1.30-1) ...
Selecting previously unselected package libxml-namespacesupport-perl.
Preparing to unpack .../08-libxml-namespacesupport-perl_1.12-1.1_all.deb ...
Unpacking libxml-namespacesupport-perl (1.12-1.1) ...
Selecting previously unselected package libxml-sax-base-perl.
Preparing to unpack .../09-libxml-sax-base-perl_1.09-1.1_all.deb ...
Unpacking libxml-sax-base-perl (1.09-1.1) ...
Selecting previously unselected package libxml-sax-perl.
Preparing to unpack .../10-libxml-sax-perl_1.02+dfsg-1_all.deb ...
Unpacking libxml-sax-perl (1.02+dfsg-1) ...
Selecting previously unselected package libxml-libxml-perl.
Preparing to unpack .../11-libxml-libxml-perl_2.0134+dfsg-2+b1_amd64.deb ...
Unpacking libxml-libxml-perl (2.0134+dfsg-2+b1) ...
Selecting previously unselected package libxml-sax-expat-perl.
Preparing to unpack .../12-libxml-sax-expat-perl_0.51-1_all.deb ...
Unpacking libxml-sax-expat-perl (0.51-1) ...
Selecting previously unselected package texinfo.
Preparing to unpack .../13-texinfo_6.7.0.dfsg.2-6_amd64.deb ...
Unpacking texinfo (6.7.0.dfsg.2-6) ...
Setting up libgme0:amd64 (0.6.3-2) ...
Setting up libconfig9:amd64 (1.5-0.4) ...
Setting up libssh-gcrypt-4:amd64 (0.9.5-1) ...
Setting up arj (3.10.22-24) ...
Setting up libksba8:amd64 (1.5.0-3) ...
Setting up media-types (4.0.0) ...
Setting up cpio (2.13+dfsg-4) ...
update-alternatives: using /bin/mt-gnu to provide /bin/mt (mt) in auto mode
Setting up libpipeline1:amd64 (1.5.3-1) ...
Setting up javascript-common (11+nmu1) ...
Package apache2 is not configured yet. Will defer actions by package javascript-common.
Setting up libgraphite2-3:amd64 (1.3.14-1) ...
Setting up libsrt1.4-gnutls:amd64 (1.4.2-1.4) ...
Setting up liblcms2-2:amd64 (2.12~rc1-2) ...
Setting up libpixman-1-0:amd64 (0.40.0-1) ...
Setting up libudfread0:amd64 (1.1.2-1) ...
Setting up libxentoollog1:amd64 (4.14.2+25-gb6a8c4f72d-2) ...
Setting up libcdparanoia0:amd64 (3.10.2+debian-14) ...
Setting up libwayland-server0:amd64 (1.19.0-2) ...
Setting up php-common (2:76) ...
Created symlink /etc/systemd/system/timers.target.wants/phpsessionclean.timer → /lib/systemd/system/phpsessionclean.timer.
Setting up zerofree (1.1.1-1) ...
Setting up libpciaccess0:amd64 (0.16-1) ...
Setting up mysql-common (5.8+1.0.7) ...
update-alternatives: using /etc/mysql/my.cnf.fallback to provide /etc/mysql/my.cnf (my.cnf) in auto mode
Setting up librabbitmq4:amd64 (0.10.0-1) ...
Setting up systemd-sysv (247.3-6) ...
Setting up libxau6:amd64 (1:1.0.9-1) ...
Setting up libdouble-conversion3:amd64 (3.1.5-6.1) ...
Setting up lua-lpeg:amd64 (1.0.2-1) ...
Setting up debootstrap (1.0.123) ...
Setting up libraw1394-11:amd64 (2.1.2-2) ...
Setting up libproxy1v5:amd64 (0.4.17-1) ...
Setting up libxentoolcore1:amd64 (4.14.2+25-gb6a8c4f72d-2) ...
Setting up libiniparser1:amd64 (4.1-4) ...
Setting up libc-l10n (2.31-13) ...
Setting up pci.ids (0.0~2021.04.08-1) ...
Setting up ttf-bitstream-vera (1.10-8.1) ...
Setting up fonts-lato (2.0-2.1) ...
Setting up libsodium23:amd64 (1.0.18-1) ...
Setting up linux-base (4.6) ...
Setting up libmpg123-0:amd64 (1.26.4-1) ...
Setting up libogg0:amd64 (1.3.4-0.1) ...
Setting up reiserfsprogs (1:3.6.27-4) ...
Setting up libspeex1:amd64 (1.2~rc1.2-1.1) ...
Setting up fonts-noto-mono (20201225-1) ...
Setting up libshine3:amd64 (3.1.1-2) ...
Setting up bsdextrautils (2.36.1-8) ...
update-alternatives: using /usr/bin/write.ul to provide /usr/bin/write (write) in auto mode
Setting up libdevmapper-event1.02.1:amd64 (2:1.02.175-2.1) ...
Setting up hicolor-icon-theme (0.17-2) ...
Setting up libtwolame0:amd64 (0.4.0-2) ...
Setting up libvte-2.91-common (0.62.3-1) ...
Setting up libicu67:amd64 (67.1-7) ...
Setting up libdatrie1:amd64 (0.2.13-1) ...
Setting up firmware-linux-free (20200122-1) ...
Setting up xdg-user-dirs (0.17-2) ...
Setting up libxencall1:amd64 (4.14.2+25-gb6a8c4f72d-2) ...
Setting up ruby-power-assert (1.1.7-2) ...
Setting up libmagic-mgc (1:5.39-3) ...
Setting up libgsm1:amd64 (1.0.18-2) ...
Setting up libvisual-0.4-0:amd64 (0.4.0-17) ...
Setting up gawk (1:5.1.0-1) ...
Setting up mtools (4.0.33-1+really4.0.32-1) ...
Setting up augeas-lenses (1.12.0-2) ...
Setting up attr (1:2.4.48-6) ...
Setting up libvhdi1:amd64 (20201204-3) ...
Setting up libyaml-0-2:amd64 (0.2.2-1) ...
Setting up libip6tc2:amd64 (1.8.7-1) ...
Setting up libglib2.0-0:amd64 (2.66.8-1) ...
Setting up manpages (5.10-1) ...
Setting up libglvnd0:amd64 (1.3.2-1) ...
Setting up f2fs-tools (1.14.0-2) ...
Setting up libinih1:amd64 (53-1+b2) ...
Setting up qemu-user-static (1:5.2+dfsg-11) ...
Setting up libpgm-5.3-0:amd64 (5.3.128~dfsg-2) ...
Setting up fonts-lyx (2.3.6-1) ...
Setting up libijs-0.35:amd64 (0.35-15) ...
Setting up unzip (6.0-26) ...
Setting up perl-modules-5.32 (5.32.1-4+deb11u1) ...
Setting up libaom0:amd64 (1.0.0.errata1-3) ...
Setting up libbrotli1:amd64 (1.0.9-2+b2) ...
Setting up libsqlite3-0:amd64 (3.34.1-3) ...
Setting up libcbor0:amd64 (0.5.0+dfsg-2) ...
Setting up libsasl2-modules:amd64 (2.1.27+dfsg-2.1) ...
Setting up libgdk-pixbuf2.0-common (2.42.2+dfsg-1) ...
Setting up dosfstools (4.2-1) ...
Setting up libnorm1:amd64 (1.5.9+dfsg-2) ...
Setting up libmysofa1:amd64 (1.2~dfsg0-1) ...
Setting up cramfsswap (1.4.2) ...
Setting up binutils-common:amd64 (2.35.2-2) ...
Setting up libyajl2:amd64 (2.1.0-3) ...
Setting up x11-common (1:7.7+22) ...
invoke-rc.d: could not determine current runlevel
invoke-rc.d: policy-rc.d denied execution of start.
Setting up libsensors-config (1:3.6.0-7) ...
Setting up libnghttp2-14:amd64 (1.43.0-1) ...
Setting up libmagic1:amd64 (1:5.39-3) ...
Setting up libdeflate0:amd64 (1.7-1) ...
Setting up libapr1:amd64 (1.7.0-6) ...
Setting up less (551-2) ...
Setting up perl-openssl-defaults:amd64 (5) ...
Setting up linux-libc-dev:amd64 (5.10.46-4kali1) ...
Setting up bc (1.07.1-2+b2) ...
Setting up libctf-nobfd0:amd64 (2.35.2-2) ...
Setting up gettext-base (0.21-4) ...
Setting up m4 (1.4.18-5) ...
Setting up syslinux-common (3:6.04~git20190206.bf6db5b4+dfsg1-3) ...
Setting up libnss-systemd:amd64 (247.3-6) ...
First installation detected...
Checking NSS setup...
Setting up libexecs0:amd64 (1.3-1) ...
Setting up xkb-data (2.29-2) ...
Setting up liblzo2-2:amd64 (2.10-2) ...
Setting up libntfs-3g883 (1:2017.3.23AR.3-4) ...
Setting up libnpth0:amd64 (1.6-3) ...
Setting up rubygems-integration (1.18) ...
Setting up file (1:5.39-3) ...
Setting up libnetpbm10 (2:10.0-15.4) ...
Setting up fonts-urw-base35 (20200910-1) ...
Setting up libassuan0:amd64 (2.5.3-7.1) ...
Setting up libgomp1:amd64 (10.2.1-6) ...
Setting up libfuse2:amd64 (2.9.9-5) ...
Setting up libatm1:amd64 (1:2.5.1-4) ...
Setting up libfdt1:amd64 (1.6.0-1) ...
Setting up libxvidcore4:amd64 (2:1.3.7-1) ...
Setting up libusbredirparser1:amd64 (0.8.0-1+b1) ...
Setting up bzip2 (1.0.8-4) ...
Setting up locales (2.31-13) ...
Generating locales (this might take a while)...
Generation complete.
Setting up libldap-common (2.4.57+dfsg-3) ...
Setting up libunwind8:amd64 (1.3.2-2) ...
Setting up mtd-utils (1:2.1.2-2) ...
Setting up syslinux (3:6.04~git20190206.bf6db5b4+dfsg1-3+b1) ...
Setting up libx264-160:amd64 (2:0.160.3011+gitcde9a93-2.1) ...
Setting up libjbig0:amd64 (2.1-3.1+b2) ...
Setting up libmicrohttpd12:amd64 (0.9.73-2) ...
Setting up libpcre2-16-0:amd64 (10.36-2) ...
Setting up libcolord2:amd64 (1.4.5-3) ...
Setting up libfakeroot:amd64 (1.25.3-1.1) ...
Setting up runc (1.0.0~rc93+ds1-5+b2) ...
Setting up libasan6:amd64 (10.2.1-6) ...
Setting up libjansson4:amd64 (2.13.1-1.1) ...
Setting up libflac8:amd64 (1.3.3-2) ...
Setting up libsnappy1v5:amd64 (1.1.8-1) ...
Setting up poppler-data (0.4.10-1) ...
Setting up acl (2.2.53-10) ...
Setting up ovmf (2020.11-2) ...
Setting up libsasl2-modules-db:amd64 (2.1.27+dfsg-2.1) ...
Setting up libcap2-bin (1:2.44-1) ...
Setting up fakeroot (1.25.3-1.1) ...
update-alternatives: using /usr/bin/fakeroot-sysv to provide /usr/bin/fakeroot (fakeroot) in auto mode
Setting up libdconf1:amd64 (0.38.0-2) ...
Setting up ruby-minitest (5.13.0-1) ...
Setting up mariadb-common (1:10.5.12-1) ...
update-alternatives: using /etc/mysql/mariadb.cnf to provide /etc/mysql/my.cnf (my.cnf) in auto mode
Setting up libasound2-data (1.2.4-1.1) ...
Setting up apparmor (2.13.6-10) ...
update-rc.d: We have no instructions for the apparmor init script.
update-rc.d: It looks like a non-network service, we enable it.
Setting up busybox (1:1.30.1-6+b3) ...
Setting up libklibc:amd64 (2.0.8-6.1) ...
Setting up libxenforeignmemory1:amd64 (4.14.2+25-gb6a8c4f72d-2) ...
Setting up zip (3.0-12) ...
Setting up john-data (1.9.0-Jumbo-1-0kali3) ...
Setting up libz3-4:amd64 (4.8.10-1) ...
Setting up exfat-utils (1.3.0-2) ...
Setting up libblas3:amd64 (3.9.0-3) ...
update-alternatives: using /usr/lib/x86_64-linux-gnu/blas/libblas.so.3 to provide /usr/lib/x86_64-linux-gnu/libblas.so.3 (libblas.so.3-x86_64-linux-gnu) in auto mode
Setting up libisc-export1105:amd64 (1:9.11.19+dfsg-2.1) ...
Setting up libglib2.0-data (2.66.8-1) ...
Setting up libtirpc-dev:amd64 (1.3.1-1) ...
Setting up libgmpxx4ldbl:amd64 (2:6.2.1+dfsg-1) ...
Setting up libjpeg62-turbo:amd64 (1:2.0.6-4) ...
Setting up qttranslations5-l10n (5.15.2-2) ...
Setting up libslang2:amd64 (2.3.2-5) ...
Setting up libva2:amd64 (2.10.0-1) ...
Setting up ruby-test-unit (3.3.9-1) ...
Setting up libwrap0:amd64 (7.6.q-31) ...
Setting up libigdgmm11:amd64 (20.4.1+ds1-1) ...
Setting up libx11-data (2:1.7.2-1) ...
Setting up make (4.3-4.1) ...
Setting up libepoxy0:amd64 (1.5.5-1) ...
Setting up libnspr4:amd64 (2:4.32-1) ...
Setting up gnupg-l10n (2.2.27-2) ...
Setting up libntlm0:amd64 (1.6-3) ...
Setting up ssl-cert (1.1.0+nmu1) ...
Setting up libjbig2dec0:amd64 (0.19-3) ...
Setting up librtmp1:amd64 (2.4+20151223.gitfa8646d.1-2+b2) ...
Setting up libidn11:amd64 (1.33-3) ...
Setting up libcodec2-0.9:amd64 (0.9.2-4) ...
Setting up libavahi-common-data:amd64 (0.8-5) ...
Setting up libdbus-1-3:amd64 (1.12.20-2) ...
Setting up ruby-net-telnet (0.1.1-2) ...
Setting up dbus (1.12.20-2) ...
invoke-rc.d: could not determine current runlevel
invoke-rc.d: policy-rc.d denied execution of start.
Setting up xz-utils (5.2.5-2) ...
update-alternatives: using /usr/bin/xz to provide /usr/bin/lzma (lzma) in auto mode
Setting up libfribidi0:amd64 (1.0.8-2) ...
Setting up libopus0:amd64 (1.3.1-0.1) ...
Setting up libquadmath0:amd64 (10.2.1-6) ...
Setting up libxenstore3.0:amd64 (4.14.2+25-gb6a8c4f72d-2) ...
Setting up libimagequant0:amd64 (2.12.2-1.1) ...
Setting up intel-media-va-driver:amd64 (21.1.1+dfsg1-1) ...
Setting up libpng16-16:amd64 (1.6.37-3) ...
Setting up tree (1.8.0-1+b1) ...
Setting up libmpc3:amd64 (1.2.0-1) ...
Setting up libmnl0:amd64 (1.0.4-3) ...
Setting up libatomic1:amd64 (10.2.1-6) ...
Setting up db5.3-util (5.3.28+dfsg1-0.8) ...
Setting up libvorbis0a:amd64 (1.3.7-1) ...
Setting up udev (247.3-6) ...
invoke-rc.d: could not determine current runlevel
invoke-rc.d: policy-rc.d denied execution of start.
Setting up tini (0.19.0-1) ...
Setting up ruby2.7-doc (2.7.4-1) ...
Setting up libevent-2.1-7:amd64 (2.1.12-stable-1) ...
Setting up patch (2.7.6-7) ...
Setting up mailutils-common (1:3.11.1-5) ...
Setting up liborc-0.4-0:amd64 (1:0.4.32-1) ...
Setting up libyara4:amd64 (4.0.5-1) ...
Setting up libtcl8.6:amd64 (8.6.11+dfsg-1) ...
Setting up binfmt-support (2.2.1-1) ...
Created symlink /etc/systemd/system/multi-user.target.wants/binfmt-support.service → /lib/systemd/system/binfmt-support.service.
invoke-rc.d: could not determine current runlevel
invoke-rc.d: policy-rc.d denied execution of start.
Setting up libwebp6:amd64 (0.6.1-2.1) ...
Setting up libmariadb3:amd64 (1:10.5.12-1) ...
Setting up fonts-dejavu-core (2.37-2) ...
Setting up lsscsi (0.31-1+b1) ...
Setting up device-tree-compiler (1.6.0-1) ...
Setting up osinfo-db (0.20210809-1) ...
Setting up libpcsclite1:amd64 (1.9.1-1) ...
Setting up yara (4.0.5-1) ...
Setting up libsensors5:amd64 (1:3.6.0-7) ...
Setting up libaacs0:amd64 (0.9.0-2) ...
Setting up pocketsphinx-en-us (0.8+5prealpha+1-13) ...
Setting up libdaxctl1:amd64 (71.1-1) ...
Setting up libxtables12:amd64 (1.8.7-1) ...
Setting up nasm (2.15.05-1) ...
Setting up libgc1:amd64 (1:8.0.4-3) ...
Setting up liburing1:amd64 (0.7-3) ...
Setting up libltdl7:amd64 (2.4.6-15) ...
Setting up libfftw3-double3:amd64 (3.3.8-2) ...
Setting up libglapi-mesa:amd64 (20.3.5-1) ...
Setting up qemu-system-data (1:5.2+dfsg-11) ...
Setting up libsasl2-2:amd64 (2.1.27+dfsg-2.1) ...
Setting up libgfortran5:amd64 (10.2.1-6) ...
Setting up libmtdev1:amd64 (1.1.6-1) ...
Setting up libvulkan1:amd64 (1.2.162.0-1) ...
Setting up seabios (1.14.0-2) ...
Setting up libfdisk1:amd64 (2.36.1-8) ...
Setting up scrub (2.6.1-1+b1) ...
Setting up libubsan1:amd64 (10.2.1-6) ...
Setting up libxengnttab1:amd64 (4.14.2+25-gb6a8c4f72d-2) ...
Setting up libatk1.0-data (2.36.0-2) ...
Setting up libpci3:amd64 (1:3.7.0-5) ...
Setting up libhfsp0 (1.0.4-16) ...
Setting up libbdplus0:amd64 (0.1.2-3) ...
Setting up libnuma1:amd64 (2.0.12-1+b1) ...
Setting up libcapstone4:amd64 (4.0.2-3) ...
Setting up libvidstab1.1:amd64 (1.1.0-2+b1) ...
Setting up libslirp0:amd64 (4.4.0-1) ...
Setting up ent (1.2debian-3) ...
Setting up libmd0:amd64 (1.0.3-3) ...
Setting up alsa-topology-conf (1.2.4-1) ...
Setting up nmap-common (7.91+dfsg1-1kali1) ...
Setting up libnsl-dev:amd64 (1.3.0-2) ...
Setting up sensible-utils (0.0.14) ...
Setting up libdv4:amd64 (1.0.0-13) ...
Setting up ocl-icd-libopencl1:amd64 (2.2.14-2) ...
Setting up exim4-config (4.94.2-7) ...
Adding system-user for exim (v4)
Setting up uuid-runtime (2.36.1-8) ...
Adding group `uuidd' (GID 111) ...
Done.
Warning: The home dir /run/uuidd you specified can't be accessed: No such file or directory
Adding system user `uuidd' (UID 106) ...
Adding new user `uuidd' (UID 106) with group `uuidd' ...
Not creating home directory `/run/uuidd'.
update-rc.d: We have no instructions for the uuidd init script.
update-rc.d: It looks like a non-network service, we enable it.
invoke-rc.d: could not determine current runlevel
invoke-rc.d: policy-rc.d denied execution of start.
Created symlink /etc/systemd/system/sockets.target.wants/uuidd.socket → /lib/systemd/system/uuidd.socket.
Setting up libasyncns0:amd64 (0.8-6+b2) ...
Setting up extlinux (3:6.04~git20190206.bf6db5b4+dfsg1-3+b1) ...
Setting up libxshmfence1:amd64 (1.3-1) ...
Setting up libvpx6:amd64 (1.9.0-1) ...
Setting up pigz (2.6-1) ...
Setting up libcrypt-dev:amd64 (1:4.4.18-4) ...
Setting up libwavpack1:amd64 (5.4.0-1) ...
Setting up libbs2b0:amd64 (3.1.0+dfsg-2.2+b1) ...
Setting up libnfnetlink0:amd64 (1.0.1-3+b1) ...
Setting up ipxe-qemu (1.0.0+git-20190125.36a4c85-5.1) ...
Setting up libuchardet0:amd64 (0.0.7-1) ...
Setting up kpartx (0.8.5-2) ...
Setting up liblua5.3-0:amd64 (5.3.3-1.1+b1) ...
Setting up lzop (1.04-2) ...
Setting up libasound2:amd64 (1.2.4-1.1) ...
Setting up libv4lconvert0:amd64 (1.20.0-4) ...
Setting up libnl-3-200:amd64 (3.4.0-1+b1) ...
Setting up bison (2:3.7.6+dfsg-1) ...
update-alternatives: using /usr/bin/bison.yacc to provide /usr/bin/yacc (yacc) in auto mode
Setting up libmpdec3:amd64 (2.5.1-2) ...
Setting up libxenevtchn1:amd64 (4.14.2+25-gb6a8c4f72d-2) ...
Setting up gpgconf (2.2.27-2) ...
Setting up libpam-systemd:amd64 (247.3-6) ...
Setting up libmd4c0:amd64 (0.4.7-2) ...
Setting up libefivar1:amd64 (37-6) ...
Setting up libndctl6:amd64 (71.1-1) ...
Setting up libdav1d4:amd64 (0.7.1-3) ...
Setting up libopenjp2-7:amd64 (2.4.0-3) ...
Setting up git-man (1:2.32.0-1) ...
Setting up libewf2 (20140807-2+b2) ...
Setting up libthai-data (0.1.28-3) ...
Setting up libssh2-1:amd64 (1.9.0-3) ...
Setting up netbase (6.3) ...
Setting up libjson-glib-1.0-common (1.6.2-1) ...
Setting up isc-dhcp-common (4.4.1-2.3) ...
Setting up libatk1.0-0:amd64 (2.36.0-2) ...
Setting up libtiff5:amd64 (4.2.0-1) ...
Setting up apache2-data (2.4.48-4) ...
Setting up libbrlapi0.8:amd64 (6.3+dfsg-1) ...
Setting up fonts-droid-fallback (1:6.0.1r16-1.1) ...
Setting up libwayland-egl1:amd64 (1.19.0-2) ...
Setting up libusb-1.0-0:amd64 (2:1.0.24-3) ...
Setting up gsasl-common (1.10.0-5) ...
Setting up cgroupfs-mount (1.4) ...
update-rc.d: We have no instructions for the cgroupfs-mount init script.
update-rc.d: It looks like a non-network service, we enable it.
invoke-rc.d: could not determine current runlevel
invoke-rc.d: policy-rc.d denied execution of start.
Setting up libjs-jquery (3.5.1+dfsg+~3.5.5-7) ...
Setting up dmidecode (3.3-2) ...
Setting up glib-networking-common (2.66.0-2) ...
Setting up libbinutils:amd64 (2.35.2-2) ...
Setting up arch-test (0.17-1) ...
Setting up libmfx1:amd64 (21.1.0-1) ...
Setting up libfido2-1:amd64 (1.6.0-2) ...
Setting up libisl23:amd64 (0.23-1) ...
Setting up libhivex0:amd64 (1.3.20-1) ...
Setting up libaio1:amd64 (0.3.112-9) ...
Setting up libc-dev-bin (2.31-13) ...
Setting up klibc-utils (2.0.8-6.1) ...
No diversion 'diversion of /usr/share/initramfs-tools/hooks/klibc to /usr/share/initramfs-tools/hooks/klibc^i-t by klibc-utils', none removed.
Setting up containerd (1.4.5~ds1-2) ...
Setting up libsamplerate0:amd64 (0.2.1+ds0-1) ...
Setting up libpmem1:amd64 (1.11.0-2) ...
Setting up python-matplotlib-data (3.3.4-1) ...
Setting up libwebpmux3:amd64 (0.6.1-2.1) ...
Setting up libbsd0:amd64 (0.11.3-1) ...
Setting up libdrm-common (2.4.104-1) ...
Setting up supermin (5.2.1-4+b2) ...
Setting up libelf1:amd64 (0.183-1) ...
Setting up libpam-cap:amd64 (1:2.44-1) ...
Setting up libevdev2:amd64 (1.11.0+dfsg-1) ...
Setting up libxendevicemodel1:amd64 (4.14.2+25-gb6a8c4f72d-2) ...
Setting up ruby-xmlrpc (0.3.0-2) ...
Setting up libxml2:amd64 (2.9.10+dfsg-6.7) ...
Setting up libcc1-0:amd64 (10.2.1-6) ...
Setting up iso-codes (4.6.0-1) ...
Setting up liblocale-gettext-perl (1.07-4+b1) ...
Setting up gpg (2.2.27-2) ...
Setting up libgudev-1.0-0:amd64 (234-1) ...
Setting up libzvbi-common (0.2.35-18) ...
Setting up liblsan0:amd64 (10.2.1-6) ...
Setting up ncompress (4.2.4.6-4) ...
Setting up p7zip (16.02+dfsg-8) ...
Setting up qtchooser (66-2) ...
Setting up mdadm (4.1-11) ...
Generating mdadm.conf... done.
update-initramfs: deferring update (trigger activated)
/usr/sbin/grub-probe: error: failed to get canonical path of `overlay'.
update-rc.d: We have no instructions for the mdadm-waitidle init script.
update-rc.d: It looks like a non-network service, we enable it.
update-rc.d: warning: start and stop actions are no longer supported; falling back to defaults
update-rc.d: We have no instructions for the mdadm init script.
update-rc.d: It looks like a non-network service, we enable it.
invoke-rc.d: could not determine current runlevel
invoke-rc.d: policy-rc.d denied execution of start.
Setting up cpp-10 (10.2.1-6) ...
Setting up libmp3lame0:amd64 (3.100-3) ...
Setting up libitm1:amd64 (10.2.1-6) ...
Setting up libbfio1:amd64 (20170123-6) ...
Setting up libvorbisenc2:amd64 (1.3.7-1) ...
Setting up libpython3.9-stdlib:amd64 (3.9.2-1) ...
Setting up libpython3-stdlib:amd64 (3.9.2-3) ...
Setting up libgdbm6:amd64 (1.19-2) ...
Setting up libpopt0:amd64 (1.18-2) ...
Setting up gnupg-utils (2.2.27-2) ...
Setting up libiec61883-0:amd64 (1.2.0-4) ...
Setting up libserd-0-0:amd64 (0.30.10-2) ...
Setting up libwacom-common (1.8-2) ...
Setting up libaprutil1:amd64 (1.6.1-5) ...
Setting up libtsan0:amd64 (10.2.1-6) ...
Setting up libxkbcommon0:amd64 (1.0.3-2) ...
Setting up libwayland-client0:amd64 (1.19.0-2) ...
Setting up libctf0:amd64 (2.35.2-2) ...
Setting up cryptsetup-bin (2:2.3.5-1) ...
Setting up hfsplus (1.0.4-16) ...
Setting up pinentry-curses (1.1.0-4) ...
Setting up libgs9-common (9.53.3~dfsg-7) ...
Setting up logrotate (3.18.1-2) ...
Created symlink /etc/systemd/system/timers.target.wants/logrotate.timer → /lib/systemd/system/logrotate.timer.
Setting up libavc1394-0:amd64 (0.5.4-5) ...
Setting up genisoimage (9:1.1.11-3.2) ...
Setting up postgresql-client-common (225) ...
Setting up glib-networking-services (2.66.0-2) ...
Setting up fuse (2.9.9-5) ...
update-initramfs: deferring update (trigger activated)
Setting up libzvbi0:amd64 (0.2.35-18) ...
Setting up libldm-1.0-0:amd64 (0.2.5-1) ...
Setting up manpages-dev (5.10-1) ...
Setting up libice6:amd64 (2:1.0.10-1) ...
Setting up libdw1:amd64 (0.183-1) ...
Setting up libxdmcp6:amd64 (1:1.1.2-3) ...
Setting up tcl8.6 (8.6.11+dfsg-1) ...
Setting up liblapack3:amd64 (3.9.0-3) ...
update-alternatives: using /usr/lib/x86_64-linux-gnu/lapack/liblapack.so.3 to provide /usr/lib/x86_64-linux-gnu/liblapack.so.3 (liblapack.so.3-x86_64-linux-gnu) in auto mode
Setting up libxcb1:amd64 (1.14-3) ...
Setting up libtag1v5-vanilla:amd64 (1.11.1+dfsg.1-3) ...
Setting up exim4-base (4.94.2-7) ...
exim: DB upgrade, deleting hints-db
update-rc.d: As per Kali policy, exim4 init script is left disabled.
Failed to disable unit, unit exim4.service does not exist.
Created symlink /etc/systemd/system/timers.target.wants/exim4-base.timer → /lib/systemd/system/exim4-base.timer.
Setting up libgmp-dev:amd64 (2:6.2.1+dfsg-1) ...
Setting up libxcb-xfixes0:amd64 (1.14-3) ...
Setting up gpg-agent (2.2.27-2) ...
Created symlink /etc/systemd/user/sockets.target.wants/gpg-agent-browser.socket → /usr/lib/systemd/user/gpg-agent-browser.socket.
Created symlink /etc/systemd/user/sockets.target.wants/gpg-agent-extra.socket → /usr/lib/systemd/user/gpg-agent-extra.socket.
Created symlink /etc/systemd/user/sockets.target.wants/gpg-agent-ssh.socket → /usr/lib/systemd/user/gpg-agent-ssh.socket.
Created symlink /etc/systemd/user/sockets.target.wants/gpg-agent.socket → /usr/lib/systemd/user/gpg-agent.socket.
Setting up libzmq5:amd64 (4.3.4-1) ...
Setting up libcaca0:amd64 (0.99.beta19-2.2) ...
Setting up libxcb-xinput0:amd64 (1.14-3) ...
Setting up squashfs-tools (1:4.4-2) ...
Setting up db-util (5.3.1+nmu1) ...
Setting up libxenhypfs1:amd64 (4.14.2+25-gb6a8c4f72d-2) ...
Setting up alsa-ucm-conf (1.2.4-2) ...
Setting up guile-3.0-libs:amd64 (3.0.5-4) ...
Setting up libarchive13:amd64 (3.4.3-2+b1) ...
Setting up libxcb-render0:amd64 (1.14-3) ...
Setting up libsoxr0:amd64 (0.1.3-4) ...
Setting up libxcb-glx0:amd64 (1.14-3) ...
Setting up libwebpdemux2:amd64 (0.6.1-2.1) ...
Setting up btrfs-progs (5.10.1-2) ...
Setting up libgcc-10-dev:amd64 (10.2.1-6) ...
Setting up libedit2:amd64 (3.1-20191231-2+b1) ...
Setting up gpgsm (2.2.27-2) ...
Setting up cron (3.0pl1-137) ...
Adding group `crontab' (GID 112) ...
Done.
invoke-rc.d: could not determine current runlevel
invoke-rc.d: policy-rc.d denied execution of start.
Created symlink /etc/systemd/system/multi-user.target.wants/cron.service → /lib/systemd/system/cron.service.
Setting up libxcb-keysyms1:amd64 (0.4.0-1+b2) ...
Setting up libxcb-shape0:amd64 (1.14-3) ...
Setting up libavahi-common3:amd64 (0.8-5) ...
Setting up libvdeplug2 (4.0.1-2) ...
Setting up libx265-192:amd64 (3.4-2) ...
Setting up libgsasl7:amd64 (1.10.0-5) ...
Setting up libdns-export1110 (1:9.11.19+dfsg-2.1) ...
Setting up libldap-2.4-2:amd64 (2.4.57+dfsg-3) ...
Setting up libxcb-render-util0:amd64 (0.3.9-1+b1) ...
Setting up libnftnl11:amd64 (1.1.9-1) ...
Setting up libcurl3-gnutls:amd64 (7.74.0-1.3+b1) ...
Setting up libefiboot1:amd64 (37-6) ...
Setting up p7zip-full (16.02+dfsg-8) ...
Setting up libnss3:amd64 (2:3.68-1) ...
Setting up libxcb-shm0:amd64 (1.14-3) ...
Setting up libxcb-icccm4:amd64 (0.4.1-1.1) ...
Setting up libaprutil1-ldap:amd64 (1.6.1-5) ...
Setting up libaprutil1-dbd-sqlite3:amd64 (1.6.1-5) ...
Setting up libcacard0:amd64 (1:2.8.0-3) ...
Setting up ntfs-3g (1:2017.3.23AR.3-4) ...
Setting up fdisk (2.36.1-8) ...
Setting up shellcheck (0.7.1-1) ...
Setting up liblinear4:amd64 (2.3.0+dfsg-5) ...
Setting up libxcb-util1:amd64 (0.4.0-1+b1) ...
Setting up libjson-glib-1.0-0:amd64 (1.6.2-1) ...
Setting up libxcb-xkb1:amd64 (1.14-3) ...
Setting up libxcb-image0:amd64 (0.4.0-1+b3) ...
Setting up libnl-route-3-200:amd64 (3.4.0-1+b1) ...
Setting up libxcb-present0:amd64 (1.14-3) ...
Setting up ldmtool (0.2.5-1) ...
Setting up libv4l-0:amd64 (1.20.0-4) ...
Setting up gdisk (1.0.6-1.1) ...
Setting up libvmdk1:amd64 (20200926-2) ...
Setting up dirmngr (2.2.27-2) ...
Created symlink /etc/systemd/user/sockets.target.wants/dirmngr.socket → /usr/lib/systemd/user/dirmngr.socket.
Setting up libthai0:amd64 (0.1.28-3) ...
Setting up libvorbisfile3:amd64 (1.3.7-1) ...
Setting up dbus-user-session (1.12.20-2) ...
Setting up libxcb-xinerama0:amd64 (1.14-3) ...
Setting up libunbound8:amd64 (1.13.1-1) ...
Setting up libpython3.9:amd64 (3.9.2-1) ...
Setting up libllvm11:amd64 (1:11.0.1-2) ...
Setting up libjs-jquery-ui (1.12.1+dfsg-8) ...
Setting up oracle-instantclient-basic (19.6.0.0.0-0kali1) ...
Setting up libfreetype6:amd64 (2.10.4+dfsg-1) ...
Setting up libpcap0.8:amd64 (1.10.0-2) ...
Setting up libxcb-sync1:amd64 (1.14-3) ...
Setting up libaugeas0:amd64 (1.12.0-2) ...
Setting up shared-mime-info (2.0-1) ...
Setting up libxkbcommon-x11-0:amd64 (1.0.3-2) ...
Setting up thin-provisioning-tools (0.9.0-1) ...
Setting up libgdbm-compat4:amd64 (1.19-2) ...
Setting up ucf (3.0043) ...
Setting up netpbm (2:10.0-15.4) ...
Setting up pciutils (1:3.7.0-5) ...
Setting up libqt5core5a:amd64 (5.15.2+dfsg-9) ...
Setting up libperl5.32:amd64 (5.32.1-4+deb11u1) ...
Setting up librubberband2:amd64 (1.9.0-1) ...
Setting up gpg-wks-server (2.2.27-2) ...
Setting up libxcb-dri2-0:amd64 (1.14-3) ...
Setting up libjack-jackd2-0:amd64 (1.9.17~dfsg-1) ...
Setting up libparted2:amd64 (3.4-1) ...
Setting up libvirt0:amd64 (7.0.0-3) ...
Setting up libdrm2:amd64 (2.4.104-1) ...
Setting up libxenmisc4.14:amd64 (4.14.2+25-gb6a8c4f72d-2) ...
Setting up libtag1v5:amd64 (1.11.1+dfsg.1-3) ...
Setting up libflite1:amd64 (2.2-2) ...
Setting up libva-drm2:amd64 (2.10.0-1) ...
Setting up libnetfilter-conntrack3:amd64 (1.0.8-3) ...
Setting up groff-base (1.22.4-6) ...
Setting up libqt5dbus5:amd64 (5.15.2+dfsg-9) ...
Setting up libsord-0-0:amd64 (0.16.8-2) ...
Setting up libwayland-cursor0:amd64 (1.19.0-2) ...
Setting up libxcb-randr0:amd64 (1.14-3) ...
Setting up cpp (4:10.2.1-1) ...
Setting up libsratom-0-0:amd64 (0.6.8-1) ...
Setting up tcl (8.6.11+1) ...
Setting up libxslt1.1:amd64 (1.1.34-4) ...
Setting up libcurl4:amd64 (7.74.0-1.3+b1) ...
Setting up libc6-dev:amd64 (2.31-13) ...
Setting up libx11-6:amd64 (2:1.7.2-1) ...
Setting up libharfbuzz0b:amd64 (2.7.4-1) ...
Setting up libgdk-pixbuf-2.0-0:amd64 (2.42.2+dfsg-1) ...
Setting up curl (7.74.0-1.3+b1) ...
Setting up libsndfile1:amd64 (1.0.31-2) ...
Setting up qemu-utils (1:5.2+dfsg-11) ...
Setting up exfat-fuse (1.3.0-2) ...
Setting up libbpf0:amd64 (1:0.3-2) ...
Setting up initramfs-tools-core (0.140) ...
Setting up libqt5test5:amd64 (5.15.2+dfsg-9) ...
Setting up libwacom2:amd64 (1.8-2) ...
Setting up libxcomposite1:amd64 (1:0.4.5-1) ...
Setting up libsm6:amd64 (2:1.2.3-1) ...
Setting up liblilv-0-0:amd64 (0.24.12-2) ...
Setting up sysstat (12.5.2-2) ...

Creating config file /etc/default/sysstat with new version
update-alternatives: using /usr/bin/sar.sysstat to provide /usr/bin/sar (sar) in auto mode
update-rc.d: We have no instructions for the sysstat init script.
update-rc.d: It looks like a non-network service, we enable it.
Created symlink /etc/systemd/system/sysstat.service.wants/sysstat-collect.timer → /lib/systemd/system/sysstat-collect.timer.
Created symlink /etc/systemd/system/sysstat.service.wants/sysstat-summary.timer → /lib/systemd/system/sysstat-summary.timer.
Setting up libopenmpt0:amd64 (0.4.11-1) ...
Setting up libavahi-client3:amd64 (0.8-5) ...
Setting up libxmuu1:amd64 (2:1.1.2-2+b3) ...
Setting up libgstreamer1.0-0:amd64 (1.18.4-2.1) ...
Setcap worked! gst-ptp-helper is not suid!
Setting up python3.9 (3.9.2-1) ...
Setting up liblbfgsb0:amd64 (3.0+dfsg.3-9) ...
Setting up libaa1:amd64 (1.4p5-48) ...
Setting up apache2-utils (2.4.48-4) ...
Setting up binutils-x86-64-linux-gnu (2.35.2-2) ...
Setting up libdrm-amdgpu1:amd64 (2.4.104-1) ...
Setting up libxcb-dri3-0:amd64 (1.14-3) ...
Setting up libpaper1:amd64 (1.1.28+b1) ...

Creating config file /etc/papersize with new version
Setting up gtk-update-icon-cache (3.24.24-4) ...
Setting up libx11-xcb1:amd64 (2:1.7.2-1) ...
Setting up libibverbs1:amd64 (33.2-1) ...
Setting up libgnutls-dane0:amd64 (3.7.1-5) ...
Setting up libdrm-nouveau2:amd64 (2.4.104-1) ...
Setting up libstdc++-10-dev:amd64 (10.2.1-6) ...
Setting up libnftables1:amd64 (0.9.8-3.1) ...
Setting up libxdamage1:amd64 (1:1.1.5-2) ...
Setting up nftables (0.9.8-3.1) ...
Setting up php7.4-common (7.4.21-1+deb11u1) ...

Creating config file /etc/php/7.4/mods-available/calendar.ini with new version

Creating config file /etc/php/7.4/mods-available/ctype.ini with new version

Creating config file /etc/php/7.4/mods-available/exif.ini with new version

Creating config file /etc/php/7.4/mods-available/fileinfo.ini with new version

Creating config file /etc/php/7.4/mods-available/ffi.ini with new version

Creating config file /etc/php/7.4/mods-available/ftp.ini with new version

Creating config file /etc/php/7.4/mods-available/gettext.ini with new version

Creating config file /etc/php/7.4/mods-available/iconv.ini with new version

Creating config file /etc/php/7.4/mods-available/pdo.ini with new version

Creating config file /etc/php/7.4/mods-available/phar.ini with new version

Creating config file /etc/php/7.4/mods-available/posix.ini with new version

Creating config file /etc/php/7.4/mods-available/shmop.ini with new version

Creating config file /etc/php/7.4/mods-available/sockets.ini with new version

Creating config file /etc/php/7.4/mods-available/sysvmsg.ini with new version

Creating config file /etc/php/7.4/mods-available/sysvsem.ini with new version

Creating config file /etc/php/7.4/mods-available/sysvshm.ini with new version

Creating config file /etc/php/7.4/mods-available/tokenizer.ini with new version
Setting up initramfs-tools (0.140) ...
update-initramfs: deferring update (trigger activated)
Setting up libxpm4:amd64 (1:3.5.12-1) ...
Setting up gpg-wks-client (2.2.27-2) ...
Setting up libxrender1:amd64 (1:0.9.10-1) ...
Setting up libgbm1:amd64 (20.3.5-1) ...
Setting up ibverbs-providers:amd64 (33.2-1) ...
Setting up libpulse0:amd64 (14.2-2) ...
Setting up iptables (1.8.7-1) ...
update-alternatives: using /usr/sbin/iptables-legacy to provide /usr/sbin/iptables (iptables) in auto mode
update-alternatives: using /usr/sbin/ip6tables-legacy to provide /usr/sbin/ip6tables (ip6tables) in auto mode
update-alternatives: using /usr/sbin/iptables-nft to provide /usr/sbin/iptables (iptables) in auto mode
update-alternatives: using /usr/sbin/ip6tables-nft to provide /usr/sbin/ip6tables (ip6tables) in auto mode
update-alternatives: using /usr/sbin/arptables-nft to provide /usr/sbin/arptables (arptables) in auto mode
update-alternatives: using /usr/sbin/ebtables-nft to provide /usr/sbin/ebtables (ebtables) in auto mode
Setting up libdrm-radeon1:amd64 (2.4.104-1) ...
Setting up fontconfig-config (2.13.1-4.2) ...
Setting up iproute2 (5.10.0-4) ...
Setting up john (1.9.0-Jumbo-1-0kali3) ...
Setting up openssh-client (1:8.4p1-5) ...
Setting up libdebuginfod1:amd64 (0.183-1) ...
Setting up libdrm-intel1:amd64 (2.4.104-1) ...
Setting up libgl1-mesa-dri:amd64 (20.3.5-1) ...
Setting up libpq5:amd64 (13.3-1) ...
Setting up libxext6:amd64 (2:1.3.3-1.1) ...
Setting up isc-dhcp-client (4.4.1-2.3) ...
Setting up php7.4-readline (7.4.21-1+deb11u1) ...

Creating config file /etc/php/7.4/mods-available/readline.ini with new version
Setting up parted (3.4-1) ...
Setting up libgstreamer-plugins-base1.0-0:amd64 (1.18.4-2) ...
Setting up dconf-service (0.38.0-2) ...
Setting up python3 (3.9.2-3) ...
Setting up docker.io (20.10.5+dfsg1-1+b5) ...
Adding group `docker' (GID 115) ...
Done.
update-rc.d: We have no instructions for the docker init script.
update-rc.d: It looks like a non-network service, we enable it.
invoke-rc.d: could not determine current runlevel
invoke-rc.d: policy-rc.d denied execution of start.
Created symlink /etc/systemd/system/multi-user.target.wants/docker.service → /lib/systemd/system/docker.service.
Created symlink /etc/systemd/system/sockets.target.wants/docker.socket → /lib/systemd/system/docker.socket.
Setting up binutils (2.35.2-2) ...
Setting up libpaper-utils (1.1.28+b1) ...
Setting up libatspi2.0-0:amd64 (2.38.0-4) ...
Setting up nmap (7.91+dfsg1-1kali1) ...
Setting up libqt5network5:amd64 (5.15.2+dfsg-9) ...
Setting up libxxf86vm1:amd64 (1:1.1.4-1+b2) ...
Setting up libinput-bin (1.16.4-3) ...
Setting up postgresql-client-13 (13.3-1) ...
update-alternatives: using /usr/share/postgresql/13/man/man1/psql.1.gz to provide /usr/share/man/man1/psql.1.gz (psql.1.gz) in auto mode
Setting up libafflib0v5:amd64 (3.7.19-2) ...
Setting up libqt5sql5:amd64 (5.15.2+dfsg-9) ...
Setting up python3-six (1.16.0-2) ...
Setting up grub-common (2.04-20kali1) ...
Setting up tex-common (6.16) ...
update-language: texlive-base not installed and configured, doing nothing!
Setting up libatk-bridge2.0-0:amd64 (2.38.0-1) ...
Setting up python3-decorator (4.4.2-2) ...
Setting up perl (5.32.1-4+deb11u1) ...
Setting up libqt5xml5:amd64 (5.15.2+dfsg-9) ...
Setting up libegl-mesa0:amd64 (20.3.5-1) ...
Setting up os-prober (1.79) ...
Setting up python3-pyparsing (2.4.7-1) ...
Setting up libvirglrenderer1:amd64 (0.8.2-5) ...
Setting up adwaita-icon-theme (3.38.0-1) ...
update-alternatives: using /usr/share/icons/Adwaita/cursor.theme to provide /usr/share/icons/default/index.theme (x-cursor-theme) in auto mode
Setting up libdata-dump-perl (1.23-1.1) ...
Setting up python3-certifi (2020.6.20-1) ...
Setting up libxfixes3:amd64 (1:5.0.3-2) ...
Setting up libmodule-find-perl (0.15-1) ...
Setting up tcllib (1.20+dfsg-1) ...
Setting up python3-cycler (0.10.0-3) ...
Setting up libxinerama1:amd64 (2:1.1.4-2) ...
Setting up debuginfod (0.183-1) ...
Setting up libxv1:amd64 (2:1.0.11-1) ...
Setting up postgresql-common (225) ...
supported-versions: WARNING! Unknown distribution: kali
debian found in ID_LIKE, treating as Debian
supported-versions: WARNING: Unknown Debian release: 2021.2
Adding user postgres to group ssl-cert

Creating config file /etc/postgresql-common/createcluster.conf with new version
Building PostgreSQL dictionaries from installed myspell/hunspell packages...
Removing obsolete dictionary files:
update-rc.d: As per Kali policy, postgresql init script is left disabled.
invoke-rc.d: could not determine current runlevel
invoke-rc.d: policy-rc.d denied execution of start.
Setting up python3-kiwisolver (1.3.1-1+b1) ...
Setting up python3-idna (2.10-1) ...
Setting up libio-html-perl (1.004-2) ...
Setting up python3-wrapt (1.12.1-4+b1) ...
Setting up libxrandr2:amd64 (2:1.5.1-1) ...
Setting up libmailutils8:amd64 (1:3.11.1-5) ...
Setting up xfsprogs (5.10.0-4) ...
update-initramfs: deferring update (trigger activated)
System has not been booted with systemd as init system (PID 1). Can't operate.
Failed to connect to bus: Host is down
Setting up python3-typing-extensions (3.7.4.3-1) ...
Setting up gcc-10 (10.2.1-6) ...
Setting up python3-toml (0.10.1-1) ...
Setting up libdpkg-perl (1.20.9kali1) ...
Setting up python3-isort (5.6.4-1) ...
Setting up python3-urllib3 (1.26.5-1~exp1) ...
Setting up libtimedate-perl (2.3300-2) ...
Setting up libwacom-bin (1.8-2) ...
Setting up libcups2:amd64 (2.3.3op2-3+deb11u1) ...
Setting up python3-pyqt5.sip (12.8.1-1+b2) ...
Setting up python3-pyrsistent:amd64 (0.15.5-1+b3) ...
Setting up libproc-processtable-perl (0.59-2+b1) ...
Setting up xauth (1:1.1-1) ...
Setting up libgdk-pixbuf2.0-bin (2.42.2+dfsg-1) ...
Setting up libvdpau1:amd64 (1.4-3) ...
Setting up libegl1:amd64 (1.3.2-1) ...
Setting up gnupg (2.2.27-2) ...
Setting up libintl-perl (1.26-3) ...
Setting up postgresql-13 (13.3-1) ...
Creating new PostgreSQL cluster 13/main ...
/usr/lib/postgresql/13/bin/initdb -D /var/lib/postgresql/13/main --auth-local peer --auth-host md5
The files belonging to this database system will be owned by user "postgres".
This user must also own the server process.

The database cluster will be initialized with locale "C.UTF-8".
The default database encoding has accordingly been set to "UTF8".
The default text search configuration will be set to "english".

Data page checksums are disabled.

fixing permissions on existing directory /var/lib/postgresql/13/main ... ok
creating subdirectories ... ok
selecting dynamic shared memory implementation ... posix
selecting default max_connections ... 100
selecting default shared_buffers ... 128MB
selecting default time zone ... Etc/UTC
creating configuration files ... ok
running bootstrap script ... ok
performing post-bootstrap initialization ... ok
syncing data to disk ... ok

Success. You can now start the database server using:

    pg_ctlcluster 13 main start

Ver Cluster Port Status Owner    Data directory              Log file
[31m13  main    5432 down   postgres /var/lib/postgresql/13/main /var/log/postgresql/postgresql-13-main.log[0m
update-alternatives: using /usr/share/postgresql/13/man/man1/postmaster.1.gz to provide /usr/share/man/man1/postmaster.1.gz (postmaster.1.gz) in auto mode
invoke-rc.d: could not determine current runlevel
invoke-rc.d: policy-rc.d denied execution of start.
Setting up python3-dateutil (2.8.1-6) ...
Setting up php7.4-opcache (7.4.21-1+deb11u1) ...

Creating config file /etc/php/7.4/mods-available/opcache.ini with new version
Setting up linux-image-5.10.0-kali9-amd64 (5.10.46-4kali1) ...
I: /vmlinuz.old is now a symlink to boot/vmlinuz-5.10.0-kali9-amd64
I: /initrd.img.old is now a symlink to boot/initrd.img-5.10.0-kali9-amd64
I: /vmlinuz is now a symlink to boot/vmlinuz-5.10.0-kali9-amd64
I: /initrd.img is now a symlink to boot/initrd.img-5.10.0-kali9-amd64
/etc/kernel/postinst.d/initramfs-tools:
update-initramfs: Generating /boot/initrd.img-5.10.0-kali9-amd64
I: The initramfs will attempt to resume from /dev/dm-1
I: Set the RESUME variable to override this.
Setting up python3-mccabe (0.6.1-3) ...
Setting up libxss1:amd64 (1:1.2.3-1) ...
Setting up libfontconfig1:amd64 (2.13.1-4.2) ...
Setting up mesa-va-drivers:amd64 (20.3.5-1) ...
Setting up python3-lazy-object-proxy (1.5.2-1) ...
Setting up postgresql (13+225) ...
Setting up libterm-readkey-perl (2.38-1+b2) ...
Setting up libtsk19:amd64 (4.10.1+dfsg-1) ...
Setting up libtext-unidecode-perl (1.30-1) ...
Setting up libbluray2:amd64 (1:1.2.1-4) ...
Setting up libva-x11-2:amd64 (2.10.0-1) ...
Setting up python3-lib2to3 (3.9.2-1) ...
Setting up mailcap (3.69) ...
Setting up libsort-naturally-perl (1.03-2) ...
Setting up python3-websocket (0.57.0-1) ...
update-alternatives: using /usr/bin/python3-wsdump to provide /usr/bin/wsdump (wsdump) in auto mode
Setting up libmodule-scandeps-perl (1.30-1) ...
Setting up liburi-perl (5.08-1) ...
Setting up exim4-daemon-light (4.94.2-7) ...
invoke-rc.d: could not determine current runlevel
invoke-rc.d: policy-rc.d denied execution of start.
Setting up libdate-manip-perl (6.85-1) ...
Setting up i965-va-driver:amd64 (2.4.1+dfsg1-1) ...
Setting up libsys-virt-perl (7.0.0-1) ...
Setting up python3-dockerpty (0.4.1-2) ...
Setting up python3-binwalk (2.3.1+dfsg1-1) ...
Setting up libnet-ssleay-perl (1.88-3+b1) ...
Setting up python3-pkg-resources (52.0.0-4) ...
Setting up python3-distutils (3.9.2-1) ...
Setting up python3-cached-property (1.5.2-1) ...
Setting up python3-more-itertools (4.2.0-3) ...
Setting up libinput10:amd64 (1.16.4-3) ...
Setting up librdmacm1:amd64 (33.2-1) ...
Setting up mesa-vulkan-drivers:amd64 (20.3.5-1) ...
Setting up mesa-vdpau-drivers:amd64 (20.3.5-1) ...
Setting up python3-attr (20.3.0-1) ...
Setting up python3-texttable (1.6.3-2) ...
Setting up needrestart (3.5-4) ...
Setting up libhttp-date-perl (6.05-1) ...
Setting up fontconfig (2.13.1-4.2) ...
Regenerating fonts cache... done.
Setting up python3-docopt (0.6.2-3) ...
Setting up mailutils (1:3.11.1-5) ...
update-alternatives: using /usr/bin/frm.mailutils to provide /usr/bin/frm (frm) in auto mode
update-alternatives: using /usr/bin/from.mailutils to provide /usr/bin/from (from) in auto mode
update-alternatives: using /usr/bin/messages.mailutils to provide /usr/bin/messages (messages) in auto mode
update-alternatives: using /usr/bin/movemail.mailutils to provide /usr/bin/movemail (movemail) in auto mode
update-alternatives: using /usr/bin/readmsg.mailutils to provide /usr/bin/readmsg (readmsg) in auto mode
update-alternatives: using /usr/bin/dotlock.mailutils to provide /usr/bin/dotlock (dotlock) in auto mode
update-alternatives: using /usr/bin/mail.mailutils to provide /usr/bin/mailx (mailx) in auto mode
Setting up libxft2:amd64 (2.3.2-2) ...
Setting up php7.4-json (7.4.21-1+deb11u1) ...

Creating config file /etc/php/7.4/mods-available/json.ini with new version
Setting up libglx-mesa0:amd64 (20.3.5-1) ...
Setting up qemu-system-common (1:5.2+dfsg-11) ...
Setting up g++-10 (10.2.1-6) ...
Setting up libfile-listing-perl (6.14-1) ...
Setting up mime-support (3.66) ...
Setting up libqt5sql5-sqlite:amd64 (5.15.2+dfsg-9) ...
Setting up python3-setuptools (52.0.0-4) ...
Setting up libgs9:amd64 (9.53.3~dfsg-7) ...
Setting up libxi6:amd64 (2:1.7.10-1) ...
Setting up libglx0:amd64 (1.3.2-1) ...
Setting up dconf-gsettings-backend:amd64 (0.38.0-2) ...
Setting up libfont-afm-perl (1.20-3) ...
Setting up libsphinxbase3:amd64 (0.8+5prealpha+1-12) ...
Setting up libfile-fcntllock-perl (0.22-3+b7) ...
Setting up libclone-perl (0.45-1+b1) ...
Setting up libalgorithm-diff-perl (1.201-1) ...
Setting up grub2-common (2.04-20kali1) ...
Setting up libxtst6:amd64 (2:1.2.3-1) ...
Setting up libhtml-tagset-perl (3.20-4) ...
Setting up python3-mypy-extensions (0.4.3-2) ...
Setting up python3-olefile (0.46-3) ...
Setting up libauthen-sasl-perl (2.1600-1.1) ...
Setting up libtk8.6:amd64 (8.6.11-2) ...
Setting up libxcursor1:amd64 (1:1.2.0-2) ...
Setting up libspice-server1:amd64 (0.14.3-2.1) ...
Setting up libpango-1.0-0:amd64 (1.46.2-3) ...
Setting up liblwp-mediatypes-perl (6.04-1) ...
Setting up libtry-tiny-perl (0.30-1) ...
Setting up qemu-system-x86 (1:5.2+dfsg-11) ...
Setting up libxml-namespacesupport-perl (1.12-1.1) ...
Setting up libnet-http-perl (6.20-1) ...
Setting up python3-yaml (5.3.1-5) ...
Setting up libencode-locale-perl (1.05-1.1) ...
Setting up php7.4-cli (7.4.21-1+deb11u1) ...
update-alternatives: using /usr/bin/php7.4 to provide /usr/bin/php (php) in auto mode
update-alternatives: using /usr/bin/phar7.4 to provide /usr/bin/phar (phar) in auto mode
update-alternatives: using /usr/bin/phar.phar7.4 to provide /usr/bin/phar.phar (phar.phar) in auto mode

Creating config file /etc/php/7.4/cli/php.ini with new version
Setting up libwin-hivex-perl (1.3.20-1) ...
Setting up linux-image-amd64 (5.10.46-4kali1) ...
Setting up python3-zipp (1.0.0-3) ...
Setting up ghostscript (9.53.3~dfsg-7) ...
Setting up apache2-bin (2.4.48-4) ...
Setting up libstring-shellquote-perl (1.04-1) ...
Setting up libintl-xs-perl (1.26-3) ...
Setting up libcairo2:amd64 (1.16.0-5) ...
Setting up libavutil56:amd64 (7:4.3.2-0+deb11u2) ...
Setting up gcc (4:10.2.1-1) ...
Setting up dpkg-dev (1.20.9kali1) ...
Setting up liberror-perl (0.17029-1) ...
Setting up libpocketsphinx3:amd64 (0.8+5prealpha+1-13) ...
Setting up python3-pil:amd64 (8.1.2+dfsg-0.3) ...
Setting up qtbase5-dev-tools (5.15.2+dfsg-9) ...
Setting up libxml-sax-base-perl (1.09-1.1) ...
Setting up binwalk (2.3.1+dfsg1-1) ...
Setting up python3-chardet (4.0.0-1) ...
Setting up libgl1:amd64 (1.3.2-1) ...
Setting up libass9:amd64 (1:0.15.0-2) ...
Setting up va-driver-all:amd64 (2.10.0-1) ...
Setting up python3-requests (2.25.1+dfsg-2) ...
Setting up libgd3:amd64 (2.3.0-2) ...
Setting up libpostproc55:amd64 (7:4.3.2-0+deb11u2) ...
Setting up git (1:2.32.0-1) ...
Setting up python3-numpy (1:1.19.5-1) ...
Setting up libwww-robotrules-perl (6.02-1) ...
Setting up sleuthkit (4.10.1+dfsg-1) ...
Setting up g++ (4:10.2.1-1) ...
update-alternatives: using /usr/bin/g++ to provide /usr/bin/c++ (c++) in auto mode
Setting up at-spi2-core (2.38.0-4) ...
Setting up python3-astroid (2.5.1-1) ...
Setting up libhtml-parser-perl:amd64 (3.76-1) ...
Setting up libtheora0:amd64 (1.1.1+dfsg.1-15) ...
Setting up build-essential (12.9) ...
Setting up libswscale5:amd64 (7:4.3.2-0+deb11u2) ...
Setting up libcairo-gobject2:amd64 (1.16.0-5) ...
Setting up libglu1-mesa:amd64 (9.0.1-1) ...
Setting up libpangoft2-1.0-0:amd64 (1.46.2-3) ...
Setting up libvdpau-va-gl1:amd64 (0.4.2-1+b1) ...
Setting up libalgorithm-diff-xs-perl (0.04-6+b1) ...
Setting up libio-socket-ssl-perl (2.069-1) ...
Setting up libgtk-3-common (3.24.24-4) ...
Setting up libpangocairo-1.0-0:amd64 (1.46.2-3) ...
Setting up libc-devtools (2.31-13) ...
Setting up libalgorithm-merge-perl (0.08-3) ...
Setting up libhttp-message-perl (6.29-1) ...
Setting up libhtml-form-perl (6.07-1) ...
Setting up libapache2-mod-php7.4 (7.4.21-1+deb11u1) ...
Package apache2 is not configured yet. Will defer actions by package libapache2-mod-php7.4.

Creating config file /etc/php/7.4/apache2/php.ini with new version
No module matches 
Setting up gsettings-desktop-schemas (3.38.0-2) ...
Setting up libhttp-negotiate-perl (6.01-1) ...
Setting up tk8.6-blt2.5 (2.5.3+dfsg-4.1) ...
Setting up python3-matplotlib (3.3.4-1) ...
Setting up gstreamer1.0-x:amd64 (1.18.4-2) ...
Setting up python3-scipy (1.6.0-2) ...
Setting up freeglut3:amd64 (2.8.1-6) ...
Setting up python3-importlib-metadata (1.6.0-2) ...
Setting up libhttp-cookies-perl (6.10-1) ...
Setting up python3-logilab-common (1.8.1-1) ...
Setting up libhtml-tree-perl (5.07-2) ...
Setting up apache2 (2.4.48-4) ...
Enabling module mpm_event.
Enabling module authz_core.
Enabling module authz_host.
Enabling module authn_core.
Enabling module auth_basic.
Enabling module access_compat.
Enabling module authn_file.
Enabling module authz_user.
Enabling module alias.
Enabling module dir.
Enabling module autoindex.
Enabling module env.
Enabling module mime.
Enabling module negotiation.
Enabling module setenvif.
Enabling module filter.
Enabling module deflate.
Enabling module status.
Enabling module reqtimeout.
Enabling conf charset.
Enabling conf localized-error-pages.
Enabling conf other-vhosts-access-log.
Enabling conf security.
Enabling conf serve-cgi-bin.
Enabling site 000-default.
info: Executing deferred 'a2enconf javascript-common' for package javascript-common
Enabling conf javascript-common.
info: Switch to mpm prefork for package libapache2-mod-php7.4
Module mpm_event disabled.
Enabling module mpm_prefork.
info: Executing deferred 'a2enmod php7.4' for package libapache2-mod-php7.4
Enabling module php7.4.
update-rc.d: As per Kali policy, apache2 init script is left disabled.
invoke-rc.d: could not determine current runlevel
invoke-rc.d: policy-rc.d denied execution of start.
update-rc.d: We have no instructions for the apache-htcacheclean init script.
update-rc.d: It looks like a non-network service, we enable it.
Setting up blt (2.5.3+dfsg-4.1) ...
Setting up python3-docker (4.1.0-1.2) ...
Setting up libqt5gui5:amd64 (5.15.2+dfsg-9) ...
Setting up python3-tk:amd64 (3.9.2-1) ...
Setting up libqt5widgets5:amd64 (5.15.2+dfsg-9) ...
Setting up libhtml-format-perl (2.12-1.1) ...
Setting up libswresample3:amd64 (7:4.3.2-0+deb11u2) ...
Setting up python3-opengl (3.1.5+dfsg-1) ...
Setting up libxml-sax-perl (1.02+dfsg-1) ...
update-perl-sax-parsers: Registering Perl SAX parser XML::SAX::PurePerl with priority 10...
update-perl-sax-parsers: Updating overall Perl SAX parser modules info file...

Creating config file /etc/perl/XML/SAX/ParserDetails.ini with new version
Setting up libqt5help5:amd64 (5.15.2-5) ...
Setting up librsvg2-2:amd64 (2.50.3+dfsg-1) ...
Setting up libqt5printsupport5:amd64 (5.15.2+dfsg-9) ...
Setting up gstreamer1.0-plugins-base:amd64 (1.18.4-2) ...
Setting up php7.4 (7.4.21-1+deb11u1) ...
Setting up libnet-smtp-ssl-perl (1.04-1) ...
Setting up libmailtools-perl (2.21-1) ...
Setting up python3-jsonschema (3.2.0-3) ...
Setting up libshout3:amd64 (2.4.5-1+b1) ...
Setting up librsvg2-common:amd64 (2.50.3+dfsg-1) ...
Setting up libxml-libxml-perl (2.0134+dfsg-2+b1) ...
update-perl-sax-parsers: Registering Perl SAX parser XML::LibXML::SAX::Parser with priority 50...
update-perl-sax-parsers: Registering Perl SAX parser XML::LibXML::SAX with priority 50...
update-perl-sax-parsers: Updating overall Perl SAX parser modules info file...
Replacing config file /etc/perl/XML/SAX/ParserDetails.ini with new version
Setting up vdpau-driver-all:amd64 (1.4-3) ...
Setting up libhttp-daemon-perl (6.12-1) ...
Setting up libqt5opengl5:amd64 (5.15.2+dfsg-9) ...
Setting up libavcodec58:amd64 (7:4.3.2-0+deb11u2) ...
Setting up glib-networking:amd64 (2.66.0-2) ...
Setting up pylint (2.7.2-3) ...
Setting up libchromaprint1:amd64 (1.5.0-2) ...
Setting up php (2:7.4+76) ...
Setting up libsoup2.4-1:amd64 (2.72.0-4) ...
Setting up docker-compose (1.25.0-1) ...
Setting up libqt5designer5:amd64 (5.15.2-5) ...
Setting up libavformat58:amd64 (7:4.3.2-0+deb11u2) ...
Setting up gstreamer1.0-plugins-good:amd64 (1.18.4-2) ...
Setting up libqt5svg5:amd64 (5.15.2-3) ...
Setting up texinfo (6.7.0.dfsg.2-6) ...
Setting up libavfilter7:amd64 (7:4.3.2-0+deb11u2) ...
Setting up libsoup-gnome2.4-1:amd64 (2.72.0-4) ...
Setting up gstreamer1.0-libav:amd64 (1.18.4-3) ...
Setting up python3-pyqt5 (5.15.2+dfsg-3) ...
Setting up librest-0.7-0:amd64 (0.8.1-1.1) ...
Setting up python3-pyqt5.qtopengl (5.15.2+dfsg-3) ...
Setting up libgtk-3-0:amd64 (3.24.24-4) ...
Setting up libgtk-3-bin (3.24.24-4) ...
Setting up libvte-2.91-0:amd64 (0.62.3-1) ...
Setting up qt5-gtk-platformtheme:amd64 (5.15.2+dfsg-9) ...
Setting up pyqt5-dev-tools (5.15.2+dfsg-3) ...
Setting up python3-pyqtgraph (0.12.2-1) ...
Setting up qemu-system-gui:amd64 (1:5.2+dfsg-11) ...
Setting up liblvm2cmd2.03:amd64 (2.03.11-2.1) ...
Setting up rake (13.0.3-1) ...
Setting up dmeventd (2:1.02.175-2.1) ...
Created symlink /etc/systemd/system/sockets.target.wants/dm-event.socket → /lib/systemd/system/dm-event.socket.
Setting up liblwp-protocol-https-perl (6.10-1) ...
Setting up libwww-perl (6.53-1) ...
Setting up libruby2.7:amd64 (2.7.4-1) ...
Setting up lvm2 (2.03.11-2.1) ...
invoke-rc.d: could not determine current runlevel
invoke-rc.d: policy-rc.d denied execution of start.
update-initramfs: deferring update (trigger activated)
update-rc.d: We have no instructions for the lvm2-lvmpolld init script.
update-rc.d: It looks like a non-network service, we enable it.
invoke-rc.d: could not determine current runlevel
invoke-rc.d: policy-rc.d denied execution of start.
Created symlink /etc/systemd/system/sysinit.target.wants/lvm2-lvmpolld.socket → /lib/systemd/system/lvm2-lvmpolld.socket.
Setting up icoutils (0.32.3-3) ...
Setting up ruby2.7-dev:amd64 (2.7.4-1) ...
Setting up libxml-parser-perl:amd64 (2.46-2) ...
Setting up ruby2.7 (2.7.4-1) ...
Setting up ruby-dev:amd64 (1:2.7+2) ...
Setting up libguestfs0:amd64 (1:1.44.1-1) ...
Setting up libxml-xpath-perl (1.44-1) ...
Setting up ruby (1:2.7+2) ...
Setting up libguestfs-xfs:amd64 (1:1.44.1-1) ...
Setting up libxml-sax-expat-perl (0.51-1) ...
update-perl-sax-parsers: Registering Perl SAX parser XML::SAX::Expat with priority 50...
update-perl-sax-parsers: Updating overall Perl SAX parser modules info file...
Replacing config file /etc/perl/XML/SAX/ParserDetails.ini with new version
Setting up libguestfs-perl (1:1.44.1-1) ...
Setting up libguestfs-hfsplus:amd64 (1:1.44.1-1) ...
Setting up ruby-rubygems (3.2.5-2) ...
Setting up libguestfs-reiserfs:amd64 (1:1.44.1-1) ...
Setting up libguestfs-tools (1:1.44.1-1) ...
Setting up virt-p2v (1.42.0-2) ...
Setting up ruby-bundler (2.2.5-2) ...
Setting up bundler (2.2.5-2) ...
Processing triggers for libc-bin (2.31-13) ...
Processing triggers for initramfs-tools (0.140) ...
update-initramfs: Generating /boot/initrd.img-5.10.0-kali9-amd64
I: The initramfs will attempt to resume from /dev/dm-1
I: Set the RESUME variable to override this.
Processing triggers for php7.4-cli (7.4.21-1+deb11u1) ...
Processing triggers for libapache2-mod-php7.4 (7.4.21-1+deb11u1) ...
Processing triggers for libgdk-pixbuf-2.0-0:amd64 (2.42.2+dfsg-1) ...

[0;33m[1mDownloading binutils-2.35.1[0m
[91m--2021-08-20 05:45:31--  https://ftp.gnu.org/gnu/binutils/binutils-2.35.1.tar.gz
[0m[91mResolving ftp.gnu.org (ftp.gnu.org)... [0m[91m209.51.188.20, 2001:470:142:3::b
Connecting to ftp.gnu.org (ftp.gnu.org)|209.51.188.20|:443... [0m[91mconnected.
[0m[91mHTTP request sent, awaiting response... [0m[91m200 OK
Length: 44273403 (42M) [application/x-gzip]
Saving to: 'external/binutils-2.35.1.tar.gz'
[0m[91m
     0K .......... ......[0m[91m.... .......... ..[0m[91m........ ........[0m[91m..  0% 61.5K 11m42s
    50K .......... ....[0m[91m...... ..........[0m[91m .......... ....[0m[91m..[0m[91m....  0%  124K 8m45s
   100K ...[0m[91m.[0m[91m...... .[0m[91m.[0m[91m........ ........[0m[91m.. .......... ..........  0%[0m[91m 41.1K 11m39s
   150K ..[0m[91m........[0m[91m .......... ......[0m[91m.... .......... ..[0m[91m........  0% 61.8K 11m38s
   200K ........[0m[91m.. ........[0m[91m.. ....[0m[91m...... ..........[0m[91m ..........  0% 27.6K 14m30s
   250K ......[0m[91m.... .......... ..[0m[91m........ ........[0m[91m.. ..........  0% 48.4K 14m32s
   300K ....[0m[91m...... ..........[0m[91m .......... ......[0m[91m.... ..........  0% 24.7K 16m35s
   350K ..[0m[91m........ ........[0m[91m.. .......... ....[0m[91m...... ..[0m[91m........  0% 27.5K 17m44s[0m[91m
   400K .......... ......[0m[91m.... .......... ..[0m[91m........ ........[0m[91m..  1% 31.0K 18m18s
   450K .......... ....[0m[91m...... ..........[0m[91m .......... ......[0m[91m....  1% 49.7K 17m53s
   500K .......... ..[0m[91m........ ........[0m[91m.. .......... ....[0m[91m......  1% 49.6K 17m32s
   550K ..........[0m[91m .......... ......[0m[91m.... .......... ..[0m[91m........  1% 62.2K 17m1s
   600K .....[0m[91m...[0m[91m.. .......... ....[0m[91m...... ..........[0m[91m ........[0m[91m..  1% 81.8K 16m21s
   650K ......[0m[91m.... .......... ..[0m[91m........ ........[0m[91m.. ..........  1% 41.3K 16m24s
   700K ....[0m[91m...... ..........[0m[91m .......... ......[0m[91m.... ..........  1% 82.1K 15m52s
   750K ..[0m[91m........ ........[0m[91m.. .......... ....[0m[91m...... ..........  1% 55.9K 15m38s[0m[91m
   800K .......... ......[0m[91m.... .......... ..[0m[91m........ ........[0m[91m..  1% 35.3K 15m53s
   850K .......... ....[0m[91m...... ..........[0m[91m .......... ......[0m[91m....  2% 49.3K 15m47s
   900K ....[0m[91m...... ..[0m[91m........ ........[0m[91m.. .......... ....[0m[91m......  2% 28.4K 16m14s
   950K ..........[0m[91m .......... ......[0m[91m.... .......... ..[0m[91m........  2% 22.5K 16m58s
  1000K ........[0m[91m.. .......... ....[0m[91m...... ..........[0m[91m ..........  2% 49.3K 16m49s
  1050K ......[0m[91m.... .......... ..[0m[91m........ ........[0m[91m.. ..........  2% 41.1K 16m49s
  1100K ....[0m[91m...... ..........[0m[91m .......... ......[0m[91m.... ..........  2% 62.6K 16m33s
  1150K[0m[91m ..[0m[91m........ ........[0m[91m.. .......... ....[0m[91m...... ..........  2% 61.9K 16m19s[0m[91m
  1200K .......... ......[0m[91m.... .......... ..[0m[91m........ ........[0m[91m.[0m[91m.  2% 41.5K 16m19s
  1250K ....[0m[91m..[0m[91m.... ....[0m[91m...... ..........[0m[91m .......... ......[0m[91m....  3% 62.1K 16m6s
  1300K .......... ..[0m[91m........ ........[0m[91m.. .......... ....[0m[91m......  3% 41.1K 16m7s
  1350K ..[0m[91m........[0m[91m .......... ......[0m[91m.... .......... ..[0m[91m........  3% 30.8K 16m20s
  1400K ........[0m[91m.. .......... ....[0m[91m..[0m[91m.[0m[91m... ..........[0m[91m ..........  3% 49.5K 16m14s
  1450K ......[0m[91m.... .......... ..[0m[91m........ ........[0m[91m.. ..........  3% 35.4K 16m20s
  1500K ....[0m[91m...... ..........[0m[91m .......... ......[0m[91m.... ..........  3% 40.7K 16m20s
  1550K ..[0m[91m........ ........[0m[91m.. .......... ....[0m[91m...... ..........  3% 41.3K 16m20s[0m[91m
  1600K .......... ......[0m[91m.... .......... ..[0m[91m........ ........[0m[91m..  3% 47.6K 16m15s
  1650K .......... ....[0m[91m...... ..........[0m[91m .......... ......[0m[91m....  3% 49.2K 16m10s
  1700K ....[0m[91m...... ..[0m[91m........ ........[0m[91m.. .......... ....[0m[91m......  4% 61.7K 16m1s
  1750K ..........[0m[91m .......... ......[0m[91m.... .......... ..[0m[91m........  4% 82.6K 15m47s
  1800K ........[0m[91m.. ......[0m[91m.... ....[0m[91m...... ..........[0m[91m ..........  4% 41.0K 15m47s
  1850K ......[0m[91m.... .......... ..[0m[91m........ ........[0m[91m.. ..........  4% 37.8K 15m50s
  1900K ....[0m[91m...... ..........[0m[91m .......... ......[0m[91m.... ..........  4% 49.2K 15m46s
  1950K ..[0m[91m........ ........[0m[91m.. .......... ....[0m[91m...... ..........  4% 41.2K 15m47s[0m[91m
  2000K .......... ......[0m[91m.... ....[0m[91m...... ..[0m[91m........ ........[0m[91m..  4% 35.4K 15m51s
  2050K .......... ....[0m[91m...... ..........[0m[91m .......... ......[0m[91m....  4% 30.8K 15m59s
  2100K .......... ..[0m[91m........ ........[0m[91m.. .......... ....[0m[91m......  4% 41.4K 15m58s
  2150K ..........[0m[91m .......... ......[0m[91m.... .......... ..[0m[91m........  5% 61.8K 15m50s
  2200K ........[0m[91m.. .......... ....[0m[91m...... ..........[0m[91m ..........  5% 49.4K 15m47s
  2250K ......[0m[91m.... .......... ..[0m[91m........ ........[0m[91m.. ..........  5% 49.7K 15m43s
  2300K ....[0m[91m...... ..........[0m[91m .......... ......[0m[91m.... ..........  5% 49.4K 15m39s
  2350K ..[0m[91m........ ........[0m[91m.. .......... ....[0m[91m...... ..........  5% 49.5K 15m36s[0m[91m
  2400K .......... ......[0m[91m.... .......... ..[0m[91m........ ........[0m[91m..  5% 31.0K 15m42s
  2450K .......... ....[0m[91m...... ..........[0m[91m .......... ......[0m[91m....  5% 62.1K 15m36s
  2500K .......... ..[0m[91m........ .......... ......[0m[91m.... ....[0m[91m......  5% 49.5K 15m32s
  2550K ..........[0m[91m .......... ......[0m[91m.... .......... ..[0m[91m........  6% 35.5K 15m35s
  2600K ........[0m[91m.. .......... ....[0m[91m...... ..........[0m[91m ..........  6% 58.0K 15m30s
  2650K ......[0m[91m.... .......... ..[0m[91m........ ........[0m[91m.. ......[0m[91m....  6% 41.4K 15m29s
  2700K ....[0m[91m...... ..........[0m[91m .......... ......[0m[91m.... ..........  6% 35.1K 15m32s
  2750K ..[0m[91m........ ........[0m[91m.. .......... ....[0m[91m...... ..........  6% 35.5K 15m35s[0m[91m
  2800K .......... ......[0m[91m.... .......... ..[0m[91m........ ....[0m[91m....[0m[91m..  6% 14.3K 16m7s
  2850K .......... ....[0m[91m...... ..........[0m[91m .......... ......[0m[91m....  6% 31.1K 16m11s
  2900K .......... ..[0m[91m........ ........[0m[91m.. .......... ....[0m[91m......  6% 61.7K 16m5s
  2950K ..........[0m[91m .......... ......[0m[91m.... .......... ..[0m[91m........  6% 44.7K 16m3s
  3000K ........[0m[91m.. .......... ....[0m[91m...... ..........[0m[91m ..........  7% 61.8K 15m56s
  3050K ......[0m[91m.... .......... ..[0m[91m........[0m[91m ........[0m[91m.. ..........  7% 38.1K 15m57s
  3100K ....[0m[91m...... ..........[0m[91m .......... ......[0m[91m.... ..........  7% 23.5K 16m7s
  3150K ..[0m[91m........ ........[0m[91m.. .......... ....[0m[91m...... ..........  7% 31.0K 16m11s[0m[91m
  3200K .......... ......[0m[91m.... .......... ..[0m[91m........ ........[0m[91m..  7% 31.0K 16m15s
  3250K .......... ....[0m[91m...... ..........[0m[91m .......... ......[0m[91m....  7% 35.0K 16m16s
  3300K .......... ..[0m[91m........ ........[0m[91m.. .......... ....[0m[91m......  7% 27.4K 16m22s
  3350K ..........[0m[91m .......... ......[0m[91m.... .......... ..[0m[91m........  7% 49.6K 16m18s[0m[91m
  3400K ........[0m[91m.. .......... ....[0m[91m...... ..........[0m[91m ..........  7% 62.4K 16m12s
  3450K ......[0m[91m.... .......... ..[0m[91m........ ........[0m[91m.. ..........  8% 82.7K 16m4s
  3500K ....[0m[91m...... ..........[0m[91m .......... ......[0m[91m.... ..........  8% 82.4K 15m56s
  3550K ..[0m[91m........ ........[0m[91m.. .......... ....[0m[91m...... ..........  8% 77.1K 15m49s[0m[91m
  3600K .......... ......[0m[91m.... .......... ..[0m[91m........ ........[0m[91m..  8% 61.8K 15m43s
  3650K .......... ....[0m[91m...... ..........[0m[91m .......... ......[0m[91m....  8% 82.2K 15m36s
  3700K .......... ..[0m[91m........ ........[0m[91m.. .......... ....[0m[91m......  8% 49.7K 15m33s
  3750K ..........[0m[91m .......... ......[0m[91m.... .......... ..[0m[91m........  8% 82.4K 15m26s
  3800K ........[0m[91m.. .......... ....[0m[91m...... ..........[0m[91m ..........  8% 82.4K 15m19s
  3850K ....[0m[91m..[0m[91m.... .......... ..[0m[91m........ ........[0m[91m.. ..........  9% 62.0K 15m14s
  3900K ....[0m[91m...... ..........[0m[91m .......... ......[0m[91m.... ..........  9%  124K 15m5s
  3950K ..[0m[91m........ .......... ......[0m[91m.... ....[0m[91m...... ..........  9% 61.9K 15m1s[0m[91m
  4000K .......... ......[0m[91m.... .......... ..[0m[91m........ ........[0m[91m..  9% 81.4K 14m54s
  4050K .......... ..[0m[91m..[0m[91m...... ..........[0m[91m .......... ......[0m[91m....[0m[91m  9% 61.1K 14m50s
  4100K .......... ..[0m[91m........ ........[0m[91m.. ......[0m[91m.... ....[0m[91m......  9% 61.5K 14m46s
  4150K ..........[0m[91m .......... ......[0m[91m.... .......... ..[0m[91m........  9% 79.1K 14m40s
  4200K ........[0m[91m.. ......[0m[91m.... ....[0m[91m...... ..........[0m[91m ..........  9%  111K 14m33s
  4250K ......[0m[91m.... .......... ..[0m[91m........ ........[0m[91m.. ..........  9% 68.1K 14m28s
  4300K ....[0m[91m...... ..........[0m[91m .......... .......... .......... 10% 78.8K 14m23s
  4350K [0m[91m..[0m[91m........ ........[0m[91m.. .......... ....[0m[91m...... .......... 10% 76.6K 14m18s[0m[91m
  4400K .......... ......[0m[91m.... .......... ..[0m[91m........ ........[0m[91m.. 10% 61.4K 14m14s
  4450K .......... ....[0m[91m...... ..........[0m[91m .......... ......[0m[91m.... 10% 82.6K 14m9s
  4500K .......... ..[0m[91m........ ........[0m[91m.. .......... ....[0m[91m...... 10% 90.0K 14m3s
  4550K ..........[0m[91m .......... ......[0m[91m.... .......... ..[0m[91m........ 10% 66.2K 13m59s
  4600K ........[0m[91m.. .......... ....[0m[91m...... ..[0m[91m........[0m[91m .......... 10%  112K 13m53s
  4650K ......[0m[91m.... .......... ..[0m[91m........ ........[0m[91m.. .......... 10% 35.3K 13m54s
  4700K ....[0m[91m...... ..........[0m[91m .......... ......[0m[91m.... .......... 10%  246K 13m46s
  4750K ..[0m[91m........ ........[0m[91m.. .......... ....[0m[91m...... .......... 11%  126K 13m40s[0m[91m
  4800K ........[0m[91m.. ......[0m[91m.... .......... ..[0m[91m........ ........[0m[91m.. 11% 62.1K 13m37s
  4850K .......... ....[0m[91m...... ..........[0m[91m .......... ......[0m[91m.... 11% 62.4K 13m33s
  4900K .......... ..[0m[91m........ ........[0m[91m.. .......... ....[0m[91m...... 11% 82.4K 13m29s
  4950K ..........[0m[91m .......... ......[0m[91m.... .......... ..[0m[91m........ 11% 49.6K 13m27s
  5000K ........[0m[91m.. .......... ....[0m[91m...... ..........[0m[91m .......... 11% 41.4K 13m28s
  5050K ......[0m[91m.... .......... ..[0m[91m........ ........[0m[91m.. .......... 11% 49.6K 13m26s
  5100K ....[0m[91m...... ..........[0m[91m .......... ......[0m[91m.... .......... 11% 45.4K 13m25s
  5150K ..[0m[91m........ ........[0m[91m.. .......... ....[0m[91m...... .......... 12% 62.1K 13m22s[0m[91m
  5200K .......... ......[0m[91m.... .......... ..[0m[91m........ ........[0m[91m.. 12% 62.4K 13m20s
  5250K .......... ....[0m[91m...... ........[0m[91m.. ......[0m[91m.... .....[0m[91m.[0m[91m.... 12% 62.5K 13m17s
  5300K .......... ..[0m[91m........ ........[0m[91m.. .......... ....[0m[91m...... 12% 61.7K 13m14s
  5350K ..........[0m[91m .......... ......[0m[91m.... .......... ..[0m[91m........ 12% 83.3K 13m10s
  5400K ........[0m[91m.. .......... .......... ..[0m[91m........[0m[91m .......... 12% 83.3K 13m6s
  5450K ......[0m[91m.... .......... ..[0m[91m........ ........[0m[91m.. .......... 12% 82.1K 13m2s
  5500K ....[0m[91m...... ..........[0m[91m .......... ......[0m[91m.... .......... 12% 61.5K 12m59s
  5550K ..[0m[91m........ ........[0m[91m.. .......... ....[0m[91m...... .......... 12% 49.7K 12m58s[0m[91m
  5600K .......... ......[0m[91m.... .......... ..[0m[91m........[0m[91m ........[0m[91m.. 13% 41.6K 12m58s
  5650K .......... ....[0m[91m...... ..........[0m[91m .......... ......[0m[91m.... 13% 49.6K 12m57s
  5700K .......... ..[0m[91m........ ........[0m[91m.. .......... ....[0m[91m...... 13% 49.4K 12m56s
  5750K ..........[0m[91m .......... ......[0m[91m.... .......... ..[0m[91m........ 13% 50.1K 12m54s
  5800K ........[0m[91m.. .......... ....[0m[91m...... ..........[0m[91m .......... 13% 62.4K 12m52s
  5850K ......[0m[91m.... .......... ..[0m[91m........ ........[0m[91m.. .......... 13% 83.0K 12m48s
  5900K ....[0m[91m...... ..........[0m[91m .......... ......[0m[91m.... .......... 13% 82.1K 12m44s
  5950K ..[0m[91m........ ........[0m[91m.. .......... ....[0m[91m...... .......... 13% 62.0K 12m42s[0m[91m
  6000K .......... ......[0m[91m.... .......... ..[0m[91m........ ........[0m[91m.. 13% 41.4K 12m42s
  6050K .......... ....[0m[91m...... ..........[0m[91m .......... ......[0m[91m.... 14% 41.3K 12m42s
  6100K .......... ..[0m[91m........ ........[0m[91m.. .......... ....[0m[91m...... 14% 41.1K 12m42s
  6150K ..........[0m[91m .......... ......[0m[91m.... .......... ..[0m[91m........ 14% 41.3K 12m42s
  6200K ........[0m[91m.. .......... ....[0m[91m...... ..........[0m[91m .......... 14% 62.4K 12m40s
  6250K ......[0m[91m.... .......... ..[0m[91m........ ........[0m[91m.. .......... 14% 41.3K 12m40s
  6300K ....[0m[91m...... ..........[0m[91m .......... ......[0m[91m.... .......... 14% 31.2K 12m42s
  6350K ..[0m[91m........ ........[0m[91m.. .......... ....[0m[91m...... .......... 14% 83.3K 12m39s[0m[91m
  6400K ..........[0m[91m ......[0m[91m.[0m[91m... ....[0m[91m...... ..[0m[91m........ ........[0m[91m.. 14% 49.6K 12m38s
  6450K .......... ....[0m[91m...... ..........[0m[91m .......... ......[0m[91m.... 15% 83.2K 12m34s
  6500K .......... ..[0m[91m........ ........[0m[91m.. .......... ....[0m[91m...... 15% 49.6K 12m33s
  6550K ..........[0m[91m .......... ......[0m[91m.... .......... ..[0m[91m........ 15%  111K 12m29s
  6600K ........[0m[91m.. .......... .......... ..[0m[91m........[0m[91m .......... 15% 67.5K 12m26s
  6650K ......[0m[91m.... .......... ..[0m[91m........ ........[0m[91m.. .......... 15%  106K 12m22s
  6700K ....[0m[91m...... ..........[0m[91m .......... .......... ....[0m[91m...... 15%[0m[91m 65.1K 12m20s
  6750K ..[0m[91m........ ........[0m[91m.. .......... ....[0m[91m...... .......... 15% 83.0K 12m17s[0m[91m
  6800K .......... ......[0m[91m.... .......... ..[0m[91m........[0m[91m ........[0m[91m.. 15% 61.6K 12m15s
  6850K .......... ....[0m[91m...... ..........[0m[91m .......... ......[0m[91m.... 15% 82.7K 12m12s
  6900K .......... ..[0m[91m........ ........[0m[91m.. .......... ....[0m[91m...... 16% 82.3K 12m8s
  6950K ..........[0m[91m .......... ......[0m[91m.... .......... ..[0m[91m........ 16%  114K 12m5s
  7000K ........[0m[91m.. .......... ....[0m[91m...... ..........[0m[91m .......... 16% 82.2K 12m2s
  7050K ......[0m[91m.... .......... ..[0m[91m........ ...[0m[91m.....[0m[91m.. .......... 16% 49.5K 12m1s
  7100K ....[0m[91m...... ..........[0m[91m .......... ......[0m[91m.... .......... 16% 82.5K 11m58s
  7150K ..[0m[91m........ ........[0m[91m.. .......... ....[0m[91m...... .......... 16%  125K 11m54s[0m[91m
  7200K .......... ......[0m[91m.... .......... ..[0m[91m........ ........[0m[91m.. 16% 61.6K 11m52s
  7250K .......... ....[0m[91m...... ..........[0m[91m .......... ......[0m[91m.... 16% 82.2K 11m49s
  7300K .......... ..[0m[91m........ ........[0m[91m.. .......... ....[0m[91m...... 16% 55.6K 11m48s
  7350K ..........[0m[91m .......... ......[0m[91m.... .......... ..[0m[91m........ 17% 37.8K 11m48s
  7400K ........[0m[91m.. .......... ....[0m[91m...... ..........[0m[91m .......... 17% 41.5K 11m48s
  7450K ......[0m[91m.... .......... ..[0m[91m........ ........[0m[91m.. .......... 17% 62.2K 11m46s
  7500K ....[0m[91m...... ..........[0m[91m .......... ......[0m[91m.... .......... 17% 82.5K 11m44s
  7550K ..[0m[91m........ ........[0m[91m.. .......... .......... ..[0m[91m........ 17% 79.0K 11m41s[0m[91m
  7600K .......... ......[0m[91m.... ........[0m[91m.. ..[0m[91m........ ........[0m[91m.. 17% 41.4K 11m41s
  7650K .......... ....[0m[91m...... ..........[0m[91m .......... ......[0m[91m.... 17% 41.3K 11m41s
  7700K .......... ..[0m[91m........ ........[0m[91m.. .......... ....[0m[91m...... 17% 35.3K 11m42s
  7750K ..........[0m[91m .......... ......[0m[91m.... .......... ..[0m[91m........ 18% 47.6K 11m41s
  7800K ........[0m[91m.. .......... ....[0m[91m...... ..........[0m[91m .......... 18% 25.5K 11m45s
  7850K ......[0m[91m.... .......... ..[0m[91m........ ........[0m[91m.. .......... 18% 35.3K 11m46s
  7900K ....[0m[91m...... ..........[0m[91m .......... ......[0m[91m.... .......... 18% 35.6K 11m46s
  7950K ..[0m[91m........ ........[0m[91m.. .......... ....[0m[91m...... .......... 18% 62.2K 11m45s[0m[91m
  8000K .......... ......[0m[91m.... .......... ..[0m[91m........ ........[0m[91m.. 18% 31.1K 11m46s
  8050K .......... ....[0m[91m...... ..........[0m[91m .......... ......[0m[91m.... 18% 55.1K 11m45s
  8100K ....[0m[91m...... ..[0m[91m........ ........[0m[91m.. .......... ....[0m[91m...... 18% 67.3K 11m43s
  8150K ..........[0m[91m .......... ......[0m[91m.... .......... ..[0m[91m........ 18% 74.8K 11m40s
  8200K ........[0m[91m.. .......... ....[0m[91m...... ..........[0m[91m .......... 19% 83.2K 11m38s
  8250K ......[0m[91m.... .......... ..[0m[91m........ ........[0m[91m.. .......... 19% 82.4K 11m35s
  8300K ....[0m[91m...... .......... ........[0m[91m.. ......[0m[91m.... .......... 19% 61.9K 11m33s
  8350K ..[0m[91m........ ........[0m[91m.. .......... ....[0m[91m...... .......... 19% 41.4K 11m33s[0m[91m
  8400K .......... ......[0m[91m.... .......... ..[0m[91m........[0m[91m ........[0m[91m.. 19% 24.9K 11m36s
  8450K .......... ....[0m[91m...... ..........[0m[91m .......... ......[0m[91m.... 19% 24.6K 11m39s
  8500K .......... ..[0m[91m........ ........[0m[91m.. .......... ....[0m[91m...... 19% 49.7K 11m38s
  8550K ..[0m[91m........[0m[91m .......... ......[0m[91m.... .......... ..[0m[91m........ 19% 24.7K 11m41s[0m[91m
  8600K ........[0m[91m.. .......... ....[0m[91m...... ..........[0m[91m .......... 20% 20.6K 11m46s
  8650K ......[0m[91m.... .......... ..[0m[91m........ ........[0m[91m.. .......... 20% 30.9K 11m47s
  8700K ....[0m[91m...... ..........[0m[91m .......... ......[0m[91m.... .......... 20% 30.8K 11m49s
  8750K ..[0m[91m........ ........[0m[91m.. .......... ....[0m[91m...... .......... 20% 35.3K 11m49s[0m[91m
  8800K .......... ......[0m[91m.... .......... ..[0m[91m........ ........[0m[91m.. 20% 35.3K 11m50s
  8850K .......... ....[0m[91m...... ..........[0m[91m .......... ......[0m[91m.... 20%[0m[91m 61.9K 11m48s
  8900K ....[0m[91m...[0m[91m... ..[0m[91m........ ........[0m[91m.. .......... ....[0m[91m...... 20% 22.5K 11m51s
  8950K ..........[0m[91m .......... ......[0m[91m.... .......... ..[0m[91m........ 20% 49.2K 11m50s
  9000K ........[0m[91m.. .......... ....[0m[91m...... ..........[0m[91m .......... 20% 41.2K 11m50s
  9050K ......[0m[91m.... .......... ..[0m[91m........ ........[0m[91m.. ......[0m[91m.... 21% 30.8K 11m51s
  9100K ....[0m[91m...... ..........[0m[91m .......... ......[0m[91m.... .......... 21% 35.5K 11m51s
  9150K ..[0m[91m........ ........[0m[91m.. .......... ....[0m[91m...... ..[0m[91m........ 21% 49.4K 11m50s[0m[91m
  9200K .......... ......[0m[91m.... .......... ..[0m[91m........ ........[0m[91m.. 21% 26.9K 11m52s
  9250K .......... ....[0m[91m...... ..........[0m[91m .......... ......[0m[91m.... 21% 62.1K 11m50s
  9300K .......... ..[0m[91m........ ........[0m[91m.. .......... ....[0m[91m...... 21% 49.3K 11m49s
  9350K ..........[0m[91m .......... ......[0m[91m.... .......... ..[0m[91m........ 21% 26.9K 11m51s
  9400K ........[0m[91m.. .......... ....[0m[91m...... ..........[0m[91m .......... 21% 24.7K 11m53s
  9450K ......[0m[91m.... .......... ..[0m[91m........ ........[0m[91m.. .......... 21% 20.6K 11m57s
  9500K ....[0m[91m...... ..........[0m[91m .......... ......[0m[91m.... .......... 22% 22.4K 12m0s
  9550K ..[0m[91m........ ........[0m[91m.. .......... ....[0m[91m...... .......... 22% 22.1K 12m3s[0m[91m
  9600K .......... ......[0m[91m.... ....[0m[91m...... ..[0m[91m........ ........[0m[91m.. 22% 16.5K 12m9s
  9650K .......... ....[0m[91m...... ..........[0m[91m .......... ......[0m[91m.... 22% 27.5K 12m11s
  9700K .......... ..[0m[91m........ ........[0m[91m.. .......... ....[0m[91m...... 22% 30.8K 12m11s
  9750K ..........[0m[91m .......... ......[0m[91m.... .......... ..[0m[91m........ 22% 49.8K 12m10s
  9800K ........[0m[91m.. .......... ....[0m[91m...... ..........[0m[91m .......... 22% 59.0K 12m8s
  9850K ......[0m[91m.... .......... ..[0m[91m........ ........[0m[91m.. .......... 22% 49.2K 12m7s
  9900K ....[0m[91m...... ..........[0m[91m .......... ......[0m[91m.... .......... 23% 62.1K 12m5s
  9950K ..[0m[91m........ ........[0m[91m.. .......... ....[0m[91m...... .......... 23% 50.7K 12m3s[0m[91m
 10000K .......... ......[0m[91m.... .......... ..[0m[91m........ ........[0m[91m.. 23% 41.2K 12m3s
 10050K .......... ....[0m[91m...... ..........[0m[91m .......... ......[0m[91m.... 23% 49.9K 12m1s
 10100K .......... ..[0m[91m........ ........[0m[91m.. ......[0m[91m.... ....[0m[91m...... 23% 61.5K 11m59s
 10150K ..........[0m[91m .......... ......[0m[91m.... .......... ..[0m[91m........ 23% 62.5K 11m57s
 10200K ........[0m[91m.. ......[0m[91m.... ....[0m[91m...... ..........[0m[91m .......... 23% 82.3K 11m55s
 10250K ......[0m[91m.... .......... ..[0m[91m........ ........[0m[91m.. .......... 23% 83.4K 11m52s
 10300K ....[0m[91m...... ..........[0m[91m .......... ......[0m[91m.... .......... 23%[0m[91m 46.5K 11m51s
 10350K ..[0m[91m........[0m[91m ........[0m[91m.. .......... ....[0m[91m...... .......... 24% 82.2K 11m48s[0m[91m
 10400K .......... ......[0m[91m.... ........[0m[91m.. ..[0m[91m........ ........[0m[91m.. 24% 49.6K 11m47s
 10450K .......... ....[0m[91m...... ..........[0m[91m .......... ......[0m[91m.... 24% 49.7K 11m46s
 10500K .......... ..[0m[91m........ ........[0m[91m.. .......... ....[0m[91m...... 24% 82.7K 11m43s
 10550K ..........[0m[91m .......... ......[0m[91m.... ....[0m[91m...... ..[0m[91m........ 24% 62.1K 11m41s
 10600K ........[0m[91m.. .......... ....[0m[91m...... ..........[0m[91m [0m[91m........[0m[91m.. 24% 82.2K 11m39s
 10650K ......[0m[91m.... ....[0m[91m...... ..[0m[91m........[0m[91m ........[0m[91m.. .......... 24% 80.8K 11m36s
 10700K ....[0m[91m...... ..........[0m[91m .......... ......[0m[91m.... .......... 24% 49.8K 11m35s
 10750K ..[0m[91m........ ........[0m[91m.. .......... ....[0m[91m...... .......... 24% 41.2K 11m34s[0m[91m
 10800K .......... ......[0m[91m.... .......... ..[0m[91m........ ........[0m[91m.. 25% 30.6K 11m35s
 10850K ......[0m[91m.... ....[0m[91m...... ..........[0m[91m .......... ......[0m[91m.... 25% 40.7K 11m34s
 10900K .......... ..[0m[91m........ ........[0m[91m.. .......... ....[0m[91m...... 25% 35.5K 11m34s
 10950K ..........[0m[91m .......... ......[0m[91m.... .......... ..[0m[91m........ 25% 41.3K 11m34s
 11000K ........[0m[91m.. .......... ....[0m[91m...... ..........[0m[91m .......... 25% 22.4K 11m36s
 11050K ......[0m[91m.... .......... ..[0m[91m........ ........[0m[91m.. .......... 25% 49.5K 11m35s
 11100K ....[0m[91m...... ..........[0m[91m .......... ......[0m[91m.... .......... 25% 41.3K 11m34s
 11150K ..[0m[91m........ ........[0m[91m.. .......... ....[0m[91m...... .......... 25% 59.3K 11m32s[0m[91m
 11200K .......... ......[0m[91m.... .......... ..[0m[91m........ ........[0m[91m.. 26% 35.3K 11m32s
 11250K .......... ....[0m[91m...... ..........[0m[91m .......... ......[0m[91m.... 26% 43.4K 11m31s
 11300K .......... ..[0m[91m........ ........[0m[91m.. .......... ....[0m[91m...... 26% 47.2K 11m30s
 11350K ..........[0m[91m .......... ......[0m[91m.... .......... ..[0m[91m........ 26% 41.2K 11m29s
 11400K ........[0m[91m.. .......... ....[0m[91m...... ..........[0m[91m .......... 26% 61.3K 11m27s
 11450K ......[0m[91m.... .......... ..[0m[91m........ ........[0m[91m.. .......... 26% 49.5K 11m26s
 11500K ....[0m[91m...... ..........[0m[91m .......... ......[0m[91m.... .......... 26% 41.3K 11m25s
 11550K ..[0m[91m........ ........[0m[91m.. .......... ....[0m[91m...... .......... 26% 83.0K 11m23s[0m[91m
 11600K .......... ......[0m[91m.... .......... ..[0m[91m........ ........[0m[91m.. 26% 49.5K 11m22s
 11650K .......... ....[0m[91m...... ..........[0m[91m .......... ......[0m[91m.... 27% 61.9K 11m20s
 11700K .......... ..[0m[91m........ ........[0m[91m.. .......... ....[0m[91m...... 27%  124K 11m17s
 11750K ..[0m[91m........[0m[91m .......... ......[0m[91m.... .......... ..[0m[91m........ 27% 47.5K 11m16s
 11800K ........[0m[91m.. .......... ....[0m[91m...... ..........[0m[91m .......... 27% 83.0K 11m14s
 11850K ......[0m[91m.... .......... ..[0m[91m........ ........[0m[91m.. .......... 27% 83.0K 11m11s
 11900K ....[0m[91m...... ..........[0m[91m .......... ......[0m[91m.... .......... 27% 61.3K 11m10s
 11950K ..[0m[91m........ ........[0m[91m.. .......... ....[0m[91m...... .......... 27% 83.5K 11m7s[0m[91m
 12000K .......... .......... ....[0m[91m...... ..[0m[91m........ ........[0m[91m.. 27% 61.7K 11m6s
 12050K .......... ....[0m[91m...... .......... ........[0m[91m.. ......[0m[91m.... 27% 82.9K 11m3s
 12100K .......... ..[0m[91m........ ........[0m[91m.. .......... ....[0m[91m...... 28% 82.5K 11m1s
 12150K ..........[0m[91m .......... ......[0m[91m.... .......... ..[0m[91m........ 28% 82.4K 10m59s[0m[91m
 12200K ........[0m[91m.. .......... ....[0m[91m...... ..........[0m[91m .......... 28% 61.8K 10m57s
 12250K ......[0m[91m.... .......... ..[0m[91m........ ........[0m[91m.. .......... 28% 62.0K 10m55s
 12300K ....[0m[91m...... .......... ........[0m[91m.. ......[0m[91m.... .......... 28% 41.4K 10m55s
 12350K ..........[0m[91m ........[0m[91m.. .......... ....[0m[91m...... .......... 28% 61.9K 10m53s[0m[91m
 12400K .......... ......[0m[91m.... .......... ..[0m[91m........ ........[0m[91m.. 28% 50.2K 10m52s
 12450K .......... ....[0m[91m...... ..........[0m[91m .......... ......[0m[91m.... 28% 41.4K 10m51s
 12500K .......... ..[0m[91m........ ........[0m[91m.. .......... ....[0m[91m...... 29% 49.4K 10m50s
 12550K ..........[0m[91m .......... ......[0m[91m.... .......... ..[0m[91m........ 29% 35.4K 10m50s
 12600K ........[0m[91m.. .......... ....[0m[91m...... ..........[0m[91m .......... 29% 61.9K 10m48s
 12650K ......[0m[91m.... .......... ..[0m[91m........ ........[0m[91m.. .......... 29% 82.9K 10m46s
 12700K ....[0m[91m...... ..........[0m[91m .......... ......[0m[91m.... .......... 29% 82.5K 10m44s
 12750K ..[0m[91m........ ........[0m[91m.. .......... ....[0m[91m...... .......... 29% 82.8K 10m42s[0m[91m
 12800K .......... ......[0m[91m.... .......... ..[0m[91m........ ........[0m[91m.. 29% 82.1K 10m40s
 12850K ......[0m[91m.... ....[0m[91m...... ..........[0m[91m .......... ......[0m[91m.... 29% 49.5K 10m38s
 12900K .......... ..[0m[91m........ ........[0m[91m.. .......... ....[0m[91m...... 29% 49.6K 10m37s
 12950K ..........[0m[91m .......... ......[0m[91m.... .......... ..[0m[91m........ 30% 43.7K 10m36s
 13000K ........[0m[91m.. .......... ....[0m[91m...... ..........[0m[91m .......... 30% 57.0K 10m35s
 13050K ......[0m[91m.... .......... ..[0m[91m........ ........[0m[91m.. .......... 30% 68.6K 10m33s
 13100K ....[0m[91m...... ..........[0m[91m .......... ......[0m[91m.... .......... 30% 74.1K 10m31s
 13150K ..[0m[91m........ ........[0m[91m.. .......... ....[0m[91m...... .......... 30% 82.3K 10m29s[0m[91m
 13200K .......... ......[0m[91m.... .......... ..[0m[91m........ ........[0m[91m.. 30% 62.0K 10m28s
 13250K .......... ....[0m[91m...... ..........[0m[91m .......... ......[0m[91m.... 30% 95.5K 10m25s
 13300K .......... ..[0m[91m........ ........[0m[91m.[0m[91m. ..........[0m[91m ....[0m[91m...... 30% 94.3K 10m23s
 13350K ..........[0m[91m .......... ......[0m[91m.... .......... ..[0m[91m........ 30% 81.9K 10m21s
 13400K ........[0m[91m.. .......... ....[0m[91m...... ..........[0m[91m .......... 31% 75.5K 10m19s
 13450K ......[0m[91m.... .......... ..[0m[91m........ ........[0m[91m.. .......... 31% 49.5K 10m18s
 13500K ....[0m[91m...... ..........[0m[91m .......... ......[0m[91m.... .......... 31% 37.6K 10m18s
 13550K ..[0m[91m........ ........[0m[91m.. .......... ....[0m[91m...... .......... 31% 28.5K 10m18s[0m[91m
 13600K .......... ......[0m[91m.... .......... ..[0m[91m........ ........[0m[91m.. 31% 33.4K 10m18s
 13650K .......... ....[0m[91m...... ..........[0m[91m .......... ......[0m[91m.... 31% 70.2K 10m16s
 13700K .......... ..[0m[91m........ ........[0m[91m.. .......... ....[0m[91m...... 31% 72.3K 10m15s
 13750K ..........[0m[91m .......... ......[0m[91m.... .......... ..[0m[91m........ 31% 60.6K 10m13s
 13800K ........[0m[91m.. .......... ....[0m[91m...... ..........[0m[91m .......... 32% 49.0K 10m12s
 13850K ......[0m[91m.... .......... ..[0m[91m........ ........[0m[91m.. .......... 32% 41.2K 10m11s
 13900K ....[0m[91m...... ..[0m[91m........[0m[91m .......... ......[0m[91m.... .......... 32% 41.1K 10m11s
 13950K ..[0m[91m........ ........[0m[91m.. .......... ....[0m[91m...... .......... 32%[0m[91m 49.2K 10m10s[0m[91m
 14000K .......... ......[0m[91m.... .......... ..[0m[91m........ ........[0m[91m.. 32% 35.2K 10m9s
 14050K .......... ....[0m[91m...... ..........[0m[91m .......... ......[0m[91m.... 32% 41.4K 10m9s
 14100K .......... ..[0m[91m........ ........[0m[91m.. .......... ....[0m[91m...... 32% 41.2K 10m8s
 14150K ..........[0m[91m .......... ......[0m[91m.... .......... ..[0m[91m........ 32% 35.5K 10m8s
 14200K ........[0m[91m.. .......... ....[0m[91m...... ..........[0m[91m .......... 32% 35.5K 10m7s
 14250K ......[0m[91m.... .......... ..[0m[91m........ ........[0m[91m.. .......... 33% 49.6K 10m6s
 14300K ....[0m[91m...... ..........[0m[91m .......... ......[0m[91m.... ....[0m[91m...... 33% 41.6K 10m5s
 14350K ..[0m[91m.[0m[91m....... ........[0m[91m.. .......... ....[0m[91m...... .......... 33% 59.8K 10m4s[0m[91m
 14400K .......... ......[0m[91m.... .......... ..[0m[91m........ ........[0m[91m.. 33% 50.0K 10m3s
 14450K .......... ....[0m[91m...... ..........[0m[91m .......... ......[0m[91m.... 33% 82.6K 10m1s
 14500K .......... ..[0m[91m........ ........[0m[91m.. .......... ....[0m[91m...... 33%[0m[91m 83.1K 9m59s
 14550K ..........[0m[91m .......... ......[0m[91m.... .......... ..[0m[91m........ 33%  109K 9m57s
 14600K ........[0m[91m.. .......... ....[0m[91m...... ..........[0m[91m .......... 33% 92.3K 9m55s
 14650K ......[0m[91m.... ....[0m[91m...... ..[0m[91m........ ........[0m[91m.. .......... 33% 51.7K 9m54s
 14700K .......... ..[0m[91m........[0m[91m .......... ......[0m[91m.... .......... 34%  122K 9m51s
 14750K ..[0m[91m........ ........[0m[91m.. .......... ....[0m[91m...... .......... 34% 77.9K 9m50s[0m[91m
 14800K .......... ......[0m[91m.... .......... ..[0m[91m........ ........[0m[91m.. 34% 37.6K 9m49s
 14850K .......... ....[0m[91m...... ..........[0m[91m .......... ......[0m[91m.... 34% 43.2K 9m48s
 14900K .......... ..[0m[91m........ ........[0m[91m.. .......... ....[0m[91m...... 34% 31.2K 9m48s
 14950K ..[0m[91m........[0m[91m .......... ......[0m[91m.... .......... ..[0m[91m........ 34% 38.8K 9m48s
 15000K ........[0m[91m.. .......... ....[0m[91m...... ..........[0m[91m .......... 34% 49.6K 9m47s
 15050K ......[0m[91m.... .......... ..[0m[91m........ ........[0m[91m.. .......... 34% 62.1K 9m45s
 15100K ....[0m[91m...... ..........[0m[91m .......... ......[0m[91m.... .......... 35% 49.7K 9m44s
 15150K ..[0m[91m........ ........[0m[91m.[0m[91m. .......... ....[0m[91m...... .......... 35% 62.2K 9m43s[0m[91m
 15200K .......... ......[0m[91m.... .......... ..[0m[91m........ ........[0m[91m.. 35% 49.7K 9m41s
 15250K .......... ....[0m[91m...... ..........[0m[91m .......... .......... 35%  125K 9m39s
 15300K .......... ..[0m[91m........ ........[0m[91m.. .......... ....[0m[91m...... 35% 83.4K 9m37s
 15350K ..........[0m[91m .......... ......[0m[91m.... .......... ..[0m[91m........ 35% 82.4K 9m36s
 15400K ........[0m[91m.. .......... ....[0m[91m...... ..........[0m[91m .......... 35%  124K 9m33s
 15450K ......[0m[91m.... .......... ..[0m[91m........ ........[0m[91m.. .......... 35% 82.7K 9m32s
 15500K ....[0m[91m...... ..........[0m[91m .......... ......[0m[91m.... .......... 35%  124K 9m30s
 15550K ..[0m[91m........ ........[0m[91m.. .......... ....[0m[91m...... .......... 36% 83.0K 9m28s[0m[91m
 15600K .......... ......[0m[91m.... .......... ..[0m[91m........ ........[0m[91m.. 36% 65.8K 9m26s
 15650K .......... ....[0m[91m...... ..........[0m[91m .......... ......[0m[91m.... 36%  105K 9m24s
 15700K .......... ..[0m[91m........ ........[0m[91m.. .......... ....[0m[91m...... 36% 83.1K 9m23s
 15750K ..........[0m[91m .......... ......[0m[91m.... ....[0m[91m...... ..[0m[91m........ 36% 77.7K 9m21s
 15800K ........[0m[91m.. .......... ....[0m[91m...... ..........[0m[91m .......... 36% 83.3K 9m19s
 15850K ......[0m[91m.... .......... ..[0m[91m........ ........[0m[91m.. .......... 36% 49.5K 9m18s
 15900K ....[0m[91m...... ..........[0m[91m .......... ......[0m[91m.... .......... 36% 42.6K 9m17s
 15950K ..[0m[91m........ ........[0m[91m.. .......... ....[0m[91m...... .......... 37% 48.0K 9m16s[0m[91m
 16000K .......... ......[0m[91m.... .......... ..[0m[91m........ ........[0m[91m.. 37% 24.3K 9m17s
 16050K .......... ....[0m[91m...... ..........[0m[91m .......... ......[0m[91m.... 37% 41.2K 9m16s
 16100K .......... ..[0m[91m........ ........[0m[91m.. .......... ....[0m[91m...... 37% 24.9K 9m17s
 16150K ..........[0m[91m .......... ......[0m[91m.... .......... ..[0m[91m........ 37% 41.3K 9m16s
 16200K ........[0m[91m.. .......... ....[0m[91m...... ..........[0m[91m .......... 37% 41.4K 9m15s
 16250K ......[0m[91m.... .......... ..[0m[91m........ ........[0m[91m.. .......... 37% 61.9K 9m14s
 16300K ....[0m[91m...... ..........[0m[91m .......... ......[0m[91m.... .......... 37% 62.6K 9m13s
 16350K ..[0m[91m........ ........[0m[91m.. .......... ....[0m[91m...... .......... 37% 22.0K 9m14s[0m[91m
 16400K .......... ......[0m[91m.... .......... .......... ........[0m[91m.. 38% 41.3K 9m13s
 16450K .......... ....[0m[91m...... ..........[0m[91m .......... ......[0m[91m.... 38% 27.5K 9m13s
 16500K .......... ..[0m[91m........ ........[0m[91m.. .......... ....[0m[91m...... 38% 22.5K 9m14s
 16550K ..........[0m[91m .......... ......[0m[91m.... .......... ..[0m[91m........ 38% 27.5K 9m14s
 16600K ........[0m[91m.. .......... ....[0m[91m...... ..........[0m[91m .......... 38% 22.6K 9m15s
 16650K ......[0m[91m.... ....[0m[91m...... ..[0m[91m........ ........[0m[91m.. .......... 38% 37.5K 9m15s
 16700K ....[0m[91m...... ..........[0m[91m .......... ......[0m[91m.... .......... 38% 22.6K 9m15s
 16750K ..[0m[91m........ ........[0m[91m.. .......... ....[0m[91m...... .......... 38% 49.8K 9m14s[0m[91m
 16800K .......... ......[0m[91m.... .......... ..[0m[91m........ ........[0m[91m.. 38% 41.4K 9m13s
 16850K .......... ....[0m[91m...... ..........[0m[91m .......... ......[0m[91m.... 39% 41.6K 9m13s
 16900K .......... ..[0m[91m........ ........[0m[91m.. .......... ....[0m[91m...... 39% 63.1K 9m11s
 16950K ..........[0m[91m .......... ......[0m[91m.... .......... ..[0m[91m........ 39% 82.8K 9m9s
 17000K ........[0m[91m.. .......... ....[0m[91m...... ..........[0m[91m .......... 39% 41.3K 9m9s
 17050K ......[0m[91m.... .......... ..[0m[91m........ ........[0m[91m.. .......... 39% 82.6K 9m7s
 17100K ....[0m[91m...... ..........[0m[91m .......... ......[0m[91m.... .......... 39% 77.8K 9m5s
 17150K ..[0m[91m........ ........[0m[91m.. .......... ....[0m[91m...... .......... 39% 61.8K 9m4s[0m[91m
 17200K .......... ......[0m[91m.... .......... ..[0m[91m........ ........[0m[91m.. 39% 40.1K 9m3s
 17250K .......... ....[0m[91m...... ..........[0m[91m .......... ......[0m[91m.... 40% 98.1K 9m1s
 17300K .......... ..[0m[91m........ ........[0m[91m.. .......... ....[0m[91m...... 40% 58.0K 9m0s
 17350K ..........[0m[91m .......... ......[0m[91m.... .......... ..[0m[91m........ 40% 57.8K 8m59s
 17400K ........[0m[91m.. .......... ....[0m[91m...... ..........[0m[91m .......... 40% 77.9K 8m57s
 17450K ......[0m[91m.... .......... ..[0m[91m........ ........[0m[91m.. .......... 40% 47.1K 8m56s
 17500K ....[0m[91m...... ..........[0m[91m .......... ......[0m[91m.... .......... 40% 42.6K 8m55s
 17550K ..[0m[91m........ ........[0m[91m.. .......... ....[0m[91m...... .......... 40% 60.5K 8m54s[0m[91m
 17600K .......... ......[0m[91m.... .......... ..[0m[91m.[0m[91m.......[0m[91m ........[0m[91m.. 40% 49.5K 8m53s
 17650K .......... ....[0m[91m...... ..........[0m[91m .......... ......[0m[91m.... 40% 49.9K 8m52s
 17700K .......... ..[0m[91m........ ........[0m[91m.. .......... ....[0m[91m...... 41% 62.2K 8m50s
 17750K ..........[0m[91m .......... ......[0m[91m.... .......... ..[0m[91m........ 41% 49.5K 8m49s
 17800K ........[0m[91m.. .......... ....[0m[91m...... ..........[0m[91m .......... 41% 83.5K 8m47s
 17850K ......[0m[91m.... .......... ..[0m[91m........ ........[0m[91m.. .......... 41% 41.3K 8m47s
 17900K ....[0m[91m...... ..........[0m[91m .......... ......[0m[91m.... .......... 41% 41.6K 8m46s
 17950K ..[0m[91m........ ........[0m[91m.. .......... ....[0m[91m...... .......... 41% 41.2K[0m[91m 8m45s[0m[91m
 18000K .......... ......[0m[91m.... .......... ..[0m[91m........ ........[0m[91m.. 41% 45.4K 8m44s
 18050K .......... ....[0m[91m...... ..........[0m[91m .......... ......[0m[91m.... 41% 21.5K 8m45s
 18100K .......... ..[0m[91m........ ......[0m[91m..[0m[91m.. .......... ....[0m[91m...... 41% 23.7K 8m45s
 18150K ..........[0m[91m .......... ......[0m[91m.... .......... ..[0m[91m........ 42% 26.6K 8m45s
 18200K ........[0m[91m.. .......... ....[0m[91m...... ..........[0m[91m .......... 42% 35.3K 8m45s
 18250K ......[0m[91m.... .......... ..[0m[91m........ ........[0m[91m.. ......[0m[91m.... 42% 35.0K 8m44s
 18300K ....[0m[91m...... ..........[0m[91m .......... ......[0m[91m.... .......... 42% 49.7K 8m43s
 18350K ..[0m[91m........ ........[0m[91m.. .......... ....[0m[91m...... .......... 42% 49.4K 8m42s[0m[91m
 18400K .......... ......[0m[91m.... .......... ..[0m[91m........ ........[0m[91m.. 42% 24.8K 8m42s
 18450K .......... ....[0m[91m...... ..........[0m[91m .......... ......[0m[91m.... 42% 47.3K 8m41s
 18500K ....[0m[91m...... ..[0m[91m........ ........[0m[91m.. .......... ....[0m[91m...... 42% 51.9K 8m40s
 18550K ..........[0m[91m .......... ......[0m[91m.... .......... ..[0m[91m........ 43% 75.0K 8m39s
 18600K ........[0m[91m.. .......... ....[0m[91m...... ..........[0m[91m ........[0m[91m.. 43% 81.9K 8m37s
 18650K ......[0m[91m.... .......... ..........[0m[91m ........[0m[91m.. .......... 43% 61.7K 8m36s
 18700K ....[0m[91m...... ..........[0m[91m .......... ......[0m[91m.... .......... 43%  123K 8m34s
 18750K ..[0m[91m........ ........[0m[91m.. .......... ....[0m[91m...... .......... 43% 27.5K 8m34s[0m[91m
 18800K .......... ......[0m[91m.... .......... ..[0m[91m........ ........[0m[91m.. 43% 30.7K 8m33s
 18850K .......... ....[0m[91m...... ..........[0m[91m .......... ......[0m[91m.... 43% 49.3K 8m32s
 18900K .......... ..[0m[91m........ ........[0m[91m.. .......... ....[0m[91m...... 43% 82.4K 8m31s
 18950K ..........[0m[91m .......... ......[0m[91m.... .......... ..[0m[91m........ 43% 35.5K 8m30s
 19000K ........[0m[91m.. .......... ....[0m[91m...... ..........[0m[91m .......... 44% 78.6K 8m28s
 19050K ......[0m[91m.... .......... ..[0m[91m........ ........[0m[91m.. .......... 44% 82.0K 8m27s
 19100K ....[0m[91m...... ..........[0m[91m .......... ......[0m[91m.... .......... 44% 82.1K 8m25s
 19150K ..[0m[91m........ ........[0m[91m.. .......... ....[0m[91m...... .......... 44% 83.3K 8m24s[0m[91m
 19200K .......... ......[0m[91m.... .......... ..[0m[91m........ ........[0m[91m.. 44% 83.5K 8m22s
 19250K .......... ....[0m[91m...... ..........[0m[91m .......... ......[0m[91m.... 44% 83.0K 8m20s
 19300K ....[0m[91m...... ..[0m[91m........ ........[0m[91m.. .......... ....[0m[91m...... 44%  124K 8m19s
 19350K ..[0m[91m........[0m[91m .......... .......... ....[0m[91m...... ..[0m[91m........ 44% 58.9K 8m17s
 19400K ........[0m[91m.. .......... ....[0m[91m...... ..........[0m[91m .......... 44% 51.4K 8m16s
 19450K ......[0m[91m.... .......... ..[0m[91m........ ........[0m[91m.. .......... 45% 41.0K 8m15s
 19500K ....[0m[91m...... ..........[0m[91m .......... ......[0m[91m.... .......... 45% 61.9K 8m14s
 19550K ..[0m[91m........ ........[0m[91m.. .......... ....[0m[91m...... .......... 45% 40.9K 8m13s[0m[91m
 19600K .......... ......[0m[91m.... .......... ..[0m[91m........ ........[0m[91m.. 45% 22.5K 8m13s
 19650K .......... ....[0m[91m...... ..........[0m[91m .......... ......[0m[91m.... 45% 49.3K 8m12s
 19700K .......... ..[0m[91m........ ........[0m[91m.. .......... ....[0m[91m...... 45% 61.7K 8m11s
 19750K ..........[0m[91m .......... ......[0m[91m.... .......... ..[0m[91m........ 45% 35.4K 8m10s
 19800K ........[0m[91m.. ......[0m[91m.... ....[0m[91m...... ..........[0m[91m .......... 45% 61.8K 8m9s
 19850K ......[0m[91m.... .......... ..[0m[91m........ ........[0m[91m.. .......... 46% 73.4K 8m8s
 19900K ....[0m[91m...... ..........[0m[91m .......... ......[0m[91m.... .......... 46% 68.8K 8m6s
 19950K ..[0m[91m........ ........[0m[91m.. .......... ....[0m[91m...... .......... 46% 95.5K 8m5s[0m[91m
 20000K .......... ......[0m[91m.... .......... ..[0m[91m........ ........[0m[91m.. 46% 46.0K 8m4s
 20050K .......... ....[0m[91m...... ..[0m[91m........[0m[91m .......... ......[0m[91m.... 46%  125K 8m2s
 20100K .......... ..[0m[91m........ ........[0m[91m.. .......... ....[0m[91m...... 46% 83.1K 8m0s
 20150K ..........[0m[91m .......... ......[0m[91m.... .......... ..[0m[91m........ 46% 82.6K 7m59s
 20200K ........[0m[91m.. .......... ....[0m[91m...... ..........[0m[91m .......... 46%  125K 7m57s
 20250K ......[0m[91m.... .......... ..[0m[91m........ ........[0m[91m.. .......... 46% 76.7K 7m56s
 20300K ....[0m[91m...... ..........[0m[91m .......... ......[0m[91m.... .......... 47% 66.2K 7m54s
 20350K ..[0m[91m........ .......... .......... ....[0m[91m...... .......... 47% 49.5K 7m53s
 20400K ........[0m[91m.. ......[0m[91m.... .......... ..[0m[91m........ ........[0m[91m.. 47% 62.4K 7m52s
 20450K .......... ....[0m[91m...... ..........[0m[91m .......... ......[0m[91m.... 47%  122K 7m50s
 20500K ....[0m[91m...... ..[0m[91m........ ........[0m[91m.. .......... ....[0m[91m...... 47% 62.3K 7m49s
 20550K ..........[0m[91m .......... ......[0m[91m.... .......... ..[0m[91m........ 47% 35.6K 7m48s
 20600K ........[0m[91m.. ......[0m[91m.... ....[0m[91m...... ..........[0m[91m .......... 47% 30.9K 7m48s
 20650K ......[0m[91m.... .......... ..[0m[91m........ ........[0m[91m.. .......... 47% 62.5K 7m46s
 20700K ....[0m[91m...... ..........[0m[91m .......... ......[0m[91m.... .......... 47% 83.3K 7m45s
 20750K ..[0m[91m........ ........[0m[91m.. .......... ....[0m[91m...... .......... 48% 83.4K 7m43s[0m[91m
 20800K ........[0m[91m.. ......[0m[91m.... .......... ..[0m[91m........ ........[0m[91m.. 48% 83.2K 7m42s
 20850K .......... .......... .......[0m[91m...[0m[91m .......... ......[0m[91m.... 48%  214K 7m40s
 20900K .......... ..[0m[91m........ ........[0m[91m.. .......... ....[0m[91m...... 48% 87.3K 7m39s
 20950K ..........[0m[91m [0m[91m........[0m[91m.. .......... .......... .......... 48%  154K 7m37s
 21000K .[0m[91m.......[0m[91m.. .......... ....[0m[91m...... ..........[0m[91m .......... 48%  178K 7m35s
 21050K ......[0m[91m.... .......... ..[0m[91m........ ........[0m[91m.. .......... 48% 77.6K 7m34s
 21100K ....[0m[91m...... ..........[0m[91m .......... ......[0m[91m.... .......... 48% 74.4K 7m32s
 21150K ..[0m[91m........ ........[0m[91m.. .......... ....[0m[91m...... .......... 49% 83.7K 7m31s[0m[91m
 21200K .......... ......[0m[91m.... .......... ..........[0m[91m ........[0m[91m.. 49% 62.4K 7m29s
 21250K .......... ....[0m[91m...... ..........[0m[91m ........[0m[91m.. ......[0m[91m.... 49% 82.1K 7m28s
 21300K .......... ..[0m[91m........ ........[0m[91m.. .......... ....[0m[91m...... 49%  124K 7m26s
 21350K ..[0m[91m........[0m[91m .......... ......[0m[91m.... .......... ..[0m[91m........ 49% 82.8K 7m25s
 21400K ........[0m[91m.. .......... ....[0m[91m...... ..........[0m[91m .......... 49%  124K 7m23s
 21450K [0m[91m......[0m[91m.... .......... ..[0m[91m........ ........[0m[91m.. .......... 49% 83.5K 7m22s
 21500K .......... ..[0m[91m........[0m[91m .......... ......[0m[91m.... .......... 49%  124K 7m20s
 21550K ..[0m[91m........ ........[0m[91m.. .......... ....[0m[91m...... .......... 49% 82.4K 7m19s[0m[91m
 21600K .......... ......[0m[91m.... .......... ..[0m[91m.[0m[91m.......[0m[91m ........[0m[91m.. 50%  103K 7m17s
 21650K .......... ....[0m[91m...... ..........[0m[91m .......... ......[0m[91m.... 50%  122K 7m16s
 21700K .......... ..[0m[91m........ ........[0m[91m.. .......... ....[0m[91m...... 50%  124K 7m14s
 21750K ..........[0m[91m .......... ......[0m[91m.... .......... ..[0m[91m........ 50%  127K 7m12s
 21800K ........[0m[91m.. .......... ....[0m[91m...... ..........[0m[91m ........[0m[91m.. 50%[0m[91m 95.0K 7m11s
 21850K[0m[91m .[0m[91m..[0m[91m..[0m[91m.[0m[91m.... .......... ..[0m[91m........ ........[0m[91m.. .......... 50%  124K 7m9s
 21900K ....[0m[91m...... ..........[0m[91m .......... ......[0m[91m.... .......... 50% 73.7K 7m8s
 21950K ..[0m[91m........ ........[0m[91m.. .......... ....[0m[91m...... .......... 50%  148K 7m6s[0m[91m
 22000K .......... ......[0m[91m.... .......... ..[0m[91m........ ........[0m[91m.. 50% 57.1K 7m5s
 22050K .......... ....[0m[91m...... .......... .......... ......[0m[91m.... 51% 66.1K 7m4s
 22100K .......... ..[0m[91m........ ........[0m[91m.. .......... ....[0m[91m...... 51% 35.3K 7m3s
 22150K ..........[0m[91m .......... ......[0m[91m.... .......... ..[0m[91m........ 51% 77.7K 7m2s
 22200K ........[0m[91m.. .......... ....[0m[91m...... ..........[0m[91m .......... 51% 83.5K 7m1s
 22250K ......[0m[91m.... .......... ..[0m[91m........ ........[0m[91m.. .......... 51% 84.2K 6m59s
 22300K ....[0m[91m...... ..........[0m[91m .......... ......[0m[91m.... .......... 51% 83.2K 6m58s
 22350K ..[0m[91m........ ........[0m[91m.. .......... ....[0m[91m...... .......... 51% 50.2K 6m57s[0m[91m
 22400K .......... ......[0m[91m.... .......... ..[0m[91m........ ........[0m[91m.. 51% 59.1K 6m56s
 22450K .......... ....[0m[91m...... ..........[0m[91m .......... ......[0m[91m.... 52% 83.5K 6m54s
 22500K .......... ..[0m[91m........ ........[0m[91m.. .......... ....[0m[91m...... 52% 90.6K 6m53s
 22550K ..........[0m[91m .......... ......[0m[91m.... .......... ..[0m[91m........ 52%  102K 6m51s
 22600K ........[0m[91m.. .......... ....[0m[91m...... ..........[0m[91m .......... 52% 83.0K 6m50s
 22650K ......[0m[91m.... .......... ..[0m[91m........ ........[0m[91m.. .......... 52%  124K 6m49s
 22700K ....[0m[91m...... ..........[0m[91m .......... .[0m[91m..[0m[91m...[0m[91m.... .......... 52% 98.9K 6m47s
 22750K ..[0m[91m........ ........[0m[91m.. .......... ....[0m[91m...... .......... 52%  120K 6m46s[0m[91m
 22800K .......... ......[0m[91m.... .......... ..[0m[91m........ ........[0m[91m.. 52% 85.4K 6m44s
 22850K .......... ....[0m[91m...... ..........[0m[91m .......... ......[0m[91m.... 52%  118K 6m43s
 22900K .......... ..[0m[91m........ .......... .......... ....[0m[91m...... 53% 72.1K 6m42s
 22950K .......... .......... ......[0m[91m.... .......... ..[0m[91m........ 53%  123K 6m40s
 23000K ........[0m[91m.. .......... ....[0m[91m...... ..........[0m[91m .......... 53% 65.5K 6m39s
 23050K ......[0m[91m.... .......... ..[0m[91m........ ........[0m[91m.. .......... 53% 62.5K 6m38s
 23100K ....[0m[91m...... ..........[0m[91m .......... .......... .......... 53%[0m[91m 49.3K 6m37s
 23150K ..[0m[91m........ ........[0m[91m.. .......... ....[0m[91m...... .......... 53% 34.4K 6m36s[0m[91m
 23200K .......... ......[0m[91m.... .......... .[0m[91m.[0m[91m........ ........[0m[91m.. 53% 27.0K 6m36s
 23250K .......... ....[0m[91m...... ..........[0m[91m .......... ......[0m[91m.... 53% 31.1K 6m35s
 23300K .......... ..[0m[91m........ ........[0m[91m.. .......... ....[0m[91m...... 54% 54.3K 6m34s
 23350K ..........[0m[91m .......... ......[0m[91m.... .......... ..[0m[91m........ 54% 26.1K 6m34s
 23400K ........[0m[91m.. .......... ....[0m[91m...... ..........[0m[91m .......... 54% 27.5K 6m34s
 23450K ......[0m[91m.... .......... ..[0m[91m........ ........[0m[91m.. .......... 54% 35.2K 6m33s
 23500K ....[0m[91m...... ..........[0m[91m .......... ......[0m[91m.... .......... 54% 27.4K 6m33s
 23550K ..[0m[91m........ ........[0m[91m.. .......... ....[0m[91m...... .......... 54% 35.7K 6m32s[0m[91m
 23600K .......... ......[0m[91m.... .......... ..[0m[91m........ ........[0m[91m.. 54% 24.7K 6m32s
 23650K .......... ....[0m[91m...... ..........[0m[91m .......... ......[0m[91m.... 54% 49.7K 6m31s
 23700K .......... ..[0m[91m........ ........[0m[91m.. .......... ....[0m[91m...... 54% 49.2K 6m30s
 23750K ..........[0m[91m .......... ......[0m[91m.... .......... ..[0m[91m........ 55% 61.8K 6m29s
 23800K ........[0m[91m.. .......... ....[0m[91m...... ..........[0m[91m .......... 55% 49.7K 6m28s
 23850K ......[0m[91m.... .......... ..[0m[91m........ ........[0m[91m.. .......... 55% 62.6K 6m27s
 23900K ....[0m[91m...... ..........[0m[91m .......... ......[0m[91m.... .......... 55% 72.3K 6m26s
 23950K ..[0m[91m........ ........[0m[91m.. .......... ....[0m[91m...... .......... 55% 44.4K 6m25s[0m[91m
 24000K .......... ......[0m[91m.... .......... ..[0m[91m........ ........[0m[91m.. 55% 41.3K 6m24s
 24050K .......... ....[0m[91m...... ..........[0m[91m .......... ......[0m[91m.... 55% 55.8K 6m23s
 24100K .......... ..[0m[91m........ ........[0m[91m.. .......... ....[0m[91m...... 55% 62.3K 6m22s
 24150K ..........[0m[91m ........[0m[91m.. ......[0m[91m.... .......... ..[0m[91m........ 55% 62.5K 6m20s
 24200K ........[0m[91m.. .......... ....[0m[91m...... ..........[0m[91m .......... 56% 83.2K 6m19s
 24250K ......[0m[91m.... .......... ..[0m[91m........ ........[0m[91m.. .......... 56% 88.2K 6m18s
 24300K ....[0m[91m...... ..........[0m[91m .......... ......[0m[91m.... .......... 56%  114K 6m16s
 24350K ..[0m[91m........ ........[0m[91m.. .......... ....[0m[91m...... .......... 56%  124K 6m15s[0m[91m
 24400K .......... ......[0m[91m.... .......... ..[0m[91m........ ........[0m[91m.. 56% 62.1K 6m14s
 24450K .......... .......... ..[0m[91m........[0m[91m .......... ......[0m[91m.... 56%  124K 6m12s
 24500K .......... ..[0m[91m........ ........[0m[91m.. [0m[91m.......... ....[0m[91m....[0m[91m.. 56% 62.0K 6m11s
 24550K ..[0m[91m........[0m[91m .......... .......... .......... ..[0m[91m........ 56% 82.9K 6m10s
 24600K ........[0m[91m.. .......... ....[0m[91m...... ..........[0m[91m .......... 57% 82.8K 6m9s
 24650K ......[0m[91m.... .......... ..[0m[91m........ ........[0m[91m.. .......... 57% 41.4K 6m8s
 24700K .......... ..........[0m[91m .......... ......[0m[91m.... .......... 57% 83.2K 6m6s
 24750K ..[0m[91m........ ........[0m[91m.. .......... ....[0m[91m...... .......... 57% 62.0K 6m5s[0m[91m
 24800K .......... ......[0m[91m.... .......... ..[0m[91m........ ........[0m[91m.. 57% 27.4K 6m5s
 24850K .......... ....[0m[91m...... ..........[0m[91m .......... ......[0m[91m.... 57% 33.8K 6m4s
 24900K .......... ..[0m[91m........ ........[0m[91m.. .......... ....[0m[91m...... 57% 41.1K 6m4s
 24950K ..........[0m[91m .......... ......[0m[91m.... .......... ..[0m[91m........ 57% 61.9K 6m2s
 25000K ........[0m[91m.. .......... ....[0m[91m...... ..........[0m[91m ........[0m[91m.. 57% 49.4K 6m1s
 25050K ..[0m[91m....[0m[91m.... .......... ..[0m[91m........ .[0m[91m.......[0m[91m.. .......... 58% 82.4K 6m0s
 25100K ....[0m[91m...... ..........[0m[91m .......... .......... ....[0m[91m...... 58% 62.1K 5m59s
 25150K ..[0m[91m........ ........[0m[91m.. .......... ....[0m[91m...... .......... 58% 31.0K 5m58s[0m[91m
 25200K .......... ......[0m[91m.... .......... ..[0m[91m........ ........[0m[91m.. 58% 35.3K 5m58s
 25250K .......... ....[0m[91m...... ..........[0m[91m .......... ......[0m[91m.... 58% 27.6K 5m57s
 25300K .......... ..[0m[91m........ ........[0m[91m.. .......... ....[0m[91m...... 58% 49.6K 5m56s
 25350K ..........[0m[91m .......... ......[0m[91m.... .......... ..[0m[91m........ 58% 82.6K 5m55s
 25400K ........[0m[91m.. .......... ....[0m[91m...... ..........[0m[91m .......... 58% 61.1K 5m54s
 25450K ......[0m[91m.... .......... ..[0m[91m........ ........[0m[91m.. .......... 58% 81.9K 5m53s
 25500K ....[0m[91m...... .......... .......... ......[0m[91m.... .......... 59% 49.5K 5m52s
 25550K ..[0m[91m........ ........[0m[91m.. .......... ....[0m[91m...... .......... 59% 40.7K 5m51s[0m[91m
 25600K .......... ......[0m[91m.... .......... ..[0m[91m........ ........[0m[91m.. 59% 61.5K 5m50s
 25650K .......... ....[0m[91m...... ..........[0m[91m .......... ......[0m[91m.... 59% 81.1K 5m49s
 25700K .......... ..[0m[91m........ ........[0m[91m.. .......... ....[0m[91m...... 59% 81.2K 5m47s
 25750K ..[0m[91m........[0m[91m .......... ......[0m[91m.... .......... ..[0m[91m........ 59% 61.2K 5m46s
 25800K .......... ......[0m[91m.... ....[0m[91m...... ..........[0m[91m .......... 59% 82.2K 5m45s
 25850K ......[0m[91m.... .......... ..[0m[91m........ .......[0m[91m.[0m[91m.. .......... 59% 62.1K 5m44s
 25900K ....[0m[91m...... ..........[0m[91m .......... ......[0m[91m.... .......... 60% 83.2K 5m43s
 25950K ..[0m[91m........ ........[0m[91m.. .......... ....[0m[91m...... .......... 60% 62.3K 5m41s[0m[91m
 26000K .......... ......[0m[91m.... .......... .......... ..[0m[91m......[0m[91m.. 60% 62.0K 5m40s
 26050K .......... ....[0m[91m...... ..........[0m[91m .......... ......[0m[91m.... 60% 81.8K 5m39s
 26100K .......... ..[0m[91m........ ........[0m[91m.. .......... ....[0m[91m...... 60% 83.6K 5m38s
 26150K ..........[0m[91m .......... ......[0m[91m.... .......... ..[0m[91m........ 60% 83.1K 5m37s
 26200K ........[0m[91m.. .......... ....[0m[91m...... ..........[0m[91m .......... 60% 78.4K 5m35s
 26250K ......[0m[91m.... .......... ..[0m[91m........ ........[0m[91m.. .......... 60% 88.7K 5m34s
 26300K ....[0m[91m...... ..........[0m[91m .......... ......[0m[91m.... .......... 60%  105K 5m33s[0m[91m
 26350K ..[0m[91m........ ........[0m[91m.. .......... ....[0m[91m...... .......... 61% 83.0K 5m32s[0m[91m
 26400K .......... ......[0m[91m.... .......... ..[0m[91m........ ........[0m[91m.. 61% 65.8K 5m30s
 26450K .......... ....[0m[91m...... .......... .......... ....[0m[91m..[0m[91m.... 61% 75.5K 5m29s
 26500K .......... ..[0m[91m........ ........[0m[91m.. .......... ....[0m[91m...... 61% 62.5K 5m28s
 26550K ..........[0m[91m .......... ......[0m[91m.... .......... ..[0m[91m........ 61% 59.4K 5m27s
 26600K ........[0m[91m.. .......... ....[0m[91m...... ..........[0m[91m .......... 61% 64.8K 5m26s
 26650K ......[0m[91m.... .......... ..[0m[91m........ ........[0m[91m.. .......... 61% 62.0K 5m25s
 26700K ....[0m[91m...... ..........[0m[91m .......... ......[0m[91m.... .......... 61% 73.9K 5m24s
 26750K ..[0m[91m........ ........[0m[91m.. .......... ....[0m[91m...... .......... 61% 62.5K 5m23s[0m[91m
 26800K .......... ......[0m[91m.... .......... ..[0m[91m........ ........[0m[91m.. 62%[0m[91m 41.2K 5m22s
 26850K .......... ....[0m[91m...... ..........[0m[91m .......... ......[0m[91m.... 62% 83.2K 5m21s
 26900K .......... ..[0m[91m........ ........[0m[91m.. .......... ....[0m[91m...... 62% 62.7K 5m19s
 26950K ..........[0m[91m .......... ......[0m[91m.... .......... ..[0m[91m........ 62% 61.8K 5m18s
 27000K ........[0m[91m.. .......... ....[0m[91m...... ..........[0m[91m .......... 62% 61.7K 5m17s[0m[91m
 27050K ......[0m[91m.... ....[0m[91m...... ..[0m[91m........ ........[0m[91m.. .......... 62% 49.5K 5m16s
 27100K ....[0m[91m...... ..........[0m[91m .......... ......[0m[91m.... .......... 62% 49.1K 5m15s
 27150K ..[0m[91m........ ........[0m[91m.. ......[0m[91m.... ....[0m[91m...... .......... 62% 41.2K 5m15s[0m[91m
 27200K .......... ......[0m[91m.... .......... ..[0m[91m........ ........[0m[91m.. 63% 35.3K 5m14s
 27250K .......... ....[0m[91m...... ..........[0m[91m .......... ......[0m[91m.... 63% 39.6K 5m13s
 27300K .......... ..[0m[91m........ ........[0m[91m.. .......... ....[0m[91m...... 63% 36.4K 5m12s
 27350K ..........[0m[91m .......... ......[0m[91m.... .......... ..[0m[91m........ 63% 37.9K 5m11s
 27400K ........[0m[91m.. .......... ....[0m[91m...... ..........[0m[91m .......... 63% 49.6K 5m10s
 27450K ......[0m[91m.... .......... ..[0m[91m........ ........[0m[91m.. .......... 63% 49.6K 5m10s
 27500K ....[0m[91m...... ..........[0m[91m .......... ......[0m[91m.... .......... 63% 62.8K 5m8s
 27550K ..[0m[91m........ ........[0m[91m.. .......... ....[0m[91m...... .......... 63% 44.8K 5m8s[0m[91m
 27600K .......... ......[0m[91m.... .......... ..[0m[91m........ ........[0m[91m.. 63% 43.7K 5m7s
 27650K .......... ....[0m[91m...... ........[0m[91m..[0m[91m .......... ......[0m[91m.... 64% 57.8K 5m6s
 27700K .......... ..[0m[91m........ ........[0m[91m.. .......... ....[0m[91m...... 64% 52.7K 5m5s
 27750K ..........[0m[91m .......... ......[0m[91m.... .......... ..[0m[91m........ 64% 62.2K 5m3s
 27800K ........[0m[91m.. .......... ....[0m[91m...... ..........[0m[91m .......... 64% 49.6K 5m3s
 27850K ......[0m[91m.... .......... ..[0m[91m........ ........[0m[91m.. .......... 64% 58.5K 5m1s
 27900K ....[0m[91m...... ..........[0m[91m .......... ......[0m[91m.... .......... 64% 65.8K 5m0s
 27950K ..[0m[91m........ ........[0m[91m.. .......... ....[0m[91m...... .......... 64% 55.7K 4m59s[0m[91m
 28000K .......... ......[0m[91m.... .......... ..[0m[91m........ ........[0m[91m.. 64% 49.4K 4m58s
 28050K .......... ....[0m[91m...... ..........[0m[91m .......... ......[0m[91m.... 64% 70.5K 4m57s
 28100K .......... ..[0m[91m........ ........[0m[91m.. .......... .......... 65%[0m[91m  101K 4m56s
 28150K ..[0m[91m........[0m[91m .......... ......[0m[91m.... .......... ..[0m[91m........ 65% 55.1K 4m55s
 28200K ........[0m[91m.. .......... ....[0m[91m...... ..........[0m[91m .......... 65% 61.8K 4m54s
 28250K ......[0m[91m.... .......... ..[0m[91m........ ........[0m[91m.. .......... 65% 43.4K 4m53s
 28300K ....[0m[91m...... ..........[0m[91m .......... ......[0m[91m.... .......... 65% 62.1K 4m52s
 28350K ..[0m[91m........ ........[0m[91m.. .......... ....[0m[91m...... .......... 65% 62.5K 4m51s[0m[91m
 28400K .......... ......[0m[91m.... .......... ..[0m[91m........ ........[0m[91m.. 65% 41.3K 4m50s
 28450K .......... ....[0m[91m...... ..........[0m[91m .......... ......[0m[91m.... 65% 27.6K 4m49s
 28500K .......... ..[0m[91m........ ........[0m[91m.. .......... ....[0m[91m...... 66% 30.9K 4m49s
 28550K ..........[0m[91m .......... ......[0m[91m.... .......... ..[0m[91m........ 66% 50.4K 4m48s
 28600K ........[0m[91m.. .......... ....[0m[91m...... ..........[0m[91m .......... 66% 61.8K 4m47s
 28650K ......[0m[91m.... .......... ..[0m[91m........ ........[0m[91m.. .......... 66% 83.9K 4m46s
 28700K ....[0m[91m...... ..........[0m[91m .......... ......[0m[91m.... .......... 66% 69.6K 4m44s
 28750K ..[0m[91m........ ........[0m[91m.. .......... ....[0m[91m...... .......... 66% 82.6K 4m43s[0m[91m
 28800K .......... ......[0m[91m.... .......... ..[0m[91m........ ........[0m[91m.. 66% 72.1K 4m42s
 28850K .......... ....[0m[91m...... ..........[0m[91m .......... ......[0m[91m.... 66% 83.9K 4m41s
 28900K .......... ..[0m[91m........ ........[0m[91m.. .......... ....[0m[91m...... 66%  113K 4m40s
 28950K ..........[0m[91m .......... ......[0m[91m.... .......... ..[0m[91m........ 67% 87.9K 4m39s
 29000K ........[0m[91m.. .......... ....[0m[91m...... ..........[0m[91m ........[0m[91m.. 67% 78.7K 4m37s
 29050K ......[0m[91m.... .......... ..[0m[91m........ ........[0m[91m.. .......... 67% 73.0K 4m36s
 29100K ....[0m[91m...... ..........[0m[91m .......... ......[0m[91m.... .......... 67% 72.5K 4m35s
 29150K ..[0m[91m........ ........[0m[91m.. .......... ....[0m[91m...... .......... 67% 78.3K 4m34s[0m[91m
 29200K .......... ......[0m[91m.... .......... ..[0m[91m........ ........[0m[91m.. 67% 49.8K 4m33s
 29250K .......... ....[0m[91m...... ..........[0m[91m .......... ......[0m[91m.... 67% 83.0K 4m32s
 29300K .......... ..[0m[91m........ ........[0m[91m.. .......... ....[0m[91m......[0m[91m 67% 82.8K 4m31s
 29350K ..[0m[91m........[0m[91m .......... ......[0m[91m.... .......... ..[0m[91m........ 67% 68.4K 4m30s
 29400K ........[0m[91m.. .......... ....[0m[91m...... ..........[0m[91m .......... 68% 55.9K 4m29s
 29450K ......[0m[91m.... .......... ..[0m[91m........ ........[0m[91m.. .......... 68% 54.3K 4m28s
 29500K ....[0m[91m...... ..........[0m[91m .......... ......[0m[91m.... .......... 68% 73.0K 4m27s
 29550K ..[0m[91m........ ........[0m[91m.. .......... ....[0m[91m...... .......... 68% 82.6K 4m25s[0m[91m
 29600K .......... ......[0m[91m.... .......... ..[0m[91m........ ........[0m[91m.. 68% 82.9K 4m24s
 29650K .......... ....[0m[91m...... ..........[0m[91m .......... ......[0m[91m.... 68% 82.7K 4m23s
 29700K ....[0m[91m...... ..[0m[91m........ ........[0m[91m.. .......... ....[0m[91m...... 68% 59.2K 4m22s
 29750K ..........[0m[91m .......... ......[0m[91m.... .......... ..[0m[91m........ 68% 65.6K 4m21s
 29800K ........[0m[91m.. .......... ....[0m[91m...... ..........[0m[91m .......... 69% 78.2K 4m20s
 29850K ......[0m[91m.... .......... ..[0m[91m........ ........[0m[91m.. .......... 69% 82.8K 4m19s
 29900K ....[0m[91m...... ..........[0m[91m .......... ......[0m[91m.... .......... 69% 62.4K 4m18s
 29950K ..[0m[91m........ ........[0m[91m.. ......[0m[91m.... ....[0m[91m...... .......... 69%  124K 4m17s[0m[91m
 30000K .......... ......[0m[91m.... .......... .......... ........[0m[91m.. 69% 49.5K 4m16s
 30050K .......... ....[0m[91m...... ..........[0m[91m .......... ......[0m[91m.... 69% 62.8K 4m15s
 30100K .......... ..[0m[91m........ ........[0m[91m.. .......... ....[0m[91m...... 69% 49.6K 4m14s
 30150K ..........[0m[91m .......... ......[0m[91m.... .......... ..[0m[91m........ 69% 61.9K 4m13s
 30200K ........[0m[91m.. .......... ....[0m[91m...... ..........[0m[91m .......... 69% 35.4K 4m12s
 30250K ......[0m[91m.... .......... ..[0m[91m........ ........[0m[91m.. .......... 70% 83.4K 4m11s
 30300K ....[0m[91m...... ..........[0m[91m .......... ......[0m[91m.... .......... 70% 49.9K 4m10s
 30350K ..[0m[91m........ ........[0m[91m.. .......... ....[0m[91m...... .......... 70% 76.1K 4m9s[0m[91m
 30400K .......... ......[0m[91m.... .......... ..[0m[91m........ ........[0m[91m.. 70% 35.5K 4m8s
 30450K .......... ....[0m[91m...... ..........[0m[91m .......... ......[0m[91m.... 70% 61.3K 4m7s
 30500K .......... ..[0m[91m........ ........[0m[91m.. .......... ....[0m[91m...... 70% 62.2K 4m6s
 30550K ..........[0m[91m .......... ......[0m[91m.... .......... ..[0m[91m........ 70% 78.1K 4m5s
 30600K ........[0m[91m.. .......... ....[0m[91m...... ..........[0m[91m .......... 70% 71.1K 4m4s
 30650K ......[0m[91m.... .......... ..[0m[91m........ ........[0m[91m.. .......... 71%  108K 4m2s
 30700K ....[0m[91m...... ..........[0m[91m .......... ......[0m[91m.... .......... 71% 91.9K 4m1s
 30750K ..[0m[91m........ ........[0m[91m.. .......... ....[0m[91m.[0m[91m..... ........[0m[91m..[0m[91m 71%  108K 4m0s[0m[91m
 30800K .......... ......[0m[91m.... .......... ..[0m[91m........ ........[0m[91m.. 71% 92.0K 3m59s
 30850K .......... ....[0m[91m...... ..........[0m[91m .......... ......[0m[91m.... 71%  193K 3m58s
 30900K ....[0m[91m...... ..[0m[91m........ ........[0m[91m.. .......... ....[0m[91m...... 71%  147K 3m56s
 30950K ..........[0m[91m .......... ......[0m[91m.... .......... ..[0m[91m........ 71%  196K 3m55s
 31000K ........[0m[91m.. .......... ....[0m[91m...... ..........[0m[91m .......... 71%  123K 3m54s
 31050K ......[0m[91m.... .......... ..[0m[91m........ ........[0m[91m.. .......... 71% 89.5K 3m53s
 31100K ....[0m[91m...... ..........[0m[91m ........[0m[91m.. ......[0m[91m.... .......... 72%  842K 3m52s
 31150K ..[0m[91m........ ........[0m[91m.. .......... ....[0m[91m...... .......... 72% 61.5K 3m51s[0m[91m
 31200K .......... ......[0m[91m.... .......... ..[0m[91m........ ........[0m[91m.. 72% 31.7K 3m50s
 31250K .......... ....[0m[91m...... ..........[0m[91m .......... ......[0m[91m.... 72% 70.3K 3m49s
 31300K .......... ..[0m[91m........ ........[0m[91m.. .......... ....[0m[91m...... 72% 48.5K 3m48s
 31350K ..........[0m[91m .......... ......[0m[91m.... .......... ..[0m[91m........ 72% 44.2K 3m47s
 31400K ........[0m[91m.. .......... ....[0m[91m...... ..........[0m[91m .......... 72% 55.5K 3m46s
 31450K ......[0m[91m.... .......... ..[0m[91m........ .......... ..........[0m[91m 72% 62.3K 3m45s
 31500K ....[0m[91m...... ..........[0m[91m .......... ......[0m[91m.... .......... 72% 27.5K 3m44s
 31550K ..[0m[91m........ ........[0m[91m.. .......... ....[0m[91m...... .......... 73% 62.2K 3m43s[0m[91m
 31600K .......... ......[0m[91m.... .......... ..[0m[91m........ ........[0m[91m.. 73% 49.5K 3m42s
 31650K .......... ....[0m[91m...... ..........[0m[91m .......... ......[0m[91m.... 73% 82.3K 3m41s
 31700K .......... ..[0m[91m........ ........[0m[91m.. .......... ....[0m[91m...... 73%  124K 3m40s
 31750K ..........[0m[91m .......... ......[0m[91m.... ..........[0m[91m ..[0m[91m........ 73%  124K 3m39s
 31800K ........[0m[91m.. .......... ....[0m[91m...... ..........[0m[91m .......... 73%  122K 3m38s
 31850K ......[0m[91m.... .......... ..........[0m[91m ........[0m[91m.. .......... 73%  245K 3m37s
 31900K ....[0m[91m...... .......... ........[0m[91m.. ..[0m[91m....[0m[91m.... .......... 73% 62.4K 3m36s
 31950K ..[0m[91m........ ........[0m[91m.. .......... ....[0m[91m...... .......... 74% 81.8K 3m35s[0m[91m
 32000K .......... ......[0m[91m.... .......... ..[0m[91m........ ........[0m[91m.. 74% 27.3K 3m34s
 32050K .......... ....[0m[91m...... ..........[0m[91m .......... ......[0m[91m.... 74% 41.2K 3m33s
 32100K .......... ..[0m[91m........ ........[0m[91m.. .......... ....[0m[91m...... 74% 49.4K 3m32s
 32150K ..........[0m[91m .......... ......[0m[91m.... .......... ..[0m[91m........ 74% 73.5K 3m31s
 32200K ........[0m[91m.. .......... .......... ..........[0m[91m .......... 74% 28.2K 3m30s
 32250K ......[0m[91m.... .......... ..[0m[91m........ ........[0m[91m.. .......... 74% 27.4K 3m30s
 32300K ....[0m[91m...... ..........[0m[91m .......... ......[0m[91m.... .......... 74% 35.5K 3m29s
 32350K ..[0m[91m........ ........[0m[91m.. .........[0m[91m. ....[0m[91m...... .......... 74% 49.7K 3m28s[0m[91m
 32400K .......... ......[0m[91m.... .......... ..[0m[91m........ ........[0m[91m.. 75% 30.9K 3m27s
 32450K .......... ....[0m[91m...... ..........[0m[91m ........[0m[91m.. ......[0m[91m.... 75% 35.3K 3m26s
 32500K .......... ..[0m[91m........ ........[0m[91m.. .......... ....[0m[91m...... 75% 41.1K 3m26s
 32550K .......... ........[0m[91m.. ......[0m[91m.... .......... ..[0m[91m........ 75% 82.0K 3m24s
 32600K ........[0m[91m.. .......... ....[0m[91m...... ..........[0m[91m .......... 75% 35.1K 3m24s
 32650K ......[0m[91m.... .......... ..[0m[91m........ ........[0m[91m.[0m[91m. ......[0m[91m.... 75% 22.3K 3m23s
 32700K ....[0m[91m...... ..........[0m[91m .......... ......[0m[91m.... ....[0m[91m...... 75% 35.2K 3m22s
 32750K ..[0m[91m........ ........[0m[91m.. .......... ....[0m[91m...... .......... 75% 18.7K 3m22s[0m[91m
 32800K .......... ......[0m[91m.... .......... ..[0m[91m........ ........[0m[91m.. 75% 14.5K 3m22s
 32850K .......... ....[0m[91m...... ..........[0m[91m .......... ......[0m[91m.... 76% 49.7K 3m21s
 32900K .......... ..[0m[91m........ ........[0m[91m.. .......... ....[0m[91m...... 76% 49.6K 3m20s
 32950K ..........[0m[91m .......... ......[0m[91m.... .......... ..[0m[91m........ 76% 82.8K 3m19s
 33000K ........[0m[91m.. .......... ....[0m[91m...... ..........[0m[91m .......... 76% 81.6K 3m18s
 33050K ......[0m[91m.[0m[91m... .......... [0m[91m..[0m[91m........ ........[0m[91m.. .......... 76% 49.7K 3m17s
 33100K ....[0m[91m...... ..........[0m[91m .......... ......[0m[91m.... ....[0m[91m...... 76% 82.6K 3m16s
 33150K ..[0m[91m........ ........[0m[91m.[0m[91m. .......... ....[0m[91m...... .......... 76%  123K 3m14s[0m[91m
 33200K .......... ......[0m[91m.... .......... ..[0m[91m........[0m[91m ........[0m[91m.. 76% 41.3K 3m13s
 33250K .......... ....[0m[91m...... ..[0m[91m........[0m[91m .......... ......[0m[91m.... 77% 82.5K 3m12s
 33300K .......... ..[0m[91m........ ........[0m[91m.. .......... ....[0m[91m...... 77% 46.4K 3m11s
 33350K ..........[0m[91m ........[0m[91m.. ......[0m[91m.... .......... ..[0m[91m........ 77% 62.2K 3m10s
 33400K ........[0m[91m.. .......... ....[0m[91m...... ..........[0m[91m .......... 77% 62.6K 3m9s
 33450K ......[0m[91m.... .......... ..[0m[91m........ ........[0m[91m.. .......... 77% 82.8K 3m8s
 33500K ....[0m[91m...... ..........[0m[91m .......... ......[0m[91m.... ..........[0m[91m 77% 35.7K 3m8s
 33550K ..[0m[91m........ ........[0m[91m.. .......... ....[0m[91m...... .......... 77% 82.8K 3m6s[0m[91m
 33600K .......... ......[0m[91m.... .......... ..[0m[91m........ ........[0m[91m.. 77% 49.6K 3m6s
 33650K .......... ....[0m[91m...... ..........[0m[91m .......... ......[0m[91m.... 77% 49.3K 3m5s
 33700K .......... ..[0m[91m........ ........[0m[91m.. .......... ....[0m[91m...... 78% 82.2K 3m3s
 33750K ..........[0m[91m .......... .......... .......... ..[0m[91m........ 78% 62.0K 3m2s
 33800K ........[0m[91m.. .......... ....[0m[91m...... ..........[0m[91m .......... 78% 81.8K 3m1s
 33850K ......[0m[91m.... .......... ..[0m[91m........ ........[0m[91m.. .......... 78% 62.0K 3m0s
 33900K ....[0m[91m...... ..........[0m[91m .......... ......[0m[91m.... .......... 78% 49.6K 2m59s
 33950K ..[0m[91m........ ........[0m[91m.. .......... ....[0m[91m...... .......... 78% 49.8K 2m58s[0m[91m
 34000K .......... ......[0m[91m.... .......... ..[0m[91m........ ........[0m[91m.. 78% 49.8K 2m58s
 34050K .......... ....[0m[91m...... ..........[0m[91m .......... ......[0m[91m.... 78% 49.8K 2m57s
 34100K .......... ..[0m[91m........ ........[0m[91m.. .......... ....[0m[91m...... 78% 83.2K 2m56s
 34150K ..........[0m[91m .......... ......[0m[91m.... .......... ..[0m[91m........ 79% 82.9K 2m54s
 34200K ........[0m[91m.. .......... ....[0m[91m...... ..........[0m[91m .......... 79% 82.3K 2m53s
 34250K ......[0m[91m.... .......... ..[0m[91m........ ........[0m[91m.. .......... 79% 49.9K 2m52s
 34300K ....[0m[91m...... ..[0m[91m........[0m[91m .......... ......[0m[91m.... .......... 79% 49.7K 2m51s
 34350K ..[0m[91m........ ........[0m[91m.. .......... ....[0m[91m...... .......... 79% 35.5K 2m51s[0m[91m
 34400K .......... ......[0m[91m.... .......... ..[0m[91m........ ........[0m[91m.. 79% 31.3K 2m50s
 34450K .......... ....[0m[91m...... ..........[0m[91m .......... ......[0m[91m.... 79% 49.7K 2m49s
 34500K .......... ..[0m[91m........ ........[0m[91m.. .......... ....[0m[91m...... 79% 35.6K 2m48s
 34550K ..........[0m[91m .......... ......[0m[91m.... .......... ..[0m[91m........ 80% 30.5K 2m47s
 34600K ........[0m[91m.. .......... ....[0m[91m...... ..........[0m[91m .......... 80% 50.0K 2m46s
 34650K ......[0m[91m.... .......... ..[0m[91m........ ........[0m[91m.. ......[0m[91m.... 80% 60.0K 2m45s
 34700K ....[0m[91m...... ..........[0m[91m .......... ......[0m[91m.... .......... 80% 79.7K 2m44s
 34750K ..[0m[91m........ ........[0m[91m.. .......... ....[0m[91m...... .......... 80% 52.8K 2m43s
 34800K ......[0m[91m..[0m[91m.. ......[0m[91m.... .......... ..[0m[91m........ ........[0m[91m.. 80% 82.4K 2m42s
 34850K .......... ....[0m[91m...... ..........[0m[91m .......... ......[0m[91m.... 80% 76.7K 2m41s
 34900K .......... ..[0m[91m........ ........[0m[91m.. .......... ....[0m[91m...... 80% 82.8K 2m40s
 34950K ..........[0m[91m .......... ......[0m[91m.... .......... ..[0m[91m........ 80% 73.0K 2m39s
 35000K ........[0m[91m.. .......... ....[0m[91m...... ..........[0m[91m .......... 81%  125K 2m38s
 35050K ......[0m[91m.... .......... ..[0m[91m........ ........[0m[91m.. .......... 81% 82.6K 2m37s
 35100K ....[0m[91m...... .......... ........[0m[91m.. ......[0m[91m.... .......... 81% 82.8K 2m36s
 35150K ..[0m[91m........ ........[0m[91m.. .......... ....[0m[91m...... .......... 81%  125K 2m35s[0m[91m
 35200K .......... ......[0m[91m.... .......... ..[0m[91m........ ........[0m[91m.. 81% 62.4K 2m34s
 35250K .......... .......... ..[0m[91m........[0m[91m .......... ......[0m[91m.... 81%  125K 2m33s
 35300K .......... ..[0m[91m........ ........[0m[91m.. .......... ....[0m[91m...... 81% 49.4K 2m32s
 35350K ..........[0m[91m .......... ......[0m[91m.... .......... ..[0m[91m........ 81% 82.6K 2m31s
 35400K ........[0m[91m.. .......... ....[0m[91m...... ..........[0m[91m [0m[91m.......... 81% 61.9K 2m30s
 35450K ......[0m[91m.... .......... ..[0m[91m........ ........[0m[91m.. .......... 82%  124K 2m29s
 35500K ....[0m[91m...... ..[0m[91m........[0m[91m ........[0m[91m.. ......[0m[91m.... .......... 82% 82.8K 2m28s
 35550K ..[0m[91m........ ........[0m[91m.. .......... ....[0m[91m...... .......... 82% 82.9K 2m27s[0m[91m
 35600K .......... ......[0m[91m.... .......... ..[0m[91m........[0m[91m ........[0m[91m.. 82% 62.3K 2m26s
 35650K .......... ....[0m[91m...... ..........[0m[91m .......... ......[0m[91m.... 82% 35.3K 2m25s
 35700K .......... ..[0m[91m........ ........[0m[91m.. .......... ....[0m[91m...... 82% 41.6K 2m24s
 35750K ..........[0m[91m .......... ......[0m[91m.... .......... ..[0m[91m........ 82% 49.5K 2m23s
 35800K ........[0m[91m.. .......... ....[0m[91m...... ..........[0m[91m .......... 82% 22.6K 2m22s
 35850K ......[0m[91m.... .......... ..[0m[91m........ ........[0m[91m.. .......... 83% 31.0K 2m21s
 35900K ....[0m[91m...... ..........[0m[91m .......... ......[0m[91m.... .......... 83% 22.6K 2m21s
 35950K ..[0m[91m........ ........[0m[91m.. .......... ....[0m[91m...... .......... 83% 31.0K 2m20s[0m[91m
 36000K .......... ......[0m[91m.... .......... ..[0m[91m........ ........[0m[91m.. 83% 13.8K 2m19s
 36050K .......... ....[0m[91m...... ..........[0m[91m .......... ......[0m[91m.... 83% 19.1K 2m19s
 36100K .......... ..[0m[91m........ ........[0m[91m.. .......... ....[0m[91m...... 83% 35.4K 2m18s
 36150K ..........[0m[91m .......... ......[0m[91m.... .......... ..[0m[91m........ 83% 50.0K 2m17s
 36200K ........[0m[91m.. .......... ....[0m[91m...... ..........[0m[91m .......... 83% 83.4K 2m16s
 36250K ......[0m[91m.... .......... ..[0m[91m........ ........[0m[91m.. .......... 83% 83.0K 2m15s
 36300K ....[0m[91m...... ..........[0m[91m .......... ......[0m[91m.... .......... 84% 77.7K 2m14s
 36350K ..[0m[91m........ .......... .......... ....[0m[91m..[0m[91m.... ..........[0m[91m 84%[0m[91m  125K 2m13s[0m[91m
 36400K .......... ......[0m[91m.... .......... ..........[0m[91m .......... 84%  123K 2m12s
 36450K .......... ....[0m[91m...... ..........[0m[91m .......... .......... 84%[0m[91m 82.3K 2m10s
 36500K .......... ..[0m[91m........ ........[0m[91m.. .......... ....[0m[91m...... 84%  124K 2m9s
 36550K ..........[0m[91m .......... ......[0m[91m.... .......... ..[0m[91m........ 84%  123K 2m8s[0m[91m
 36600K ........[0m[91m.[0m[91m. ..........[0m[91m ....[0m[91m...... ..........[0m[91m .......... 84% 82.8K 2m7s
 36650K ......[0m[91m.... .......... ..[0m[91m........[0m[91m ........[0m[91m.. .......... 84% 61.7K 2m6s
 36700K ....[0m[91m...... ..........[0m[91m .......... ......[0m[91m.... .......... 84% 82.3K 2m5s
 36750K ..[0m[91m........ ........[0m[91m.. .......... ....[0m[91m...... .......... 85% 49.4K 2m4s[0m[91m
 36800K .......... ......[0m[91m.... .......... ..[0m[91m........ ........[0m[91m.. 85% 41.1K 2m3s
 36850K .......... ....[0m[91m...... ..........[0m[91m .......... ......[0m[91m.... 85% 41.1K 2m2s
 36900K .......... ..[0m[91m........ ........[0m[91m.. .......... ....[0m[91m...... 85% 49.7K 2m2s
 36950K ..........[0m[91m .......... ......[0m[91m.... .......... ..[0m[91m........ 85% 47.6K 2m1s
 37000K ........[0m[91m.. .......... ....[0m[91m...... ..........[0m[91m .......... 85% 65.2K 2m0s
 37050K ......[0m[91m.... .......... ..[0m[91m........ ........[0m[91m.. .......... 85% 62.5K 1m59s
 37100K ....[0m[91m...... ..........[0m[91m .......... ......[0m[91m.... .......... 85% 71.6K 1m58s
 37150K ..[0m[91m........ ........[0m[91m.. .......... ....[0m[91m...... .......... 86% 69.8K 1m57s[0m[91m
 37200K .......... ......[0m[91m.... .......... ..[0m[91m........ ........[0m[91m.. 86% 61.9K 1m56s
 37250K .......... ....[0m[91m...... ..........[0m[91m .......... ......[0m[91m.... 86% 61.9K 1m55s
 37300K .......... ..[0m[91m........ ........[0m[91m.. .......... ....[0m[91m...... 86% 49.6K 1m54s
 37350K ..........[0m[91m .......... ......[0m[91m.... .......... ..[0m[91m........ 86% 83.7K 1m53s
 37400K ........[0m[91m.. .......... ....[0m[91m...... ..........[0m[91m .......... 86% 82.9K 1m52s
 37450K ......[0m[91m.... .......... ..[0m[91m........ .......... .......... 86% 60.3K 1m51s
 37500K ....[0m[91m...... ..........[0m[91m .......... ......[0m[91m.... .......... 86% 47.9K 1m50s
 37550K ..[0m[91m........ ........[0m[91m.. .......... ....[0m[91m...... .......... 86% 51.5K 1m49s[0m[91m
 37600K .......... ......[0m[91m.... .......... ..[0m[91m........ ........[0m[91m.. 87% 56.3K 1m48s
 37650K .......... ....[0m[91m...... ..........[0m[91m .......... ......[0m[91m.... 87% 54.1K 1m47s
 37700K .......... ..[0m[91m........ ........[0m[91m.. .......... ....[0m[91m...... 87% 62.1K 1m46s
 37750K ..[0m[91m........[0m[91m .......... ......[0m[91m.... .......... ..[0m[91m........ 87% 61.8K 1m45s
 37800K ........[0m[91m.. .......... ....[0m[91m...... ..........[0m[91m .......... 87% 55.8K 1m44s
 37850K ......[0m[91m.... .......... ..[0m[91m........ ........[0m[91m.. .......... 87% 44.8K 1m43s
 37900K ....[0m[91m...... ..........[0m[91m .......... ......[0m[91m.... .......... 87% 29.2K 1m42s
 37950K ..[0m[91m........ ........[0m[91m.. .......... ....[0m[91m...... ..[0m[91m........ 87% 49.7K 1m41s[0m[91m
 38000K .......... ......[0m[91m.... .......... ..[0m[91m........ ........[0m[91m.. 88% 41.5K 1m40s
 38050K .......... ....[0m[91m...... ..........[0m[91m .......... ......[0m[91m.... 88% 83.1K 99s
 38100K .......... ..[0m[91m........ ........[0m[91m.. .......... ....[0m[91m...... 88% 83.4K 98s
 38150K ..........[0m[91m .......... ......[0m[91m.... .......... ..[0m[91m........ 88% 77.5K 97s
 38200K ........[0m[91m.. .......... ....[0m[91m...... ..........[0m[91m .......... 88%  103K 96s
 38250K ......[0m[91m.... .......... ..[0m[91m........ .......... ......[0m[91m.... 88% 96.3K 95s
 38300K ....[0m[91m...... ..........[0m[91m .......... ......[0m[91m.... .......... 88% 83.0K 94s
 38350K ..[0m[91m........ ........[0m[91m.. .......... ....[0m[91m...... .......... 88% 82.1K 93s[0m[91m
 38400K .......... ......[0m[91m.... .......... ..[0m[91m........ ........[0m[91m.. 88% 21.9K 92s
 38450K .......... ....[0m[91m...... ..........[0m[91m .......... ......[0m[91m.... 89% 29.2K 91s
 38500K .......... ..[0m[91m........ ........[0m[91m.. .......... ....[0m[91m...... 89% 25.4K 90s
 38550K ..........[0m[91m .......... ......[0m[91m.... .......... ..[0m[91m........ 89% 41.2K 90s
 38600K ........[0m[91m.. .......... ....[0m[91m...... ..[0m[91m........[0m[91m .......... 89% 49.7K 89s
 38650K ......[0m[91m.... .......... ..[0m[91m........ ........[0m[91m.. .......... 89% 62.2K 88s
 38700K ....[0m[91m...... ..........[0m[91m .......... ......[0m[91m.... .......... 89%[0m[91m 61.8K 87s
 38750K ..[0m[91m........ ........[0m[91m.. .......... ....[0m[91m...... .......... 89% 49.3K 86s[0m[91m
 38800K .......... ......[0m[91m.... .......... ..[0m[91m........ ........[0m[91m.. 89% 62.1K 85s
 38850K .......... ....[0m[91m...... ..........[0m[91m .......... ......[0m[91m.... 89% 82.4K 84s
 38900K .......... ..[0m[91m........ ........[0m[91m.. .......... ....[0m[91m...... 90% 82.2K 83s
 38950K ..........[0m[91m .......... .......... ....[0m[91m...... ..[0m[91m........ 90% 82.5K 82s
 39000K ........[0m[91m.. .......... ....[0m[91m...... ..........[0m[91m .......... 90% 61.6K 81s
 39050K ......[0m[91m.... .......... ..[0m[91m........ ........[0m[91m.. .......... 90% 83.5K 80s
 39100K ....[0m[91m...... ..[0m[91m........[0m[91m ........[0m[91m.. ......[0m[91m.... .......... 90%  123K 79s
 39150K ..[0m[91m........ ........[0m[91m.. .......... ....[0m[91m...... .......... 90% 83.4K 78s
 39200K ........[0m[91m.. ......[0m[91m.... .......... ..[0m[91m........ ........[0m[91m.. 90% 82.6K 77s
 39250K .......... ...[0m[91m.[0m[91m...... ..........[0m[91m .......... ......[0m[91m.... 90%  124K 76s
 39300K .......... ..[0m[91m........ ........[0m[91m.. .......... ....[0m[91m...... 91%  125K 75s
 39350K ..[0m[91m........[0m[91m .......... ......[0m[91m.... .......... ..[0m[91m........ 91%  125K 74s
 39400K ........[0m[91m.. .......... ....[0m[91m...... ..........[0m[91m .......... 91%  125K 73s
 39450K ..[0m[91m....[0m[91m.... .......... ..[0m[91m........ ........[0m[91m.. .......... 91% 82.3K 72s
 39500K ....[0m[91m...... ..........[0m[91m .......... ......[0m[91m.... .......... 91% 82.6K 71s
 39550K ..[0m[91m........[0m[91m ........[0m[91m.. .......... ....[0m[91m...... .......... 91% 83.3K 70s[0m[91m
 39600K .......... ......[0m[91m.... .......... .......... ........[0m[91m.. 91% 82.1K 69s
 39650K .......... ....[0m[91m...... ..........[0m[91m .......... ......[0m[91m.... 91% 83.5K 68s
 39700K .......... ..[0m[91m........ .......... ......[0m[91m.... ....[0m[91m...... 91%  123K 67s
 39750K ..........[0m[91m .......... ......[0m[91m.... .......... ..[0m[91m........ 92% 82.2K 66s[0m[91m
 39800K ........[0m[91m.. .......... ....[0m[91m...... ..........[0m[91m .......... 92% 31.0K 65s
 39850K ......[0m[91m.... .......... ..[0m[91m........ ........[0m[91m.. .......... 92% 31.1K 64s
 39900K ....[0m[91m...... ..........[0m[91m .......... ......[0m[91m.... .......... 92% 49.4K 63s
 39950K ..[0m[91m........ ........[0m[91m.. .......... ....[0m[91m...... .......... 92% 49.4K 62s[0m[91m
 40000K .......... ......[0m[91m.... .......... ..[0m[91m........ ........[0m[91m.. 92% 38.5K 61s
 40050K .......... ....[0m[91m...... ..........[0m[91m .......... ......[0m[91m.... 92% 39.5K 60s
 40100K .......... ..[0m[91m........ ........[0m[91m.. .......... ....[0m[91m...... 92% 61.9K 59s
 40150K ..........[0m[91m .......... ......[0m[91m.... .......... ..[0m[91m........ 92% 59.5K 58s
 40200K ........[0m[91m.. .......... ....[0m[91m...... ..........[0m[91m .......... 93% 66.3K 57s
 40250K ......[0m[91m.... .......... ..[0m[91m........ ........[0m[91m.. .......... 93% 82.8K 56s
 40300K ....[0m[91m...... ..........[0m[91m .......... ......[0m[91m.... .......... 93%  110K 55s
 40350K ..[0m[91m........ ........[0m[91m.. .......... ....[0m[91m...... .......... 93% 91.3K 54s[0m[91m
 40400K .......... ......[0m[91m.... .......... ..[0m[91m........ ........[0m[91m.. 93% 88.9K 53s
 40450K .......... ....[0m[91m...... ..........[0m[91m .......... ......[0m[91m.... 93%  166K 52s
 40500K .......... ..[0m[91m........ .......... ..[0m[91m....[0m[91m.... ....[0m[91m......[0m[91m 93% 83.0K 51s
 40550K .......... .......... ......[0m[91m.... .......... ..[0m[91m........ 93% 91.2K 50s
 40600K ........[0m[91m.. .......... ....[0m[91m...... ..........[0m[91m .......... 94%  124K 49s[0m[91m
 40650K ......[0m[91m.... .......... ..[0m[91m........[0m[91m ........[0m[91m.. .......... 94% 83.9K 48s
 40700K ....[0m[91m...... ..........[0m[91m .......... ......[0m[91m.... .......... 94%  107K 47s
 40750K ..[0m[91m........ ........[0m[91m.. .......... ....[0m[91m...... .......... 94% 93.8K 46s[0m[91m
 40800K .......... ......[0m[91m.... .......... ..[0m[91m........ ........[0m[91m.. 94% 83.0K 45s
 40850K .......... ....[0m[91m...... ..........[0m[91m .......... ......[0m[91m.... 94%  125K 44s
 40900K .......... ..[0m[91m........ ........[0m[91m.. .......... ....[0m[91m...... 94% 92.1K 43s
 40950K ..........[0m[91m .......... .......... ....[0m[91m...... ..[0m[91m........ 94% 90.5K 42s
 41000K ........[0m[91m.. .......... ....[0m[91m...... ..........[0m[91m .......... 94% 69.8K 41s
 41050K ......[0m[91m.... .......... ..[0m[91m........ ........[0m[91m.. .......... 95% 34.4K 41s
 41100K ....[0m[91m...... ..........[0m[91m .......... ......[0m[91m.... .......... 95%  126K 40s
 41150K ..[0m[91m........ .......... .......... ....[0m[91m...... .......... 95% 58.7K 39s[0m[91m
 41200K .......... ......[0m[91m.... .......... ..[0m[91m........ ........[0m[91m.. 95% 41.3K 38s
 41250K .......... ....[0m[91m...... ..........[0m[91m .......... ......[0m[91m.... 95% 43.6K 37s
 41300K .......... ..[0m[91m........ ........[0m[91m.. .......... ....[0m[91m...... 95% 49.6K 36s
 41350K ..........[0m[91m .......... ......[0m[91m.... .......... ..[0m[91m........ 95% 53.9K 35s
 41400K ........[0m[91m.. .......... ....[0m[91m...... ..........[0m[91m .......... 95% 49.7K 34s
 41450K ......[0m[91m.... .......... ..[0m[91m........ ........[0m[91m.. .......... 95% 41.3K 33s
 41500K ....[0m[91m...... ..........[0m[91m .......... ......[0m[91m.... .......... 96% 35.8K 32s
 41550K ..[0m[91m........ ........[0m[91m.. .......... ....[0m[91m...... .......... 96% 35.5K 31s[0m[91m
 41600K .......... ......[0m[91m.... .......... ..[0m[91m........ ........[0m[91m.. 96% 41.1K 30s
 41650K .......... ....[0m[91m...... ..........[0m[91m .......... ......[0m[91m.... 96% 62.2K 29s
 41700K .......... ..[0m[91m........[0m[91m ........[0m[91m.. .......... ....[0m[91m...... 96% 83.3K 28s
 41750K ..........[0m[91m .......... ......[0m[91m.... .......... ..[0m[91m........ 96% 83.2K 27s
 41800K ........[0m[91m.. .......... ....[0m[91m.[0m[91m..... ..[0m[91m........[0m[91m .......... 96% 83.6K 26s
 41850K ......[0m[91m.... .......... ..[0m[91m........ ........[0m[91m.. .......... 96% 82.1K 25s
 41900K ....[0m[91m...... ..........[0m[91m .......... ......[0m[91m.... .......... 97%  125K 24s
 41950K ..[0m[91m........ ........[0m[91m.. .......... .......... ..[0m[91m........ 97% 82.4K 23s[0m[91m
 42000K .......... ......[0m[91m.... .......... ..[0m[91m........ ........[0m[91m.. 97% 82.8K 22s
 42050K .......... .[0m[91m...[0m[91m...... ..........[0m[91m .......... ......[0m[91m.... 97% 62.1K 22s
 42100K ....[0m[91m...... ..[0m[91m........[0m[91m .......[0m[91m.[0m[91m.. .......... ....[0m[91m...... 97%  123K 21s
 42150K ..........[0m[91m .......... .......... .......... ..[0m[91m........ 97%  124K 20s
 42200K ........[0m[91m.. .......... ....[0m[91m...... ..........[0m[91m .......... 97%[0m[91m  123K 19s
 42250K ......[0m[91m.... .......... ..[0m[91m........ ........[0m[91m.. .......... 97% 47.7K 18s
 42300K .........[0m[91m. ..........[0m[91m .......... ......[0m[91m.... .......... 97% 82.8K 17s
 42350K ..[0m[91m........ ........[0m[91m.. .......... ....[0m[91m...... .......... 98% 49.7K 16s[0m[91m
 42400K .......... ......[0m[91m.... .......... ..[0m[91m........ ........[0m[91m.. 98% 27.6K 15s
 42450K .......... ....[0m[91m...... ..........[0m[91m .......... ......[0m[91m.... 98% 82.9K 14s
 42500K .......... ..[0m[91m........ ........[0m[91m.. .......... ....[0m[91m...... 98% 49.1K 13s
 42550K .......... ........[0m[91m.. ......[0m[91m.... .......... ..[0m[91m........ 98%  124K 12s
 42600K ........[0m[91m.. .......... ....[0m[91m...... ..........[0m[91m .......... 98% 62.3K 11s
 42650K ......[0m[91m.... .......... ..[0m[91m........ ........[0m[91m.. .......... 98% 49.9K 10s
 42700K ....[0m[91m...... ..........[0m[91m .......... ......[0m[91m.... .......... 98% 61.6K 9s
 42750K ..[0m[91m........ ........[0m[91m.. .......... ....[0m[91m...... .......... 98% 74.0K 8s[0m[91m
 42800K .......... ......[0m[91m.... .......... ..[0m[91m........ ........[0m[91m.. 99% 62.0K 7s
 42850K .......... ....[0m[91m...... ..........[0m[91m .......... ......[0m[91m.... 99% 94.6K 6s
 42900K .......... ..[0m[91m........ ........[0m[91m.. .......... .......... 99%  104K 5s
 42950K ..[0m[91m........[0m[91m .......... ......[0m[91m.... .......... ..[0m[91m........ 99% 41.1K 4s
 43000K .......... ......[0m[91m.... ....[0m[91m...... ..........[0m[91m .......... 99% 82.5K 4s
 43050K ......[0m[91m.... .......... ..[0m[91m........ ........[0m[91m.. .......... 99% 62.0K 3s
 43100K ....[0m[91m...... ..........[0m[91m .......... ......[0m[91m.... .......... 99% 51.2K 2s
 43150K ..[0m[91m........ ........[0m[91m.. .......... ....[0m[91m...... .......... 99% 77.4K 1s[0m[91m
 43200K .......... ......[0m[91m.... ....[0m[91m...... ..[0m[91m...                100% 59.7K=13m36s

[0m[91m2021-08-20 05:59:08 (53.0 KB/s) - 'external/binutils-2.35.1.tar.gz' saved [44273403/44273403]

[0m[0;33m[1mCompile objdump[0m
checking build system type... x86_64-pc-linux-gnu
checking host system type... x86_64-pc-linux-gnu
checking target system type... x86_64-pc-linux-gnu
checking for a BSD-compatible install... /usr/bin/install -c
checking whether ln works... yes
checking whether ln -s works... yes
checking for a sed that does not truncate output... /usr/bin/sed
checking for gawk... gawk
checking for gcc... gcc
checking whether the C compiler works... yes
checking for C compiler default output file name... a.out
checking for suffix of executables... 
checking whether we are cross compiling... no
checking for suffix of object files... o
checking whether we are using the GNU C compiler... yes
checking whether gcc accepts -g... yes
checking for gcc option to accept ISO C89... none needed
checking for g++... g++
checking whether we are using the GNU C++ compiler... yes
checking whether g++ accepts -g... yes
checking whether g++ accepts -static-libstdc++ -static-libgcc... yes
checking for gnatbind... no
checking for gnatmake... no
checking whether compiler driver understands Ada... no
checking how to compare bootstrapped objects... cmp --ignore-initial=16 $$f1 $$f2
checking for objdir... .libs
checking whether to use debuginfod... auto
checking for debuginfod_begin in -ldebuginfod... no
checking whether debuginfod_begin is declared... no
[91mconfigure: WARNING: debuginfod is missing or unusable; some features may be unavailable.
[0mchecking for isl 0.15 or later... no
required isl version is 0.15 or later
checking for default BUILD_CONFIG... 
checking for --enable-vtable-verify... no
checking for bison... bison -y
checking for bison... bison
checking for gm4... no
checking for gnum4... no
checking for m4... m4
checking for flex... no
checking for lex... no
checking for flex... no
checking for makeinfo... makeinfo
checking for expect... no
checking for runtest... no
checking for ar... ar
checking for as... as
checking for dlltool... no
checking for ld... ld
checking for lipo... no
checking for nm... nm
checking for ranlib... ranlib
checking for strip... strip
checking for windres... no
checking for windmc... no
checking for objcopy... objcopy
checking for objdump... objdump
checking for readelf... readelf
checking for cc... cc
checking for c++... c++
checking for gcc... gcc
checking for gfortran... no
checking for gccgo... no
checking for ar... ar
checking for as... as
checking for dlltool... no
checking for ld... ld
checking for lipo... no
checking for nm... nm
checking for objcopy... objcopy
checking for objdump... objdump
checking for ranlib... ranlib
checking for readelf... readelf
checking for strip... strip
checking for windres... no
checking for windmc... no
checking where to find the target ar... just compiled
checking where to find the target as... just compiled
checking where to find the target cc... host tool
checking where to find the target c++... host tool
checking where to find the target c++ for libstdc++... host tool
checking where to find the target dlltool... just compiled
checking where to find the target gcc... host tool
checking where to find the target gfortran... host tool
checking where to find the target gccgo... host tool
checking where to find the target ld... just compiled
checking where to find the target lipo... host tool
checking where to find the target nm... just compiled
checking where to find the target objcopy... just compiled
checking where to find the target objdump... just compiled
checking where to find the target ranlib... just compiled
checking where to find the target readelf... just compiled
checking where to find the target strip... just compiled
checking where to find the target windres... just compiled
checking where to find the target windmc... just compiled
checking whether to enable maintainer-specific portions of Makefiles... no
configure: creating ./config.status
config.status: creating Makefile
make[1]: Entering directory '/external/binutils-2.35.1'
Configuring in ./libiberty
configure: creating cache ./config.cache
checking whether to enable maintainer-specific portions of Makefiles... no
checking for makeinfo... makeinfo --split-size=5000000
checking for perl... perl
checking build system type... x86_64-pc-linux-gnu
checking host system type... x86_64-pc-linux-gnu
checking for x86_64-pc-linux-gnu-ar... ar
checking for x86_64-pc-linux-gnu-ranlib... ranlib
checking whether to install libiberty headers and static library... no
configure: target_header_dir = 
checking for x86_64-pc-linux-gnu-gcc... gcc
checking whether the C compiler works... yes
checking for C compiler default output file name... a.out
checking for suffix of executables... 
checking whether we are cross compiling... no
checking for suffix of object files... o
checking whether we are using the GNU C compiler... yes
checking whether gcc accepts -g... yes
checking for gcc option to accept ISO C89... none needed
checking how to run the C preprocessor... gcc -E
checking for grep that handles long lines and -e... /usr/bin/grep
checking for egrep... /usr/bin/grep -E
checking for ANSI C header files... yes
checking for sys/types.h... yes
checking for sys/stat.h... yes
checking for stdlib.h... yes
checking for string.h... yes
checking for memory.h... yes
checking for strings.h... yes
checking for inttypes.h... yes
checking for stdint.h... yes
checking for unistd.h... yes
checking minix/config.h usability... no
checking minix/config.h presence... no
checking for minix/config.h... no
checking whether it is safe to define __EXTENSIONS__... yes
checking for special C compiler options needed for large files... no
checking for _FILE_OFFSET_BITS value needed for large files... no
checking whether gcc supports -W... yes
checking whether gcc supports -Wall... yes
checking whether gcc supports -Wwrite-strings... yes
checking whether gcc supports -Wc++-compat... yes
checking whether gcc supports -Wstrict-prototypes... yes
checking whether gcc supports -Wshadow=local... yes
checking whether gcc supports -pedantic ... yes
checking whether gcc and cc understand -c and -o together... yes
checking for an ANSI C-conforming const... yes
checking for inline... inline
checking whether byte ordering is bigendian... no
checking for a BSD-compatible install... /usr/bin/install -c
checking for CET support... yes
checking for sys/file.h... yes
checking for sys/param.h... yes
checking for limits.h... yes
checking for stdlib.h... (cached) yes
checking for malloc.h... yes
checking for string.h... (cached) yes
checking for unistd.h... (cached) yes
checking for strings.h... (cached) yes
checking for sys/time.h... yes
checking for time.h... yes
checking for sys/resource.h... yes
checking for sys/stat.h... (cached) yes
checking for sys/mman.h... yes
checking for fcntl.h... yes
checking for alloca.h... yes
checking for sys/pstat.h... no
checking for sys/sysmp.h... no
checking for sys/sysinfo.h... yes
checking for machine/hal_sysinfo.h... no
checking for sys/table.h... no
checking for sys/sysctl.h... no
checking for sys/systemcfg.h... no
checking for stdint.h... (cached) yes
checking for stdio_ext.h... yes
checking for process.h... no
checking for sys/prctl.h... yes
checking for sys/wait.h that is POSIX.1 compatible... yes
checking whether time.h and sys/time.h may both be included... yes
checking whether errno must be declared... no
checking size of int... 4
checking size of long... 8
checking size of size_t... 8
checking for long long... yes
checking size of long long... 8
checking for a 64-bit type... uint64_t
checking for intptr_t... yes
checking for uintptr_t... yes
checking for ssize_t... yes
checking for pid_t... yes
checking for library containing strerror... none required
checking for asprintf... yes
checking for atexit... yes
checking for basename... yes
checking for bcmp... yes
checking for bcopy... yes
checking for bsearch... yes
checking for bzero... yes
checking for calloc... yes
checking for clock... yes
checking for ffs... yes
checking for getcwd... yes
checking for getpagesize... yes
checking for gettimeofday... yes
checking for index... yes
checking for insque... yes
checking for memchr... yes
checking for memcmp... yes
checking for memcpy... yes
checking for memmem... yes
checking for memmove... yes
checking for mempcpy... yes
checking for memset... yes
checking for mkstemps... yes
checking for putenv... yes
checking for random... yes
checking for rename... yes
checking for rindex... yes
checking for setenv... yes
checking for snprintf... yes
checking for sigsetmask... yes
checking for stpcpy... yes
checking for stpncpy... yes
checking for strcasecmp... yes
checking for strchr... yes
checking for strdup... yes
checking for strncasecmp... yes
checking for strndup... yes
checking for strnlen... yes
checking for strrchr... yes
checking for strstr... yes
checking for strtod... yes
checking for strtol... yes
checking for strtoul... yes
checking for strtoll... yes
checking for strtoull... yes
checking for strverscmp... yes
checking for tmpnam... yes
checking for vasprintf... yes
checking for vfprintf... yes
checking for vprintf... yes
checking for vsnprintf... yes
checking for vsprintf... yes
checking for waitpid... yes
checking for setproctitle... no
checking whether alloca needs Cray hooks... no
checking stack direction for C alloca... 1
checking for vfork.h... no
checking for fork... yes
checking for vfork... yes
checking for working fork... yes
checking for working vfork... (cached) yes
checking for _doprnt... no
checking for sys_errlist... yes
checking for sys_nerr... yes
checking for sys_siglist... yes
checking for external symbol _system_configuration... no
checking for __fsetlocking... yes
checking for canonicalize_file_name... yes
checking for dup3... yes
checking for getrlimit... yes
checking for getrusage... yes
checking for getsysinfo... no
checking for gettimeofday... (cached) yes
checking for on_exit... yes
checking for pipe2... yes
checking for psignal... yes
checking for pstat_getdynamic... no
checking for pstat_getstatic... no
checking for realpath... yes
checking for setrlimit... yes
checking for sbrk... yes
checking for spawnve... no
checking for spawnvpe... no
checking for strerror... yes
checking for strsignal... yes
checking for sysconf... yes
checking for sysctl... yes
checking for sysmp... no
checking for table... no
checking for times... yes
checking for wait3... yes
checking for wait4... yes
checking whether basename is declared... yes
checking whether ffs is declared... yes
checking whether asprintf is declared... yes
checking whether vasprintf is declared... yes
checking whether snprintf is declared... yes
checking whether vsnprintf is declared... yes
checking whether calloc is declared... yes
checking whether getenv is declared... yes
checking whether getopt is declared... yes
checking whether malloc is declared... yes
checking whether realloc is declared... yes
checking whether sbrk is declared... yes
checking whether strtol is declared... yes
checking whether strtoul is declared... yes
checking whether strtoll is declared... yes
checking whether strtoull is declared... yes
checking whether strverscmp is declared... yes
checking whether strnlen is declared... yes
checking whether canonicalize_file_name must be declared... no
checking for stdlib.h... (cached) yes
checking for unistd.h... (cached) yes
checking for sys/param.h... (cached) yes
checking for getpagesize... (cached) yes
checking for working mmap... yes
checking for working strncmp... yes
configure: updating cache ./config.cache
configure: creating ./config.status
config.status: creating Makefile
config.status: creating testsuite/Makefile
config.status: creating config.h
config.status: executing default commands
Configuring in ./intl
configure: creating cache ./config.cache
checking for x86_64-pc-linux-gnu-gcc... gcc
checking whether the C compiler works... yes
checking for C compiler default output file name... a.out
checking for suffix of executables... 
checking whether we are cross compiling... no
checking for suffix of object files... o
checking whether we are using the GNU C compiler... yes
checking whether gcc accepts -g... yes
checking for gcc option to accept ISO C89... none needed
checking how to run the C preprocessor... gcc -E
checking for grep that handles long lines and -e... /usr/bin/grep
checking for egrep... /usr/bin/grep -E
checking for ANSI C header files... yes
checking for sys/types.h... yes
checking for sys/stat.h... yes
checking for stdlib.h... yes
checking for string.h... yes
checking for memory.h... yes
checking for strings.h... yes
checking for inttypes.h... yes
checking for stdint.h... yes
checking for unistd.h... yes
checking minix/config.h usability... no
checking minix/config.h presence... no
checking for minix/config.h... no
checking whether it is safe to define __EXTENSIONS__... yes
checking whether make sets $(MAKE)... yes
checking for a BSD-compatible install... /usr/bin/install -c
checking whether NLS is requested... yes
checking for msgfmt... no
checking for gmsgfmt... :
checking for xgettext... no
checking for msgmerge... no
checking build system type... x86_64-pc-linux-gnu
checking host system type... x86_64-pc-linux-gnu
checking for x86_64-pc-linux-gnu-ranlib... ranlib
checking for library containing strerror... none required
checking for an ANSI C-conforming const... yes
checking for inline... inline
checking for off_t... yes
checking for size_t... yes
checking for working alloca.h... yes
checking for alloca... yes
checking for stdlib.h... (cached) yes
checking for unistd.h... (cached) yes
checking for sys/param.h... yes
checking for getpagesize... yes
checking for working mmap... yes
checking whether we are using the GNU C Library 2.1 or newer... yes
checking whether integer division by zero raises SIGFPE... yes
checking for inttypes.h... yes
checking for stdint.h... yes
checking for unsigned long long... yes
checking for inttypes.h... yes
checking whether the inttypes.h PRIxNN macros are broken... no
checking for ld used by GCC... ld
checking if the linker (ld) is GNU ld... yes
checking for shared library run path origin... done
checking argz.h usability... yes
checking argz.h presence... yes
checking for argz.h... yes
checking limits.h usability... yes
checking limits.h presence... yes
checking for limits.h... yes
checking locale.h usability... yes
checking locale.h presence... yes
checking for locale.h... yes
checking nl_types.h usability... yes
checking nl_types.h presence... yes
checking for nl_types.h... yes
checking malloc.h usability... yes
checking malloc.h presence... yes
checking for malloc.h... yes
checking stddef.h usability... yes
checking stddef.h presence... yes
checking for stddef.h... yes
checking for stdlib.h... (cached) yes
checking for string.h... (cached) yes
checking for unistd.h... (cached) yes
checking for sys/param.h... (cached) yes
checking for feof_unlocked... yes
checking for fgets_unlocked... yes
checking for getc_unlocked... yes
checking for getcwd... yes
checking for getegid... yes
checking for geteuid... yes
checking for getgid... yes
checking for getuid... yes
checking for mempcpy... yes
checking for munmap... yes
checking for putenv... yes
checking for setenv... yes
checking for setlocale... yes
checking for stpcpy... yes
checking for strcasecmp... yes
checking for strdup... yes
checking for strtoul... yes
checking for tsearch... yes
checking for __argz_count... yes
checking for __argz_stringify... yes
checking for __argz_next... yes
checking for __fsetlocking... yes
checking for iconv... yes
checking for iconv declaration... 
         extern size_t iconv (iconv_t cd, char * *inbuf, size_t *inbytesleft, char * *outbuf, size_t *outbytesleft);
checking for nl_langinfo and CODESET... yes
checking for LC_MESSAGES... yes
checking for bison... bison
checking version of bison... 3.7.6, ok
checking whether NLS is requested... yes
checking whether included gettext is requested... no
checking for GNU gettext in libc... yes
checking whether to use NLS... yes
checking where the gettext function comes from... libc
checking for aclocal... no
checking for autoconf... no
checking for autoheader... no
configure: updating cache ./config.cache
configure: creating ./config.status
config.status: creating Makefile
config.status: creating config.intl
config.status: creating config.h
config.status: executing default-1 commands
Configuring in ./bfd
configure: creating cache ./config.cache
checking build system type... x86_64-pc-linux-gnu
checking host system type... x86_64-pc-linux-gnu
checking target system type... x86_64-pc-linux-gnu
checking for x86_64-pc-linux-gnu-gcc... gcc
checking whether the C compiler works... yes
checking for C compiler default output file name... a.out
checking for suffix of executables... 
checking whether we are cross compiling... no
checking for suffix of object files... o
checking whether we are using the GNU C compiler... yes
checking whether gcc accepts -g... yes
checking for gcc option to accept ISO C89... none needed
checking whether gcc understands -c and -o together... yes
checking for library containing strerror... none required
checking for a BSD-compatible install... /usr/bin/install -c
checking whether build environment is sane... yes
checking for a thread-safe mkdir -p... /usr/bin/mkdir -p
checking for gawk... gawk
checking whether make sets $(MAKE)... yes
checking for style of include used by make... GNU
checking whether make supports nested variables... yes
checking dependency style of gcc... gcc3
checking for x86_64-pc-linux-gnu-ar... ar
checking for x86_64-pc-linux-gnu-ranlib... ranlib
checking for x86_64-pc-linux-gnu-gcc... (cached) gcc
checking whether we are using the GNU C compiler... (cached) yes
checking whether gcc accepts -g... (cached) yes
checking for gcc option to accept ISO C89... (cached) none needed
checking whether gcc understands -c and -o together... (cached) yes
checking how to run the C preprocessor... gcc -E
checking for grep that handles long lines and -e... /usr/bin/grep
checking for egrep... /usr/bin/grep -E
checking for ANSI C header files... yes
checking for sys/types.h... yes
checking for sys/stat.h... yes
checking for stdlib.h... yes
checking for string.h... yes
checking for memory.h... yes
checking for strings.h... yes
checking for inttypes.h... yes
checking for stdint.h... yes
checking for unistd.h... yes
checking minix/config.h usability... no
checking minix/config.h presence... no
checking for minix/config.h... no
checking whether it is safe to define __EXTENSIONS__... yes
checking how to print strings... printf
checking for a sed that does not truncate output... /usr/bin/sed
checking for fgrep... /usr/bin/grep -F
checking for ld used by gcc... ld
checking if the linker (ld) is GNU ld... yes
checking for BSD- or MS-compatible name lister (nm)... nm
checking the name lister (nm) interface... BSD nm
checking whether ln -s works... yes
checking the maximum length of command line arguments... 1572864
checking whether the shell understands some XSI constructs... yes
checking whether the shell understands "+="... yes
checking for ld option to reload object files... -r
checking for x86_64-pc-linux-gnu-objdump... objdump
checking how to recognize dependent libraries... pass_all
checking for x86_64-pc-linux-gnu-ar... (cached) ar
checking for x86_64-pc-linux-gnu-strip... no
checking for strip... strip
checking for x86_64-pc-linux-gnu-ranlib... (cached) ranlib
checking command to parse nm output from gcc object... ok
checking for dlfcn.h... yes
checking for objdir... .libs
checking if gcc supports -fno-rtti -fno-exceptions... no
checking for gcc option to produce PIC... -fPIC -DPIC
checking if gcc PIC flag -fPIC -DPIC works... yes
checking if gcc static flag -static works... yes
checking if gcc supports -c -o file.o... yes
checking if gcc supports -c -o file.o... (cached) yes
checking whether the gcc linker (ld -m elf_x86_64) supports shared libraries... yes
checking dynamic linker characteristics... GNU/Linux ld.so
checking how to hardcode library paths into programs... immediate
checking for shl_load... no
checking for shl_load in -ldld... no
checking for dlopen... no
checking for dlopen in -ldl... yes
checking whether a program can dlopen itself... yes
checking whether a statically linked program can dlopen itself... no
checking whether stripping libraries is possible... yes
checking if libtool supports shared libraries... yes
checking whether to build shared libraries... no
checking whether to build static libraries... yes
checking for dlfcn.h... (cached) yes
checking for windows.h... no
checking for library containing dlsym... -ldl
checking for special C compiler options needed for large files... no
checking for _FILE_OFFSET_BITS value needed for large files... no
Setting warning flags = -W -Wall -Wstrict-prototypes -Wmissing-prototypes -Wshadow -Wstack-usage=262144
checking whether to enable maintainer-specific portions of Makefiles... no
checking whether to install libbfd... yes
checking whether NLS is requested... yes
checking for catalogs to be installed...  da es fi fr hr id ja pt ro ru rw sr sv tr uk vi zh_CN da es fi fr hr id ja pt ro ru rw sr sv tr uk vi zh_CN
checking whether NLS is requested... yes
checking for msgfmt... no
checking for gmsgfmt... :
checking for xgettext... no
checking for msgmerge... no
checking for long double... yes
checking for long long... yes
checking size of long long... 8
checking size of void *... 8
checking size of long... 8
checking size of int... 4
checking alloca.h usability... yes
checking alloca.h presence... yes
checking for alloca.h... yes
checking stddef.h usability... yes
checking stddef.h presence... yes
checking for stddef.h... yes
checking for string.h... (cached) yes
checking for strings.h... (cached) yes
checking for stdlib.h... (cached) yes
checking time.h usability... yes
checking time.h presence... yes
checking for time.h... yes
checking for unistd.h... (cached) yes
checking wchar.h usability... yes
checking wchar.h presence... yes
checking for wchar.h... yes
checking wctype.h usability... yes
checking wctype.h presence... yes
checking for wctype.h... yes
checking fcntl.h usability... yes
checking fcntl.h presence... yes
checking for fcntl.h... yes
checking sys/file.h usability... yes
checking sys/file.h presence... yes
checking for sys/file.h... yes
checking sys/time.h usability... yes
checking sys/time.h presence... yes
checking for sys/time.h... yes
checking for sys/stat.h... (cached) yes
checking sys/resource.h usability... yes
checking sys/resource.h presence... yes
checking for sys/resource.h... yes
looking for a compliant stdint.h in stdint.h, checking for uintmax_t... yes
checking for uintptr_t... yes
checking for int_least32_t... yes
checking for int_fast32_t... yes
checking for uint64_t... yes
checking what to include in bfd_stdint.h... stdint.h (already complete)
checking whether time.h and sys/time.h may both be included... yes
checking for dirent.h that defines DIR... yes
checking for library containing opendir... none required
checking whether string.h and strings.h may both be included... yes
checking for fcntl... yes
checking for getpagesize... yes
checking for setitimer... yes
checking for sysconf... yes
checking for fdopen... yes
checking for getuid... yes
checking for getgid... yes
checking for fileno... yes
checking for fls... no
checking for strtoull... yes
checking for getrlimit... yes
checking whether basename is declared... yes
checking whether ftello is declared... yes
checking whether ftello64 is declared... yes
checking whether fseeko is declared... yes
checking whether fseeko64 is declared... yes
checking whether ffs is declared... yes
checking whether free is declared... yes
checking whether getenv is declared... yes
checking whether malloc is declared... yes
checking whether realloc is declared... yes
checking whether stpcpy is declared... yes
checking whether strstr is declared... yes
checking whether asprintf is declared... yes
checking whether vasprintf is declared... yes
checking whether snprintf is declared... yes
checking whether vsnprintf is declared... yes
checking whether strnlen is declared... yes
checking compiler support for hidden visibility... yes
checking linker --as-needed support... yes
checking for cos in -lm... yes
checking for gcc version with buggy 64-bit support... no
checking sys/procfs.h usability... yes
checking sys/procfs.h presence... yes
checking for sys/procfs.h... yes
checking for prstatus_t in sys/procfs.h... yes
checking for prstatus32_t in sys/procfs.h... no
checking for prstatus_t.pr_who in sys/procfs.h... no
checking for prstatus32_t.pr_who in sys/procfs.h... no
checking for pstatus_t in sys/procfs.h... no
checking for pxstatus_t in sys/procfs.h... no
checking for pstatus32_t in sys/procfs.h... no
checking for prpsinfo_t in sys/procfs.h... yes
checking for prpsinfo_t.pr_pid in sys/procfs.h... yes
checking for prpsinfo32_t in sys/procfs.h... no
checking for prpsinfo32_t.pr_pid in sys/procfs.h... no
checking for psinfo_t in sys/procfs.h... no
checking for psinfo_t.pr_pid in sys/procfs.h... no
checking for psinfo32_t in sys/procfs.h... no
checking for psinfo32_t.pr_pid in sys/procfs.h... no
checking for lwpstatus_t in sys/procfs.h... no
checking for lwpxstatus_t in sys/procfs.h... no
checking for lwpstatus_t.pr_context in sys/procfs.h... no
checking for lwpstatus_t.pr_reg in sys/procfs.h... no
checking for lwpstatus_t.pr_fpreg in sys/procfs.h... no
checking for win32_pstatus_t in sys/procfs.h... no
checking for ftello... yes
checking for ftello64... yes
checking for fseeko... yes
checking for fseeko64... yes
checking for fopen64... yes
checking size of off_t... 8
checking file_ptr type... BFD_HOST_64_BIT
checking for stdlib.h... (cached) yes
checking for unistd.h... (cached) yes
checking for sys/param.h... yes
checking for getpagesize... (cached) yes
checking for working mmap... yes
checking for madvise... yes
checking for mprotect... yes
configure: updating cache ./config.cache
checking that generated files are newer than configure... done
configure: creating ./config.status
config.status: creating Makefile
config.status: creating doc/Makefile
config.status: creating bfd-in3.h
config.status: creating po/Makefile.in
config.status: creating config.h
config.status: executing depfiles commands
config.status: executing libtool commands
config.status: executing default-1 commands
config.status: executing bfd_stdint.h commands
config.status: executing default commands
make[2]: Entering directory '/external/binutils-2.35.1/libiberty'
if [ x"" != x ] && [ ! -d pic ]; then \
  mkdir pic; \
else true; fi
touch stamp-picdir
if [ x"" != x ] && [ ! -d noasan ]; then \
  mkdir noasan; \
else true; fi
touch stamp-noasandir
if [ x"" != x ]; then \
  gcc -c -DHAVE_CONFIG_H -g -O2  -I. -I./../include  -W -Wall -Wwrite-strings -Wc++-compat -Wstrict-prototypes -Wshadow=local -pedantic  -D_GNU_SOURCE -fcf-protection  ./regex.c -o pic/regex.o; \
else true; fi
if [ x"" != x ]; then \
  gcc -c -DHAVE_CONFIG_H -g -O2  -I. -I./../include  -W -Wall -Wwrite-strings -Wc++-compat -Wstrict-prototypes -Wshadow=local -pedantic  -D_GNU_SOURCE -fcf-protection   ./regex.c -o noasan/regex.o; \
else true; fi
gcc -c -DHAVE_CONFIG_H -g -O2  -I. -I./../include  -W -Wall -Wwrite-strings -Wc++-compat -Wstrict-prototypes -Wshadow=local -pedantic  -D_GNU_SOURCE -fcf-protection ./regex.c -o regex.o
if [ x"" != x ]; then \
  gcc -c -DHAVE_CONFIG_H -g -O2  -I. -I./../include  -W -Wall -Wwrite-strings -Wc++-compat -Wstrict-prototypes -Wshadow=local -pedantic  -D_GNU_SOURCE -fcf-protection  ./cplus-dem.c -o pic/cplus-dem.o; \
else true; fi
if [ x"" != x ]; then \
  gcc -c -DHAVE_CONFIG_H -g -O2  -I. -I./../include  -W -Wall -Wwrite-strings -Wc++-compat -Wstrict-prototypes -Wshadow=local -pedantic  -D_GNU_SOURCE -fcf-protection   ./cplus-dem.c -o noasan/cplus-dem.o; \
else true; fi
gcc -c -DHAVE_CONFIG_H -g -O2  -I. -I./../include  -W -Wall -Wwrite-strings -Wc++-compat -Wstrict-prototypes -Wshadow=local -pedantic  -D_GNU_SOURCE -fcf-protection ./cplus-dem.c -o cplus-dem.o
if [ x"" != x ]; then \
  gcc -c -DHAVE_CONFIG_H -g -O2  -I. -I./../include  -W -Wall -Wwrite-strings -Wc++-compat -Wstrict-prototypes -Wshadow=local -pedantic  -D_GNU_SOURCE -fcf-protection  ./cp-demangle.c -o pic/cp-demangle.o; \
else true; fi
if [ x"" != x ]; then \
  gcc -c -DHAVE_CONFIG_H -g -O2  -I. -I./../include  -W -Wall -Wwrite-strings -Wc++-compat -Wstrict-prototypes -Wshadow=local -pedantic  -D_GNU_SOURCE -fcf-protection   ./cp-demangle.c -o noasan/cp-demangle.o; \
else true; fi
gcc -c -DHAVE_CONFIG_H -g -O2  -I. -I./../include  -W -Wall -Wwrite-strings -Wc++-compat -Wstrict-prototypes -Wshadow=local -pedantic  -D_GNU_SOURCE -fcf-protection ./cp-demangle.c -o cp-demangle.o
if [ x"" != x ]; then \
  gcc -c -DHAVE_CONFIG_H -g -O2  -I. -I./../include  -W -Wall -Wwrite-strings -Wc++-compat -Wstrict-prototypes -Wshadow=local -pedantic  -D_GNU_SOURCE -fcf-protection  ./md5.c -o pic/md5.o; \
else true; fi
if [ x"" != x ]; then \
  gcc -c -DHAVE_CONFIG_H -g -O2  -I. -I./../include  -W -Wall -Wwrite-strings -Wc++-compat -Wstrict-prototypes -Wshadow=local -pedantic  -D_GNU_SOURCE -fcf-protection   ./md5.c -o noasan/md5.o; \
else true; fi
gcc -c -DHAVE_CONFIG_H -g -O2  -I. -I./../include  -W -Wall -Wwrite-strings -Wc++-compat -Wstrict-prototypes -Wshadow=local -pedantic  -D_GNU_SOURCE -fcf-protection ./md5.c -o md5.o
if [ x"" != x ]; then \
  gcc -c -DHAVE_CONFIG_H -g -O2  -I. -I./../include  -W -Wall -Wwrite-strings -Wc++-compat -Wstrict-prototypes -Wshadow=local -pedantic  -D_GNU_SOURCE -fcf-protection  ./sha1.c -o pic/sha1.o; \
else true; fi
if [ x"" != x ]; then \
  gcc -c -DHAVE_CONFIG_H -g -O2  -I. -I./../include  -W -Wall -Wwrite-strings -Wc++-compat -Wstrict-prototypes -Wshadow=local -pedantic  -D_GNU_SOURCE -fcf-protection   ./sha1.c -o noasan/sha1.o; \
else true; fi
gcc -c -DHAVE_CONFIG_H -g -O2  -I. -I./../include  -W -Wall -Wwrite-strings -Wc++-compat -Wstrict-prototypes -Wshadow=local -pedantic  -D_GNU_SOURCE -fcf-protection ./sha1.c -o sha1.o
if [ x"" != x ]; then \
  gcc -c -DHAVE_CONFIG_H -g -O2  -I. -I./../include  -W -Wall -Wwrite-strings -Wc++-compat -Wstrict-prototypes -Wshadow=local -pedantic  -D_GNU_SOURCE -fcf-protection  ./alloca.c -o pic/alloca.o; \
else true; fi
if [ x"" != x ]; then \
  gcc -c -DHAVE_CONFIG_H -g -O2  -I. -I./../include  -W -Wall -Wwrite-strings -Wc++-compat -Wstrict-prototypes -Wshadow=local -pedantic  -D_GNU_SOURCE -fcf-protection   ./alloca.c -o noasan/alloca.o; \
else true; fi
gcc -c -DHAVE_CONFIG_H -g -O2  -I. -I./../include  -W -Wall -Wwrite-strings -Wc++-compat -Wstrict-prototypes -Wshadow=local -pedantic  -D_GNU_SOURCE -fcf-protection ./alloca.c -o alloca.o
if [ x"" != x ]; then \
  gcc -c -DHAVE_CONFIG_H -g -O2  -I. -I./../include  -W -Wall -Wwrite-strings -Wc++-compat -Wstrict-prototypes -Wshadow=local -pedantic  -D_GNU_SOURCE -fcf-protection  ./argv.c -o pic/argv.o; \
else true; fi
if [ x"" != x ]; then \
  gcc -c -DHAVE_CONFIG_H -g -O2  -I. -I./../include  -W -Wall -Wwrite-strings -Wc++-compat -Wstrict-prototypes -Wshadow=local -pedantic  -D_GNU_SOURCE -fcf-protection   ./argv.c -o noasan/argv.o; \
else true; fi
gcc -c -DHAVE_CONFIG_H -g -O2  -I. -I./../include  -W -Wall -Wwrite-strings -Wc++-compat -Wstrict-prototypes -Wshadow=local -pedantic  -D_GNU_SOURCE -fcf-protection ./argv.c -o argv.o
if [ x"" != x ]; then \
  gcc -c -DHAVE_CONFIG_H -g -O2  -I. -I./../include  -W -Wall -Wwrite-strings -Wc++-compat -Wstrict-prototypes -Wshadow=local -pedantic  -D_GNU_SOURCE -fcf-protection  ./bsearch_r.c -o pic/bsearch_r.o; \
else true; fi
if [ x"" != x ]; then \
  gcc -c -DHAVE_CONFIG_H -g -O2  -I. -I./../include  -W -Wall -Wwrite-strings -Wc++-compat -Wstrict-prototypes -Wshadow=local -pedantic  -D_GNU_SOURCE -fcf-protection   ./bsearch_r.c -o noasan/bsearch_r.o; \
else true; fi
gcc -c -DHAVE_CONFIG_H -g -O2  -I. -I./../include  -W -Wall -Wwrite-strings -Wc++-compat -Wstrict-prototypes -Wshadow=local -pedantic  -D_GNU_SOURCE -fcf-protection ./bsearch_r.c -o bsearch_r.o
if [ x"" != x ]; then \
  gcc -c -DHAVE_CONFIG_H -g -O2  -I. -I./../include  -W -Wall -Wwrite-strings -Wc++-compat -Wstrict-prototypes -Wshadow=local -pedantic  -D_GNU_SOURCE -fcf-protection  ./choose-temp.c -o pic/choose-temp.o; \
else true; fi
if [ x"" != x ]; then \
  gcc -c -DHAVE_CONFIG_H -g -O2  -I. -I./../include  -W -Wall -Wwrite-strings -Wc++-compat -Wstrict-prototypes -Wshadow=local -pedantic  -D_GNU_SOURCE -fcf-protection   ./choose-temp.c -o noasan/choose-temp.o; \
else true; fi
gcc -c -DHAVE_CONFIG_H -g -O2  -I. -I./../include  -W -Wall -Wwrite-strings -Wc++-compat -Wstrict-prototypes -Wshadow=local -pedantic  -D_GNU_SOURCE -fcf-protection ./choose-temp.c -o choose-temp.o
if [ x"" != x ]; then \
  gcc -c -DHAVE_CONFIG_H -g -O2  -I. -I./../include  -W -Wall -Wwrite-strings -Wc++-compat -Wstrict-prototypes -Wshadow=local -pedantic  -D_GNU_SOURCE -fcf-protection  ./concat.c -o pic/concat.o; \
else true; fi
if [ x"" != x ]; then \
  gcc -c -DHAVE_CONFIG_H -g -O2  -I. -I./../include  -W -Wall -Wwrite-strings -Wc++-compat -Wstrict-prototypes -Wshadow=local -pedantic  -D_GNU_SOURCE -fcf-protection   ./concat.c -o noasan/concat.o; \
else true; fi
gcc -c -DHAVE_CONFIG_H -g -O2  -I. -I./../include  -W -Wall -Wwrite-strings -Wc++-compat -Wstrict-prototypes -Wshadow=local -pedantic  -D_GNU_SOURCE -fcf-protection ./concat.c -o concat.o
if [ x"" != x ]; then \
  gcc -c -DHAVE_CONFIG_H -g -O2  -I. -I./../include  -W -Wall -Wwrite-strings -Wc++-compat -Wstrict-prototypes -Wshadow=local -pedantic  -D_GNU_SOURCE -fcf-protection  ./cp-demint.c -o pic/cp-demint.o; \
else true; fi
if [ x"" != x ]; then \
  gcc -c -DHAVE_CONFIG_H -g -O2  -I. -I./../include  -W -Wall -Wwrite-strings -Wc++-compat -Wstrict-prototypes -Wshadow=local -pedantic  -D_GNU_SOURCE -fcf-protection   ./cp-demint.c -o noasan/cp-demint.o; \
else true; fi
gcc -c -DHAVE_CONFIG_H -g -O2  -I. -I./../include  -W -Wall -Wwrite-strings -Wc++-compat -Wstrict-prototypes -Wshadow=local -pedantic  -D_GNU_SOURCE -fcf-protection ./cp-demint.c -o cp-demint.o
if [ x"" != x ]; then \
  gcc -c -DHAVE_CONFIG_H -g -O2  -I. -I./../include  -W -Wall -Wwrite-strings -Wc++-compat -Wstrict-prototypes -Wshadow=local -pedantic  -D_GNU_SOURCE -fcf-protection  ./crc32.c -o pic/crc32.o; \
else true; fi
if [ x"" != x ]; then \
  gcc -c -DHAVE_CONFIG_H -g -O2  -I. -I./../include  -W -Wall -Wwrite-strings -Wc++-compat -Wstrict-prototypes -Wshadow=local -pedantic  -D_GNU_SOURCE -fcf-protection   ./crc32.c -o noasan/crc32.o; \
else true; fi
gcc -c -DHAVE_CONFIG_H -g -O2  -I. -I./../include  -W -Wall -Wwrite-strings -Wc++-compat -Wstrict-prototypes -Wshadow=local -pedantic  -D_GNU_SOURCE -fcf-protection ./crc32.c -o crc32.o
if [ x"" != x ]; then \
  gcc -c -DHAVE_CONFIG_H -g -O2  -I. -I./../include  -W -Wall -Wwrite-strings -Wc++-compat -Wstrict-prototypes -Wshadow=local -pedantic  -D_GNU_SOURCE -fcf-protection  ./d-demangle.c -o pic/d-demangle.o; \
else true; fi
if [ x"" != x ]; then \
  gcc -c -DHAVE_CONFIG_H -g -O2  -I. -I./../include  -W -Wall -Wwrite-strings -Wc++-compat -Wstrict-prototypes -Wshadow=local -pedantic  -D_GNU_SOURCE -fcf-protection   ./d-demangle.c -o noasan/d-demangle.o; \
else true; fi
gcc -c -DHAVE_CONFIG_H -g -O2  -I. -I./../include  -W -Wall -Wwrite-strings -Wc++-compat -Wstrict-prototypes -Wshadow=local -pedantic  -D_GNU_SOURCE -fcf-protection ./d-demangle.c -o d-demangle.o
if [ x"" != x ]; then \
  gcc -c -DHAVE_CONFIG_H -g -O2  -I. -I./../include  -W -Wall -Wwrite-strings -Wc++-compat -Wstrict-prototypes -Wshadow=local -pedantic  -D_GNU_SOURCE -fcf-protection  ./dwarfnames.c -o pic/dwarfnames.o; \
else true; fi
if [ x"" != x ]; then \
  gcc -c -DHAVE_CONFIG_H -g -O2  -I. -I./../include  -W -Wall -Wwrite-strings -Wc++-compat -Wstrict-prototypes -Wshadow=local -pedantic  -D_GNU_SOURCE -fcf-protection   ./dwarfnames.c -o noasan/dwarfnames.o; \
else true; fi
gcc -c -DHAVE_CONFIG_H -g -O2  -I. -I./../include  -W -Wall -Wwrite-strings -Wc++-compat -Wstrict-prototypes -Wshadow=local -pedantic  -D_GNU_SOURCE -fcf-protection ./dwarfnames.c -o dwarfnames.o
if [ x"" != x ]; then \
  gcc -c -DHAVE_CONFIG_H -g -O2  -I. -I./../include  -W -Wall -Wwrite-strings -Wc++-compat -Wstrict-prototypes -Wshadow=local -pedantic  -D_GNU_SOURCE -fcf-protection  ./dyn-string.c -o pic/dyn-string.o; \
else true; fi
if [ x"" != x ]; then \
  gcc -c -DHAVE_CONFIG_H -g -O2  -I. -I./../include  -W -Wall -Wwrite-strings -Wc++-compat -Wstrict-prototypes -Wshadow=local -pedantic  -D_GNU_SOURCE -fcf-protection   ./dyn-string.c -o noasan/dyn-string.o; \
else true; fi
gcc -c -DHAVE_CONFIG_H -g -O2  -I. -I./../include  -W -Wall -Wwrite-strings -Wc++-compat -Wstrict-prototypes -Wshadow=local -pedantic  -D_GNU_SOURCE -fcf-protection ./dyn-string.c -o dyn-string.o
[91m./dyn-string.c: In function 'dyn_string_insert_cstr':
./dyn-string.c:280:3: warning: 'strncpy' output truncated before terminating nul copying as many bytes from a string as its length [-Wstringop-truncation]
  280 |   strncpy (dest->s + pos, src, length);
      |   ^~~~~~~~~~~~~~~~~~~~~~~~~~~~~~~~~~~~
./dyn-string.c:272:16: note: length computed here
  272 |   int length = strlen (src);
      |                ^~~~~~~~~~~~
[0mif [ x"" != x ]; then \
  gcc -c -DHAVE_CONFIG_H -g -O2  -I. -I./../include  -W -Wall -Wwrite-strings -Wc++-compat -Wstrict-prototypes -Wshadow=local -pedantic  -D_GNU_SOURCE -fcf-protection  ./fdmatch.c -o pic/fdmatch.o; \
else true; fi
if [ x"" != x ]; then \
  gcc -c -DHAVE_CONFIG_H -g -O2  -I. -I./../include  -W -Wall -Wwrite-strings -Wc++-compat -Wstrict-prototypes -Wshadow=local -pedantic  -D_GNU_SOURCE -fcf-protection   ./fdmatch.c -o noasan/fdmatch.o; \
else true; fi
gcc -c -DHAVE_CONFIG_H -g -O2  -I. -I./../include  -W -Wall -Wwrite-strings -Wc++-compat -Wstrict-prototypes -Wshadow=local -pedantic  -D_GNU_SOURCE -fcf-protection ./fdmatch.c -o fdmatch.o
if [ x"" != x ]; then \
  gcc -c -DHAVE_CONFIG_H -g -O2  -I. -I./../include  -W -Wall -Wwrite-strings -Wc++-compat -Wstrict-prototypes -Wshadow=local -pedantic  -D_GNU_SOURCE -fcf-protection  ./fibheap.c -o pic/fibheap.o; \
else true; fi
if [ x"" != x ]; then \
  gcc -c -DHAVE_CONFIG_H -g -O2  -I. -I./../include  -W -Wall -Wwrite-strings -Wc++-compat -Wstrict-prototypes -Wshadow=local -pedantic  -D_GNU_SOURCE -fcf-protection   ./fibheap.c -o noasan/fibheap.o; \
else true; fi
gcc -c -DHAVE_CONFIG_H -g -O2  -I. -I./../include  -W -Wall -Wwrite-strings -Wc++-compat -Wstrict-prototypes -Wshadow=local -pedantic  -D_GNU_SOURCE -fcf-protection ./fibheap.c -o fibheap.o
if [ x"" != x ]; then \
  gcc -c -DHAVE_CONFIG_H -g -O2  -I. -I./../include  -W -Wall -Wwrite-strings -Wc++-compat -Wstrict-prototypes -Wshadow=local -pedantic  -D_GNU_SOURCE -fcf-protection  ./filedescriptor.c -o pic/filedescriptor.o; \
else true; fi
if [ x"" != x ]; then \
  gcc -c -DHAVE_CONFIG_H -g -O2  -I. -I./../include  -W -Wall -Wwrite-strings -Wc++-compat -Wstrict-prototypes -Wshadow=local -pedantic  -D_GNU_SOURCE -fcf-protection   ./filedescriptor.c -o noasan/filedescriptor.o; \
else true; fi
gcc -c -DHAVE_CONFIG_H -g -O2  -I. -I./../include  -W -Wall -Wwrite-strings -Wc++-compat -Wstrict-prototypes -Wshadow=local -pedantic  -D_GNU_SOURCE -fcf-protection ./filedescriptor.c -o filedescriptor.o
if [ x"" != x ]; then \
  gcc -c -DHAVE_CONFIG_H -g -O2  -I. -I./../include  -W -Wall -Wwrite-strings -Wc++-compat -Wstrict-prototypes -Wshadow=local -pedantic  -D_GNU_SOURCE -fcf-protection  ./filename_cmp.c -o pic/filename_cmp.o; \
else true; fi
if [ x"" != x ]; then \
  gcc -c -DHAVE_CONFIG_H -g -O2  -I. -I./../include  -W -Wall -Wwrite-strings -Wc++-compat -Wstrict-prototypes -Wshadow=local -pedantic  -D_GNU_SOURCE -fcf-protection   ./filename_cmp.c -o noasan/filename_cmp.o; \
else true; fi
gcc -c -DHAVE_CONFIG_H -g -O2  -I. -I./../include  -W -Wall -Wwrite-strings -Wc++-compat -Wstrict-prototypes -Wshadow=local -pedantic  -D_GNU_SOURCE -fcf-protection ./filename_cmp.c -o filename_cmp.o
if [ x"" != x ]; then \
  gcc -c -DHAVE_CONFIG_H -g -O2  -I. -I./../include  -W -Wall -Wwrite-strings -Wc++-compat -Wstrict-prototypes -Wshadow=local -pedantic  -D_GNU_SOURCE -fcf-protection  ./floatformat.c -o pic/floatformat.o; \
else true; fi
if [ x"" != x ]; then \
  gcc -c -DHAVE_CONFIG_H -g -O2  -I. -I./../include  -W -Wall -Wwrite-strings -Wc++-compat -Wstrict-prototypes -Wshadow=local -pedantic  -D_GNU_SOURCE -fcf-protection   ./floatformat.c -o noasan/floatformat.o; \
else true; fi
gcc -c -DHAVE_CONFIG_H -g -O2  -I. -I./../include  -W -Wall -Wwrite-strings -Wc++-compat -Wstrict-prototypes -Wshadow=local -pedantic  -D_GNU_SOURCE -fcf-protection ./floatformat.c -o floatformat.o
if [ x"" != x ]; then \
  gcc -c -DHAVE_CONFIG_H -g -O2  -I. -I./../include  -W -Wall -Wwrite-strings -Wc++-compat -Wstrict-prototypes -Wshadow=local -pedantic  -D_GNU_SOURCE -fcf-protection  ./fnmatch.c -o pic/fnmatch.o; \
else true; fi
if [ x"" != x ]; then \
  gcc -c -DHAVE_CONFIG_H -g -O2  -I. -I./../include  -W -Wall -Wwrite-strings -Wc++-compat -Wstrict-prototypes -Wshadow=local -pedantic  -D_GNU_SOURCE -fcf-protection   ./fnmatch.c -o noasan/fnmatch.o; \
else true; fi
gcc -c -DHAVE_CONFIG_H -g -O2  -I. -I./../include  -W -Wall -Wwrite-strings -Wc++-compat -Wstrict-prototypes -Wshadow=local -pedantic  -D_GNU_SOURCE -fcf-protection ./fnmatch.c -o fnmatch.o
if [ x"" != x ]; then \
  gcc -c -DHAVE_CONFIG_H -g -O2  -I. -I./../include  -W -Wall -Wwrite-strings -Wc++-compat -Wstrict-prototypes -Wshadow=local -pedantic  -D_GNU_SOURCE -fcf-protection  ./fopen_unlocked.c -o pic/fopen_unlocked.o; \
else true; fi
if [ x"" != x ]; then \
  gcc -c -DHAVE_CONFIG_H -g -O2  -I. -I./../include  -W -Wall -Wwrite-strings -Wc++-compat -Wstrict-prototypes -Wshadow=local -pedantic  -D_GNU_SOURCE -fcf-protection   ./fopen_unlocked.c -o noasan/fopen_unlocked.o; \
else true; fi
gcc -c -DHAVE_CONFIG_H -g -O2  -I. -I./../include  -W -Wall -Wwrite-strings -Wc++-compat -Wstrict-prototypes -Wshadow=local -pedantic  -D_GNU_SOURCE -fcf-protection ./fopen_unlocked.c -o fopen_unlocked.o
if [ x"" != x ]; then \
  gcc -c -DHAVE_CONFIG_H -g -O2  -I. -I./../include  -W -Wall -Wwrite-strings -Wc++-compat -Wstrict-prototypes -Wshadow=local -pedantic  -D_GNU_SOURCE -fcf-protection  ./getopt.c -o pic/getopt.o; \
else true; fi
if [ x"" != x ]; then \
  gcc -c -DHAVE_CONFIG_H -g -O2  -I. -I./../include  -W -Wall -Wwrite-strings -Wc++-compat -Wstrict-prototypes -Wshadow=local -pedantic  -D_GNU_SOURCE -fcf-protection   ./getopt.c -o noasan/getopt.o; \
else true; fi
gcc -c -DHAVE_CONFIG_H -g -O2  -I. -I./../include  -W -Wall -Wwrite-strings -Wc++-compat -Wstrict-prototypes -Wshadow=local -pedantic  -D_GNU_SOURCE -fcf-protection ./getopt.c -o getopt.o
if [ x"" != x ]; then \
  gcc -c -DHAVE_CONFIG_H -g -O2  -I. -I./../include  -W -Wall -Wwrite-strings -Wc++-compat -Wstrict-prototypes -Wshadow=local -pedantic  -D_GNU_SOURCE -fcf-protection  ./getopt1.c -o pic/getopt1.o; \
else true; fi
if [ x"" != x ]; then \
  gcc -c -DHAVE_CONFIG_H -g -O2  -I. -I./../include  -W -Wall -Wwrite-strings -Wc++-compat -Wstrict-prototypes -Wshadow=local -pedantic  -D_GNU_SOURCE -fcf-protection   ./getopt1.c -o noasan/getopt1.o; \
else true; fi
gcc -c -DHAVE_CONFIG_H -g -O2  -I. -I./../include  -W -Wall -Wwrite-strings -Wc++-compat -Wstrict-prototypes -Wshadow=local -pedantic  -D_GNU_SOURCE -fcf-protection ./getopt1.c -o getopt1.o
if [ x"" != x ]; then \
  gcc -c -DHAVE_CONFIG_H -g -O2  -I. -I./../include  -W -Wall -Wwrite-strings -Wc++-compat -Wstrict-prototypes -Wshadow=local -pedantic  -D_GNU_SOURCE -fcf-protection  ./getpwd.c -o pic/getpwd.o; \
else true; fi
if [ x"" != x ]; then \
  gcc -c -DHAVE_CONFIG_H -g -O2  -I. -I./../include  -W -Wall -Wwrite-strings -Wc++-compat -Wstrict-prototypes -Wshadow=local -pedantic  -D_GNU_SOURCE -fcf-protection   ./getpwd.c -o noasan/getpwd.o; \
else true; fi
gcc -c -DHAVE_CONFIG_H -g -O2  -I. -I./../include  -W -Wall -Wwrite-strings -Wc++-compat -Wstrict-prototypes -Wshadow=local -pedantic  -D_GNU_SOURCE -fcf-protection ./getpwd.c -o getpwd.o
if [ x"" != x ]; then \
  gcc -c -DHAVE_CONFIG_H -g -O2  -I. -I./../include  -W -Wall -Wwrite-strings -Wc++-compat -Wstrict-prototypes -Wshadow=local -pedantic  -D_GNU_SOURCE -fcf-protection  ./getruntime.c -o pic/getruntime.o; \
else true; fi
if [ x"" != x ]; then \
  gcc -c -DHAVE_CONFIG_H -g -O2  -I. -I./../include  -W -Wall -Wwrite-strings -Wc++-compat -Wstrict-prototypes -Wshadow=local -pedantic  -D_GNU_SOURCE -fcf-protection   ./getruntime.c -o noasan/getruntime.o; \
else true; fi
gcc -c -DHAVE_CONFIG_H -g -O2  -I. -I./../include  -W -Wall -Wwrite-strings -Wc++-compat -Wstrict-prototypes -Wshadow=local -pedantic  -D_GNU_SOURCE -fcf-protection ./getruntime.c -o getruntime.o
if [ x"" != x ]; then \
  gcc -c -DHAVE_CONFIG_H -g -O2  -I. -I./../include  -W -Wall -Wwrite-strings -Wc++-compat -Wstrict-prototypes -Wshadow=local -pedantic  -D_GNU_SOURCE -fcf-protection  ./hashtab.c -o pic/hashtab.o; \
else true; fi
if [ x"" != x ]; then \
  gcc -c -DHAVE_CONFIG_H -g -O2  -I. -I./../include  -W -Wall -Wwrite-strings -Wc++-compat -Wstrict-prototypes -Wshadow=local -pedantic  -D_GNU_SOURCE -fcf-protection   ./hashtab.c -o noasan/hashtab.o; \
else true; fi
gcc -c -DHAVE_CONFIG_H -g -O2  -I. -I./../include  -W -Wall -Wwrite-strings -Wc++-compat -Wstrict-prototypes -Wshadow=local -pedantic  -D_GNU_SOURCE -fcf-protection ./hashtab.c -o hashtab.o
if [ x"" != x ]; then \
  gcc -c -DHAVE_CONFIG_H -g -O2  -I. -I./../include  -W -Wall -Wwrite-strings -Wc++-compat -Wstrict-prototypes -Wshadow=local -pedantic  -D_GNU_SOURCE -fcf-protection  ./hex.c -o pic/hex.o; \
else true; fi
if [ x"" != x ]; then \
  gcc -c -DHAVE_CONFIG_H -g -O2  -I. -I./../include  -W -Wall -Wwrite-strings -Wc++-compat -Wstrict-prototypes -Wshadow=local -pedantic  -D_GNU_SOURCE -fcf-protection   ./hex.c -o noasan/hex.o; \
else true; fi
gcc -c -DHAVE_CONFIG_H -g -O2  -I. -I./../include  -W -Wall -Wwrite-strings -Wc++-compat -Wstrict-prototypes -Wshadow=local -pedantic  -D_GNU_SOURCE -fcf-protection ./hex.c -o hex.o
if [ x"" != x ]; then \
  gcc -c -DHAVE_CONFIG_H -g -O2  -I. -I./../include  -W -Wall -Wwrite-strings -Wc++-compat -Wstrict-prototypes -Wshadow=local -pedantic  -D_GNU_SOURCE -fcf-protection  ./lbasename.c -o pic/lbasename.o; \
else true; fi
if [ x"" != x ]; then \
  gcc -c -DHAVE_CONFIG_H -g -O2  -I. -I./../include  -W -Wall -Wwrite-strings -Wc++-compat -Wstrict-prototypes -Wshadow=local -pedantic  -D_GNU_SOURCE -fcf-protection   ./lbasename.c -o noasan/lbasename.o; \
else true; fi
gcc -c -DHAVE_CONFIG_H -g -O2  -I. -I./../include  -W -Wall -Wwrite-strings -Wc++-compat -Wstrict-prototypes -Wshadow=local -pedantic  -D_GNU_SOURCE -fcf-protection ./lbasename.c -o lbasename.o
if [ x"" != x ]; then \
  gcc -c -DHAVE_CONFIG_H -g -O2  -I. -I./../include  -W -Wall -Wwrite-strings -Wc++-compat -Wstrict-prototypes -Wshadow=local -pedantic  -D_GNU_SOURCE -fcf-protection  ./lrealpath.c -o pic/lrealpath.o; \
else true; fi
if [ x"" != x ]; then \
  gcc -c -DHAVE_CONFIG_H -g -O2  -I. -I./../include  -W -Wall -Wwrite-strings -Wc++-compat -Wstrict-prototypes -Wshadow=local -pedantic  -D_GNU_SOURCE -fcf-protection   ./lrealpath.c -o noasan/lrealpath.o; \
else true; fi
gcc -c -DHAVE_CONFIG_H -g -O2  -I. -I./../include  -W -Wall -Wwrite-strings -Wc++-compat -Wstrict-prototypes -Wshadow=local -pedantic  -D_GNU_SOURCE -fcf-protection ./lrealpath.c -o lrealpath.o
if [ x"" != x ]; then \
  gcc -c -DHAVE_CONFIG_H -g -O2  -I. -I./../include  -W -Wall -Wwrite-strings -Wc++-compat -Wstrict-prototypes -Wshadow=local -pedantic  -D_GNU_SOURCE -fcf-protection  ./make-relative-prefix.c -o pic/make-relative-prefix.o; \
else true; fi
if [ x"" != x ]; then \
  gcc -c -DHAVE_CONFIG_H -g -O2  -I. -I./../include  -W -Wall -Wwrite-strings -Wc++-compat -Wstrict-prototypes -Wshadow=local -pedantic  -D_GNU_SOURCE -fcf-protection   ./make-relative-prefix.c -o noasan/make-relative-prefix.o; \
else true; fi
gcc -c -DHAVE_CONFIG_H -g -O2  -I. -I./../include  -W -Wall -Wwrite-strings -Wc++-compat -Wstrict-prototypes -Wshadow=local -pedantic  -D_GNU_SOURCE -fcf-protection ./make-relative-prefix.c -o make-relative-prefix.o
if [ x"" != x ]; then \
  gcc -c -DHAVE_CONFIG_H -g -O2  -I. -I./../include  -W -Wall -Wwrite-strings -Wc++-compat -Wstrict-prototypes -Wshadow=local -pedantic  -D_GNU_SOURCE -fcf-protection  ./make-temp-file.c -o pic/make-temp-file.o; \
else true; fi
if [ x"" != x ]; then \
  gcc -c -DHAVE_CONFIG_H -g -O2  -I. -I./../include  -W -Wall -Wwrite-strings -Wc++-compat -Wstrict-prototypes -Wshadow=local -pedantic  -D_GNU_SOURCE -fcf-protection   ./make-temp-file.c -o noasan/make-temp-file.o; \
else true; fi
gcc -c -DHAVE_CONFIG_H -g -O2  -I. -I./../include  -W -Wall -Wwrite-strings -Wc++-compat -Wstrict-prototypes -Wshadow=local -pedantic  -D_GNU_SOURCE -fcf-protection ./make-temp-file.c -o make-temp-file.o
if [ x"" != x ]; then \
  gcc -c -DHAVE_CONFIG_H -g -O2  -I. -I./../include  -W -Wall -Wwrite-strings -Wc++-compat -Wstrict-prototypes -Wshadow=local -pedantic  -D_GNU_SOURCE -fcf-protection  ./objalloc.c -o pic/objalloc.o; \
else true; fi
if [ x"" != x ]; then \
  gcc -c -DHAVE_CONFIG_H -g -O2  -I. -I./../include  -W -Wall -Wwrite-strings -Wc++-compat -Wstrict-prototypes -Wshadow=local -pedantic  -D_GNU_SOURCE -fcf-protection   ./objalloc.c -o noasan/objalloc.o; \
else true; fi
gcc -c -DHAVE_CONFIG_H -g -O2  -I. -I./../include  -W -Wall -Wwrite-strings -Wc++-compat -Wstrict-prototypes -Wshadow=local -pedantic  -D_GNU_SOURCE -fcf-protection ./objalloc.c -o objalloc.o
if [ x"" != x ]; then \
  gcc -c -DHAVE_CONFIG_H -g -O2  -I. -I./../include  -W -Wall -Wwrite-strings -Wc++-compat -Wstrict-prototypes -Wshadow=local -pedantic  -D_GNU_SOURCE -fcf-protection  ./obstack.c -o pic/obstack.o; \
else true; fi
if [ x"" != x ]; then \
  gcc -c -DHAVE_CONFIG_H -g -O2  -I. -I./../include  -W -Wall -Wwrite-strings -Wc++-compat -Wstrict-prototypes -Wshadow=local -pedantic  -D_GNU_SOURCE -fcf-protection   ./obstack.c -o noasan/obstack.o; \
else true; fi
gcc -c -DHAVE_CONFIG_H -g -O2  -I. -I./../include  -W -Wall -Wwrite-strings -Wc++-compat -Wstrict-prototypes -Wshadow=local -pedantic  -D_GNU_SOURCE -fcf-protection ./obstack.c -o obstack.o
if [ x"" != x ]; then \
  gcc -c -DHAVE_CONFIG_H -g -O2  -I. -I./../include  -W -Wall -Wwrite-strings -Wc++-compat -Wstrict-prototypes -Wshadow=local -pedantic  -D_GNU_SOURCE -fcf-protection  ./partition.c -o pic/partition.o; \
else true; fi
if [ x"" != x ]; then \
  gcc -c -DHAVE_CONFIG_H -g -O2  -I. -I./../include  -W -Wall -Wwrite-strings -Wc++-compat -Wstrict-prototypes -Wshadow=local -pedantic  -D_GNU_SOURCE -fcf-protection   ./partition.c -o noasan/partition.o; \
else true; fi
gcc -c -DHAVE_CONFIG_H -g -O2  -I. -I./../include  -W -Wall -Wwrite-strings -Wc++-compat -Wstrict-prototypes -Wshadow=local -pedantic  -D_GNU_SOURCE -fcf-protection ./partition.c -o partition.o
if [ x"" != x ]; then \
  gcc -c -DHAVE_CONFIG_H -g -O2  -I. -I./../include  -W -Wall -Wwrite-strings -Wc++-compat -Wstrict-prototypes -Wshadow=local -pedantic  -D_GNU_SOURCE -fcf-protection  ./pexecute.c -o pic/pexecute.o; \
else true; fi
if [ x"" != x ]; then \
  gcc -c -DHAVE_CONFIG_H -g -O2  -I. -I./../include  -W -Wall -Wwrite-strings -Wc++-compat -Wstrict-prototypes -Wshadow=local -pedantic  -D_GNU_SOURCE -fcf-protection   ./pexecute.c -o noasan/pexecute.o; \
else true; fi
gcc -c -DHAVE_CONFIG_H -g -O2  -I. -I./../include  -W -Wall -Wwrite-strings -Wc++-compat -Wstrict-prototypes -Wshadow=local -pedantic  -D_GNU_SOURCE -fcf-protection ./pexecute.c -o pexecute.o
if [ x"" != x ]; then \
  gcc -c -DHAVE_CONFIG_H -g -O2  -I. -I./../include  -W -Wall -Wwrite-strings -Wc++-compat -Wstrict-prototypes -Wshadow=local -pedantic  -D_GNU_SOURCE -fcf-protection  ./physmem.c -o pic/physmem.o; \
else true; fi
if [ x"" != x ]; then \
  gcc -c -DHAVE_CONFIG_H -g -O2  -I. -I./../include  -W -Wall -Wwrite-strings -Wc++-compat -Wstrict-prototypes -Wshadow=local -pedantic  -D_GNU_SOURCE -fcf-protection   ./physmem.c -o noasan/physmem.o; \
else true; fi
gcc -c -DHAVE_CONFIG_H -g -O2  -I. -I./../include  -W -Wall -Wwrite-strings -Wc++-compat -Wstrict-prototypes -Wshadow=local -pedantic  -D_GNU_SOURCE -fcf-protection ./physmem.c -o physmem.o
if [ x"" != x ]; then \
  gcc -c -DHAVE_CONFIG_H -g -O2  -I. -I./../include  -W -Wall -Wwrite-strings -Wc++-compat -Wstrict-prototypes -Wshadow=local -pedantic  -D_GNU_SOURCE -fcf-protection  ./pex-common.c -o pic/pex-common.o; \
else true; fi
if [ x"" != x ]; then \
  gcc -c -DHAVE_CONFIG_H -g -O2  -I. -I./../include  -W -Wall -Wwrite-strings -Wc++-compat -Wstrict-prototypes -Wshadow=local -pedantic  -D_GNU_SOURCE -fcf-protection   ./pex-common.c -o noasan/pex-common.o; \
else true; fi
gcc -c -DHAVE_CONFIG_H -g -O2  -I. -I./../include  -W -Wall -Wwrite-strings -Wc++-compat -Wstrict-prototypes -Wshadow=local -pedantic  -D_GNU_SOURCE -fcf-protection ./pex-common.c -o pex-common.o
if [ x"" != x ]; then \
  gcc -c -DHAVE_CONFIG_H -g -O2  -I. -I./../include  -W -Wall -Wwrite-strings -Wc++-compat -Wstrict-prototypes -Wshadow=local -pedantic  -D_GNU_SOURCE -fcf-protection  ./pex-one.c -o pic/pex-one.o; \
else true; fi
if [ x"" != x ]; then \
  gcc -c -DHAVE_CONFIG_H -g -O2  -I. -I./../include  -W -Wall -Wwrite-strings -Wc++-compat -Wstrict-prototypes -Wshadow=local -pedantic  -D_GNU_SOURCE -fcf-protection   ./pex-one.c -o noasan/pex-one.o; \
else true; fi
gcc -c -DHAVE_CONFIG_H -g -O2  -I. -I./../include  -W -Wall -Wwrite-strings -Wc++-compat -Wstrict-prototypes -Wshadow=local -pedantic  -D_GNU_SOURCE -fcf-protection ./pex-one.c -o pex-one.o
if [ x"" != x ]; then \
  gcc -c -DHAVE_CONFIG_H -g -O2  -I. -I./../include  -W -Wall -Wwrite-strings -Wc++-compat -Wstrict-prototypes -Wshadow=local -pedantic  -D_GNU_SOURCE -fcf-protection  ./pex-unix.c -o pic/pex-unix.o; \
else true; fi
if [ x"" != x ]; then \
  gcc -c -DHAVE_CONFIG_H -g -O2  -I. -I./../include  -W -Wall -Wwrite-strings -Wc++-compat -Wstrict-prototypes -Wshadow=local -pedantic  -D_GNU_SOURCE -fcf-protection   ./pex-unix.c -o noasan/pex-unix.o; \
else true; fi
gcc -c -DHAVE_CONFIG_H -g -O2  -I. -I./../include  -W -Wall -Wwrite-strings -Wc++-compat -Wstrict-prototypes -Wshadow=local -pedantic  -D_GNU_SOURCE -fcf-protection ./pex-unix.c -o pex-unix.o
if [ x"" != x ]; then \
  gcc -c -DHAVE_CONFIG_H -g -O2  -I. -I./../include  -W -Wall -Wwrite-strings -Wc++-compat -Wstrict-prototypes -Wshadow=local -pedantic  -D_GNU_SOURCE -fcf-protection  ./vprintf-support.c -o pic/vprintf-support.o; \
else true; fi
if [ x"" != x ]; then \
  gcc -c -DHAVE_CONFIG_H -g -O2  -I. -I./../include  -W -Wall -Wwrite-strings -Wc++-compat -Wstrict-prototypes -Wshadow=local -pedantic  -D_GNU_SOURCE -fcf-protection   ./vprintf-support.c -o noasan/vprintf-support.o; \
else true; fi
gcc -c -DHAVE_CONFIG_H -g -O2  -I. -I./../include  -W -Wall -Wwrite-strings -Wc++-compat -Wstrict-prototypes -Wshadow=local -pedantic  -D_GNU_SOURCE -fcf-protection ./vprintf-support.c -o vprintf-support.o
if [ x"" != x ]; then \
  gcc -c -DHAVE_CONFIG_H -g -O2  -I. -I./../include  -W -Wall -Wwrite-strings -Wc++-compat -Wstrict-prototypes -Wshadow=local -pedantic  -D_GNU_SOURCE -fcf-protection  ./rust-demangle.c -o pic/rust-demangle.o; \
else true; fi
if [ x"" != x ]; then \
  gcc -c -DHAVE_CONFIG_H -g -O2  -I. -I./../include  -W -Wall -Wwrite-strings -Wc++-compat -Wstrict-prototypes -Wshadow=local -pedantic  -D_GNU_SOURCE -fcf-protection   ./rust-demangle.c -o noasan/rust-demangle.o; \
else true; fi
gcc -c -DHAVE_CONFIG_H -g -O2  -I. -I./../include  -W -Wall -Wwrite-strings -Wc++-compat -Wstrict-prototypes -Wshadow=local -pedantic  -D_GNU_SOURCE -fcf-protection ./rust-demangle.c -o rust-demangle.o
if [ x"" != x ]; then \
  gcc -c -DHAVE_CONFIG_H -g -O2  -I. -I./../include  -W -Wall -Wwrite-strings -Wc++-compat -Wstrict-prototypes -Wshadow=local -pedantic  -D_GNU_SOURCE -fcf-protection  ./safe-ctype.c -o pic/safe-ctype.o; \
else true; fi
if [ x"" != x ]; then \
  gcc -c -DHAVE_CONFIG_H -g -O2  -I. -I./../include  -W -Wall -Wwrite-strings -Wc++-compat -Wstrict-prototypes -Wshadow=local -pedantic  -D_GNU_SOURCE -fcf-protection   ./safe-ctype.c -o noasan/safe-ctype.o; \
else true; fi
gcc -c -DHAVE_CONFIG_H -g -O2  -I. -I./../include  -W -Wall -Wwrite-strings -Wc++-compat -Wstrict-prototypes -Wshadow=local -pedantic  -D_GNU_SOURCE -fcf-protection ./safe-ctype.c -o safe-ctype.o
if [ x"" != x ]; then \
  gcc -c -DHAVE_CONFIG_H -g -O2  -I. -I./../include  -W -Wall -Wwrite-strings -Wc++-compat -Wstrict-prototypes -Wshadow=local -pedantic  -D_GNU_SOURCE -fcf-protection  ./simple-object.c -o pic/simple-object.o; \
else true; fi
if [ x"" != x ]; then \
  gcc -c -DHAVE_CONFIG_H -g -O2  -I. -I./../include  -W -Wall -Wwrite-strings -Wc++-compat -Wstrict-prototypes -Wshadow=local -pedantic  -D_GNU_SOURCE -fcf-protection   ./simple-object.c -o noasan/simple-object.o; \
else true; fi
gcc -c -DHAVE_CONFIG_H -g -O2  -I. -I./../include  -W -Wall -Wwrite-strings -Wc++-compat -Wstrict-prototypes -Wshadow=local -pedantic  -D_GNU_SOURCE -fcf-protection ./simple-object.c -o simple-object.o
if [ x"" != x ]; then \
  gcc -c -DHAVE_CONFIG_H -g -O2  -I. -I./../include  -W -Wall -Wwrite-strings -Wc++-compat -Wstrict-prototypes -Wshadow=local -pedantic  -D_GNU_SOURCE -fcf-protection  ./simple-object-coff.c -o pic/simple-object-coff.o; \
else true; fi
if [ x"" != x ]; then \
  gcc -c -DHAVE_CONFIG_H -g -O2  -I. -I./../include  -W -Wall -Wwrite-strings -Wc++-compat -Wstrict-prototypes -Wshadow=local -pedantic  -D_GNU_SOURCE -fcf-protection   ./simple-object-coff.c -o noasan/simple-object-coff.o; \
else true; fi
gcc -c -DHAVE_CONFIG_H -g -O2  -I. -I./../include  -W -Wall -Wwrite-strings -Wc++-compat -Wstrict-prototypes -Wshadow=local -pedantic  -D_GNU_SOURCE -fcf-protection ./simple-object-coff.c -o simple-object-coff.o
if [ x"" != x ]; then \
  gcc -c -DHAVE_CONFIG_H -g -O2  -I. -I./../include  -W -Wall -Wwrite-strings -Wc++-compat -Wstrict-prototypes -Wshadow=local -pedantic  -D_GNU_SOURCE -fcf-protection  ./simple-object-elf.c -o pic/simple-object-elf.o; \
else true; fi
if [ x"" != x ]; then \
  gcc -c -DHAVE_CONFIG_H -g -O2  -I. -I./../include  -W -Wall -Wwrite-strings -Wc++-compat -Wstrict-prototypes -Wshadow=local -pedantic  -D_GNU_SOURCE -fcf-protection   ./simple-object-elf.c -o noasan/simple-object-elf.o; \
else true; fi
gcc -c -DHAVE_CONFIG_H -g -O2  -I. -I./../include  -W -Wall -Wwrite-strings -Wc++-compat -Wstrict-prototypes -Wshadow=local -pedantic  -D_GNU_SOURCE -fcf-protection ./simple-object-elf.c -o simple-object-elf.o
if [ x"" != x ]; then \
  gcc -c -DHAVE_CONFIG_H -g -O2  -I. -I./../include  -W -Wall -Wwrite-strings -Wc++-compat -Wstrict-prototypes -Wshadow=local -pedantic  -D_GNU_SOURCE -fcf-protection  ./simple-object-mach-o.c -o pic/simple-object-mach-o.o; \
else true; fi
if [ x"" != x ]; then \
  gcc -c -DHAVE_CONFIG_H -g -O2  -I. -I./../include  -W -Wall -Wwrite-strings -Wc++-compat -Wstrict-prototypes -Wshadow=local -pedantic  -D_GNU_SOURCE -fcf-protection   ./simple-object-mach-o.c -o noasan/simple-object-mach-o.o; \
else true; fi
gcc -c -DHAVE_CONFIG_H -g -O2  -I. -I./../include  -W -Wall -Wwrite-strings -Wc++-compat -Wstrict-prototypes -Wshadow=local -pedantic  -D_GNU_SOURCE -fcf-protection ./simple-object-mach-o.c -o simple-object-mach-o.o
if [ x"" != x ]; then \
  gcc -c -DHAVE_CONFIG_H -g -O2  -I. -I./../include  -W -Wall -Wwrite-strings -Wc++-compat -Wstrict-prototypes -Wshadow=local -pedantic  -D_GNU_SOURCE -fcf-protection  ./simple-object-xcoff.c -o pic/simple-object-xcoff.o; \
else true; fi
if [ x"" != x ]; then \
  gcc -c -DHAVE_CONFIG_H -g -O2  -I. -I./../include  -W -Wall -Wwrite-strings -Wc++-compat -Wstrict-prototypes -Wshadow=local -pedantic  -D_GNU_SOURCE -fcf-protection   ./simple-object-xcoff.c -o noasan/simple-object-xcoff.o; \
else true; fi
gcc -c -DHAVE_CONFIG_H -g -O2  -I. -I./../include  -W -Wall -Wwrite-strings -Wc++-compat -Wstrict-prototypes -Wshadow=local -pedantic  -D_GNU_SOURCE -fcf-protection ./simple-object-xcoff.c -o simple-object-xcoff.o
if [ x"" != x ]; then \
  gcc -c -DHAVE_CONFIG_H -g -O2  -I. -I./../include  -W -Wall -Wwrite-strings -Wc++-compat -Wstrict-prototypes -Wshadow=local -pedantic  -D_GNU_SOURCE -fcf-protection  ./sort.c -o pic/sort.o; \
else true; fi
if [ x"" != x ]; then \
  gcc -c -DHAVE_CONFIG_H -g -O2  -I. -I./../include  -W -Wall -Wwrite-strings -Wc++-compat -Wstrict-prototypes -Wshadow=local -pedantic  -D_GNU_SOURCE -fcf-protection   ./sort.c -o noasan/sort.o; \
else true; fi
gcc -c -DHAVE_CONFIG_H -g -O2  -I. -I./../include  -W -Wall -Wwrite-strings -Wc++-compat -Wstrict-prototypes -Wshadow=local -pedantic  -D_GNU_SOURCE -fcf-protection ./sort.c -o sort.o
if [ x"" != x ]; then \
  gcc -c -DHAVE_CONFIG_H -g -O2  -I. -I./../include  -W -Wall -Wwrite-strings -Wc++-compat -Wstrict-prototypes -Wshadow=local -pedantic  -D_GNU_SOURCE -fcf-protection  ./spaces.c -o pic/spaces.o; \
else true; fi
if [ x"" != x ]; then \
  gcc -c -DHAVE_CONFIG_H -g -O2  -I. -I./../include  -W -Wall -Wwrite-strings -Wc++-compat -Wstrict-prototypes -Wshadow=local -pedantic  -D_GNU_SOURCE -fcf-protection   ./spaces.c -o noasan/spaces.o; \
else true; fi
gcc -c -DHAVE_CONFIG_H -g -O2  -I. -I./../include  -W -Wall -Wwrite-strings -Wc++-compat -Wstrict-prototypes -Wshadow=local -pedantic  -D_GNU_SOURCE -fcf-protection ./spaces.c -o spaces.o
if [ x"" != x ]; then \
  gcc -c -DHAVE_CONFIG_H -g -O2  -I. -I./../include  -W -Wall -Wwrite-strings -Wc++-compat -Wstrict-prototypes -Wshadow=local -pedantic  -D_GNU_SOURCE -fcf-protection  ./splay-tree.c -o pic/splay-tree.o; \
else true; fi
if [ x"" != x ]; then \
  gcc -c -DHAVE_CONFIG_H -g -O2  -I. -I./../include  -W -Wall -Wwrite-strings -Wc++-compat -Wstrict-prototypes -Wshadow=local -pedantic  -D_GNU_SOURCE -fcf-protection   ./splay-tree.c -o noasan/splay-tree.o; \
else true; fi
gcc -c -DHAVE_CONFIG_H -g -O2  -I. -I./../include  -W -Wall -Wwrite-strings -Wc++-compat -Wstrict-prototypes -Wshadow=local -pedantic  -D_GNU_SOURCE -fcf-protection ./splay-tree.c -o splay-tree.o
if [ x"" != x ]; then \
  gcc -c -DHAVE_CONFIG_H -g -O2  -I. -I./../include  -W -Wall -Wwrite-strings -Wc++-compat -Wstrict-prototypes -Wshadow=local -pedantic  -D_GNU_SOURCE -fcf-protection  ./stack-limit.c -o pic/stack-limit.o; \
else true; fi
if [ x"" != x ]; then \
  gcc -c -DHAVE_CONFIG_H -g -O2  -I. -I./../include  -W -Wall -Wwrite-strings -Wc++-compat -Wstrict-prototypes -Wshadow=local -pedantic  -D_GNU_SOURCE -fcf-protection   ./stack-limit.c -o noasan/stack-limit.o; \
else true; fi
gcc -c -DHAVE_CONFIG_H -g -O2  -I. -I./../include  -W -Wall -Wwrite-strings -Wc++-compat -Wstrict-prototypes -Wshadow=local -pedantic  -D_GNU_SOURCE -fcf-protection ./stack-limit.c -o stack-limit.o
if [ x"" != x ]; then \
  gcc -c -DHAVE_CONFIG_H -g -O2  -I. -I./../include  -W -Wall -Wwrite-strings -Wc++-compat -Wstrict-prototypes -Wshadow=local -pedantic  -D_GNU_SOURCE -fcf-protection  ./strerror.c -o pic/strerror.o; \
else true; fi
if [ x"" != x ]; then \
  gcc -c -DHAVE_CONFIG_H -g -O2  -I. -I./../include  -W -Wall -Wwrite-strings -Wc++-compat -Wstrict-prototypes -Wshadow=local -pedantic  -D_GNU_SOURCE -fcf-protection   ./strerror.c -o noasan/strerror.o; \
else true; fi
gcc -c -DHAVE_CONFIG_H -g -O2  -I. -I./../include  -W -Wall -Wwrite-strings -Wc++-compat -Wstrict-prototypes -Wshadow=local -pedantic  -D_GNU_SOURCE -fcf-protection ./strerror.c -o strerror.o
if [ x"" != x ]; then \
  gcc -c -DHAVE_CONFIG_H -g -O2  -I. -I./../include  -W -Wall -Wwrite-strings -Wc++-compat -Wstrict-prototypes -Wshadow=local -pedantic  -D_GNU_SOURCE -fcf-protection  ./strsignal.c -o pic/strsignal.o; \
else true; fi
if [ x"" != x ]; then \
  gcc -c -DHAVE_CONFIG_H -g -O2  -I. -I./../include  -W -Wall -Wwrite-strings -Wc++-compat -Wstrict-prototypes -Wshadow=local -pedantic  -D_GNU_SOURCE -fcf-protection   ./strsignal.c -o noasan/strsignal.o; \
else true; fi
gcc -c -DHAVE_CONFIG_H -g -O2  -I. -I./../include  -W -Wall -Wwrite-strings -Wc++-compat -Wstrict-prototypes -Wshadow=local -pedantic  -D_GNU_SOURCE -fcf-protection ./strsignal.c -o strsignal.o
if [ x"" != x ]; then \
  gcc -c -DHAVE_CONFIG_H -g -O2  -I. -I./../include  -W -Wall -Wwrite-strings -Wc++-compat -Wstrict-prototypes -Wshadow=local -pedantic  -D_GNU_SOURCE -fcf-protection  ./timeval-utils.c -o pic/timeval-utils.o; \
else true; fi
if [ x"" != x ]; then \
  gcc -c -DHAVE_CONFIG_H -g -O2  -I. -I./../include  -W -Wall -Wwrite-strings -Wc++-compat -Wstrict-prototypes -Wshadow=local -pedantic  -D_GNU_SOURCE -fcf-protection   ./timeval-utils.c -o noasan/timeval-utils.o; \
else true; fi
gcc -c -DHAVE_CONFIG_H -g -O2  -I. -I./../include  -W -Wall -Wwrite-strings -Wc++-compat -Wstrict-prototypes -Wshadow=local -pedantic  -D_GNU_SOURCE -fcf-protection ./timeval-utils.c -o timeval-utils.o
if [ x"" != x ]; then \
  gcc -c -DHAVE_CONFIG_H -g -O2  -I. -I./../include  -W -Wall -Wwrite-strings -Wc++-compat -Wstrict-prototypes -Wshadow=local -pedantic  -D_GNU_SOURCE -fcf-protection  ./unlink-if-ordinary.c -o pic/unlink-if-ordinary.o; \
else true; fi
if [ x"" != x ]; then \
  gcc -c -DHAVE_CONFIG_H -g -O2  -I. -I./../include  -W -Wall -Wwrite-strings -Wc++-compat -Wstrict-prototypes -Wshadow=local -pedantic  -D_GNU_SOURCE -fcf-protection   ./unlink-if-ordinary.c -o noasan/unlink-if-ordinary.o; \
else true; fi
gcc -c -DHAVE_CONFIG_H -g -O2  -I. -I./../include  -W -Wall -Wwrite-strings -Wc++-compat -Wstrict-prototypes -Wshadow=local -pedantic  -D_GNU_SOURCE -fcf-protection ./unlink-if-ordinary.c -o unlink-if-ordinary.o
if [ x"" != x ]; then \
  gcc -c -DHAVE_CONFIG_H -g -O2  -I. -I./../include  -W -Wall -Wwrite-strings -Wc++-compat -Wstrict-prototypes -Wshadow=local -pedantic  -D_GNU_SOURCE -fcf-protection  ./xasprintf.c -o pic/xasprintf.o; \
else true; fi
if [ x"" != x ]; then \
  gcc -c -DHAVE_CONFIG_H -g -O2  -I. -I./../include  -W -Wall -Wwrite-strings -Wc++-compat -Wstrict-prototypes -Wshadow=local -pedantic  -D_GNU_SOURCE -fcf-protection   ./xasprintf.c -o noasan/xasprintf.o; \
else true; fi
gcc -c -DHAVE_CONFIG_H -g -O2  -I. -I./../include  -W -Wall -Wwrite-strings -Wc++-compat -Wstrict-prototypes -Wshadow=local -pedantic  -D_GNU_SOURCE -fcf-protection ./xasprintf.c -o xasprintf.o
if [ x"" != x ]; then \
  gcc -c -DHAVE_CONFIG_H -g -O2  -I. -I./../include  -W -Wall -Wwrite-strings -Wc++-compat -Wstrict-prototypes -Wshadow=local -pedantic  -D_GNU_SOURCE -fcf-protection  ./xatexit.c -o pic/xatexit.o; \
else true; fi
if [ x"" != x ]; then \
  gcc -c -DHAVE_CONFIG_H -g -O2  -I. -I./../include  -W -Wall -Wwrite-strings -Wc++-compat -Wstrict-prototypes -Wshadow=local -pedantic  -D_GNU_SOURCE -fcf-protection   ./xatexit.c -o noasan/xatexit.o; \
else true; fi
gcc -c -DHAVE_CONFIG_H -g -O2  -I. -I./../include  -W -Wall -Wwrite-strings -Wc++-compat -Wstrict-prototypes -Wshadow=local -pedantic  -D_GNU_SOURCE -fcf-protection ./xatexit.c -o xatexit.o
if [ x"" != x ]; then \
  gcc -c -DHAVE_CONFIG_H -g -O2  -I. -I./../include  -W -Wall -Wwrite-strings -Wc++-compat -Wstrict-prototypes -Wshadow=local -pedantic  -D_GNU_SOURCE -fcf-protection  ./xexit.c -o pic/xexit.o; \
else true; fi
if [ x"" != x ]; then \
  gcc -c -DHAVE_CONFIG_H -g -O2  -I. -I./../include  -W -Wall -Wwrite-strings -Wc++-compat -Wstrict-prototypes -Wshadow=local -pedantic  -D_GNU_SOURCE -fcf-protection   ./xexit.c -o noasan/xexit.o; \
else true; fi
gcc -c -DHAVE_CONFIG_H -g -O2  -I. -I./../include  -W -Wall -Wwrite-strings -Wc++-compat -Wstrict-prototypes -Wshadow=local -pedantic  -D_GNU_SOURCE -fcf-protection ./xexit.c -o xexit.o
if [ x"" != x ]; then \
  gcc -c -DHAVE_CONFIG_H -g -O2  -I. -I./../include  -W -Wall -Wwrite-strings -Wc++-compat -Wstrict-prototypes -Wshadow=local -pedantic  -D_GNU_SOURCE -fcf-protection  ./xmalloc.c -o pic/xmalloc.o; \
else true; fi
if [ x"" != x ]; then \
  gcc -c -DHAVE_CONFIG_H -g -O2  -I. -I./../include  -W -Wall -Wwrite-strings -Wc++-compat -Wstrict-prototypes -Wshadow=local -pedantic  -D_GNU_SOURCE -fcf-protection   ./xmalloc.c -o noasan/xmalloc.o; \
else true; fi
gcc -c -DHAVE_CONFIG_H -g -O2  -I. -I./../include  -W -Wall -Wwrite-strings -Wc++-compat -Wstrict-prototypes -Wshadow=local -pedantic  -D_GNU_SOURCE -fcf-protection ./xmalloc.c -o xmalloc.o
if [ x"" != x ]; then \
  gcc -c -DHAVE_CONFIG_H -g -O2  -I. -I./../include  -W -Wall -Wwrite-strings -Wc++-compat -Wstrict-prototypes -Wshadow=local -pedantic  -D_GNU_SOURCE -fcf-protection  ./xmemdup.c -o pic/xmemdup.o; \
else true; fi
if [ x"" != x ]; then \
  gcc -c -DHAVE_CONFIG_H -g -O2  -I. -I./../include  -W -Wall -Wwrite-strings -Wc++-compat -Wstrict-prototypes -Wshadow=local -pedantic  -D_GNU_SOURCE -fcf-protection   ./xmemdup.c -o noasan/xmemdup.o; \
else true; fi
gcc -c -DHAVE_CONFIG_H -g -O2  -I. -I./../include  -W -Wall -Wwrite-strings -Wc++-compat -Wstrict-prototypes -Wshadow=local -pedantic  -D_GNU_SOURCE -fcf-protection ./xmemdup.c -o xmemdup.o
if [ x"" != x ]; then \
  gcc -c -DHAVE_CONFIG_H -g -O2  -I. -I./../include  -W -Wall -Wwrite-strings -Wc++-compat -Wstrict-prototypes -Wshadow=local -pedantic  -D_GNU_SOURCE -fcf-protection  ./xstrdup.c -o pic/xstrdup.o; \
else true; fi
if [ x"" != x ]; then \
  gcc -c -DHAVE_CONFIG_H -g -O2  -I. -I./../include  -W -Wall -Wwrite-strings -Wc++-compat -Wstrict-prototypes -Wshadow=local -pedantic  -D_GNU_SOURCE -fcf-protection   ./xstrdup.c -o noasan/xstrdup.o; \
else true; fi
gcc -c -DHAVE_CONFIG_H -g -O2  -I. -I./../include  -W -Wall -Wwrite-strings -Wc++-compat -Wstrict-prototypes -Wshadow=local -pedantic  -D_GNU_SOURCE -fcf-protection ./xstrdup.c -o xstrdup.o
if [ x"" != x ]; then \
  gcc -c -DHAVE_CONFIG_H -g -O2  -I. -I./../include  -W -Wall -Wwrite-strings -Wc++-compat -Wstrict-prototypes -Wshadow=local -pedantic  -D_GNU_SOURCE -fcf-protection  ./xstrerror.c -o pic/xstrerror.o; \
else true; fi
if [ x"" != x ]; then \
  gcc -c -DHAVE_CONFIG_H -g -O2  -I. -I./../include  -W -Wall -Wwrite-strings -Wc++-compat -Wstrict-prototypes -Wshadow=local -pedantic  -D_GNU_SOURCE -fcf-protection   ./xstrerror.c -o noasan/xstrerror.o; \
else true; fi
gcc -c -DHAVE_CONFIG_H -g -O2  -I. -I./../include  -W -Wall -Wwrite-strings -Wc++-compat -Wstrict-prototypes -Wshadow=local -pedantic  -D_GNU_SOURCE -fcf-protection ./xstrerror.c -o xstrerror.o
if [ x"" != x ]; then \
  gcc -c -DHAVE_CONFIG_H -g -O2  -I. -I./../include  -W -Wall -Wwrite-strings -Wc++-compat -Wstrict-prototypes -Wshadow=local -pedantic  -D_GNU_SOURCE -fcf-protection  ./xstrndup.c -o pic/xstrndup.o; \
else true; fi
if [ x"" != x ]; then \
  gcc -c -DHAVE_CONFIG_H -g -O2  -I. -I./../include  -W -Wall -Wwrite-strings -Wc++-compat -Wstrict-prototypes -Wshadow=local -pedantic  -D_GNU_SOURCE -fcf-protection   ./xstrndup.c -o noasan/xstrndup.o; \
else true; fi
gcc -c -DHAVE_CONFIG_H -g -O2  -I. -I./../include  -W -Wall -Wwrite-strings -Wc++-compat -Wstrict-prototypes -Wshadow=local -pedantic  -D_GNU_SOURCE -fcf-protection ./xstrndup.c -o xstrndup.o
if [ x"" != x ]; then \
  gcc -c -DHAVE_CONFIG_H -g -O2  -I. -I./../include  -W -Wall -Wwrite-strings -Wc++-compat -Wstrict-prototypes -Wshadow=local -pedantic  -D_GNU_SOURCE -fcf-protection  ./xvasprintf.c -o pic/xvasprintf.o; \
else true; fi
if [ x"" != x ]; then \
  gcc -c -DHAVE_CONFIG_H -g -O2  -I. -I./../include  -W -Wall -Wwrite-strings -Wc++-compat -Wstrict-prototypes -Wshadow=local -pedantic  -D_GNU_SOURCE -fcf-protection   ./xvasprintf.c -o noasan/xvasprintf.o; \
else true; fi
gcc -c -DHAVE_CONFIG_H -g -O2  -I. -I./../include  -W -Wall -Wwrite-strings -Wc++-compat -Wstrict-prototypes -Wshadow=local -pedantic  -D_GNU_SOURCE -fcf-protection ./xvasprintf.c -o xvasprintf.o
if [ x"" != x ]; then \
  gcc -c -DHAVE_CONFIG_H -g -O2  -I. -I./../include  -W -Wall -Wwrite-strings -Wc++-compat -Wstrict-prototypes -Wshadow=local -pedantic  -D_GNU_SOURCE -fcf-protection  ./setproctitle.c -o pic/setproctitle.o; \
else true; fi
if [ x"" != x ]; then \
  gcc -c -DHAVE_CONFIG_H -g -O2  -I. -I./../include  -W -Wall -Wwrite-strings -Wc++-compat -Wstrict-prototypes -Wshadow=local -pedantic  -D_GNU_SOURCE -fcf-protection   ./setproctitle.c -o noasan/setproctitle.o; \
else true; fi
gcc -c -DHAVE_CONFIG_H -g -O2  -I. -I./../include  -W -Wall -Wwrite-strings -Wc++-compat -Wstrict-prototypes -Wshadow=local -pedantic  -D_GNU_SOURCE -fcf-protection ./setproctitle.c -o setproctitle.o
rm -f ./libiberty.a pic/./libiberty.a noasan/./libiberty.a
ar rc ./libiberty.a \
  ./regex.o ./cplus-dem.o ./cp-demangle.o ./md5.o ./sha1.o ./alloca.o ./argv.o ./bsearch_r.o ./choose-temp.o ./concat.o ./cp-demint.o ./crc32.o ./d-demangle.o ./dwarfnames.o ./dyn-string.o ./fdmatch.o ./fibheap.o ./filedescriptor.o ./filename_cmp.o ./floatformat.o ./fnmatch.o ./fopen_unlocked.o ./getopt.o ./getopt1.o ./getpwd.o ./getruntime.o ./hashtab.o ./hex.o ./lbasename.o ./lrealpath.o ./make-relative-prefix.o ./make-temp-file.o ./objalloc.o ./obstack.o ./partition.o ./pexecute.o ./physmem.o ./pex-common.o ./pex-one.o ./pex-unix.o ./vprintf-support.o ./rust-demangle.o ./safe-ctype.o ./simple-object.o ./simple-object-coff.o ./simple-object-elf.o ./simple-object-mach-o.o ./simple-object-xcoff.o ./sort.o ./spaces.o ./splay-tree.o ./stack-limit.o ./strerror.o ./strsignal.o ./timeval-utils.o ./unlink-if-ordinary.o ./xasprintf.o ./xatexit.o ./xexit.o ./xmalloc.o ./xmemdup.o ./xstrdup.o ./xstrerror.o ./xstrndup.o ./xvasprintf.o  ./setproctitle.o
ranlib ./libiberty.a
if [ x"" != x ]; then \
  cd pic; \
  ar rc ./libiberty.a \
    ./regex.o ./cplus-dem.o ./cp-demangle.o ./md5.o ./sha1.o ./alloca.o ./argv.o ./bsearch_r.o ./choose-temp.o ./concat.o ./cp-demint.o ./crc32.o ./d-demangle.o ./dwarfnames.o ./dyn-string.o ./fdmatch.o ./fibheap.o ./filedescriptor.o ./filename_cmp.o ./floatformat.o ./fnmatch.o ./fopen_unlocked.o ./getopt.o ./getopt1.o ./getpwd.o ./getruntime.o ./hashtab.o ./hex.o ./lbasename.o ./lrealpath.o ./make-relative-prefix.o ./make-temp-file.o ./objalloc.o ./obstack.o ./partition.o ./pexecute.o ./physmem.o ./pex-common.o ./pex-one.o ./pex-unix.o ./vprintf-support.o ./rust-demangle.o ./safe-ctype.o ./simple-object.o ./simple-object-coff.o ./simple-object-elf.o ./simple-object-mach-o.o ./simple-object-xcoff.o ./sort.o ./spaces.o ./splay-tree.o ./stack-limit.o ./strerror.o ./strsignal.o ./timeval-utils.o ./unlink-if-ordinary.o ./xasprintf.o ./xatexit.o ./xexit.o ./xmalloc.o ./xmemdup.o ./xstrdup.o ./xstrerror.o ./xstrndup.o ./xvasprintf.o  ./setproctitle.o; \
  ranlib ./libiberty.a; \
  cd ..; \
else true; fi; \
if [ x"" != x ]; then \
  cd noasan; \
  ar rc ./libiberty.a \
    ./regex.o ./cplus-dem.o ./cp-demangle.o ./md5.o ./sha1.o ./alloca.o ./argv.o ./bsearch_r.o ./choose-temp.o ./concat.o ./cp-demint.o ./crc32.o ./d-demangle.o ./dwarfnames.o ./dyn-string.o ./fdmatch.o ./fibheap.o ./filedescriptor.o ./filename_cmp.o ./floatformat.o ./fnmatch.o ./fopen_unlocked.o ./getopt.o ./getopt1.o ./getpwd.o ./getruntime.o ./hashtab.o ./hex.o ./lbasename.o ./lrealpath.o ./make-relative-prefix.o ./make-temp-file.o ./objalloc.o ./obstack.o ./partition.o ./pexecute.o ./physmem.o ./pex-common.o ./pex-one.o ./pex-unix.o ./vprintf-support.o ./rust-demangle.o ./safe-ctype.o ./simple-object.o ./simple-object-coff.o ./simple-object-elf.o ./simple-object-mach-o.o ./simple-object-xcoff.o ./sort.o ./spaces.o ./splay-tree.o ./stack-limit.o ./strerror.o ./strsignal.o ./timeval-utils.o ./unlink-if-ordinary.o ./xasprintf.o ./xatexit.o ./xexit.o ./xmalloc.o ./xmemdup.o ./xstrdup.o ./xstrerror.o ./xstrndup.o ./xvasprintf.o  ./setproctitle.o; \
  ranlib ./libiberty.a; \
  cd ..; \
else true; fi
echo ./regex.o ./cplus-dem.o ./cp-demangle.o ./md5.o ./sha1.o ./alloca.o ./argv.o ./bsearch_r.o ./choose-temp.o ./concat.o ./cp-demint.o ./crc32.o ./d-demangle.o ./dwarfnames.o ./dyn-string.o ./fdmatch.o ./fibheap.o ./filedescriptor.o ./filename_cmp.o ./floatformat.o ./fnmatch.o ./fopen_unlocked.o ./getopt.o ./getopt1.o ./getpwd.o ./getruntime.o ./hashtab.o ./hex.o ./lbasename.o ./lrealpath.o ./make-relative-prefix.o ./make-temp-file.o ./objalloc.o ./obstack.o ./partition.o ./pexecute.o ./physmem.o ./pex-common.o ./pex-one.o ./pex-unix.o ./vprintf-support.o ./rust-demangle.o ./safe-ctype.o ./simple-object.o ./simple-object-coff.o ./simple-object-elf.o ./simple-object-mach-o.o ./simple-object-xcoff.o ./sort.o ./spaces.o ./splay-tree.o ./stack-limit.o ./strerror.o ./strsignal.o ./timeval-utils.o ./unlink-if-ordinary.o ./xasprintf.o ./xatexit.o ./xexit.o ./xmalloc.o ./xmemdup.o ./xstrdup.o ./xstrerror.o ./xstrndup.o ./xvasprintf.o > required-list
make[3]: Entering directory '/external/binutils-2.35.1/libiberty/testsuite'
make[3]: Nothing to be done for 'all'.
make[3]: Leaving directory '/external/binutils-2.35.1/libiberty/testsuite'
make[2]: Leaving directory '/external/binutils-2.35.1/libiberty'
make[2]: Entering directory '/external/binutils-2.35.1/intl'
make[2]: Nothing to be done for 'all'.
make[2]: Leaving directory '/external/binutils-2.35.1/intl'
Configuring in ./zlib
configure: creating cache ./config.cache
checking build system type... x86_64-pc-linux-gnu
checking host system type... x86_64-pc-linux-gnu
checking target system type... x86_64-pc-linux-gnu
checking for a BSD-compatible install... /usr/bin/install -c
checking whether build environment is sane... yes
checking for a thread-safe mkdir -p... /usr/bin/mkdir -p
checking for gawk... gawk
checking whether make sets $(MAKE)... yes
checking whether make supports nested variables... yes
checking whether to enable maintainer-specific portions of Makefiles... no
checking for x86_64-pc-linux-gnu-gcc... gcc
checking whether the C compiler works... yes
checking for C compiler default output file name... a.out
checking for suffix of executables... 
checking whether we are cross compiling... no
checking for suffix of object files... o
checking whether we are using the GNU C compiler... yes
checking whether gcc accepts -g... yes
checking for gcc option to accept ISO C89... none needed
checking whether gcc understands -c and -o together... yes
checking for style of include used by make... GNU
checking dependency style of gcc... gcc3
checking how to print strings... printf
checking for a sed that does not truncate output... /usr/bin/sed
checking for grep that handles long lines and -e... /usr/bin/grep
checking for egrep... /usr/bin/grep -E
checking for fgrep... /usr/bin/grep -F
checking for ld used by gcc... ld
checking if the linker (ld) is GNU ld... yes
checking for BSD- or MS-compatible name lister (nm)... nm
checking the name lister (nm) interface... BSD nm
checking whether ln -s works... yes
checking the maximum length of command line arguments... 1572864
checking whether the shell understands some XSI constructs... yes
checking whether the shell understands "+="... yes
checking for ld option to reload object files... -r
checking for x86_64-pc-linux-gnu-objdump... objdump
checking how to recognize dependent libraries... pass_all
checking for x86_64-pc-linux-gnu-ar... ar
checking for x86_64-pc-linux-gnu-strip... no
checking for strip... strip
checking for x86_64-pc-linux-gnu-ranlib... ranlib
checking command to parse nm output from gcc object... ok
checking how to run the C preprocessor... gcc -E
checking for ANSI C header files... yes
checking for sys/types.h... yes
checking for sys/stat.h... yes
checking for stdlib.h... yes
checking for string.h... yes
checking for memory.h... yes
checking for strings.h... yes
checking for inttypes.h... yes
checking for stdint.h... yes
checking for unistd.h... yes
checking for dlfcn.h... yes
checking for objdir... .libs
checking if gcc supports -fno-rtti -fno-exceptions... no
checking for gcc option to produce PIC... -fPIC -DPIC
checking if gcc PIC flag -fPIC -DPIC works... yes
checking if gcc static flag -static works... yes
checking if gcc supports -c -o file.o... yes
checking if gcc supports -c -o file.o... (cached) yes
checking whether the gcc linker (ld -m elf_x86_64) supports shared libraries... yes
checking whether -lc should be explicitly linked in... no
checking dynamic linker characteristics... GNU/Linux ld.so
checking how to hardcode library paths into programs... immediate
checking whether stripping libraries is possible... yes
checking if libtool supports shared libraries... yes
checking whether to build shared libraries... yes
checking whether to build static libraries... yes
checking how to run the C preprocessor... gcc -E
checking for stdlib.h... (cached) yes
checking for unistd.h... (cached) yes
checking for sys/param.h... yes
checking for getpagesize... yes
checking for working mmap... yes
checking for memcpy... yes
checking for strerror... yes
checking for unistd.h... (cached) yes
configure: updating cache ./config.cache
checking that generated files are newer than configure... done
configure: creating ./config.status
config.status: creating Makefile
config.status: executing depfiles commands
config.status: executing libtool commands
make[2]: Entering directory '/external/binutils-2.35.1/zlib'
gcc -DPACKAGE_NAME=\"zlib\" -DPACKAGE_TARNAME=\"zlib\" -DPACKAGE_VERSION=\"1.1.4\" -DPACKAGE_STRING=\"zlib\ 1.1.4\" -DPACKAGE_BUGREPORT=\"\" -DPACKAGE_URL=\"\" -DPACKAGE=\"zlib\" -DVERSION=\"1.1.4\" -DSTDC_HEADERS=1 -DHAVE_SYS_TYPES_H=1 -DHAVE_SYS_STAT_H=1 -DHAVE_STDLIB_H=1 -DHAVE_STRING_H=1 -DHAVE_MEMORY_H=1 -DHAVE_STRINGS_H=1 -DHAVE_INTTYPES_H=1 -DHAVE_STDINT_H=1 -DHAVE_UNISTD_H=1 -DHAVE_DLFCN_H=1 -DLT_OBJDIR=\".libs/\" -DHAVE_STDLIB_H=1 -DHAVE_UNISTD_H=1 -DHAVE_SYS_PARAM_H=1 -DHAVE_GETPAGESIZE=1 -DHAVE_MMAP=1 -DHAVE_MEMCPY=1 -DHAVE_STRERROR=1 -DHAVE_UNISTD_H=1 -I.      -g -O2 -MT libz_a-adler32.o -MD -MP -MF .deps/libz_a-adler32.Tpo -c -o libz_a-adler32.o `test -f 'adler32.c' || echo './'`adler32.c
mv -f .deps/libz_a-adler32.Tpo .deps/libz_a-adler32.Po
gcc -DPACKAGE_NAME=\"zlib\" -DPACKAGE_TARNAME=\"zlib\" -DPACKAGE_VERSION=\"1.1.4\" -DPACKAGE_STRING=\"zlib\ 1.1.4\" -DPACKAGE_BUGREPORT=\"\" -DPACKAGE_URL=\"\" -DPACKAGE=\"zlib\" -DVERSION=\"1.1.4\" -DSTDC_HEADERS=1 -DHAVE_SYS_TYPES_H=1 -DHAVE_SYS_STAT_H=1 -DHAVE_STDLIB_H=1 -DHAVE_STRING_H=1 -DHAVE_MEMORY_H=1 -DHAVE_STRINGS_H=1 -DHAVE_INTTYPES_H=1 -DHAVE_STDINT_H=1 -DHAVE_UNISTD_H=1 -DHAVE_DLFCN_H=1 -DLT_OBJDIR=\".libs/\" -DHAVE_STDLIB_H=1 -DHAVE_UNISTD_H=1 -DHAVE_SYS_PARAM_H=1 -DHAVE_GETPAGESIZE=1 -DHAVE_MMAP=1 -DHAVE_MEMCPY=1 -DHAVE_STRERROR=1 -DHAVE_UNISTD_H=1 -I.      -g -O2 -MT libz_a-compress.o -MD -MP -MF .deps/libz_a-compress.Tpo -c -o libz_a-compress.o `test -f 'compress.c' || echo './'`compress.c
mv -f .deps/libz_a-compress.Tpo .deps/libz_a-compress.Po
gcc -DPACKAGE_NAME=\"zlib\" -DPACKAGE_TARNAME=\"zlib\" -DPACKAGE_VERSION=\"1.1.4\" -DPACKAGE_STRING=\"zlib\ 1.1.4\" -DPACKAGE_BUGREPORT=\"\" -DPACKAGE_URL=\"\" -DPACKAGE=\"zlib\" -DVERSION=\"1.1.4\" -DSTDC_HEADERS=1 -DHAVE_SYS_TYPES_H=1 -DHAVE_SYS_STAT_H=1 -DHAVE_STDLIB_H=1 -DHAVE_STRING_H=1 -DHAVE_MEMORY_H=1 -DHAVE_STRINGS_H=1 -DHAVE_INTTYPES_H=1 -DHAVE_STDINT_H=1 -DHAVE_UNISTD_H=1 -DHAVE_DLFCN_H=1 -DLT_OBJDIR=\".libs/\" -DHAVE_STDLIB_H=1 -DHAVE_UNISTD_H=1 -DHAVE_SYS_PARAM_H=1 -DHAVE_GETPAGESIZE=1 -DHAVE_MMAP=1 -DHAVE_MEMCPY=1 -DHAVE_STRERROR=1 -DHAVE_UNISTD_H=1 -I.      -g -O2 -MT libz_a-crc32.o -MD -MP -MF .deps/libz_a-crc32.Tpo -c -o libz_a-crc32.o `test -f 'crc32.c' || echo './'`crc32.c
mv -f .deps/libz_a-crc32.Tpo .deps/libz_a-crc32.Po
gcc -DPACKAGE_NAME=\"zlib\" -DPACKAGE_TARNAME=\"zlib\" -DPACKAGE_VERSION=\"1.1.4\" -DPACKAGE_STRING=\"zlib\ 1.1.4\" -DPACKAGE_BUGREPORT=\"\" -DPACKAGE_URL=\"\" -DPACKAGE=\"zlib\" -DVERSION=\"1.1.4\" -DSTDC_HEADERS=1 -DHAVE_SYS_TYPES_H=1 -DHAVE_SYS_STAT_H=1 -DHAVE_STDLIB_H=1 -DHAVE_STRING_H=1 -DHAVE_MEMORY_H=1 -DHAVE_STRINGS_H=1 -DHAVE_INTTYPES_H=1 -DHAVE_STDINT_H=1 -DHAVE_UNISTD_H=1 -DHAVE_DLFCN_H=1 -DLT_OBJDIR=\".libs/\" -DHAVE_STDLIB_H=1 -DHAVE_UNISTD_H=1 -DHAVE_SYS_PARAM_H=1 -DHAVE_GETPAGESIZE=1 -DHAVE_MMAP=1 -DHAVE_MEMCPY=1 -DHAVE_STRERROR=1 -DHAVE_UNISTD_H=1 -I.      -g -O2 -MT libz_a-deflate.o -MD -MP -MF .deps/libz_a-deflate.Tpo -c -o libz_a-deflate.o `test -f 'deflate.c' || echo './'`deflate.c
mv -f .deps/libz_a-deflate.Tpo .deps/libz_a-deflate.Po
gcc -DPACKAGE_NAME=\"zlib\" -DPACKAGE_TARNAME=\"zlib\" -DPACKAGE_VERSION=\"1.1.4\" -DPACKAGE_STRING=\"zlib\ 1.1.4\" -DPACKAGE_BUGREPORT=\"\" -DPACKAGE_URL=\"\" -DPACKAGE=\"zlib\" -DVERSION=\"1.1.4\" -DSTDC_HEADERS=1 -DHAVE_SYS_TYPES_H=1 -DHAVE_SYS_STAT_H=1 -DHAVE_STDLIB_H=1 -DHAVE_STRING_H=1 -DHAVE_MEMORY_H=1 -DHAVE_STRINGS_H=1 -DHAVE_INTTYPES_H=1 -DHAVE_STDINT_H=1 -DHAVE_UNISTD_H=1 -DHAVE_DLFCN_H=1 -DLT_OBJDIR=\".libs/\" -DHAVE_STDLIB_H=1 -DHAVE_UNISTD_H=1 -DHAVE_SYS_PARAM_H=1 -DHAVE_GETPAGESIZE=1 -DHAVE_MMAP=1 -DHAVE_MEMCPY=1 -DHAVE_STRERROR=1 -DHAVE_UNISTD_H=1 -I.      -g -O2 -MT libz_a-gzread.o -MD -MP -MF .deps/libz_a-gzread.Tpo -c -o libz_a-gzread.o `test -f 'gzread.c' || echo './'`gzread.c
mv -f .deps/libz_a-gzread.Tpo .deps/libz_a-gzread.Po
gcc -DPACKAGE_NAME=\"zlib\" -DPACKAGE_TARNAME=\"zlib\" -DPACKAGE_VERSION=\"1.1.4\" -DPACKAGE_STRING=\"zlib\ 1.1.4\" -DPACKAGE_BUGREPORT=\"\" -DPACKAGE_URL=\"\" -DPACKAGE=\"zlib\" -DVERSION=\"1.1.4\" -DSTDC_HEADERS=1 -DHAVE_SYS_TYPES_H=1 -DHAVE_SYS_STAT_H=1 -DHAVE_STDLIB_H=1 -DHAVE_STRING_H=1 -DHAVE_MEMORY_H=1 -DHAVE_STRINGS_H=1 -DHAVE_INTTYPES_H=1 -DHAVE_STDINT_H=1 -DHAVE_UNISTD_H=1 -DHAVE_DLFCN_H=1 -DLT_OBJDIR=\".libs/\" -DHAVE_STDLIB_H=1 -DHAVE_UNISTD_H=1 -DHAVE_SYS_PARAM_H=1 -DHAVE_GETPAGESIZE=1 -DHAVE_MMAP=1 -DHAVE_MEMCPY=1 -DHAVE_STRERROR=1 -DHAVE_UNISTD_H=1 -I.      -g -O2 -MT libz_a-gzclose.o -MD -MP -MF .deps/libz_a-gzclose.Tpo -c -o libz_a-gzclose.o `test -f 'gzclose.c' || echo './'`gzclose.c
mv -f .deps/libz_a-gzclose.Tpo .deps/libz_a-gzclose.Po
gcc -DPACKAGE_NAME=\"zlib\" -DPACKAGE_TARNAME=\"zlib\" -DPACKAGE_VERSION=\"1.1.4\" -DPACKAGE_STRING=\"zlib\ 1.1.4\" -DPACKAGE_BUGREPORT=\"\" -DPACKAGE_URL=\"\" -DPACKAGE=\"zlib\" -DVERSION=\"1.1.4\" -DSTDC_HEADERS=1 -DHAVE_SYS_TYPES_H=1 -DHAVE_SYS_STAT_H=1 -DHAVE_STDLIB_H=1 -DHAVE_STRING_H=1 -DHAVE_MEMORY_H=1 -DHAVE_STRINGS_H=1 -DHAVE_INTTYPES_H=1 -DHAVE_STDINT_H=1 -DHAVE_UNISTD_H=1 -DHAVE_DLFCN_H=1 -DLT_OBJDIR=\".libs/\" -DHAVE_STDLIB_H=1 -DHAVE_UNISTD_H=1 -DHAVE_SYS_PARAM_H=1 -DHAVE_GETPAGESIZE=1 -DHAVE_MMAP=1 -DHAVE_MEMCPY=1 -DHAVE_STRERROR=1 -DHAVE_UNISTD_H=1 -I.      -g -O2 -MT libz_a-gzwrite.o -MD -MP -MF .deps/libz_a-gzwrite.Tpo -c -o libz_a-gzwrite.o `test -f 'gzwrite.c' || echo './'`gzwrite.c
mv -f .deps/libz_a-gzwrite.Tpo .deps/libz_a-gzwrite.Po
gcc -DPACKAGE_NAME=\"zlib\" -DPACKAGE_TARNAME=\"zlib\" -DPACKAGE_VERSION=\"1.1.4\" -DPACKAGE_STRING=\"zlib\ 1.1.4\" -DPACKAGE_BUGREPORT=\"\" -DPACKAGE_URL=\"\" -DPACKAGE=\"zlib\" -DVERSION=\"1.1.4\" -DSTDC_HEADERS=1 -DHAVE_SYS_TYPES_H=1 -DHAVE_SYS_STAT_H=1 -DHAVE_STDLIB_H=1 -DHAVE_STRING_H=1 -DHAVE_MEMORY_H=1 -DHAVE_STRINGS_H=1 -DHAVE_INTTYPES_H=1 -DHAVE_STDINT_H=1 -DHAVE_UNISTD_H=1 -DHAVE_DLFCN_H=1 -DLT_OBJDIR=\".libs/\" -DHAVE_STDLIB_H=1 -DHAVE_UNISTD_H=1 -DHAVE_SYS_PARAM_H=1 -DHAVE_GETPAGESIZE=1 -DHAVE_MMAP=1 -DHAVE_MEMCPY=1 -DHAVE_STRERROR=1 -DHAVE_UNISTD_H=1 -I.      -g -O2 -MT libz_a-gzlib.o -MD -MP -MF .deps/libz_a-gzlib.Tpo -c -o libz_a-gzlib.o `test -f 'gzlib.c' || echo './'`gzlib.c
mv -f .deps/libz_a-gzlib.Tpo .deps/libz_a-gzlib.Po
gcc -DPACKAGE_NAME=\"zlib\" -DPACKAGE_TARNAME=\"zlib\" -DPACKAGE_VERSION=\"1.1.4\" -DPACKAGE_STRING=\"zlib\ 1.1.4\" -DPACKAGE_BUGREPORT=\"\" -DPACKAGE_URL=\"\" -DPACKAGE=\"zlib\" -DVERSION=\"1.1.4\" -DSTDC_HEADERS=1 -DHAVE_SYS_TYPES_H=1 -DHAVE_SYS_STAT_H=1 -DHAVE_STDLIB_H=1 -DHAVE_STRING_H=1 -DHAVE_MEMORY_H=1 -DHAVE_STRINGS_H=1 -DHAVE_INTTYPES_H=1 -DHAVE_STDINT_H=1 -DHAVE_UNISTD_H=1 -DHAVE_DLFCN_H=1 -DLT_OBJDIR=\".libs/\" -DHAVE_STDLIB_H=1 -DHAVE_UNISTD_H=1 -DHAVE_SYS_PARAM_H=1 -DHAVE_GETPAGESIZE=1 -DHAVE_MMAP=1 -DHAVE_MEMCPY=1 -DHAVE_STRERROR=1 -DHAVE_UNISTD_H=1 -I.      -g -O2 -MT libz_a-infback.o -MD -MP -MF .deps/libz_a-infback.Tpo -c -o libz_a-infback.o `test -f 'infback.c' || echo './'`infback.c
mv -f .deps/libz_a-infback.Tpo .deps/libz_a-infback.Po
gcc -DPACKAGE_NAME=\"zlib\" -DPACKAGE_TARNAME=\"zlib\" -DPACKAGE_VERSION=\"1.1.4\" -DPACKAGE_STRING=\"zlib\ 1.1.4\" -DPACKAGE_BUGREPORT=\"\" -DPACKAGE_URL=\"\" -DPACKAGE=\"zlib\" -DVERSION=\"1.1.4\" -DSTDC_HEADERS=1 -DHAVE_SYS_TYPES_H=1 -DHAVE_SYS_STAT_H=1 -DHAVE_STDLIB_H=1 -DHAVE_STRING_H=1 -DHAVE_MEMORY_H=1 -DHAVE_STRINGS_H=1 -DHAVE_INTTYPES_H=1 -DHAVE_STDINT_H=1 -DHAVE_UNISTD_H=1 -DHAVE_DLFCN_H=1 -DLT_OBJDIR=\".libs/\" -DHAVE_STDLIB_H=1 -DHAVE_UNISTD_H=1 -DHAVE_SYS_PARAM_H=1 -DHAVE_GETPAGESIZE=1 -DHAVE_MMAP=1 -DHAVE_MEMCPY=1 -DHAVE_STRERROR=1 -DHAVE_UNISTD_H=1 -I.      -g -O2 -MT libz_a-inffast.o -MD -MP -MF .deps/libz_a-inffast.Tpo -c -o libz_a-inffast.o `test -f 'inffast.c' || echo './'`inffast.c
mv -f .deps/libz_a-inffast.Tpo .deps/libz_a-inffast.Po
gcc -DPACKAGE_NAME=\"zlib\" -DPACKAGE_TARNAME=\"zlib\" -DPACKAGE_VERSION=\"1.1.4\" -DPACKAGE_STRING=\"zlib\ 1.1.4\" -DPACKAGE_BUGREPORT=\"\" -DPACKAGE_URL=\"\" -DPACKAGE=\"zlib\" -DVERSION=\"1.1.4\" -DSTDC_HEADERS=1 -DHAVE_SYS_TYPES_H=1 -DHAVE_SYS_STAT_H=1 -DHAVE_STDLIB_H=1 -DHAVE_STRING_H=1 -DHAVE_MEMORY_H=1 -DHAVE_STRINGS_H=1 -DHAVE_INTTYPES_H=1 -DHAVE_STDINT_H=1 -DHAVE_UNISTD_H=1 -DHAVE_DLFCN_H=1 -DLT_OBJDIR=\".libs/\" -DHAVE_STDLIB_H=1 -DHAVE_UNISTD_H=1 -DHAVE_SYS_PARAM_H=1 -DHAVE_GETPAGESIZE=1 -DHAVE_MMAP=1 -DHAVE_MEMCPY=1 -DHAVE_STRERROR=1 -DHAVE_UNISTD_H=1 -I.      -g -O2 -MT libz_a-inflate.o -MD -MP -MF .deps/libz_a-inflate.Tpo -c -o libz_a-inflate.o `test -f 'inflate.c' || echo './'`inflate.c
mv -f .deps/libz_a-inflate.Tpo .deps/libz_a-inflate.Po
gcc -DPACKAGE_NAME=\"zlib\" -DPACKAGE_TARNAME=\"zlib\" -DPACKAGE_VERSION=\"1.1.4\" -DPACKAGE_STRING=\"zlib\ 1.1.4\" -DPACKAGE_BUGREPORT=\"\" -DPACKAGE_URL=\"\" -DPACKAGE=\"zlib\" -DVERSION=\"1.1.4\" -DSTDC_HEADERS=1 -DHAVE_SYS_TYPES_H=1 -DHAVE_SYS_STAT_H=1 -DHAVE_STDLIB_H=1 -DHAVE_STRING_H=1 -DHAVE_MEMORY_H=1 -DHAVE_STRINGS_H=1 -DHAVE_INTTYPES_H=1 -DHAVE_STDINT_H=1 -DHAVE_UNISTD_H=1 -DHAVE_DLFCN_H=1 -DLT_OBJDIR=\".libs/\" -DHAVE_STDLIB_H=1 -DHAVE_UNISTD_H=1 -DHAVE_SYS_PARAM_H=1 -DHAVE_GETPAGESIZE=1 -DHAVE_MMAP=1 -DHAVE_MEMCPY=1 -DHAVE_STRERROR=1 -DHAVE_UNISTD_H=1 -I.      -g -O2 -MT libz_a-inftrees.o -MD -MP -MF .deps/libz_a-inftrees.Tpo -c -o libz_a-inftrees.o `test -f 'inftrees.c' || echo './'`inftrees.c
mv -f .deps/libz_a-inftrees.Tpo .deps/libz_a-inftrees.Po
gcc -DPACKAGE_NAME=\"zlib\" -DPACKAGE_TARNAME=\"zlib\" -DPACKAGE_VERSION=\"1.1.4\" -DPACKAGE_STRING=\"zlib\ 1.1.4\" -DPACKAGE_BUGREPORT=\"\" -DPACKAGE_URL=\"\" -DPACKAGE=\"zlib\" -DVERSION=\"1.1.4\" -DSTDC_HEADERS=1 -DHAVE_SYS_TYPES_H=1 -DHAVE_SYS_STAT_H=1 -DHAVE_STDLIB_H=1 -DHAVE_STRING_H=1 -DHAVE_MEMORY_H=1 -DHAVE_STRINGS_H=1 -DHAVE_INTTYPES_H=1 -DHAVE_STDINT_H=1 -DHAVE_UNISTD_H=1 -DHAVE_DLFCN_H=1 -DLT_OBJDIR=\".libs/\" -DHAVE_STDLIB_H=1 -DHAVE_UNISTD_H=1 -DHAVE_SYS_PARAM_H=1 -DHAVE_GETPAGESIZE=1 -DHAVE_MMAP=1 -DHAVE_MEMCPY=1 -DHAVE_STRERROR=1 -DHAVE_UNISTD_H=1 -I.      -g -O2 -MT libz_a-trees.o -MD -MP -MF .deps/libz_a-trees.Tpo -c -o libz_a-trees.o `test -f 'trees.c' || echo './'`trees.c
mv -f .deps/libz_a-trees.Tpo .deps/libz_a-trees.Po
gcc -DPACKAGE_NAME=\"zlib\" -DPACKAGE_TARNAME=\"zlib\" -DPACKAGE_VERSION=\"1.1.4\" -DPACKAGE_STRING=\"zlib\ 1.1.4\" -DPACKAGE_BUGREPORT=\"\" -DPACKAGE_URL=\"\" -DPACKAGE=\"zlib\" -DVERSION=\"1.1.4\" -DSTDC_HEADERS=1 -DHAVE_SYS_TYPES_H=1 -DHAVE_SYS_STAT_H=1 -DHAVE_STDLIB_H=1 -DHAVE_STRING_H=1 -DHAVE_MEMORY_H=1 -DHAVE_STRINGS_H=1 -DHAVE_INTTYPES_H=1 -DHAVE_STDINT_H=1 -DHAVE_UNISTD_H=1 -DHAVE_DLFCN_H=1 -DLT_OBJDIR=\".libs/\" -DHAVE_STDLIB_H=1 -DHAVE_UNISTD_H=1 -DHAVE_SYS_PARAM_H=1 -DHAVE_GETPAGESIZE=1 -DHAVE_MMAP=1 -DHAVE_MEMCPY=1 -DHAVE_STRERROR=1 -DHAVE_UNISTD_H=1 -I.      -g -O2 -MT libz_a-uncompr.o -MD -MP -MF .deps/libz_a-uncompr.Tpo -c -o libz_a-uncompr.o `test -f 'uncompr.c' || echo './'`uncompr.c
mv -f .deps/libz_a-uncompr.Tpo .deps/libz_a-uncompr.Po
gcc -DPACKAGE_NAME=\"zlib\" -DPACKAGE_TARNAME=\"zlib\" -DPACKAGE_VERSION=\"1.1.4\" -DPACKAGE_STRING=\"zlib\ 1.1.4\" -DPACKAGE_BUGREPORT=\"\" -DPACKAGE_URL=\"\" -DPACKAGE=\"zlib\" -DVERSION=\"1.1.4\" -DSTDC_HEADERS=1 -DHAVE_SYS_TYPES_H=1 -DHAVE_SYS_STAT_H=1 -DHAVE_STDLIB_H=1 -DHAVE_STRING_H=1 -DHAVE_MEMORY_H=1 -DHAVE_STRINGS_H=1 -DHAVE_INTTYPES_H=1 -DHAVE_STDINT_H=1 -DHAVE_UNISTD_H=1 -DHAVE_DLFCN_H=1 -DLT_OBJDIR=\".libs/\" -DHAVE_STDLIB_H=1 -DHAVE_UNISTD_H=1 -DHAVE_SYS_PARAM_H=1 -DHAVE_GETPAGESIZE=1 -DHAVE_MMAP=1 -DHAVE_MEMCPY=1 -DHAVE_STRERROR=1 -DHAVE_UNISTD_H=1 -I.      -g -O2 -MT libz_a-zutil.o -MD -MP -MF .deps/libz_a-zutil.Tpo -c -o libz_a-zutil.o `test -f 'zutil.c' || echo './'`zutil.c
mv -f .deps/libz_a-zutil.Tpo .deps/libz_a-zutil.Po
rm -f libz.a
ar cru libz.a libz_a-adler32.o libz_a-compress.o libz_a-crc32.o libz_a-deflate.o libz_a-gzread.o libz_a-gzclose.o libz_a-gzwrite.o libz_a-gzlib.o libz_a-infback.o libz_a-inffast.o libz_a-inflate.o libz_a-inftrees.o libz_a-trees.o libz_a-uncompr.o libz_a-zutil.o 
[91mar: `u' modifier ignored since `D' is the default (see `U')
[0mranlib libz.a
true "AR_FLAGS=rc" "CC_FOR_BUILD=gcc" "CFLAGS=-g -O2" "CXXFLAGS=-g -O2" "CFLAGS_FOR_BUILD=-g -O2" "CFLAGS_FOR_TARGET=-g -O2" "INSTALL=/usr/bin/install -c" "INSTALL_DATA=/usr/bin/install -c -m 644" "INSTALL_PROGRAM=/usr/bin/install -c" "INSTALL_SCRIPT=/usr/bin/install -c" "LDFLAGS=" "LIBCFLAGS=-g -O2" "LIBCFLAGS_FOR_TARGET=-g -O2" "MAKE=make" "MAKEINFO=makeinfo --split-size=5000000 --split-size=5000000 " "PICFLAG=" "PICFLAG_FOR_TARGET=" "SHELL=/bin/bash" "EXPECT=expect" "RUNTEST=runtest" "RUNTESTFLAGS=" "exec_prefix=/usr/local" "infodir=/usr/local/share/info" "libdir=/usr/local/lib" "prefix=/usr/local" "tooldir=/usr/local/x86_64-pc-linux-gnu" "AR=ar" "AS=as" "CC=gcc" "CXX=g++" "LD=ld" "LIBCFLAGS=-g -O2" "NM=nm" "PICFLAG=" "RANLIB=ranlib" "DESTDIR=" DO=all multi-do # make
make[2]: Leaving directory '/external/binutils-2.35.1/zlib'
make[2]: Entering directory '/external/binutils-2.35.1/bfd'
creating bfdver.h
/usr/bin/sed -e s/NN/32/g < elfxx-target.h > elf32-target.h
/usr/bin/sed -e s/NN/64/g < elfxx-target.h > elf64-target.h
rm -f targmatch.h
/usr/bin/sed -f ./targmatch.sed < ./config.bfd > targmatch.new
mv -f targmatch.new targmatch.h
Making info in doc
make[3]: Entering directory '/external/binutils-2.35.1/bfd/doc'
gcc -o chw$$ -g -O2 \
    -I.. -I./.. -I./../../include -I./../../intl -I../../intl ./chew.c; \
/bin/bash ./../../move-if-change \
  chw$$ chew; \
touch chew.stamp
./chew -f ./doc.str < ./../aoutx.h >aoutx.tmp
test -e aoutx.texi || test ! -f ./aoutx.texi || cp -p ./aoutx.texi .
/bin/bash ./../../move-if-change aoutx.tmp aoutx.texi
touch aoutx.stamp
./chew -f ./doc.str < ./../archive.c >archive.tmp
test -e archive.texi || test ! -f ./archive.texi || cp -p ./archive.texi .
/bin/bash ./../../move-if-change archive.tmp archive.texi
touch archive.stamp
./chew -f ./doc.str < ./../archures.c >archures.tmp
test -e archures.texi || test ! -f ./archures.texi || cp -p ./archures.texi .
/bin/bash ./../../move-if-change archures.tmp archures.texi
touch archures.stamp
./chew -f ./doc.str < ./../bfd.c >bfd.tmp
test -e bfdt.texi || test ! -f ./bfdt.texi || cp -p ./bfdt.texi .
/bin/bash ./../../move-if-change bfd.tmp bfdt.texi
touch bfdt.stamp
./chew -f ./doc.str < ./../cache.c >cache.tmp
test -e cache.texi || test ! -f ./cache.texi || cp -p ./cache.texi .
/bin/bash ./../../move-if-change cache.tmp cache.texi
touch cache.stamp
./chew -f ./doc.str < ./../coffcode.h >coffcode.tmp
test -e coffcode.texi || test ! -f ./coffcode.texi || cp -p ./coffcode.texi .
/bin/bash ./../../move-if-change coffcode.tmp coffcode.texi
touch coffcode.stamp
./chew -f ./doc.str < ./../corefile.c >core.tmp
test -e core.texi || test ! -f ./core.texi || cp -p ./core.texi .
/bin/bash ./../../move-if-change core.tmp core.texi
touch core.stamp
./chew -f ./doc.str < ./../elf.c >elf.tmp
test -e elf.texi || test ! -f ./elf.texi || cp -p ./elf.texi .
/bin/bash ./../../move-if-change elf.tmp elf.texi
touch elf.stamp
./chew -f ./doc.str < ./../elfcode.h >elfcode.tmp
test -e elfcode.texi || test ! -f ./elfcode.texi || cp -p ./elfcode.texi .
/bin/bash ./../../move-if-change elfcode.tmp elfcode.texi
touch elfcode.stamp
./chew -f ./doc.str < ./../format.c >format.tmp
test -e format.texi || test ! -f ./format.texi || cp -p ./format.texi .
/bin/bash ./../../move-if-change format.tmp format.texi
touch format.stamp
./chew -f ./doc.str < ./../libbfd.c >libbfd.tmp
test -e libbfd.texi || test ! -f ./libbfd.texi || cp -p ./libbfd.texi .
/bin/bash ./../../move-if-change libbfd.tmp libbfd.texi
touch libbfd.stamp
./chew -f ./doc.str < ./../bfdwin.c >bfdwin.tmp
test -e bfdwin.texi || test ! -f ./bfdwin.texi || cp -p ./bfdwin.texi .
/bin/bash ./../../move-if-change bfdwin.tmp bfdwin.texi
touch bfdwin.stamp
./chew -f ./doc.str < ./../bfdio.c >bfdio.tmp
test -e bfdio.texi || test ! -f ./bfdio.texi || cp -p ./bfdio.texi .
/bin/bash ./../../move-if-change bfdio.tmp bfdio.texi
touch bfdio.stamp
./chew -f ./doc.str < ./../opncls.c >opncls.tmp
test -e opncls.texi || test ! -f ./opncls.texi || cp -p ./opncls.texi .
/bin/bash ./../../move-if-change opncls.tmp opncls.texi
touch opncls.stamp
./chew -f ./doc.str < ./../reloc.c >reloc.tmp
test -e reloc.texi || test ! -f ./reloc.texi || cp -p ./reloc.texi .
/bin/bash ./../../move-if-change reloc.tmp reloc.texi
touch reloc.stamp
./chew -f ./doc.str < ./../section.c >section.tmp
test -e section.texi || test ! -f ./section.texi || cp -p ./section.texi .
/bin/bash ./../../move-if-change section.tmp section.texi
touch section.stamp
./chew -f ./doc.str < ./../syms.c >syms.tmp
test -e syms.texi || test ! -f ./syms.texi || cp -p ./syms.texi .
/bin/bash ./../../move-if-change syms.tmp syms.texi
touch syms.stamp
./chew -f ./doc.str < ./../targets.c >targets.tmp
test -e targets.texi || test ! -f ./targets.texi || cp -p ./targets.texi .
/bin/bash ./../../move-if-change targets.tmp targets.texi
touch targets.stamp
./chew -f ./doc.str < ./../init.c >init.tmp
test -e init.texi || test ! -f ./init.texi || cp -p ./init.texi .
/bin/bash ./../../move-if-change init.tmp init.texi
touch init.stamp
./chew -f ./doc.str < ./../hash.c >hash.tmp
test -e hash.texi || test ! -f ./hash.texi || cp -p ./hash.texi .
/bin/bash ./../../move-if-change hash.tmp hash.texi
touch hash.stamp
./chew -f ./doc.str < ./../linker.c >linker.tmp
test -e linker.texi || test ! -f ./linker.texi || cp -p ./linker.texi .
/bin/bash ./../../move-if-change linker.tmp linker.texi
touch linker.stamp
./chew -f ./doc.str < ./../mmo.c >mmo.tmp
test -e mmo.texi || test ! -f ./mmo.texi || cp -p ./mmo.texi .
/bin/bash ./../../move-if-change mmo.tmp mmo.texi
touch mmo.stamp
make[3]: Leaving directory '/external/binutils-2.35.1/bfd/doc'
Making info in po
make[3]: Entering directory '/external/binutils-2.35.1/bfd/po'
( if test 'x.' != 'x.'; then \
    posrcprefix='../'; \
  else \
    posrcprefix="../"; \
  fi; \
  rm -f SRC-POTFILES-t SRC-POTFILES \
    && (sed -e '/^#/d' \
            -e '/^[ 	]*$/d' \
	    -e "s@.*@	$posrcprefix& \\\\@" < ./SRC-POTFILES.in \
	| sed -e '$s/\\$//') > SRC-POTFILES-t \
    && chmod a-w SRC-POTFILES-t \
    && mv SRC-POTFILES-t SRC-POTFILES )
( rm -f BLD-POTFILES-t BLD-POTFILES \
    && (sed -e '/^#/d' \
            -e '/^[ 	]*$/d' \
	    -e "s@.*@	../& \\\\@" < ./BLD-POTFILES.in \
	| sed -e '$s/\\$//') > BLD-POTFILES-t \
    && chmod a-w BLD-POTFILES-t \
    && mv BLD-POTFILES-t BLD-POTFILES )
cd .. \
  && CONFIG_FILES=po/Makefile.in:po/Make-in \
     CONFIG_HEADERS= /bin/bash ./config.status
config.status: creating po/Makefile.in
config.status: executing depfiles commands
config.status: executing libtool commands
config.status: executing default-1 commands
config.status: executing bfd_stdint.h commands
config.status: executing default commands
make[3]: Nothing to be done for 'info'.
make[3]: Leaving directory '/external/binutils-2.35.1/bfd/po'
make[3]: Entering directory '/external/binutils-2.35.1/bfd'
make[3]: Nothing to be done for 'info-am'.
make[3]: Leaving directory '/external/binutils-2.35.1/bfd'
make  all-recursive
make[3]: Entering directory '/external/binutils-2.35.1/bfd'
Making all in doc
make[4]: Entering directory '/external/binutils-2.35.1/bfd/doc'
make[4]: Leaving directory '/external/binutils-2.35.1/bfd/doc'
Making all in po
make[4]: Entering directory '/external/binutils-2.35.1/bfd/po'
make[4]: Nothing to be done for 'all'.
make[4]: Leaving directory '/external/binutils-2.35.1/bfd/po'
make[4]: Entering directory '/external/binutils-2.35.1/bfd'
rm -f bfd-tmp.h
cp bfd-in3.h bfd-tmp.h
/bin/bash ./../move-if-change bfd-tmp.h bfd.h
rm -f bfd-tmp.h
touch stmp-bfd-h
/bin/bash ./libtool  --tag=CC   --mode=compile gcc -DHAVE_CONFIG_H -I.  -DBINDIR='"/usr/local/bin"' -DLIBDIR='"/usr/local/lib"' -I. -I. -I./../include  -DHAVE_all_vecs   -W -Wall -Wstrict-prototypes -Wmissing-prototypes -Wshadow -Wstack-usage=262144 -I./../zlib -g -O2 -MT archive.lo -MD -MP -MF .deps/archive.Tpo -c -o archive.lo archive.c
libtool: compile:  gcc -DHAVE_CONFIG_H -I. -DBINDIR=\"/usr/local/bin\" -DLIBDIR=\"/usr/local/lib\" -I. -I. -I./../include -DHAVE_all_vecs -W -Wall -Wstrict-prototypes -Wmissing-prototypes -Wshadow -Wstack-usage=262144 -I./../zlib -g -O2 -MT archive.lo -MD -MP -MF .deps/archive.Tpo -c archive.c -o archive.o
mv -f .deps/archive.Tpo .deps/archive.Plo
/bin/bash ./libtool  --tag=CC   --mode=compile gcc -DHAVE_CONFIG_H -I.  -DBINDIR='"/usr/local/bin"' -DLIBDIR='"/usr/local/lib"' -I. -I. -I./../include  -DHAVE_all_vecs   -W -Wall -Wstrict-prototypes -Wmissing-prototypes -Wshadow -Wstack-usage=262144 -I./../zlib -g -O2 -MT archures.lo -MD -MP -MF .deps/archures.Tpo -c -o archures.lo -DDEFAULT_VECTOR=x86_64_elf64_vec -DASSOCIATED_VECS='&x86_64_elf64_vec,&i386_elf32_vec,&iamcu_elf32_vec,&x86_64_elf32_vec,&i386_pei_vec,&x86_64_pei_vec,&l1om_elf64_vec,&k1om_elf64_vec,&elf64_le_vec,&elf64_be_vec,&elf32_le_vec,&elf32_be_vec' ./archures.c
libtool: compile:  gcc -DHAVE_CONFIG_H -I. -DBINDIR=\"/usr/local/bin\" -DLIBDIR=\"/usr/local/lib\" -I. -I. -I./../include -DHAVE_all_vecs -W -Wall -Wstrict-prototypes -Wmissing-prototypes -Wshadow -Wstack-usage=262144 -I./../zlib -g -O2 -MT archures.lo -MD -MP -MF .deps/archures.Tpo -c -DDEFAULT_VECTOR=x86_64_elf64_vec "-DASSOCIATED_VECS=&x86_64_elf64_vec,&i386_elf32_vec,&iamcu_elf32_vec,&x86_64_elf32_vec,&i386_pei_vec,&x86_64_pei_vec,&l1om_elf64_vec,&k1om_elf64_vec,&elf64_le_vec,&elf64_be_vec,&elf32_le_vec,&elf32_be_vec" ./archures.c -o archures.o
mv -f .deps/archures.Tpo .deps/archures.Plo
/bin/bash ./libtool  --tag=CC   --mode=compile gcc -DHAVE_CONFIG_H -I.  -DBINDIR='"/usr/local/bin"' -DLIBDIR='"/usr/local/lib"' -I. -I. -I./../include  -DHAVE_all_vecs   -W -Wall -Wstrict-prototypes -Wmissing-prototypes -Wshadow -Wstack-usage=262144 -I./../zlib -g -O2 -MT bfd.lo -MD -MP -MF .deps/bfd.Tpo -c -o bfd.lo bfd.c
libtool: compile:  gcc -DHAVE_CONFIG_H -I. -DBINDIR=\"/usr/local/bin\" -DLIBDIR=\"/usr/local/lib\" -I. -I. -I./../include -DHAVE_all_vecs -W -Wall -Wstrict-prototypes -Wmissing-prototypes -Wshadow -Wstack-usage=262144 -I./../zlib -g -O2 -MT bfd.lo -MD -MP -MF .deps/bfd.Tpo -c bfd.c -o bfd.o
mv -f .deps/bfd.Tpo .deps/bfd.Plo
/bin/bash ./libtool  --tag=CC   --mode=compile gcc -DHAVE_CONFIG_H -I.  -DBINDIR='"/usr/local/bin"' -DLIBDIR='"/usr/local/lib"' -I. -I. -I./../include  -DHAVE_all_vecs   -W -Wall -Wstrict-prototypes -Wmissing-prototypes -Wshadow -Wstack-usage=262144 -I./../zlib -g -O2 -MT bfdio.lo -MD -MP -MF .deps/bfdio.Tpo -c -o bfdio.lo bfdio.c
libtool: compile:  gcc -DHAVE_CONFIG_H -I. -DBINDIR=\"/usr/local/bin\" -DLIBDIR=\"/usr/local/lib\" -I. -I. -I./../include -DHAVE_all_vecs -W -Wall -Wstrict-prototypes -Wmissing-prototypes -Wshadow -Wstack-usage=262144 -I./../zlib -g -O2 -MT bfdio.lo -MD -MP -MF .deps/bfdio.Tpo -c bfdio.c -o bfdio.o
mv -f .deps/bfdio.Tpo .deps/bfdio.Plo
/bin/bash ./libtool  --tag=CC   --mode=compile gcc -DHAVE_CONFIG_H -I.  -DBINDIR='"/usr/local/bin"' -DLIBDIR='"/usr/local/lib"' -I. -I. -I./../include  -DHAVE_all_vecs   -W -Wall -Wstrict-prototypes -Wmissing-prototypes -Wshadow -Wstack-usage=262144 -I./../zlib -g -O2 -MT bfdwin.lo -MD -MP -MF .deps/bfdwin.Tpo -c -o bfdwin.lo bfdwin.c
libtool: compile:  gcc -DHAVE_CONFIG_H -I. -DBINDIR=\"/usr/local/bin\" -DLIBDIR=\"/usr/local/lib\" -I. -I. -I./../include -DHAVE_all_vecs -W -Wall -Wstrict-prototypes -Wmissing-prototypes -Wshadow -Wstack-usage=262144 -I./../zlib -g -O2 -MT bfdwin.lo -MD -MP -MF .deps/bfdwin.Tpo -c bfdwin.c -o bfdwin.o
mv -f .deps/bfdwin.Tpo .deps/bfdwin.Plo
/bin/bash ./libtool  --tag=CC   --mode=compile gcc -DHAVE_CONFIG_H -I.  -DBINDIR='"/usr/local/bin"' -DLIBDIR='"/usr/local/lib"' -I. -I. -I./../include  -DHAVE_all_vecs   -W -Wall -Wstrict-prototypes -Wmissing-prototypes -Wshadow -Wstack-usage=262144 -I./../zlib -g -O2 -MT cache.lo -MD -MP -MF .deps/cache.Tpo -c -o cache.lo cache.c
libtool: compile:  gcc -DHAVE_CONFIG_H -I. -DBINDIR=\"/usr/local/bin\" -DLIBDIR=\"/usr/local/lib\" -I. -I. -I./../include -DHAVE_all_vecs -W -Wall -Wstrict-prototypes -Wmissing-prototypes -Wshadow -Wstack-usage=262144 -I./../zlib -g -O2 -MT cache.lo -MD -MP -MF .deps/cache.Tpo -c cache.c -o cache.o
mv -f .deps/cache.Tpo .deps/cache.Plo
/bin/bash ./libtool  --tag=CC   --mode=compile gcc -DHAVE_CONFIG_H -I.  -DBINDIR='"/usr/local/bin"' -DLIBDIR='"/usr/local/lib"' -I. -I. -I./../include  -DHAVE_all_vecs   -W -Wall -Wstrict-prototypes -Wmissing-prototypes -Wshadow -Wstack-usage=262144 -I./../zlib -g -O2 -MT coff-bfd.lo -MD -MP -MF .deps/coff-bfd.Tpo -c -o coff-bfd.lo coff-bfd.c
libtool: compile:  gcc -DHAVE_CONFIG_H -I. -DBINDIR=\"/usr/local/bin\" -DLIBDIR=\"/usr/local/lib\" -I. -I. -I./../include -DHAVE_all_vecs -W -Wall -Wstrict-prototypes -Wmissing-prototypes -Wshadow -Wstack-usage=262144 -I./../zlib -g -O2 -MT coff-bfd.lo -MD -MP -MF .deps/coff-bfd.Tpo -c coff-bfd.c -o coff-bfd.o
mv -f .deps/coff-bfd.Tpo .deps/coff-bfd.Plo
/bin/bash ./libtool  --tag=CC   --mode=compile gcc -DHAVE_CONFIG_H -I.  -DBINDIR='"/usr/local/bin"' -DLIBDIR='"/usr/local/lib"' -I. -I. -I./../include  -DHAVE_all_vecs   -W -Wall -Wstrict-prototypes -Wmissing-prototypes -Wshadow -Wstack-usage=262144 -I./../zlib -g -O2 -MT compress.lo -MD -MP -MF .deps/compress.Tpo -c -o compress.lo compress.c
libtool: compile:  gcc -DHAVE_CONFIG_H -I. -DBINDIR=\"/usr/local/bin\" -DLIBDIR=\"/usr/local/lib\" -I. -I. -I./../include -DHAVE_all_vecs -W -Wall -Wstrict-prototypes -Wmissing-prototypes -Wshadow -Wstack-usage=262144 -I./../zlib -g -O2 -MT compress.lo -MD -MP -MF .deps/compress.Tpo -c compress.c -o compress.o
mv -f .deps/compress.Tpo .deps/compress.Plo
/bin/bash ./libtool  --tag=CC   --mode=compile gcc -DHAVE_CONFIG_H -I.  -DBINDIR='"/usr/local/bin"' -DLIBDIR='"/usr/local/lib"' -I. -I. -I./../include  -DHAVE_all_vecs   -W -Wall -Wstrict-prototypes -Wmissing-prototypes -Wshadow -Wstack-usage=262144 -I./../zlib -g -O2 -MT corefile.lo -MD -MP -MF .deps/corefile.Tpo -c -o corefile.lo corefile.c
libtool: compile:  gcc -DHAVE_CONFIG_H -I. -DBINDIR=\"/usr/local/bin\" -DLIBDIR=\"/usr/local/lib\" -I. -I. -I./../include -DHAVE_all_vecs -W -Wall -Wstrict-prototypes -Wmissing-prototypes -Wshadow -Wstack-usage=262144 -I./../zlib -g -O2 -MT corefile.lo -MD -MP -MF .deps/corefile.Tpo -c corefile.c -o corefile.o
mv -f .deps/corefile.Tpo .deps/corefile.Plo
/bin/bash ./libtool  --tag=CC   --mode=compile gcc -DHAVE_CONFIG_H -I.  -DBINDIR='"/usr/local/bin"' -DLIBDIR='"/usr/local/lib"' -I. -I. -I./../include  -DHAVE_all_vecs   -W -Wall -Wstrict-prototypes -Wmissing-prototypes -Wshadow -Wstack-usage=262144 -I./../zlib -g -O2 -MT elf-properties.lo -MD -MP -MF .deps/elf-properties.Tpo -c -o elf-properties.lo elf-properties.c
libtool: compile:  gcc -DHAVE_CONFIG_H -I. -DBINDIR=\"/usr/local/bin\" -DLIBDIR=\"/usr/local/lib\" -I. -I. -I./../include -DHAVE_all_vecs -W -Wall -Wstrict-prototypes -Wmissing-prototypes -Wshadow -Wstack-usage=262144 -I./../zlib -g -O2 -MT elf-properties.lo -MD -MP -MF .deps/elf-properties.Tpo -c elf-properties.c -o elf-properties.o
mv -f .deps/elf-properties.Tpo .deps/elf-properties.Plo
/bin/bash ./libtool  --tag=CC   --mode=compile gcc -DHAVE_CONFIG_H -I.  -DBINDIR='"/usr/local/bin"' -DLIBDIR='"/usr/local/lib"' -I. -I. -I./../include  -DHAVE_all_vecs   -W -Wall -Wstrict-prototypes -Wmissing-prototypes -Wshadow -Wstack-usage=262144 -I./../zlib -g -O2 -MT format.lo -MD -MP -MF .deps/format.Tpo -c -o format.lo format.c
libtool: compile:  gcc -DHAVE_CONFIG_H -I. -DBINDIR=\"/usr/local/bin\" -DLIBDIR=\"/usr/local/lib\" -I. -I. -I./../include -DHAVE_all_vecs -W -Wall -Wstrict-prototypes -Wmissing-prototypes -Wshadow -Wstack-usage=262144 -I./../zlib -g -O2 -MT format.lo -MD -MP -MF .deps/format.Tpo -c format.c -o format.o
mv -f .deps/format.Tpo .deps/format.Plo
/bin/bash ./libtool  --tag=CC   --mode=compile gcc -DHAVE_CONFIG_H -I.  -DBINDIR='"/usr/local/bin"' -DLIBDIR='"/usr/local/lib"' -I. -I. -I./../include  -DHAVE_all_vecs   -W -Wall -Wstrict-prototypes -Wmissing-prototypes -Wshadow -Wstack-usage=262144 -I./../zlib -g -O2 -MT hash.lo -MD -MP -MF .deps/hash.Tpo -c -o hash.lo hash.c
libtool: compile:  gcc -DHAVE_CONFIG_H -I. -DBINDIR=\"/usr/local/bin\" -DLIBDIR=\"/usr/local/lib\" -I. -I. -I./../include -DHAVE_all_vecs -W -Wall -Wstrict-prototypes -Wmissing-prototypes -Wshadow -Wstack-usage=262144 -I./../zlib -g -O2 -MT hash.lo -MD -MP -MF .deps/hash.Tpo -c hash.c -o hash.o
mv -f .deps/hash.Tpo .deps/hash.Plo
/bin/bash ./libtool  --tag=CC   --mode=compile gcc -DHAVE_CONFIG_H -I.  -DBINDIR='"/usr/local/bin"' -DLIBDIR='"/usr/local/lib"' -I. -I. -I./../include  -DHAVE_all_vecs   -W -Wall -Wstrict-prototypes -Wmissing-prototypes -Wshadow -Wstack-usage=262144 -I./../zlib -g -O2 -MT init.lo -MD -MP -MF .deps/init.Tpo -c -o init.lo init.c
libtool: compile:  gcc -DHAVE_CONFIG_H -I. -DBINDIR=\"/usr/local/bin\" -DLIBDIR=\"/usr/local/lib\" -I. -I. -I./../include -DHAVE_all_vecs -W -Wall -Wstrict-prototypes -Wmissing-prototypes -Wshadow -Wstack-usage=262144 -I./../zlib -g -O2 -MT init.lo -MD -MP -MF .deps/init.Tpo -c init.c -o init.o
mv -f .deps/init.Tpo .deps/init.Plo
/bin/bash ./libtool  --tag=CC   --mode=compile gcc -DHAVE_CONFIG_H -I.  -DBINDIR='"/usr/local/bin"' -DLIBDIR='"/usr/local/lib"' -I. -I. -I./../include  -DHAVE_all_vecs   -W -Wall -Wstrict-prototypes -Wmissing-prototypes -Wshadow -Wstack-usage=262144 -I./../zlib -g -O2 -MT libbfd.lo -MD -MP -MF .deps/libbfd.Tpo -c -o libbfd.lo libbfd.c
libtool: compile:  gcc -DHAVE_CONFIG_H -I. -DBINDIR=\"/usr/local/bin\" -DLIBDIR=\"/usr/local/lib\" -I. -I. -I./../include -DHAVE_all_vecs -W -Wall -Wstrict-prototypes -Wmissing-prototypes -Wshadow -Wstack-usage=262144 -I./../zlib -g -O2 -MT libbfd.lo -MD -MP -MF .deps/libbfd.Tpo -c libbfd.c -o libbfd.o
mv -f .deps/libbfd.Tpo .deps/libbfd.Plo
/bin/bash ./libtool  --tag=CC   --mode=compile gcc -DHAVE_CONFIG_H -I.  -DBINDIR='"/usr/local/bin"' -DLIBDIR='"/usr/local/lib"' -I. -I. -I./../include  -DHAVE_all_vecs   -W -Wall -Wstrict-prototypes -Wmissing-prototypes -Wshadow -Wstack-usage=262144 -I./../zlib -g -O2 -MT linker.lo -MD -MP -MF .deps/linker.Tpo -c -o linker.lo linker.c
libtool: compile:  gcc -DHAVE_CONFIG_H -I. -DBINDIR=\"/usr/local/bin\" -DLIBDIR=\"/usr/local/lib\" -I. -I. -I./../include -DHAVE_all_vecs -W -Wall -Wstrict-prototypes -Wmissing-prototypes -Wshadow -Wstack-usage=262144 -I./../zlib -g -O2 -MT linker.lo -MD -MP -MF .deps/linker.Tpo -c linker.c -o linker.o
mv -f .deps/linker.Tpo .deps/linker.Plo
/bin/bash ./libtool  --tag=CC   --mode=compile gcc -DHAVE_CONFIG_H -I.  -DBINDIR='"/usr/local/bin"' -DLIBDIR='"/usr/local/lib"' -I. -I. -I./../include  -DHAVE_all_vecs   -W -Wall -Wstrict-prototypes -Wmissing-prototypes -Wshadow -Wstack-usage=262144 -I./../zlib -g -O2 -MT merge.lo -MD -MP -MF .deps/merge.Tpo -c -o merge.lo merge.c
libtool: compile:  gcc -DHAVE_CONFIG_H -I. -DBINDIR=\"/usr/local/bin\" -DLIBDIR=\"/usr/local/lib\" -I. -I. -I./../include -DHAVE_all_vecs -W -Wall -Wstrict-prototypes -Wmissing-prototypes -Wshadow -Wstack-usage=262144 -I./../zlib -g -O2 -MT merge.lo -MD -MP -MF .deps/merge.Tpo -c merge.c -o merge.o
mv -f .deps/merge.Tpo .deps/merge.Plo
/bin/bash ./libtool  --tag=CC   --mode=compile gcc -DHAVE_CONFIG_H -I.  -DBINDIR='"/usr/local/bin"' -DLIBDIR='"/usr/local/lib"' -I. -I. -I./../include  -DHAVE_all_vecs   -W -Wall -Wstrict-prototypes -Wmissing-prototypes -Wshadow -Wstack-usage=262144 -I./../zlib -g -O2 -MT opncls.lo -MD -MP -MF .deps/opncls.Tpo -c -o opncls.lo opncls.c
libtool: compile:  gcc -DHAVE_CONFIG_H -I. -DBINDIR=\"/usr/local/bin\" -DLIBDIR=\"/usr/local/lib\" -I. -I. -I./../include -DHAVE_all_vecs -W -Wall -Wstrict-prototypes -Wmissing-prototypes -Wshadow -Wstack-usage=262144 -I./../zlib -g -O2 -MT opncls.lo -MD -MP -MF .deps/opncls.Tpo -c opncls.c -o opncls.o
mv -f .deps/opncls.Tpo .deps/opncls.Plo
/bin/bash ./libtool  --tag=CC   --mode=compile gcc -DHAVE_CONFIG_H -I.  -DBINDIR='"/usr/local/bin"' -DLIBDIR='"/usr/local/lib"' -I. -I. -I./../include  -DHAVE_all_vecs   -W -Wall -Wstrict-prototypes -Wmissing-prototypes -Wshadow -Wstack-usage=262144 -I./../zlib -g -O2 -MT reloc.lo -MD -MP -MF .deps/reloc.Tpo -c -o reloc.lo reloc.c
libtool: compile:  gcc -DHAVE_CONFIG_H -I. -DBINDIR=\"/usr/local/bin\" -DLIBDIR=\"/usr/local/lib\" -I. -I. -I./../include -DHAVE_all_vecs -W -Wall -Wstrict-prototypes -Wmissing-prototypes -Wshadow -Wstack-usage=262144 -I./../zlib -g -O2 -MT reloc.lo -MD -MP -MF .deps/reloc.Tpo -c reloc.c -o reloc.o
mv -f .deps/reloc.Tpo .deps/reloc.Plo
/bin/bash ./libtool  --tag=CC   --mode=compile gcc -DHAVE_CONFIG_H -I.  -DBINDIR='"/usr/local/bin"' -DLIBDIR='"/usr/local/lib"' -I. -I. -I./../include  -DHAVE_all_vecs   -W -Wall -Wstrict-prototypes -Wmissing-prototypes -Wshadow -Wstack-usage=262144 -I./../zlib -g -O2 -MT section.lo -MD -MP -MF .deps/section.Tpo -c -o section.lo section.c
libtool: compile:  gcc -DHAVE_CONFIG_H -I. -DBINDIR=\"/usr/local/bin\" -DLIBDIR=\"/usr/local/lib\" -I. -I. -I./../include -DHAVE_all_vecs -W -Wall -Wstrict-prototypes -Wmissing-prototypes -Wshadow -Wstack-usage=262144 -I./../zlib -g -O2 -MT section.lo -MD -MP -MF .deps/section.Tpo -c section.c -o section.o
mv -f .deps/section.Tpo .deps/section.Plo
/bin/bash ./libtool  --tag=CC   --mode=compile gcc -DHAVE_CONFIG_H -I.  -DBINDIR='"/usr/local/bin"' -DLIBDIR='"/usr/local/lib"' -I. -I. -I./../include  -DHAVE_all_vecs   -W -Wall -Wstrict-prototypes -Wmissing-prototypes -Wshadow -Wstack-usage=262144 -I./../zlib -g -O2 -MT simple.lo -MD -MP -MF .deps/simple.Tpo -c -o simple.lo simple.c
libtool: compile:  gcc -DHAVE_CONFIG_H -I. -DBINDIR=\"/usr/local/bin\" -DLIBDIR=\"/usr/local/lib\" -I. -I. -I./../include -DHAVE_all_vecs -W -Wall -Wstrict-prototypes -Wmissing-prototypes -Wshadow -Wstack-usage=262144 -I./../zlib -g -O2 -MT simple.lo -MD -MP -MF .deps/simple.Tpo -c simple.c -o simple.o
mv -f .deps/simple.Tpo .deps/simple.Plo
/bin/bash ./libtool  --tag=CC   --mode=compile gcc -DHAVE_CONFIG_H -I.  -DBINDIR='"/usr/local/bin"' -DLIBDIR='"/usr/local/lib"' -I. -I. -I./../include  -DHAVE_all_vecs   -W -Wall -Wstrict-prototypes -Wmissing-prototypes -Wshadow -Wstack-usage=262144 -I./../zlib -g -O2 -MT stab-syms.lo -MD -MP -MF .deps/stab-syms.Tpo -c -o stab-syms.lo stab-syms.c
libtool: compile:  gcc -DHAVE_CONFIG_H -I. -DBINDIR=\"/usr/local/bin\" -DLIBDIR=\"/usr/local/lib\" -I. -I. -I./../include -DHAVE_all_vecs -W -Wall -Wstrict-prototypes -Wmissing-prototypes -Wshadow -Wstack-usage=262144 -I./../zlib -g -O2 -MT stab-syms.lo -MD -MP -MF .deps/stab-syms.Tpo -c stab-syms.c -o stab-syms.o
mv -f .deps/stab-syms.Tpo .deps/stab-syms.Plo
/bin/bash ./libtool  --tag=CC   --mode=compile gcc -DHAVE_CONFIG_H -I.  -DBINDIR='"/usr/local/bin"' -DLIBDIR='"/usr/local/lib"' -I. -I. -I./../include  -DHAVE_all_vecs   -W -Wall -Wstrict-prototypes -Wmissing-prototypes -Wshadow -Wstack-usage=262144 -I./../zlib -g -O2 -MT stabs.lo -MD -MP -MF .deps/stabs.Tpo -c -o stabs.lo stabs.c
libtool: compile:  gcc -DHAVE_CONFIG_H -I. -DBINDIR=\"/usr/local/bin\" -DLIBDIR=\"/usr/local/lib\" -I. -I. -I./../include -DHAVE_all_vecs -W -Wall -Wstrict-prototypes -Wmissing-prototypes -Wshadow -Wstack-usage=262144 -I./../zlib -g -O2 -MT stabs.lo -MD -MP -MF .deps/stabs.Tpo -c stabs.c -o stabs.o
mv -f .deps/stabs.Tpo .deps/stabs.Plo
/bin/bash ./libtool  --tag=CC   --mode=compile gcc -DHAVE_CONFIG_H -I.  -DBINDIR='"/usr/local/bin"' -DLIBDIR='"/usr/local/lib"' -I. -I. -I./../include  -DHAVE_all_vecs   -W -Wall -Wstrict-prototypes -Wmissing-prototypes -Wshadow -Wstack-usage=262144 -I./../zlib -g -O2 -MT syms.lo -MD -MP -MF .deps/syms.Tpo -c -o syms.lo syms.c
libtool: compile:  gcc -DHAVE_CONFIG_H -I. -DBINDIR=\"/usr/local/bin\" -DLIBDIR=\"/usr/local/lib\" -I. -I. -I./../include -DHAVE_all_vecs -W -Wall -Wstrict-prototypes -Wmissing-prototypes -Wshadow -Wstack-usage=262144 -I./../zlib -g -O2 -MT syms.lo -MD -MP -MF .deps/syms.Tpo -c syms.c -o syms.o
mv -f .deps/syms.Tpo .deps/syms.Plo
/bin/bash ./libtool  --tag=CC   --mode=compile gcc -DHAVE_CONFIG_H -I.  -DBINDIR='"/usr/local/bin"' -DLIBDIR='"/usr/local/lib"' -I. -I. -I./../include  -DHAVE_all_vecs   -W -Wall -Wstrict-prototypes -Wmissing-prototypes -Wshadow -Wstack-usage=262144 -I./../zlib -g -O2 -MT targets.lo -MD -MP -MF .deps/targets.Tpo -c -o targets.lo -DDEFAULT_VECTOR=x86_64_elf64_vec -DASSOCIATED_VECS='&x86_64_elf64_vec,&i386_elf32_vec,&iamcu_elf32_vec,&x86_64_elf32_vec,&i386_pei_vec,&x86_64_pei_vec,&l1om_elf64_vec,&k1om_elf64_vec,&elf64_le_vec,&elf64_be_vec,&elf32_le_vec,&elf32_be_vec' ./targets.c
libtool: compile:  gcc -DHAVE_CONFIG_H -I. -DBINDIR=\"/usr/local/bin\" -DLIBDIR=\"/usr/local/lib\" -I. -I. -I./../include -DHAVE_all_vecs -W -Wall -Wstrict-prototypes -Wmissing-prototypes -Wshadow -Wstack-usage=262144 -I./../zlib -g -O2 -MT targets.lo -MD -MP -MF .deps/targets.Tpo -c -DDEFAULT_VECTOR=x86_64_elf64_vec "-DASSOCIATED_VECS=&x86_64_elf64_vec,&i386_elf32_vec,&iamcu_elf32_vec,&x86_64_elf32_vec,&i386_pei_vec,&x86_64_pei_vec,&l1om_elf64_vec,&k1om_elf64_vec,&elf64_le_vec,&elf64_be_vec,&elf32_le_vec,&elf32_be_vec" ./targets.c -o targets.o
mv -f .deps/targets.Tpo .deps/targets.Plo
/bin/bash ./libtool  --tag=CC   --mode=compile gcc -DHAVE_CONFIG_H -I.  -DBINDIR='"/usr/local/bin"' -DLIBDIR='"/usr/local/lib"' -I. -I. -I./../include  -DHAVE_all_vecs   -W -Wall -Wstrict-prototypes -Wmissing-prototypes -Wshadow -Wstack-usage=262144 -I./../zlib -g -O2 -MT binary.lo -MD -MP -MF .deps/binary.Tpo -c -o binary.lo binary.c
libtool: compile:  gcc -DHAVE_CONFIG_H -I. -DBINDIR=\"/usr/local/bin\" -DLIBDIR=\"/usr/local/lib\" -I. -I. -I./../include -DHAVE_all_vecs -W -Wall -Wstrict-prototypes -Wmissing-prototypes -Wshadow -Wstack-usage=262144 -I./../zlib -g -O2 -MT binary.lo -MD -MP -MF .deps/binary.Tpo -c binary.c -o binary.o
mv -f .deps/binary.Tpo .deps/binary.Plo
/bin/bash ./libtool  --tag=CC   --mode=compile gcc -DHAVE_CONFIG_H -I.  -DBINDIR='"/usr/local/bin"' -DLIBDIR='"/usr/local/lib"' -I. -I. -I./../include  -DHAVE_all_vecs   -W -Wall -Wstrict-prototypes -Wmissing-prototypes -Wshadow -Wstack-usage=262144 -I./../zlib -g -O2 -MT ihex.lo -MD -MP -MF .deps/ihex.Tpo -c -o ihex.lo ihex.c
libtool: compile:  gcc -DHAVE_CONFIG_H -I. -DBINDIR=\"/usr/local/bin\" -DLIBDIR=\"/usr/local/lib\" -I. -I. -I./../include -DHAVE_all_vecs -W -Wall -Wstrict-prototypes -Wmissing-prototypes -Wshadow -Wstack-usage=262144 -I./../zlib -g -O2 -MT ihex.lo -MD -MP -MF .deps/ihex.Tpo -c ihex.c -o ihex.o
mv -f .deps/ihex.Tpo .deps/ihex.Plo
/bin/bash ./libtool  --tag=CC   --mode=compile gcc -DHAVE_CONFIG_H -I.  -DBINDIR='"/usr/local/bin"' -DLIBDIR='"/usr/local/lib"' -I. -I. -I./../include  -DHAVE_all_vecs   -W -Wall -Wstrict-prototypes -Wmissing-prototypes -Wshadow -Wstack-usage=262144 -I./../zlib -g -O2 -MT srec.lo -MD -MP -MF .deps/srec.Tpo -c -o srec.lo srec.c
libtool: compile:  gcc -DHAVE_CONFIG_H -I. -DBINDIR=\"/usr/local/bin\" -DLIBDIR=\"/usr/local/lib\" -I. -I. -I./../include -DHAVE_all_vecs -W -Wall -Wstrict-prototypes -Wmissing-prototypes -Wshadow -Wstack-usage=262144 -I./../zlib -g -O2 -MT srec.lo -MD -MP -MF .deps/srec.Tpo -c srec.c -o srec.o
mv -f .deps/srec.Tpo .deps/srec.Plo
/bin/bash ./libtool  --tag=CC   --mode=compile gcc -DHAVE_CONFIG_H -I.  -DBINDIR='"/usr/local/bin"' -DLIBDIR='"/usr/local/lib"' -I. -I. -I./../include  -DHAVE_all_vecs   -W -Wall -Wstrict-prototypes -Wmissing-prototypes -Wshadow -Wstack-usage=262144 -I./../zlib -g -O2 -MT tekhex.lo -MD -MP -MF .deps/tekhex.Tpo -c -o tekhex.lo tekhex.c
libtool: compile:  gcc -DHAVE_CONFIG_H -I. -DBINDIR=\"/usr/local/bin\" -DLIBDIR=\"/usr/local/lib\" -I. -I. -I./../include -DHAVE_all_vecs -W -Wall -Wstrict-prototypes -Wmissing-prototypes -Wshadow -Wstack-usage=262144 -I./../zlib -g -O2 -MT tekhex.lo -MD -MP -MF .deps/tekhex.Tpo -c tekhex.c -o tekhex.o
mv -f .deps/tekhex.Tpo .deps/tekhex.Plo
/bin/bash ./libtool  --tag=CC   --mode=compile gcc -DHAVE_CONFIG_H -I.  -DBINDIR='"/usr/local/bin"' -DLIBDIR='"/usr/local/lib"' -I. -I. -I./../include  -DHAVE_all_vecs   -W -Wall -Wstrict-prototypes -Wmissing-prototypes -Wshadow -Wstack-usage=262144 -I./../zlib -g -O2 -MT verilog.lo -MD -MP -MF .deps/verilog.Tpo -c -o verilog.lo verilog.c
libtool: compile:  gcc -DHAVE_CONFIG_H -I. -DBINDIR=\"/usr/local/bin\" -DLIBDIR=\"/usr/local/lib\" -I. -I. -I./../include -DHAVE_all_vecs -W -Wall -Wstrict-prototypes -Wmissing-prototypes -Wshadow -Wstack-usage=262144 -I./../zlib -g -O2 -MT verilog.lo -MD -MP -MF .deps/verilog.Tpo -c verilog.c -o verilog.o
mv -f .deps/verilog.Tpo .deps/verilog.Plo
/bin/bash ./libtool  --tag=CC   --mode=compile gcc -DHAVE_CONFIG_H -I.  -DBINDIR='"/usr/local/bin"' -DLIBDIR='"/usr/local/lib"' -I. -I. -I./../include  -DHAVE_all_vecs   -W -Wall -Wstrict-prototypes -Wmissing-prototypes -Wshadow -Wstack-usage=262144 -I./../zlib -g -O2 -MT elf64-x86-64.lo -MD -MP -MF .deps/elf64-x86-64.Tpo -c -o elf64-x86-64.lo elf64-x86-64.c
libtool: compile:  gcc -DHAVE_CONFIG_H -I. -DBINDIR=\"/usr/local/bin\" -DLIBDIR=\"/usr/local/lib\" -I. -I. -I./../include -DHAVE_all_vecs -W -Wall -Wstrict-prototypes -Wmissing-prototypes -Wshadow -Wstack-usage=262144 -I./../zlib -g -O2 -MT elf64-x86-64.lo -MD -MP -MF .deps/elf64-x86-64.Tpo -c elf64-x86-64.c -o elf64-x86-64.o
mv -f .deps/elf64-x86-64.Tpo .deps/elf64-x86-64.Plo
/bin/bash ./libtool  --tag=CC   --mode=compile gcc -DHAVE_CONFIG_H -I.  -DBINDIR='"/usr/local/bin"' -DLIBDIR='"/usr/local/lib"' -I. -I. -I./../include  -DHAVE_all_vecs   -W -Wall -Wstrict-prototypes -Wmissing-prototypes -Wshadow -Wstack-usage=262144 -I./../zlib -g -O2 -MT elfxx-x86.lo -MD -MP -MF .deps/elfxx-x86.Tpo -c -o elfxx-x86.lo elfxx-x86.c
libtool: compile:  gcc -DHAVE_CONFIG_H -I. -DBINDIR=\"/usr/local/bin\" -DLIBDIR=\"/usr/local/lib\" -I. -I. -I./../include -DHAVE_all_vecs -W -Wall -Wstrict-prototypes -Wmissing-prototypes -Wshadow -Wstack-usage=262144 -I./../zlib -g -O2 -MT elfxx-x86.lo -MD -MP -MF .deps/elfxx-x86.Tpo -c elfxx-x86.c -o elfxx-x86.o
mv -f .deps/elfxx-x86.Tpo .deps/elfxx-x86.Plo
/bin/bash ./libtool  --tag=CC   --mode=compile gcc -DHAVE_CONFIG_H -I.  -DBINDIR='"/usr/local/bin"' -DLIBDIR='"/usr/local/lib"' -I. -I. -I./../include  -DHAVE_all_vecs   -W -Wall -Wstrict-prototypes -Wmissing-prototypes -Wshadow -Wstack-usage=262144 -I./../zlib -g -O2 -MT elf-ifunc.lo -MD -MP -MF .deps/elf-ifunc.Tpo -c -o elf-ifunc.lo elf-ifunc.c
libtool: compile:  gcc -DHAVE_CONFIG_H -I. -DBINDIR=\"/usr/local/bin\" -DLIBDIR=\"/usr/local/lib\" -I. -I. -I./../include -DHAVE_all_vecs -W -Wall -Wstrict-prototypes -Wmissing-prototypes -Wshadow -Wstack-usage=262144 -I./../zlib -g -O2 -MT elf-ifunc.lo -MD -MP -MF .deps/elf-ifunc.Tpo -c elf-ifunc.c -o elf-ifunc.o
mv -f .deps/elf-ifunc.Tpo .deps/elf-ifunc.Plo
/bin/bash ./libtool  --tag=CC   --mode=compile gcc -DHAVE_CONFIG_H -I.  -DBINDIR='"/usr/local/bin"' -DLIBDIR='"/usr/local/lib"' -I. -I. -I./../include  -DHAVE_all_vecs   -W -Wall -Wstrict-prototypes -Wmissing-prototypes -Wshadow -Wstack-usage=262144 -I./../zlib -g -O2 -MT elf-vxworks.lo -MD -MP -MF .deps/elf-vxworks.Tpo -c -o elf-vxworks.lo elf-vxworks.c
libtool: compile:  gcc -DHAVE_CONFIG_H -I. -DBINDIR=\"/usr/local/bin\" -DLIBDIR=\"/usr/local/lib\" -I. -I. -I./../include -DHAVE_all_vecs -W -Wall -Wstrict-prototypes -Wmissing-prototypes -Wshadow -Wstack-usage=262144 -I./../zlib -g -O2 -MT elf-vxworks.lo -MD -MP -MF .deps/elf-vxworks.Tpo -c elf-vxworks.c -o elf-vxworks.o
mv -f .deps/elf-vxworks.Tpo .deps/elf-vxworks.Plo
/bin/bash ./libtool  --tag=CC   --mode=compile gcc -DHAVE_CONFIG_H -I.  -DBINDIR='"/usr/local/bin"' -DLIBDIR='"/usr/local/lib"' -I. -I. -I./../include  -DHAVE_all_vecs   -W -Wall -Wstrict-prototypes -Wmissing-prototypes -Wshadow -Wstack-usage=262144 -I./../zlib -g -O2 -MT elf64.lo -MD -MP -MF .deps/elf64.Tpo -c -o elf64.lo elf64.c
libtool: compile:  gcc -DHAVE_CONFIG_H -I. -DBINDIR=\"/usr/local/bin\" -DLIBDIR=\"/usr/local/lib\" -I. -I. -I./../include -DHAVE_all_vecs -W -Wall -Wstrict-prototypes -Wmissing-prototypes -Wshadow -Wstack-usage=262144 -I./../zlib -g -O2 -MT elf64.lo -MD -MP -MF .deps/elf64.Tpo -c elf64.c -o elf64.o
mv -f .deps/elf64.Tpo .deps/elf64.Plo
/bin/bash ./libtool  --tag=CC   --mode=compile gcc -DHAVE_CONFIG_H -I.  -DBINDIR='"/usr/local/bin"' -DLIBDIR='"/usr/local/lib"' -I. -I. -I./../include  -DHAVE_all_vecs   -W -Wall -Wstrict-prototypes -Wmissing-prototypes -Wshadow -Wstack-usage=262144 -I./../zlib -g -O2 -MT elf.lo -MD -MP -MF .deps/elf.Tpo -c -o elf.lo elf.c
libtool: compile:  gcc -DHAVE_CONFIG_H -I. -DBINDIR=\"/usr/local/bin\" -DLIBDIR=\"/usr/local/lib\" -I. -I. -I./../include -DHAVE_all_vecs -W -Wall -Wstrict-prototypes -Wmissing-prototypes -Wshadow -Wstack-usage=262144 -I./../zlib -g -O2 -MT elf.lo -MD -MP -MF .deps/elf.Tpo -c elf.c -o elf.o
mv -f .deps/elf.Tpo .deps/elf.Plo
/bin/bash ./libtool  --tag=CC   --mode=compile gcc -DHAVE_CONFIG_H -I.  -DBINDIR='"/usr/local/bin"' -DLIBDIR='"/usr/local/lib"' -I. -I. -I./../include  -DHAVE_all_vecs   -W -Wall -Wstrict-prototypes -Wmissing-prototypes -Wshadow -Wstack-usage=262144 -I./../zlib -g -O2 -MT elflink.lo -MD -MP -MF .deps/elflink.Tpo -c -o elflink.lo elflink.c
libtool: compile:  gcc -DHAVE_CONFIG_H -I. -DBINDIR=\"/usr/local/bin\" -DLIBDIR=\"/usr/local/lib\" -I. -I. -I./../include -DHAVE_all_vecs -W -Wall -Wstrict-prototypes -Wmissing-prototypes -Wshadow -Wstack-usage=262144 -I./../zlib -g -O2 -MT elflink.lo -MD -MP -MF .deps/elflink.Tpo -c elflink.c -o elflink.o
mv -f .deps/elflink.Tpo .deps/elflink.Plo
/bin/bash ./libtool  --tag=CC   --mode=compile gcc -DHAVE_CONFIG_H -I.  -DBINDIR='"/usr/local/bin"' -DLIBDIR='"/usr/local/lib"' -I. -I. -I./../include  -DHAVE_all_vecs   -W -Wall -Wstrict-prototypes -Wmissing-prototypes -Wshadow -Wstack-usage=262144 -I./../zlib -g -O2 -MT elf-attrs.lo -MD -MP -MF .deps/elf-attrs.Tpo -c -o elf-attrs.lo elf-attrs.c
libtool: compile:  gcc -DHAVE_CONFIG_H -I. -DBINDIR=\"/usr/local/bin\" -DLIBDIR=\"/usr/local/lib\" -I. -I. -I./../include -DHAVE_all_vecs -W -Wall -Wstrict-prototypes -Wmissing-prototypes -Wshadow -Wstack-usage=262144 -I./../zlib -g -O2 -MT elf-attrs.lo -MD -MP -MF .deps/elf-attrs.Tpo -c elf-attrs.c -o elf-attrs.o
mv -f .deps/elf-attrs.Tpo .deps/elf-attrs.Plo
/bin/bash ./libtool  --tag=CC   --mode=compile gcc -DHAVE_CONFIG_H -I.  -DBINDIR='"/usr/local/bin"' -DLIBDIR='"/usr/local/lib"' -I. -I. -I./../include  -DHAVE_all_vecs   -W -Wall -Wstrict-prototypes -Wmissing-prototypes -Wshadow -Wstack-usage=262144 -I./../zlib -g -O2 -MT elf-strtab.lo -MD -MP -MF .deps/elf-strtab.Tpo -c -o elf-strtab.lo elf-strtab.c
libtool: compile:  gcc -DHAVE_CONFIG_H -I. -DBINDIR=\"/usr/local/bin\" -DLIBDIR=\"/usr/local/lib\" -I. -I. -I./../include -DHAVE_all_vecs -W -Wall -Wstrict-prototypes -Wmissing-prototypes -Wshadow -Wstack-usage=262144 -I./../zlib -g -O2 -MT elf-strtab.lo -MD -MP -MF .deps/elf-strtab.Tpo -c elf-strtab.c -o elf-strtab.o
mv -f .deps/elf-strtab.Tpo .deps/elf-strtab.Plo
/bin/bash ./libtool  --tag=CC   --mode=compile gcc -DHAVE_CONFIG_H -I.  -DBINDIR='"/usr/local/bin"' -DLIBDIR='"/usr/local/lib"' -I. -I. -I./../include  -DHAVE_all_vecs   -W -Wall -Wstrict-prototypes -Wmissing-prototypes -Wshadow -Wstack-usage=262144 -I./../zlib -g -O2 -MT elf-eh-frame.lo -MD -MP -MF .deps/elf-eh-frame.Tpo -c -o elf-eh-frame.lo elf-eh-frame.c
libtool: compile:  gcc -DHAVE_CONFIG_H -I. -DBINDIR=\"/usr/local/bin\" -DLIBDIR=\"/usr/local/lib\" -I. -I. -I./../include -DHAVE_all_vecs -W -Wall -Wstrict-prototypes -Wmissing-prototypes -Wshadow -Wstack-usage=262144 -I./../zlib -g -O2 -MT elf-eh-frame.lo -MD -MP -MF .deps/elf-eh-frame.Tpo -c elf-eh-frame.c -o elf-eh-frame.o
mv -f .deps/elf-eh-frame.Tpo .deps/elf-eh-frame.Plo
/bin/bash ./libtool  --tag=CC   --mode=compile gcc -DHAVE_CONFIG_H -I.  -DBINDIR='"/usr/local/bin"' -DLIBDIR='"/usr/local/lib"' -I. -I. -I./../include  -DHAVE_all_vecs   -W -Wall -Wstrict-prototypes -Wmissing-prototypes -Wshadow -Wstack-usage=262144 -I./../zlib -g -O2 -MT dwarf1.lo -MD -MP -MF .deps/dwarf1.Tpo -c -o dwarf1.lo dwarf1.c
libtool: compile:  gcc -DHAVE_CONFIG_H -I. -DBINDIR=\"/usr/local/bin\" -DLIBDIR=\"/usr/local/lib\" -I. -I. -I./../include -DHAVE_all_vecs -W -Wall -Wstrict-prototypes -Wmissing-prototypes -Wshadow -Wstack-usage=262144 -I./../zlib -g -O2 -MT dwarf1.lo -MD -MP -MF .deps/dwarf1.Tpo -c dwarf1.c -o dwarf1.o
mv -f .deps/dwarf1.Tpo .deps/dwarf1.Plo
/bin/bash ./libtool  --tag=CC   --mode=compile gcc -DHAVE_CONFIG_H -I.  -DBINDIR='"/usr/local/bin"' -DLIBDIR='"/usr/local/lib"' -I. -I. -I./../include  -DHAVE_all_vecs   -W -Wall -Wstrict-prototypes -Wmissing-prototypes -Wshadow -Wstack-usage=262144 -I./../zlib -g -O2 -MT dwarf2.lo -MD -MP -MF .deps/dwarf2.Tpo -c -o dwarf2.lo -DDEBUGDIR=\"/usr/local/lib/debug\" ./dwarf2.c
libtool: compile:  gcc -DHAVE_CONFIG_H -I. -DBINDIR=\"/usr/local/bin\" -DLIBDIR=\"/usr/local/lib\" -I. -I. -I./../include -DHAVE_all_vecs -W -Wall -Wstrict-prototypes -Wmissing-prototypes -Wshadow -Wstack-usage=262144 -I./../zlib -g -O2 -MT dwarf2.lo -MD -MP -MF .deps/dwarf2.Tpo -c -DDEBUGDIR=\"/usr/local/lib/debug\" ./dwarf2.c -o dwarf2.o
mv -f .deps/dwarf2.Tpo .deps/dwarf2.Plo
/bin/bash ./libtool  --tag=CC   --mode=compile gcc -DHAVE_CONFIG_H -I.  -DBINDIR='"/usr/local/bin"' -DLIBDIR='"/usr/local/lib"' -I. -I. -I./../include  -DHAVE_all_vecs   -W -Wall -Wstrict-prototypes -Wmissing-prototypes -Wshadow -Wstack-usage=262144 -I./../zlib -g -O2 -MT elf32-i386.lo -MD -MP -MF .deps/elf32-i386.Tpo -c -o elf32-i386.lo elf32-i386.c
libtool: compile:  gcc -DHAVE_CONFIG_H -I. -DBINDIR=\"/usr/local/bin\" -DLIBDIR=\"/usr/local/lib\" -I. -I. -I./../include -DHAVE_all_vecs -W -Wall -Wstrict-prototypes -Wmissing-prototypes -Wshadow -Wstack-usage=262144 -I./../zlib -g -O2 -MT elf32-i386.lo -MD -MP -MF .deps/elf32-i386.Tpo -c elf32-i386.c -o elf32-i386.o
mv -f .deps/elf32-i386.Tpo .deps/elf32-i386.Plo
/bin/bash ./libtool  --tag=CC   --mode=compile gcc -DHAVE_CONFIG_H -I.  -DBINDIR='"/usr/local/bin"' -DLIBDIR='"/usr/local/lib"' -I. -I. -I./../include  -DHAVE_all_vecs   -W -Wall -Wstrict-prototypes -Wmissing-prototypes -Wshadow -Wstack-usage=262144 -I./../zlib -g -O2 -MT elf32.lo -MD -MP -MF .deps/elf32.Tpo -c -o elf32.lo elf32.c
libtool: compile:  gcc -DHAVE_CONFIG_H -I. -DBINDIR=\"/usr/local/bin\" -DLIBDIR=\"/usr/local/lib\" -I. -I. -I./../include -DHAVE_all_vecs -W -Wall -Wstrict-prototypes -Wmissing-prototypes -Wshadow -Wstack-usage=262144 -I./../zlib -g -O2 -MT elf32.lo -MD -MP -MF .deps/elf32.Tpo -c elf32.c -o elf32.o
mv -f .deps/elf32.Tpo .deps/elf32.Plo
/bin/bash ./libtool  --tag=CC   --mode=compile gcc -DHAVE_CONFIG_H -I.  -DBINDIR='"/usr/local/bin"' -DLIBDIR='"/usr/local/lib"' -I. -I. -I./../include  -DHAVE_all_vecs   -W -Wall -Wstrict-prototypes -Wmissing-prototypes -Wshadow -Wstack-usage=262144 -I./../zlib -g -O2 -MT pei-i386.lo -MD -MP -MF .deps/pei-i386.Tpo -c -o pei-i386.lo pei-i386.c
libtool: compile:  gcc -DHAVE_CONFIG_H -I. -DBINDIR=\"/usr/local/bin\" -DLIBDIR=\"/usr/local/lib\" -I. -I. -I./../include -DHAVE_all_vecs -W -Wall -Wstrict-prototypes -Wmissing-prototypes -Wshadow -Wstack-usage=262144 -I./../zlib -g -O2 -MT pei-i386.lo -MD -MP -MF .deps/pei-i386.Tpo -c pei-i386.c -o pei-i386.o
mv -f .deps/pei-i386.Tpo .deps/pei-i386.Plo
echo "#line 1 \"peXXigen.c\"" > peigen.c
/usr/bin/sed -e s/XX/pe/g < peXXigen.c >> peigen.c
/bin/bash ./libtool  --tag=CC   --mode=compile gcc -DHAVE_CONFIG_H -I.  -DBINDIR='"/usr/local/bin"' -DLIBDIR='"/usr/local/lib"' -I. -I. -I./../include  -DHAVE_all_vecs   -W -Wall -Wstrict-prototypes -Wmissing-prototypes -Wshadow -Wstack-usage=262144 -I./../zlib -g -O2 -MT peigen.lo -MD -MP -MF .deps/peigen.Tpo -c -o peigen.lo peigen.c
libtool: compile:  gcc -DHAVE_CONFIG_H -I. -DBINDIR=\"/usr/local/bin\" -DLIBDIR=\"/usr/local/lib\" -I. -I. -I./../include -DHAVE_all_vecs -W -Wall -Wstrict-prototypes -Wmissing-prototypes -Wshadow -Wstack-usage=262144 -I./../zlib -g -O2 -MT peigen.lo -MD -MP -MF .deps/peigen.Tpo -c peigen.c -o peigen.o
mv -f .deps/peigen.Tpo .deps/peigen.Plo
/bin/bash ./libtool  --tag=CC   --mode=compile gcc -DHAVE_CONFIG_H -I.  -DBINDIR='"/usr/local/bin"' -DLIBDIR='"/usr/local/lib"' -I. -I. -I./../include  -DHAVE_all_vecs   -W -Wall -Wstrict-prototypes -Wmissing-prototypes -Wshadow -Wstack-usage=262144 -I./../zlib -g -O2 -MT cofflink.lo -MD -MP -MF .deps/cofflink.Tpo -c -o cofflink.lo cofflink.c
libtool: compile:  gcc -DHAVE_CONFIG_H -I. -DBINDIR=\"/usr/local/bin\" -DLIBDIR=\"/usr/local/lib\" -I. -I. -I./../include -DHAVE_all_vecs -W -Wall -Wstrict-prototypes -Wmissing-prototypes -Wshadow -Wstack-usage=262144 -I./../zlib -g -O2 -MT cofflink.lo -MD -MP -MF .deps/cofflink.Tpo -c cofflink.c -o cofflink.o
mv -f .deps/cofflink.Tpo .deps/cofflink.Plo
/bin/bash ./libtool  --tag=CC   --mode=compile gcc -DHAVE_CONFIG_H -I.  -DBINDIR='"/usr/local/bin"' -DLIBDIR='"/usr/local/lib"' -I. -I. -I./../include  -DHAVE_all_vecs   -W -Wall -Wstrict-prototypes -Wmissing-prototypes -Wshadow -Wstack-usage=262144 -I./../zlib -g -O2 -MT coffgen.lo -MD -MP -MF .deps/coffgen.Tpo -c -o coffgen.lo coffgen.c
libtool: compile:  gcc -DHAVE_CONFIG_H -I. -DBINDIR=\"/usr/local/bin\" -DLIBDIR=\"/usr/local/lib\" -I. -I. -I./../include -DHAVE_all_vecs -W -Wall -Wstrict-prototypes -Wmissing-prototypes -Wshadow -Wstack-usage=262144 -I./../zlib -g -O2 -MT coffgen.lo -MD -MP -MF .deps/coffgen.Tpo -c coffgen.c -o coffgen.o
mv -f .deps/coffgen.Tpo .deps/coffgen.Plo
/bin/bash ./libtool  --tag=CC   --mode=compile gcc -DHAVE_CONFIG_H -I.  -DBINDIR='"/usr/local/bin"' -DLIBDIR='"/usr/local/lib"' -I. -I. -I./../include  -DHAVE_all_vecs   -W -Wall -Wstrict-prototypes -Wmissing-prototypes -Wshadow -Wstack-usage=262144 -I./../zlib -g -O2 -MT pei-x86_64.lo -MD -MP -MF .deps/pei-x86_64.Tpo -c -o pei-x86_64.lo pei-x86_64.c
libtool: compile:  gcc -DHAVE_CONFIG_H -I. -DBINDIR=\"/usr/local/bin\" -DLIBDIR=\"/usr/local/lib\" -I. -I. -I./../include -DHAVE_all_vecs -W -Wall -Wstrict-prototypes -Wmissing-prototypes -Wshadow -Wstack-usage=262144 -I./../zlib -g -O2 -MT pei-x86_64.lo -MD -MP -MF .deps/pei-x86_64.Tpo -c pei-x86_64.c -o pei-x86_64.o
mv -f .deps/pei-x86_64.Tpo .deps/pei-x86_64.Plo
echo "#line 1 \"peXXigen.c\"" > pex64igen.c
/usr/bin/sed -e s/XX/pex64/g < peXXigen.c >> pex64igen.c
/bin/bash ./libtool  --tag=CC   --mode=compile gcc -DHAVE_CONFIG_H -I.  -DBINDIR='"/usr/local/bin"' -DLIBDIR='"/usr/local/lib"' -I. -I. -I./../include  -DHAVE_all_vecs   -W -Wall -Wstrict-prototypes -Wmissing-prototypes -Wshadow -Wstack-usage=262144 -I./../zlib -g -O2 -MT pex64igen.lo -MD -MP -MF .deps/pex64igen.Tpo -c -o pex64igen.lo pex64igen.c
libtool: compile:  gcc -DHAVE_CONFIG_H -I. -DBINDIR=\"/usr/local/bin\" -DLIBDIR=\"/usr/local/lib\" -I. -I. -I./../include -DHAVE_all_vecs -W -Wall -Wstrict-prototypes -Wmissing-prototypes -Wshadow -Wstack-usage=262144 -I./../zlib -g -O2 -MT pex64igen.lo -MD -MP -MF .deps/pex64igen.Tpo -c pex64igen.c -o pex64igen.o
mv -f .deps/pex64igen.Tpo .deps/pex64igen.Plo
/bin/bash ./libtool  --tag=CC   --mode=compile gcc -DHAVE_CONFIG_H -I.  -DBINDIR='"/usr/local/bin"' -DLIBDIR='"/usr/local/lib"' -I. -I. -I./../include  -DHAVE_all_vecs   -W -Wall -Wstrict-prototypes -Wmissing-prototypes -Wshadow -Wstack-usage=262144 -I./../zlib -g -O2 -MT elf64-gen.lo -MD -MP -MF .deps/elf64-gen.Tpo -c -o elf64-gen.lo elf64-gen.c
libtool: compile:  gcc -DHAVE_CONFIG_H -I. -DBINDIR=\"/usr/local/bin\" -DLIBDIR=\"/usr/local/lib\" -I. -I. -I./../include -DHAVE_all_vecs -W -Wall -Wstrict-prototypes -Wmissing-prototypes -Wshadow -Wstack-usage=262144 -I./../zlib -g -O2 -MT elf64-gen.lo -MD -MP -MF .deps/elf64-gen.Tpo -c elf64-gen.c -o elf64-gen.o
mv -f .deps/elf64-gen.Tpo .deps/elf64-gen.Plo
/bin/bash ./libtool  --tag=CC   --mode=compile gcc -DHAVE_CONFIG_H -I.  -DBINDIR='"/usr/local/bin"' -DLIBDIR='"/usr/local/lib"' -I. -I. -I./../include  -DHAVE_all_vecs   -W -Wall -Wstrict-prototypes -Wmissing-prototypes -Wshadow -Wstack-usage=262144 -I./../zlib -g -O2 -MT elf32-gen.lo -MD -MP -MF .deps/elf32-gen.Tpo -c -o elf32-gen.lo elf32-gen.c
libtool: compile:  gcc -DHAVE_CONFIG_H -I. -DBINDIR=\"/usr/local/bin\" -DLIBDIR=\"/usr/local/lib\" -I. -I. -I./../include -DHAVE_all_vecs -W -Wall -Wstrict-prototypes -Wmissing-prototypes -Wshadow -Wstack-usage=262144 -I./../zlib -g -O2 -MT elf32-gen.lo -MD -MP -MF .deps/elf32-gen.Tpo -c elf32-gen.c -o elf32-gen.o
mv -f .deps/elf32-gen.Tpo .deps/elf32-gen.Plo
/bin/bash ./libtool  --tag=CC   --mode=compile gcc -DHAVE_CONFIG_H -I.  -DBINDIR='"/usr/local/bin"' -DLIBDIR='"/usr/local/lib"' -I. -I. -I./../include  -DHAVE_all_vecs   -W -Wall -Wstrict-prototypes -Wmissing-prototypes -Wshadow -Wstack-usage=262144 -I./../zlib -g -O2 -MT plugin.lo -MD -MP -MF .deps/plugin.Tpo -c -o plugin.lo plugin.c
libtool: compile:  gcc -DHAVE_CONFIG_H -I. -DBINDIR=\"/usr/local/bin\" -DLIBDIR=\"/usr/local/lib\" -I. -I. -I./../include -DHAVE_all_vecs -W -Wall -Wstrict-prototypes -Wmissing-prototypes -Wshadow -Wstack-usage=262144 -I./../zlib -g -O2 -MT plugin.lo -MD -MP -MF .deps/plugin.Tpo -c plugin.c -o plugin.o
mv -f .deps/plugin.Tpo .deps/plugin.Plo
echo "#line 1 \"elfnn-aarch64.c\"" > elf32-aarch64.c
/usr/bin/sed -e s/NN/32/g < elfnn-aarch64.c >> elf32-aarch64.c
/bin/bash ./libtool  --tag=CC   --mode=compile gcc -DHAVE_CONFIG_H -I.  -DBINDIR='"/usr/local/bin"' -DLIBDIR='"/usr/local/lib"' -I. -I. -I./../include  -DHAVE_all_vecs   -W -Wall -Wstrict-prototypes -Wmissing-prototypes -Wshadow -Wstack-usage=262144 -I./../zlib -g -O2 -MT elf32-aarch64.lo -MD -MP -MF .deps/elf32-aarch64.Tpo -c -o elf32-aarch64.lo elf32-aarch64.c
libtool: compile:  gcc -DHAVE_CONFIG_H -I. -DBINDIR=\"/usr/local/bin\" -DLIBDIR=\"/usr/local/lib\" -I. -I. -I./../include -DHAVE_all_vecs -W -Wall -Wstrict-prototypes -Wmissing-prototypes -Wshadow -Wstack-usage=262144 -I./../zlib -g -O2 -MT elf32-aarch64.lo -MD -MP -MF .deps/elf32-aarch64.Tpo -c elf32-aarch64.c -o elf32-aarch64.o
mv -f .deps/elf32-aarch64.Tpo .deps/elf32-aarch64.Plo
echo "#line 1 \"elfnn-aarch64.c\"" > elf64-aarch64.c
/usr/bin/sed -e s/NN/64/g < elfnn-aarch64.c >> elf64-aarch64.c
/bin/bash ./libtool  --tag=CC   --mode=compile gcc -DHAVE_CONFIG_H -I.  -DBINDIR='"/usr/local/bin"' -DLIBDIR='"/usr/local/lib"' -I. -I. -I./../include  -DHAVE_all_vecs   -W -Wall -Wstrict-prototypes -Wmissing-prototypes -Wshadow -Wstack-usage=262144 -I./../zlib -g -O2 -MT elf64-aarch64.lo -MD -MP -MF .deps/elf64-aarch64.Tpo -c -o elf64-aarch64.lo elf64-aarch64.c
libtool: compile:  gcc -DHAVE_CONFIG_H -I. -DBINDIR=\"/usr/local/bin\" -DLIBDIR=\"/usr/local/lib\" -I. -I. -I./../include -DHAVE_all_vecs -W -Wall -Wstrict-prototypes -Wmissing-prototypes -Wshadow -Wstack-usage=262144 -I./../zlib -g -O2 -MT elf64-aarch64.lo -MD -MP -MF .deps/elf64-aarch64.Tpo -c elf64-aarch64.c -o elf64-aarch64.o
mv -f .deps/elf64-aarch64.Tpo .deps/elf64-aarch64.Plo
/bin/bash ./libtool  --tag=CC   --mode=compile gcc -DHAVE_CONFIG_H -I.  -DBINDIR='"/usr/local/bin"' -DLIBDIR='"/usr/local/lib"' -I. -I. -I./../include  -DHAVE_all_vecs   -W -Wall -Wstrict-prototypes -Wmissing-prototypes -Wshadow -Wstack-usage=262144 -I./../zlib -g -O2 -MT elfxx-aarch64.lo -MD -MP -MF .deps/elfxx-aarch64.Tpo -c -o elfxx-aarch64.lo elfxx-aarch64.c
libtool: compile:  gcc -DHAVE_CONFIG_H -I. -DBINDIR=\"/usr/local/bin\" -DLIBDIR=\"/usr/local/lib\" -I. -I. -I./../include -DHAVE_all_vecs -W -Wall -Wstrict-prototypes -Wmissing-prototypes -Wshadow -Wstack-usage=262144 -I./../zlib -g -O2 -MT elfxx-aarch64.lo -MD -MP -MF .deps/elfxx-aarch64.Tpo -c elfxx-aarch64.c -o elfxx-aarch64.o
mv -f .deps/elfxx-aarch64.Tpo .deps/elfxx-aarch64.Plo
/bin/bash ./libtool  --tag=CC   --mode=compile gcc -DHAVE_CONFIG_H -I.  -DBINDIR='"/usr/local/bin"' -DLIBDIR='"/usr/local/lib"' -I. -I. -I./../include  -DHAVE_all_vecs   -W -Wall -Wstrict-prototypes -Wmissing-prototypes -Wshadow -Wstack-usage=262144 -I./../zlib -g -O2 -MT aix5ppc-core.lo -MD -MP -MF .deps/aix5ppc-core.Tpo -c -o aix5ppc-core.lo aix5ppc-core.c
libtool: compile:  gcc -DHAVE_CONFIG_H -I. -DBINDIR=\"/usr/local/bin\" -DLIBDIR=\"/usr/local/lib\" -I. -I. -I./../include -DHAVE_all_vecs -W -Wall -Wstrict-prototypes -Wmissing-prototypes -Wshadow -Wstack-usage=262144 -I./../zlib -g -O2 -MT aix5ppc-core.lo -MD -MP -MF .deps/aix5ppc-core.Tpo -c aix5ppc-core.c -o aix5ppc-core.o
mv -f .deps/aix5ppc-core.Tpo .deps/aix5ppc-core.Plo
/bin/bash ./libtool  --tag=CC   --mode=compile gcc -DHAVE_CONFIG_H -I.  -DBINDIR='"/usr/local/bin"' -DLIBDIR='"/usr/local/lib"' -I. -I. -I./../include  -DHAVE_all_vecs   -W -Wall -Wstrict-prototypes -Wmissing-prototypes -Wshadow -Wstack-usage=262144 -I./../zlib -g -O2 -MT aout64.lo -MD -MP -MF .deps/aout64.Tpo -c -o aout64.lo aout64.c
libtool: compile:  gcc -DHAVE_CONFIG_H -I. -DBINDIR=\"/usr/local/bin\" -DLIBDIR=\"/usr/local/lib\" -I. -I. -I./../include -DHAVE_all_vecs -W -Wall -Wstrict-prototypes -Wmissing-prototypes -Wshadow -Wstack-usage=262144 -I./../zlib -g -O2 -MT aout64.lo -MD -MP -MF .deps/aout64.Tpo -c aout64.c -o aout64.o
mv -f .deps/aout64.Tpo .deps/aout64.Plo
/bin/bash ./libtool  --tag=CC   --mode=compile gcc -DHAVE_CONFIG_H -I.  -DBINDIR='"/usr/local/bin"' -DLIBDIR='"/usr/local/lib"' -I. -I. -I./../include  -DHAVE_all_vecs   -W -Wall -Wstrict-prototypes -Wmissing-prototypes -Wshadow -Wstack-usage=262144 -I./../zlib -g -O2 -MT coff-alpha.lo -MD -MP -MF .deps/coff-alpha.Tpo -c -o coff-alpha.lo coff-alpha.c
libtool: compile:  gcc -DHAVE_CONFIG_H -I. -DBINDIR=\"/usr/local/bin\" -DLIBDIR=\"/usr/local/lib\" -I. -I. -I./../include -DHAVE_all_vecs -W -Wall -Wstrict-prototypes -Wmissing-prototypes -Wshadow -Wstack-usage=262144 -I./../zlib -g -O2 -MT coff-alpha.lo -MD -MP -MF .deps/coff-alpha.Tpo -c coff-alpha.c -o coff-alpha.o
mv -f .deps/coff-alpha.Tpo .deps/coff-alpha.Plo
/bin/bash ./libtool  --tag=CC   --mode=compile gcc -DHAVE_CONFIG_H -I.  -DBINDIR='"/usr/local/bin"' -DLIBDIR='"/usr/local/lib"' -I. -I. -I./../include  -DHAVE_all_vecs   -W -Wall -Wstrict-prototypes -Wmissing-prototypes -Wshadow -Wstack-usage=262144 -I./../zlib -g -O2 -MT coff-x86_64.lo -MD -MP -MF .deps/coff-x86_64.Tpo -c -o coff-x86_64.lo coff-x86_64.c
libtool: compile:  gcc -DHAVE_CONFIG_H -I. -DBINDIR=\"/usr/local/bin\" -DLIBDIR=\"/usr/local/lib\" -I. -I. -I./../include -DHAVE_all_vecs -W -Wall -Wstrict-prototypes -Wmissing-prototypes -Wshadow -Wstack-usage=262144 -I./../zlib -g -O2 -MT coff-x86_64.lo -MD -MP -MF .deps/coff-x86_64.Tpo -c coff-x86_64.c -o coff-x86_64.o
mv -f .deps/coff-x86_64.Tpo .deps/coff-x86_64.Plo
/bin/bash ./libtool  --tag=CC   --mode=compile gcc -DHAVE_CONFIG_H -I.  -DBINDIR='"/usr/local/bin"' -DLIBDIR='"/usr/local/lib"' -I. -I. -I./../include  -DHAVE_all_vecs   -W -Wall -Wstrict-prototypes -Wmissing-prototypes -Wshadow -Wstack-usage=262144 -I./../zlib -g -O2 -MT coff64-rs6000.lo -MD -MP -MF .deps/coff64-rs6000.Tpo -c -o coff64-rs6000.lo coff64-rs6000.c
libtool: compile:  gcc -DHAVE_CONFIG_H -I. -DBINDIR=\"/usr/local/bin\" -DLIBDIR=\"/usr/local/lib\" -I. -I. -I./../include -DHAVE_all_vecs -W -Wall -Wstrict-prototypes -Wmissing-prototypes -Wshadow -Wstack-usage=262144 -I./../zlib -g -O2 -MT coff64-rs6000.lo -MD -MP -MF .deps/coff64-rs6000.Tpo -c coff64-rs6000.c -o coff64-rs6000.o
mv -f .deps/coff64-rs6000.Tpo .deps/coff64-rs6000.Plo
echo "#line 1 \"elfnn-ia64.c\"" > elf32-ia64.c
/usr/bin/sed -e s/NN/32/g < elfnn-ia64.c >> elf32-ia64.c
/bin/bash ./libtool  --tag=CC   --mode=compile gcc -DHAVE_CONFIG_H -I.  -DBINDIR='"/usr/local/bin"' -DLIBDIR='"/usr/local/lib"' -I. -I. -I./../include  -DHAVE_all_vecs   -W -Wall -Wstrict-prototypes -Wmissing-prototypes -Wshadow -Wstack-usage=262144 -I./../zlib -g -O2 -MT elf32-ia64.lo -MD -MP -MF .deps/elf32-ia64.Tpo -c -o elf32-ia64.lo elf32-ia64.c
libtool: compile:  gcc -DHAVE_CONFIG_H -I. -DBINDIR=\"/usr/local/bin\" -DLIBDIR=\"/usr/local/lib\" -I. -I. -I./../include -DHAVE_all_vecs -W -Wall -Wstrict-prototypes -Wmissing-prototypes -Wshadow -Wstack-usage=262144 -I./../zlib -g -O2 -MT elf32-ia64.lo -MD -MP -MF .deps/elf32-ia64.Tpo -c elf32-ia64.c -o elf32-ia64.o
mv -f .deps/elf32-ia64.Tpo .deps/elf32-ia64.Plo
/bin/bash ./libtool  --tag=CC   --mode=compile gcc -DHAVE_CONFIG_H -I.  -DBINDIR='"/usr/local/bin"' -DLIBDIR='"/usr/local/lib"' -I. -I. -I./../include  -DHAVE_all_vecs   -W -Wall -Wstrict-prototypes -Wmissing-prototypes -Wshadow -Wstack-usage=262144 -I./../zlib -g -O2 -MT elf32-mips.lo -MD -MP -MF .deps/elf32-mips.Tpo -c -o elf32-mips.lo elf32-mips.c
libtool: compile:  gcc -DHAVE_CONFIG_H -I. -DBINDIR=\"/usr/local/bin\" -DLIBDIR=\"/usr/local/lib\" -I. -I. -I./../include -DHAVE_all_vecs -W -Wall -Wstrict-prototypes -Wmissing-prototypes -Wshadow -Wstack-usage=262144 -I./../zlib -g -O2 -MT elf32-mips.lo -MD -MP -MF .deps/elf32-mips.Tpo -c elf32-mips.c -o elf32-mips.o
mv -f .deps/elf32-mips.Tpo .deps/elf32-mips.Plo
/bin/bash ./libtool  --tag=CC   --mode=compile gcc -DHAVE_CONFIG_H -I.  -DBINDIR='"/usr/local/bin"' -DLIBDIR='"/usr/local/lib"' -I. -I. -I./../include  -DHAVE_all_vecs   -W -Wall -Wstrict-prototypes -Wmissing-prototypes -Wshadow -Wstack-usage=262144 -I./../zlib -g -O2 -MT elf32-score.lo -MD -MP -MF .deps/elf32-score.Tpo -c -o elf32-score.lo elf32-score.c
libtool: compile:  gcc -DHAVE_CONFIG_H -I. -DBINDIR=\"/usr/local/bin\" -DLIBDIR=\"/usr/local/lib\" -I. -I. -I./../include -DHAVE_all_vecs -W -Wall -Wstrict-prototypes -Wmissing-prototypes -Wshadow -Wstack-usage=262144 -I./../zlib -g -O2 -MT elf32-score.lo -MD -MP -MF .deps/elf32-score.Tpo -c elf32-score.c -o elf32-score.o
mv -f .deps/elf32-score.Tpo .deps/elf32-score.Plo
/bin/bash ./libtool  --tag=CC   --mode=compile gcc -DHAVE_CONFIG_H -I.  -DBINDIR='"/usr/local/bin"' -DLIBDIR='"/usr/local/lib"' -I. -I. -I./../include  -DHAVE_all_vecs   -W -Wall -Wstrict-prototypes -Wmissing-prototypes -Wshadow -Wstack-usage=262144 -I./../zlib -g -O2 -MT elf32-score7.lo -MD -MP -MF .deps/elf32-score7.Tpo -c -o elf32-score7.lo elf32-score7.c
libtool: compile:  gcc -DHAVE_CONFIG_H -I. -DBINDIR=\"/usr/local/bin\" -DLIBDIR=\"/usr/local/lib\" -I. -I. -I./../include -DHAVE_all_vecs -W -Wall -Wstrict-prototypes -Wmissing-prototypes -Wshadow -Wstack-usage=262144 -I./../zlib -g -O2 -MT elf32-score7.lo -MD -MP -MF .deps/elf32-score7.Tpo -c elf32-score7.c -o elf32-score7.o
mv -f .deps/elf32-score7.Tpo .deps/elf32-score7.Plo
/bin/bash ./libtool  --tag=CC   --mode=compile gcc -DHAVE_CONFIG_H -I.  -DBINDIR='"/usr/local/bin"' -DLIBDIR='"/usr/local/lib"' -I. -I. -I./../include  -DHAVE_all_vecs   -W -Wall -Wstrict-prototypes -Wmissing-prototypes -Wshadow -Wstack-usage=262144 -I./../zlib -g -O2 -MT elf64-alpha.lo -MD -MP -MF .deps/elf64-alpha.Tpo -c -o elf64-alpha.lo elf64-alpha.c
libtool: compile:  gcc -DHAVE_CONFIG_H -I. -DBINDIR=\"/usr/local/bin\" -DLIBDIR=\"/usr/local/lib\" -I. -I. -I./../include -DHAVE_all_vecs -W -Wall -Wstrict-prototypes -Wmissing-prototypes -Wshadow -Wstack-usage=262144 -I./../zlib -g -O2 -MT elf64-alpha.lo -MD -MP -MF .deps/elf64-alpha.Tpo -c elf64-alpha.c -o elf64-alpha.o
mv -f .deps/elf64-alpha.Tpo .deps/elf64-alpha.Plo
/bin/bash ./libtool  --tag=CC   --mode=compile gcc -DHAVE_CONFIG_H -I.  -DBINDIR='"/usr/local/bin"' -DLIBDIR='"/usr/local/lib"' -I. -I. -I./../include  -DHAVE_all_vecs   -W -Wall -Wstrict-prototypes -Wmissing-prototypes -Wshadow -Wstack-usage=262144 -I./../zlib -g -O2 -MT elf64-hppa.lo -MD -MP -MF .deps/elf64-hppa.Tpo -c -o elf64-hppa.lo elf64-hppa.c
libtool: compile:  gcc -DHAVE_CONFIG_H -I. -DBINDIR=\"/usr/local/bin\" -DLIBDIR=\"/usr/local/lib\" -I. -I. -I./../include -DHAVE_all_vecs -W -Wall -Wstrict-prototypes -Wmissing-prototypes -Wshadow -Wstack-usage=262144 -I./../zlib -g -O2 -MT elf64-hppa.lo -MD -MP -MF .deps/elf64-hppa.Tpo -c elf64-hppa.c -o elf64-hppa.o
mv -f .deps/elf64-hppa.Tpo .deps/elf64-hppa.Plo
echo "#line 1 \"elfnn-ia64.c\"" > elf64-ia64.c
/usr/bin/sed -e s/NN/64/g < elfnn-ia64.c >> elf64-ia64.c
/bin/bash ./libtool  --tag=CC   --mode=compile gcc -DHAVE_CONFIG_H -I.  -DBINDIR='"/usr/local/bin"' -DLIBDIR='"/usr/local/lib"' -I. -I. -I./../include  -DHAVE_all_vecs   -W -Wall -Wstrict-prototypes -Wmissing-prototypes -Wshadow -Wstack-usage=262144 -I./../zlib -g -O2 -MT elf64-ia64.lo -MD -MP -MF .deps/elf64-ia64.Tpo -c -o elf64-ia64.lo elf64-ia64.c
libtool: compile:  gcc -DHAVE_CONFIG_H -I. -DBINDIR=\"/usr/local/bin\" -DLIBDIR=\"/usr/local/lib\" -I. -I. -I./../include -DHAVE_all_vecs -W -Wall -Wstrict-prototypes -Wmissing-prototypes -Wshadow -Wstack-usage=262144 -I./../zlib -g -O2 -MT elf64-ia64.lo -MD -MP -MF .deps/elf64-ia64.Tpo -c elf64-ia64.c -o elf64-ia64.o
mv -f .deps/elf64-ia64.Tpo .deps/elf64-ia64.Plo
/bin/bash ./libtool  --tag=CC   --mode=compile gcc -DHAVE_CONFIG_H -I.  -DBINDIR='"/usr/local/bin"' -DLIBDIR='"/usr/local/lib"' -I. -I. -I./../include  -DHAVE_all_vecs   -W -Wall -Wstrict-prototypes -Wmissing-prototypes -Wshadow -Wstack-usage=262144 -I./../zlib -g -O2 -MT elf64-ia64-vms.lo -MD -MP -MF .deps/elf64-ia64-vms.Tpo -c -o elf64-ia64-vms.lo elf64-ia64-vms.c
libtool: compile:  gcc -DHAVE_CONFIG_H -I. -DBINDIR=\"/usr/local/bin\" -DLIBDIR=\"/usr/local/lib\" -I. -I. -I./../include -DHAVE_all_vecs -W -Wall -Wstrict-prototypes -Wmissing-prototypes -Wshadow -Wstack-usage=262144 -I./../zlib -g -O2 -MT elf64-ia64-vms.lo -MD -MP -MF .deps/elf64-ia64-vms.Tpo -c elf64-ia64-vms.c -o elf64-ia64-vms.o
mv -f .deps/elf64-ia64-vms.Tpo .deps/elf64-ia64-vms.Plo
/bin/bash ./libtool  --tag=CC   --mode=compile gcc -DHAVE_CONFIG_H -I.  -DBINDIR='"/usr/local/bin"' -DLIBDIR='"/usr/local/lib"' -I. -I. -I./../include  -DHAVE_all_vecs   -W -Wall -Wstrict-prototypes -Wmissing-prototypes -Wshadow -Wstack-usage=262144 -I./../zlib -g -O2 -MT elfxx-ia64.lo -MD -MP -MF .deps/elfxx-ia64.Tpo -c -o elfxx-ia64.lo elfxx-ia64.c
libtool: compile:  gcc -DHAVE_CONFIG_H -I. -DBINDIR=\"/usr/local/bin\" -DLIBDIR=\"/usr/local/lib\" -I. -I. -I./../include -DHAVE_all_vecs -W -Wall -Wstrict-prototypes -Wmissing-prototypes -Wshadow -Wstack-usage=262144 -I./../zlib -g -O2 -MT elfxx-ia64.lo -MD -MP -MF .deps/elfxx-ia64.Tpo -c elfxx-ia64.c -o elfxx-ia64.o
mv -f .deps/elfxx-ia64.Tpo .deps/elfxx-ia64.Plo
/bin/bash ./libtool  --tag=CC   --mode=compile gcc -DHAVE_CONFIG_H -I.  -DBINDIR='"/usr/local/bin"' -DLIBDIR='"/usr/local/lib"' -I. -I. -I./../include  -DHAVE_all_vecs   -W -Wall -Wstrict-prototypes -Wmissing-prototypes -Wshadow -Wstack-usage=262144 -I./../zlib -g -O2 -MT elfn32-mips.lo -MD -MP -MF .deps/elfn32-mips.Tpo -c -o elfn32-mips.lo elfn32-mips.c
libtool: compile:  gcc -DHAVE_CONFIG_H -I. -DBINDIR=\"/usr/local/bin\" -DLIBDIR=\"/usr/local/lib\" -I. -I. -I./../include -DHAVE_all_vecs -W -Wall -Wstrict-prototypes -Wmissing-prototypes -Wshadow -Wstack-usage=262144 -I./../zlib -g -O2 -MT elfn32-mips.lo -MD -MP -MF .deps/elfn32-mips.Tpo -c elfn32-mips.c -o elfn32-mips.o
mv -f .deps/elfn32-mips.Tpo .deps/elfn32-mips.Plo
/bin/bash ./libtool  --tag=CC   --mode=compile gcc -DHAVE_CONFIG_H -I.  -DBINDIR='"/usr/local/bin"' -DLIBDIR='"/usr/local/lib"' -I. -I. -I./../include  -DHAVE_all_vecs   -W -Wall -Wstrict-prototypes -Wmissing-prototypes -Wshadow -Wstack-usage=262144 -I./../zlib -g -O2 -MT elf64-mips.lo -MD -MP -MF .deps/elf64-mips.Tpo -c -o elf64-mips.lo elf64-mips.c
libtool: compile:  gcc -DHAVE_CONFIG_H -I. -DBINDIR=\"/usr/local/bin\" -DLIBDIR=\"/usr/local/lib\" -I. -I. -I./../include -DHAVE_all_vecs -W -Wall -Wstrict-prototypes -Wmissing-prototypes -Wshadow -Wstack-usage=262144 -I./../zlib -g -O2 -MT elf64-mips.lo -MD -MP -MF .deps/elf64-mips.Tpo -c elf64-mips.c -o elf64-mips.o
mv -f .deps/elf64-mips.Tpo .deps/elf64-mips.Plo
/bin/bash ./libtool  --tag=CC   --mode=compile gcc -DHAVE_CONFIG_H -I.  -DBINDIR='"/usr/local/bin"' -DLIBDIR='"/usr/local/lib"' -I. -I. -I./../include  -DHAVE_all_vecs   -W -Wall -Wstrict-prototypes -Wmissing-prototypes -Wshadow -Wstack-usage=262144 -I./../zlib -g -O2 -MT elfxx-mips.lo -MD -MP -MF .deps/elfxx-mips.Tpo -c -o elfxx-mips.lo elfxx-mips.c
libtool: compile:  gcc -DHAVE_CONFIG_H -I. -DBINDIR=\"/usr/local/bin\" -DLIBDIR=\"/usr/local/lib\" -I. -I. -I./../include -DHAVE_all_vecs -W -Wall -Wstrict-prototypes -Wmissing-prototypes -Wshadow -Wstack-usage=262144 -I./../zlib -g -O2 -MT elfxx-mips.lo -MD -MP -MF .deps/elfxx-mips.Tpo -c elfxx-mips.c -o elfxx-mips.o
mv -f .deps/elfxx-mips.Tpo .deps/elfxx-mips.Plo
/bin/bash ./libtool  --tag=CC   --mode=compile gcc -DHAVE_CONFIG_H -I.  -DBINDIR='"/usr/local/bin"' -DLIBDIR='"/usr/local/lib"' -I. -I. -I./../include  -DHAVE_all_vecs   -W -Wall -Wstrict-prototypes -Wmissing-prototypes -Wshadow -Wstack-usage=262144 -I./../zlib -g -O2 -MT elf64-mmix.lo -MD -MP -MF .deps/elf64-mmix.Tpo -c -o elf64-mmix.lo elf64-mmix.c
libtool: compile:  gcc -DHAVE_CONFIG_H -I. -DBINDIR=\"/usr/local/bin\" -DLIBDIR=\"/usr/local/lib\" -I. -I. -I./../include -DHAVE_all_vecs -W -Wall -Wstrict-prototypes -Wmissing-prototypes -Wshadow -Wstack-usage=262144 -I./../zlib -g -O2 -MT elf64-mmix.lo -MD -MP -MF .deps/elf64-mmix.Tpo -c elf64-mmix.c -o elf64-mmix.o
mv -f .deps/elf64-mmix.Tpo .deps/elf64-mmix.Plo
/bin/bash ./libtool  --tag=CC   --mode=compile gcc -DHAVE_CONFIG_H -I.  -DBINDIR='"/usr/local/bin"' -DLIBDIR='"/usr/local/lib"' -I. -I. -I./../include  -DHAVE_all_vecs   -W -Wall -Wstrict-prototypes -Wmissing-prototypes -Wshadow -Wstack-usage=262144 -I./../zlib -g -O2 -MT elf64-nfp.lo -MD -MP -MF .deps/elf64-nfp.Tpo -c -o elf64-nfp.lo elf64-nfp.c
libtool: compile:  gcc -DHAVE_CONFIG_H -I. -DBINDIR=\"/usr/local/bin\" -DLIBDIR=\"/usr/local/lib\" -I. -I. -I./../include -DHAVE_all_vecs -W -Wall -Wstrict-prototypes -Wmissing-prototypes -Wshadow -Wstack-usage=262144 -I./../zlib -g -O2 -MT elf64-nfp.lo -MD -MP -MF .deps/elf64-nfp.Tpo -c elf64-nfp.c -o elf64-nfp.o
mv -f .deps/elf64-nfp.Tpo .deps/elf64-nfp.Plo
/bin/bash ./libtool  --tag=CC   --mode=compile gcc -DHAVE_CONFIG_H -I.  -DBINDIR='"/usr/local/bin"' -DLIBDIR='"/usr/local/lib"' -I. -I. -I./../include  -DHAVE_all_vecs   -W -Wall -Wstrict-prototypes -Wmissing-prototypes -Wshadow -Wstack-usage=262144 -I./../zlib -g -O2 -MT elf64-ppc.lo -MD -MP -MF .deps/elf64-ppc.Tpo -c -o elf64-ppc.lo elf64-ppc.c
libtool: compile:  gcc -DHAVE_CONFIG_H -I. -DBINDIR=\"/usr/local/bin\" -DLIBDIR=\"/usr/local/lib\" -I. -I. -I./../include -DHAVE_all_vecs -W -Wall -Wstrict-prototypes -Wmissing-prototypes -Wshadow -Wstack-usage=262144 -I./../zlib -g -O2 -MT elf64-ppc.lo -MD -MP -MF .deps/elf64-ppc.Tpo -c elf64-ppc.c -o elf64-ppc.o
mv -f .deps/elf64-ppc.Tpo .deps/elf64-ppc.Plo
echo "#line 1 \"elfnn-riscv.c\"" > elf32-riscv.c
/usr/bin/sed -e s/NN/32/g < elfnn-riscv.c >> elf32-riscv.c
/bin/bash ./libtool  --tag=CC   --mode=compile gcc -DHAVE_CONFIG_H -I.  -DBINDIR='"/usr/local/bin"' -DLIBDIR='"/usr/local/lib"' -I. -I. -I./../include  -DHAVE_all_vecs   -W -Wall -Wstrict-prototypes -Wmissing-prototypes -Wshadow -Wstack-usage=262144 -I./../zlib -g -O2 -MT elf32-riscv.lo -MD -MP -MF .deps/elf32-riscv.Tpo -c -o elf32-riscv.lo elf32-riscv.c
libtool: compile:  gcc -DHAVE_CONFIG_H -I. -DBINDIR=\"/usr/local/bin\" -DLIBDIR=\"/usr/local/lib\" -I. -I. -I./../include -DHAVE_all_vecs -W -Wall -Wstrict-prototypes -Wmissing-prototypes -Wshadow -Wstack-usage=262144 -I./../zlib -g -O2 -MT elf32-riscv.lo -MD -MP -MF .deps/elf32-riscv.Tpo -c elf32-riscv.c -o elf32-riscv.o
mv -f .deps/elf32-riscv.Tpo .deps/elf32-riscv.Plo
echo "#line 1 \"elfnn-riscv.c\"" > elf64-riscv.c
/usr/bin/sed -e s/NN/64/g < elfnn-riscv.c >> elf64-riscv.c
/bin/bash ./libtool  --tag=CC   --mode=compile gcc -DHAVE_CONFIG_H -I.  -DBINDIR='"/usr/local/bin"' -DLIBDIR='"/usr/local/lib"' -I. -I. -I./../include  -DHAVE_all_vecs   -W -Wall -Wstrict-prototypes -Wmissing-prototypes -Wshadow -Wstack-usage=262144 -I./../zlib -g -O2 -MT elf64-riscv.lo -MD -MP -MF .deps/elf64-riscv.Tpo -c -o elf64-riscv.lo elf64-riscv.c
libtool: compile:  gcc -DHAVE_CONFIG_H -I. -DBINDIR=\"/usr/local/bin\" -DLIBDIR=\"/usr/local/lib\" -I. -I. -I./../include -DHAVE_all_vecs -W -Wall -Wstrict-prototypes -Wmissing-prototypes -Wshadow -Wstack-usage=262144 -I./../zlib -g -O2 -MT elf64-riscv.lo -MD -MP -MF .deps/elf64-riscv.Tpo -c elf64-riscv.c -o elf64-riscv.o
mv -f .deps/elf64-riscv.Tpo .deps/elf64-riscv.Plo
/bin/bash ./libtool  --tag=CC   --mode=compile gcc -DHAVE_CONFIG_H -I.  -DBINDIR='"/usr/local/bin"' -DLIBDIR='"/usr/local/lib"' -I. -I. -I./../include  -DHAVE_all_vecs   -W -Wall -Wstrict-prototypes -Wmissing-prototypes -Wshadow -Wstack-usage=262144 -I./../zlib -g -O2 -MT elfxx-riscv.lo -MD -MP -MF .deps/elfxx-riscv.Tpo -c -o elfxx-riscv.lo elfxx-riscv.c
libtool: compile:  gcc -DHAVE_CONFIG_H -I. -DBINDIR=\"/usr/local/bin\" -DLIBDIR=\"/usr/local/lib\" -I. -I. -I./../include -DHAVE_all_vecs -W -Wall -Wstrict-prototypes -Wmissing-prototypes -Wshadow -Wstack-usage=262144 -I./../zlib -g -O2 -MT elfxx-riscv.lo -MD -MP -MF .deps/elfxx-riscv.Tpo -c elfxx-riscv.c -o elfxx-riscv.o
mv -f .deps/elfxx-riscv.Tpo .deps/elfxx-riscv.Plo
/bin/bash ./libtool  --tag=CC   --mode=compile gcc -DHAVE_CONFIG_H -I.  -DBINDIR='"/usr/local/bin"' -DLIBDIR='"/usr/local/lib"' -I. -I. -I./../include  -DHAVE_all_vecs   -W -Wall -Wstrict-prototypes -Wmissing-prototypes -Wshadow -Wstack-usage=262144 -I./../zlib -g -O2 -MT elf64-s390.lo -MD -MP -MF .deps/elf64-s390.Tpo -c -o elf64-s390.lo elf64-s390.c
libtool: compile:  gcc -DHAVE_CONFIG_H -I. -DBINDIR=\"/usr/local/bin\" -DLIBDIR=\"/usr/local/lib\" -I. -I. -I./../include -DHAVE_all_vecs -W -Wall -Wstrict-prototypes -Wmissing-prototypes -Wshadow -Wstack-usage=262144 -I./../zlib -g -O2 -MT elf64-s390.lo -MD -MP -MF .deps/elf64-s390.Tpo -c elf64-s390.c -o elf64-s390.o
mv -f .deps/elf64-s390.Tpo .deps/elf64-s390.Plo
/bin/bash ./libtool  --tag=CC   --mode=compile gcc -DHAVE_CONFIG_H -I.  -DBINDIR='"/usr/local/bin"' -DLIBDIR='"/usr/local/lib"' -I. -I. -I./../include  -DHAVE_all_vecs   -W -Wall -Wstrict-prototypes -Wmissing-prototypes -Wshadow -Wstack-usage=262144 -I./../zlib -g -O2 -MT elf64-sparc.lo -MD -MP -MF .deps/elf64-sparc.Tpo -c -o elf64-sparc.lo elf64-sparc.c
libtool: compile:  gcc -DHAVE_CONFIG_H -I. -DBINDIR=\"/usr/local/bin\" -DLIBDIR=\"/usr/local/lib\" -I. -I. -I./../include -DHAVE_all_vecs -W -Wall -Wstrict-prototypes -Wmissing-prototypes -Wshadow -Wstack-usage=262144 -I./../zlib -g -O2 -MT elf64-sparc.lo -MD -MP -MF .deps/elf64-sparc.Tpo -c elf64-sparc.c -o elf64-sparc.o
mv -f .deps/elf64-sparc.Tpo .deps/elf64-sparc.Plo
/bin/bash ./libtool  --tag=CC   --mode=compile gcc -DHAVE_CONFIG_H -I.  -DBINDIR='"/usr/local/bin"' -DLIBDIR='"/usr/local/lib"' -I. -I. -I./../include  -DHAVE_all_vecs   -W -Wall -Wstrict-prototypes -Wmissing-prototypes -Wshadow -Wstack-usage=262144 -I./../zlib -g -O2 -MT elf64-tilegx.lo -MD -MP -MF .deps/elf64-tilegx.Tpo -c -o elf64-tilegx.lo elf64-tilegx.c
libtool: compile:  gcc -DHAVE_CONFIG_H -I. -DBINDIR=\"/usr/local/bin\" -DLIBDIR=\"/usr/local/lib\" -I. -I. -I./../include -DHAVE_all_vecs -W -Wall -Wstrict-prototypes -Wmissing-prototypes -Wshadow -Wstack-usage=262144 -I./../zlib -g -O2 -MT elf64-tilegx.lo -MD -MP -MF .deps/elf64-tilegx.Tpo -c elf64-tilegx.c -o elf64-tilegx.o
mv -f .deps/elf64-tilegx.Tpo .deps/elf64-tilegx.Plo
/bin/bash ./libtool  --tag=CC   --mode=compile gcc -DHAVE_CONFIG_H -I.  -DBINDIR='"/usr/local/bin"' -DLIBDIR='"/usr/local/lib"' -I. -I. -I./../include  -DHAVE_all_vecs   -W -Wall -Wstrict-prototypes -Wmissing-prototypes -Wshadow -Wstack-usage=262144 -I./../zlib -g -O2 -MT elf64-bpf.lo -MD -MP -MF .deps/elf64-bpf.Tpo -c -o elf64-bpf.lo elf64-bpf.c
libtool: compile:  gcc -DHAVE_CONFIG_H -I. -DBINDIR=\"/usr/local/bin\" -DLIBDIR=\"/usr/local/lib\" -I. -I. -I./../include -DHAVE_all_vecs -W -Wall -Wstrict-prototypes -Wmissing-prototypes -Wshadow -Wstack-usage=262144 -I./../zlib -g -O2 -MT elf64-bpf.lo -MD -MP -MF .deps/elf64-bpf.Tpo -c elf64-bpf.c -o elf64-bpf.o
mv -f .deps/elf64-bpf.Tpo .deps/elf64-bpf.Plo
/bin/bash ./libtool  --tag=CC   --mode=compile gcc -DHAVE_CONFIG_H -I.  -DBINDIR='"/usr/local/bin"' -DLIBDIR='"/usr/local/lib"' -I. -I. -I./../include  -DHAVE_all_vecs   -W -Wall -Wstrict-prototypes -Wmissing-prototypes -Wshadow -Wstack-usage=262144 -I./../zlib -g -O2 -MT mach-o-aarch64.lo -MD -MP -MF .deps/mach-o-aarch64.Tpo -c -o mach-o-aarch64.lo mach-o-aarch64.c
libtool: compile:  gcc -DHAVE_CONFIG_H -I. -DBINDIR=\"/usr/local/bin\" -DLIBDIR=\"/usr/local/lib\" -I. -I. -I./../include -DHAVE_all_vecs -W -Wall -Wstrict-prototypes -Wmissing-prototypes -Wshadow -Wstack-usage=262144 -I./../zlib -g -O2 -MT mach-o-aarch64.lo -MD -MP -MF .deps/mach-o-aarch64.Tpo -c mach-o-aarch64.c -o mach-o-aarch64.o
mv -f .deps/mach-o-aarch64.Tpo .deps/mach-o-aarch64.Plo
/bin/bash ./libtool  --tag=CC   --mode=compile gcc -DHAVE_CONFIG_H -I.  -DBINDIR='"/usr/local/bin"' -DLIBDIR='"/usr/local/lib"' -I. -I. -I./../include  -DHAVE_all_vecs   -W -Wall -Wstrict-prototypes -Wmissing-prototypes -Wshadow -Wstack-usage=262144 -I./../zlib -g -O2 -MT mach-o-x86-64.lo -MD -MP -MF .deps/mach-o-x86-64.Tpo -c -o mach-o-x86-64.lo mach-o-x86-64.c
libtool: compile:  gcc -DHAVE_CONFIG_H -I. -DBINDIR=\"/usr/local/bin\" -DLIBDIR=\"/usr/local/lib\" -I. -I. -I./../include -DHAVE_all_vecs -W -Wall -Wstrict-prototypes -Wmissing-prototypes -Wshadow -Wstack-usage=262144 -I./../zlib -g -O2 -MT mach-o-x86-64.lo -MD -MP -MF .deps/mach-o-x86-64.Tpo -c mach-o-x86-64.c -o mach-o-x86-64.o
mv -f .deps/mach-o-x86-64.Tpo .deps/mach-o-x86-64.Plo
/bin/bash ./libtool  --tag=CC   --mode=compile gcc -DHAVE_CONFIG_H -I.  -DBINDIR='"/usr/local/bin"' -DLIBDIR='"/usr/local/lib"' -I. -I. -I./../include  -DHAVE_all_vecs   -W -Wall -Wstrict-prototypes -Wmissing-prototypes -Wshadow -Wstack-usage=262144 -I./../zlib -g -O2 -MT mmo.lo -MD -MP -MF .deps/mmo.Tpo -c -o mmo.lo mmo.c
libtool: compile:  gcc -DHAVE_CONFIG_H -I. -DBINDIR=\"/usr/local/bin\" -DLIBDIR=\"/usr/local/lib\" -I. -I. -I./../include -DHAVE_all_vecs -W -Wall -Wstrict-prototypes -Wmissing-prototypes -Wshadow -Wstack-usage=262144 -I./../zlib -g -O2 -MT mmo.lo -MD -MP -MF .deps/mmo.Tpo -c mmo.c -o mmo.o
mv -f .deps/mmo.Tpo .deps/mmo.Plo
/bin/bash ./libtool  --tag=CC   --mode=compile gcc -DHAVE_CONFIG_H -I.  -DBINDIR='"/usr/local/bin"' -DLIBDIR='"/usr/local/lib"' -I. -I. -I./../include  -DHAVE_all_vecs   -W -Wall -Wstrict-prototypes -Wmissing-prototypes -Wshadow -Wstack-usage=262144 -I./../zlib -g -O2 -MT pe-x86_64.lo -MD -MP -MF .deps/pe-x86_64.Tpo -c -o pe-x86_64.lo pe-x86_64.c
libtool: compile:  gcc -DHAVE_CONFIG_H -I. -DBINDIR=\"/usr/local/bin\" -DLIBDIR=\"/usr/local/lib\" -I. -I. -I./../include -DHAVE_all_vecs -W -Wall -Wstrict-prototypes -Wmissing-prototypes -Wshadow -Wstack-usage=262144 -I./../zlib -g -O2 -MT pe-x86_64.lo -MD -MP -MF .deps/pe-x86_64.Tpo -c pe-x86_64.c -o pe-x86_64.o
mv -f .deps/pe-x86_64.Tpo .deps/pe-x86_64.Plo
/bin/bash ./libtool  --tag=CC   --mode=compile gcc -DHAVE_CONFIG_H -I.  -DBINDIR='"/usr/local/bin"' -DLIBDIR='"/usr/local/lib"' -I. -I. -I./../include  -DHAVE_all_vecs   -W -Wall -Wstrict-prototypes -Wmissing-prototypes -Wshadow -Wstack-usage=262144 -I./../zlib -g -O2 -MT pei-ia64.lo -MD -MP -MF .deps/pei-ia64.Tpo -c -o pei-ia64.lo pei-ia64.c
libtool: compile:  gcc -DHAVE_CONFIG_H -I. -DBINDIR=\"/usr/local/bin\" -DLIBDIR=\"/usr/local/lib\" -I. -I. -I./../include -DHAVE_all_vecs -W -Wall -Wstrict-prototypes -Wmissing-prototypes -Wshadow -Wstack-usage=262144 -I./../zlib -g -O2 -MT pei-ia64.lo -MD -MP -MF .deps/pei-ia64.Tpo -c pei-ia64.c -o pei-ia64.o
mv -f .deps/pei-ia64.Tpo .deps/pei-ia64.Plo
echo "#line 1 \"peXXigen.c\"" > pepigen.c
/usr/bin/sed -e s/XX/pep/g < peXXigen.c >> pepigen.c
/bin/bash ./libtool  --tag=CC   --mode=compile gcc -DHAVE_CONFIG_H -I.  -DBINDIR='"/usr/local/bin"' -DLIBDIR='"/usr/local/lib"' -I. -I. -I./../include  -DHAVE_all_vecs   -W -Wall -Wstrict-prototypes -Wmissing-prototypes -Wshadow -Wstack-usage=262144 -I./../zlib -g -O2 -MT pepigen.lo -MD -MP -MF .deps/pepigen.Tpo -c -o pepigen.lo pepigen.c
libtool: compile:  gcc -DHAVE_CONFIG_H -I. -DBINDIR=\"/usr/local/bin\" -DLIBDIR=\"/usr/local/lib\" -I. -I. -I./../include -DHAVE_all_vecs -W -Wall -Wstrict-prototypes -Wmissing-prototypes -Wshadow -Wstack-usage=262144 -I./../zlib -g -O2 -MT pepigen.lo -MD -MP -MF .deps/pepigen.Tpo -c pepigen.c -o pepigen.o
mv -f .deps/pepigen.Tpo .deps/pepigen.Plo
/bin/bash ./libtool  --tag=CC   --mode=compile gcc -DHAVE_CONFIG_H -I.  -DBINDIR='"/usr/local/bin"' -DLIBDIR='"/usr/local/lib"' -I. -I. -I./../include  -DHAVE_all_vecs   -W -Wall -Wstrict-prototypes -Wmissing-prototypes -Wshadow -Wstack-usage=262144 -I./../zlib -g -O2 -MT vms-alpha.lo -MD -MP -MF .deps/vms-alpha.Tpo -c -o vms-alpha.lo vms-alpha.c
libtool: compile:  gcc -DHAVE_CONFIG_H -I. -DBINDIR=\"/usr/local/bin\" -DLIBDIR=\"/usr/local/lib\" -I. -I. -I./../include -DHAVE_all_vecs -W -Wall -Wstrict-prototypes -Wmissing-prototypes -Wshadow -Wstack-usage=262144 -I./../zlib -g -O2 -MT vms-alpha.lo -MD -MP -MF .deps/vms-alpha.Tpo -c vms-alpha.c -o vms-alpha.o
mv -f .deps/vms-alpha.Tpo .deps/vms-alpha.Plo
/bin/bash ./libtool  --tag=CC   --mode=compile gcc -DHAVE_CONFIG_H -I.  -DBINDIR='"/usr/local/bin"' -DLIBDIR='"/usr/local/lib"' -I. -I. -I./../include  -DHAVE_all_vecs   -W -Wall -Wstrict-prototypes -Wmissing-prototypes -Wshadow -Wstack-usage=262144 -I./../zlib -g -O2 -MT aout-cris.lo -MD -MP -MF .deps/aout-cris.Tpo -c -o aout-cris.lo aout-cris.c
libtool: compile:  gcc -DHAVE_CONFIG_H -I. -DBINDIR=\"/usr/local/bin\" -DLIBDIR=\"/usr/local/lib\" -I. -I. -I./../include -DHAVE_all_vecs -W -Wall -Wstrict-prototypes -Wmissing-prototypes -Wshadow -Wstack-usage=262144 -I./../zlib -g -O2 -MT aout-cris.lo -MD -MP -MF .deps/aout-cris.Tpo -c aout-cris.c -o aout-cris.o
mv -f .deps/aout-cris.Tpo .deps/aout-cris.Plo
/bin/bash ./libtool  --tag=CC   --mode=compile gcc -DHAVE_CONFIG_H -I.  -DBINDIR='"/usr/local/bin"' -DLIBDIR='"/usr/local/lib"' -I. -I. -I./../include  -DHAVE_all_vecs   -W -Wall -Wstrict-prototypes -Wmissing-prototypes -Wshadow -Wstack-usage=262144 -I./../zlib -g -O2 -MT aout-ns32k.lo -MD -MP -MF .deps/aout-ns32k.Tpo -c -o aout-ns32k.lo aout-ns32k.c
libtool: compile:  gcc -DHAVE_CONFIG_H -I. -DBINDIR=\"/usr/local/bin\" -DLIBDIR=\"/usr/local/lib\" -I. -I. -I./../include -DHAVE_all_vecs -W -Wall -Wstrict-prototypes -Wmissing-prototypes -Wshadow -Wstack-usage=262144 -I./../zlib -g -O2 -MT aout-ns32k.lo -MD -MP -MF .deps/aout-ns32k.Tpo -c aout-ns32k.c -o aout-ns32k.o
mv -f .deps/aout-ns32k.Tpo .deps/aout-ns32k.Plo
/bin/bash ./libtool  --tag=CC   --mode=compile gcc -DHAVE_CONFIG_H -I.  -DBINDIR='"/usr/local/bin"' -DLIBDIR='"/usr/local/lib"' -I. -I. -I./../include  -DHAVE_all_vecs   -W -Wall -Wstrict-prototypes -Wmissing-prototypes -Wshadow -Wstack-usage=262144 -I./../zlib -g -O2 -MT aout32.lo -MD -MP -MF .deps/aout32.Tpo -c -o aout32.lo aout32.c
libtool: compile:  gcc -DHAVE_CONFIG_H -I. -DBINDIR=\"/usr/local/bin\" -DLIBDIR=\"/usr/local/lib\" -I. -I. -I./../include -DHAVE_all_vecs -W -Wall -Wstrict-prototypes -Wmissing-prototypes -Wshadow -Wstack-usage=262144 -I./../zlib -g -O2 -MT aout32.lo -MD -MP -MF .deps/aout32.Tpo -c aout32.c -o aout32.o
mv -f .deps/aout32.Tpo .deps/aout32.Plo
/bin/bash ./libtool  --tag=CC   --mode=compile gcc -DHAVE_CONFIG_H -I.  -DBINDIR='"/usr/local/bin"' -DLIBDIR='"/usr/local/lib"' -I. -I. -I./../include  -DHAVE_all_vecs   -W -Wall -Wstrict-prototypes -Wmissing-prototypes -Wshadow -Wstack-usage=262144 -I./../zlib -g -O2 -MT cf-i386lynx.lo -MD -MP -MF .deps/cf-i386lynx.Tpo -c -o cf-i386lynx.lo cf-i386lynx.c
libtool: compile:  gcc -DHAVE_CONFIG_H -I. -DBINDIR=\"/usr/local/bin\" -DLIBDIR=\"/usr/local/lib\" -I. -I. -I./../include -DHAVE_all_vecs -W -Wall -Wstrict-prototypes -Wmissing-prototypes -Wshadow -Wstack-usage=262144 -I./../zlib -g -O2 -MT cf-i386lynx.lo -MD -MP -MF .deps/cf-i386lynx.Tpo -c cf-i386lynx.c -o cf-i386lynx.o
mv -f .deps/cf-i386lynx.Tpo .deps/cf-i386lynx.Plo
/bin/bash ./libtool  --tag=CC   --mode=compile gcc -DHAVE_CONFIG_H -I.  -DBINDIR='"/usr/local/bin"' -DLIBDIR='"/usr/local/lib"' -I. -I. -I./../include  -DHAVE_all_vecs   -W -Wall -Wstrict-prototypes -Wmissing-prototypes -Wshadow -Wstack-usage=262144 -I./../zlib -g -O2 -MT coff-go32.lo -MD -MP -MF .deps/coff-go32.Tpo -c -o coff-go32.lo coff-go32.c
libtool: compile:  gcc -DHAVE_CONFIG_H -I. -DBINDIR=\"/usr/local/bin\" -DLIBDIR=\"/usr/local/lib\" -I. -I. -I./../include -DHAVE_all_vecs -W -Wall -Wstrict-prototypes -Wmissing-prototypes -Wshadow -Wstack-usage=262144 -I./../zlib -g -O2 -MT coff-go32.lo -MD -MP -MF .deps/coff-go32.Tpo -c coff-go32.c -o coff-go32.o
mv -f .deps/coff-go32.Tpo .deps/coff-go32.Plo
/bin/bash ./libtool  --tag=CC   --mode=compile gcc -DHAVE_CONFIG_H -I.  -DBINDIR='"/usr/local/bin"' -DLIBDIR='"/usr/local/lib"' -I. -I. -I./../include  -DHAVE_all_vecs   -W -Wall -Wstrict-prototypes -Wmissing-prototypes -Wshadow -Wstack-usage=262144 -I./../zlib -g -O2 -MT coff-i386.lo -MD -MP -MF .deps/coff-i386.Tpo -c -o coff-i386.lo coff-i386.c
libtool: compile:  gcc -DHAVE_CONFIG_H -I. -DBINDIR=\"/usr/local/bin\" -DLIBDIR=\"/usr/local/lib\" -I. -I. -I./../include -DHAVE_all_vecs -W -Wall -Wstrict-prototypes -Wmissing-prototypes -Wshadow -Wstack-usage=262144 -I./../zlib -g -O2 -MT coff-i386.lo -MD -MP -MF .deps/coff-i386.Tpo -c coff-i386.c -o coff-i386.o
mv -f .deps/coff-i386.Tpo .deps/coff-i386.Plo
/bin/bash ./libtool  --tag=CC   --mode=compile gcc -DHAVE_CONFIG_H -I.  -DBINDIR='"/usr/local/bin"' -DLIBDIR='"/usr/local/lib"' -I. -I. -I./../include  -DHAVE_all_vecs   -W -Wall -Wstrict-prototypes -Wmissing-prototypes -Wshadow -Wstack-usage=262144 -I./../zlib -g -O2 -MT coff-mips.lo -MD -MP -MF .deps/coff-mips.Tpo -c -o coff-mips.lo coff-mips.c
libtool: compile:  gcc -DHAVE_CONFIG_H -I. -DBINDIR=\"/usr/local/bin\" -DLIBDIR=\"/usr/local/lib\" -I. -I. -I./../include -DHAVE_all_vecs -W -Wall -Wstrict-prototypes -Wmissing-prototypes -Wshadow -Wstack-usage=262144 -I./../zlib -g -O2 -MT coff-mips.lo -MD -MP -MF .deps/coff-mips.Tpo -c coff-mips.c -o coff-mips.o
mv -f .deps/coff-mips.Tpo .deps/coff-mips.Plo
/bin/bash ./libtool  --tag=CC   --mode=compile gcc -DHAVE_CONFIG_H -I.  -DBINDIR='"/usr/local/bin"' -DLIBDIR='"/usr/local/lib"' -I. -I. -I./../include  -DHAVE_all_vecs   -W -Wall -Wstrict-prototypes -Wmissing-prototypes -Wshadow -Wstack-usage=262144 -I./../zlib -g -O2 -MT coff-rs6000.lo -MD -MP -MF .deps/coff-rs6000.Tpo -c -o coff-rs6000.lo coff-rs6000.c
libtool: compile:  gcc -DHAVE_CONFIG_H -I. -DBINDIR=\"/usr/local/bin\" -DLIBDIR=\"/usr/local/lib\" -I. -I. -I./../include -DHAVE_all_vecs -W -Wall -Wstrict-prototypes -Wmissing-prototypes -Wshadow -Wstack-usage=262144 -I./../zlib -g -O2 -MT coff-rs6000.lo -MD -MP -MF .deps/coff-rs6000.Tpo -c coff-rs6000.c -o coff-rs6000.o
mv -f .deps/coff-rs6000.Tpo .deps/coff-rs6000.Plo
/bin/bash ./libtool  --tag=CC   --mode=compile gcc -DHAVE_CONFIG_H -I.  -DBINDIR='"/usr/local/bin"' -DLIBDIR='"/usr/local/lib"' -I. -I. -I./../include  -DHAVE_all_vecs   -W -Wall -Wstrict-prototypes -Wmissing-prototypes -Wshadow -Wstack-usage=262144 -I./../zlib -g -O2 -MT coff-sh.lo -MD -MP -MF .deps/coff-sh.Tpo -c -o coff-sh.lo coff-sh.c
libtool: compile:  gcc -DHAVE_CONFIG_H -I. -DBINDIR=\"/usr/local/bin\" -DLIBDIR=\"/usr/local/lib\" -I. -I. -I./../include -DHAVE_all_vecs -W -Wall -Wstrict-prototypes -Wmissing-prototypes -Wshadow -Wstack-usage=262144 -I./../zlib -g -O2 -MT coff-sh.lo -MD -MP -MF .deps/coff-sh.Tpo -c coff-sh.c -o coff-sh.o
mv -f .deps/coff-sh.Tpo .deps/coff-sh.Plo
/bin/bash ./libtool  --tag=CC   --mode=compile gcc -DHAVE_CONFIG_H -I.  -DBINDIR='"/usr/local/bin"' -DLIBDIR='"/usr/local/lib"' -I. -I. -I./../include  -DHAVE_all_vecs   -W -Wall -Wstrict-prototypes -Wmissing-prototypes -Wshadow -Wstack-usage=262144 -I./../zlib -g -O2 -MT coff-stgo32.lo -MD -MP -MF .deps/coff-stgo32.Tpo -c -o coff-stgo32.lo coff-stgo32.c
libtool: compile:  gcc -DHAVE_CONFIG_H -I. -DBINDIR=\"/usr/local/bin\" -DLIBDIR=\"/usr/local/lib\" -I. -I. -I./../include -DHAVE_all_vecs -W -Wall -Wstrict-prototypes -Wmissing-prototypes -Wshadow -Wstack-usage=262144 -I./../zlib -g -O2 -MT coff-stgo32.lo -MD -MP -MF .deps/coff-stgo32.Tpo -c coff-stgo32.c -o coff-stgo32.o
mv -f .deps/coff-stgo32.Tpo .deps/coff-stgo32.Plo
/bin/bash ./libtool  --tag=CC   --mode=compile gcc -DHAVE_CONFIG_H -I.  -DBINDIR='"/usr/local/bin"' -DLIBDIR='"/usr/local/lib"' -I. -I. -I./../include  -DHAVE_all_vecs   -W -Wall -Wstrict-prototypes -Wmissing-prototypes -Wshadow -Wstack-usage=262144 -I./../zlib -g -O2 -MT coff-tic30.lo -MD -MP -MF .deps/coff-tic30.Tpo -c -o coff-tic30.lo coff-tic30.c
libtool: compile:  gcc -DHAVE_CONFIG_H -I. -DBINDIR=\"/usr/local/bin\" -DLIBDIR=\"/usr/local/lib\" -I. -I. -I./../include -DHAVE_all_vecs -W -Wall -Wstrict-prototypes -Wmissing-prototypes -Wshadow -Wstack-usage=262144 -I./../zlib -g -O2 -MT coff-tic30.lo -MD -MP -MF .deps/coff-tic30.Tpo -c coff-tic30.c -o coff-tic30.o
mv -f .deps/coff-tic30.Tpo .deps/coff-tic30.Plo
/bin/bash ./libtool  --tag=CC   --mode=compile gcc -DHAVE_CONFIG_H -I.  -DBINDIR='"/usr/local/bin"' -DLIBDIR='"/usr/local/lib"' -I. -I. -I./../include  -DHAVE_all_vecs   -W -Wall -Wstrict-prototypes -Wmissing-prototypes -Wshadow -Wstack-usage=262144 -I./../zlib -g -O2 -MT coff-tic4x.lo -MD -MP -MF .deps/coff-tic4x.Tpo -c -o coff-tic4x.lo coff-tic4x.c 
libtool: compile:  gcc -DHAVE_CONFIG_H -I. -DBINDIR=\"/usr/local/bin\" -DLIBDIR=\"/usr/local/lib\" -I. -I. -I./../include -DHAVE_all_vecs -W -Wall -Wstrict-prototypes -Wmissing-prototypes -Wshadow -Wstack-usage=262144 -I./../zlib -g -O2 -MT coff-tic4x.lo -MD -MP -MF .deps/coff-tic4x.Tpo -c coff-tic4x.c -o coff-tic4x.o
mv -f .deps/coff-tic4x.Tpo .deps/coff-tic4x.Plo
/bin/bash ./libtool  --tag=CC   --mode=compile gcc -DHAVE_CONFIG_H -I.  -DBINDIR='"/usr/local/bin"' -DLIBDIR='"/usr/local/lib"' -I. -I. -I./../include  -DHAVE_all_vecs   -W -Wall -Wstrict-prototypes -Wmissing-prototypes -Wshadow -Wstack-usage=262144 -I./../zlib -g -O2 -MT coff-tic54x.lo -MD -MP -MF .deps/coff-tic54x.Tpo -c -o coff-tic54x.lo coff-tic54x.c 
libtool: compile:  gcc -DHAVE_CONFIG_H -I. -DBINDIR=\"/usr/local/bin\" -DLIBDIR=\"/usr/local/lib\" -I. -I. -I./../include -DHAVE_all_vecs -W -Wall -Wstrict-prototypes -Wmissing-prototypes -Wshadow -Wstack-usage=262144 -I./../zlib -g -O2 -MT coff-tic54x.lo -MD -MP -MF .deps/coff-tic54x.Tpo -c coff-tic54x.c -o coff-tic54x.o
mv -f .deps/coff-tic54x.Tpo .deps/coff-tic54x.Plo
/bin/bash ./libtool  --tag=CC   --mode=compile gcc -DHAVE_CONFIG_H -I.  -DBINDIR='"/usr/local/bin"' -DLIBDIR='"/usr/local/lib"' -I. -I. -I./../include  -DHAVE_all_vecs   -W -Wall -Wstrict-prototypes -Wmissing-prototypes -Wshadow -Wstack-usage=262144 -I./../zlib -g -O2 -MT coff-z80.lo -MD -MP -MF .deps/coff-z80.Tpo -c -o coff-z80.lo coff-z80.c
libtool: compile:  gcc -DHAVE_CONFIG_H -I. -DBINDIR=\"/usr/local/bin\" -DLIBDIR=\"/usr/local/lib\" -I. -I. -I./../include -DHAVE_all_vecs -W -Wall -Wstrict-prototypes -Wmissing-prototypes -Wshadow -Wstack-usage=262144 -I./../zlib -g -O2 -MT coff-z80.lo -MD -MP -MF .deps/coff-z80.Tpo -c coff-z80.c -o coff-z80.o
mv -f .deps/coff-z80.Tpo .deps/coff-z80.Plo
/bin/bash ./libtool  --tag=CC   --mode=compile gcc -DHAVE_CONFIG_H -I.  -DBINDIR='"/usr/local/bin"' -DLIBDIR='"/usr/local/lib"' -I. -I. -I./../include  -DHAVE_all_vecs   -W -Wall -Wstrict-prototypes -Wmissing-prototypes -Wshadow -Wstack-usage=262144 -I./../zlib -g -O2 -MT coff-z8k.lo -MD -MP -MF .deps/coff-z8k.Tpo -c -o coff-z8k.lo coff-z8k.c
libtool: compile:  gcc -DHAVE_CONFIG_H -I. -DBINDIR=\"/usr/local/bin\" -DLIBDIR=\"/usr/local/lib\" -I. -I. -I./../include -DHAVE_all_vecs -W -Wall -Wstrict-prototypes -Wmissing-prototypes -Wshadow -Wstack-usage=262144 -I./../zlib -g -O2 -MT coff-z8k.lo -MD -MP -MF .deps/coff-z8k.Tpo -c coff-z8k.c -o coff-z8k.o
mv -f .deps/coff-z8k.Tpo .deps/coff-z8k.Plo
/bin/bash ./libtool  --tag=CC   --mode=compile gcc -DHAVE_CONFIG_H -I.  -DBINDIR='"/usr/local/bin"' -DLIBDIR='"/usr/local/lib"' -I. -I. -I./../include  -DHAVE_all_vecs   -W -Wall -Wstrict-prototypes -Wmissing-prototypes -Wshadow -Wstack-usage=262144 -I./../zlib -g -O2 -MT ecoff.lo -MD -MP -MF .deps/ecoff.Tpo -c -o ecoff.lo ecoff.c
libtool: compile:  gcc -DHAVE_CONFIG_H -I. -DBINDIR=\"/usr/local/bin\" -DLIBDIR=\"/usr/local/lib\" -I. -I. -I./../include -DHAVE_all_vecs -W -Wall -Wstrict-prototypes -Wmissing-prototypes -Wshadow -Wstack-usage=262144 -I./../zlib -g -O2 -MT ecoff.lo -MD -MP -MF .deps/ecoff.Tpo -c ecoff.c -o ecoff.o
mv -f .deps/ecoff.Tpo .deps/ecoff.Plo
/bin/bash ./libtool  --tag=CC   --mode=compile gcc -DHAVE_CONFIG_H -I.  -DBINDIR='"/usr/local/bin"' -DLIBDIR='"/usr/local/lib"' -I. -I. -I./../include  -DHAVE_all_vecs   -W -Wall -Wstrict-prototypes -Wmissing-prototypes -Wshadow -Wstack-usage=262144 -I./../zlib -g -O2 -MT ecofflink.lo -MD -MP -MF .deps/ecofflink.Tpo -c -o ecofflink.lo ecofflink.c
libtool: compile:  gcc -DHAVE_CONFIG_H -I. -DBINDIR=\"/usr/local/bin\" -DLIBDIR=\"/usr/local/lib\" -I. -I. -I./../include -DHAVE_all_vecs -W -Wall -Wstrict-prototypes -Wmissing-prototypes -Wshadow -Wstack-usage=262144 -I./../zlib -g -O2 -MT ecofflink.lo -MD -MP -MF .deps/ecofflink.Tpo -c ecofflink.c -o ecofflink.o
mv -f .deps/ecofflink.Tpo .deps/ecofflink.Plo
/bin/bash ./libtool  --tag=CC   --mode=compile gcc -DHAVE_CONFIG_H -I.  -DBINDIR='"/usr/local/bin"' -DLIBDIR='"/usr/local/lib"' -I. -I. -I./../include  -DHAVE_all_vecs   -W -Wall -Wstrict-prototypes -Wmissing-prototypes -Wshadow -Wstack-usage=262144 -I./../zlib -g -O2 -MT elf-m10200.lo -MD -MP -MF .deps/elf-m10200.Tpo -c -o elf-m10200.lo elf-m10200.c
libtool: compile:  gcc -DHAVE_CONFIG_H -I. -DBINDIR=\"/usr/local/bin\" -DLIBDIR=\"/usr/local/lib\" -I. -I. -I./../include -DHAVE_all_vecs -W -Wall -Wstrict-prototypes -Wmissing-prototypes -Wshadow -Wstack-usage=262144 -I./../zlib -g -O2 -MT elf-m10200.lo -MD -MP -MF .deps/elf-m10200.Tpo -c elf-m10200.c -o elf-m10200.o
mv -f .deps/elf-m10200.Tpo .deps/elf-m10200.Plo
/bin/bash ./libtool  --tag=CC   --mode=compile gcc -DHAVE_CONFIG_H -I.  -DBINDIR='"/usr/local/bin"' -DLIBDIR='"/usr/local/lib"' -I. -I. -I./../include  -DHAVE_all_vecs   -W -Wall -Wstrict-prototypes -Wmissing-prototypes -Wshadow -Wstack-usage=262144 -I./../zlib -g -O2 -MT elf-m10300.lo -MD -MP -MF .deps/elf-m10300.Tpo -c -o elf-m10300.lo elf-m10300.c
libtool: compile:  gcc -DHAVE_CONFIG_H -I. -DBINDIR=\"/usr/local/bin\" -DLIBDIR=\"/usr/local/lib\" -I. -I. -I./../include -DHAVE_all_vecs -W -Wall -Wstrict-prototypes -Wmissing-prototypes -Wshadow -Wstack-usage=262144 -I./../zlib -g -O2 -MT elf-m10300.lo -MD -MP -MF .deps/elf-m10300.Tpo -c elf-m10300.c -o elf-m10300.o
mv -f .deps/elf-m10300.Tpo .deps/elf-m10300.Plo
/bin/bash ./libtool  --tag=CC   --mode=compile gcc -DHAVE_CONFIG_H -I.  -DBINDIR='"/usr/local/bin"' -DLIBDIR='"/usr/local/lib"' -I. -I. -I./../include  -DHAVE_all_vecs   -W -Wall -Wstrict-prototypes -Wmissing-prototypes -Wshadow -Wstack-usage=262144 -I./../zlib -g -O2 -MT elf-nacl.lo -MD -MP -MF .deps/elf-nacl.Tpo -c -o elf-nacl.lo elf-nacl.c
libtool: compile:  gcc -DHAVE_CONFIG_H -I. -DBINDIR=\"/usr/local/bin\" -DLIBDIR=\"/usr/local/lib\" -I. -I. -I./../include -DHAVE_all_vecs -W -Wall -Wstrict-prototypes -Wmissing-prototypes -Wshadow -Wstack-usage=262144 -I./../zlib -g -O2 -MT elf-nacl.lo -MD -MP -MF .deps/elf-nacl.Tpo -c elf-nacl.c -o elf-nacl.o
mv -f .deps/elf-nacl.Tpo .deps/elf-nacl.Plo
/bin/bash ./libtool  --tag=CC   --mode=compile gcc -DHAVE_CONFIG_H -I.  -DBINDIR='"/usr/local/bin"' -DLIBDIR='"/usr/local/lib"' -I. -I. -I./../include  -DHAVE_all_vecs   -W -Wall -Wstrict-prototypes -Wmissing-prototypes -Wshadow -Wstack-usage=262144 -I./../zlib -g -O2 -MT elf32-am33lin.lo -MD -MP -MF .deps/elf32-am33lin.Tpo -c -o elf32-am33lin.lo elf32-am33lin.c
libtool: compile:  gcc -DHAVE_CONFIG_H -I. -DBINDIR=\"/usr/local/bin\" -DLIBDIR=\"/usr/local/lib\" -I. -I. -I./../include -DHAVE_all_vecs -W -Wall -Wstrict-prototypes -Wmissing-prototypes -Wshadow -Wstack-usage=262144 -I./../zlib -g -O2 -MT elf32-am33lin.lo -MD -MP -MF .deps/elf32-am33lin.Tpo -c elf32-am33lin.c -o elf32-am33lin.o
mv -f .deps/elf32-am33lin.Tpo .deps/elf32-am33lin.Plo
/bin/bash ./libtool  --tag=CC   --mode=compile gcc -DHAVE_CONFIG_H -I.  -DBINDIR='"/usr/local/bin"' -DLIBDIR='"/usr/local/lib"' -I. -I. -I./../include  -DHAVE_all_vecs   -W -Wall -Wstrict-prototypes -Wmissing-prototypes -Wshadow -Wstack-usage=262144 -I./../zlib -g -O2 -MT elf32-arc.lo -MD -MP -MF .deps/elf32-arc.Tpo -c -o elf32-arc.lo elf32-arc.c
libtool: compile:  gcc -DHAVE_CONFIG_H -I. -DBINDIR=\"/usr/local/bin\" -DLIBDIR=\"/usr/local/lib\" -I. -I. -I./../include -DHAVE_all_vecs -W -Wall -Wstrict-prototypes -Wmissing-prototypes -Wshadow -Wstack-usage=262144 -I./../zlib -g -O2 -MT elf32-arc.lo -MD -MP -MF .deps/elf32-arc.Tpo -c elf32-arc.c -o elf32-arc.o
mv -f .deps/elf32-arc.Tpo .deps/elf32-arc.Plo
/bin/bash ./libtool  --tag=CC   --mode=compile gcc -DHAVE_CONFIG_H -I.  -DBINDIR='"/usr/local/bin"' -DLIBDIR='"/usr/local/lib"' -I. -I. -I./../include  -DHAVE_all_vecs   -W -Wall -Wstrict-prototypes -Wmissing-prototypes -Wshadow -Wstack-usage=262144 -I./../zlib -g -O2 -MT elf32-arm.lo -MD -MP -MF .deps/elf32-arm.Tpo -c -o elf32-arm.lo elf32-arm.c
libtool: compile:  gcc -DHAVE_CONFIG_H -I. -DBINDIR=\"/usr/local/bin\" -DLIBDIR=\"/usr/local/lib\" -I. -I. -I./../include -DHAVE_all_vecs -W -Wall -Wstrict-prototypes -Wmissing-prototypes -Wshadow -Wstack-usage=262144 -I./../zlib -g -O2 -MT elf32-arm.lo -MD -MP -MF .deps/elf32-arm.Tpo -c elf32-arm.c -o elf32-arm.o
mv -f .deps/elf32-arm.Tpo .deps/elf32-arm.Plo
/bin/bash ./libtool  --tag=CC   --mode=compile gcc -DHAVE_CONFIG_H -I.  -DBINDIR='"/usr/local/bin"' -DLIBDIR='"/usr/local/lib"' -I. -I. -I./../include  -DHAVE_all_vecs   -W -Wall -Wstrict-prototypes -Wmissing-prototypes -Wshadow -Wstack-usage=262144 -I./../zlib -g -O2 -MT elf32-avr.lo -MD -MP -MF .deps/elf32-avr.Tpo -c -o elf32-avr.lo elf32-avr.c
libtool: compile:  gcc -DHAVE_CONFIG_H -I. -DBINDIR=\"/usr/local/bin\" -DLIBDIR=\"/usr/local/lib\" -I. -I. -I./../include -DHAVE_all_vecs -W -Wall -Wstrict-prototypes -Wmissing-prototypes -Wshadow -Wstack-usage=262144 -I./../zlib -g -O2 -MT elf32-avr.lo -MD -MP -MF .deps/elf32-avr.Tpo -c elf32-avr.c -o elf32-avr.o
mv -f .deps/elf32-avr.Tpo .deps/elf32-avr.Plo
/bin/bash ./libtool  --tag=CC   --mode=compile gcc -DHAVE_CONFIG_H -I.  -DBINDIR='"/usr/local/bin"' -DLIBDIR='"/usr/local/lib"' -I. -I. -I./../include  -DHAVE_all_vecs   -W -Wall -Wstrict-prototypes -Wmissing-prototypes -Wshadow -Wstack-usage=262144 -I./../zlib -g -O2 -MT elf32-bfin.lo -MD -MP -MF .deps/elf32-bfin.Tpo -c -o elf32-bfin.lo elf32-bfin.c
libtool: compile:  gcc -DHAVE_CONFIG_H -I. -DBINDIR=\"/usr/local/bin\" -DLIBDIR=\"/usr/local/lib\" -I. -I. -I./../include -DHAVE_all_vecs -W -Wall -Wstrict-prototypes -Wmissing-prototypes -Wshadow -Wstack-usage=262144 -I./../zlib -g -O2 -MT elf32-bfin.lo -MD -MP -MF .deps/elf32-bfin.Tpo -c elf32-bfin.c -o elf32-bfin.o
mv -f .deps/elf32-bfin.Tpo .deps/elf32-bfin.Plo
/bin/bash ./libtool  --tag=CC   --mode=compile gcc -DHAVE_CONFIG_H -I.  -DBINDIR='"/usr/local/bin"' -DLIBDIR='"/usr/local/lib"' -I. -I. -I./../include  -DHAVE_all_vecs   -W -Wall -Wstrict-prototypes -Wmissing-prototypes -Wshadow -Wstack-usage=262144 -I./../zlib -g -O2 -MT elf32-cr16.lo -MD -MP -MF .deps/elf32-cr16.Tpo -c -o elf32-cr16.lo elf32-cr16.c
libtool: compile:  gcc -DHAVE_CONFIG_H -I. -DBINDIR=\"/usr/local/bin\" -DLIBDIR=\"/usr/local/lib\" -I. -I. -I./../include -DHAVE_all_vecs -W -Wall -Wstrict-prototypes -Wmissing-prototypes -Wshadow -Wstack-usage=262144 -I./../zlib -g -O2 -MT elf32-cr16.lo -MD -MP -MF .deps/elf32-cr16.Tpo -c elf32-cr16.c -o elf32-cr16.o
mv -f .deps/elf32-cr16.Tpo .deps/elf32-cr16.Plo
/bin/bash ./libtool  --tag=CC   --mode=compile gcc -DHAVE_CONFIG_H -I.  -DBINDIR='"/usr/local/bin"' -DLIBDIR='"/usr/local/lib"' -I. -I. -I./../include  -DHAVE_all_vecs   -W -Wall -Wstrict-prototypes -Wmissing-prototypes -Wshadow -Wstack-usage=262144 -I./../zlib -g -O2 -MT elf32-cris.lo -MD -MP -MF .deps/elf32-cris.Tpo -c -o elf32-cris.lo elf32-cris.c
libtool: compile:  gcc -DHAVE_CONFIG_H -I. -DBINDIR=\"/usr/local/bin\" -DLIBDIR=\"/usr/local/lib\" -I. -I. -I./../include -DHAVE_all_vecs -W -Wall -Wstrict-prototypes -Wmissing-prototypes -Wshadow -Wstack-usage=262144 -I./../zlib -g -O2 -MT elf32-cris.lo -MD -MP -MF .deps/elf32-cris.Tpo -c elf32-cris.c -o elf32-cris.o
mv -f .deps/elf32-cris.Tpo .deps/elf32-cris.Plo
/bin/bash ./libtool  --tag=CC   --mode=compile gcc -DHAVE_CONFIG_H -I.  -DBINDIR='"/usr/local/bin"' -DLIBDIR='"/usr/local/lib"' -I. -I. -I./../include  -DHAVE_all_vecs   -W -Wall -Wstrict-prototypes -Wmissing-prototypes -Wshadow -Wstack-usage=262144 -I./../zlib -g -O2 -MT elf32-crx.lo -MD -MP -MF .deps/elf32-crx.Tpo -c -o elf32-crx.lo elf32-crx.c
libtool: compile:  gcc -DHAVE_CONFIG_H -I. -DBINDIR=\"/usr/local/bin\" -DLIBDIR=\"/usr/local/lib\" -I. -I. -I./../include -DHAVE_all_vecs -W -Wall -Wstrict-prototypes -Wmissing-prototypes -Wshadow -Wstack-usage=262144 -I./../zlib -g -O2 -MT elf32-crx.lo -MD -MP -MF .deps/elf32-crx.Tpo -c elf32-crx.c -o elf32-crx.o
mv -f .deps/elf32-crx.Tpo .deps/elf32-crx.Plo
/bin/bash ./libtool  --tag=CC   --mode=compile gcc -DHAVE_CONFIG_H -I.  -DBINDIR='"/usr/local/bin"' -DLIBDIR='"/usr/local/lib"' -I. -I. -I./../include  -DHAVE_all_vecs   -W -Wall -Wstrict-prototypes -Wmissing-prototypes -Wshadow -Wstack-usage=262144 -I./../zlib -g -O2 -MT elf32-csky.lo -MD -MP -MF .deps/elf32-csky.Tpo -c -o elf32-csky.lo elf32-csky.c
libtool: compile:  gcc -DHAVE_CONFIG_H -I. -DBINDIR=\"/usr/local/bin\" -DLIBDIR=\"/usr/local/lib\" -I. -I. -I./../include -DHAVE_all_vecs -W -Wall -Wstrict-prototypes -Wmissing-prototypes -Wshadow -Wstack-usage=262144 -I./../zlib -g -O2 -MT elf32-csky.lo -MD -MP -MF .deps/elf32-csky.Tpo -c elf32-csky.c -o elf32-csky.o
mv -f .deps/elf32-csky.Tpo .deps/elf32-csky.Plo
/bin/bash ./libtool  --tag=CC   --mode=compile gcc -DHAVE_CONFIG_H -I.  -DBINDIR='"/usr/local/bin"' -DLIBDIR='"/usr/local/lib"' -I. -I. -I./../include  -DHAVE_all_vecs   -W -Wall -Wstrict-prototypes -Wmissing-prototypes -Wshadow -Wstack-usage=262144 -I./../zlib -g -O2 -MT elf32-d10v.lo -MD -MP -MF .deps/elf32-d10v.Tpo -c -o elf32-d10v.lo elf32-d10v.c
libtool: compile:  gcc -DHAVE_CONFIG_H -I. -DBINDIR=\"/usr/local/bin\" -DLIBDIR=\"/usr/local/lib\" -I. -I. -I./../include -DHAVE_all_vecs -W -Wall -Wstrict-prototypes -Wmissing-prototypes -Wshadow -Wstack-usage=262144 -I./../zlib -g -O2 -MT elf32-d10v.lo -MD -MP -MF .deps/elf32-d10v.Tpo -c elf32-d10v.c -o elf32-d10v.o
mv -f .deps/elf32-d10v.Tpo .deps/elf32-d10v.Plo
/bin/bash ./libtool  --tag=CC   --mode=compile gcc -DHAVE_CONFIG_H -I.  -DBINDIR='"/usr/local/bin"' -DLIBDIR='"/usr/local/lib"' -I. -I. -I./../include  -DHAVE_all_vecs   -W -Wall -Wstrict-prototypes -Wmissing-prototypes -Wshadow -Wstack-usage=262144 -I./../zlib -g -O2 -MT elf32-d30v.lo -MD -MP -MF .deps/elf32-d30v.Tpo -c -o elf32-d30v.lo elf32-d30v.c
libtool: compile:  gcc -DHAVE_CONFIG_H -I. -DBINDIR=\"/usr/local/bin\" -DLIBDIR=\"/usr/local/lib\" -I. -I. -I./../include -DHAVE_all_vecs -W -Wall -Wstrict-prototypes -Wmissing-prototypes -Wshadow -Wstack-usage=262144 -I./../zlib -g -O2 -MT elf32-d30v.lo -MD -MP -MF .deps/elf32-d30v.Tpo -c elf32-d30v.c -o elf32-d30v.o
mv -f .deps/elf32-d30v.Tpo .deps/elf32-d30v.Plo
/bin/bash ./libtool  --tag=CC   --mode=compile gcc -DHAVE_CONFIG_H -I.  -DBINDIR='"/usr/local/bin"' -DLIBDIR='"/usr/local/lib"' -I. -I. -I./../include  -DHAVE_all_vecs   -W -Wall -Wstrict-prototypes -Wmissing-prototypes -Wshadow -Wstack-usage=262144 -I./../zlib -g -O2 -MT elf32-dlx.lo -MD -MP -MF .deps/elf32-dlx.Tpo -c -o elf32-dlx.lo elf32-dlx.c
libtool: compile:  gcc -DHAVE_CONFIG_H -I. -DBINDIR=\"/usr/local/bin\" -DLIBDIR=\"/usr/local/lib\" -I. -I. -I./../include -DHAVE_all_vecs -W -Wall -Wstrict-prototypes -Wmissing-prototypes -Wshadow -Wstack-usage=262144 -I./../zlib -g -O2 -MT elf32-dlx.lo -MD -MP -MF .deps/elf32-dlx.Tpo -c elf32-dlx.c -o elf32-dlx.o
mv -f .deps/elf32-dlx.Tpo .deps/elf32-dlx.Plo
/bin/bash ./libtool  --tag=CC   --mode=compile gcc -DHAVE_CONFIG_H -I.  -DBINDIR='"/usr/local/bin"' -DLIBDIR='"/usr/local/lib"' -I. -I. -I./../include  -DHAVE_all_vecs   -W -Wall -Wstrict-prototypes -Wmissing-prototypes -Wshadow -Wstack-usage=262144 -I./../zlib -g -O2 -MT elf32-epiphany.lo -MD -MP -MF .deps/elf32-epiphany.Tpo -c -o elf32-epiphany.lo elf32-epiphany.c
libtool: compile:  gcc -DHAVE_CONFIG_H -I. -DBINDIR=\"/usr/local/bin\" -DLIBDIR=\"/usr/local/lib\" -I. -I. -I./../include -DHAVE_all_vecs -W -Wall -Wstrict-prototypes -Wmissing-prototypes -Wshadow -Wstack-usage=262144 -I./../zlib -g -O2 -MT elf32-epiphany.lo -MD -MP -MF .deps/elf32-epiphany.Tpo -c elf32-epiphany.c -o elf32-epiphany.o
mv -f .deps/elf32-epiphany.Tpo .deps/elf32-epiphany.Plo
/bin/bash ./libtool  --tag=CC   --mode=compile gcc -DHAVE_CONFIG_H -I.  -DBINDIR='"/usr/local/bin"' -DLIBDIR='"/usr/local/lib"' -I. -I. -I./../include  -DHAVE_all_vecs   -W -Wall -Wstrict-prototypes -Wmissing-prototypes -Wshadow -Wstack-usage=262144 -I./../zlib -g -O2 -MT elf32-fr30.lo -MD -MP -MF .deps/elf32-fr30.Tpo -c -o elf32-fr30.lo elf32-fr30.c
libtool: compile:  gcc -DHAVE_CONFIG_H -I. -DBINDIR=\"/usr/local/bin\" -DLIBDIR=\"/usr/local/lib\" -I. -I. -I./../include -DHAVE_all_vecs -W -Wall -Wstrict-prototypes -Wmissing-prototypes -Wshadow -Wstack-usage=262144 -I./../zlib -g -O2 -MT elf32-fr30.lo -MD -MP -MF .deps/elf32-fr30.Tpo -c elf32-fr30.c -o elf32-fr30.o
mv -f .deps/elf32-fr30.Tpo .deps/elf32-fr30.Plo
/bin/bash ./libtool  --tag=CC   --mode=compile gcc -DHAVE_CONFIG_H -I.  -DBINDIR='"/usr/local/bin"' -DLIBDIR='"/usr/local/lib"' -I. -I. -I./../include  -DHAVE_all_vecs   -W -Wall -Wstrict-prototypes -Wmissing-prototypes -Wshadow -Wstack-usage=262144 -I./../zlib -g -O2 -MT elf32-frv.lo -MD -MP -MF .deps/elf32-frv.Tpo -c -o elf32-frv.lo elf32-frv.c
libtool: compile:  gcc -DHAVE_CONFIG_H -I. -DBINDIR=\"/usr/local/bin\" -DLIBDIR=\"/usr/local/lib\" -I. -I. -I./../include -DHAVE_all_vecs -W -Wall -Wstrict-prototypes -Wmissing-prototypes -Wshadow -Wstack-usage=262144 -I./../zlib -g -O2 -MT elf32-frv.lo -MD -MP -MF .deps/elf32-frv.Tpo -c elf32-frv.c -o elf32-frv.o
mv -f .deps/elf32-frv.Tpo .deps/elf32-frv.Plo
/bin/bash ./libtool  --tag=CC   --mode=compile gcc -DHAVE_CONFIG_H -I.  -DBINDIR='"/usr/local/bin"' -DLIBDIR='"/usr/local/lib"' -I. -I. -I./../include  -DHAVE_all_vecs   -W -Wall -Wstrict-prototypes -Wmissing-prototypes -Wshadow -Wstack-usage=262144 -I./../zlib -g -O2 -MT elf32-ft32.lo -MD -MP -MF .deps/elf32-ft32.Tpo -c -o elf32-ft32.lo elf32-ft32.c
libtool: compile:  gcc -DHAVE_CONFIG_H -I. -DBINDIR=\"/usr/local/bin\" -DLIBDIR=\"/usr/local/lib\" -I. -I. -I./../include -DHAVE_all_vecs -W -Wall -Wstrict-prototypes -Wmissing-prototypes -Wshadow -Wstack-usage=262144 -I./../zlib -g -O2 -MT elf32-ft32.lo -MD -MP -MF .deps/elf32-ft32.Tpo -c elf32-ft32.c -o elf32-ft32.o
mv -f .deps/elf32-ft32.Tpo .deps/elf32-ft32.Plo
/bin/bash ./libtool  --tag=CC   --mode=compile gcc -DHAVE_CONFIG_H -I.  -DBINDIR='"/usr/local/bin"' -DLIBDIR='"/usr/local/lib"' -I. -I. -I./../include  -DHAVE_all_vecs   -W -Wall -Wstrict-prototypes -Wmissing-prototypes -Wshadow -Wstack-usage=262144 -I./../zlib -g -O2 -MT elf32-h8300.lo -MD -MP -MF .deps/elf32-h8300.Tpo -c -o elf32-h8300.lo elf32-h8300.c
libtool: compile:  gcc -DHAVE_CONFIG_H -I. -DBINDIR=\"/usr/local/bin\" -DLIBDIR=\"/usr/local/lib\" -I. -I. -I./../include -DHAVE_all_vecs -W -Wall -Wstrict-prototypes -Wmissing-prototypes -Wshadow -Wstack-usage=262144 -I./../zlib -g -O2 -MT elf32-h8300.lo -MD -MP -MF .deps/elf32-h8300.Tpo -c elf32-h8300.c -o elf32-h8300.o
mv -f .deps/elf32-h8300.Tpo .deps/elf32-h8300.Plo
/bin/bash ./libtool  --tag=CC   --mode=compile gcc -DHAVE_CONFIG_H -I.  -DBINDIR='"/usr/local/bin"' -DLIBDIR='"/usr/local/lib"' -I. -I. -I./../include  -DHAVE_all_vecs   -W -Wall -Wstrict-prototypes -Wmissing-prototypes -Wshadow -Wstack-usage=262144 -I./../zlib -g -O2 -MT elf32-hppa.lo -MD -MP -MF .deps/elf32-hppa.Tpo -c -o elf32-hppa.lo elf32-hppa.c
libtool: compile:  gcc -DHAVE_CONFIG_H -I. -DBINDIR=\"/usr/local/bin\" -DLIBDIR=\"/usr/local/lib\" -I. -I. -I./../include -DHAVE_all_vecs -W -Wall -Wstrict-prototypes -Wmissing-prototypes -Wshadow -Wstack-usage=262144 -I./../zlib -g -O2 -MT elf32-hppa.lo -MD -MP -MF .deps/elf32-hppa.Tpo -c elf32-hppa.c -o elf32-hppa.o
mv -f .deps/elf32-hppa.Tpo .deps/elf32-hppa.Plo
/bin/bash ./libtool  --tag=CC   --mode=compile gcc -DHAVE_CONFIG_H -I.  -DBINDIR='"/usr/local/bin"' -DLIBDIR='"/usr/local/lib"' -I. -I. -I./../include  -DHAVE_all_vecs   -W -Wall -Wstrict-prototypes -Wmissing-prototypes -Wshadow -Wstack-usage=262144 -I./../zlib -g -O2 -MT elf32-ip2k.lo -MD -MP -MF .deps/elf32-ip2k.Tpo -c -o elf32-ip2k.lo elf32-ip2k.c
libtool: compile:  gcc -DHAVE_CONFIG_H -I. -DBINDIR=\"/usr/local/bin\" -DLIBDIR=\"/usr/local/lib\" -I. -I. -I./../include -DHAVE_all_vecs -W -Wall -Wstrict-prototypes -Wmissing-prototypes -Wshadow -Wstack-usage=262144 -I./../zlib -g -O2 -MT elf32-ip2k.lo -MD -MP -MF .deps/elf32-ip2k.Tpo -c elf32-ip2k.c -o elf32-ip2k.o
mv -f .deps/elf32-ip2k.Tpo .deps/elf32-ip2k.Plo
/bin/bash ./libtool  --tag=CC   --mode=compile gcc -DHAVE_CONFIG_H -I.  -DBINDIR='"/usr/local/bin"' -DLIBDIR='"/usr/local/lib"' -I. -I. -I./../include  -DHAVE_all_vecs   -W -Wall -Wstrict-prototypes -Wmissing-prototypes -Wshadow -Wstack-usage=262144 -I./../zlib -g -O2 -MT elf32-iq2000.lo -MD -MP -MF .deps/elf32-iq2000.Tpo -c -o elf32-iq2000.lo elf32-iq2000.c
libtool: compile:  gcc -DHAVE_CONFIG_H -I. -DBINDIR=\"/usr/local/bin\" -DLIBDIR=\"/usr/local/lib\" -I. -I. -I./../include -DHAVE_all_vecs -W -Wall -Wstrict-prototypes -Wmissing-prototypes -Wshadow -Wstack-usage=262144 -I./../zlib -g -O2 -MT elf32-iq2000.lo -MD -MP -MF .deps/elf32-iq2000.Tpo -c elf32-iq2000.c -o elf32-iq2000.o
mv -f .deps/elf32-iq2000.Tpo .deps/elf32-iq2000.Plo
/bin/bash ./libtool  --tag=CC   --mode=compile gcc -DHAVE_CONFIG_H -I.  -DBINDIR='"/usr/local/bin"' -DLIBDIR='"/usr/local/lib"' -I. -I. -I./../include  -DHAVE_all_vecs   -W -Wall -Wstrict-prototypes -Wmissing-prototypes -Wshadow -Wstack-usage=262144 -I./../zlib -g -O2 -MT elf32-lm32.lo -MD -MP -MF .deps/elf32-lm32.Tpo -c -o elf32-lm32.lo elf32-lm32.c
libtool: compile:  gcc -DHAVE_CONFIG_H -I. -DBINDIR=\"/usr/local/bin\" -DLIBDIR=\"/usr/local/lib\" -I. -I. -I./../include -DHAVE_all_vecs -W -Wall -Wstrict-prototypes -Wmissing-prototypes -Wshadow -Wstack-usage=262144 -I./../zlib -g -O2 -MT elf32-lm32.lo -MD -MP -MF .deps/elf32-lm32.Tpo -c elf32-lm32.c -o elf32-lm32.o
mv -f .deps/elf32-lm32.Tpo .deps/elf32-lm32.Plo
/bin/bash ./libtool  --tag=CC   --mode=compile gcc -DHAVE_CONFIG_H -I.  -DBINDIR='"/usr/local/bin"' -DLIBDIR='"/usr/local/lib"' -I. -I. -I./../include  -DHAVE_all_vecs   -W -Wall -Wstrict-prototypes -Wmissing-prototypes -Wshadow -Wstack-usage=262144 -I./../zlib -g -O2 -MT elf32-m32c.lo -MD -MP -MF .deps/elf32-m32c.Tpo -c -o elf32-m32c.lo elf32-m32c.c
libtool: compile:  gcc -DHAVE_CONFIG_H -I. -DBINDIR=\"/usr/local/bin\" -DLIBDIR=\"/usr/local/lib\" -I. -I. -I./../include -DHAVE_all_vecs -W -Wall -Wstrict-prototypes -Wmissing-prototypes -Wshadow -Wstack-usage=262144 -I./../zlib -g -O2 -MT elf32-m32c.lo -MD -MP -MF .deps/elf32-m32c.Tpo -c elf32-m32c.c -o elf32-m32c.o
mv -f .deps/elf32-m32c.Tpo .deps/elf32-m32c.Plo
/bin/bash ./libtool  --tag=CC   --mode=compile gcc -DHAVE_CONFIG_H -I.  -DBINDIR='"/usr/local/bin"' -DLIBDIR='"/usr/local/lib"' -I. -I. -I./../include  -DHAVE_all_vecs   -W -Wall -Wstrict-prototypes -Wmissing-prototypes -Wshadow -Wstack-usage=262144 -I./../zlib -g -O2 -MT elf32-m32r.lo -MD -MP -MF .deps/elf32-m32r.Tpo -c -o elf32-m32r.lo elf32-m32r.c
libtool: compile:  gcc -DHAVE_CONFIG_H -I. -DBINDIR=\"/usr/local/bin\" -DLIBDIR=\"/usr/local/lib\" -I. -I. -I./../include -DHAVE_all_vecs -W -Wall -Wstrict-prototypes -Wmissing-prototypes -Wshadow -Wstack-usage=262144 -I./../zlib -g -O2 -MT elf32-m32r.lo -MD -MP -MF .deps/elf32-m32r.Tpo -c elf32-m32r.c -o elf32-m32r.o
mv -f .deps/elf32-m32r.Tpo .deps/elf32-m32r.Plo
/bin/bash ./libtool  --tag=CC   --mode=compile gcc -DHAVE_CONFIG_H -I.  -DBINDIR='"/usr/local/bin"' -DLIBDIR='"/usr/local/lib"' -I. -I. -I./../include  -DHAVE_all_vecs   -W -Wall -Wstrict-prototypes -Wmissing-prototypes -Wshadow -Wstack-usage=262144 -I./../zlib -g -O2 -MT elf32-m68hc11.lo -MD -MP -MF .deps/elf32-m68hc11.Tpo -c -o elf32-m68hc11.lo elf32-m68hc11.c
libtool: compile:  gcc -DHAVE_CONFIG_H -I. -DBINDIR=\"/usr/local/bin\" -DLIBDIR=\"/usr/local/lib\" -I. -I. -I./../include -DHAVE_all_vecs -W -Wall -Wstrict-prototypes -Wmissing-prototypes -Wshadow -Wstack-usage=262144 -I./../zlib -g -O2 -MT elf32-m68hc11.lo -MD -MP -MF .deps/elf32-m68hc11.Tpo -c elf32-m68hc11.c -o elf32-m68hc11.o
mv -f .deps/elf32-m68hc11.Tpo .deps/elf32-m68hc11.Plo
/bin/bash ./libtool  --tag=CC   --mode=compile gcc -DHAVE_CONFIG_H -I.  -DBINDIR='"/usr/local/bin"' -DLIBDIR='"/usr/local/lib"' -I. -I. -I./../include  -DHAVE_all_vecs   -W -Wall -Wstrict-prototypes -Wmissing-prototypes -Wshadow -Wstack-usage=262144 -I./../zlib -g -O2 -MT elf32-m68hc12.lo -MD -MP -MF .deps/elf32-m68hc12.Tpo -c -o elf32-m68hc12.lo elf32-m68hc12.c
libtool: compile:  gcc -DHAVE_CONFIG_H -I. -DBINDIR=\"/usr/local/bin\" -DLIBDIR=\"/usr/local/lib\" -I. -I. -I./../include -DHAVE_all_vecs -W -Wall -Wstrict-prototypes -Wmissing-prototypes -Wshadow -Wstack-usage=262144 -I./../zlib -g -O2 -MT elf32-m68hc12.lo -MD -MP -MF .deps/elf32-m68hc12.Tpo -c elf32-m68hc12.c -o elf32-m68hc12.o
mv -f .deps/elf32-m68hc12.Tpo .deps/elf32-m68hc12.Plo
/bin/bash ./libtool  --tag=CC   --mode=compile gcc -DHAVE_CONFIG_H -I.  -DBINDIR='"/usr/local/bin"' -DLIBDIR='"/usr/local/lib"' -I. -I. -I./../include  -DHAVE_all_vecs   -W -Wall -Wstrict-prototypes -Wmissing-prototypes -Wshadow -Wstack-usage=262144 -I./../zlib -g -O2 -MT elf32-m68hc1x.lo -MD -MP -MF .deps/elf32-m68hc1x.Tpo -c -o elf32-m68hc1x.lo elf32-m68hc1x.c
libtool: compile:  gcc -DHAVE_CONFIG_H -I. -DBINDIR=\"/usr/local/bin\" -DLIBDIR=\"/usr/local/lib\" -I. -I. -I./../include -DHAVE_all_vecs -W -Wall -Wstrict-prototypes -Wmissing-prototypes -Wshadow -Wstack-usage=262144 -I./../zlib -g -O2 -MT elf32-m68hc1x.lo -MD -MP -MF .deps/elf32-m68hc1x.Tpo -c elf32-m68hc1x.c -o elf32-m68hc1x.o
mv -f .deps/elf32-m68hc1x.Tpo .deps/elf32-m68hc1x.Plo
/bin/bash ./libtool  --tag=CC   --mode=compile gcc -DHAVE_CONFIG_H -I.  -DBINDIR='"/usr/local/bin"' -DLIBDIR='"/usr/local/lib"' -I. -I. -I./../include  -DHAVE_all_vecs   -W -Wall -Wstrict-prototypes -Wmissing-prototypes -Wshadow -Wstack-usage=262144 -I./../zlib -g -O2 -MT elf32-m68k.lo -MD -MP -MF .deps/elf32-m68k.Tpo -c -o elf32-m68k.lo elf32-m68k.c
libtool: compile:  gcc -DHAVE_CONFIG_H -I. -DBINDIR=\"/usr/local/bin\" -DLIBDIR=\"/usr/local/lib\" -I. -I. -I./../include -DHAVE_all_vecs -W -Wall -Wstrict-prototypes -Wmissing-prototypes -Wshadow -Wstack-usage=262144 -I./../zlib -g -O2 -MT elf32-m68k.lo -MD -MP -MF .deps/elf32-m68k.Tpo -c elf32-m68k.c -o elf32-m68k.o
mv -f .deps/elf32-m68k.Tpo .deps/elf32-m68k.Plo
/bin/bash ./libtool  --tag=CC   --mode=compile gcc -DHAVE_CONFIG_H -I.  -DBINDIR='"/usr/local/bin"' -DLIBDIR='"/usr/local/lib"' -I. -I. -I./../include  -DHAVE_all_vecs   -W -Wall -Wstrict-prototypes -Wmissing-prototypes -Wshadow -Wstack-usage=262144 -I./../zlib -g -O2 -MT elf32-s12z.lo -MD -MP -MF .deps/elf32-s12z.Tpo -c -o elf32-s12z.lo elf32-s12z.c
libtool: compile:  gcc -DHAVE_CONFIG_H -I. -DBINDIR=\"/usr/local/bin\" -DLIBDIR=\"/usr/local/lib\" -I. -I. -I./../include -DHAVE_all_vecs -W -Wall -Wstrict-prototypes -Wmissing-prototypes -Wshadow -Wstack-usage=262144 -I./../zlib -g -O2 -MT elf32-s12z.lo -MD -MP -MF .deps/elf32-s12z.Tpo -c elf32-s12z.c -o elf32-s12z.o
mv -f .deps/elf32-s12z.Tpo .deps/elf32-s12z.Plo
/bin/bash ./libtool  --tag=CC   --mode=compile gcc -DHAVE_CONFIG_H -I.  -DBINDIR='"/usr/local/bin"' -DLIBDIR='"/usr/local/lib"' -I. -I. -I./../include  -DHAVE_all_vecs   -W -Wall -Wstrict-prototypes -Wmissing-prototypes -Wshadow -Wstack-usage=262144 -I./../zlib -g -O2 -MT elf32-mcore.lo -MD -MP -MF .deps/elf32-mcore.Tpo -c -o elf32-mcore.lo elf32-mcore.c
libtool: compile:  gcc -DHAVE_CONFIG_H -I. -DBINDIR=\"/usr/local/bin\" -DLIBDIR=\"/usr/local/lib\" -I. -I. -I./../include -DHAVE_all_vecs -W -Wall -Wstrict-prototypes -Wmissing-prototypes -Wshadow -Wstack-usage=262144 -I./../zlib -g -O2 -MT elf32-mcore.lo -MD -MP -MF .deps/elf32-mcore.Tpo -c elf32-mcore.c -o elf32-mcore.o
mv -f .deps/elf32-mcore.Tpo .deps/elf32-mcore.Plo
/bin/bash ./libtool  --tag=CC   --mode=compile gcc -DHAVE_CONFIG_H -I.  -DBINDIR='"/usr/local/bin"' -DLIBDIR='"/usr/local/lib"' -I. -I. -I./../include  -DHAVE_all_vecs   -W -Wall -Wstrict-prototypes -Wmissing-prototypes -Wshadow -Wstack-usage=262144 -I./../zlib -g -O2 -MT elf32-mep.lo -MD -MP -MF .deps/elf32-mep.Tpo -c -o elf32-mep.lo elf32-mep.c
libtool: compile:  gcc -DHAVE_CONFIG_H -I. -DBINDIR=\"/usr/local/bin\" -DLIBDIR=\"/usr/local/lib\" -I. -I. -I./../include -DHAVE_all_vecs -W -Wall -Wstrict-prototypes -Wmissing-prototypes -Wshadow -Wstack-usage=262144 -I./../zlib -g -O2 -MT elf32-mep.lo -MD -MP -MF .deps/elf32-mep.Tpo -c elf32-mep.c -o elf32-mep.o
mv -f .deps/elf32-mep.Tpo .deps/elf32-mep.Plo
/bin/bash ./libtool  --tag=CC   --mode=compile gcc -DHAVE_CONFIG_H -I.  -DBINDIR='"/usr/local/bin"' -DLIBDIR='"/usr/local/lib"' -I. -I. -I./../include  -DHAVE_all_vecs   -W -Wall -Wstrict-prototypes -Wmissing-prototypes -Wshadow -Wstack-usage=262144 -I./../zlib -g -O2 -MT elf32-metag.lo -MD -MP -MF .deps/elf32-metag.Tpo -c -o elf32-metag.lo elf32-metag.c
libtool: compile:  gcc -DHAVE_CONFIG_H -I. -DBINDIR=\"/usr/local/bin\" -DLIBDIR=\"/usr/local/lib\" -I. -I. -I./../include -DHAVE_all_vecs -W -Wall -Wstrict-prototypes -Wmissing-prototypes -Wshadow -Wstack-usage=262144 -I./../zlib -g -O2 -MT elf32-metag.lo -MD -MP -MF .deps/elf32-metag.Tpo -c elf32-metag.c -o elf32-metag.o
mv -f .deps/elf32-metag.Tpo .deps/elf32-metag.Plo
/bin/bash ./libtool  --tag=CC   --mode=compile gcc -DHAVE_CONFIG_H -I.  -DBINDIR='"/usr/local/bin"' -DLIBDIR='"/usr/local/lib"' -I. -I. -I./../include  -DHAVE_all_vecs   -W -Wall -Wstrict-prototypes -Wmissing-prototypes -Wshadow -Wstack-usage=262144 -I./../zlib -g -O2 -MT elf32-microblaze.lo -MD -MP -MF .deps/elf32-microblaze.Tpo -c -o elf32-microblaze.lo elf32-microblaze.c
libtool: compile:  gcc -DHAVE_CONFIG_H -I. -DBINDIR=\"/usr/local/bin\" -DLIBDIR=\"/usr/local/lib\" -I. -I. -I./../include -DHAVE_all_vecs -W -Wall -Wstrict-prototypes -Wmissing-prototypes -Wshadow -Wstack-usage=262144 -I./../zlib -g -O2 -MT elf32-microblaze.lo -MD -MP -MF .deps/elf32-microblaze.Tpo -c elf32-microblaze.c -o elf32-microblaze.o
mv -f .deps/elf32-microblaze.Tpo .deps/elf32-microblaze.Plo
/bin/bash ./libtool  --tag=CC   --mode=compile gcc -DHAVE_CONFIG_H -I.  -DBINDIR='"/usr/local/bin"' -DLIBDIR='"/usr/local/lib"' -I. -I. -I./../include  -DHAVE_all_vecs   -W -Wall -Wstrict-prototypes -Wmissing-prototypes -Wshadow -Wstack-usage=262144 -I./../zlib -g -O2 -MT elf32-moxie.lo -MD -MP -MF .deps/elf32-moxie.Tpo -c -o elf32-moxie.lo elf32-moxie.c
libtool: compile:  gcc -DHAVE_CONFIG_H -I. -DBINDIR=\"/usr/local/bin\" -DLIBDIR=\"/usr/local/lib\" -I. -I. -I./../include -DHAVE_all_vecs -W -Wall -Wstrict-prototypes -Wmissing-prototypes -Wshadow -Wstack-usage=262144 -I./../zlib -g -O2 -MT elf32-moxie.lo -MD -MP -MF .deps/elf32-moxie.Tpo -c elf32-moxie.c -o elf32-moxie.o
mv -f .deps/elf32-moxie.Tpo .deps/elf32-moxie.Plo
/bin/bash ./libtool  --tag=CC   --mode=compile gcc -DHAVE_CONFIG_H -I.  -DBINDIR='"/usr/local/bin"' -DLIBDIR='"/usr/local/lib"' -I. -I. -I./../include  -DHAVE_all_vecs   -W -Wall -Wstrict-prototypes -Wmissing-prototypes -Wshadow -Wstack-usage=262144 -I./../zlib -g -O2 -MT elf32-msp430.lo -MD -MP -MF .deps/elf32-msp430.Tpo -c -o elf32-msp430.lo elf32-msp430.c
libtool: compile:  gcc -DHAVE_CONFIG_H -I. -DBINDIR=\"/usr/local/bin\" -DLIBDIR=\"/usr/local/lib\" -I. -I. -I./../include -DHAVE_all_vecs -W -Wall -Wstrict-prototypes -Wmissing-prototypes -Wshadow -Wstack-usage=262144 -I./../zlib -g -O2 -MT elf32-msp430.lo -MD -MP -MF .deps/elf32-msp430.Tpo -c elf32-msp430.c -o elf32-msp430.o
mv -f .deps/elf32-msp430.Tpo .deps/elf32-msp430.Plo
/bin/bash ./libtool  --tag=CC   --mode=compile gcc -DHAVE_CONFIG_H -I.  -DBINDIR='"/usr/local/bin"' -DLIBDIR='"/usr/local/lib"' -I. -I. -I./../include  -DHAVE_all_vecs   -W -Wall -Wstrict-prototypes -Wmissing-prototypes -Wshadow -Wstack-usage=262144 -I./../zlib -g -O2 -MT elf32-mt.lo -MD -MP -MF .deps/elf32-mt.Tpo -c -o elf32-mt.lo elf32-mt.c
libtool: compile:  gcc -DHAVE_CONFIG_H -I. -DBINDIR=\"/usr/local/bin\" -DLIBDIR=\"/usr/local/lib\" -I. -I. -I./../include -DHAVE_all_vecs -W -Wall -Wstrict-prototypes -Wmissing-prototypes -Wshadow -Wstack-usage=262144 -I./../zlib -g -O2 -MT elf32-mt.lo -MD -MP -MF .deps/elf32-mt.Tpo -c elf32-mt.c -o elf32-mt.o
mv -f .deps/elf32-mt.Tpo .deps/elf32-mt.Plo
/bin/bash ./libtool  --tag=CC   --mode=compile gcc -DHAVE_CONFIG_H -I.  -DBINDIR='"/usr/local/bin"' -DLIBDIR='"/usr/local/lib"' -I. -I. -I./../include  -DHAVE_all_vecs   -W -Wall -Wstrict-prototypes -Wmissing-prototypes -Wshadow -Wstack-usage=262144 -I./../zlib -g -O2 -MT elf32-nds32.lo -MD -MP -MF .deps/elf32-nds32.Tpo -c -o elf32-nds32.lo elf32-nds32.c
libtool: compile:  gcc -DHAVE_CONFIG_H -I. -DBINDIR=\"/usr/local/bin\" -DLIBDIR=\"/usr/local/lib\" -I. -I. -I./../include -DHAVE_all_vecs -W -Wall -Wstrict-prototypes -Wmissing-prototypes -Wshadow -Wstack-usage=262144 -I./../zlib -g -O2 -MT elf32-nds32.lo -MD -MP -MF .deps/elf32-nds32.Tpo -c elf32-nds32.c -o elf32-nds32.o
mv -f .deps/elf32-nds32.Tpo .deps/elf32-nds32.Plo
/bin/bash ./libtool  --tag=CC   --mode=compile gcc -DHAVE_CONFIG_H -I.  -DBINDIR='"/usr/local/bin"' -DLIBDIR='"/usr/local/lib"' -I. -I. -I./../include  -DHAVE_all_vecs   -W -Wall -Wstrict-prototypes -Wmissing-prototypes -Wshadow -Wstack-usage=262144 -I./../zlib -g -O2 -MT elf32-nios2.lo -MD -MP -MF .deps/elf32-nios2.Tpo -c -o elf32-nios2.lo elf32-nios2.c
libtool: compile:  gcc -DHAVE_CONFIG_H -I. -DBINDIR=\"/usr/local/bin\" -DLIBDIR=\"/usr/local/lib\" -I. -I. -I./../include -DHAVE_all_vecs -W -Wall -Wstrict-prototypes -Wmissing-prototypes -Wshadow -Wstack-usage=262144 -I./../zlib -g -O2 -MT elf32-nios2.lo -MD -MP -MF .deps/elf32-nios2.Tpo -c elf32-nios2.c -o elf32-nios2.o
mv -f .deps/elf32-nios2.Tpo .deps/elf32-nios2.Plo
/bin/bash ./libtool  --tag=CC   --mode=compile gcc -DHAVE_CONFIG_H -I.  -DBINDIR='"/usr/local/bin"' -DLIBDIR='"/usr/local/lib"' -I. -I. -I./../include  -DHAVE_all_vecs   -W -Wall -Wstrict-prototypes -Wmissing-prototypes -Wshadow -Wstack-usage=262144 -I./../zlib -g -O2 -MT elf32-or1k.lo -MD -MP -MF .deps/elf32-or1k.Tpo -c -o elf32-or1k.lo elf32-or1k.c
libtool: compile:  gcc -DHAVE_CONFIG_H -I. -DBINDIR=\"/usr/local/bin\" -DLIBDIR=\"/usr/local/lib\" -I. -I. -I./../include -DHAVE_all_vecs -W -Wall -Wstrict-prototypes -Wmissing-prototypes -Wshadow -Wstack-usage=262144 -I./../zlib -g -O2 -MT elf32-or1k.lo -MD -MP -MF .deps/elf32-or1k.Tpo -c elf32-or1k.c -o elf32-or1k.o
mv -f .deps/elf32-or1k.Tpo .deps/elf32-or1k.Plo
/bin/bash ./libtool  --tag=CC   --mode=compile gcc -DHAVE_CONFIG_H -I.  -DBINDIR='"/usr/local/bin"' -DLIBDIR='"/usr/local/lib"' -I. -I. -I./../include  -DHAVE_all_vecs   -W -Wall -Wstrict-prototypes -Wmissing-prototypes -Wshadow -Wstack-usage=262144 -I./../zlib -g -O2 -MT elf32-pj.lo -MD -MP -MF .deps/elf32-pj.Tpo -c -o elf32-pj.lo elf32-pj.c
libtool: compile:  gcc -DHAVE_CONFIG_H -I. -DBINDIR=\"/usr/local/bin\" -DLIBDIR=\"/usr/local/lib\" -I. -I. -I./../include -DHAVE_all_vecs -W -Wall -Wstrict-prototypes -Wmissing-prototypes -Wshadow -Wstack-usage=262144 -I./../zlib -g -O2 -MT elf32-pj.lo -MD -MP -MF .deps/elf32-pj.Tpo -c elf32-pj.c -o elf32-pj.o
mv -f .deps/elf32-pj.Tpo .deps/elf32-pj.Plo
/bin/bash ./libtool  --tag=CC   --mode=compile gcc -DHAVE_CONFIG_H -I.  -DBINDIR='"/usr/local/bin"' -DLIBDIR='"/usr/local/lib"' -I. -I. -I./../include  -DHAVE_all_vecs   -W -Wall -Wstrict-prototypes -Wmissing-prototypes -Wshadow -Wstack-usage=262144 -I./../zlib -g -O2 -MT elf32-ppc.lo -MD -MP -MF .deps/elf32-ppc.Tpo -c -o elf32-ppc.lo elf32-ppc.c
libtool: compile:  gcc -DHAVE_CONFIG_H -I. -DBINDIR=\"/usr/local/bin\" -DLIBDIR=\"/usr/local/lib\" -I. -I. -I./../include -DHAVE_all_vecs -W -Wall -Wstrict-prototypes -Wmissing-prototypes -Wshadow -Wstack-usage=262144 -I./../zlib -g -O2 -MT elf32-ppc.lo -MD -MP -MF .deps/elf32-ppc.Tpo -c elf32-ppc.c -o elf32-ppc.o
mv -f .deps/elf32-ppc.Tpo .deps/elf32-ppc.Plo
/bin/bash ./libtool  --tag=CC   --mode=compile gcc -DHAVE_CONFIG_H -I.  -DBINDIR='"/usr/local/bin"' -DLIBDIR='"/usr/local/lib"' -I. -I. -I./../include  -DHAVE_all_vecs   -W -Wall -Wstrict-prototypes -Wmissing-prototypes -Wshadow -Wstack-usage=262144 -I./../zlib -g -O2 -MT elf32-pru.lo -MD -MP -MF .deps/elf32-pru.Tpo -c -o elf32-pru.lo elf32-pru.c
libtool: compile:  gcc -DHAVE_CONFIG_H -I. -DBINDIR=\"/usr/local/bin\" -DLIBDIR=\"/usr/local/lib\" -I. -I. -I./../include -DHAVE_all_vecs -W -Wall -Wstrict-prototypes -Wmissing-prototypes -Wshadow -Wstack-usage=262144 -I./../zlib -g -O2 -MT elf32-pru.lo -MD -MP -MF .deps/elf32-pru.Tpo -c elf32-pru.c -o elf32-pru.o
mv -f .deps/elf32-pru.Tpo .deps/elf32-pru.Plo
/bin/bash ./libtool  --tag=CC   --mode=compile gcc -DHAVE_CONFIG_H -I.  -DBINDIR='"/usr/local/bin"' -DLIBDIR='"/usr/local/lib"' -I. -I. -I./../include  -DHAVE_all_vecs   -W -Wall -Wstrict-prototypes -Wmissing-prototypes -Wshadow -Wstack-usage=262144 -I./../zlib -g -O2 -MT elf32-rl78.lo -MD -MP -MF .deps/elf32-rl78.Tpo -c -o elf32-rl78.lo elf32-rl78.c
libtool: compile:  gcc -DHAVE_CONFIG_H -I. -DBINDIR=\"/usr/local/bin\" -DLIBDIR=\"/usr/local/lib\" -I. -I. -I./../include -DHAVE_all_vecs -W -Wall -Wstrict-prototypes -Wmissing-prototypes -Wshadow -Wstack-usage=262144 -I./../zlib -g -O2 -MT elf32-rl78.lo -MD -MP -MF .deps/elf32-rl78.Tpo -c elf32-rl78.c -o elf32-rl78.o
mv -f .deps/elf32-rl78.Tpo .deps/elf32-rl78.Plo
/bin/bash ./libtool  --tag=CC   --mode=compile gcc -DHAVE_CONFIG_H -I.  -DBINDIR='"/usr/local/bin"' -DLIBDIR='"/usr/local/lib"' -I. -I. -I./../include  -DHAVE_all_vecs   -W -Wall -Wstrict-prototypes -Wmissing-prototypes -Wshadow -Wstack-usage=262144 -I./../zlib -g -O2 -MT elf32-rx.lo -MD -MP -MF .deps/elf32-rx.Tpo -c -o elf32-rx.lo elf32-rx.c
libtool: compile:  gcc -DHAVE_CONFIG_H -I. -DBINDIR=\"/usr/local/bin\" -DLIBDIR=\"/usr/local/lib\" -I. -I. -I./../include -DHAVE_all_vecs -W -Wall -Wstrict-prototypes -Wmissing-prototypes -Wshadow -Wstack-usage=262144 -I./../zlib -g -O2 -MT elf32-rx.lo -MD -MP -MF .deps/elf32-rx.Tpo -c elf32-rx.c -o elf32-rx.o
mv -f .deps/elf32-rx.Tpo .deps/elf32-rx.Plo
/bin/bash ./libtool  --tag=CC   --mode=compile gcc -DHAVE_CONFIG_H -I.  -DBINDIR='"/usr/local/bin"' -DLIBDIR='"/usr/local/lib"' -I. -I. -I./../include  -DHAVE_all_vecs   -W -Wall -Wstrict-prototypes -Wmissing-prototypes -Wshadow -Wstack-usage=262144 -I./../zlib -g -O2 -MT elf32-s390.lo -MD -MP -MF .deps/elf32-s390.Tpo -c -o elf32-s390.lo elf32-s390.c
libtool: compile:  gcc -DHAVE_CONFIG_H -I. -DBINDIR=\"/usr/local/bin\" -DLIBDIR=\"/usr/local/lib\" -I. -I. -I./../include -DHAVE_all_vecs -W -Wall -Wstrict-prototypes -Wmissing-prototypes -Wshadow -Wstack-usage=262144 -I./../zlib -g -O2 -MT elf32-s390.lo -MD -MP -MF .deps/elf32-s390.Tpo -c elf32-s390.c -o elf32-s390.o
mv -f .deps/elf32-s390.Tpo .deps/elf32-s390.Plo
/bin/bash ./libtool  --tag=CC   --mode=compile gcc -DHAVE_CONFIG_H -I.  -DBINDIR='"/usr/local/bin"' -DLIBDIR='"/usr/local/lib"' -I. -I. -I./../include  -DHAVE_all_vecs   -W -Wall -Wstrict-prototypes -Wmissing-prototypes -Wshadow -Wstack-usage=262144 -I./../zlib -g -O2 -MT elf32-sh.lo -MD -MP -MF .deps/elf32-sh.Tpo -c -o elf32-sh.lo elf32-sh.c
libtool: compile:  gcc -DHAVE_CONFIG_H -I. -DBINDIR=\"/usr/local/bin\" -DLIBDIR=\"/usr/local/lib\" -I. -I. -I./../include -DHAVE_all_vecs -W -Wall -Wstrict-prototypes -Wmissing-prototypes -Wshadow -Wstack-usage=262144 -I./../zlib -g -O2 -MT elf32-sh.lo -MD -MP -MF .deps/elf32-sh.Tpo -c elf32-sh.c -o elf32-sh.o
mv -f .deps/elf32-sh.Tpo .deps/elf32-sh.Plo
/bin/bash ./libtool  --tag=CC   --mode=compile gcc -DHAVE_CONFIG_H -I.  -DBINDIR='"/usr/local/bin"' -DLIBDIR='"/usr/local/lib"' -I. -I. -I./../include  -DHAVE_all_vecs   -W -Wall -Wstrict-prototypes -Wmissing-prototypes -Wshadow -Wstack-usage=262144 -I./../zlib -g -O2 -MT elf32-sparc.lo -MD -MP -MF .deps/elf32-sparc.Tpo -c -o elf32-sparc.lo elf32-sparc.c
libtool: compile:  gcc -DHAVE_CONFIG_H -I. -DBINDIR=\"/usr/local/bin\" -DLIBDIR=\"/usr/local/lib\" -I. -I. -I./../include -DHAVE_all_vecs -W -Wall -Wstrict-prototypes -Wmissing-prototypes -Wshadow -Wstack-usage=262144 -I./../zlib -g -O2 -MT elf32-sparc.lo -MD -MP -MF .deps/elf32-sparc.Tpo -c elf32-sparc.c -o elf32-sparc.o
mv -f .deps/elf32-sparc.Tpo .deps/elf32-sparc.Plo
/bin/bash ./libtool  --tag=CC   --mode=compile gcc -DHAVE_CONFIG_H -I.  -DBINDIR='"/usr/local/bin"' -DLIBDIR='"/usr/local/lib"' -I. -I. -I./../include  -DHAVE_all_vecs   -W -Wall -Wstrict-prototypes -Wmissing-prototypes -Wshadow -Wstack-usage=262144 -I./../zlib -g -O2 -MT elf32-spu.lo -MD -MP -MF .deps/elf32-spu.Tpo -c -o elf32-spu.lo elf32-spu.c
libtool: compile:  gcc -DHAVE_CONFIG_H -I. -DBINDIR=\"/usr/local/bin\" -DLIBDIR=\"/usr/local/lib\" -I. -I. -I./../include -DHAVE_all_vecs -W -Wall -Wstrict-prototypes -Wmissing-prototypes -Wshadow -Wstack-usage=262144 -I./../zlib -g -O2 -MT elf32-spu.lo -MD -MP -MF .deps/elf32-spu.Tpo -c elf32-spu.c -o elf32-spu.o
mv -f .deps/elf32-spu.Tpo .deps/elf32-spu.Plo
/bin/bash ./libtool  --tag=CC   --mode=compile gcc -DHAVE_CONFIG_H -I.  -DBINDIR='"/usr/local/bin"' -DLIBDIR='"/usr/local/lib"' -I. -I. -I./../include  -DHAVE_all_vecs   -W -Wall -Wstrict-prototypes -Wmissing-prototypes -Wshadow -Wstack-usage=262144 -I./../zlib -g -O2 -MT elf32-tic6x.lo -MD -MP -MF .deps/elf32-tic6x.Tpo -c -o elf32-tic6x.lo elf32-tic6x.c
libtool: compile:  gcc -DHAVE_CONFIG_H -I. -DBINDIR=\"/usr/local/bin\" -DLIBDIR=\"/usr/local/lib\" -I. -I. -I./../include -DHAVE_all_vecs -W -Wall -Wstrict-prototypes -Wmissing-prototypes -Wshadow -Wstack-usage=262144 -I./../zlib -g -O2 -MT elf32-tic6x.lo -MD -MP -MF .deps/elf32-tic6x.Tpo -c elf32-tic6x.c -o elf32-tic6x.o
mv -f .deps/elf32-tic6x.Tpo .deps/elf32-tic6x.Plo
/bin/bash ./libtool  --tag=CC   --mode=compile gcc -DHAVE_CONFIG_H -I.  -DBINDIR='"/usr/local/bin"' -DLIBDIR='"/usr/local/lib"' -I. -I. -I./../include  -DHAVE_all_vecs   -W -Wall -Wstrict-prototypes -Wmissing-prototypes -Wshadow -Wstack-usage=262144 -I./../zlib -g -O2 -MT elf32-tilegx.lo -MD -MP -MF .deps/elf32-tilegx.Tpo -c -o elf32-tilegx.lo elf32-tilegx.c
libtool: compile:  gcc -DHAVE_CONFIG_H -I. -DBINDIR=\"/usr/local/bin\" -DLIBDIR=\"/usr/local/lib\" -I. -I. -I./../include -DHAVE_all_vecs -W -Wall -Wstrict-prototypes -Wmissing-prototypes -Wshadow -Wstack-usage=262144 -I./../zlib -g -O2 -MT elf32-tilegx.lo -MD -MP -MF .deps/elf32-tilegx.Tpo -c elf32-tilegx.c -o elf32-tilegx.o
mv -f .deps/elf32-tilegx.Tpo .deps/elf32-tilegx.Plo
/bin/bash ./libtool  --tag=CC   --mode=compile gcc -DHAVE_CONFIG_H -I.  -DBINDIR='"/usr/local/bin"' -DLIBDIR='"/usr/local/lib"' -I. -I. -I./../include  -DHAVE_all_vecs   -W -Wall -Wstrict-prototypes -Wmissing-prototypes -Wshadow -Wstack-usage=262144 -I./../zlib -g -O2 -MT elf32-tilepro.lo -MD -MP -MF .deps/elf32-tilepro.Tpo -c -o elf32-tilepro.lo elf32-tilepro.c
libtool: compile:  gcc -DHAVE_CONFIG_H -I. -DBINDIR=\"/usr/local/bin\" -DLIBDIR=\"/usr/local/lib\" -I. -I. -I./../include -DHAVE_all_vecs -W -Wall -Wstrict-prototypes -Wmissing-prototypes -Wshadow -Wstack-usage=262144 -I./../zlib -g -O2 -MT elf32-tilepro.lo -MD -MP -MF .deps/elf32-tilepro.Tpo -c elf32-tilepro.c -o elf32-tilepro.o
mv -f .deps/elf32-tilepro.Tpo .deps/elf32-tilepro.Plo
/bin/bash ./libtool  --tag=CC   --mode=compile gcc -DHAVE_CONFIG_H -I.  -DBINDIR='"/usr/local/bin"' -DLIBDIR='"/usr/local/lib"' -I. -I. -I./../include  -DHAVE_all_vecs   -W -Wall -Wstrict-prototypes -Wmissing-prototypes -Wshadow -Wstack-usage=262144 -I./../zlib -g -O2 -MT elf32-v850.lo -MD -MP -MF .deps/elf32-v850.Tpo -c -o elf32-v850.lo elf32-v850.c
libtool: compile:  gcc -DHAVE_CONFIG_H -I. -DBINDIR=\"/usr/local/bin\" -DLIBDIR=\"/usr/local/lib\" -I. -I. -I./../include -DHAVE_all_vecs -W -Wall -Wstrict-prototypes -Wmissing-prototypes -Wshadow -Wstack-usage=262144 -I./../zlib -g -O2 -MT elf32-v850.lo -MD -MP -MF .deps/elf32-v850.Tpo -c elf32-v850.c -o elf32-v850.o
mv -f .deps/elf32-v850.Tpo .deps/elf32-v850.Plo
/bin/bash ./libtool  --tag=CC   --mode=compile gcc -DHAVE_CONFIG_H -I.  -DBINDIR='"/usr/local/bin"' -DLIBDIR='"/usr/local/lib"' -I. -I. -I./../include  -DHAVE_all_vecs   -W -Wall -Wstrict-prototypes -Wmissing-prototypes -Wshadow -Wstack-usage=262144 -I./../zlib -g -O2 -MT elf32-vax.lo -MD -MP -MF .deps/elf32-vax.Tpo -c -o elf32-vax.lo elf32-vax.c
libtool: compile:  gcc -DHAVE_CONFIG_H -I. -DBINDIR=\"/usr/local/bin\" -DLIBDIR=\"/usr/local/lib\" -I. -I. -I./../include -DHAVE_all_vecs -W -Wall -Wstrict-prototypes -Wmissing-prototypes -Wshadow -Wstack-usage=262144 -I./../zlib -g -O2 -MT elf32-vax.lo -MD -MP -MF .deps/elf32-vax.Tpo -c elf32-vax.c -o elf32-vax.o
mv -f .deps/elf32-vax.Tpo .deps/elf32-vax.Plo
/bin/bash ./libtool  --tag=CC   --mode=compile gcc -DHAVE_CONFIG_H -I.  -DBINDIR='"/usr/local/bin"' -DLIBDIR='"/usr/local/lib"' -I. -I. -I./../include  -DHAVE_all_vecs   -W -Wall -Wstrict-prototypes -Wmissing-prototypes -Wshadow -Wstack-usage=262144 -I./../zlib -g -O2 -MT elf32-visium.lo -MD -MP -MF .deps/elf32-visium.Tpo -c -o elf32-visium.lo elf32-visium.c
libtool: compile:  gcc -DHAVE_CONFIG_H -I. -DBINDIR=\"/usr/local/bin\" -DLIBDIR=\"/usr/local/lib\" -I. -I. -I./../include -DHAVE_all_vecs -W -Wall -Wstrict-prototypes -Wmissing-prototypes -Wshadow -Wstack-usage=262144 -I./../zlib -g -O2 -MT elf32-visium.lo -MD -MP -MF .deps/elf32-visium.Tpo -c elf32-visium.c -o elf32-visium.o
mv -f .deps/elf32-visium.Tpo .deps/elf32-visium.Plo
/bin/bash ./libtool  --tag=CC   --mode=compile gcc -DHAVE_CONFIG_H -I.  -DBINDIR='"/usr/local/bin"' -DLIBDIR='"/usr/local/lib"' -I. -I. -I./../include  -DHAVE_all_vecs   -W -Wall -Wstrict-prototypes -Wmissing-prototypes -Wshadow -Wstack-usage=262144 -I./../zlib -g -O2 -MT elf32-wasm32.lo -MD -MP -MF .deps/elf32-wasm32.Tpo -c -o elf32-wasm32.lo elf32-wasm32.c
libtool: compile:  gcc -DHAVE_CONFIG_H -I. -DBINDIR=\"/usr/local/bin\" -DLIBDIR=\"/usr/local/lib\" -I. -I. -I./../include -DHAVE_all_vecs -W -Wall -Wstrict-prototypes -Wmissing-prototypes -Wshadow -Wstack-usage=262144 -I./../zlib -g -O2 -MT elf32-wasm32.lo -MD -MP -MF .deps/elf32-wasm32.Tpo -c elf32-wasm32.c -o elf32-wasm32.o
mv -f .deps/elf32-wasm32.Tpo .deps/elf32-wasm32.Plo
/bin/bash ./libtool  --tag=CC   --mode=compile gcc -DHAVE_CONFIG_H -I.  -DBINDIR='"/usr/local/bin"' -DLIBDIR='"/usr/local/lib"' -I. -I. -I./../include  -DHAVE_all_vecs   -W -Wall -Wstrict-prototypes -Wmissing-prototypes -Wshadow -Wstack-usage=262144 -I./../zlib -g -O2 -MT elf32-xc16x.lo -MD -MP -MF .deps/elf32-xc16x.Tpo -c -o elf32-xc16x.lo elf32-xc16x.c
libtool: compile:  gcc -DHAVE_CONFIG_H -I. -DBINDIR=\"/usr/local/bin\" -DLIBDIR=\"/usr/local/lib\" -I. -I. -I./../include -DHAVE_all_vecs -W -Wall -Wstrict-prototypes -Wmissing-prototypes -Wshadow -Wstack-usage=262144 -I./../zlib -g -O2 -MT elf32-xc16x.lo -MD -MP -MF .deps/elf32-xc16x.Tpo -c elf32-xc16x.c -o elf32-xc16x.o
mv -f .deps/elf32-xc16x.Tpo .deps/elf32-xc16x.Plo
/bin/bash ./libtool  --tag=CC   --mode=compile gcc -DHAVE_CONFIG_H -I.  -DBINDIR='"/usr/local/bin"' -DLIBDIR='"/usr/local/lib"' -I. -I. -I./../include  -DHAVE_all_vecs   -W -Wall -Wstrict-prototypes -Wmissing-prototypes -Wshadow -Wstack-usage=262144 -I./../zlib -g -O2 -MT elf32-xgate.lo -MD -MP -MF .deps/elf32-xgate.Tpo -c -o elf32-xgate.lo elf32-xgate.c
libtool: compile:  gcc -DHAVE_CONFIG_H -I. -DBINDIR=\"/usr/local/bin\" -DLIBDIR=\"/usr/local/lib\" -I. -I. -I./../include -DHAVE_all_vecs -W -Wall -Wstrict-prototypes -Wmissing-prototypes -Wshadow -Wstack-usage=262144 -I./../zlib -g -O2 -MT elf32-xgate.lo -MD -MP -MF .deps/elf32-xgate.Tpo -c elf32-xgate.c -o elf32-xgate.o
mv -f .deps/elf32-xgate.Tpo .deps/elf32-xgate.Plo
/bin/bash ./libtool  --tag=CC   --mode=compile gcc -DHAVE_CONFIG_H -I.  -DBINDIR='"/usr/local/bin"' -DLIBDIR='"/usr/local/lib"' -I. -I. -I./../include  -DHAVE_all_vecs   -W -Wall -Wstrict-prototypes -Wmissing-prototypes -Wshadow -Wstack-usage=262144 -I./../zlib -g -O2 -MT elf32-xstormy16.lo -MD -MP -MF .deps/elf32-xstormy16.Tpo -c -o elf32-xstormy16.lo elf32-xstormy16.c
libtool: compile:  gcc -DHAVE_CONFIG_H -I. -DBINDIR=\"/usr/local/bin\" -DLIBDIR=\"/usr/local/lib\" -I. -I. -I./../include -DHAVE_all_vecs -W -Wall -Wstrict-prototypes -Wmissing-prototypes -Wshadow -Wstack-usage=262144 -I./../zlib -g -O2 -MT elf32-xstormy16.lo -MD -MP -MF .deps/elf32-xstormy16.Tpo -c elf32-xstormy16.c -o elf32-xstormy16.o
mv -f .deps/elf32-xstormy16.Tpo .deps/elf32-xstormy16.Plo
/bin/bash ./libtool  --tag=CC   --mode=compile gcc -DHAVE_CONFIG_H -I.  -DBINDIR='"/usr/local/bin"' -DLIBDIR='"/usr/local/lib"' -I. -I. -I./../include  -DHAVE_all_vecs   -W -Wall -Wstrict-prototypes -Wmissing-prototypes -Wshadow -Wstack-usage=262144 -I./../zlib -g -O2 -MT elf32-xtensa.lo -MD -MP -MF .deps/elf32-xtensa.Tpo -c -o elf32-xtensa.lo elf32-xtensa.c
libtool: compile:  gcc -DHAVE_CONFIG_H -I. -DBINDIR=\"/usr/local/bin\" -DLIBDIR=\"/usr/local/lib\" -I. -I. -I./../include -DHAVE_all_vecs -W -Wall -Wstrict-prototypes -Wmissing-prototypes -Wshadow -Wstack-usage=262144 -I./../zlib -g -O2 -MT elf32-xtensa.lo -MD -MP -MF .deps/elf32-xtensa.Tpo -c elf32-xtensa.c -o elf32-xtensa.o
mv -f .deps/elf32-xtensa.Tpo .deps/elf32-xtensa.Plo
/bin/bash ./libtool  --tag=CC   --mode=compile gcc -DHAVE_CONFIG_H -I.  -DBINDIR='"/usr/local/bin"' -DLIBDIR='"/usr/local/lib"' -I. -I. -I./../include  -DHAVE_all_vecs   -W -Wall -Wstrict-prototypes -Wmissing-prototypes -Wshadow -Wstack-usage=262144 -I./../zlib -g -O2 -MT elf32-z80.lo -MD -MP -MF .deps/elf32-z80.Tpo -c -o elf32-z80.lo elf32-z80.c
libtool: compile:  gcc -DHAVE_CONFIG_H -I. -DBINDIR=\"/usr/local/bin\" -DLIBDIR=\"/usr/local/lib\" -I. -I. -I./../include -DHAVE_all_vecs -W -Wall -Wstrict-prototypes -Wmissing-prototypes -Wshadow -Wstack-usage=262144 -I./../zlib -g -O2 -MT elf32-z80.lo -MD -MP -MF .deps/elf32-z80.Tpo -c elf32-z80.c -o elf32-z80.o
mv -f .deps/elf32-z80.Tpo .deps/elf32-z80.Plo
/bin/bash ./libtool  --tag=CC   --mode=compile gcc -DHAVE_CONFIG_H -I.  -DBINDIR='"/usr/local/bin"' -DLIBDIR='"/usr/local/lib"' -I. -I. -I./../include  -DHAVE_all_vecs   -W -Wall -Wstrict-prototypes -Wmissing-prototypes -Wshadow -Wstack-usage=262144 -I./../zlib -g -O2 -MT elfxx-sparc.lo -MD -MP -MF .deps/elfxx-sparc.Tpo -c -o elfxx-sparc.lo elfxx-sparc.c
libtool: compile:  gcc -DHAVE_CONFIG_H -I. -DBINDIR=\"/usr/local/bin\" -DLIBDIR=\"/usr/local/lib\" -I. -I. -I./../include -DHAVE_all_vecs -W -Wall -Wstrict-prototypes -Wmissing-prototypes -Wshadow -Wstack-usage=262144 -I./../zlib -g -O2 -MT elfxx-sparc.lo -MD -MP -MF .deps/elfxx-sparc.Tpo -c elfxx-sparc.c -o elfxx-sparc.o
mv -f .deps/elfxx-sparc.Tpo .deps/elfxx-sparc.Plo
/bin/bash ./libtool  --tag=CC   --mode=compile gcc -DHAVE_CONFIG_H -I.  -DBINDIR='"/usr/local/bin"' -DLIBDIR='"/usr/local/lib"' -I. -I. -I./../include  -DHAVE_all_vecs   -W -Wall -Wstrict-prototypes -Wmissing-prototypes -Wshadow -Wstack-usage=262144 -I./../zlib -g -O2 -MT elfxx-tilegx.lo -MD -MP -MF .deps/elfxx-tilegx.Tpo -c -o elfxx-tilegx.lo elfxx-tilegx.c
libtool: compile:  gcc -DHAVE_CONFIG_H -I. -DBINDIR=\"/usr/local/bin\" -DLIBDIR=\"/usr/local/lib\" -I. -I. -I./../include -DHAVE_all_vecs -W -Wall -Wstrict-prototypes -Wmissing-prototypes -Wshadow -Wstack-usage=262144 -I./../zlib -g -O2 -MT elfxx-tilegx.lo -MD -MP -MF .deps/elfxx-tilegx.Tpo -c elfxx-tilegx.c -o elfxx-tilegx.o
mv -f .deps/elfxx-tilegx.Tpo .deps/elfxx-tilegx.Plo
/bin/bash ./libtool  --tag=CC   --mode=compile gcc -DHAVE_CONFIG_H -I.  -DBINDIR='"/usr/local/bin"' -DLIBDIR='"/usr/local/lib"' -I. -I. -I./../include  -DHAVE_all_vecs   -W -Wall -Wstrict-prototypes -Wmissing-prototypes -Wshadow -Wstack-usage=262144 -I./../zlib -g -O2 -MT i386aout.lo -MD -MP -MF .deps/i386aout.Tpo -c -o i386aout.lo i386aout.c
libtool: compile:  gcc -DHAVE_CONFIG_H -I. -DBINDIR=\"/usr/local/bin\" -DLIBDIR=\"/usr/local/lib\" -I. -I. -I./../include -DHAVE_all_vecs -W -Wall -Wstrict-prototypes -Wmissing-prototypes -Wshadow -Wstack-usage=262144 -I./../zlib -g -O2 -MT i386aout.lo -MD -MP -MF .deps/i386aout.Tpo -c i386aout.c -o i386aout.o
mv -f .deps/i386aout.Tpo .deps/i386aout.Plo
/bin/bash ./libtool  --tag=CC   --mode=compile gcc -DHAVE_CONFIG_H -I.  -DBINDIR='"/usr/local/bin"' -DLIBDIR='"/usr/local/lib"' -I. -I. -I./../include  -DHAVE_all_vecs   -W -Wall -Wstrict-prototypes -Wmissing-prototypes -Wshadow -Wstack-usage=262144 -I./../zlib -g -O2 -MT i386bsd.lo -MD -MP -MF .deps/i386bsd.Tpo -c -o i386bsd.lo i386bsd.c
libtool: compile:  gcc -DHAVE_CONFIG_H -I. -DBINDIR=\"/usr/local/bin\" -DLIBDIR=\"/usr/local/lib\" -I. -I. -I./../include -DHAVE_all_vecs -W -Wall -Wstrict-prototypes -Wmissing-prototypes -Wshadow -Wstack-usage=262144 -I./../zlib -g -O2 -MT i386bsd.lo -MD -MP -MF .deps/i386bsd.Tpo -c i386bsd.c -o i386bsd.o
mv -f .deps/i386bsd.Tpo .deps/i386bsd.Plo
/bin/bash ./libtool  --tag=CC   --mode=compile gcc -DHAVE_CONFIG_H -I.  -DBINDIR='"/usr/local/bin"' -DLIBDIR='"/usr/local/lib"' -I. -I. -I./../include  -DHAVE_all_vecs   -W -Wall -Wstrict-prototypes -Wmissing-prototypes -Wshadow -Wstack-usage=262144 -I./../zlib -g -O2 -MT i386lynx.lo -MD -MP -MF .deps/i386lynx.Tpo -c -o i386lynx.lo i386lynx.c
libtool: compile:  gcc -DHAVE_CONFIG_H -I. -DBINDIR=\"/usr/local/bin\" -DLIBDIR=\"/usr/local/lib\" -I. -I. -I./../include -DHAVE_all_vecs -W -Wall -Wstrict-prototypes -Wmissing-prototypes -Wshadow -Wstack-usage=262144 -I./../zlib -g -O2 -MT i386lynx.lo -MD -MP -MF .deps/i386lynx.Tpo -c i386lynx.c -o i386lynx.o
mv -f .deps/i386lynx.Tpo .deps/i386lynx.Plo
/bin/bash ./libtool  --tag=CC   --mode=compile gcc -DHAVE_CONFIG_H -I.  -DBINDIR='"/usr/local/bin"' -DLIBDIR='"/usr/local/lib"' -I. -I. -I./../include  -DHAVE_all_vecs   -W -Wall -Wstrict-prototypes -Wmissing-prototypes -Wshadow -Wstack-usage=262144 -I./../zlib -g -O2 -MT i386msdos.lo -MD -MP -MF .deps/i386msdos.Tpo -c -o i386msdos.lo i386msdos.c
libtool: compile:  gcc -DHAVE_CONFIG_H -I. -DBINDIR=\"/usr/local/bin\" -DLIBDIR=\"/usr/local/lib\" -I. -I. -I./../include -DHAVE_all_vecs -W -Wall -Wstrict-prototypes -Wmissing-prototypes -Wshadow -Wstack-usage=262144 -I./../zlib -g -O2 -MT i386msdos.lo -MD -MP -MF .deps/i386msdos.Tpo -c i386msdos.c -o i386msdos.o
mv -f .deps/i386msdos.Tpo .deps/i386msdos.Plo
/bin/bash ./libtool  --tag=CC   --mode=compile gcc -DHAVE_CONFIG_H -I.  -DBINDIR='"/usr/local/bin"' -DLIBDIR='"/usr/local/lib"' -I. -I. -I./../include  -DHAVE_all_vecs   -W -Wall -Wstrict-prototypes -Wmissing-prototypes -Wshadow -Wstack-usage=262144 -I./../zlib -g -O2 -MT mach-o.lo -MD -MP -MF .deps/mach-o.Tpo -c -o mach-o.lo mach-o.c
libtool: compile:  gcc -DHAVE_CONFIG_H -I. -DBINDIR=\"/usr/local/bin\" -DLIBDIR=\"/usr/local/lib\" -I. -I. -I./../include -DHAVE_all_vecs -W -Wall -Wstrict-prototypes -Wmissing-prototypes -Wshadow -Wstack-usage=262144 -I./../zlib -g -O2 -MT mach-o.lo -MD -MP -MF .deps/mach-o.Tpo -c mach-o.c -o mach-o.o
mv -f .deps/mach-o.Tpo .deps/mach-o.Plo
/bin/bash ./libtool  --tag=CC   --mode=compile gcc -DHAVE_CONFIG_H -I.  -DBINDIR='"/usr/local/bin"' -DLIBDIR='"/usr/local/lib"' -I. -I. -I./../include  -DHAVE_all_vecs   -W -Wall -Wstrict-prototypes -Wmissing-prototypes -Wshadow -Wstack-usage=262144 -I./../zlib -g -O2 -MT mach-o-i386.lo -MD -MP -MF .deps/mach-o-i386.Tpo -c -o mach-o-i386.lo mach-o-i386.c
libtool: compile:  gcc -DHAVE_CONFIG_H -I. -DBINDIR=\"/usr/local/bin\" -DLIBDIR=\"/usr/local/lib\" -I. -I. -I./../include -DHAVE_all_vecs -W -Wall -Wstrict-prototypes -Wmissing-prototypes -Wshadow -Wstack-usage=262144 -I./../zlib -g -O2 -MT mach-o-i386.lo -MD -MP -MF .deps/mach-o-i386.Tpo -c mach-o-i386.c -o mach-o-i386.o
mv -f .deps/mach-o-i386.Tpo .deps/mach-o-i386.Plo
/bin/bash ./libtool  --tag=CC   --mode=compile gcc -DHAVE_CONFIG_H -I.  -DBINDIR='"/usr/local/bin"' -DLIBDIR='"/usr/local/lib"' -I. -I. -I./../include  -DHAVE_all_vecs   -W -Wall -Wstrict-prototypes -Wmissing-prototypes -Wshadow -Wstack-usage=262144 -I./../zlib -g -O2 -MT mach-o-arm.lo -MD -MP -MF .deps/mach-o-arm.Tpo -c -o mach-o-arm.lo mach-o-arm.c
libtool: compile:  gcc -DHAVE_CONFIG_H -I. -DBINDIR=\"/usr/local/bin\" -DLIBDIR=\"/usr/local/lib\" -I. -I. -I./../include -DHAVE_all_vecs -W -Wall -Wstrict-prototypes -Wmissing-prototypes -Wshadow -Wstack-usage=262144 -I./../zlib -g -O2 -MT mach-o-arm.lo -MD -MP -MF .deps/mach-o-arm.Tpo -c mach-o-arm.c -o mach-o-arm.o
mv -f .deps/mach-o-arm.Tpo .deps/mach-o-arm.Plo
/bin/bash ./libtool  --tag=CC   --mode=compile gcc -DHAVE_CONFIG_H -I.  -DBINDIR='"/usr/local/bin"' -DLIBDIR='"/usr/local/lib"' -I. -I. -I./../include  -DHAVE_all_vecs   -W -Wall -Wstrict-prototypes -Wmissing-prototypes -Wshadow -Wstack-usage=262144 -I./../zlib -g -O2 -MT ns32knetbsd.lo -MD -MP -MF .deps/ns32knetbsd.Tpo -c -o ns32knetbsd.lo ns32knetbsd.c
libtool: compile:  gcc -DHAVE_CONFIG_H -I. -DBINDIR=\"/usr/local/bin\" -DLIBDIR=\"/usr/local/lib\" -I. -I. -I./../include -DHAVE_all_vecs -W -Wall -Wstrict-prototypes -Wmissing-prototypes -Wshadow -Wstack-usage=262144 -I./../zlib -g -O2 -MT ns32knetbsd.lo -MD -MP -MF .deps/ns32knetbsd.Tpo -c ns32knetbsd.c -o ns32knetbsd.o
mv -f .deps/ns32knetbsd.Tpo .deps/ns32knetbsd.Plo
/bin/bash ./libtool  --tag=CC   --mode=compile gcc -DHAVE_CONFIG_H -I.  -DBINDIR='"/usr/local/bin"' -DLIBDIR='"/usr/local/lib"' -I. -I. -I./../include  -DHAVE_all_vecs   -W -Wall -Wstrict-prototypes -Wmissing-prototypes -Wshadow -Wstack-usage=262144 -I./../zlib -g -O2 -MT pc532-mach.lo -MD -MP -MF .deps/pc532-mach.Tpo -c -o pc532-mach.lo pc532-mach.c
libtool: compile:  gcc -DHAVE_CONFIG_H -I. -DBINDIR=\"/usr/local/bin\" -DLIBDIR=\"/usr/local/lib\" -I. -I. -I./../include -DHAVE_all_vecs -W -Wall -Wstrict-prototypes -Wmissing-prototypes -Wshadow -Wstack-usage=262144 -I./../zlib -g -O2 -MT pc532-mach.lo -MD -MP -MF .deps/pc532-mach.Tpo -c pc532-mach.c -o pc532-mach.o
mv -f .deps/pc532-mach.Tpo .deps/pc532-mach.Plo
/bin/bash ./libtool  --tag=CC   --mode=compile gcc -DHAVE_CONFIG_H -I.  -DBINDIR='"/usr/local/bin"' -DLIBDIR='"/usr/local/lib"' -I. -I. -I./../include  -DHAVE_all_vecs   -W -Wall -Wstrict-prototypes -Wmissing-prototypes -Wshadow -Wstack-usage=262144 -I./../zlib -g -O2 -MT pdp11.lo -MD -MP -MF .deps/pdp11.Tpo -c -o pdp11.lo pdp11.c
libtool: compile:  gcc -DHAVE_CONFIG_H -I. -DBINDIR=\"/usr/local/bin\" -DLIBDIR=\"/usr/local/lib\" -I. -I. -I./../include -DHAVE_all_vecs -W -Wall -Wstrict-prototypes -Wmissing-prototypes -Wshadow -Wstack-usage=262144 -I./../zlib -g -O2 -MT pdp11.lo -MD -MP -MF .deps/pdp11.Tpo -c pdp11.c -o pdp11.o
mv -f .deps/pdp11.Tpo .deps/pdp11.Plo
/bin/bash ./libtool  --tag=CC   --mode=compile gcc -DHAVE_CONFIG_H -I.  -DBINDIR='"/usr/local/bin"' -DLIBDIR='"/usr/local/lib"' -I. -I. -I./../include  -DHAVE_all_vecs   -W -Wall -Wstrict-prototypes -Wmissing-prototypes -Wshadow -Wstack-usage=262144 -I./../zlib -g -O2 -MT pe-arm-wince.lo -MD -MP -MF .deps/pe-arm-wince.Tpo -c -o pe-arm-wince.lo pe-arm-wince.c
libtool: compile:  gcc -DHAVE_CONFIG_H -I. -DBINDIR=\"/usr/local/bin\" -DLIBDIR=\"/usr/local/lib\" -I. -I. -I./../include -DHAVE_all_vecs -W -Wall -Wstrict-prototypes -Wmissing-prototypes -Wshadow -Wstack-usage=262144 -I./../zlib -g -O2 -MT pe-arm-wince.lo -MD -MP -MF .deps/pe-arm-wince.Tpo -c pe-arm-wince.c -o pe-arm-wince.o
mv -f .deps/pe-arm-wince.Tpo .deps/pe-arm-wince.Plo
/bin/bash ./libtool  --tag=CC   --mode=compile gcc -DHAVE_CONFIG_H -I.  -DBINDIR='"/usr/local/bin"' -DLIBDIR='"/usr/local/lib"' -I. -I. -I./../include  -DHAVE_all_vecs   -W -Wall -Wstrict-prototypes -Wmissing-prototypes -Wshadow -Wstack-usage=262144 -I./../zlib -g -O2 -MT pe-arm.lo -MD -MP -MF .deps/pe-arm.Tpo -c -o pe-arm.lo pe-arm.c
libtool: compile:  gcc -DHAVE_CONFIG_H -I. -DBINDIR=\"/usr/local/bin\" -DLIBDIR=\"/usr/local/lib\" -I. -I. -I./../include -DHAVE_all_vecs -W -Wall -Wstrict-prototypes -Wmissing-prototypes -Wshadow -Wstack-usage=262144 -I./../zlib -g -O2 -MT pe-arm.lo -MD -MP -MF .deps/pe-arm.Tpo -c pe-arm.c -o pe-arm.o
mv -f .deps/pe-arm.Tpo .deps/pe-arm.Plo
/bin/bash ./libtool  --tag=CC   --mode=compile gcc -DHAVE_CONFIG_H -I.  -DBINDIR='"/usr/local/bin"' -DLIBDIR='"/usr/local/lib"' -I. -I. -I./../include  -DHAVE_all_vecs   -W -Wall -Wstrict-prototypes -Wmissing-prototypes -Wshadow -Wstack-usage=262144 -I./../zlib -g -O2 -MT pe-i386.lo -MD -MP -MF .deps/pe-i386.Tpo -c -o pe-i386.lo pe-i386.c
libtool: compile:  gcc -DHAVE_CONFIG_H -I. -DBINDIR=\"/usr/local/bin\" -DLIBDIR=\"/usr/local/lib\" -I. -I. -I./../include -DHAVE_all_vecs -W -Wall -Wstrict-prototypes -Wmissing-prototypes -Wshadow -Wstack-usage=262144 -I./../zlib -g -O2 -MT pe-i386.lo -MD -MP -MF .deps/pe-i386.Tpo -c pe-i386.c -o pe-i386.o
mv -f .deps/pe-i386.Tpo .deps/pe-i386.Plo
/bin/bash ./libtool  --tag=CC   --mode=compile gcc -DHAVE_CONFIG_H -I.  -DBINDIR='"/usr/local/bin"' -DLIBDIR='"/usr/local/lib"' -I. -I. -I./../include  -DHAVE_all_vecs   -W -Wall -Wstrict-prototypes -Wmissing-prototypes -Wshadow -Wstack-usage=262144 -I./../zlib -g -O2 -MT pe-mcore.lo -MD -MP -MF .deps/pe-mcore.Tpo -c -o pe-mcore.lo pe-mcore.c
libtool: compile:  gcc -DHAVE_CONFIG_H -I. -DBINDIR=\"/usr/local/bin\" -DLIBDIR=\"/usr/local/lib\" -I. -I. -I./../include -DHAVE_all_vecs -W -Wall -Wstrict-prototypes -Wmissing-prototypes -Wshadow -Wstack-usage=262144 -I./../zlib -g -O2 -MT pe-mcore.lo -MD -MP -MF .deps/pe-mcore.Tpo -c pe-mcore.c -o pe-mcore.o
mv -f .deps/pe-mcore.Tpo .deps/pe-mcore.Plo
/bin/bash ./libtool  --tag=CC   --mode=compile gcc -DHAVE_CONFIG_H -I.  -DBINDIR='"/usr/local/bin"' -DLIBDIR='"/usr/local/lib"' -I. -I. -I./../include  -DHAVE_all_vecs   -W -Wall -Wstrict-prototypes -Wmissing-prototypes -Wshadow -Wstack-usage=262144 -I./../zlib -g -O2 -MT pe-ppc.lo -MD -MP -MF .deps/pe-ppc.Tpo -c -o pe-ppc.lo pe-ppc.c
libtool: compile:  gcc -DHAVE_CONFIG_H -I. -DBINDIR=\"/usr/local/bin\" -DLIBDIR=\"/usr/local/lib\" -I. -I. -I./../include -DHAVE_all_vecs -W -Wall -Wstrict-prototypes -Wmissing-prototypes -Wshadow -Wstack-usage=262144 -I./../zlib -g -O2 -MT pe-ppc.lo -MD -MP -MF .deps/pe-ppc.Tpo -c pe-ppc.c -o pe-ppc.o
mv -f .deps/pe-ppc.Tpo .deps/pe-ppc.Plo
/bin/bash ./libtool  --tag=CC   --mode=compile gcc -DHAVE_CONFIG_H -I.  -DBINDIR='"/usr/local/bin"' -DLIBDIR='"/usr/local/lib"' -I. -I. -I./../include  -DHAVE_all_vecs   -W -Wall -Wstrict-prototypes -Wmissing-prototypes -Wshadow -Wstack-usage=262144 -I./../zlib -g -O2 -MT pe-sh.lo -MD -MP -MF .deps/pe-sh.Tpo -c -o pe-sh.lo pe-sh.c
libtool: compile:  gcc -DHAVE_CONFIG_H -I. -DBINDIR=\"/usr/local/bin\" -DLIBDIR=\"/usr/local/lib\" -I. -I. -I./../include -DHAVE_all_vecs -W -Wall -Wstrict-prototypes -Wmissing-prototypes -Wshadow -Wstack-usage=262144 -I./../zlib -g -O2 -MT pe-sh.lo -MD -MP -MF .deps/pe-sh.Tpo -c pe-sh.c -o pe-sh.o
mv -f .deps/pe-sh.Tpo .deps/pe-sh.Plo
/bin/bash ./libtool  --tag=CC   --mode=compile gcc -DHAVE_CONFIG_H -I.  -DBINDIR='"/usr/local/bin"' -DLIBDIR='"/usr/local/lib"' -I. -I. -I./../include  -DHAVE_all_vecs   -W -Wall -Wstrict-prototypes -Wmissing-prototypes -Wshadow -Wstack-usage=262144 -I./../zlib -g -O2 -MT pef.lo -MD -MP -MF .deps/pef.Tpo -c -o pef.lo pef.c
libtool: compile:  gcc -DHAVE_CONFIG_H -I. -DBINDIR=\"/usr/local/bin\" -DLIBDIR=\"/usr/local/lib\" -I. -I. -I./../include -DHAVE_all_vecs -W -Wall -Wstrict-prototypes -Wmissing-prototypes -Wshadow -Wstack-usage=262144 -I./../zlib -g -O2 -MT pef.lo -MD -MP -MF .deps/pef.Tpo -c pef.c -o pef.o
mv -f .deps/pef.Tpo .deps/pef.Plo
/bin/bash ./libtool  --tag=CC   --mode=compile gcc -DHAVE_CONFIG_H -I.  -DBINDIR='"/usr/local/bin"' -DLIBDIR='"/usr/local/lib"' -I. -I. -I./../include  -DHAVE_all_vecs   -W -Wall -Wstrict-prototypes -Wmissing-prototypes -Wshadow -Wstack-usage=262144 -I./../zlib -g -O2 -MT pei-arm-wince.lo -MD -MP -MF .deps/pei-arm-wince.Tpo -c -o pei-arm-wince.lo pei-arm-wince.c
libtool: compile:  gcc -DHAVE_CONFIG_H -I. -DBINDIR=\"/usr/local/bin\" -DLIBDIR=\"/usr/local/lib\" -I. -I. -I./../include -DHAVE_all_vecs -W -Wall -Wstrict-prototypes -Wmissing-prototypes -Wshadow -Wstack-usage=262144 -I./../zlib -g -O2 -MT pei-arm-wince.lo -MD -MP -MF .deps/pei-arm-wince.Tpo -c pei-arm-wince.c -o pei-arm-wince.o
mv -f .deps/pei-arm-wince.Tpo .deps/pei-arm-wince.Plo
/bin/bash ./libtool  --tag=CC   --mode=compile gcc -DHAVE_CONFIG_H -I.  -DBINDIR='"/usr/local/bin"' -DLIBDIR='"/usr/local/lib"' -I. -I. -I./../include  -DHAVE_all_vecs   -W -Wall -Wstrict-prototypes -Wmissing-prototypes -Wshadow -Wstack-usage=262144 -I./../zlib -g -O2 -MT pei-arm.lo -MD -MP -MF .deps/pei-arm.Tpo -c -o pei-arm.lo pei-arm.c
libtool: compile:  gcc -DHAVE_CONFIG_H -I. -DBINDIR=\"/usr/local/bin\" -DLIBDIR=\"/usr/local/lib\" -I. -I. -I./../include -DHAVE_all_vecs -W -Wall -Wstrict-prototypes -Wmissing-prototypes -Wshadow -Wstack-usage=262144 -I./../zlib -g -O2 -MT pei-arm.lo -MD -MP -MF .deps/pei-arm.Tpo -c pei-arm.c -o pei-arm.o
mv -f .deps/pei-arm.Tpo .deps/pei-arm.Plo
/bin/bash ./libtool  --tag=CC   --mode=compile gcc -DHAVE_CONFIG_H -I.  -DBINDIR='"/usr/local/bin"' -DLIBDIR='"/usr/local/lib"' -I. -I. -I./../include  -DHAVE_all_vecs   -W -Wall -Wstrict-prototypes -Wmissing-prototypes -Wshadow -Wstack-usage=262144 -I./../zlib -g -O2 -MT pei-mcore.lo -MD -MP -MF .deps/pei-mcore.Tpo -c -o pei-mcore.lo pei-mcore.c
libtool: compile:  gcc -DHAVE_CONFIG_H -I. -DBINDIR=\"/usr/local/bin\" -DLIBDIR=\"/usr/local/lib\" -I. -I. -I./../include -DHAVE_all_vecs -W -Wall -Wstrict-prototypes -Wmissing-prototypes -Wshadow -Wstack-usage=262144 -I./../zlib -g -O2 -MT pei-mcore.lo -MD -MP -MF .deps/pei-mcore.Tpo -c pei-mcore.c -o pei-mcore.o
mv -f .deps/pei-mcore.Tpo .deps/pei-mcore.Plo
/bin/bash ./libtool  --tag=CC   --mode=compile gcc -DHAVE_CONFIG_H -I.  -DBINDIR='"/usr/local/bin"' -DLIBDIR='"/usr/local/lib"' -I. -I. -I./../include  -DHAVE_all_vecs   -W -Wall -Wstrict-prototypes -Wmissing-prototypes -Wshadow -Wstack-usage=262144 -I./../zlib -g -O2 -MT pei-ppc.lo -MD -MP -MF .deps/pei-ppc.Tpo -c -o pei-ppc.lo pei-ppc.c
libtool: compile:  gcc -DHAVE_CONFIG_H -I. -DBINDIR=\"/usr/local/bin\" -DLIBDIR=\"/usr/local/lib\" -I. -I. -I./../include -DHAVE_all_vecs -W -Wall -Wstrict-prototypes -Wmissing-prototypes -Wshadow -Wstack-usage=262144 -I./../zlib -g -O2 -MT pei-ppc.lo -MD -MP -MF .deps/pei-ppc.Tpo -c pei-ppc.c -o pei-ppc.o
mv -f .deps/pei-ppc.Tpo .deps/pei-ppc.Plo
/bin/bash ./libtool  --tag=CC   --mode=compile gcc -DHAVE_CONFIG_H -I.  -DBINDIR='"/usr/local/bin"' -DLIBDIR='"/usr/local/lib"' -I. -I. -I./../include  -DHAVE_all_vecs   -W -Wall -Wstrict-prototypes -Wmissing-prototypes -Wshadow -Wstack-usage=262144 -I./../zlib -g -O2 -MT pei-sh.lo -MD -MP -MF .deps/pei-sh.Tpo -c -o pei-sh.lo pei-sh.c
libtool: compile:  gcc -DHAVE_CONFIG_H -I. -DBINDIR=\"/usr/local/bin\" -DLIBDIR=\"/usr/local/lib\" -I. -I. -I./../include -DHAVE_all_vecs -W -Wall -Wstrict-prototypes -Wmissing-prototypes -Wshadow -Wstack-usage=262144 -I./../zlib -g -O2 -MT pei-sh.lo -MD -MP -MF .deps/pei-sh.Tpo -c pei-sh.c -o pei-sh.o
mv -f .deps/pei-sh.Tpo .deps/pei-sh.Plo
/bin/bash ./libtool  --tag=CC   --mode=compile gcc -DHAVE_CONFIG_H -I.  -DBINDIR='"/usr/local/bin"' -DLIBDIR='"/usr/local/lib"' -I. -I. -I./../include  -DHAVE_all_vecs   -W -Wall -Wstrict-prototypes -Wmissing-prototypes -Wshadow -Wstack-usage=262144 -I./../zlib -g -O2 -MT ppcboot.lo -MD -MP -MF .deps/ppcboot.Tpo -c -o ppcboot.lo ppcboot.c
libtool: compile:  gcc -DHAVE_CONFIG_H -I. -DBINDIR=\"/usr/local/bin\" -DLIBDIR=\"/usr/local/lib\" -I. -I. -I./../include -DHAVE_all_vecs -W -Wall -Wstrict-prototypes -Wmissing-prototypes -Wshadow -Wstack-usage=262144 -I./../zlib -g -O2 -MT ppcboot.lo -MD -MP -MF .deps/ppcboot.Tpo -c ppcboot.c -o ppcboot.o
mv -f .deps/ppcboot.Tpo .deps/ppcboot.Plo
/bin/bash ./libtool  --tag=CC   --mode=compile gcc -DHAVE_CONFIG_H -I.  -DBINDIR='"/usr/local/bin"' -DLIBDIR='"/usr/local/lib"' -I. -I. -I./../include  -DHAVE_all_vecs   -W -Wall -Wstrict-prototypes -Wmissing-prototypes -Wshadow -Wstack-usage=262144 -I./../zlib -g -O2 -MT reloc16.lo -MD -MP -MF .deps/reloc16.Tpo -c -o reloc16.lo reloc16.c
libtool: compile:  gcc -DHAVE_CONFIG_H -I. -DBINDIR=\"/usr/local/bin\" -DLIBDIR=\"/usr/local/lib\" -I. -I. -I./../include -DHAVE_all_vecs -W -Wall -Wstrict-prototypes -Wmissing-prototypes -Wshadow -Wstack-usage=262144 -I./../zlib -g -O2 -MT reloc16.lo -MD -MP -MF .deps/reloc16.Tpo -c reloc16.c -o reloc16.o
mv -f .deps/reloc16.Tpo .deps/reloc16.Plo
/bin/bash ./libtool  --tag=CC   --mode=compile gcc -DHAVE_CONFIG_H -I.  -DBINDIR='"/usr/local/bin"' -DLIBDIR='"/usr/local/lib"' -I. -I. -I./../include  -DHAVE_all_vecs   -W -Wall -Wstrict-prototypes -Wmissing-prototypes -Wshadow -Wstack-usage=262144 -I./../zlib -g -O2 -MT som.lo -MD -MP -MF .deps/som.Tpo -c -o som.lo som.c
libtool: compile:  gcc -DHAVE_CONFIG_H -I. -DBINDIR=\"/usr/local/bin\" -DLIBDIR=\"/usr/local/lib\" -I. -I. -I./../include -DHAVE_all_vecs -W -Wall -Wstrict-prototypes -Wmissing-prototypes -Wshadow -Wstack-usage=262144 -I./../zlib -g -O2 -MT som.lo -MD -MP -MF .deps/som.Tpo -c som.c -o som.o
mv -f .deps/som.Tpo .deps/som.Plo
/bin/bash ./libtool  --tag=CC   --mode=compile gcc -DHAVE_CONFIG_H -I.  -DBINDIR='"/usr/local/bin"' -DLIBDIR='"/usr/local/lib"' -I. -I. -I./../include  -DHAVE_all_vecs   -W -Wall -Wstrict-prototypes -Wmissing-prototypes -Wshadow -Wstack-usage=262144 -I./../zlib -g -O2 -MT vax1knetbsd.lo -MD -MP -MF .deps/vax1knetbsd.Tpo -c -o vax1knetbsd.lo vax1knetbsd.c
libtool: compile:  gcc -DHAVE_CONFIG_H -I. -DBINDIR=\"/usr/local/bin\" -DLIBDIR=\"/usr/local/lib\" -I. -I. -I./../include -DHAVE_all_vecs -W -Wall -Wstrict-prototypes -Wmissing-prototypes -Wshadow -Wstack-usage=262144 -I./../zlib -g -O2 -MT vax1knetbsd.lo -MD -MP -MF .deps/vax1knetbsd.Tpo -c vax1knetbsd.c -o vax1knetbsd.o
mv -f .deps/vax1knetbsd.Tpo .deps/vax1knetbsd.Plo
/bin/bash ./libtool  --tag=CC   --mode=compile gcc -DHAVE_CONFIG_H -I.  -DBINDIR='"/usr/local/bin"' -DLIBDIR='"/usr/local/lib"' -I. -I. -I./../include  -DHAVE_all_vecs   -W -Wall -Wstrict-prototypes -Wmissing-prototypes -Wshadow -Wstack-usage=262144 -I./../zlib -g -O2 -MT vaxnetbsd.lo -MD -MP -MF .deps/vaxnetbsd.Tpo -c -o vaxnetbsd.lo vaxnetbsd.c
libtool: compile:  gcc -DHAVE_CONFIG_H -I. -DBINDIR=\"/usr/local/bin\" -DLIBDIR=\"/usr/local/lib\" -I. -I. -I./../include -DHAVE_all_vecs -W -Wall -Wstrict-prototypes -Wmissing-prototypes -Wshadow -Wstack-usage=262144 -I./../zlib -g -O2 -MT vaxnetbsd.lo -MD -MP -MF .deps/vaxnetbsd.Tpo -c vaxnetbsd.c -o vaxnetbsd.o
mv -f .deps/vaxnetbsd.Tpo .deps/vaxnetbsd.Plo
/bin/bash ./libtool  --tag=CC   --mode=compile gcc -DHAVE_CONFIG_H -I.  -DBINDIR='"/usr/local/bin"' -DLIBDIR='"/usr/local/lib"' -I. -I. -I./../include  -DHAVE_all_vecs   -W -Wall -Wstrict-prototypes -Wmissing-prototypes -Wshadow -Wstack-usage=262144 -I./../zlib -g -O2 -MT vms-lib.lo -MD -MP -MF .deps/vms-lib.Tpo -c -o vms-lib.lo vms-lib.c
libtool: compile:  gcc -DHAVE_CONFIG_H -I. -DBINDIR=\"/usr/local/bin\" -DLIBDIR=\"/usr/local/lib\" -I. -I. -I./../include -DHAVE_all_vecs -W -Wall -Wstrict-prototypes -Wmissing-prototypes -Wshadow -Wstack-usage=262144 -I./../zlib -g -O2 -MT vms-lib.lo -MD -MP -MF .deps/vms-lib.Tpo -c vms-lib.c -o vms-lib.o
mv -f .deps/vms-lib.Tpo .deps/vms-lib.Plo
/bin/bash ./libtool  --tag=CC   --mode=compile gcc -DHAVE_CONFIG_H -I.  -DBINDIR='"/usr/local/bin"' -DLIBDIR='"/usr/local/lib"' -I. -I. -I./../include  -DHAVE_all_vecs   -W -Wall -Wstrict-prototypes -Wmissing-prototypes -Wshadow -Wstack-usage=262144 -I./../zlib -g -O2 -MT vms-misc.lo -MD -MP -MF .deps/vms-misc.Tpo -c -o vms-misc.lo vms-misc.c
libtool: compile:  gcc -DHAVE_CONFIG_H -I. -DBINDIR=\"/usr/local/bin\" -DLIBDIR=\"/usr/local/lib\" -I. -I. -I./../include -DHAVE_all_vecs -W -Wall -Wstrict-prototypes -Wmissing-prototypes -Wshadow -Wstack-usage=262144 -I./../zlib -g -O2 -MT vms-misc.lo -MD -MP -MF .deps/vms-misc.Tpo -c vms-misc.c -o vms-misc.o
mv -f .deps/vms-misc.Tpo .deps/vms-misc.Plo
/bin/bash ./libtool  --tag=CC   --mode=compile gcc -DHAVE_CONFIG_H -I.  -DBINDIR='"/usr/local/bin"' -DLIBDIR='"/usr/local/lib"' -I. -I. -I./../include  -DHAVE_all_vecs   -W -Wall -Wstrict-prototypes -Wmissing-prototypes -Wshadow -Wstack-usage=262144 -I./../zlib -g -O2 -MT wasm-module.lo -MD -MP -MF .deps/wasm-module.Tpo -c -o wasm-module.lo wasm-module.c
libtool: compile:  gcc -DHAVE_CONFIG_H -I. -DBINDIR=\"/usr/local/bin\" -DLIBDIR=\"/usr/local/lib\" -I. -I. -I./../include -DHAVE_all_vecs -W -Wall -Wstrict-prototypes -Wmissing-prototypes -Wshadow -Wstack-usage=262144 -I./../zlib -g -O2 -MT wasm-module.lo -MD -MP -MF .deps/wasm-module.Tpo -c wasm-module.c -o wasm-module.o
mv -f .deps/wasm-module.Tpo .deps/wasm-module.Plo
/bin/bash ./libtool  --tag=CC   --mode=compile gcc -DHAVE_CONFIG_H -I.  -DBINDIR='"/usr/local/bin"' -DLIBDIR='"/usr/local/lib"' -I. -I. -I./../include  -DHAVE_all_vecs   -W -Wall -Wstrict-prototypes -Wmissing-prototypes -Wshadow -Wstack-usage=262144 -I./../zlib -g -O2 -MT xcofflink.lo -MD -MP -MF .deps/xcofflink.Tpo -c -o xcofflink.lo xcofflink.c
libtool: compile:  gcc -DHAVE_CONFIG_H -I. -DBINDIR=\"/usr/local/bin\" -DLIBDIR=\"/usr/local/lib\" -I. -I. -I./../include -DHAVE_all_vecs -W -Wall -Wstrict-prototypes -Wmissing-prototypes -Wshadow -Wstack-usage=262144 -I./../zlib -g -O2 -MT xcofflink.lo -MD -MP -MF .deps/xcofflink.Tpo -c xcofflink.c -o xcofflink.o
mv -f .deps/xcofflink.Tpo .deps/xcofflink.Plo
/bin/bash ./libtool  --tag=CC   --mode=compile gcc -DHAVE_CONFIG_H -I.  -DBINDIR='"/usr/local/bin"' -DLIBDIR='"/usr/local/lib"' -I. -I. -I./../include  -DHAVE_all_vecs   -W -Wall -Wstrict-prototypes -Wmissing-prototypes -Wshadow -Wstack-usage=262144 -I./../zlib -g -O2 -MT xsym.lo -MD -MP -MF .deps/xsym.Tpo -c -o xsym.lo xsym.c
libtool: compile:  gcc -DHAVE_CONFIG_H -I. -DBINDIR=\"/usr/local/bin\" -DLIBDIR=\"/usr/local/lib\" -I. -I. -I./../include -DHAVE_all_vecs -W -Wall -Wstrict-prototypes -Wmissing-prototypes -Wshadow -Wstack-usage=262144 -I./../zlib -g -O2 -MT xsym.lo -MD -MP -MF .deps/xsym.Tpo -c xsym.c -o xsym.o
mv -f .deps/xsym.Tpo .deps/xsym.Plo
/bin/bash ./libtool  --tag=CC   --mode=compile gcc -DHAVE_CONFIG_H -I.  -DBINDIR='"/usr/local/bin"' -DLIBDIR='"/usr/local/lib"' -I. -I. -I./../include  -DHAVE_all_vecs   -W -Wall -Wstrict-prototypes -Wmissing-prototypes -Wshadow -Wstack-usage=262144 -I./../zlib -g -O2 -MT xtensa-isa.lo -MD -MP -MF .deps/xtensa-isa.Tpo -c -o xtensa-isa.lo xtensa-isa.c
libtool: compile:  gcc -DHAVE_CONFIG_H -I. -DBINDIR=\"/usr/local/bin\" -DLIBDIR=\"/usr/local/lib\" -I. -I. -I./../include -DHAVE_all_vecs -W -Wall -Wstrict-prototypes -Wmissing-prototypes -Wshadow -Wstack-usage=262144 -I./../zlib -g -O2 -MT xtensa-isa.lo -MD -MP -MF .deps/xtensa-isa.Tpo -c xtensa-isa.c -o xtensa-isa.o
mv -f .deps/xtensa-isa.Tpo .deps/xtensa-isa.Plo
/bin/bash ./libtool  --tag=CC   --mode=compile gcc -DHAVE_CONFIG_H -I.  -DBINDIR='"/usr/local/bin"' -DLIBDIR='"/usr/local/lib"' -I. -I. -I./../include  -DHAVE_all_vecs   -W -Wall -Wstrict-prototypes -Wmissing-prototypes -Wshadow -Wstack-usage=262144 -I./../zlib -g -O2 -MT xtensa-modules.lo -MD -MP -MF .deps/xtensa-modules.Tpo -c -o xtensa-modules.lo xtensa-modules.c
libtool: compile:  gcc -DHAVE_CONFIG_H -I. -DBINDIR=\"/usr/local/bin\" -DLIBDIR=\"/usr/local/lib\" -I. -I. -I./../include -DHAVE_all_vecs -W -Wall -Wstrict-prototypes -Wmissing-prototypes -Wshadow -Wstack-usage=262144 -I./../zlib -g -O2 -MT xtensa-modules.lo -MD -MP -MF .deps/xtensa-modules.Tpo -c xtensa-modules.c -o xtensa-modules.o
mv -f .deps/xtensa-modules.Tpo .deps/xtensa-modules.Plo
/bin/bash ./libtool  --tag=CC   --mode=compile gcc -DHAVE_CONFIG_H -I.  -DBINDIR='"/usr/local/bin"' -DLIBDIR='"/usr/local/lib"' -I. -I. -I./../include  -DHAVE_all_vecs   -W -Wall -Wstrict-prototypes -Wmissing-prototypes -Wshadow -Wstack-usage=262144 -I./../zlib -g -O2 -MT cpu-i386.lo -MD -MP -MF .deps/cpu-i386.Tpo -c -o cpu-i386.lo cpu-i386.c
libtool: compile:  gcc -DHAVE_CONFIG_H -I. -DBINDIR=\"/usr/local/bin\" -DLIBDIR=\"/usr/local/lib\" -I. -I. -I./../include -DHAVE_all_vecs -W -Wall -Wstrict-prototypes -Wmissing-prototypes -Wshadow -Wstack-usage=262144 -I./../zlib -g -O2 -MT cpu-i386.lo -MD -MP -MF .deps/cpu-i386.Tpo -c cpu-i386.c -o cpu-i386.o
mv -f .deps/cpu-i386.Tpo .deps/cpu-i386.Plo
/bin/bash ./libtool  --tag=CC   --mode=compile gcc -DHAVE_CONFIG_H -I.  -DBINDIR='"/usr/local/bin"' -DLIBDIR='"/usr/local/lib"' -I. -I. -I./../include  -DHAVE_all_vecs   -W -Wall -Wstrict-prototypes -Wmissing-prototypes -Wshadow -Wstack-usage=262144 -I./../zlib -g -O2 -MT cpu-iamcu.lo -MD -MP -MF .deps/cpu-iamcu.Tpo -c -o cpu-iamcu.lo cpu-iamcu.c
libtool: compile:  gcc -DHAVE_CONFIG_H -I. -DBINDIR=\"/usr/local/bin\" -DLIBDIR=\"/usr/local/lib\" -I. -I. -I./../include -DHAVE_all_vecs -W -Wall -Wstrict-prototypes -Wmissing-prototypes -Wshadow -Wstack-usage=262144 -I./../zlib -g -O2 -MT cpu-iamcu.lo -MD -MP -MF .deps/cpu-iamcu.Tpo -c cpu-iamcu.c -o cpu-iamcu.o
mv -f .deps/cpu-iamcu.Tpo .deps/cpu-iamcu.Plo
/bin/bash ./libtool  --tag=CC   --mode=compile gcc -DHAVE_CONFIG_H -I.  -DBINDIR='"/usr/local/bin"' -DLIBDIR='"/usr/local/lib"' -I. -I. -I./../include  -DHAVE_all_vecs   -W -Wall -Wstrict-prototypes -Wmissing-prototypes -Wshadow -Wstack-usage=262144 -I./../zlib -g -O2 -MT cpu-l1om.lo -MD -MP -MF .deps/cpu-l1om.Tpo -c -o cpu-l1om.lo cpu-l1om.c
libtool: compile:  gcc -DHAVE_CONFIG_H -I. -DBINDIR=\"/usr/local/bin\" -DLIBDIR=\"/usr/local/lib\" -I. -I. -I./../include -DHAVE_all_vecs -W -Wall -Wstrict-prototypes -Wmissing-prototypes -Wshadow -Wstack-usage=262144 -I./../zlib -g -O2 -MT cpu-l1om.lo -MD -MP -MF .deps/cpu-l1om.Tpo -c cpu-l1om.c -o cpu-l1om.o
mv -f .deps/cpu-l1om.Tpo .deps/cpu-l1om.Plo
/bin/bash ./libtool  --tag=CC   --mode=compile gcc -DHAVE_CONFIG_H -I.  -DBINDIR='"/usr/local/bin"' -DLIBDIR='"/usr/local/lib"' -I. -I. -I./../include  -DHAVE_all_vecs   -W -Wall -Wstrict-prototypes -Wmissing-prototypes -Wshadow -Wstack-usage=262144 -I./../zlib -g -O2 -MT cpu-k1om.lo -MD -MP -MF .deps/cpu-k1om.Tpo -c -o cpu-k1om.lo cpu-k1om.c
libtool: compile:  gcc -DHAVE_CONFIG_H -I. -DBINDIR=\"/usr/local/bin\" -DLIBDIR=\"/usr/local/lib\" -I. -I. -I./../include -DHAVE_all_vecs -W -Wall -Wstrict-prototypes -Wmissing-prototypes -Wshadow -Wstack-usage=262144 -I./../zlib -g -O2 -MT cpu-k1om.lo -MD -MP -MF .deps/cpu-k1om.Tpo -c cpu-k1om.c -o cpu-k1om.o
mv -f .deps/cpu-k1om.Tpo .deps/cpu-k1om.Plo
/bin/bash ./libtool  --tag=CC   --mode=compile gcc -DHAVE_CONFIG_H -I.  -DBINDIR='"/usr/local/bin"' -DLIBDIR='"/usr/local/lib"' -I. -I. -I./../include  -DHAVE_all_vecs   -W -Wall -Wstrict-prototypes -Wmissing-prototypes -Wshadow -Wstack-usage=262144 -I./../zlib -g -O2 -MT cpu-aarch64.lo -MD -MP -MF .deps/cpu-aarch64.Tpo -c -o cpu-aarch64.lo cpu-aarch64.c
libtool: compile:  gcc -DHAVE_CONFIG_H -I. -DBINDIR=\"/usr/local/bin\" -DLIBDIR=\"/usr/local/lib\" -I. -I. -I./../include -DHAVE_all_vecs -W -Wall -Wstrict-prototypes -Wmissing-prototypes -Wshadow -Wstack-usage=262144 -I./../zlib -g -O2 -MT cpu-aarch64.lo -MD -MP -MF .deps/cpu-aarch64.Tpo -c cpu-aarch64.c -o cpu-aarch64.o
mv -f .deps/cpu-aarch64.Tpo .deps/cpu-aarch64.Plo
/bin/bash ./libtool  --tag=CC   --mode=compile gcc -DHAVE_CONFIG_H -I.  -DBINDIR='"/usr/local/bin"' -DLIBDIR='"/usr/local/lib"' -I. -I. -I./../include  -DHAVE_all_vecs   -W -Wall -Wstrict-prototypes -Wmissing-prototypes -Wshadow -Wstack-usage=262144 -I./../zlib -g -O2 -MT cpu-alpha.lo -MD -MP -MF .deps/cpu-alpha.Tpo -c -o cpu-alpha.lo cpu-alpha.c
libtool: compile:  gcc -DHAVE_CONFIG_H -I. -DBINDIR=\"/usr/local/bin\" -DLIBDIR=\"/usr/local/lib\" -I. -I. -I./../include -DHAVE_all_vecs -W -Wall -Wstrict-prototypes -Wmissing-prototypes -Wshadow -Wstack-usage=262144 -I./../zlib -g -O2 -MT cpu-alpha.lo -MD -MP -MF .deps/cpu-alpha.Tpo -c cpu-alpha.c -o cpu-alpha.o
mv -f .deps/cpu-alpha.Tpo .deps/cpu-alpha.Plo
/bin/bash ./libtool  --tag=CC   --mode=compile gcc -DHAVE_CONFIG_H -I.  -DBINDIR='"/usr/local/bin"' -DLIBDIR='"/usr/local/lib"' -I. -I. -I./../include  -DHAVE_all_vecs   -W -Wall -Wstrict-prototypes -Wmissing-prototypes -Wshadow -Wstack-usage=262144 -I./../zlib -g -O2 -MT cpu-arc.lo -MD -MP -MF .deps/cpu-arc.Tpo -c -o cpu-arc.lo cpu-arc.c
libtool: compile:  gcc -DHAVE_CONFIG_H -I. -DBINDIR=\"/usr/local/bin\" -DLIBDIR=\"/usr/local/lib\" -I. -I. -I./../include -DHAVE_all_vecs -W -Wall -Wstrict-prototypes -Wmissing-prototypes -Wshadow -Wstack-usage=262144 -I./../zlib -g -O2 -MT cpu-arc.lo -MD -MP -MF .deps/cpu-arc.Tpo -c cpu-arc.c -o cpu-arc.o
mv -f .deps/cpu-arc.Tpo .deps/cpu-arc.Plo
/bin/bash ./libtool  --tag=CC   --mode=compile gcc -DHAVE_CONFIG_H -I.  -DBINDIR='"/usr/local/bin"' -DLIBDIR='"/usr/local/lib"' -I. -I. -I./../include  -DHAVE_all_vecs   -W -Wall -Wstrict-prototypes -Wmissing-prototypes -Wshadow -Wstack-usage=262144 -I./../zlib -g -O2 -MT cpu-arm.lo -MD -MP -MF .deps/cpu-arm.Tpo -c -o cpu-arm.lo cpu-arm.c
libtool: compile:  gcc -DHAVE_CONFIG_H -I. -DBINDIR=\"/usr/local/bin\" -DLIBDIR=\"/usr/local/lib\" -I. -I. -I./../include -DHAVE_all_vecs -W -Wall -Wstrict-prototypes -Wmissing-prototypes -Wshadow -Wstack-usage=262144 -I./../zlib -g -O2 -MT cpu-arm.lo -MD -MP -MF .deps/cpu-arm.Tpo -c cpu-arm.c -o cpu-arm.o
mv -f .deps/cpu-arm.Tpo .deps/cpu-arm.Plo
/bin/bash ./libtool  --tag=CC   --mode=compile gcc -DHAVE_CONFIG_H -I.  -DBINDIR='"/usr/local/bin"' -DLIBDIR='"/usr/local/lib"' -I. -I. -I./../include  -DHAVE_all_vecs   -W -Wall -Wstrict-prototypes -Wmissing-prototypes -Wshadow -Wstack-usage=262144 -I./../zlib -g -O2 -MT cpu-avr.lo -MD -MP -MF .deps/cpu-avr.Tpo -c -o cpu-avr.lo cpu-avr.c
libtool: compile:  gcc -DHAVE_CONFIG_H -I. -DBINDIR=\"/usr/local/bin\" -DLIBDIR=\"/usr/local/lib\" -I. -I. -I./../include -DHAVE_all_vecs -W -Wall -Wstrict-prototypes -Wmissing-prototypes -Wshadow -Wstack-usage=262144 -I./../zlib -g -O2 -MT cpu-avr.lo -MD -MP -MF .deps/cpu-avr.Tpo -c cpu-avr.c -o cpu-avr.o
mv -f .deps/cpu-avr.Tpo .deps/cpu-avr.Plo
/bin/bash ./libtool  --tag=CC   --mode=compile gcc -DHAVE_CONFIG_H -I.  -DBINDIR='"/usr/local/bin"' -DLIBDIR='"/usr/local/lib"' -I. -I. -I./../include  -DHAVE_all_vecs   -W -Wall -Wstrict-prototypes -Wmissing-prototypes -Wshadow -Wstack-usage=262144 -I./../zlib -g -O2 -MT cpu-bfin.lo -MD -MP -MF .deps/cpu-bfin.Tpo -c -o cpu-bfin.lo cpu-bfin.c
libtool: compile:  gcc -DHAVE_CONFIG_H -I. -DBINDIR=\"/usr/local/bin\" -DLIBDIR=\"/usr/local/lib\" -I. -I. -I./../include -DHAVE_all_vecs -W -Wall -Wstrict-prototypes -Wmissing-prototypes -Wshadow -Wstack-usage=262144 -I./../zlib -g -O2 -MT cpu-bfin.lo -MD -MP -MF .deps/cpu-bfin.Tpo -c cpu-bfin.c -o cpu-bfin.o
mv -f .deps/cpu-bfin.Tpo .deps/cpu-bfin.Plo
/bin/bash ./libtool  --tag=CC   --mode=compile gcc -DHAVE_CONFIG_H -I.  -DBINDIR='"/usr/local/bin"' -DLIBDIR='"/usr/local/lib"' -I. -I. -I./../include  -DHAVE_all_vecs   -W -Wall -Wstrict-prototypes -Wmissing-prototypes -Wshadow -Wstack-usage=262144 -I./../zlib -g -O2 -MT cpu-bpf.lo -MD -MP -MF .deps/cpu-bpf.Tpo -c -o cpu-bpf.lo cpu-bpf.c
libtool: compile:  gcc -DHAVE_CONFIG_H -I. -DBINDIR=\"/usr/local/bin\" -DLIBDIR=\"/usr/local/lib\" -I. -I. -I./../include -DHAVE_all_vecs -W -Wall -Wstrict-prototypes -Wmissing-prototypes -Wshadow -Wstack-usage=262144 -I./../zlib -g -O2 -MT cpu-bpf.lo -MD -MP -MF .deps/cpu-bpf.Tpo -c cpu-bpf.c -o cpu-bpf.o
mv -f .deps/cpu-bpf.Tpo .deps/cpu-bpf.Plo
/bin/bash ./libtool  --tag=CC   --mode=compile gcc -DHAVE_CONFIG_H -I.  -DBINDIR='"/usr/local/bin"' -DLIBDIR='"/usr/local/lib"' -I. -I. -I./../include  -DHAVE_all_vecs   -W -Wall -Wstrict-prototypes -Wmissing-prototypes -Wshadow -Wstack-usage=262144 -I./../zlib -g -O2 -MT cpu-cr16.lo -MD -MP -MF .deps/cpu-cr16.Tpo -c -o cpu-cr16.lo cpu-cr16.c
libtool: compile:  gcc -DHAVE_CONFIG_H -I. -DBINDIR=\"/usr/local/bin\" -DLIBDIR=\"/usr/local/lib\" -I. -I. -I./../include -DHAVE_all_vecs -W -Wall -Wstrict-prototypes -Wmissing-prototypes -Wshadow -Wstack-usage=262144 -I./../zlib -g -O2 -MT cpu-cr16.lo -MD -MP -MF .deps/cpu-cr16.Tpo -c cpu-cr16.c -o cpu-cr16.o
mv -f .deps/cpu-cr16.Tpo .deps/cpu-cr16.Plo
/bin/bash ./libtool  --tag=CC   --mode=compile gcc -DHAVE_CONFIG_H -I.  -DBINDIR='"/usr/local/bin"' -DLIBDIR='"/usr/local/lib"' -I. -I. -I./../include  -DHAVE_all_vecs   -W -Wall -Wstrict-prototypes -Wmissing-prototypes -Wshadow -Wstack-usage=262144 -I./../zlib -g -O2 -MT cpu-cris.lo -MD -MP -MF .deps/cpu-cris.Tpo -c -o cpu-cris.lo cpu-cris.c
libtool: compile:  gcc -DHAVE_CONFIG_H -I. -DBINDIR=\"/usr/local/bin\" -DLIBDIR=\"/usr/local/lib\" -I. -I. -I./../include -DHAVE_all_vecs -W -Wall -Wstrict-prototypes -Wmissing-prototypes -Wshadow -Wstack-usage=262144 -I./../zlib -g -O2 -MT cpu-cris.lo -MD -MP -MF .deps/cpu-cris.Tpo -c cpu-cris.c -o cpu-cris.o
mv -f .deps/cpu-cris.Tpo .deps/cpu-cris.Plo
/bin/bash ./libtool  --tag=CC   --mode=compile gcc -DHAVE_CONFIG_H -I.  -DBINDIR='"/usr/local/bin"' -DLIBDIR='"/usr/local/lib"' -I. -I. -I./../include  -DHAVE_all_vecs   -W -Wall -Wstrict-prototypes -Wmissing-prototypes -Wshadow -Wstack-usage=262144 -I./../zlib -g -O2 -MT cpu-crx.lo -MD -MP -MF .deps/cpu-crx.Tpo -c -o cpu-crx.lo cpu-crx.c
libtool: compile:  gcc -DHAVE_CONFIG_H -I. -DBINDIR=\"/usr/local/bin\" -DLIBDIR=\"/usr/local/lib\" -I. -I. -I./../include -DHAVE_all_vecs -W -Wall -Wstrict-prototypes -Wmissing-prototypes -Wshadow -Wstack-usage=262144 -I./../zlib -g -O2 -MT cpu-crx.lo -MD -MP -MF .deps/cpu-crx.Tpo -c cpu-crx.c -o cpu-crx.o
mv -f .deps/cpu-crx.Tpo .deps/cpu-crx.Plo
/bin/bash ./libtool  --tag=CC   --mode=compile gcc -DHAVE_CONFIG_H -I.  -DBINDIR='"/usr/local/bin"' -DLIBDIR='"/usr/local/lib"' -I. -I. -I./../include  -DHAVE_all_vecs   -W -Wall -Wstrict-prototypes -Wmissing-prototypes -Wshadow -Wstack-usage=262144 -I./../zlib -g -O2 -MT cpu-csky.lo -MD -MP -MF .deps/cpu-csky.Tpo -c -o cpu-csky.lo cpu-csky.c
libtool: compile:  gcc -DHAVE_CONFIG_H -I. -DBINDIR=\"/usr/local/bin\" -DLIBDIR=\"/usr/local/lib\" -I. -I. -I./../include -DHAVE_all_vecs -W -Wall -Wstrict-prototypes -Wmissing-prototypes -Wshadow -Wstack-usage=262144 -I./../zlib -g -O2 -MT cpu-csky.lo -MD -MP -MF .deps/cpu-csky.Tpo -c cpu-csky.c -o cpu-csky.o
mv -f .deps/cpu-csky.Tpo .deps/cpu-csky.Plo
/bin/bash ./libtool  --tag=CC   --mode=compile gcc -DHAVE_CONFIG_H -I.  -DBINDIR='"/usr/local/bin"' -DLIBDIR='"/usr/local/lib"' -I. -I. -I./../include  -DHAVE_all_vecs   -W -Wall -Wstrict-prototypes -Wmissing-prototypes -Wshadow -Wstack-usage=262144 -I./../zlib -g -O2 -MT cpu-d10v.lo -MD -MP -MF .deps/cpu-d10v.Tpo -c -o cpu-d10v.lo cpu-d10v.c
libtool: compile:  gcc -DHAVE_CONFIG_H -I. -DBINDIR=\"/usr/local/bin\" -DLIBDIR=\"/usr/local/lib\" -I. -I. -I./../include -DHAVE_all_vecs -W -Wall -Wstrict-prototypes -Wmissing-prototypes -Wshadow -Wstack-usage=262144 -I./../zlib -g -O2 -MT cpu-d10v.lo -MD -MP -MF .deps/cpu-d10v.Tpo -c cpu-d10v.c -o cpu-d10v.o
mv -f .deps/cpu-d10v.Tpo .deps/cpu-d10v.Plo
/bin/bash ./libtool  --tag=CC   --mode=compile gcc -DHAVE_CONFIG_H -I.  -DBINDIR='"/usr/local/bin"' -DLIBDIR='"/usr/local/lib"' -I. -I. -I./../include  -DHAVE_all_vecs   -W -Wall -Wstrict-prototypes -Wmissing-prototypes -Wshadow -Wstack-usage=262144 -I./../zlib -g -O2 -MT cpu-d30v.lo -MD -MP -MF .deps/cpu-d30v.Tpo -c -o cpu-d30v.lo cpu-d30v.c
libtool: compile:  gcc -DHAVE_CONFIG_H -I. -DBINDIR=\"/usr/local/bin\" -DLIBDIR=\"/usr/local/lib\" -I. -I. -I./../include -DHAVE_all_vecs -W -Wall -Wstrict-prototypes -Wmissing-prototypes -Wshadow -Wstack-usage=262144 -I./../zlib -g -O2 -MT cpu-d30v.lo -MD -MP -MF .deps/cpu-d30v.Tpo -c cpu-d30v.c -o cpu-d30v.o
mv -f .deps/cpu-d30v.Tpo .deps/cpu-d30v.Plo
/bin/bash ./libtool  --tag=CC   --mode=compile gcc -DHAVE_CONFIG_H -I.  -DBINDIR='"/usr/local/bin"' -DLIBDIR='"/usr/local/lib"' -I. -I. -I./../include  -DHAVE_all_vecs   -W -Wall -Wstrict-prototypes -Wmissing-prototypes -Wshadow -Wstack-usage=262144 -I./../zlib -g -O2 -MT cpu-dlx.lo -MD -MP -MF .deps/cpu-dlx.Tpo -c -o cpu-dlx.lo cpu-dlx.c
libtool: compile:  gcc -DHAVE_CONFIG_H -I. -DBINDIR=\"/usr/local/bin\" -DLIBDIR=\"/usr/local/lib\" -I. -I. -I./../include -DHAVE_all_vecs -W -Wall -Wstrict-prototypes -Wmissing-prototypes -Wshadow -Wstack-usage=262144 -I./../zlib -g -O2 -MT cpu-dlx.lo -MD -MP -MF .deps/cpu-dlx.Tpo -c cpu-dlx.c -o cpu-dlx.o
mv -f .deps/cpu-dlx.Tpo .deps/cpu-dlx.Plo
/bin/bash ./libtool  --tag=CC   --mode=compile gcc -DHAVE_CONFIG_H -I.  -DBINDIR='"/usr/local/bin"' -DLIBDIR='"/usr/local/lib"' -I. -I. -I./../include  -DHAVE_all_vecs   -W -Wall -Wstrict-prototypes -Wmissing-prototypes -Wshadow -Wstack-usage=262144 -I./../zlib -g -O2 -MT cpu-epiphany.lo -MD -MP -MF .deps/cpu-epiphany.Tpo -c -o cpu-epiphany.lo cpu-epiphany.c
libtool: compile:  gcc -DHAVE_CONFIG_H -I. -DBINDIR=\"/usr/local/bin\" -DLIBDIR=\"/usr/local/lib\" -I. -I. -I./../include -DHAVE_all_vecs -W -Wall -Wstrict-prototypes -Wmissing-prototypes -Wshadow -Wstack-usage=262144 -I./../zlib -g -O2 -MT cpu-epiphany.lo -MD -MP -MF .deps/cpu-epiphany.Tpo -c cpu-epiphany.c -o cpu-epiphany.o
mv -f .deps/cpu-epiphany.Tpo .deps/cpu-epiphany.Plo
/bin/bash ./libtool  --tag=CC   --mode=compile gcc -DHAVE_CONFIG_H -I.  -DBINDIR='"/usr/local/bin"' -DLIBDIR='"/usr/local/lib"' -I. -I. -I./../include  -DHAVE_all_vecs   -W -Wall -Wstrict-prototypes -Wmissing-prototypes -Wshadow -Wstack-usage=262144 -I./../zlib -g -O2 -MT cpu-fr30.lo -MD -MP -MF .deps/cpu-fr30.Tpo -c -o cpu-fr30.lo cpu-fr30.c
libtool: compile:  gcc -DHAVE_CONFIG_H -I. -DBINDIR=\"/usr/local/bin\" -DLIBDIR=\"/usr/local/lib\" -I. -I. -I./../include -DHAVE_all_vecs -W -Wall -Wstrict-prototypes -Wmissing-prototypes -Wshadow -Wstack-usage=262144 -I./../zlib -g -O2 -MT cpu-fr30.lo -MD -MP -MF .deps/cpu-fr30.Tpo -c cpu-fr30.c -o cpu-fr30.o
mv -f .deps/cpu-fr30.Tpo .deps/cpu-fr30.Plo
/bin/bash ./libtool  --tag=CC   --mode=compile gcc -DHAVE_CONFIG_H -I.  -DBINDIR='"/usr/local/bin"' -DLIBDIR='"/usr/local/lib"' -I. -I. -I./../include  -DHAVE_all_vecs   -W -Wall -Wstrict-prototypes -Wmissing-prototypes -Wshadow -Wstack-usage=262144 -I./../zlib -g -O2 -MT cpu-frv.lo -MD -MP -MF .deps/cpu-frv.Tpo -c -o cpu-frv.lo cpu-frv.c
libtool: compile:  gcc -DHAVE_CONFIG_H -I. -DBINDIR=\"/usr/local/bin\" -DLIBDIR=\"/usr/local/lib\" -I. -I. -I./../include -DHAVE_all_vecs -W -Wall -Wstrict-prototypes -Wmissing-prototypes -Wshadow -Wstack-usage=262144 -I./../zlib -g -O2 -MT cpu-frv.lo -MD -MP -MF .deps/cpu-frv.Tpo -c cpu-frv.c -o cpu-frv.o
mv -f .deps/cpu-frv.Tpo .deps/cpu-frv.Plo
/bin/bash ./libtool  --tag=CC   --mode=compile gcc -DHAVE_CONFIG_H -I.  -DBINDIR='"/usr/local/bin"' -DLIBDIR='"/usr/local/lib"' -I. -I. -I./../include  -DHAVE_all_vecs   -W -Wall -Wstrict-prototypes -Wmissing-prototypes -Wshadow -Wstack-usage=262144 -I./../zlib -g -O2 -MT cpu-ft32.lo -MD -MP -MF .deps/cpu-ft32.Tpo -c -o cpu-ft32.lo cpu-ft32.c
libtool: compile:  gcc -DHAVE_CONFIG_H -I. -DBINDIR=\"/usr/local/bin\" -DLIBDIR=\"/usr/local/lib\" -I. -I. -I./../include -DHAVE_all_vecs -W -Wall -Wstrict-prototypes -Wmissing-prototypes -Wshadow -Wstack-usage=262144 -I./../zlib -g -O2 -MT cpu-ft32.lo -MD -MP -MF .deps/cpu-ft32.Tpo -c cpu-ft32.c -o cpu-ft32.o
mv -f .deps/cpu-ft32.Tpo .deps/cpu-ft32.Plo
/bin/bash ./libtool  --tag=CC   --mode=compile gcc -DHAVE_CONFIG_H -I.  -DBINDIR='"/usr/local/bin"' -DLIBDIR='"/usr/local/lib"' -I. -I. -I./../include  -DHAVE_all_vecs   -W -Wall -Wstrict-prototypes -Wmissing-prototypes -Wshadow -Wstack-usage=262144 -I./../zlib -g -O2 -MT cpu-h8300.lo -MD -MP -MF .deps/cpu-h8300.Tpo -c -o cpu-h8300.lo cpu-h8300.c
libtool: compile:  gcc -DHAVE_CONFIG_H -I. -DBINDIR=\"/usr/local/bin\" -DLIBDIR=\"/usr/local/lib\" -I. -I. -I./../include -DHAVE_all_vecs -W -Wall -Wstrict-prototypes -Wmissing-prototypes -Wshadow -Wstack-usage=262144 -I./../zlib -g -O2 -MT cpu-h8300.lo -MD -MP -MF .deps/cpu-h8300.Tpo -c cpu-h8300.c -o cpu-h8300.o
mv -f .deps/cpu-h8300.Tpo .deps/cpu-h8300.Plo
/bin/bash ./libtool  --tag=CC   --mode=compile gcc -DHAVE_CONFIG_H -I.  -DBINDIR='"/usr/local/bin"' -DLIBDIR='"/usr/local/lib"' -I. -I. -I./../include  -DHAVE_all_vecs   -W -Wall -Wstrict-prototypes -Wmissing-prototypes -Wshadow -Wstack-usage=262144 -I./../zlib -g -O2 -MT cpu-hppa.lo -MD -MP -MF .deps/cpu-hppa.Tpo -c -o cpu-hppa.lo cpu-hppa.c
libtool: compile:  gcc -DHAVE_CONFIG_H -I. -DBINDIR=\"/usr/local/bin\" -DLIBDIR=\"/usr/local/lib\" -I. -I. -I./../include -DHAVE_all_vecs -W -Wall -Wstrict-prototypes -Wmissing-prototypes -Wshadow -Wstack-usage=262144 -I./../zlib -g -O2 -MT cpu-hppa.lo -MD -MP -MF .deps/cpu-hppa.Tpo -c cpu-hppa.c -o cpu-hppa.o
mv -f .deps/cpu-hppa.Tpo .deps/cpu-hppa.Plo
/bin/bash ./libtool  --tag=CC   --mode=compile gcc -DHAVE_CONFIG_H -I.  -DBINDIR='"/usr/local/bin"' -DLIBDIR='"/usr/local/lib"' -I. -I. -I./../include  -DHAVE_all_vecs   -W -Wall -Wstrict-prototypes -Wmissing-prototypes -Wshadow -Wstack-usage=262144 -I./../zlib -g -O2 -MT cpu-ia64.lo -MD -MP -MF .deps/cpu-ia64.Tpo -c -o cpu-ia64.lo cpu-ia64.c
libtool: compile:  gcc -DHAVE_CONFIG_H -I. -DBINDIR=\"/usr/local/bin\" -DLIBDIR=\"/usr/local/lib\" -I. -I. -I./../include -DHAVE_all_vecs -W -Wall -Wstrict-prototypes -Wmissing-prototypes -Wshadow -Wstack-usage=262144 -I./../zlib -g -O2 -MT cpu-ia64.lo -MD -MP -MF .deps/cpu-ia64.Tpo -c cpu-ia64.c -o cpu-ia64.o
mv -f .deps/cpu-ia64.Tpo .deps/cpu-ia64.Plo
/bin/bash ./libtool  --tag=CC   --mode=compile gcc -DHAVE_CONFIG_H -I.  -DBINDIR='"/usr/local/bin"' -DLIBDIR='"/usr/local/lib"' -I. -I. -I./../include  -DHAVE_all_vecs   -W -Wall -Wstrict-prototypes -Wmissing-prototypes -Wshadow -Wstack-usage=262144 -I./../zlib -g -O2 -MT cpu-ip2k.lo -MD -MP -MF .deps/cpu-ip2k.Tpo -c -o cpu-ip2k.lo cpu-ip2k.c
libtool: compile:  gcc -DHAVE_CONFIG_H -I. -DBINDIR=\"/usr/local/bin\" -DLIBDIR=\"/usr/local/lib\" -I. -I. -I./../include -DHAVE_all_vecs -W -Wall -Wstrict-prototypes -Wmissing-prototypes -Wshadow -Wstack-usage=262144 -I./../zlib -g -O2 -MT cpu-ip2k.lo -MD -MP -MF .deps/cpu-ip2k.Tpo -c cpu-ip2k.c -o cpu-ip2k.o
mv -f .deps/cpu-ip2k.Tpo .deps/cpu-ip2k.Plo
/bin/bash ./libtool  --tag=CC   --mode=compile gcc -DHAVE_CONFIG_H -I.  -DBINDIR='"/usr/local/bin"' -DLIBDIR='"/usr/local/lib"' -I. -I. -I./../include  -DHAVE_all_vecs   -W -Wall -Wstrict-prototypes -Wmissing-prototypes -Wshadow -Wstack-usage=262144 -I./../zlib -g -O2 -MT cpu-iq2000.lo -MD -MP -MF .deps/cpu-iq2000.Tpo -c -o cpu-iq2000.lo cpu-iq2000.c
libtool: compile:  gcc -DHAVE_CONFIG_H -I. -DBINDIR=\"/usr/local/bin\" -DLIBDIR=\"/usr/local/lib\" -I. -I. -I./../include -DHAVE_all_vecs -W -Wall -Wstrict-prototypes -Wmissing-prototypes -Wshadow -Wstack-usage=262144 -I./../zlib -g -O2 -MT cpu-iq2000.lo -MD -MP -MF .deps/cpu-iq2000.Tpo -c cpu-iq2000.c -o cpu-iq2000.o
mv -f .deps/cpu-iq2000.Tpo .deps/cpu-iq2000.Plo
/bin/bash ./libtool  --tag=CC   --mode=compile gcc -DHAVE_CONFIG_H -I.  -DBINDIR='"/usr/local/bin"' -DLIBDIR='"/usr/local/lib"' -I. -I. -I./../include  -DHAVE_all_vecs   -W -Wall -Wstrict-prototypes -Wmissing-prototypes -Wshadow -Wstack-usage=262144 -I./../zlib -g -O2 -MT cpu-lm32.lo -MD -MP -MF .deps/cpu-lm32.Tpo -c -o cpu-lm32.lo cpu-lm32.c
libtool: compile:  gcc -DHAVE_CONFIG_H -I. -DBINDIR=\"/usr/local/bin\" -DLIBDIR=\"/usr/local/lib\" -I. -I. -I./../include -DHAVE_all_vecs -W -Wall -Wstrict-prototypes -Wmissing-prototypes -Wshadow -Wstack-usage=262144 -I./../zlib -g -O2 -MT cpu-lm32.lo -MD -MP -MF .deps/cpu-lm32.Tpo -c cpu-lm32.c -o cpu-lm32.o
mv -f .deps/cpu-lm32.Tpo .deps/cpu-lm32.Plo
/bin/bash ./libtool  --tag=CC   --mode=compile gcc -DHAVE_CONFIG_H -I.  -DBINDIR='"/usr/local/bin"' -DLIBDIR='"/usr/local/lib"' -I. -I. -I./../include  -DHAVE_all_vecs   -W -Wall -Wstrict-prototypes -Wmissing-prototypes -Wshadow -Wstack-usage=262144 -I./../zlib -g -O2 -MT cpu-m10200.lo -MD -MP -MF .deps/cpu-m10200.Tpo -c -o cpu-m10200.lo cpu-m10200.c
libtool: compile:  gcc -DHAVE_CONFIG_H -I. -DBINDIR=\"/usr/local/bin\" -DLIBDIR=\"/usr/local/lib\" -I. -I. -I./../include -DHAVE_all_vecs -W -Wall -Wstrict-prototypes -Wmissing-prototypes -Wshadow -Wstack-usage=262144 -I./../zlib -g -O2 -MT cpu-m10200.lo -MD -MP -MF .deps/cpu-m10200.Tpo -c cpu-m10200.c -o cpu-m10200.o
mv -f .deps/cpu-m10200.Tpo .deps/cpu-m10200.Plo
/bin/bash ./libtool  --tag=CC   --mode=compile gcc -DHAVE_CONFIG_H -I.  -DBINDIR='"/usr/local/bin"' -DLIBDIR='"/usr/local/lib"' -I. -I. -I./../include  -DHAVE_all_vecs   -W -Wall -Wstrict-prototypes -Wmissing-prototypes -Wshadow -Wstack-usage=262144 -I./../zlib -g -O2 -MT cpu-m10300.lo -MD -MP -MF .deps/cpu-m10300.Tpo -c -o cpu-m10300.lo cpu-m10300.c
libtool: compile:  gcc -DHAVE_CONFIG_H -I. -DBINDIR=\"/usr/local/bin\" -DLIBDIR=\"/usr/local/lib\" -I. -I. -I./../include -DHAVE_all_vecs -W -Wall -Wstrict-prototypes -Wmissing-prototypes -Wshadow -Wstack-usage=262144 -I./../zlib -g -O2 -MT cpu-m10300.lo -MD -MP -MF .deps/cpu-m10300.Tpo -c cpu-m10300.c -o cpu-m10300.o
mv -f .deps/cpu-m10300.Tpo .deps/cpu-m10300.Plo
/bin/bash ./libtool  --tag=CC   --mode=compile gcc -DHAVE_CONFIG_H -I.  -DBINDIR='"/usr/local/bin"' -DLIBDIR='"/usr/local/lib"' -I. -I. -I./../include  -DHAVE_all_vecs   -W -Wall -Wstrict-prototypes -Wmissing-prototypes -Wshadow -Wstack-usage=262144 -I./../zlib -g -O2 -MT cpu-m32c.lo -MD -MP -MF .deps/cpu-m32c.Tpo -c -o cpu-m32c.lo cpu-m32c.c
libtool: compile:  gcc -DHAVE_CONFIG_H -I. -DBINDIR=\"/usr/local/bin\" -DLIBDIR=\"/usr/local/lib\" -I. -I. -I./../include -DHAVE_all_vecs -W -Wall -Wstrict-prototypes -Wmissing-prototypes -Wshadow -Wstack-usage=262144 -I./../zlib -g -O2 -MT cpu-m32c.lo -MD -MP -MF .deps/cpu-m32c.Tpo -c cpu-m32c.c -o cpu-m32c.o
mv -f .deps/cpu-m32c.Tpo .deps/cpu-m32c.Plo
/bin/bash ./libtool  --tag=CC   --mode=compile gcc -DHAVE_CONFIG_H -I.  -DBINDIR='"/usr/local/bin"' -DLIBDIR='"/usr/local/lib"' -I. -I. -I./../include  -DHAVE_all_vecs   -W -Wall -Wstrict-prototypes -Wmissing-prototypes -Wshadow -Wstack-usage=262144 -I./../zlib -g -O2 -MT cpu-m32r.lo -MD -MP -MF .deps/cpu-m32r.Tpo -c -o cpu-m32r.lo cpu-m32r.c
libtool: compile:  gcc -DHAVE_CONFIG_H -I. -DBINDIR=\"/usr/local/bin\" -DLIBDIR=\"/usr/local/lib\" -I. -I. -I./../include -DHAVE_all_vecs -W -Wall -Wstrict-prototypes -Wmissing-prototypes -Wshadow -Wstack-usage=262144 -I./../zlib -g -O2 -MT cpu-m32r.lo -MD -MP -MF .deps/cpu-m32r.Tpo -c cpu-m32r.c -o cpu-m32r.o
mv -f .deps/cpu-m32r.Tpo .deps/cpu-m32r.Plo
/bin/bash ./libtool  --tag=CC   --mode=compile gcc -DHAVE_CONFIG_H -I.  -DBINDIR='"/usr/local/bin"' -DLIBDIR='"/usr/local/lib"' -I. -I. -I./../include  -DHAVE_all_vecs   -W -Wall -Wstrict-prototypes -Wmissing-prototypes -Wshadow -Wstack-usage=262144 -I./../zlib -g -O2 -MT cpu-m68hc11.lo -MD -MP -MF .deps/cpu-m68hc11.Tpo -c -o cpu-m68hc11.lo cpu-m68hc11.c
libtool: compile:  gcc -DHAVE_CONFIG_H -I. -DBINDIR=\"/usr/local/bin\" -DLIBDIR=\"/usr/local/lib\" -I. -I. -I./../include -DHAVE_all_vecs -W -Wall -Wstrict-prototypes -Wmissing-prototypes -Wshadow -Wstack-usage=262144 -I./../zlib -g -O2 -MT cpu-m68hc11.lo -MD -MP -MF .deps/cpu-m68hc11.Tpo -c cpu-m68hc11.c -o cpu-m68hc11.o
mv -f .deps/cpu-m68hc11.Tpo .deps/cpu-m68hc11.Plo
/bin/bash ./libtool  --tag=CC   --mode=compile gcc -DHAVE_CONFIG_H -I.  -DBINDIR='"/usr/local/bin"' -DLIBDIR='"/usr/local/lib"' -I. -I. -I./../include  -DHAVE_all_vecs   -W -Wall -Wstrict-prototypes -Wmissing-prototypes -Wshadow -Wstack-usage=262144 -I./../zlib -g -O2 -MT cpu-m68hc12.lo -MD -MP -MF .deps/cpu-m68hc12.Tpo -c -o cpu-m68hc12.lo cpu-m68hc12.c
libtool: compile:  gcc -DHAVE_CONFIG_H -I. -DBINDIR=\"/usr/local/bin\" -DLIBDIR=\"/usr/local/lib\" -I. -I. -I./../include -DHAVE_all_vecs -W -Wall -Wstrict-prototypes -Wmissing-prototypes -Wshadow -Wstack-usage=262144 -I./../zlib -g -O2 -MT cpu-m68hc12.lo -MD -MP -MF .deps/cpu-m68hc12.Tpo -c cpu-m68hc12.c -o cpu-m68hc12.o
mv -f .deps/cpu-m68hc12.Tpo .deps/cpu-m68hc12.Plo
/bin/bash ./libtool  --tag=CC   --mode=compile gcc -DHAVE_CONFIG_H -I.  -DBINDIR='"/usr/local/bin"' -DLIBDIR='"/usr/local/lib"' -I. -I. -I./../include  -DHAVE_all_vecs   -W -Wall -Wstrict-prototypes -Wmissing-prototypes -Wshadow -Wstack-usage=262144 -I./../zlib -g -O2 -MT cpu-m9s12x.lo -MD -MP -MF .deps/cpu-m9s12x.Tpo -c -o cpu-m9s12x.lo cpu-m9s12x.c
libtool: compile:  gcc -DHAVE_CONFIG_H -I. -DBINDIR=\"/usr/local/bin\" -DLIBDIR=\"/usr/local/lib\" -I. -I. -I./../include -DHAVE_all_vecs -W -Wall -Wstrict-prototypes -Wmissing-prototypes -Wshadow -Wstack-usage=262144 -I./../zlib -g -O2 -MT cpu-m9s12x.lo -MD -MP -MF .deps/cpu-m9s12x.Tpo -c cpu-m9s12x.c -o cpu-m9s12x.o
mv -f .deps/cpu-m9s12x.Tpo .deps/cpu-m9s12x.Plo
/bin/bash ./libtool  --tag=CC   --mode=compile gcc -DHAVE_CONFIG_H -I.  -DBINDIR='"/usr/local/bin"' -DLIBDIR='"/usr/local/lib"' -I. -I. -I./../include  -DHAVE_all_vecs   -W -Wall -Wstrict-prototypes -Wmissing-prototypes -Wshadow -Wstack-usage=262144 -I./../zlib -g -O2 -MT cpu-s12z.lo -MD -MP -MF .deps/cpu-s12z.Tpo -c -o cpu-s12z.lo cpu-s12z.c
libtool: compile:  gcc -DHAVE_CONFIG_H -I. -DBINDIR=\"/usr/local/bin\" -DLIBDIR=\"/usr/local/lib\" -I. -I. -I./../include -DHAVE_all_vecs -W -Wall -Wstrict-prototypes -Wmissing-prototypes -Wshadow -Wstack-usage=262144 -I./../zlib -g -O2 -MT cpu-s12z.lo -MD -MP -MF .deps/cpu-s12z.Tpo -c cpu-s12z.c -o cpu-s12z.o
mv -f .deps/cpu-s12z.Tpo .deps/cpu-s12z.Plo
/bin/bash ./libtool  --tag=CC   --mode=compile gcc -DHAVE_CONFIG_H -I.  -DBINDIR='"/usr/local/bin"' -DLIBDIR='"/usr/local/lib"' -I. -I. -I./../include  -DHAVE_all_vecs   -W -Wall -Wstrict-prototypes -Wmissing-prototypes -Wshadow -Wstack-usage=262144 -I./../zlib -g -O2 -MT cpu-m9s12xg.lo -MD -MP -MF .deps/cpu-m9s12xg.Tpo -c -o cpu-m9s12xg.lo cpu-m9s12xg.c
libtool: compile:  gcc -DHAVE_CONFIG_H -I. -DBINDIR=\"/usr/local/bin\" -DLIBDIR=\"/usr/local/lib\" -I. -I. -I./../include -DHAVE_all_vecs -W -Wall -Wstrict-prototypes -Wmissing-prototypes -Wshadow -Wstack-usage=262144 -I./../zlib -g -O2 -MT cpu-m9s12xg.lo -MD -MP -MF .deps/cpu-m9s12xg.Tpo -c cpu-m9s12xg.c -o cpu-m9s12xg.o
mv -f .deps/cpu-m9s12xg.Tpo .deps/cpu-m9s12xg.Plo
/bin/bash ./libtool  --tag=CC   --mode=compile gcc -DHAVE_CONFIG_H -I.  -DBINDIR='"/usr/local/bin"' -DLIBDIR='"/usr/local/lib"' -I. -I. -I./../include  -DHAVE_all_vecs   -W -Wall -Wstrict-prototypes -Wmissing-prototypes -Wshadow -Wstack-usage=262144 -I./../zlib -g -O2 -MT cpu-m68k.lo -MD -MP -MF .deps/cpu-m68k.Tpo -c -o cpu-m68k.lo cpu-m68k.c
libtool: compile:  gcc -DHAVE_CONFIG_H -I. -DBINDIR=\"/usr/local/bin\" -DLIBDIR=\"/usr/local/lib\" -I. -I. -I./../include -DHAVE_all_vecs -W -Wall -Wstrict-prototypes -Wmissing-prototypes -Wshadow -Wstack-usage=262144 -I./../zlib -g -O2 -MT cpu-m68k.lo -MD -MP -MF .deps/cpu-m68k.Tpo -c cpu-m68k.c -o cpu-m68k.o
mv -f .deps/cpu-m68k.Tpo .deps/cpu-m68k.Plo
/bin/bash ./libtool  --tag=CC   --mode=compile gcc -DHAVE_CONFIG_H -I.  -DBINDIR='"/usr/local/bin"' -DLIBDIR='"/usr/local/lib"' -I. -I. -I./../include  -DHAVE_all_vecs   -W -Wall -Wstrict-prototypes -Wmissing-prototypes -Wshadow -Wstack-usage=262144 -I./../zlib -g -O2 -MT cpu-mcore.lo -MD -MP -MF .deps/cpu-mcore.Tpo -c -o cpu-mcore.lo cpu-mcore.c
libtool: compile:  gcc -DHAVE_CONFIG_H -I. -DBINDIR=\"/usr/local/bin\" -DLIBDIR=\"/usr/local/lib\" -I. -I. -I./../include -DHAVE_all_vecs -W -Wall -Wstrict-prototypes -Wmissing-prototypes -Wshadow -Wstack-usage=262144 -I./../zlib -g -O2 -MT cpu-mcore.lo -MD -MP -MF .deps/cpu-mcore.Tpo -c cpu-mcore.c -o cpu-mcore.o
mv -f .deps/cpu-mcore.Tpo .deps/cpu-mcore.Plo
/bin/bash ./libtool  --tag=CC   --mode=compile gcc -DHAVE_CONFIG_H -I.  -DBINDIR='"/usr/local/bin"' -DLIBDIR='"/usr/local/lib"' -I. -I. -I./../include  -DHAVE_all_vecs   -W -Wall -Wstrict-prototypes -Wmissing-prototypes -Wshadow -Wstack-usage=262144 -I./../zlib -g -O2 -MT cpu-mep.lo -MD -MP -MF .deps/cpu-mep.Tpo -c -o cpu-mep.lo cpu-mep.c
libtool: compile:  gcc -DHAVE_CONFIG_H -I. -DBINDIR=\"/usr/local/bin\" -DLIBDIR=\"/usr/local/lib\" -I. -I. -I./../include -DHAVE_all_vecs -W -Wall -Wstrict-prototypes -Wmissing-prototypes -Wshadow -Wstack-usage=262144 -I./../zlib -g -O2 -MT cpu-mep.lo -MD -MP -MF .deps/cpu-mep.Tpo -c cpu-mep.c -o cpu-mep.o
mv -f .deps/cpu-mep.Tpo .deps/cpu-mep.Plo
/bin/bash ./libtool  --tag=CC   --mode=compile gcc -DHAVE_CONFIG_H -I.  -DBINDIR='"/usr/local/bin"' -DLIBDIR='"/usr/local/lib"' -I. -I. -I./../include  -DHAVE_all_vecs   -W -Wall -Wstrict-prototypes -Wmissing-prototypes -Wshadow -Wstack-usage=262144 -I./../zlib -g -O2 -MT cpu-metag.lo -MD -MP -MF .deps/cpu-metag.Tpo -c -o cpu-metag.lo cpu-metag.c
libtool: compile:  gcc -DHAVE_CONFIG_H -I. -DBINDIR=\"/usr/local/bin\" -DLIBDIR=\"/usr/local/lib\" -I. -I. -I./../include -DHAVE_all_vecs -W -Wall -Wstrict-prototypes -Wmissing-prototypes -Wshadow -Wstack-usage=262144 -I./../zlib -g -O2 -MT cpu-metag.lo -MD -MP -MF .deps/cpu-metag.Tpo -c cpu-metag.c -o cpu-metag.o
mv -f .deps/cpu-metag.Tpo .deps/cpu-metag.Plo
/bin/bash ./libtool  --tag=CC   --mode=compile gcc -DHAVE_CONFIG_H -I.  -DBINDIR='"/usr/local/bin"' -DLIBDIR='"/usr/local/lib"' -I. -I. -I./../include  -DHAVE_all_vecs   -W -Wall -Wstrict-prototypes -Wmissing-prototypes -Wshadow -Wstack-usage=262144 -I./../zlib -g -O2 -MT cpu-microblaze.lo -MD -MP -MF .deps/cpu-microblaze.Tpo -c -o cpu-microblaze.lo cpu-microblaze.c
libtool: compile:  gcc -DHAVE_CONFIG_H -I. -DBINDIR=\"/usr/local/bin\" -DLIBDIR=\"/usr/local/lib\" -I. -I. -I./../include -DHAVE_all_vecs -W -Wall -Wstrict-prototypes -Wmissing-prototypes -Wshadow -Wstack-usage=262144 -I./../zlib -g -O2 -MT cpu-microblaze.lo -MD -MP -MF .deps/cpu-microblaze.Tpo -c cpu-microblaze.c -o cpu-microblaze.o
mv -f .deps/cpu-microblaze.Tpo .deps/cpu-microblaze.Plo
/bin/bash ./libtool  --tag=CC   --mode=compile gcc -DHAVE_CONFIG_H -I.  -DBINDIR='"/usr/local/bin"' -DLIBDIR='"/usr/local/lib"' -I. -I. -I./../include  -DHAVE_all_vecs   -W -Wall -Wstrict-prototypes -Wmissing-prototypes -Wshadow -Wstack-usage=262144 -I./../zlib -g -O2 -MT cpu-mips.lo -MD -MP -MF .deps/cpu-mips.Tpo -c -o cpu-mips.lo cpu-mips.c
libtool: compile:  gcc -DHAVE_CONFIG_H -I. -DBINDIR=\"/usr/local/bin\" -DLIBDIR=\"/usr/local/lib\" -I. -I. -I./../include -DHAVE_all_vecs -W -Wall -Wstrict-prototypes -Wmissing-prototypes -Wshadow -Wstack-usage=262144 -I./../zlib -g -O2 -MT cpu-mips.lo -MD -MP -MF .deps/cpu-mips.Tpo -c cpu-mips.c -o cpu-mips.o
mv -f .deps/cpu-mips.Tpo .deps/cpu-mips.Plo
/bin/bash ./libtool  --tag=CC   --mode=compile gcc -DHAVE_CONFIG_H -I.  -DBINDIR='"/usr/local/bin"' -DLIBDIR='"/usr/local/lib"' -I. -I. -I./../include  -DHAVE_all_vecs   -W -Wall -Wstrict-prototypes -Wmissing-prototypes -Wshadow -Wstack-usage=262144 -I./../zlib -g -O2 -MT cpu-mmix.lo -MD -MP -MF .deps/cpu-mmix.Tpo -c -o cpu-mmix.lo cpu-mmix.c
libtool: compile:  gcc -DHAVE_CONFIG_H -I. -DBINDIR=\"/usr/local/bin\" -DLIBDIR=\"/usr/local/lib\" -I. -I. -I./../include -DHAVE_all_vecs -W -Wall -Wstrict-prototypes -Wmissing-prototypes -Wshadow -Wstack-usage=262144 -I./../zlib -g -O2 -MT cpu-mmix.lo -MD -MP -MF .deps/cpu-mmix.Tpo -c cpu-mmix.c -o cpu-mmix.o
mv -f .deps/cpu-mmix.Tpo .deps/cpu-mmix.Plo
/bin/bash ./libtool  --tag=CC   --mode=compile gcc -DHAVE_CONFIG_H -I.  -DBINDIR='"/usr/local/bin"' -DLIBDIR='"/usr/local/lib"' -I. -I. -I./../include  -DHAVE_all_vecs   -W -Wall -Wstrict-prototypes -Wmissing-prototypes -Wshadow -Wstack-usage=262144 -I./../zlib -g -O2 -MT cpu-moxie.lo -MD -MP -MF .deps/cpu-moxie.Tpo -c -o cpu-moxie.lo cpu-moxie.c
libtool: compile:  gcc -DHAVE_CONFIG_H -I. -DBINDIR=\"/usr/local/bin\" -DLIBDIR=\"/usr/local/lib\" -I. -I. -I./../include -DHAVE_all_vecs -W -Wall -Wstrict-prototypes -Wmissing-prototypes -Wshadow -Wstack-usage=262144 -I./../zlib -g -O2 -MT cpu-moxie.lo -MD -MP -MF .deps/cpu-moxie.Tpo -c cpu-moxie.c -o cpu-moxie.o
mv -f .deps/cpu-moxie.Tpo .deps/cpu-moxie.Plo
/bin/bash ./libtool  --tag=CC   --mode=compile gcc -DHAVE_CONFIG_H -I.  -DBINDIR='"/usr/local/bin"' -DLIBDIR='"/usr/local/lib"' -I. -I. -I./../include  -DHAVE_all_vecs   -W -Wall -Wstrict-prototypes -Wmissing-prototypes -Wshadow -Wstack-usage=262144 -I./../zlib -g -O2 -MT cpu-msp430.lo -MD -MP -MF .deps/cpu-msp430.Tpo -c -o cpu-msp430.lo cpu-msp430.c
libtool: compile:  gcc -DHAVE_CONFIG_H -I. -DBINDIR=\"/usr/local/bin\" -DLIBDIR=\"/usr/local/lib\" -I. -I. -I./../include -DHAVE_all_vecs -W -Wall -Wstrict-prototypes -Wmissing-prototypes -Wshadow -Wstack-usage=262144 -I./../zlib -g -O2 -MT cpu-msp430.lo -MD -MP -MF .deps/cpu-msp430.Tpo -c cpu-msp430.c -o cpu-msp430.o
mv -f .deps/cpu-msp430.Tpo .deps/cpu-msp430.Plo
/bin/bash ./libtool  --tag=CC   --mode=compile gcc -DHAVE_CONFIG_H -I.  -DBINDIR='"/usr/local/bin"' -DLIBDIR='"/usr/local/lib"' -I. -I. -I./../include  -DHAVE_all_vecs   -W -Wall -Wstrict-prototypes -Wmissing-prototypes -Wshadow -Wstack-usage=262144 -I./../zlib -g -O2 -MT cpu-mt.lo -MD -MP -MF .deps/cpu-mt.Tpo -c -o cpu-mt.lo cpu-mt.c
libtool: compile:  gcc -DHAVE_CONFIG_H -I. -DBINDIR=\"/usr/local/bin\" -DLIBDIR=\"/usr/local/lib\" -I. -I. -I./../include -DHAVE_all_vecs -W -Wall -Wstrict-prototypes -Wmissing-prototypes -Wshadow -Wstack-usage=262144 -I./../zlib -g -O2 -MT cpu-mt.lo -MD -MP -MF .deps/cpu-mt.Tpo -c cpu-mt.c -o cpu-mt.o
mv -f .deps/cpu-mt.Tpo .deps/cpu-mt.Plo
/bin/bash ./libtool  --tag=CC   --mode=compile gcc -DHAVE_CONFIG_H -I.  -DBINDIR='"/usr/local/bin"' -DLIBDIR='"/usr/local/lib"' -I. -I. -I./../include  -DHAVE_all_vecs   -W -Wall -Wstrict-prototypes -Wmissing-prototypes -Wshadow -Wstack-usage=262144 -I./../zlib -g -O2 -MT cpu-nds32.lo -MD -MP -MF .deps/cpu-nds32.Tpo -c -o cpu-nds32.lo cpu-nds32.c
libtool: compile:  gcc -DHAVE_CONFIG_H -I. -DBINDIR=\"/usr/local/bin\" -DLIBDIR=\"/usr/local/lib\" -I. -I. -I./../include -DHAVE_all_vecs -W -Wall -Wstrict-prototypes -Wmissing-prototypes -Wshadow -Wstack-usage=262144 -I./../zlib -g -O2 -MT cpu-nds32.lo -MD -MP -MF .deps/cpu-nds32.Tpo -c cpu-nds32.c -o cpu-nds32.o
mv -f .deps/cpu-nds32.Tpo .deps/cpu-nds32.Plo
/bin/bash ./libtool  --tag=CC   --mode=compile gcc -DHAVE_CONFIG_H -I.  -DBINDIR='"/usr/local/bin"' -DLIBDIR='"/usr/local/lib"' -I. -I. -I./../include  -DHAVE_all_vecs   -W -Wall -Wstrict-prototypes -Wmissing-prototypes -Wshadow -Wstack-usage=262144 -I./../zlib -g -O2 -MT cpu-nfp.lo -MD -MP -MF .deps/cpu-nfp.Tpo -c -o cpu-nfp.lo cpu-nfp.c
libtool: compile:  gcc -DHAVE_CONFIG_H -I. -DBINDIR=\"/usr/local/bin\" -DLIBDIR=\"/usr/local/lib\" -I. -I. -I./../include -DHAVE_all_vecs -W -Wall -Wstrict-prototypes -Wmissing-prototypes -Wshadow -Wstack-usage=262144 -I./../zlib -g -O2 -MT cpu-nfp.lo -MD -MP -MF .deps/cpu-nfp.Tpo -c cpu-nfp.c -o cpu-nfp.o
mv -f .deps/cpu-nfp.Tpo .deps/cpu-nfp.Plo
/bin/bash ./libtool  --tag=CC   --mode=compile gcc -DHAVE_CONFIG_H -I.  -DBINDIR='"/usr/local/bin"' -DLIBDIR='"/usr/local/lib"' -I. -I. -I./../include  -DHAVE_all_vecs   -W -Wall -Wstrict-prototypes -Wmissing-prototypes -Wshadow -Wstack-usage=262144 -I./../zlib -g -O2 -MT cpu-nios2.lo -MD -MP -MF .deps/cpu-nios2.Tpo -c -o cpu-nios2.lo cpu-nios2.c
libtool: compile:  gcc -DHAVE_CONFIG_H -I. -DBINDIR=\"/usr/local/bin\" -DLIBDIR=\"/usr/local/lib\" -I. -I. -I./../include -DHAVE_all_vecs -W -Wall -Wstrict-prototypes -Wmissing-prototypes -Wshadow -Wstack-usage=262144 -I./../zlib -g -O2 -MT cpu-nios2.lo -MD -MP -MF .deps/cpu-nios2.Tpo -c cpu-nios2.c -o cpu-nios2.o
mv -f .deps/cpu-nios2.Tpo .deps/cpu-nios2.Plo
/bin/bash ./libtool  --tag=CC   --mode=compile gcc -DHAVE_CONFIG_H -I.  -DBINDIR='"/usr/local/bin"' -DLIBDIR='"/usr/local/lib"' -I. -I. -I./../include  -DHAVE_all_vecs   -W -Wall -Wstrict-prototypes -Wmissing-prototypes -Wshadow -Wstack-usage=262144 -I./../zlib -g -O2 -MT cpu-ns32k.lo -MD -MP -MF .deps/cpu-ns32k.Tpo -c -o cpu-ns32k.lo cpu-ns32k.c
libtool: compile:  gcc -DHAVE_CONFIG_H -I. -DBINDIR=\"/usr/local/bin\" -DLIBDIR=\"/usr/local/lib\" -I. -I. -I./../include -DHAVE_all_vecs -W -Wall -Wstrict-prototypes -Wmissing-prototypes -Wshadow -Wstack-usage=262144 -I./../zlib -g -O2 -MT cpu-ns32k.lo -MD -MP -MF .deps/cpu-ns32k.Tpo -c cpu-ns32k.c -o cpu-ns32k.o
mv -f .deps/cpu-ns32k.Tpo .deps/cpu-ns32k.Plo
/bin/bash ./libtool  --tag=CC   --mode=compile gcc -DHAVE_CONFIG_H -I.  -DBINDIR='"/usr/local/bin"' -DLIBDIR='"/usr/local/lib"' -I. -I. -I./../include  -DHAVE_all_vecs   -W -Wall -Wstrict-prototypes -Wmissing-prototypes -Wshadow -Wstack-usage=262144 -I./../zlib -g -O2 -MT cpu-or1k.lo -MD -MP -MF .deps/cpu-or1k.Tpo -c -o cpu-or1k.lo cpu-or1k.c
libtool: compile:  gcc -DHAVE_CONFIG_H -I. -DBINDIR=\"/usr/local/bin\" -DLIBDIR=\"/usr/local/lib\" -I. -I. -I./../include -DHAVE_all_vecs -W -Wall -Wstrict-prototypes -Wmissing-prototypes -Wshadow -Wstack-usage=262144 -I./../zlib -g -O2 -MT cpu-or1k.lo -MD -MP -MF .deps/cpu-or1k.Tpo -c cpu-or1k.c -o cpu-or1k.o
mv -f .deps/cpu-or1k.Tpo .deps/cpu-or1k.Plo
/bin/bash ./libtool  --tag=CC   --mode=compile gcc -DHAVE_CONFIG_H -I.  -DBINDIR='"/usr/local/bin"' -DLIBDIR='"/usr/local/lib"' -I. -I. -I./../include  -DHAVE_all_vecs   -W -Wall -Wstrict-prototypes -Wmissing-prototypes -Wshadow -Wstack-usage=262144 -I./../zlib -g -O2 -MT cpu-pdp11.lo -MD -MP -MF .deps/cpu-pdp11.Tpo -c -o cpu-pdp11.lo cpu-pdp11.c
libtool: compile:  gcc -DHAVE_CONFIG_H -I. -DBINDIR=\"/usr/local/bin\" -DLIBDIR=\"/usr/local/lib\" -I. -I. -I./../include -DHAVE_all_vecs -W -Wall -Wstrict-prototypes -Wmissing-prototypes -Wshadow -Wstack-usage=262144 -I./../zlib -g -O2 -MT cpu-pdp11.lo -MD -MP -MF .deps/cpu-pdp11.Tpo -c cpu-pdp11.c -o cpu-pdp11.o
mv -f .deps/cpu-pdp11.Tpo .deps/cpu-pdp11.Plo
/bin/bash ./libtool  --tag=CC   --mode=compile gcc -DHAVE_CONFIG_H -I.  -DBINDIR='"/usr/local/bin"' -DLIBDIR='"/usr/local/lib"' -I. -I. -I./../include  -DHAVE_all_vecs   -W -Wall -Wstrict-prototypes -Wmissing-prototypes -Wshadow -Wstack-usage=262144 -I./../zlib -g -O2 -MT cpu-pj.lo -MD -MP -MF .deps/cpu-pj.Tpo -c -o cpu-pj.lo cpu-pj.c
libtool: compile:  gcc -DHAVE_CONFIG_H -I. -DBINDIR=\"/usr/local/bin\" -DLIBDIR=\"/usr/local/lib\" -I. -I. -I./../include -DHAVE_all_vecs -W -Wall -Wstrict-prototypes -Wmissing-prototypes -Wshadow -Wstack-usage=262144 -I./../zlib -g -O2 -MT cpu-pj.lo -MD -MP -MF .deps/cpu-pj.Tpo -c cpu-pj.c -o cpu-pj.o
mv -f .deps/cpu-pj.Tpo .deps/cpu-pj.Plo
/bin/bash ./libtool  --tag=CC   --mode=compile gcc -DHAVE_CONFIG_H -I.  -DBINDIR='"/usr/local/bin"' -DLIBDIR='"/usr/local/lib"' -I. -I. -I./../include  -DHAVE_all_vecs   -W -Wall -Wstrict-prototypes -Wmissing-prototypes -Wshadow -Wstack-usage=262144 -I./../zlib -g -O2 -MT cpu-powerpc.lo -MD -MP -MF .deps/cpu-powerpc.Tpo -c -o cpu-powerpc.lo cpu-powerpc.c
libtool: compile:  gcc -DHAVE_CONFIG_H -I. -DBINDIR=\"/usr/local/bin\" -DLIBDIR=\"/usr/local/lib\" -I. -I. -I./../include -DHAVE_all_vecs -W -Wall -Wstrict-prototypes -Wmissing-prototypes -Wshadow -Wstack-usage=262144 -I./../zlib -g -O2 -MT cpu-powerpc.lo -MD -MP -MF .deps/cpu-powerpc.Tpo -c cpu-powerpc.c -o cpu-powerpc.o
mv -f .deps/cpu-powerpc.Tpo .deps/cpu-powerpc.Plo
/bin/bash ./libtool  --tag=CC   --mode=compile gcc -DHAVE_CONFIG_H -I.  -DBINDIR='"/usr/local/bin"' -DLIBDIR='"/usr/local/lib"' -I. -I. -I./../include  -DHAVE_all_vecs   -W -Wall -Wstrict-prototypes -Wmissing-prototypes -Wshadow -Wstack-usage=262144 -I./../zlib -g -O2 -MT cpu-pru.lo -MD -MP -MF .deps/cpu-pru.Tpo -c -o cpu-pru.lo cpu-pru.c
libtool: compile:  gcc -DHAVE_CONFIG_H -I. -DBINDIR=\"/usr/local/bin\" -DLIBDIR=\"/usr/local/lib\" -I. -I. -I./../include -DHAVE_all_vecs -W -Wall -Wstrict-prototypes -Wmissing-prototypes -Wshadow -Wstack-usage=262144 -I./../zlib -g -O2 -MT cpu-pru.lo -MD -MP -MF .deps/cpu-pru.Tpo -c cpu-pru.c -o cpu-pru.o
mv -f .deps/cpu-pru.Tpo .deps/cpu-pru.Plo
/bin/bash ./libtool  --tag=CC   --mode=compile gcc -DHAVE_CONFIG_H -I.  -DBINDIR='"/usr/local/bin"' -DLIBDIR='"/usr/local/lib"' -I. -I. -I./../include  -DHAVE_all_vecs   -W -Wall -Wstrict-prototypes -Wmissing-prototypes -Wshadow -Wstack-usage=262144 -I./../zlib -g -O2 -MT cpu-rs6000.lo -MD -MP -MF .deps/cpu-rs6000.Tpo -c -o cpu-rs6000.lo cpu-rs6000.c
libtool: compile:  gcc -DHAVE_CONFIG_H -I. -DBINDIR=\"/usr/local/bin\" -DLIBDIR=\"/usr/local/lib\" -I. -I. -I./../include -DHAVE_all_vecs -W -Wall -Wstrict-prototypes -Wmissing-prototypes -Wshadow -Wstack-usage=262144 -I./../zlib -g -O2 -MT cpu-rs6000.lo -MD -MP -MF .deps/cpu-rs6000.Tpo -c cpu-rs6000.c -o cpu-rs6000.o
mv -f .deps/cpu-rs6000.Tpo .deps/cpu-rs6000.Plo
/bin/bash ./libtool  --tag=CC   --mode=compile gcc -DHAVE_CONFIG_H -I.  -DBINDIR='"/usr/local/bin"' -DLIBDIR='"/usr/local/lib"' -I. -I. -I./../include  -DHAVE_all_vecs   -W -Wall -Wstrict-prototypes -Wmissing-prototypes -Wshadow -Wstack-usage=262144 -I./../zlib -g -O2 -MT cpu-riscv.lo -MD -MP -MF .deps/cpu-riscv.Tpo -c -o cpu-riscv.lo cpu-riscv.c
libtool: compile:  gcc -DHAVE_CONFIG_H -I. -DBINDIR=\"/usr/local/bin\" -DLIBDIR=\"/usr/local/lib\" -I. -I. -I./../include -DHAVE_all_vecs -W -Wall -Wstrict-prototypes -Wmissing-prototypes -Wshadow -Wstack-usage=262144 -I./../zlib -g -O2 -MT cpu-riscv.lo -MD -MP -MF .deps/cpu-riscv.Tpo -c cpu-riscv.c -o cpu-riscv.o
mv -f .deps/cpu-riscv.Tpo .deps/cpu-riscv.Plo
/bin/bash ./libtool  --tag=CC   --mode=compile gcc -DHAVE_CONFIG_H -I.  -DBINDIR='"/usr/local/bin"' -DLIBDIR='"/usr/local/lib"' -I. -I. -I./../include  -DHAVE_all_vecs   -W -Wall -Wstrict-prototypes -Wmissing-prototypes -Wshadow -Wstack-usage=262144 -I./../zlib -g -O2 -MT cpu-rl78.lo -MD -MP -MF .deps/cpu-rl78.Tpo -c -o cpu-rl78.lo cpu-rl78.c
libtool: compile:  gcc -DHAVE_CONFIG_H -I. -DBINDIR=\"/usr/local/bin\" -DLIBDIR=\"/usr/local/lib\" -I. -I. -I./../include -DHAVE_all_vecs -W -Wall -Wstrict-prototypes -Wmissing-prototypes -Wshadow -Wstack-usage=262144 -I./../zlib -g -O2 -MT cpu-rl78.lo -MD -MP -MF .deps/cpu-rl78.Tpo -c cpu-rl78.c -o cpu-rl78.o
mv -f .deps/cpu-rl78.Tpo .deps/cpu-rl78.Plo
/bin/bash ./libtool  --tag=CC   --mode=compile gcc -DHAVE_CONFIG_H -I.  -DBINDIR='"/usr/local/bin"' -DLIBDIR='"/usr/local/lib"' -I. -I. -I./../include  -DHAVE_all_vecs   -W -Wall -Wstrict-prototypes -Wmissing-prototypes -Wshadow -Wstack-usage=262144 -I./../zlib -g -O2 -MT cpu-rx.lo -MD -MP -MF .deps/cpu-rx.Tpo -c -o cpu-rx.lo cpu-rx.c
libtool: compile:  gcc -DHAVE_CONFIG_H -I. -DBINDIR=\"/usr/local/bin\" -DLIBDIR=\"/usr/local/lib\" -I. -I. -I./../include -DHAVE_all_vecs -W -Wall -Wstrict-prototypes -Wmissing-prototypes -Wshadow -Wstack-usage=262144 -I./../zlib -g -O2 -MT cpu-rx.lo -MD -MP -MF .deps/cpu-rx.Tpo -c cpu-rx.c -o cpu-rx.o
mv -f .deps/cpu-rx.Tpo .deps/cpu-rx.Plo
/bin/bash ./libtool  --tag=CC   --mode=compile gcc -DHAVE_CONFIG_H -I.  -DBINDIR='"/usr/local/bin"' -DLIBDIR='"/usr/local/lib"' -I. -I. -I./../include  -DHAVE_all_vecs   -W -Wall -Wstrict-prototypes -Wmissing-prototypes -Wshadow -Wstack-usage=262144 -I./../zlib -g -O2 -MT cpu-s390.lo -MD -MP -MF .deps/cpu-s390.Tpo -c -o cpu-s390.lo cpu-s390.c
libtool: compile:  gcc -DHAVE_CONFIG_H -I. -DBINDIR=\"/usr/local/bin\" -DLIBDIR=\"/usr/local/lib\" -I. -I. -I./../include -DHAVE_all_vecs -W -Wall -Wstrict-prototypes -Wmissing-prototypes -Wshadow -Wstack-usage=262144 -I./../zlib -g -O2 -MT cpu-s390.lo -MD -MP -MF .deps/cpu-s390.Tpo -c cpu-s390.c -o cpu-s390.o
mv -f .deps/cpu-s390.Tpo .deps/cpu-s390.Plo
/bin/bash ./libtool  --tag=CC   --mode=compile gcc -DHAVE_CONFIG_H -I.  -DBINDIR='"/usr/local/bin"' -DLIBDIR='"/usr/local/lib"' -I. -I. -I./../include  -DHAVE_all_vecs   -W -Wall -Wstrict-prototypes -Wmissing-prototypes -Wshadow -Wstack-usage=262144 -I./../zlib -g -O2 -MT cpu-score.lo -MD -MP -MF .deps/cpu-score.Tpo -c -o cpu-score.lo cpu-score.c
libtool: compile:  gcc -DHAVE_CONFIG_H -I. -DBINDIR=\"/usr/local/bin\" -DLIBDIR=\"/usr/local/lib\" -I. -I. -I./../include -DHAVE_all_vecs -W -Wall -Wstrict-prototypes -Wmissing-prototypes -Wshadow -Wstack-usage=262144 -I./../zlib -g -O2 -MT cpu-score.lo -MD -MP -MF .deps/cpu-score.Tpo -c cpu-score.c -o cpu-score.o
mv -f .deps/cpu-score.Tpo .deps/cpu-score.Plo
/bin/bash ./libtool  --tag=CC   --mode=compile gcc -DHAVE_CONFIG_H -I.  -DBINDIR='"/usr/local/bin"' -DLIBDIR='"/usr/local/lib"' -I. -I. -I./../include  -DHAVE_all_vecs   -W -Wall -Wstrict-prototypes -Wmissing-prototypes -Wshadow -Wstack-usage=262144 -I./../zlib -g -O2 -MT cpu-sh.lo -MD -MP -MF .deps/cpu-sh.Tpo -c -o cpu-sh.lo cpu-sh.c
libtool: compile:  gcc -DHAVE_CONFIG_H -I. -DBINDIR=\"/usr/local/bin\" -DLIBDIR=\"/usr/local/lib\" -I. -I. -I./../include -DHAVE_all_vecs -W -Wall -Wstrict-prototypes -Wmissing-prototypes -Wshadow -Wstack-usage=262144 -I./../zlib -g -O2 -MT cpu-sh.lo -MD -MP -MF .deps/cpu-sh.Tpo -c cpu-sh.c -o cpu-sh.o
mv -f .deps/cpu-sh.Tpo .deps/cpu-sh.Plo
/bin/bash ./libtool  --tag=CC   --mode=compile gcc -DHAVE_CONFIG_H -I.  -DBINDIR='"/usr/local/bin"' -DLIBDIR='"/usr/local/lib"' -I. -I. -I./../include  -DHAVE_all_vecs   -W -Wall -Wstrict-prototypes -Wmissing-prototypes -Wshadow -Wstack-usage=262144 -I./../zlib -g -O2 -MT cpu-sparc.lo -MD -MP -MF .deps/cpu-sparc.Tpo -c -o cpu-sparc.lo cpu-sparc.c
libtool: compile:  gcc -DHAVE_CONFIG_H -I. -DBINDIR=\"/usr/local/bin\" -DLIBDIR=\"/usr/local/lib\" -I. -I. -I./../include -DHAVE_all_vecs -W -Wall -Wstrict-prototypes -Wmissing-prototypes -Wshadow -Wstack-usage=262144 -I./../zlib -g -O2 -MT cpu-sparc.lo -MD -MP -MF .deps/cpu-sparc.Tpo -c cpu-sparc.c -o cpu-sparc.o
mv -f .deps/cpu-sparc.Tpo .deps/cpu-sparc.Plo
/bin/bash ./libtool  --tag=CC   --mode=compile gcc -DHAVE_CONFIG_H -I.  -DBINDIR='"/usr/local/bin"' -DLIBDIR='"/usr/local/lib"' -I. -I. -I./../include  -DHAVE_all_vecs   -W -Wall -Wstrict-prototypes -Wmissing-prototypes -Wshadow -Wstack-usage=262144 -I./../zlib -g -O2 -MT cpu-spu.lo -MD -MP -MF .deps/cpu-spu.Tpo -c -o cpu-spu.lo cpu-spu.c
libtool: compile:  gcc -DHAVE_CONFIG_H -I. -DBINDIR=\"/usr/local/bin\" -DLIBDIR=\"/usr/local/lib\" -I. -I. -I./../include -DHAVE_all_vecs -W -Wall -Wstrict-prototypes -Wmissing-prototypes -Wshadow -Wstack-usage=262144 -I./../zlib -g -O2 -MT cpu-spu.lo -MD -MP -MF .deps/cpu-spu.Tpo -c cpu-spu.c -o cpu-spu.o
mv -f .deps/cpu-spu.Tpo .deps/cpu-spu.Plo
/bin/bash ./libtool  --tag=CC   --mode=compile gcc -DHAVE_CONFIG_H -I.  -DBINDIR='"/usr/local/bin"' -DLIBDIR='"/usr/local/lib"' -I. -I. -I./../include  -DHAVE_all_vecs   -W -Wall -Wstrict-prototypes -Wmissing-prototypes -Wshadow -Wstack-usage=262144 -I./../zlib -g -O2 -MT cpu-tic30.lo -MD -MP -MF .deps/cpu-tic30.Tpo -c -o cpu-tic30.lo cpu-tic30.c
libtool: compile:  gcc -DHAVE_CONFIG_H -I. -DBINDIR=\"/usr/local/bin\" -DLIBDIR=\"/usr/local/lib\" -I. -I. -I./../include -DHAVE_all_vecs -W -Wall -Wstrict-prototypes -Wmissing-prototypes -Wshadow -Wstack-usage=262144 -I./../zlib -g -O2 -MT cpu-tic30.lo -MD -MP -MF .deps/cpu-tic30.Tpo -c cpu-tic30.c -o cpu-tic30.o
mv -f .deps/cpu-tic30.Tpo .deps/cpu-tic30.Plo
/bin/bash ./libtool  --tag=CC   --mode=compile gcc -DHAVE_CONFIG_H -I.  -DBINDIR='"/usr/local/bin"' -DLIBDIR='"/usr/local/lib"' -I. -I. -I./../include  -DHAVE_all_vecs   -W -Wall -Wstrict-prototypes -Wmissing-prototypes -Wshadow -Wstack-usage=262144 -I./../zlib -g -O2 -MT cpu-tic4x.lo -MD -MP -MF .deps/cpu-tic4x.Tpo -c -o cpu-tic4x.lo cpu-tic4x.c
libtool: compile:  gcc -DHAVE_CONFIG_H -I. -DBINDIR=\"/usr/local/bin\" -DLIBDIR=\"/usr/local/lib\" -I. -I. -I./../include -DHAVE_all_vecs -W -Wall -Wstrict-prototypes -Wmissing-prototypes -Wshadow -Wstack-usage=262144 -I./../zlib -g -O2 -MT cpu-tic4x.lo -MD -MP -MF .deps/cpu-tic4x.Tpo -c cpu-tic4x.c -o cpu-tic4x.o
mv -f .deps/cpu-tic4x.Tpo .deps/cpu-tic4x.Plo
/bin/bash ./libtool  --tag=CC   --mode=compile gcc -DHAVE_CONFIG_H -I.  -DBINDIR='"/usr/local/bin"' -DLIBDIR='"/usr/local/lib"' -I. -I. -I./../include  -DHAVE_all_vecs   -W -Wall -Wstrict-prototypes -Wmissing-prototypes -Wshadow -Wstack-usage=262144 -I./../zlib -g -O2 -MT cpu-tic54x.lo -MD -MP -MF .deps/cpu-tic54x.Tpo -c -o cpu-tic54x.lo cpu-tic54x.c
libtool: compile:  gcc -DHAVE_CONFIG_H -I. -DBINDIR=\"/usr/local/bin\" -DLIBDIR=\"/usr/local/lib\" -I. -I. -I./../include -DHAVE_all_vecs -W -Wall -Wstrict-prototypes -Wmissing-prototypes -Wshadow -Wstack-usage=262144 -I./../zlib -g -O2 -MT cpu-tic54x.lo -MD -MP -MF .deps/cpu-tic54x.Tpo -c cpu-tic54x.c -o cpu-tic54x.o
mv -f .deps/cpu-tic54x.Tpo .deps/cpu-tic54x.Plo
/bin/bash ./libtool  --tag=CC   --mode=compile gcc -DHAVE_CONFIG_H -I.  -DBINDIR='"/usr/local/bin"' -DLIBDIR='"/usr/local/lib"' -I. -I. -I./../include  -DHAVE_all_vecs   -W -Wall -Wstrict-prototypes -Wmissing-prototypes -Wshadow -Wstack-usage=262144 -I./../zlib -g -O2 -MT cpu-tic6x.lo -MD -MP -MF .deps/cpu-tic6x.Tpo -c -o cpu-tic6x.lo cpu-tic6x.c
libtool: compile:  gcc -DHAVE_CONFIG_H -I. -DBINDIR=\"/usr/local/bin\" -DLIBDIR=\"/usr/local/lib\" -I. -I. -I./../include -DHAVE_all_vecs -W -Wall -Wstrict-prototypes -Wmissing-prototypes -Wshadow -Wstack-usage=262144 -I./../zlib -g -O2 -MT cpu-tic6x.lo -MD -MP -MF .deps/cpu-tic6x.Tpo -c cpu-tic6x.c -o cpu-tic6x.o
mv -f .deps/cpu-tic6x.Tpo .deps/cpu-tic6x.Plo
/bin/bash ./libtool  --tag=CC   --mode=compile gcc -DHAVE_CONFIG_H -I.  -DBINDIR='"/usr/local/bin"' -DLIBDIR='"/usr/local/lib"' -I. -I. -I./../include  -DHAVE_all_vecs   -W -Wall -Wstrict-prototypes -Wmissing-prototypes -Wshadow -Wstack-usage=262144 -I./../zlib -g -O2 -MT cpu-tilegx.lo -MD -MP -MF .deps/cpu-tilegx.Tpo -c -o cpu-tilegx.lo cpu-tilegx.c
libtool: compile:  gcc -DHAVE_CONFIG_H -I. -DBINDIR=\"/usr/local/bin\" -DLIBDIR=\"/usr/local/lib\" -I. -I. -I./../include -DHAVE_all_vecs -W -Wall -Wstrict-prototypes -Wmissing-prototypes -Wshadow -Wstack-usage=262144 -I./../zlib -g -O2 -MT cpu-tilegx.lo -MD -MP -MF .deps/cpu-tilegx.Tpo -c cpu-tilegx.c -o cpu-tilegx.o
mv -f .deps/cpu-tilegx.Tpo .deps/cpu-tilegx.Plo
/bin/bash ./libtool  --tag=CC   --mode=compile gcc -DHAVE_CONFIG_H -I.  -DBINDIR='"/usr/local/bin"' -DLIBDIR='"/usr/local/lib"' -I. -I. -I./../include  -DHAVE_all_vecs   -W -Wall -Wstrict-prototypes -Wmissing-prototypes -Wshadow -Wstack-usage=262144 -I./../zlib -g -O2 -MT cpu-tilepro.lo -MD -MP -MF .deps/cpu-tilepro.Tpo -c -o cpu-tilepro.lo cpu-tilepro.c
libtool: compile:  gcc -DHAVE_CONFIG_H -I. -DBINDIR=\"/usr/local/bin\" -DLIBDIR=\"/usr/local/lib\" -I. -I. -I./../include -DHAVE_all_vecs -W -Wall -Wstrict-prototypes -Wmissing-prototypes -Wshadow -Wstack-usage=262144 -I./../zlib -g -O2 -MT cpu-tilepro.lo -MD -MP -MF .deps/cpu-tilepro.Tpo -c cpu-tilepro.c -o cpu-tilepro.o
mv -f .deps/cpu-tilepro.Tpo .deps/cpu-tilepro.Plo
/bin/bash ./libtool  --tag=CC   --mode=compile gcc -DHAVE_CONFIG_H -I.  -DBINDIR='"/usr/local/bin"' -DLIBDIR='"/usr/local/lib"' -I. -I. -I./../include  -DHAVE_all_vecs   -W -Wall -Wstrict-prototypes -Wmissing-prototypes -Wshadow -Wstack-usage=262144 -I./../zlib -g -O2 -MT cpu-v850.lo -MD -MP -MF .deps/cpu-v850.Tpo -c -o cpu-v850.lo cpu-v850.c
libtool: compile:  gcc -DHAVE_CONFIG_H -I. -DBINDIR=\"/usr/local/bin\" -DLIBDIR=\"/usr/local/lib\" -I. -I. -I./../include -DHAVE_all_vecs -W -Wall -Wstrict-prototypes -Wmissing-prototypes -Wshadow -Wstack-usage=262144 -I./../zlib -g -O2 -MT cpu-v850.lo -MD -MP -MF .deps/cpu-v850.Tpo -c cpu-v850.c -o cpu-v850.o
mv -f .deps/cpu-v850.Tpo .deps/cpu-v850.Plo
/bin/bash ./libtool  --tag=CC   --mode=compile gcc -DHAVE_CONFIG_H -I.  -DBINDIR='"/usr/local/bin"' -DLIBDIR='"/usr/local/lib"' -I. -I. -I./../include  -DHAVE_all_vecs   -W -Wall -Wstrict-prototypes -Wmissing-prototypes -Wshadow -Wstack-usage=262144 -I./../zlib -g -O2 -MT cpu-v850_rh850.lo -MD -MP -MF .deps/cpu-v850_rh850.Tpo -c -o cpu-v850_rh850.lo cpu-v850_rh850.c
libtool: compile:  gcc -DHAVE_CONFIG_H -I. -DBINDIR=\"/usr/local/bin\" -DLIBDIR=\"/usr/local/lib\" -I. -I. -I./../include -DHAVE_all_vecs -W -Wall -Wstrict-prototypes -Wmissing-prototypes -Wshadow -Wstack-usage=262144 -I./../zlib -g -O2 -MT cpu-v850_rh850.lo -MD -MP -MF .deps/cpu-v850_rh850.Tpo -c cpu-v850_rh850.c -o cpu-v850_rh850.o
mv -f .deps/cpu-v850_rh850.Tpo .deps/cpu-v850_rh850.Plo
/bin/bash ./libtool  --tag=CC   --mode=compile gcc -DHAVE_CONFIG_H -I.  -DBINDIR='"/usr/local/bin"' -DLIBDIR='"/usr/local/lib"' -I. -I. -I./../include  -DHAVE_all_vecs   -W -Wall -Wstrict-prototypes -Wmissing-prototypes -Wshadow -Wstack-usage=262144 -I./../zlib -g -O2 -MT cpu-vax.lo -MD -MP -MF .deps/cpu-vax.Tpo -c -o cpu-vax.lo cpu-vax.c
libtool: compile:  gcc -DHAVE_CONFIG_H -I. -DBINDIR=\"/usr/local/bin\" -DLIBDIR=\"/usr/local/lib\" -I. -I. -I./../include -DHAVE_all_vecs -W -Wall -Wstrict-prototypes -Wmissing-prototypes -Wshadow -Wstack-usage=262144 -I./../zlib -g -O2 -MT cpu-vax.lo -MD -MP -MF .deps/cpu-vax.Tpo -c cpu-vax.c -o cpu-vax.o
mv -f .deps/cpu-vax.Tpo .deps/cpu-vax.Plo
/bin/bash ./libtool  --tag=CC   --mode=compile gcc -DHAVE_CONFIG_H -I.  -DBINDIR='"/usr/local/bin"' -DLIBDIR='"/usr/local/lib"' -I. -I. -I./../include  -DHAVE_all_vecs   -W -Wall -Wstrict-prototypes -Wmissing-prototypes -Wshadow -Wstack-usage=262144 -I./../zlib -g -O2 -MT cpu-visium.lo -MD -MP -MF .deps/cpu-visium.Tpo -c -o cpu-visium.lo cpu-visium.c
libtool: compile:  gcc -DHAVE_CONFIG_H -I. -DBINDIR=\"/usr/local/bin\" -DLIBDIR=\"/usr/local/lib\" -I. -I. -I./../include -DHAVE_all_vecs -W -Wall -Wstrict-prototypes -Wmissing-prototypes -Wshadow -Wstack-usage=262144 -I./../zlib -g -O2 -MT cpu-visium.lo -MD -MP -MF .deps/cpu-visium.Tpo -c cpu-visium.c -o cpu-visium.o
mv -f .deps/cpu-visium.Tpo .deps/cpu-visium.Plo
/bin/bash ./libtool  --tag=CC   --mode=compile gcc -DHAVE_CONFIG_H -I.  -DBINDIR='"/usr/local/bin"' -DLIBDIR='"/usr/local/lib"' -I. -I. -I./../include  -DHAVE_all_vecs   -W -Wall -Wstrict-prototypes -Wmissing-prototypes -Wshadow -Wstack-usage=262144 -I./../zlib -g -O2 -MT cpu-wasm32.lo -MD -MP -MF .deps/cpu-wasm32.Tpo -c -o cpu-wasm32.lo cpu-wasm32.c
libtool: compile:  gcc -DHAVE_CONFIG_H -I. -DBINDIR=\"/usr/local/bin\" -DLIBDIR=\"/usr/local/lib\" -I. -I. -I./../include -DHAVE_all_vecs -W -Wall -Wstrict-prototypes -Wmissing-prototypes -Wshadow -Wstack-usage=262144 -I./../zlib -g -O2 -MT cpu-wasm32.lo -MD -MP -MF .deps/cpu-wasm32.Tpo -c cpu-wasm32.c -o cpu-wasm32.o
mv -f .deps/cpu-wasm32.Tpo .deps/cpu-wasm32.Plo
/bin/bash ./libtool  --tag=CC   --mode=compile gcc -DHAVE_CONFIG_H -I.  -DBINDIR='"/usr/local/bin"' -DLIBDIR='"/usr/local/lib"' -I. -I. -I./../include  -DHAVE_all_vecs   -W -Wall -Wstrict-prototypes -Wmissing-prototypes -Wshadow -Wstack-usage=262144 -I./../zlib -g -O2 -MT cpu-xc16x.lo -MD -MP -MF .deps/cpu-xc16x.Tpo -c -o cpu-xc16x.lo cpu-xc16x.c
libtool: compile:  gcc -DHAVE_CONFIG_H -I. -DBINDIR=\"/usr/local/bin\" -DLIBDIR=\"/usr/local/lib\" -I. -I. -I./../include -DHAVE_all_vecs -W -Wall -Wstrict-prototypes -Wmissing-prototypes -Wshadow -Wstack-usage=262144 -I./../zlib -g -O2 -MT cpu-xc16x.lo -MD -MP -MF .deps/cpu-xc16x.Tpo -c cpu-xc16x.c -o cpu-xc16x.o
mv -f .deps/cpu-xc16x.Tpo .deps/cpu-xc16x.Plo
/bin/bash ./libtool  --tag=CC   --mode=compile gcc -DHAVE_CONFIG_H -I.  -DBINDIR='"/usr/local/bin"' -DLIBDIR='"/usr/local/lib"' -I. -I. -I./../include  -DHAVE_all_vecs   -W -Wall -Wstrict-prototypes -Wmissing-prototypes -Wshadow -Wstack-usage=262144 -I./../zlib -g -O2 -MT cpu-xgate.lo -MD -MP -MF .deps/cpu-xgate.Tpo -c -o cpu-xgate.lo cpu-xgate.c
libtool: compile:  gcc -DHAVE_CONFIG_H -I. -DBINDIR=\"/usr/local/bin\" -DLIBDIR=\"/usr/local/lib\" -I. -I. -I./../include -DHAVE_all_vecs -W -Wall -Wstrict-prototypes -Wmissing-prototypes -Wshadow -Wstack-usage=262144 -I./../zlib -g -O2 -MT cpu-xgate.lo -MD -MP -MF .deps/cpu-xgate.Tpo -c cpu-xgate.c -o cpu-xgate.o
mv -f .deps/cpu-xgate.Tpo .deps/cpu-xgate.Plo
/bin/bash ./libtool  --tag=CC   --mode=compile gcc -DHAVE_CONFIG_H -I.  -DBINDIR='"/usr/local/bin"' -DLIBDIR='"/usr/local/lib"' -I. -I. -I./../include  -DHAVE_all_vecs   -W -Wall -Wstrict-prototypes -Wmissing-prototypes -Wshadow -Wstack-usage=262144 -I./../zlib -g -O2 -MT cpu-xstormy16.lo -MD -MP -MF .deps/cpu-xstormy16.Tpo -c -o cpu-xstormy16.lo cpu-xstormy16.c
libtool: compile:  gcc -DHAVE_CONFIG_H -I. -DBINDIR=\"/usr/local/bin\" -DLIBDIR=\"/usr/local/lib\" -I. -I. -I./../include -DHAVE_all_vecs -W -Wall -Wstrict-prototypes -Wmissing-prototypes -Wshadow -Wstack-usage=262144 -I./../zlib -g -O2 -MT cpu-xstormy16.lo -MD -MP -MF .deps/cpu-xstormy16.Tpo -c cpu-xstormy16.c -o cpu-xstormy16.o
mv -f .deps/cpu-xstormy16.Tpo .deps/cpu-xstormy16.Plo
/bin/bash ./libtool  --tag=CC   --mode=compile gcc -DHAVE_CONFIG_H -I.  -DBINDIR='"/usr/local/bin"' -DLIBDIR='"/usr/local/lib"' -I. -I. -I./../include  -DHAVE_all_vecs   -W -Wall -Wstrict-prototypes -Wmissing-prototypes -Wshadow -Wstack-usage=262144 -I./../zlib -g -O2 -MT cpu-xtensa.lo -MD -MP -MF .deps/cpu-xtensa.Tpo -c -o cpu-xtensa.lo cpu-xtensa.c
libtool: compile:  gcc -DHAVE_CONFIG_H -I. -DBINDIR=\"/usr/local/bin\" -DLIBDIR=\"/usr/local/lib\" -I. -I. -I./../include -DHAVE_all_vecs -W -Wall -Wstrict-prototypes -Wmissing-prototypes -Wshadow -Wstack-usage=262144 -I./../zlib -g -O2 -MT cpu-xtensa.lo -MD -MP -MF .deps/cpu-xtensa.Tpo -c cpu-xtensa.c -o cpu-xtensa.o
mv -f .deps/cpu-xtensa.Tpo .deps/cpu-xtensa.Plo
/bin/bash ./libtool  --tag=CC   --mode=compile gcc -DHAVE_CONFIG_H -I.  -DBINDIR='"/usr/local/bin"' -DLIBDIR='"/usr/local/lib"' -I. -I. -I./../include  -DHAVE_all_vecs   -W -Wall -Wstrict-prototypes -Wmissing-prototypes -Wshadow -Wstack-usage=262144 -I./../zlib -g -O2 -MT cpu-z80.lo -MD -MP -MF .deps/cpu-z80.Tpo -c -o cpu-z80.lo cpu-z80.c
libtool: compile:  gcc -DHAVE_CONFIG_H -I. -DBINDIR=\"/usr/local/bin\" -DLIBDIR=\"/usr/local/lib\" -I. -I. -I./../include -DHAVE_all_vecs -W -Wall -Wstrict-prototypes -Wmissing-prototypes -Wshadow -Wstack-usage=262144 -I./../zlib -g -O2 -MT cpu-z80.lo -MD -MP -MF .deps/cpu-z80.Tpo -c cpu-z80.c -o cpu-z80.o
mv -f .deps/cpu-z80.Tpo .deps/cpu-z80.Plo
/bin/bash ./libtool  --tag=CC   --mode=compile gcc -DHAVE_CONFIG_H -I.  -DBINDIR='"/usr/local/bin"' -DLIBDIR='"/usr/local/lib"' -I. -I. -I./../include  -DHAVE_all_vecs   -W -Wall -Wstrict-prototypes -Wmissing-prototypes -Wshadow -Wstack-usage=262144 -I./../zlib -g -O2 -MT cpu-z8k.lo -MD -MP -MF .deps/cpu-z8k.Tpo -c -o cpu-z8k.lo cpu-z8k.c
libtool: compile:  gcc -DHAVE_CONFIG_H -I. -DBINDIR=\"/usr/local/bin\" -DLIBDIR=\"/usr/local/lib\" -I. -I. -I./../include -DHAVE_all_vecs -W -Wall -Wstrict-prototypes -Wmissing-prototypes -Wshadow -Wstack-usage=262144 -I./../zlib -g -O2 -MT cpu-z8k.lo -MD -MP -MF .deps/cpu-z8k.Tpo -c cpu-z8k.c -o cpu-z8k.o
mv -f .deps/cpu-z8k.Tpo .deps/cpu-z8k.Plo
/bin/bash ./libtool  --tag=CC   --mode=compile gcc -DHAVE_CONFIG_H -I.  -DBINDIR='"/usr/local/bin"' -DLIBDIR='"/usr/local/lib"' -I. -I. -I./../include  -DHAVE_all_vecs   -W -Wall -Wstrict-prototypes -Wmissing-prototypes -Wshadow -Wstack-usage=262144 -I./../zlib -g -O2 -MT archive64.lo -MD -MP -MF .deps/archive64.Tpo -c -o archive64.lo archive64.c
libtool: compile:  gcc -DHAVE_CONFIG_H -I. -DBINDIR=\"/usr/local/bin\" -DLIBDIR=\"/usr/local/lib\" -I. -I. -I./../include -DHAVE_all_vecs -W -Wall -Wstrict-prototypes -Wmissing-prototypes -Wshadow -Wstack-usage=262144 -I./../zlib -g -O2 -MT archive64.lo -MD -MP -MF .deps/archive64.Tpo -c archive64.c -o archive64.o
mv -f .deps/archive64.Tpo .deps/archive64.Plo
rm -f tofiles
f=""; \
for i in elf64-x86-64.lo elfxx-x86.lo elf-ifunc.lo elf-vxworks.lo elf64.lo elf.lo elflink.lo elf-attrs.lo elf-strtab.lo elf-eh-frame.lo dwarf1.lo dwarf2.lo elf32-i386.lo elf32.lo pei-i386.lo peigen.lo cofflink.lo coffgen.lo pei-x86_64.lo pex64igen.lo elf64-gen.lo elf32-gen.lo plugin.lo elf32-aarch64.lo elf64-aarch64.lo elfxx-aarch64.lo aix5ppc-core.lo aout64.lo coff-alpha.lo coff-x86_64.lo coff64-rs6000.lo elf32-ia64.lo elf32-mips.lo elf32-score.lo elf32-score7.lo elf64-alpha.lo elf64-gen.lo elf64-hppa.lo elf64-ia64.lo elf64-ia64-vms.lo elfxx-ia64.lo elfn32-mips.lo elf64-mips.lo elfxx-mips.lo elf64-mmix.lo elf64-nfp.lo elf64-ppc.lo elf32-riscv.lo elf64-riscv.lo elfxx-riscv.lo elf64-s390.lo elf64-sparc.lo elf64-tilegx.lo elf64-x86-64.lo elfxx-x86.lo elf64-bpf.lo elf64.lo mach-o-aarch64.lo mach-o-x86-64.lo mmo.lo pe-x86_64.lo pei-ia64.lo pei-x86_64.lo pepigen.lo pex64igen.lo vms-alpha.lo aout-cris.lo aout-ns32k.lo aout32.lo cf-i386lynx.lo coff-go32.lo coff-i386.lo coff-mips.lo coff-rs6000.lo coff-sh.lo coff-stgo32.lo coff-tic30.lo coff-tic4x.lo coff-tic54x.lo coff-z80.lo coff-z8k.lo coffgen.lo cofflink.lo dwarf1.lo dwarf2.lo ecoff.lo ecofflink.lo elf-attrs.lo elf-eh-frame.lo elf-ifunc.lo elf-m10200.lo elf-m10300.lo elf-nacl.lo elf-strtab.lo elf-vxworks.lo elf.lo elf32-am33lin.lo elf32-arc.lo elf32-arm.lo elf32-avr.lo elf32-bfin.lo elf32-cr16.lo elf32-cris.lo elf32-crx.lo elf32-csky.lo elf32-d10v.lo elf32-d30v.lo elf32-dlx.lo elf32-epiphany.lo elf32-fr30.lo elf32-frv.lo elf32-ft32.lo elf32-gen.lo elf32-h8300.lo elf32-hppa.lo elf32-i386.lo elfxx-x86.lo elf32-ip2k.lo elf32-iq2000.lo elf32-lm32.lo elf32-m32c.lo elf32-m32r.lo elf32-m68hc11.lo elf32-m68hc12.lo elf32-m68hc1x.lo elf32-m68k.lo elf32-s12z.lo elf32-mcore.lo elf32-mep.lo elf32-metag.lo elf32-microblaze.lo elf32-moxie.lo elf32-msp430.lo elf32-mt.lo elf32-nds32.lo elf32-nios2.lo elf32-or1k.lo elf32-pj.lo elf32-ppc.lo elf32-pru.lo elf32-rl78.lo elf32-rx.lo elf32-s390.lo elf32-sh.lo elf32-sparc.lo elf32-spu.lo elf32-tic6x.lo elf32-tilegx.lo elf32-tilepro.lo elf32-v850.lo elf32-vax.lo elf32-visium.lo elf32-wasm32.lo elf32-xc16x.lo elf32-xgate.lo elf32-xstormy16.lo elf32-xtensa.lo elf32-z80.lo elf32.lo elflink.lo elfxx-sparc.lo elfxx-tilegx.lo i386aout.lo i386bsd.lo i386lynx.lo i386msdos.lo mach-o.lo mach-o-i386.lo mach-o-arm.lo ns32knetbsd.lo pc532-mach.lo pdp11.lo pe-arm-wince.lo pe-arm.lo pe-i386.lo pe-mcore.lo pe-ppc.lo pe-sh.lo pef.lo pei-arm-wince.lo pei-arm.lo pei-i386.lo pei-mcore.lo pei-ppc.lo pei-sh.lo peigen.lo plugin.lo ppcboot.lo reloc16.lo som.lo vax1knetbsd.lo vaxnetbsd.lo vms-lib.lo vms-misc.lo wasm-module.lo xcofflink.lo xsym.lo xtensa-isa.lo xtensa-modules.lo cpu-i386.lo cpu-iamcu.lo cpu-l1om.lo cpu-k1om.lo cpu-aarch64.lo cpu-alpha.lo cpu-arc.lo cpu-arm.lo cpu-avr.lo cpu-bfin.lo cpu-bpf.lo cpu-cr16.lo cpu-cris.lo cpu-crx.lo cpu-csky.lo cpu-d10v.lo cpu-d30v.lo cpu-dlx.lo cpu-epiphany.lo cpu-fr30.lo cpu-frv.lo cpu-ft32.lo cpu-h8300.lo cpu-hppa.lo cpu-i386.lo cpu-iamcu.lo cpu-l1om.lo cpu-k1om.lo cpu-ia64.lo cpu-ip2k.lo cpu-iq2000.lo cpu-lm32.lo cpu-m10200.lo cpu-m10300.lo cpu-m32c.lo cpu-m32r.lo cpu-m68hc11.lo cpu-m68hc12.lo cpu-m9s12x.lo cpu-s12z.lo cpu-m9s12xg.lo cpu-m68k.lo cpu-mcore.lo cpu-mep.lo cpu-metag.lo cpu-microblaze.lo cpu-mips.lo cpu-mmix.lo cpu-moxie.lo cpu-msp430.lo cpu-mt.lo cpu-nds32.lo cpu-nfp.lo cpu-nios2.lo cpu-ns32k.lo cpu-or1k.lo cpu-pdp11.lo cpu-pj.lo cpu-powerpc.lo cpu-pru.lo cpu-rs6000.lo cpu-riscv.lo cpu-rl78.lo cpu-rx.lo cpu-s390.lo cpu-score.lo cpu-sh.lo cpu-sparc.lo cpu-spu.lo cpu-tic30.lo cpu-tic4x.lo cpu-tic54x.lo cpu-tic6x.lo cpu-tilegx.lo cpu-tilepro.lo cpu-v850.lo cpu-v850_rh850.lo cpu-vax.lo cpu-visium.lo cpu-wasm32.lo cpu-xc16x.lo cpu-xgate.lo cpu-xstormy16.lo cpu-xtensa.lo cpu-z80.lo cpu-z8k.lo  archive64.lo ; do \
  case " $f " in \
    *" $i "*) ;; \
    *) f="$f $i" ;; \
  esac ; \
done ; \
echo $f > tofiles
/bin/bash ./../move-if-change tofiles ofiles
touch stamp-ofiles
/bin/bash ./libtool  --tag=CC   --mode=link gcc -W -Wall -Wstrict-prototypes -Wmissing-prototypes -Wshadow -Wstack-usage=262144 -I./../zlib -g -O2  -release `cat libtool-soversion`   -o libbfd.la -rpath /usr/local/lib archive.lo archures.lo bfd.lo bfdio.lo bfdwin.lo cache.lo coff-bfd.lo compress.lo corefile.lo elf-properties.lo format.lo hash.lo init.lo libbfd.lo linker.lo merge.lo opncls.lo reloc.lo section.lo simple.lo stab-syms.lo stabs.lo syms.lo targets.lo binary.lo ihex.lo srec.lo tekhex.lo verilog.lo `cat ofiles`  -ldl -L./../zlib -lz -ldl 
libtool: link: ar rc .libs/libbfd.a  archive.o archures.o bfd.o bfdio.o bfdwin.o cache.o coff-bfd.o compress.o corefile.o elf-properties.o format.o hash.o init.o libbfd.o linker.o merge.o opncls.o reloc.o section.o simple.o stab-syms.o stabs.o syms.o targets.o binary.o ihex.o srec.o tekhex.o verilog.o elf64-x86-64.o elfxx-x86.o elf-ifunc.o elf-vxworks.o elf64.o elf.o elflink.o elf-attrs.o elf-strtab.o elf-eh-frame.o dwarf1.o dwarf2.o elf32-i386.o elf32.o pei-i386.o peigen.o cofflink.o coffgen.o pei-x86_64.o pex64igen.o elf64-gen.o elf32-gen.o plugin.o elf32-aarch64.o elf64-aarch64.o elfxx-aarch64.o aix5ppc-core.o aout64.o coff-alpha.o coff-x86_64.o coff64-rs6000.o elf32-ia64.o elf32-mips.o elf32-score.o elf32-score7.o elf64-alpha.o elf64-hppa.o elf64-ia64.o elf64-ia64-vms.o elfxx-ia64.o elfn32-mips.o elf64-mips.o elfxx-mips.o elf64-mmix.o elf64-nfp.o elf64-ppc.o elf32-riscv.o elf64-riscv.o elfxx-riscv.o elf64-s390.o elf64-sparc.o elf64-tilegx.o elf64-bpf.o mach-o-aarch64.o mach-o-x86-64.o mmo.o pe-x86_64.o pei-ia64.o pepigen.o vms-alpha.o aout-cris.o aout-ns32k.o aout32.o cf-i386lynx.o coff-go32.o coff-i386.o coff-mips.o coff-rs6000.o coff-sh.o coff-stgo32.o coff-tic30.o coff-tic4x.o coff-tic54x.o coff-z80.o coff-z8k.o ecoff.o ecofflink.o elf-m10200.o elf-m10300.o elf-nacl.o elf32-am33lin.o elf32-arc.o elf32-arm.o elf32-avr.o elf32-bfin.o elf32-cr16.o elf32-cris.o elf32-crx.o elf32-csky.o elf32-d10v.o elf32-d30v.o elf32-dlx.o elf32-epiphany.o elf32-fr30.o elf32-frv.o elf32-ft32.o elf32-h8300.o elf32-hppa.o elf32-ip2k.o elf32-iq2000.o elf32-lm32.o elf32-m32c.o elf32-m32r.o elf32-m68hc11.o elf32-m68hc12.o elf32-m68hc1x.o elf32-m68k.o elf32-s12z.o elf32-mcore.o elf32-mep.o elf32-metag.o elf32-microblaze.o elf32-moxie.o elf32-msp430.o elf32-mt.o elf32-nds32.o elf32-nios2.o elf32-or1k.o elf32-pj.o elf32-ppc.o elf32-pru.o elf32-rl78.o elf32-rx.o elf32-s390.o elf32-sh.o elf32-sparc.o elf32-spu.o elf32-tic6x.o elf32-tilegx.o elf32-tilepro.o elf32-v850.o elf32-vax.o elf32-visium.o elf32-wasm32.o elf32-xc16x.o elf32-xgate.o elf32-xstormy16.o elf32-xtensa.o elf32-z80.o elfxx-sparc.o elfxx-tilegx.o i386aout.o i386bsd.o i386lynx.o i386msdos.o mach-o.o mach-o-i386.o mach-o-arm.o ns32knetbsd.o pc532-mach.o pdp11.o pe-arm-wince.o pe-arm.o pe-i386.o pe-mcore.o pe-ppc.o pe-sh.o pef.o pei-arm-wince.o pei-arm.o pei-mcore.o pei-ppc.o pei-sh.o ppcboot.o reloc16.o som.o vax1knetbsd.o vaxnetbsd.o vms-lib.o vms-misc.o wasm-module.o xcofflink.o xsym.o xtensa-isa.o xtensa-modules.o cpu-i386.o cpu-iamcu.o cpu-l1om.o cpu-k1om.o cpu-aarch64.o cpu-alpha.o cpu-arc.o cpu-arm.o cpu-avr.o cpu-bfin.o cpu-bpf.o cpu-cr16.o cpu-cris.o cpu-crx.o cpu-csky.o cpu-d10v.o cpu-d30v.o cpu-dlx.o cpu-epiphany.o cpu-fr30.o cpu-frv.o cpu-ft32.o cpu-h8300.o cpu-hppa.o cpu-ia64.o cpu-ip2k.o cpu-iq2000.o cpu-lm32.o cpu-m10200.o cpu-m10300.o cpu-m32c.o cpu-m32r.o cpu-m68hc11.o cpu-m68hc12.o cpu-m9s12x.o cpu-s12z.o cpu-m9s12xg.o cpu-m68k.o cpu-mcore.o cpu-mep.o cpu-metag.o cpu-microblaze.o cpu-mips.o cpu-mmix.o cpu-moxie.o cpu-msp430.o cpu-mt.o cpu-nds32.o cpu-nfp.o cpu-nios2.o cpu-ns32k.o cpu-or1k.o cpu-pdp11.o cpu-pj.o cpu-powerpc.o cpu-pru.o cpu-rs6000.o cpu-riscv.o cpu-rl78.o cpu-rx.o cpu-s390.o cpu-score.o cpu-sh.o cpu-sparc.o cpu-spu.o cpu-tic30.o cpu-tic4x.o cpu-tic54x.o cpu-tic6x.o cpu-tilegx.o cpu-tilepro.o cpu-v850.o cpu-v850_rh850.o cpu-vax.o cpu-visium.o cpu-wasm32.o cpu-xc16x.o cpu-xgate.o cpu-xstormy16.o cpu-xtensa.o cpu-z80.o cpu-z8k.o archive64.o
libtool: link: ranlib .libs/libbfd.a
libtool: link: ( cd ".libs" && rm -f "libbfd.la" && ln -s "../libbfd.la" "libbfd.la" )
libtooldir=`/bin/bash ./libtool --config | /usr/bin/sed -n -e 's/^objdir=//p'`; \
if [ -f $libtooldir/libbfd.a ]; then \
  cp $libtooldir/libbfd.a libbfd.tmp; \
  ranlib libbfd.tmp; \
  /bin/bash ./../move-if-change libbfd.tmp libbfd.a; \
else true; fi
touch stamp-lib
make[4]: Leaving directory '/external/binutils-2.35.1/bfd'
make[3]: Leaving directory '/external/binutils-2.35.1/bfd'
make[2]: Leaving directory '/external/binutils-2.35.1/bfd'
Configuring in ./opcodes
configure: creating cache ./config.cache
checking build system type... x86_64-pc-linux-gnu
checking host system type... x86_64-pc-linux-gnu
checking target system type... x86_64-pc-linux-gnu
checking for x86_64-pc-linux-gnu-gcc... gcc
checking whether the C compiler works... yes
checking for C compiler default output file name... a.out
checking for suffix of executables... 
checking whether we are cross compiling... no
checking for suffix of object files... o
checking whether we are using the GNU C compiler... yes
checking whether gcc accepts -g... yes
checking for gcc option to accept ISO C89... none needed
checking whether gcc understands -c and -o together... yes
checking for library containing strerror... none required
checking for a BSD-compatible install... /usr/bin/install -c
checking whether build environment is sane... yes
checking for a thread-safe mkdir -p... /usr/bin/mkdir -p
checking for gawk... gawk
checking whether make sets $(MAKE)... yes
checking for style of include used by make... GNU
checking whether make supports nested variables... yes
checking dependency style of gcc... gcc3
checking for x86_64-pc-linux-gnu-gcc... (cached) gcc
checking whether we are using the GNU C compiler... (cached) yes
checking whether gcc accepts -g... (cached) yes
checking for gcc option to accept ISO C89... (cached) none needed
checking whether gcc understands -c and -o together... (cached) yes
checking how to run the C preprocessor... gcc -E
checking for grep that handles long lines and -e... /usr/bin/grep
checking for egrep... /usr/bin/grep -E
checking for ANSI C header files... yes
checking for sys/types.h... yes
checking for sys/stat.h... yes
checking for stdlib.h... yes
checking for string.h... yes
checking for memory.h... yes
checking for strings.h... yes
checking for inttypes.h... yes
checking for stdint.h... yes
checking for unistd.h... yes
checking minix/config.h usability... no
checking minix/config.h presence... no
checking for minix/config.h... no
checking whether it is safe to define __EXTENSIONS__... yes
checking for x86_64-pc-linux-gnu-ar... ar
checking for x86_64-pc-linux-gnu-ranlib... ranlib
checking how to print strings... printf
checking for a sed that does not truncate output... /usr/bin/sed
checking for fgrep... /usr/bin/grep -F
checking for ld used by gcc... ld
checking if the linker (ld) is GNU ld... yes
checking for BSD- or MS-compatible name lister (nm)... nm
checking the name lister (nm) interface... BSD nm
checking whether ln -s works... yes
checking the maximum length of command line arguments... 1572864
checking whether the shell understands some XSI constructs... yes
checking whether the shell understands "+="... yes
checking for ld option to reload object files... -r
checking for x86_64-pc-linux-gnu-objdump... objdump
checking how to recognize dependent libraries... pass_all
checking for x86_64-pc-linux-gnu-ar... (cached) ar
checking for x86_64-pc-linux-gnu-strip... no
checking for strip... strip
checking for x86_64-pc-linux-gnu-ranlib... (cached) ranlib
checking command to parse nm output from gcc object... ok
checking for dlfcn.h... yes
checking for objdir... .libs
checking if gcc supports -fno-rtti -fno-exceptions... no
checking for gcc option to produce PIC... -fPIC -DPIC
checking if gcc PIC flag -fPIC -DPIC works... yes
checking if gcc static flag -static works... yes
checking if gcc supports -c -o file.o... yes
checking if gcc supports -c -o file.o... (cached) yes
checking whether the gcc linker (ld -m elf_x86_64) supports shared libraries... yes
checking dynamic linker characteristics... GNU/Linux ld.so
checking how to hardcode library paths into programs... immediate
checking whether stripping libraries is possible... yes
checking if libtool supports shared libraries... yes
checking whether to build shared libraries... no
checking whether to build static libraries... yes
Setting warning flags = -W -Wall -Wstrict-prototypes -Wmissing-prototypes -Wshadow -Wstack-usage=262144
checking whether to enable maintainer-specific portions of Makefiles... no
checking whether to install libbfd... yes
checking whether NLS is requested... yes
checking for catalogs to be installed...  da de es fi fr ga id it nl pt_BR ro sr sv tr uk vi zh_CN da de es fi fr ga id it nl pt_BR ro sr sv tr uk vi zh_CN
checking whether NLS is requested... yes
checking for msgfmt... no
checking for gmsgfmt... :
checking for xgettext... no
checking for msgmerge... no
checking for string.h... (cached) yes
checking for strings.h... (cached) yes
checking for stdlib.h... (cached) yes
checking limits.h usability... yes
checking limits.h presence... yes
checking for limits.h... yes
checking whether string.h and strings.h may both be included... yes
checking whether basename is declared... yes
checking whether stpcpy is declared... yes
checking for sigsetjmp... 
checking linker --as-needed support... yes
checking for cos in -lm... yes
configure: updating cache ./config.cache
checking that generated files are newer than configure... done
configure: creating ./config.status
config.status: creating Makefile
config.status: creating po/Makefile.in
config.status: creating config.h
config.status: executing depfiles commands
config.status: executing libtool commands
config.status: executing default-1 commands
config.status: creating po/POTFILES
config.status: creating po/Makefile
make[2]: Entering directory '/external/binutils-2.35.1/opcodes'
make  all-recursive
make[3]: Entering directory '/external/binutils-2.35.1/opcodes'
Making all in .
make[4]: Entering directory '/external/binutils-2.35.1/opcodes'
/bin/bash ./libtool  --tag=CC   --mode=compile gcc -DHAVE_CONFIG_H -I.  -I. -I. -I../bfd -I./../include -I./../bfd    -W -Wall -Wstrict-prototypes -Wmissing-prototypes -Wshadow -Wstack-usage=262144 -g -O2 -MT dis-buf.lo -MD -MP -MF .deps/dis-buf.Tpo -c -o dis-buf.lo dis-buf.c
libtool: compile:  gcc -DHAVE_CONFIG_H -I. -I. -I. -I../bfd -I./../include -I./../bfd -W -Wall -Wstrict-prototypes -Wmissing-prototypes -Wshadow -Wstack-usage=262144 -g -O2 -MT dis-buf.lo -MD -MP -MF .deps/dis-buf.Tpo -c dis-buf.c -o dis-buf.o
mv -f .deps/dis-buf.Tpo .deps/dis-buf.Plo
/bin/bash ./libtool  --tag=CC   --mode=compile gcc -DHAVE_CONFIG_H -I.  -I. -I. -I../bfd -I./../include -I./../bfd    -W -Wall -Wstrict-prototypes -Wmissing-prototypes -Wshadow -Wstack-usage=262144 -g -O2 -MT disassemble.lo -MD -MP -MF .deps/disassemble.Tpo -c -o disassemble.lo -DARCH_all ./disassemble.c
libtool: compile:  gcc -DHAVE_CONFIG_H -I. -I. -I. -I../bfd -I./../include -I./../bfd -W -Wall -Wstrict-prototypes -Wmissing-prototypes -Wshadow -Wstack-usage=262144 -g -O2 -MT disassemble.lo -MD -MP -MF .deps/disassemble.Tpo -c -DARCH_all ./disassemble.c -o disassemble.o
mv -f .deps/disassemble.Tpo .deps/disassemble.Plo
/bin/bash ./libtool  --tag=CC   --mode=compile gcc -DHAVE_CONFIG_H -I.  -I. -I. -I../bfd -I./../include -I./../bfd    -W -Wall -Wstrict-prototypes -Wmissing-prototypes -Wshadow -Wstack-usage=262144 -g -O2 -MT dis-init.lo -MD -MP -MF .deps/dis-init.Tpo -c -o dis-init.lo dis-init.c
libtool: compile:  gcc -DHAVE_CONFIG_H -I. -I. -I. -I../bfd -I./../include -I./../bfd -W -Wall -Wstrict-prototypes -Wmissing-prototypes -Wshadow -Wstack-usage=262144 -g -O2 -MT dis-init.lo -MD -MP -MF .deps/dis-init.Tpo -c dis-init.c -o dis-init.o
mv -f .deps/dis-init.Tpo .deps/dis-init.Plo
/bin/bash ./libtool  --tag=CC   --mode=compile gcc -DHAVE_CONFIG_H -I.  -I. -I. -I../bfd -I./../include -I./../bfd    -W -Wall -Wstrict-prototypes -Wmissing-prototypes -Wshadow -Wstack-usage=262144 -g -O2 -MT aarch64-asm.lo -MD -MP -MF .deps/aarch64-asm.Tpo -c -o aarch64-asm.lo aarch64-asm.c
libtool: compile:  gcc -DHAVE_CONFIG_H -I. -I. -I. -I../bfd -I./../include -I./../bfd -W -Wall -Wstrict-prototypes -Wmissing-prototypes -Wshadow -Wstack-usage=262144 -g -O2 -MT aarch64-asm.lo -MD -MP -MF .deps/aarch64-asm.Tpo -c aarch64-asm.c -o aarch64-asm.o
mv -f .deps/aarch64-asm.Tpo .deps/aarch64-asm.Plo
/bin/bash ./libtool  --tag=CC   --mode=compile gcc -DHAVE_CONFIG_H -I.  -I. -I. -I../bfd -I./../include -I./../bfd    -W -Wall -Wstrict-prototypes -Wmissing-prototypes -Wshadow -Wstack-usage=262144 -g -O2 -MT aarch64-asm-2.lo -MD -MP -MF .deps/aarch64-asm-2.Tpo -c -o aarch64-asm-2.lo aarch64-asm-2.c
libtool: compile:  gcc -DHAVE_CONFIG_H -I. -I. -I. -I../bfd -I./../include -I./../bfd -W -Wall -Wstrict-prototypes -Wmissing-prototypes -Wshadow -Wstack-usage=262144 -g -O2 -MT aarch64-asm-2.lo -MD -MP -MF .deps/aarch64-asm-2.Tpo -c aarch64-asm-2.c -o aarch64-asm-2.o
mv -f .deps/aarch64-asm-2.Tpo .deps/aarch64-asm-2.Plo
/bin/bash ./libtool  --tag=CC   --mode=compile gcc -DHAVE_CONFIG_H -I.  -I. -I. -I../bfd -I./../include -I./../bfd    -W -Wall -Wstrict-prototypes -Wmissing-prototypes -Wshadow -Wstack-usage=262144 -g -O2 -MT aarch64-dis.lo -MD -MP -MF .deps/aarch64-dis.Tpo -c -o aarch64-dis.lo aarch64-dis.c
libtool: compile:  gcc -DHAVE_CONFIG_H -I. -I. -I. -I../bfd -I./../include -I./../bfd -W -Wall -Wstrict-prototypes -Wmissing-prototypes -Wshadow -Wstack-usage=262144 -g -O2 -MT aarch64-dis.lo -MD -MP -MF .deps/aarch64-dis.Tpo -c aarch64-dis.c -o aarch64-dis.o
mv -f .deps/aarch64-dis.Tpo .deps/aarch64-dis.Plo
/bin/bash ./libtool  --tag=CC   --mode=compile gcc -DHAVE_CONFIG_H -I.  -I. -I. -I../bfd -I./../include -I./../bfd    -W -Wall -Wstrict-prototypes -Wmissing-prototypes -Wshadow -Wstack-usage=262144 -g -O2 -MT aarch64-dis-2.lo -MD -MP -MF .deps/aarch64-dis-2.Tpo -c -o aarch64-dis-2.lo aarch64-dis-2.c
libtool: compile:  gcc -DHAVE_CONFIG_H -I. -I. -I. -I../bfd -I./../include -I./../bfd -W -Wall -Wstrict-prototypes -Wmissing-prototypes -Wshadow -Wstack-usage=262144 -g -O2 -MT aarch64-dis-2.lo -MD -MP -MF .deps/aarch64-dis-2.Tpo -c aarch64-dis-2.c -o aarch64-dis-2.o
mv -f .deps/aarch64-dis-2.Tpo .deps/aarch64-dis-2.Plo
/bin/bash ./libtool  --tag=CC   --mode=compile gcc -DHAVE_CONFIG_H -I.  -I. -I. -I../bfd -I./../include -I./../bfd    -W -Wall -Wstrict-prototypes -Wmissing-prototypes -Wshadow -Wstack-usage=262144 -g -O2 -MT aarch64-opc.lo -MD -MP -MF .deps/aarch64-opc.Tpo -c -o aarch64-opc.lo aarch64-opc.c
libtool: compile:  gcc -DHAVE_CONFIG_H -I. -I. -I. -I../bfd -I./../include -I./../bfd -W -Wall -Wstrict-prototypes -Wmissing-prototypes -Wshadow -Wstack-usage=262144 -g -O2 -MT aarch64-opc.lo -MD -MP -MF .deps/aarch64-opc.Tpo -c aarch64-opc.c -o aarch64-opc.o
mv -f .deps/aarch64-opc.Tpo .deps/aarch64-opc.Plo
/bin/bash ./libtool  --tag=CC   --mode=compile gcc -DHAVE_CONFIG_H -I.  -I. -I. -I../bfd -I./../include -I./../bfd    -W -Wall -Wstrict-prototypes -Wmissing-prototypes -Wshadow -Wstack-usage=262144 -g -O2 -MT aarch64-opc-2.lo -MD -MP -MF .deps/aarch64-opc-2.Tpo -c -o aarch64-opc-2.lo aarch64-opc-2.c
libtool: compile:  gcc -DHAVE_CONFIG_H -I. -I. -I. -I../bfd -I./../include -I./../bfd -W -Wall -Wstrict-prototypes -Wmissing-prototypes -Wshadow -Wstack-usage=262144 -g -O2 -MT aarch64-opc-2.lo -MD -MP -MF .deps/aarch64-opc-2.Tpo -c aarch64-opc-2.c -o aarch64-opc-2.o
mv -f .deps/aarch64-opc-2.Tpo .deps/aarch64-opc-2.Plo
/bin/bash ./libtool  --tag=CC   --mode=compile gcc -DHAVE_CONFIG_H -I.  -I. -I. -I../bfd -I./../include -I./../bfd    -W -Wall -Wstrict-prototypes -Wmissing-prototypes -Wshadow -Wstack-usage=262144 -g -O2 -MT alpha-dis.lo -MD -MP -MF .deps/alpha-dis.Tpo -c -o alpha-dis.lo alpha-dis.c
libtool: compile:  gcc -DHAVE_CONFIG_H -I. -I. -I. -I../bfd -I./../include -I./../bfd -W -Wall -Wstrict-prototypes -Wmissing-prototypes -Wshadow -Wstack-usage=262144 -g -O2 -MT alpha-dis.lo -MD -MP -MF .deps/alpha-dis.Tpo -c alpha-dis.c -o alpha-dis.o
mv -f .deps/alpha-dis.Tpo .deps/alpha-dis.Plo
/bin/bash ./libtool  --tag=CC   --mode=compile gcc -DHAVE_CONFIG_H -I.  -I. -I. -I../bfd -I./../include -I./../bfd    -W -Wall -Wstrict-prototypes -Wmissing-prototypes -Wshadow -Wstack-usage=262144 -g -O2 -MT alpha-opc.lo -MD -MP -MF .deps/alpha-opc.Tpo -c -o alpha-opc.lo alpha-opc.c
libtool: compile:  gcc -DHAVE_CONFIG_H -I. -I. -I. -I../bfd -I./../include -I./../bfd -W -Wall -Wstrict-prototypes -Wmissing-prototypes -Wshadow -Wstack-usage=262144 -g -O2 -MT alpha-opc.lo -MD -MP -MF .deps/alpha-opc.Tpo -c alpha-opc.c -o alpha-opc.o
mv -f .deps/alpha-opc.Tpo .deps/alpha-opc.Plo
/bin/bash ./libtool  --tag=CC   --mode=compile gcc -DHAVE_CONFIG_H -I.  -I. -I. -I../bfd -I./../include -I./../bfd    -W -Wall -Wstrict-prototypes -Wmissing-prototypes -Wshadow -Wstack-usage=262144 -g -O2 -MT arc-dis.lo -MD -MP -MF .deps/arc-dis.Tpo -c -o arc-dis.lo arc-dis.c
libtool: compile:  gcc -DHAVE_CONFIG_H -I. -I. -I. -I../bfd -I./../include -I./../bfd -W -Wall -Wstrict-prototypes -Wmissing-prototypes -Wshadow -Wstack-usage=262144 -g -O2 -MT arc-dis.lo -MD -MP -MF .deps/arc-dis.Tpo -c arc-dis.c -o arc-dis.o
mv -f .deps/arc-dis.Tpo .deps/arc-dis.Plo
/bin/bash ./libtool  --tag=CC   --mode=compile gcc -DHAVE_CONFIG_H -I.  -I. -I. -I../bfd -I./../include -I./../bfd    -W -Wall -Wstrict-prototypes -Wmissing-prototypes -Wshadow -Wstack-usage=262144 -g -O2 -MT arc-ext.lo -MD -MP -MF .deps/arc-ext.Tpo -c -o arc-ext.lo arc-ext.c
libtool: compile:  gcc -DHAVE_CONFIG_H -I. -I. -I. -I../bfd -I./../include -I./../bfd -W -Wall -Wstrict-prototypes -Wmissing-prototypes -Wshadow -Wstack-usage=262144 -g -O2 -MT arc-ext.lo -MD -MP -MF .deps/arc-ext.Tpo -c arc-ext.c -o arc-ext.o
mv -f .deps/arc-ext.Tpo .deps/arc-ext.Plo
/bin/bash ./libtool  --tag=CC   --mode=compile gcc -DHAVE_CONFIG_H -I.  -I. -I. -I../bfd -I./../include -I./../bfd    -W -Wall -Wstrict-prototypes -Wmissing-prototypes -Wshadow -Wstack-usage=262144 -g -O2 -MT arc-opc.lo -MD -MP -MF .deps/arc-opc.Tpo -c -o arc-opc.lo arc-opc.c
libtool: compile:  gcc -DHAVE_CONFIG_H -I. -I. -I. -I../bfd -I./../include -I./../bfd -W -Wall -Wstrict-prototypes -Wmissing-prototypes -Wshadow -Wstack-usage=262144 -g -O2 -MT arc-opc.lo -MD -MP -MF .deps/arc-opc.Tpo -c arc-opc.c -o arc-opc.o
mv -f .deps/arc-opc.Tpo .deps/arc-opc.Plo
/bin/bash ./libtool  --tag=CC   --mode=compile gcc -DHAVE_CONFIG_H -I.  -I. -I. -I../bfd -I./../include -I./../bfd    -W -Wall -Wstrict-prototypes -Wmissing-prototypes -Wshadow -Wstack-usage=262144 -g -O2 -MT arm-dis.lo -MD -MP -MF .deps/arm-dis.Tpo -c -o arm-dis.lo arm-dis.c
libtool: compile:  gcc -DHAVE_CONFIG_H -I. -I. -I. -I../bfd -I./../include -I./../bfd -W -Wall -Wstrict-prototypes -Wmissing-prototypes -Wshadow -Wstack-usage=262144 -g -O2 -MT arm-dis.lo -MD -MP -MF .deps/arm-dis.Tpo -c arm-dis.c -o arm-dis.o
mv -f .deps/arm-dis.Tpo .deps/arm-dis.Plo
/bin/bash ./libtool  --tag=CC   --mode=compile gcc -DHAVE_CONFIG_H -I.  -I. -I. -I../bfd -I./../include -I./../bfd    -W -Wall -Wstrict-prototypes -Wmissing-prototypes -Wshadow -Wstack-usage=262144 -g -O2 -MT avr-dis.lo -MD -MP -MF .deps/avr-dis.Tpo -c -o avr-dis.lo avr-dis.c
libtool: compile:  gcc -DHAVE_CONFIG_H -I. -I. -I. -I../bfd -I./../include -I./../bfd -W -Wall -Wstrict-prototypes -Wmissing-prototypes -Wshadow -Wstack-usage=262144 -g -O2 -MT avr-dis.lo -MD -MP -MF .deps/avr-dis.Tpo -c avr-dis.c -o avr-dis.o
mv -f .deps/avr-dis.Tpo .deps/avr-dis.Plo
/bin/bash ./libtool  --tag=CC   --mode=compile gcc -DHAVE_CONFIG_H -I.  -I. -I. -I../bfd -I./../include -I./../bfd    -W -Wall -Wstrict-prototypes -Wmissing-prototypes -Wshadow -Wstack-usage=262144 -g -O2 -MT bfin-dis.lo -MD -MP -MF .deps/bfin-dis.Tpo -c -o bfin-dis.lo bfin-dis.c
libtool: compile:  gcc -DHAVE_CONFIG_H -I. -I. -I. -I../bfd -I./../include -I./../bfd -W -Wall -Wstrict-prototypes -Wmissing-prototypes -Wshadow -Wstack-usage=262144 -g -O2 -MT bfin-dis.lo -MD -MP -MF .deps/bfin-dis.Tpo -c bfin-dis.c -o bfin-dis.o
mv -f .deps/bfin-dis.Tpo .deps/bfin-dis.Plo
/bin/bash ./libtool  --tag=CC   --mode=compile gcc -DHAVE_CONFIG_H -I.  -I. -I. -I../bfd -I./../include -I./../bfd    -W -Wall -Wstrict-prototypes -Wmissing-prototypes -Wshadow -Wstack-usage=262144 -g -O2 -MT cgen-asm.lo -MD -MP -MF .deps/cgen-asm.Tpo -c -o cgen-asm.lo cgen-asm.c
libtool: compile:  gcc -DHAVE_CONFIG_H -I. -I. -I. -I../bfd -I./../include -I./../bfd -W -Wall -Wstrict-prototypes -Wmissing-prototypes -Wshadow -Wstack-usage=262144 -g -O2 -MT cgen-asm.lo -MD -MP -MF .deps/cgen-asm.Tpo -c cgen-asm.c -o cgen-asm.o
mv -f .deps/cgen-asm.Tpo .deps/cgen-asm.Plo
/bin/bash ./libtool  --tag=CC   --mode=compile gcc -DHAVE_CONFIG_H -I.  -I. -I. -I../bfd -I./../include -I./../bfd    -W -Wall -Wstrict-prototypes -Wmissing-prototypes -Wshadow -Wstack-usage=262144 -g -O2 -MT cgen-bitset.lo -MD -MP -MF .deps/cgen-bitset.Tpo -c -o cgen-bitset.lo cgen-bitset.c
libtool: compile:  gcc -DHAVE_CONFIG_H -I. -I. -I. -I../bfd -I./../include -I./../bfd -W -Wall -Wstrict-prototypes -Wmissing-prototypes -Wshadow -Wstack-usage=262144 -g -O2 -MT cgen-bitset.lo -MD -MP -MF .deps/cgen-bitset.Tpo -c cgen-bitset.c -o cgen-bitset.o
mv -f .deps/cgen-bitset.Tpo .deps/cgen-bitset.Plo
/bin/bash ./libtool  --tag=CC   --mode=compile gcc -DHAVE_CONFIG_H -I.  -I. -I. -I../bfd -I./../include -I./../bfd    -W -Wall -Wstrict-prototypes -Wmissing-prototypes -Wshadow -Wstack-usage=262144 -g -O2 -MT cgen-dis.lo -MD -MP -MF .deps/cgen-dis.Tpo -c -o cgen-dis.lo cgen-dis.c
libtool: compile:  gcc -DHAVE_CONFIG_H -I. -I. -I. -I../bfd -I./../include -I./../bfd -W -Wall -Wstrict-prototypes -Wmissing-prototypes -Wshadow -Wstack-usage=262144 -g -O2 -MT cgen-dis.lo -MD -MP -MF .deps/cgen-dis.Tpo -c cgen-dis.c -o cgen-dis.o
mv -f .deps/cgen-dis.Tpo .deps/cgen-dis.Plo
/bin/bash ./libtool  --tag=CC   --mode=compile gcc -DHAVE_CONFIG_H -I.  -I. -I. -I../bfd -I./../include -I./../bfd    -W -Wall -Wstrict-prototypes -Wmissing-prototypes -Wshadow -Wstack-usage=262144 -g -O2 -MT cgen-opc.lo -MD -MP -MF .deps/cgen-opc.Tpo -c -o cgen-opc.lo cgen-opc.c
libtool: compile:  gcc -DHAVE_CONFIG_H -I. -I. -I. -I../bfd -I./../include -I./../bfd -W -Wall -Wstrict-prototypes -Wmissing-prototypes -Wshadow -Wstack-usage=262144 -g -O2 -MT cgen-opc.lo -MD -MP -MF .deps/cgen-opc.Tpo -c cgen-opc.c -o cgen-opc.o
mv -f .deps/cgen-opc.Tpo .deps/cgen-opc.Plo
/bin/bash ./libtool  --tag=CC   --mode=compile gcc -DHAVE_CONFIG_H -I.  -I. -I. -I../bfd -I./../include -I./../bfd    -W -Wall -Wstrict-prototypes -Wmissing-prototypes -Wshadow -Wstack-usage=262144 -g -O2 -MT cr16-dis.lo -MD -MP -MF .deps/cr16-dis.Tpo -c -o cr16-dis.lo cr16-dis.c
libtool: compile:  gcc -DHAVE_CONFIG_H -I. -I. -I. -I../bfd -I./../include -I./../bfd -W -Wall -Wstrict-prototypes -Wmissing-prototypes -Wshadow -Wstack-usage=262144 -g -O2 -MT cr16-dis.lo -MD -MP -MF .deps/cr16-dis.Tpo -c cr16-dis.c -o cr16-dis.o
mv -f .deps/cr16-dis.Tpo .deps/cr16-dis.Plo
/bin/bash ./libtool  --tag=CC   --mode=compile gcc -DHAVE_CONFIG_H -I.  -I. -I. -I../bfd -I./../include -I./../bfd    -W -Wall -Wstrict-prototypes -Wmissing-prototypes -Wshadow -Wstack-usage=262144 -g -O2 -MT cr16-opc.lo -MD -MP -MF .deps/cr16-opc.Tpo -c -o cr16-opc.lo cr16-opc.c
libtool: compile:  gcc -DHAVE_CONFIG_H -I. -I. -I. -I../bfd -I./../include -I./../bfd -W -Wall -Wstrict-prototypes -Wmissing-prototypes -Wshadow -Wstack-usage=262144 -g -O2 -MT cr16-opc.lo -MD -MP -MF .deps/cr16-opc.Tpo -c cr16-opc.c -o cr16-opc.o
mv -f .deps/cr16-opc.Tpo .deps/cr16-opc.Plo
/bin/bash ./libtool  --tag=CC   --mode=compile gcc -DHAVE_CONFIG_H -I.  -I. -I. -I../bfd -I./../include -I./../bfd    -W -Wall -Wstrict-prototypes -Wmissing-prototypes -Wshadow -Wstack-usage=262144 -g -O2 -MT cris-dis.lo -MD -MP -MF .deps/cris-dis.Tpo -c -o cris-dis.lo cris-dis.c
libtool: compile:  gcc -DHAVE_CONFIG_H -I. -I. -I. -I../bfd -I./../include -I./../bfd -W -Wall -Wstrict-prototypes -Wmissing-prototypes -Wshadow -Wstack-usage=262144 -g -O2 -MT cris-dis.lo -MD -MP -MF .deps/cris-dis.Tpo -c cris-dis.c -o cris-dis.o
mv -f .deps/cris-dis.Tpo .deps/cris-dis.Plo
/bin/bash ./libtool  --tag=CC   --mode=compile gcc -DHAVE_CONFIG_H -I.  -I. -I. -I../bfd -I./../include -I./../bfd    -W -Wall -Wstrict-prototypes -Wmissing-prototypes -Wshadow -Wstack-usage=262144 -g -O2 -MT cris-opc.lo -MD -MP -MF .deps/cris-opc.Tpo -c -o cris-opc.lo cris-opc.c
libtool: compile:  gcc -DHAVE_CONFIG_H -I. -I. -I. -I../bfd -I./../include -I./../bfd -W -Wall -Wstrict-prototypes -Wmissing-prototypes -Wshadow -Wstack-usage=262144 -g -O2 -MT cris-opc.lo -MD -MP -MF .deps/cris-opc.Tpo -c cris-opc.c -o cris-opc.o
mv -f .deps/cris-opc.Tpo .deps/cris-opc.Plo
/bin/bash ./libtool  --tag=CC   --mode=compile gcc -DHAVE_CONFIG_H -I.  -I. -I. -I../bfd -I./../include -I./../bfd    -W -Wall -Wstrict-prototypes -Wmissing-prototypes -Wshadow -Wstack-usage=262144 -g -O2 -MT crx-dis.lo -MD -MP -MF .deps/crx-dis.Tpo -c -o crx-dis.lo crx-dis.c
libtool: compile:  gcc -DHAVE_CONFIG_H -I. -I. -I. -I../bfd -I./../include -I./../bfd -W -Wall -Wstrict-prototypes -Wmissing-prototypes -Wshadow -Wstack-usage=262144 -g -O2 -MT crx-dis.lo -MD -MP -MF .deps/crx-dis.Tpo -c crx-dis.c -o crx-dis.o
mv -f .deps/crx-dis.Tpo .deps/crx-dis.Plo
/bin/bash ./libtool  --tag=CC   --mode=compile gcc -DHAVE_CONFIG_H -I.  -I. -I. -I../bfd -I./../include -I./../bfd    -W -Wall -Wstrict-prototypes -Wmissing-prototypes -Wshadow -Wstack-usage=262144 -g -O2 -MT crx-opc.lo -MD -MP -MF .deps/crx-opc.Tpo -c -o crx-opc.lo crx-opc.c
libtool: compile:  gcc -DHAVE_CONFIG_H -I. -I. -I. -I../bfd -I./../include -I./../bfd -W -Wall -Wstrict-prototypes -Wmissing-prototypes -Wshadow -Wstack-usage=262144 -g -O2 -MT crx-opc.lo -MD -MP -MF .deps/crx-opc.Tpo -c crx-opc.c -o crx-opc.o
mv -f .deps/crx-opc.Tpo .deps/crx-opc.Plo
/bin/bash ./libtool  --tag=CC   --mode=compile gcc -DHAVE_CONFIG_H -I.  -I. -I. -I../bfd -I./../include -I./../bfd    -W -Wall -Wstrict-prototypes -Wmissing-prototypes -Wshadow -Wstack-usage=262144 -g -O2 -MT csky-dis.lo -MD -MP -MF .deps/csky-dis.Tpo -c -o csky-dis.lo csky-dis.c
libtool: compile:  gcc -DHAVE_CONFIG_H -I. -I. -I. -I../bfd -I./../include -I./../bfd -W -Wall -Wstrict-prototypes -Wmissing-prototypes -Wshadow -Wstack-usage=262144 -g -O2 -MT csky-dis.lo -MD -MP -MF .deps/csky-dis.Tpo -c csky-dis.c -o csky-dis.o
mv -f .deps/csky-dis.Tpo .deps/csky-dis.Plo
/bin/bash ./libtool  --tag=CC   --mode=compile gcc -DHAVE_CONFIG_H -I.  -I. -I. -I../bfd -I./../include -I./../bfd    -W -Wall -Wstrict-prototypes -Wmissing-prototypes -Wshadow -Wstack-usage=262144 -g -O2 -MT d10v-dis.lo -MD -MP -MF .deps/d10v-dis.Tpo -c -o d10v-dis.lo d10v-dis.c
libtool: compile:  gcc -DHAVE_CONFIG_H -I. -I. -I. -I../bfd -I./../include -I./../bfd -W -Wall -Wstrict-prototypes -Wmissing-prototypes -Wshadow -Wstack-usage=262144 -g -O2 -MT d10v-dis.lo -MD -MP -MF .deps/d10v-dis.Tpo -c d10v-dis.c -o d10v-dis.o
mv -f .deps/d10v-dis.Tpo .deps/d10v-dis.Plo
/bin/bash ./libtool  --tag=CC   --mode=compile gcc -DHAVE_CONFIG_H -I.  -I. -I. -I../bfd -I./../include -I./../bfd    -W -Wall -Wstrict-prototypes -Wmissing-prototypes -Wshadow -Wstack-usage=262144 -g -O2 -MT d10v-opc.lo -MD -MP -MF .deps/d10v-opc.Tpo -c -o d10v-opc.lo d10v-opc.c
libtool: compile:  gcc -DHAVE_CONFIG_H -I. -I. -I. -I../bfd -I./../include -I./../bfd -W -Wall -Wstrict-prototypes -Wmissing-prototypes -Wshadow -Wstack-usage=262144 -g -O2 -MT d10v-opc.lo -MD -MP -MF .deps/d10v-opc.Tpo -c d10v-opc.c -o d10v-opc.o
mv -f .deps/d10v-opc.Tpo .deps/d10v-opc.Plo
/bin/bash ./libtool  --tag=CC   --mode=compile gcc -DHAVE_CONFIG_H -I.  -I. -I. -I../bfd -I./../include -I./../bfd    -W -Wall -Wstrict-prototypes -Wmissing-prototypes -Wshadow -Wstack-usage=262144 -g -O2 -MT d30v-dis.lo -MD -MP -MF .deps/d30v-dis.Tpo -c -o d30v-dis.lo d30v-dis.c
libtool: compile:  gcc -DHAVE_CONFIG_H -I. -I. -I. -I../bfd -I./../include -I./../bfd -W -Wall -Wstrict-prototypes -Wmissing-prototypes -Wshadow -Wstack-usage=262144 -g -O2 -MT d30v-dis.lo -MD -MP -MF .deps/d30v-dis.Tpo -c d30v-dis.c -o d30v-dis.o
mv -f .deps/d30v-dis.Tpo .deps/d30v-dis.Plo
/bin/bash ./libtool  --tag=CC   --mode=compile gcc -DHAVE_CONFIG_H -I.  -I. -I. -I../bfd -I./../include -I./../bfd    -W -Wall -Wstrict-prototypes -Wmissing-prototypes -Wshadow -Wstack-usage=262144 -g -O2 -MT d30v-opc.lo -MD -MP -MF .deps/d30v-opc.Tpo -c -o d30v-opc.lo d30v-opc.c
libtool: compile:  gcc -DHAVE_CONFIG_H -I. -I. -I. -I../bfd -I./../include -I./../bfd -W -Wall -Wstrict-prototypes -Wmissing-prototypes -Wshadow -Wstack-usage=262144 -g -O2 -MT d30v-opc.lo -MD -MP -MF .deps/d30v-opc.Tpo -c d30v-opc.c -o d30v-opc.o
mv -f .deps/d30v-opc.Tpo .deps/d30v-opc.Plo
/bin/bash ./libtool  --tag=CC   --mode=compile gcc -DHAVE_CONFIG_H -I.  -I. -I. -I../bfd -I./../include -I./../bfd    -W -Wall -Wstrict-prototypes -Wmissing-prototypes -Wshadow -Wstack-usage=262144 -g -O2 -MT dlx-dis.lo -MD -MP -MF .deps/dlx-dis.Tpo -c -o dlx-dis.lo dlx-dis.c
libtool: compile:  gcc -DHAVE_CONFIG_H -I. -I. -I. -I../bfd -I./../include -I./../bfd -W -Wall -Wstrict-prototypes -Wmissing-prototypes -Wshadow -Wstack-usage=262144 -g -O2 -MT dlx-dis.lo -MD -MP -MF .deps/dlx-dis.Tpo -c dlx-dis.c -o dlx-dis.o
mv -f .deps/dlx-dis.Tpo .deps/dlx-dis.Plo
/bin/bash ./libtool  --tag=CC   --mode=compile gcc -DHAVE_CONFIG_H -I.  -I. -I. -I../bfd -I./../include -I./../bfd    -W -Wall -Wstrict-prototypes -Wmissing-prototypes -Wshadow -Wstack-usage=262144 -g -O2 -MT bpf-asm.lo -MD -MP -MF .deps/bpf-asm.Tpo -c -o bpf-asm.lo bpf-asm.c
libtool: compile:  gcc -DHAVE_CONFIG_H -I. -I. -I. -I../bfd -I./../include -I./../bfd -W -Wall -Wstrict-prototypes -Wmissing-prototypes -Wshadow -Wstack-usage=262144 -g -O2 -MT bpf-asm.lo -MD -MP -MF .deps/bpf-asm.Tpo -c bpf-asm.c -o bpf-asm.o
mv -f .deps/bpf-asm.Tpo .deps/bpf-asm.Plo
/bin/bash ./libtool  --tag=CC   --mode=compile gcc -DHAVE_CONFIG_H -I.  -I. -I. -I../bfd -I./../include -I./../bfd    -W -Wall -Wstrict-prototypes -Wmissing-prototypes -Wshadow -Wstack-usage=262144 -g -O2 -MT bpf-desc.lo -MD -MP -MF .deps/bpf-desc.Tpo -c -o bpf-desc.lo bpf-desc.c
libtool: compile:  gcc -DHAVE_CONFIG_H -I. -I. -I. -I../bfd -I./../include -I./../bfd -W -Wall -Wstrict-prototypes -Wmissing-prototypes -Wshadow -Wstack-usage=262144 -g -O2 -MT bpf-desc.lo -MD -MP -MF .deps/bpf-desc.Tpo -c bpf-desc.c -o bpf-desc.o
mv -f .deps/bpf-desc.Tpo .deps/bpf-desc.Plo
/bin/bash ./libtool  --tag=CC   --mode=compile gcc -DHAVE_CONFIG_H -I.  -I. -I. -I../bfd -I./../include -I./../bfd    -W -Wall -Wstrict-prototypes -Wmissing-prototypes -Wshadow -Wstack-usage=262144 -g -O2 -MT bpf-dis.lo -MD -MP -MF .deps/bpf-dis.Tpo -c -o bpf-dis.lo bpf-dis.c
libtool: compile:  gcc -DHAVE_CONFIG_H -I. -I. -I. -I../bfd -I./../include -I./../bfd -W -Wall -Wstrict-prototypes -Wmissing-prototypes -Wshadow -Wstack-usage=262144 -g -O2 -MT bpf-dis.lo -MD -MP -MF .deps/bpf-dis.Tpo -c bpf-dis.c -o bpf-dis.o
mv -f .deps/bpf-dis.Tpo .deps/bpf-dis.Plo
/bin/bash ./libtool  --tag=CC   --mode=compile gcc -DHAVE_CONFIG_H -I.  -I. -I. -I../bfd -I./../include -I./../bfd    -W -Wall -Wstrict-prototypes -Wmissing-prototypes -Wshadow -Wstack-usage=262144 -g -O2 -MT bpf-ibld.lo -MD -MP -MF .deps/bpf-ibld.Tpo -c -o bpf-ibld.lo bpf-ibld.c
libtool: compile:  gcc -DHAVE_CONFIG_H -I. -I. -I. -I../bfd -I./../include -I./../bfd -W -Wall -Wstrict-prototypes -Wmissing-prototypes -Wshadow -Wstack-usage=262144 -g -O2 -MT bpf-ibld.lo -MD -MP -MF .deps/bpf-ibld.Tpo -c bpf-ibld.c -o bpf-ibld.o
mv -f .deps/bpf-ibld.Tpo .deps/bpf-ibld.Plo
/bin/bash ./libtool  --tag=CC   --mode=compile gcc -DHAVE_CONFIG_H -I.  -I. -I. -I../bfd -I./../include -I./../bfd    -W -Wall -Wstrict-prototypes -Wmissing-prototypes -Wshadow -Wstack-usage=262144 -g -O2 -MT bpf-opc.lo -MD -MP -MF .deps/bpf-opc.Tpo -c -o bpf-opc.lo bpf-opc.c
libtool: compile:  gcc -DHAVE_CONFIG_H -I. -I. -I. -I../bfd -I./../include -I./../bfd -W -Wall -Wstrict-prototypes -Wmissing-prototypes -Wshadow -Wstack-usage=262144 -g -O2 -MT bpf-opc.lo -MD -MP -MF .deps/bpf-opc.Tpo -c bpf-opc.c -o bpf-opc.o
mv -f .deps/bpf-opc.Tpo .deps/bpf-opc.Plo
/bin/bash ./libtool  --tag=CC   --mode=compile gcc -DHAVE_CONFIG_H -I.  -I. -I. -I../bfd -I./../include -I./../bfd    -W -Wall -Wstrict-prototypes -Wmissing-prototypes -Wshadow -Wstack-usage=262144 -g -O2 -MT epiphany-asm.lo -MD -MP -MF .deps/epiphany-asm.Tpo -c -o epiphany-asm.lo epiphany-asm.c
libtool: compile:  gcc -DHAVE_CONFIG_H -I. -I. -I. -I../bfd -I./../include -I./../bfd -W -Wall -Wstrict-prototypes -Wmissing-prototypes -Wshadow -Wstack-usage=262144 -g -O2 -MT epiphany-asm.lo -MD -MP -MF .deps/epiphany-asm.Tpo -c epiphany-asm.c -o epiphany-asm.o
mv -f .deps/epiphany-asm.Tpo .deps/epiphany-asm.Plo
/bin/bash ./libtool  --tag=CC   --mode=compile gcc -DHAVE_CONFIG_H -I.  -I. -I. -I../bfd -I./../include -I./../bfd    -W -Wall -Wstrict-prototypes -Wmissing-prototypes -Wshadow -Wstack-usage=262144 -g -O2 -MT epiphany-desc.lo -MD -MP -MF .deps/epiphany-desc.Tpo -c -o epiphany-desc.lo epiphany-desc.c
libtool: compile:  gcc -DHAVE_CONFIG_H -I. -I. -I. -I../bfd -I./../include -I./../bfd -W -Wall -Wstrict-prototypes -Wmissing-prototypes -Wshadow -Wstack-usage=262144 -g -O2 -MT epiphany-desc.lo -MD -MP -MF .deps/epiphany-desc.Tpo -c epiphany-desc.c -o epiphany-desc.o
mv -f .deps/epiphany-desc.Tpo .deps/epiphany-desc.Plo
/bin/bash ./libtool  --tag=CC   --mode=compile gcc -DHAVE_CONFIG_H -I.  -I. -I. -I../bfd -I./../include -I./../bfd    -W -Wall -Wstrict-prototypes -Wmissing-prototypes -Wshadow -Wstack-usage=262144 -g -O2 -MT epiphany-dis.lo -MD -MP -MF .deps/epiphany-dis.Tpo -c -o epiphany-dis.lo epiphany-dis.c
libtool: compile:  gcc -DHAVE_CONFIG_H -I. -I. -I. -I../bfd -I./../include -I./../bfd -W -Wall -Wstrict-prototypes -Wmissing-prototypes -Wshadow -Wstack-usage=262144 -g -O2 -MT epiphany-dis.lo -MD -MP -MF .deps/epiphany-dis.Tpo -c epiphany-dis.c -o epiphany-dis.o
mv -f .deps/epiphany-dis.Tpo .deps/epiphany-dis.Plo
/bin/bash ./libtool  --tag=CC   --mode=compile gcc -DHAVE_CONFIG_H -I.  -I. -I. -I../bfd -I./../include -I./../bfd    -W -Wall -Wstrict-prototypes -Wmissing-prototypes -Wshadow -Wstack-usage=262144 -g -O2 -MT epiphany-ibld.lo -MD -MP -MF .deps/epiphany-ibld.Tpo -c -o epiphany-ibld.lo epiphany-ibld.c
libtool: compile:  gcc -DHAVE_CONFIG_H -I. -I. -I. -I../bfd -I./../include -I./../bfd -W -Wall -Wstrict-prototypes -Wmissing-prototypes -Wshadow -Wstack-usage=262144 -g -O2 -MT epiphany-ibld.lo -MD -MP -MF .deps/epiphany-ibld.Tpo -c epiphany-ibld.c -o epiphany-ibld.o
mv -f .deps/epiphany-ibld.Tpo .deps/epiphany-ibld.Plo
/bin/bash ./libtool  --tag=CC   --mode=compile gcc -DHAVE_CONFIG_H -I.  -I. -I. -I../bfd -I./../include -I./../bfd    -W -Wall -Wstrict-prototypes -Wmissing-prototypes -Wshadow -Wstack-usage=262144 -g -O2 -MT epiphany-opc.lo -MD -MP -MF .deps/epiphany-opc.Tpo -c -o epiphany-opc.lo epiphany-opc.c
libtool: compile:  gcc -DHAVE_CONFIG_H -I. -I. -I. -I../bfd -I./../include -I./../bfd -W -Wall -Wstrict-prototypes -Wmissing-prototypes -Wshadow -Wstack-usage=262144 -g -O2 -MT epiphany-opc.lo -MD -MP -MF .deps/epiphany-opc.Tpo -c epiphany-opc.c -o epiphany-opc.o
mv -f .deps/epiphany-opc.Tpo .deps/epiphany-opc.Plo
/bin/bash ./libtool  --tag=CC   --mode=compile gcc -DHAVE_CONFIG_H -I.  -I. -I. -I../bfd -I./../include -I./../bfd    -W -Wall -Wstrict-prototypes -Wmissing-prototypes -Wshadow -Wstack-usage=262144 -g -O2 -MT fr30-asm.lo -MD -MP -MF .deps/fr30-asm.Tpo -c -o fr30-asm.lo fr30-asm.c
libtool: compile:  gcc -DHAVE_CONFIG_H -I. -I. -I. -I../bfd -I./../include -I./../bfd -W -Wall -Wstrict-prototypes -Wmissing-prototypes -Wshadow -Wstack-usage=262144 -g -O2 -MT fr30-asm.lo -MD -MP -MF .deps/fr30-asm.Tpo -c fr30-asm.c -o fr30-asm.o
mv -f .deps/fr30-asm.Tpo .deps/fr30-asm.Plo
/bin/bash ./libtool  --tag=CC   --mode=compile gcc -DHAVE_CONFIG_H -I.  -I. -I. -I../bfd -I./../include -I./../bfd    -W -Wall -Wstrict-prototypes -Wmissing-prototypes -Wshadow -Wstack-usage=262144 -g -O2 -MT fr30-desc.lo -MD -MP -MF .deps/fr30-desc.Tpo -c -o fr30-desc.lo fr30-desc.c
libtool: compile:  gcc -DHAVE_CONFIG_H -I. -I. -I. -I../bfd -I./../include -I./../bfd -W -Wall -Wstrict-prototypes -Wmissing-prototypes -Wshadow -Wstack-usage=262144 -g -O2 -MT fr30-desc.lo -MD -MP -MF .deps/fr30-desc.Tpo -c fr30-desc.c -o fr30-desc.o
mv -f .deps/fr30-desc.Tpo .deps/fr30-desc.Plo
/bin/bash ./libtool  --tag=CC   --mode=compile gcc -DHAVE_CONFIG_H -I.  -I. -I. -I../bfd -I./../include -I./../bfd    -W -Wall -Wstrict-prototypes -Wmissing-prototypes -Wshadow -Wstack-usage=262144 -g -O2 -MT fr30-dis.lo -MD -MP -MF .deps/fr30-dis.Tpo -c -o fr30-dis.lo fr30-dis.c
libtool: compile:  gcc -DHAVE_CONFIG_H -I. -I. -I. -I../bfd -I./../include -I./../bfd -W -Wall -Wstrict-prototypes -Wmissing-prototypes -Wshadow -Wstack-usage=262144 -g -O2 -MT fr30-dis.lo -MD -MP -MF .deps/fr30-dis.Tpo -c fr30-dis.c -o fr30-dis.o
mv -f .deps/fr30-dis.Tpo .deps/fr30-dis.Plo
/bin/bash ./libtool  --tag=CC   --mode=compile gcc -DHAVE_CONFIG_H -I.  -I. -I. -I../bfd -I./../include -I./../bfd    -W -Wall -Wstrict-prototypes -Wmissing-prototypes -Wshadow -Wstack-usage=262144 -g -O2 -MT fr30-ibld.lo -MD -MP -MF .deps/fr30-ibld.Tpo -c -o fr30-ibld.lo fr30-ibld.c
libtool: compile:  gcc -DHAVE_CONFIG_H -I. -I. -I. -I../bfd -I./../include -I./../bfd -W -Wall -Wstrict-prototypes -Wmissing-prototypes -Wshadow -Wstack-usage=262144 -g -O2 -MT fr30-ibld.lo -MD -MP -MF .deps/fr30-ibld.Tpo -c fr30-ibld.c -o fr30-ibld.o
mv -f .deps/fr30-ibld.Tpo .deps/fr30-ibld.Plo
/bin/bash ./libtool  --tag=CC   --mode=compile gcc -DHAVE_CONFIG_H -I.  -I. -I. -I../bfd -I./../include -I./../bfd    -W -Wall -Wstrict-prototypes -Wmissing-prototypes -Wshadow -Wstack-usage=262144 -g -O2 -MT fr30-opc.lo -MD -MP -MF .deps/fr30-opc.Tpo -c -o fr30-opc.lo fr30-opc.c
libtool: compile:  gcc -DHAVE_CONFIG_H -I. -I. -I. -I../bfd -I./../include -I./../bfd -W -Wall -Wstrict-prototypes -Wmissing-prototypes -Wshadow -Wstack-usage=262144 -g -O2 -MT fr30-opc.lo -MD -MP -MF .deps/fr30-opc.Tpo -c fr30-opc.c -o fr30-opc.o
mv -f .deps/fr30-opc.Tpo .deps/fr30-opc.Plo
/bin/bash ./libtool  --tag=CC   --mode=compile gcc -DHAVE_CONFIG_H -I.  -I. -I. -I../bfd -I./../include -I./../bfd    -W -Wall -Wstrict-prototypes -Wmissing-prototypes -Wshadow -Wstack-usage=262144 -g -O2 -MT frv-asm.lo -MD -MP -MF .deps/frv-asm.Tpo -c -o frv-asm.lo frv-asm.c
libtool: compile:  gcc -DHAVE_CONFIG_H -I. -I. -I. -I../bfd -I./../include -I./../bfd -W -Wall -Wstrict-prototypes -Wmissing-prototypes -Wshadow -Wstack-usage=262144 -g -O2 -MT frv-asm.lo -MD -MP -MF .deps/frv-asm.Tpo -c frv-asm.c -o frv-asm.o
mv -f .deps/frv-asm.Tpo .deps/frv-asm.Plo
/bin/bash ./libtool  --tag=CC   --mode=compile gcc -DHAVE_CONFIG_H -I.  -I. -I. -I../bfd -I./../include -I./../bfd    -W -Wall -Wstrict-prototypes -Wmissing-prototypes -Wshadow -Wstack-usage=262144 -g -O2 -MT frv-desc.lo -MD -MP -MF .deps/frv-desc.Tpo -c -o frv-desc.lo frv-desc.c
libtool: compile:  gcc -DHAVE_CONFIG_H -I. -I. -I. -I../bfd -I./../include -I./../bfd -W -Wall -Wstrict-prototypes -Wmissing-prototypes -Wshadow -Wstack-usage=262144 -g -O2 -MT frv-desc.lo -MD -MP -MF .deps/frv-desc.Tpo -c frv-desc.c -o frv-desc.o
mv -f .deps/frv-desc.Tpo .deps/frv-desc.Plo
/bin/bash ./libtool  --tag=CC   --mode=compile gcc -DHAVE_CONFIG_H -I.  -I. -I. -I../bfd -I./../include -I./../bfd    -W -Wall -Wstrict-prototypes -Wmissing-prototypes -Wshadow -Wstack-usage=262144 -g -O2 -MT frv-dis.lo -MD -MP -MF .deps/frv-dis.Tpo -c -o frv-dis.lo frv-dis.c
libtool: compile:  gcc -DHAVE_CONFIG_H -I. -I. -I. -I../bfd -I./../include -I./../bfd -W -Wall -Wstrict-prototypes -Wmissing-prototypes -Wshadow -Wstack-usage=262144 -g -O2 -MT frv-dis.lo -MD -MP -MF .deps/frv-dis.Tpo -c frv-dis.c -o frv-dis.o
mv -f .deps/frv-dis.Tpo .deps/frv-dis.Plo
/bin/bash ./libtool  --tag=CC   --mode=compile gcc -DHAVE_CONFIG_H -I.  -I. -I. -I../bfd -I./../include -I./../bfd    -W -Wall -Wstrict-prototypes -Wmissing-prototypes -Wshadow -Wstack-usage=262144 -g -O2 -MT frv-ibld.lo -MD -MP -MF .deps/frv-ibld.Tpo -c -o frv-ibld.lo frv-ibld.c
libtool: compile:  gcc -DHAVE_CONFIG_H -I. -I. -I. -I../bfd -I./../include -I./../bfd -W -Wall -Wstrict-prototypes -Wmissing-prototypes -Wshadow -Wstack-usage=262144 -g -O2 -MT frv-ibld.lo -MD -MP -MF .deps/frv-ibld.Tpo -c frv-ibld.c -o frv-ibld.o
mv -f .deps/frv-ibld.Tpo .deps/frv-ibld.Plo
/bin/bash ./libtool  --tag=CC   --mode=compile gcc -DHAVE_CONFIG_H -I.  -I. -I. -I../bfd -I./../include -I./../bfd    -W -Wall -Wstrict-prototypes -Wmissing-prototypes -Wshadow -Wstack-usage=262144 -g -O2 -MT frv-opc.lo -MD -MP -MF .deps/frv-opc.Tpo -c -o frv-opc.lo frv-opc.c
libtool: compile:  gcc -DHAVE_CONFIG_H -I. -I. -I. -I../bfd -I./../include -I./../bfd -W -Wall -Wstrict-prototypes -Wmissing-prototypes -Wshadow -Wstack-usage=262144 -g -O2 -MT frv-opc.lo -MD -MP -MF .deps/frv-opc.Tpo -c frv-opc.c -o frv-opc.o
mv -f .deps/frv-opc.Tpo .deps/frv-opc.Plo
/bin/bash ./libtool  --tag=CC   --mode=compile gcc -DHAVE_CONFIG_H -I.  -I. -I. -I../bfd -I./../include -I./../bfd    -W -Wall -Wstrict-prototypes -Wmissing-prototypes -Wshadow -Wstack-usage=262144 -g -O2 -MT ft32-dis.lo -MD -MP -MF .deps/ft32-dis.Tpo -c -o ft32-dis.lo ft32-dis.c
libtool: compile:  gcc -DHAVE_CONFIG_H -I. -I. -I. -I../bfd -I./../include -I./../bfd -W -Wall -Wstrict-prototypes -Wmissing-prototypes -Wshadow -Wstack-usage=262144 -g -O2 -MT ft32-dis.lo -MD -MP -MF .deps/ft32-dis.Tpo -c ft32-dis.c -o ft32-dis.o
mv -f .deps/ft32-dis.Tpo .deps/ft32-dis.Plo
/bin/bash ./libtool  --tag=CC   --mode=compile gcc -DHAVE_CONFIG_H -I.  -I. -I. -I../bfd -I./../include -I./../bfd    -W -Wall -Wstrict-prototypes -Wmissing-prototypes -Wshadow -Wstack-usage=262144 -g -O2 -MT ft32-opc.lo -MD -MP -MF .deps/ft32-opc.Tpo -c -o ft32-opc.lo ft32-opc.c
libtool: compile:  gcc -DHAVE_CONFIG_H -I. -I. -I. -I../bfd -I./../include -I./../bfd -W -Wall -Wstrict-prototypes -Wmissing-prototypes -Wshadow -Wstack-usage=262144 -g -O2 -MT ft32-opc.lo -MD -MP -MF .deps/ft32-opc.Tpo -c ft32-opc.c -o ft32-opc.o
mv -f .deps/ft32-opc.Tpo .deps/ft32-opc.Plo
/bin/bash ./libtool  --tag=CC   --mode=compile gcc -DHAVE_CONFIG_H -I.  -I. -I. -I../bfd -I./../include -I./../bfd    -W -Wall -Wstrict-prototypes -Wmissing-prototypes -Wshadow -Wstack-usage=262144 -g -O2 -MT h8300-dis.lo -MD -MP -MF .deps/h8300-dis.Tpo -c -o h8300-dis.lo h8300-dis.c
libtool: compile:  gcc -DHAVE_CONFIG_H -I. -I. -I. -I../bfd -I./../include -I./../bfd -W -Wall -Wstrict-prototypes -Wmissing-prototypes -Wshadow -Wstack-usage=262144 -g -O2 -MT h8300-dis.lo -MD -MP -MF .deps/h8300-dis.Tpo -c h8300-dis.c -o h8300-dis.o
mv -f .deps/h8300-dis.Tpo .deps/h8300-dis.Plo
/bin/bash ./libtool  --tag=CC   --mode=compile gcc -DHAVE_CONFIG_H -I.  -I. -I. -I../bfd -I./../include -I./../bfd    -W -Wall -Wstrict-prototypes -Wmissing-prototypes -Wshadow -Wstack-usage=262144 -g -O2 -MT hppa-dis.lo -MD -MP -MF .deps/hppa-dis.Tpo -c -o hppa-dis.lo hppa-dis.c
libtool: compile:  gcc -DHAVE_CONFIG_H -I. -I. -I. -I../bfd -I./../include -I./../bfd -W -Wall -Wstrict-prototypes -Wmissing-prototypes -Wshadow -Wstack-usage=262144 -g -O2 -MT hppa-dis.lo -MD -MP -MF .deps/hppa-dis.Tpo -c hppa-dis.c -o hppa-dis.o
mv -f .deps/hppa-dis.Tpo .deps/hppa-dis.Plo
/bin/bash ./libtool  --tag=CC   --mode=compile gcc -DHAVE_CONFIG_H -I.  -I. -I. -I../bfd -I./../include -I./../bfd    -W -Wall -Wstrict-prototypes -Wmissing-prototypes -Wshadow -Wstack-usage=262144 -g -O2 -MT i386-dis.lo -MD -MP -MF .deps/i386-dis.Tpo -c -o i386-dis.lo i386-dis.c
libtool: compile:  gcc -DHAVE_CONFIG_H -I. -I. -I. -I../bfd -I./../include -I./../bfd -W -Wall -Wstrict-prototypes -Wmissing-prototypes -Wshadow -Wstack-usage=262144 -g -O2 -MT i386-dis.lo -MD -MP -MF .deps/i386-dis.Tpo -c i386-dis.c -o i386-dis.o
mv -f .deps/i386-dis.Tpo .deps/i386-dis.Plo
/bin/bash ./libtool  --tag=CC   --mode=compile gcc -DHAVE_CONFIG_H -I.  -I. -I. -I../bfd -I./../include -I./../bfd    -W -Wall -Wstrict-prototypes -Wmissing-prototypes -Wshadow -Wstack-usage=262144 -g -O2 -MT i386-opc.lo -MD -MP -MF .deps/i386-opc.Tpo -c -o i386-opc.lo i386-opc.c
libtool: compile:  gcc -DHAVE_CONFIG_H -I. -I. -I. -I../bfd -I./../include -I./../bfd -W -Wall -Wstrict-prototypes -Wmissing-prototypes -Wshadow -Wstack-usage=262144 -g -O2 -MT i386-opc.lo -MD -MP -MF .deps/i386-opc.Tpo -c i386-opc.c -o i386-opc.o
mv -f .deps/i386-opc.Tpo .deps/i386-opc.Plo
/bin/bash ./libtool  --tag=CC   --mode=compile gcc -DHAVE_CONFIG_H -I.  -I. -I. -I../bfd -I./../include -I./../bfd    -W -Wall -Wstrict-prototypes -Wmissing-prototypes -Wshadow -Wstack-usage=262144 -g -O2 -MT ia64-dis.lo -MD -MP -MF .deps/ia64-dis.Tpo -c -o ia64-dis.lo ia64-dis.c
libtool: compile:  gcc -DHAVE_CONFIG_H -I. -I. -I. -I../bfd -I./../include -I./../bfd -W -Wall -Wstrict-prototypes -Wmissing-prototypes -Wshadow -Wstack-usage=262144 -g -O2 -MT ia64-dis.lo -MD -MP -MF .deps/ia64-dis.Tpo -c ia64-dis.c -o ia64-dis.o
mv -f .deps/ia64-dis.Tpo .deps/ia64-dis.Plo
/bin/bash ./libtool  --tag=CC   --mode=compile gcc -DHAVE_CONFIG_H -I.  -I. -I. -I../bfd -I./../include -I./../bfd    -W -Wall -Wstrict-prototypes -Wmissing-prototypes -Wshadow -Wstack-usage=262144 -g -O2 -MT ia64-opc.lo -MD -MP -MF .deps/ia64-opc.Tpo -c -o ia64-opc.lo ia64-opc.c
libtool: compile:  gcc -DHAVE_CONFIG_H -I. -I. -I. -I../bfd -I./../include -I./../bfd -W -Wall -Wstrict-prototypes -Wmissing-prototypes -Wshadow -Wstack-usage=262144 -g -O2 -MT ia64-opc.lo -MD -MP -MF .deps/ia64-opc.Tpo -c ia64-opc.c -o ia64-opc.o
mv -f .deps/ia64-opc.Tpo .deps/ia64-opc.Plo
/bin/bash ./libtool  --tag=CC   --mode=compile gcc -DHAVE_CONFIG_H -I.  -I. -I. -I../bfd -I./../include -I./../bfd    -W -Wall -Wstrict-prototypes -Wmissing-prototypes -Wshadow -Wstack-usage=262144 -g -O2 -MT ip2k-asm.lo -MD -MP -MF .deps/ip2k-asm.Tpo -c -o ip2k-asm.lo ip2k-asm.c
libtool: compile:  gcc -DHAVE_CONFIG_H -I. -I. -I. -I../bfd -I./../include -I./../bfd -W -Wall -Wstrict-prototypes -Wmissing-prototypes -Wshadow -Wstack-usage=262144 -g -O2 -MT ip2k-asm.lo -MD -MP -MF .deps/ip2k-asm.Tpo -c ip2k-asm.c -o ip2k-asm.o
mv -f .deps/ip2k-asm.Tpo .deps/ip2k-asm.Plo
/bin/bash ./libtool  --tag=CC   --mode=compile gcc -DHAVE_CONFIG_H -I.  -I. -I. -I../bfd -I./../include -I./../bfd    -W -Wall -Wstrict-prototypes -Wmissing-prototypes -Wshadow -Wstack-usage=262144 -g -O2 -MT ip2k-desc.lo -MD -MP -MF .deps/ip2k-desc.Tpo -c -o ip2k-desc.lo ip2k-desc.c
libtool: compile:  gcc -DHAVE_CONFIG_H -I. -I. -I. -I../bfd -I./../include -I./../bfd -W -Wall -Wstrict-prototypes -Wmissing-prototypes -Wshadow -Wstack-usage=262144 -g -O2 -MT ip2k-desc.lo -MD -MP -MF .deps/ip2k-desc.Tpo -c ip2k-desc.c -o ip2k-desc.o
mv -f .deps/ip2k-desc.Tpo .deps/ip2k-desc.Plo
/bin/bash ./libtool  --tag=CC   --mode=compile gcc -DHAVE_CONFIG_H -I.  -I. -I. -I../bfd -I./../include -I./../bfd    -W -Wall -Wstrict-prototypes -Wmissing-prototypes -Wshadow -Wstack-usage=262144 -g -O2 -MT ip2k-dis.lo -MD -MP -MF .deps/ip2k-dis.Tpo -c -o ip2k-dis.lo ip2k-dis.c
libtool: compile:  gcc -DHAVE_CONFIG_H -I. -I. -I. -I../bfd -I./../include -I./../bfd -W -Wall -Wstrict-prototypes -Wmissing-prototypes -Wshadow -Wstack-usage=262144 -g -O2 -MT ip2k-dis.lo -MD -MP -MF .deps/ip2k-dis.Tpo -c ip2k-dis.c -o ip2k-dis.o
mv -f .deps/ip2k-dis.Tpo .deps/ip2k-dis.Plo
/bin/bash ./libtool  --tag=CC   --mode=compile gcc -DHAVE_CONFIG_H -I.  -I. -I. -I../bfd -I./../include -I./../bfd    -W -Wall -Wstrict-prototypes -Wmissing-prototypes -Wshadow -Wstack-usage=262144 -g -O2 -MT ip2k-ibld.lo -MD -MP -MF .deps/ip2k-ibld.Tpo -c -o ip2k-ibld.lo ip2k-ibld.c
libtool: compile:  gcc -DHAVE_CONFIG_H -I. -I. -I. -I../bfd -I./../include -I./../bfd -W -Wall -Wstrict-prototypes -Wmissing-prototypes -Wshadow -Wstack-usage=262144 -g -O2 -MT ip2k-ibld.lo -MD -MP -MF .deps/ip2k-ibld.Tpo -c ip2k-ibld.c -o ip2k-ibld.o
mv -f .deps/ip2k-ibld.Tpo .deps/ip2k-ibld.Plo
/bin/bash ./libtool  --tag=CC   --mode=compile gcc -DHAVE_CONFIG_H -I.  -I. -I. -I../bfd -I./../include -I./../bfd    -W -Wall -Wstrict-prototypes -Wmissing-prototypes -Wshadow -Wstack-usage=262144 -g -O2 -MT ip2k-opc.lo -MD -MP -MF .deps/ip2k-opc.Tpo -c -o ip2k-opc.lo ip2k-opc.c
libtool: compile:  gcc -DHAVE_CONFIG_H -I. -I. -I. -I../bfd -I./../include -I./../bfd -W -Wall -Wstrict-prototypes -Wmissing-prototypes -Wshadow -Wstack-usage=262144 -g -O2 -MT ip2k-opc.lo -MD -MP -MF .deps/ip2k-opc.Tpo -c ip2k-opc.c -o ip2k-opc.o
mv -f .deps/ip2k-opc.Tpo .deps/ip2k-opc.Plo
/bin/bash ./libtool  --tag=CC   --mode=compile gcc -DHAVE_CONFIG_H -I.  -I. -I. -I../bfd -I./../include -I./../bfd    -W -Wall -Wstrict-prototypes -Wmissing-prototypes -Wshadow -Wstack-usage=262144 -g -O2 -MT iq2000-asm.lo -MD -MP -MF .deps/iq2000-asm.Tpo -c -o iq2000-asm.lo iq2000-asm.c
libtool: compile:  gcc -DHAVE_CONFIG_H -I. -I. -I. -I../bfd -I./../include -I./../bfd -W -Wall -Wstrict-prototypes -Wmissing-prototypes -Wshadow -Wstack-usage=262144 -g -O2 -MT iq2000-asm.lo -MD -MP -MF .deps/iq2000-asm.Tpo -c iq2000-asm.c -o iq2000-asm.o
mv -f .deps/iq2000-asm.Tpo .deps/iq2000-asm.Plo
/bin/bash ./libtool  --tag=CC   --mode=compile gcc -DHAVE_CONFIG_H -I.  -I. -I. -I../bfd -I./../include -I./../bfd    -W -Wall -Wstrict-prototypes -Wmissing-prototypes -Wshadow -Wstack-usage=262144 -g -O2 -MT iq2000-desc.lo -MD -MP -MF .deps/iq2000-desc.Tpo -c -o iq2000-desc.lo iq2000-desc.c
libtool: compile:  gcc -DHAVE_CONFIG_H -I. -I. -I. -I../bfd -I./../include -I./../bfd -W -Wall -Wstrict-prototypes -Wmissing-prototypes -Wshadow -Wstack-usage=262144 -g -O2 -MT iq2000-desc.lo -MD -MP -MF .deps/iq2000-desc.Tpo -c iq2000-desc.c -o iq2000-desc.o
mv -f .deps/iq2000-desc.Tpo .deps/iq2000-desc.Plo
/bin/bash ./libtool  --tag=CC   --mode=compile gcc -DHAVE_CONFIG_H -I.  -I. -I. -I../bfd -I./../include -I./../bfd    -W -Wall -Wstrict-prototypes -Wmissing-prototypes -Wshadow -Wstack-usage=262144 -g -O2 -MT iq2000-dis.lo -MD -MP -MF .deps/iq2000-dis.Tpo -c -o iq2000-dis.lo iq2000-dis.c
libtool: compile:  gcc -DHAVE_CONFIG_H -I. -I. -I. -I../bfd -I./../include -I./../bfd -W -Wall -Wstrict-prototypes -Wmissing-prototypes -Wshadow -Wstack-usage=262144 -g -O2 -MT iq2000-dis.lo -MD -MP -MF .deps/iq2000-dis.Tpo -c iq2000-dis.c -o iq2000-dis.o
mv -f .deps/iq2000-dis.Tpo .deps/iq2000-dis.Plo
/bin/bash ./libtool  --tag=CC   --mode=compile gcc -DHAVE_CONFIG_H -I.  -I. -I. -I../bfd -I./../include -I./../bfd    -W -Wall -Wstrict-prototypes -Wmissing-prototypes -Wshadow -Wstack-usage=262144 -g -O2 -MT iq2000-ibld.lo -MD -MP -MF .deps/iq2000-ibld.Tpo -c -o iq2000-ibld.lo iq2000-ibld.c
libtool: compile:  gcc -DHAVE_CONFIG_H -I. -I. -I. -I../bfd -I./../include -I./../bfd -W -Wall -Wstrict-prototypes -Wmissing-prototypes -Wshadow -Wstack-usage=262144 -g -O2 -MT iq2000-ibld.lo -MD -MP -MF .deps/iq2000-ibld.Tpo -c iq2000-ibld.c -o iq2000-ibld.o
mv -f .deps/iq2000-ibld.Tpo .deps/iq2000-ibld.Plo
/bin/bash ./libtool  --tag=CC   --mode=compile gcc -DHAVE_CONFIG_H -I.  -I. -I. -I../bfd -I./../include -I./../bfd    -W -Wall -Wstrict-prototypes -Wmissing-prototypes -Wshadow -Wstack-usage=262144 -g -O2 -MT iq2000-opc.lo -MD -MP -MF .deps/iq2000-opc.Tpo -c -o iq2000-opc.lo iq2000-opc.c
libtool: compile:  gcc -DHAVE_CONFIG_H -I. -I. -I. -I../bfd -I./../include -I./../bfd -W -Wall -Wstrict-prototypes -Wmissing-prototypes -Wshadow -Wstack-usage=262144 -g -O2 -MT iq2000-opc.lo -MD -MP -MF .deps/iq2000-opc.Tpo -c iq2000-opc.c -o iq2000-opc.o
mv -f .deps/iq2000-opc.Tpo .deps/iq2000-opc.Plo
/bin/bash ./libtool  --tag=CC   --mode=compile gcc -DHAVE_CONFIG_H -I.  -I. -I. -I../bfd -I./../include -I./../bfd    -W -Wall -Wstrict-prototypes -Wmissing-prototypes -Wshadow -Wstack-usage=262144 -g -O2 -MT lm32-asm.lo -MD -MP -MF .deps/lm32-asm.Tpo -c -o lm32-asm.lo lm32-asm.c
libtool: compile:  gcc -DHAVE_CONFIG_H -I. -I. -I. -I../bfd -I./../include -I./../bfd -W -Wall -Wstrict-prototypes -Wmissing-prototypes -Wshadow -Wstack-usage=262144 -g -O2 -MT lm32-asm.lo -MD -MP -MF .deps/lm32-asm.Tpo -c lm32-asm.c -o lm32-asm.o
mv -f .deps/lm32-asm.Tpo .deps/lm32-asm.Plo
/bin/bash ./libtool  --tag=CC   --mode=compile gcc -DHAVE_CONFIG_H -I.  -I. -I. -I../bfd -I./../include -I./../bfd    -W -Wall -Wstrict-prototypes -Wmissing-prototypes -Wshadow -Wstack-usage=262144 -g -O2 -MT lm32-desc.lo -MD -MP -MF .deps/lm32-desc.Tpo -c -o lm32-desc.lo lm32-desc.c
libtool: compile:  gcc -DHAVE_CONFIG_H -I. -I. -I. -I../bfd -I./../include -I./../bfd -W -Wall -Wstrict-prototypes -Wmissing-prototypes -Wshadow -Wstack-usage=262144 -g -O2 -MT lm32-desc.lo -MD -MP -MF .deps/lm32-desc.Tpo -c lm32-desc.c -o lm32-desc.o
mv -f .deps/lm32-desc.Tpo .deps/lm32-desc.Plo
/bin/bash ./libtool  --tag=CC   --mode=compile gcc -DHAVE_CONFIG_H -I.  -I. -I. -I../bfd -I./../include -I./../bfd    -W -Wall -Wstrict-prototypes -Wmissing-prototypes -Wshadow -Wstack-usage=262144 -g -O2 -MT lm32-dis.lo -MD -MP -MF .deps/lm32-dis.Tpo -c -o lm32-dis.lo lm32-dis.c
libtool: compile:  gcc -DHAVE_CONFIG_H -I. -I. -I. -I../bfd -I./../include -I./../bfd -W -Wall -Wstrict-prototypes -Wmissing-prototypes -Wshadow -Wstack-usage=262144 -g -O2 -MT lm32-dis.lo -MD -MP -MF .deps/lm32-dis.Tpo -c lm32-dis.c -o lm32-dis.o
mv -f .deps/lm32-dis.Tpo .deps/lm32-dis.Plo
/bin/bash ./libtool  --tag=CC   --mode=compile gcc -DHAVE_CONFIG_H -I.  -I. -I. -I../bfd -I./../include -I./../bfd    -W -Wall -Wstrict-prototypes -Wmissing-prototypes -Wshadow -Wstack-usage=262144 -g -O2 -MT lm32-ibld.lo -MD -MP -MF .deps/lm32-ibld.Tpo -c -o lm32-ibld.lo lm32-ibld.c
libtool: compile:  gcc -DHAVE_CONFIG_H -I. -I. -I. -I../bfd -I./../include -I./../bfd -W -Wall -Wstrict-prototypes -Wmissing-prototypes -Wshadow -Wstack-usage=262144 -g -O2 -MT lm32-ibld.lo -MD -MP -MF .deps/lm32-ibld.Tpo -c lm32-ibld.c -o lm32-ibld.o
mv -f .deps/lm32-ibld.Tpo .deps/lm32-ibld.Plo
/bin/bash ./libtool  --tag=CC   --mode=compile gcc -DHAVE_CONFIG_H -I.  -I. -I. -I../bfd -I./../include -I./../bfd    -W -Wall -Wstrict-prototypes -Wmissing-prototypes -Wshadow -Wstack-usage=262144 -g -O2 -MT lm32-opc.lo -MD -MP -MF .deps/lm32-opc.Tpo -c -o lm32-opc.lo lm32-opc.c
libtool: compile:  gcc -DHAVE_CONFIG_H -I. -I. -I. -I../bfd -I./../include -I./../bfd -W -Wall -Wstrict-prototypes -Wmissing-prototypes -Wshadow -Wstack-usage=262144 -g -O2 -MT lm32-opc.lo -MD -MP -MF .deps/lm32-opc.Tpo -c lm32-opc.c -o lm32-opc.o
mv -f .deps/lm32-opc.Tpo .deps/lm32-opc.Plo
/bin/bash ./libtool  --tag=CC   --mode=compile gcc -DHAVE_CONFIG_H -I.  -I. -I. -I../bfd -I./../include -I./../bfd    -W -Wall -Wstrict-prototypes -Wmissing-prototypes -Wshadow -Wstack-usage=262144 -g -O2 -MT lm32-opinst.lo -MD -MP -MF .deps/lm32-opinst.Tpo -c -o lm32-opinst.lo lm32-opinst.c
libtool: compile:  gcc -DHAVE_CONFIG_H -I. -I. -I. -I../bfd -I./../include -I./../bfd -W -Wall -Wstrict-prototypes -Wmissing-prototypes -Wshadow -Wstack-usage=262144 -g -O2 -MT lm32-opinst.lo -MD -MP -MF .deps/lm32-opinst.Tpo -c lm32-opinst.c -o lm32-opinst.o
mv -f .deps/lm32-opinst.Tpo .deps/lm32-opinst.Plo
/bin/bash ./libtool  --tag=CC   --mode=compile gcc -DHAVE_CONFIG_H -I.  -I. -I. -I../bfd -I./../include -I./../bfd    -W -Wall -Wstrict-prototypes -Wmissing-prototypes -Wshadow -Wstack-usage=262144 -g -O2 -MT m10200-dis.lo -MD -MP -MF .deps/m10200-dis.Tpo -c -o m10200-dis.lo m10200-dis.c
libtool: compile:  gcc -DHAVE_CONFIG_H -I. -I. -I. -I../bfd -I./../include -I./../bfd -W -Wall -Wstrict-prototypes -Wmissing-prototypes -Wshadow -Wstack-usage=262144 -g -O2 -MT m10200-dis.lo -MD -MP -MF .deps/m10200-dis.Tpo -c m10200-dis.c -o m10200-dis.o
mv -f .deps/m10200-dis.Tpo .deps/m10200-dis.Plo
/bin/bash ./libtool  --tag=CC   --mode=compile gcc -DHAVE_CONFIG_H -I.  -I. -I. -I../bfd -I./../include -I./../bfd    -W -Wall -Wstrict-prototypes -Wmissing-prototypes -Wshadow -Wstack-usage=262144 -g -O2 -MT m10200-opc.lo -MD -MP -MF .deps/m10200-opc.Tpo -c -o m10200-opc.lo m10200-opc.c
libtool: compile:  gcc -DHAVE_CONFIG_H -I. -I. -I. -I../bfd -I./../include -I./../bfd -W -Wall -Wstrict-prototypes -Wmissing-prototypes -Wshadow -Wstack-usage=262144 -g -O2 -MT m10200-opc.lo -MD -MP -MF .deps/m10200-opc.Tpo -c m10200-opc.c -o m10200-opc.o
mv -f .deps/m10200-opc.Tpo .deps/m10200-opc.Plo
/bin/bash ./libtool  --tag=CC   --mode=compile gcc -DHAVE_CONFIG_H -I.  -I. -I. -I../bfd -I./../include -I./../bfd    -W -Wall -Wstrict-prototypes -Wmissing-prototypes -Wshadow -Wstack-usage=262144 -g -O2 -MT m10300-dis.lo -MD -MP -MF .deps/m10300-dis.Tpo -c -o m10300-dis.lo m10300-dis.c
libtool: compile:  gcc -DHAVE_CONFIG_H -I. -I. -I. -I../bfd -I./../include -I./../bfd -W -Wall -Wstrict-prototypes -Wmissing-prototypes -Wshadow -Wstack-usage=262144 -g -O2 -MT m10300-dis.lo -MD -MP -MF .deps/m10300-dis.Tpo -c m10300-dis.c -o m10300-dis.o
mv -f .deps/m10300-dis.Tpo .deps/m10300-dis.Plo
/bin/bash ./libtool  --tag=CC   --mode=compile gcc -DHAVE_CONFIG_H -I.  -I. -I. -I../bfd -I./../include -I./../bfd    -W -Wall -Wstrict-prototypes -Wmissing-prototypes -Wshadow -Wstack-usage=262144 -g -O2 -MT m10300-opc.lo -MD -MP -MF .deps/m10300-opc.Tpo -c -o m10300-opc.lo m10300-opc.c
libtool: compile:  gcc -DHAVE_CONFIG_H -I. -I. -I. -I../bfd -I./../include -I./../bfd -W -Wall -Wstrict-prototypes -Wmissing-prototypes -Wshadow -Wstack-usage=262144 -g -O2 -MT m10300-opc.lo -MD -MP -MF .deps/m10300-opc.Tpo -c m10300-opc.c -o m10300-opc.o
mv -f .deps/m10300-opc.Tpo .deps/m10300-opc.Plo
/bin/bash ./libtool  --tag=CC   --mode=compile gcc -DHAVE_CONFIG_H -I.  -I. -I. -I../bfd -I./../include -I./../bfd    -W -Wall -Wstrict-prototypes -Wmissing-prototypes -Wshadow -Wstack-usage=262144 -g -O2 -MT m32c-asm.lo -MD -MP -MF .deps/m32c-asm.Tpo -c -o m32c-asm.lo m32c-asm.c
libtool: compile:  gcc -DHAVE_CONFIG_H -I. -I. -I. -I../bfd -I./../include -I./../bfd -W -Wall -Wstrict-prototypes -Wmissing-prototypes -Wshadow -Wstack-usage=262144 -g -O2 -MT m32c-asm.lo -MD -MP -MF .deps/m32c-asm.Tpo -c m32c-asm.c -o m32c-asm.o
mv -f .deps/m32c-asm.Tpo .deps/m32c-asm.Plo
/bin/bash ./libtool  --tag=CC   --mode=compile gcc -DHAVE_CONFIG_H -I.  -I. -I. -I../bfd -I./../include -I./../bfd    -W -Wall -Wstrict-prototypes -Wmissing-prototypes -Wshadow -Wstack-usage=262144 -g -O2 -MT m32c-desc.lo -MD -MP -MF .deps/m32c-desc.Tpo -c -o m32c-desc.lo m32c-desc.c
libtool: compile:  gcc -DHAVE_CONFIG_H -I. -I. -I. -I../bfd -I./../include -I./../bfd -W -Wall -Wstrict-prototypes -Wmissing-prototypes -Wshadow -Wstack-usage=262144 -g -O2 -MT m32c-desc.lo -MD -MP -MF .deps/m32c-desc.Tpo -c m32c-desc.c -o m32c-desc.o
mv -f .deps/m32c-desc.Tpo .deps/m32c-desc.Plo
/bin/bash ./libtool  --tag=CC   --mode=compile gcc -DHAVE_CONFIG_H -I.  -I. -I. -I../bfd -I./../include -I./../bfd    -W -Wall -Wstrict-prototypes -Wmissing-prototypes -Wshadow -Wstack-usage=262144 -g -O2 -MT m32c-dis.lo -MD -MP -MF .deps/m32c-dis.Tpo -c -o m32c-dis.lo m32c-dis.c
libtool: compile:  gcc -DHAVE_CONFIG_H -I. -I. -I. -I../bfd -I./../include -I./../bfd -W -Wall -Wstrict-prototypes -Wmissing-prototypes -Wshadow -Wstack-usage=262144 -g -O2 -MT m32c-dis.lo -MD -MP -MF .deps/m32c-dis.Tpo -c m32c-dis.c -o m32c-dis.o
mv -f .deps/m32c-dis.Tpo .deps/m32c-dis.Plo
/bin/bash ./libtool  --tag=CC   --mode=compile gcc -DHAVE_CONFIG_H -I.  -I. -I. -I../bfd -I./../include -I./../bfd    -W -Wall -Wstrict-prototypes -Wmissing-prototypes -Wshadow -Wstack-usage=262144 -g -O2 -MT m32c-ibld.lo -MD -MP -MF .deps/m32c-ibld.Tpo -c -o m32c-ibld.lo m32c-ibld.c
libtool: compile:  gcc -DHAVE_CONFIG_H -I. -I. -I. -I../bfd -I./../include -I./../bfd -W -Wall -Wstrict-prototypes -Wmissing-prototypes -Wshadow -Wstack-usage=262144 -g -O2 -MT m32c-ibld.lo -MD -MP -MF .deps/m32c-ibld.Tpo -c m32c-ibld.c -o m32c-ibld.o
mv -f .deps/m32c-ibld.Tpo .deps/m32c-ibld.Plo
/bin/bash ./libtool  --tag=CC   --mode=compile gcc -DHAVE_CONFIG_H -I.  -I. -I. -I../bfd -I./../include -I./../bfd    -W -Wall -Wstrict-prototypes -Wmissing-prototypes -Wshadow -Wstack-usage=262144 -g -O2 -MT m32c-opc.lo -MD -MP -MF .deps/m32c-opc.Tpo -c -o m32c-opc.lo m32c-opc.c
libtool: compile:  gcc -DHAVE_CONFIG_H -I. -I. -I. -I../bfd -I./../include -I./../bfd -W -Wall -Wstrict-prototypes -Wmissing-prototypes -Wshadow -Wstack-usage=262144 -g -O2 -MT m32c-opc.lo -MD -MP -MF .deps/m32c-opc.Tpo -c m32c-opc.c -o m32c-opc.o
mv -f .deps/m32c-opc.Tpo .deps/m32c-opc.Plo
/bin/bash ./libtool  --tag=CC   --mode=compile gcc -DHAVE_CONFIG_H -I.  -I. -I. -I../bfd -I./../include -I./../bfd    -W -Wall -Wstrict-prototypes -Wmissing-prototypes -Wshadow -Wstack-usage=262144 -g -O2 -MT m32r-asm.lo -MD -MP -MF .deps/m32r-asm.Tpo -c -o m32r-asm.lo m32r-asm.c
libtool: compile:  gcc -DHAVE_CONFIG_H -I. -I. -I. -I../bfd -I./../include -I./../bfd -W -Wall -Wstrict-prototypes -Wmissing-prototypes -Wshadow -Wstack-usage=262144 -g -O2 -MT m32r-asm.lo -MD -MP -MF .deps/m32r-asm.Tpo -c m32r-asm.c -o m32r-asm.o
mv -f .deps/m32r-asm.Tpo .deps/m32r-asm.Plo
/bin/bash ./libtool  --tag=CC   --mode=compile gcc -DHAVE_CONFIG_H -I.  -I. -I. -I../bfd -I./../include -I./../bfd    -W -Wall -Wstrict-prototypes -Wmissing-prototypes -Wshadow -Wstack-usage=262144 -g -O2 -MT m32r-desc.lo -MD -MP -MF .deps/m32r-desc.Tpo -c -o m32r-desc.lo m32r-desc.c
libtool: compile:  gcc -DHAVE_CONFIG_H -I. -I. -I. -I../bfd -I./../include -I./../bfd -W -Wall -Wstrict-prototypes -Wmissing-prototypes -Wshadow -Wstack-usage=262144 -g -O2 -MT m32r-desc.lo -MD -MP -MF .deps/m32r-desc.Tpo -c m32r-desc.c -o m32r-desc.o
mv -f .deps/m32r-desc.Tpo .deps/m32r-desc.Plo
/bin/bash ./libtool  --tag=CC   --mode=compile gcc -DHAVE_CONFIG_H -I.  -I. -I. -I../bfd -I./../include -I./../bfd    -W -Wall -Wstrict-prototypes -Wmissing-prototypes -Wshadow -Wstack-usage=262144 -g -O2 -MT m32r-dis.lo -MD -MP -MF .deps/m32r-dis.Tpo -c -o m32r-dis.lo m32r-dis.c
libtool: compile:  gcc -DHAVE_CONFIG_H -I. -I. -I. -I../bfd -I./../include -I./../bfd -W -Wall -Wstrict-prototypes -Wmissing-prototypes -Wshadow -Wstack-usage=262144 -g -O2 -MT m32r-dis.lo -MD -MP -MF .deps/m32r-dis.Tpo -c m32r-dis.c -o m32r-dis.o
mv -f .deps/m32r-dis.Tpo .deps/m32r-dis.Plo
/bin/bash ./libtool  --tag=CC   --mode=compile gcc -DHAVE_CONFIG_H -I.  -I. -I. -I../bfd -I./../include -I./../bfd    -W -Wall -Wstrict-prototypes -Wmissing-prototypes -Wshadow -Wstack-usage=262144 -g -O2 -MT m32r-ibld.lo -MD -MP -MF .deps/m32r-ibld.Tpo -c -o m32r-ibld.lo m32r-ibld.c
libtool: compile:  gcc -DHAVE_CONFIG_H -I. -I. -I. -I../bfd -I./../include -I./../bfd -W -Wall -Wstrict-prototypes -Wmissing-prototypes -Wshadow -Wstack-usage=262144 -g -O2 -MT m32r-ibld.lo -MD -MP -MF .deps/m32r-ibld.Tpo -c m32r-ibld.c -o m32r-ibld.o
mv -f .deps/m32r-ibld.Tpo .deps/m32r-ibld.Plo
/bin/bash ./libtool  --tag=CC   --mode=compile gcc -DHAVE_CONFIG_H -I.  -I. -I. -I../bfd -I./../include -I./../bfd    -W -Wall -Wstrict-prototypes -Wmissing-prototypes -Wshadow -Wstack-usage=262144 -g -O2 -MT m32r-opc.lo -MD -MP -MF .deps/m32r-opc.Tpo -c -o m32r-opc.lo m32r-opc.c
libtool: compile:  gcc -DHAVE_CONFIG_H -I. -I. -I. -I../bfd -I./../include -I./../bfd -W -Wall -Wstrict-prototypes -Wmissing-prototypes -Wshadow -Wstack-usage=262144 -g -O2 -MT m32r-opc.lo -MD -MP -MF .deps/m32r-opc.Tpo -c m32r-opc.c -o m32r-opc.o
mv -f .deps/m32r-opc.Tpo .deps/m32r-opc.Plo
/bin/bash ./libtool  --tag=CC   --mode=compile gcc -DHAVE_CONFIG_H -I.  -I. -I. -I../bfd -I./../include -I./../bfd    -W -Wall -Wstrict-prototypes -Wmissing-prototypes -Wshadow -Wstack-usage=262144 -g -O2 -MT m32r-opinst.lo -MD -MP -MF .deps/m32r-opinst.Tpo -c -o m32r-opinst.lo m32r-opinst.c
libtool: compile:  gcc -DHAVE_CONFIG_H -I. -I. -I. -I../bfd -I./../include -I./../bfd -W -Wall -Wstrict-prototypes -Wmissing-prototypes -Wshadow -Wstack-usage=262144 -g -O2 -MT m32r-opinst.lo -MD -MP -MF .deps/m32r-opinst.Tpo -c m32r-opinst.c -o m32r-opinst.o
mv -f .deps/m32r-opinst.Tpo .deps/m32r-opinst.Plo
/bin/bash ./libtool  --tag=CC   --mode=compile gcc -DHAVE_CONFIG_H -I.  -I. -I. -I../bfd -I./../include -I./../bfd    -W -Wall -Wstrict-prototypes -Wmissing-prototypes -Wshadow -Wstack-usage=262144 -g -O2 -MT m68hc11-dis.lo -MD -MP -MF .deps/m68hc11-dis.Tpo -c -o m68hc11-dis.lo m68hc11-dis.c
libtool: compile:  gcc -DHAVE_CONFIG_H -I. -I. -I. -I../bfd -I./../include -I./../bfd -W -Wall -Wstrict-prototypes -Wmissing-prototypes -Wshadow -Wstack-usage=262144 -g -O2 -MT m68hc11-dis.lo -MD -MP -MF .deps/m68hc11-dis.Tpo -c m68hc11-dis.c -o m68hc11-dis.o
mv -f .deps/m68hc11-dis.Tpo .deps/m68hc11-dis.Plo
/bin/bash ./libtool  --tag=CC   --mode=compile gcc -DHAVE_CONFIG_H -I.  -I. -I. -I../bfd -I./../include -I./../bfd    -W -Wall -Wstrict-prototypes -Wmissing-prototypes -Wshadow -Wstack-usage=262144 -g -O2 -MT m68hc11-opc.lo -MD -MP -MF .deps/m68hc11-opc.Tpo -c -o m68hc11-opc.lo m68hc11-opc.c
libtool: compile:  gcc -DHAVE_CONFIG_H -I. -I. -I. -I../bfd -I./../include -I./../bfd -W -Wall -Wstrict-prototypes -Wmissing-prototypes -Wshadow -Wstack-usage=262144 -g -O2 -MT m68hc11-opc.lo -MD -MP -MF .deps/m68hc11-opc.Tpo -c m68hc11-opc.c -o m68hc11-opc.o
mv -f .deps/m68hc11-opc.Tpo .deps/m68hc11-opc.Plo
/bin/bash ./libtool  --tag=CC   --mode=compile gcc -DHAVE_CONFIG_H -I.  -I. -I. -I../bfd -I./../include -I./../bfd    -W -Wall -Wstrict-prototypes -Wmissing-prototypes -Wshadow -Wstack-usage=262144 -g -O2 -MT m68k-dis.lo -MD -MP -MF .deps/m68k-dis.Tpo -c -o m68k-dis.lo m68k-dis.c
libtool: compile:  gcc -DHAVE_CONFIG_H -I. -I. -I. -I../bfd -I./../include -I./../bfd -W -Wall -Wstrict-prototypes -Wmissing-prototypes -Wshadow -Wstack-usage=262144 -g -O2 -MT m68k-dis.lo -MD -MP -MF .deps/m68k-dis.Tpo -c m68k-dis.c -o m68k-dis.o
mv -f .deps/m68k-dis.Tpo .deps/m68k-dis.Plo
/bin/bash ./libtool  --tag=CC   --mode=compile gcc -DHAVE_CONFIG_H -I.  -I. -I. -I../bfd -I./../include -I./../bfd    -W -Wall -Wstrict-prototypes -Wmissing-prototypes -Wshadow -Wstack-usage=262144 -g -O2 -MT m68k-opc.lo -MD -MP -MF .deps/m68k-opc.Tpo -c -o m68k-opc.lo m68k-opc.c
libtool: compile:  gcc -DHAVE_CONFIG_H -I. -I. -I. -I../bfd -I./../include -I./../bfd -W -Wall -Wstrict-prototypes -Wmissing-prototypes -Wshadow -Wstack-usage=262144 -g -O2 -MT m68k-opc.lo -MD -MP -MF .deps/m68k-opc.Tpo -c m68k-opc.c -o m68k-opc.o
mv -f .deps/m68k-opc.Tpo .deps/m68k-opc.Plo
/bin/bash ./libtool  --tag=CC   --mode=compile gcc -DHAVE_CONFIG_H -I.  -I. -I. -I../bfd -I./../include -I./../bfd    -W -Wall -Wstrict-prototypes -Wmissing-prototypes -Wshadow -Wstack-usage=262144 -g -O2 -MT s12z-dis.lo -MD -MP -MF .deps/s12z-dis.Tpo -c -o s12z-dis.lo s12z-dis.c
libtool: compile:  gcc -DHAVE_CONFIG_H -I. -I. -I. -I../bfd -I./../include -I./../bfd -W -Wall -Wstrict-prototypes -Wmissing-prototypes -Wshadow -Wstack-usage=262144 -g -O2 -MT s12z-dis.lo -MD -MP -MF .deps/s12z-dis.Tpo -c s12z-dis.c -o s12z-dis.o
mv -f .deps/s12z-dis.Tpo .deps/s12z-dis.Plo
/bin/bash ./libtool  --tag=CC   --mode=compile gcc -DHAVE_CONFIG_H -I.  -I. -I. -I../bfd -I./../include -I./../bfd    -W -Wall -Wstrict-prototypes -Wmissing-prototypes -Wshadow -Wstack-usage=262144 -g -O2 -MT s12z-opc.lo -MD -MP -MF .deps/s12z-opc.Tpo -c -o s12z-opc.lo s12z-opc.c
libtool: compile:  gcc -DHAVE_CONFIG_H -I. -I. -I. -I../bfd -I./../include -I./../bfd -W -Wall -Wstrict-prototypes -Wmissing-prototypes -Wshadow -Wstack-usage=262144 -g -O2 -MT s12z-opc.lo -MD -MP -MF .deps/s12z-opc.Tpo -c s12z-opc.c -o s12z-opc.o
mv -f .deps/s12z-opc.Tpo .deps/s12z-opc.Plo
/bin/bash ./libtool  --tag=CC   --mode=compile gcc -DHAVE_CONFIG_H -I.  -I. -I. -I../bfd -I./../include -I./../bfd    -W -Wall -Wstrict-prototypes -Wmissing-prototypes -Wshadow -Wstack-usage=262144 -g -O2 -MT mcore-dis.lo -MD -MP -MF .deps/mcore-dis.Tpo -c -o mcore-dis.lo mcore-dis.c
libtool: compile:  gcc -DHAVE_CONFIG_H -I. -I. -I. -I../bfd -I./../include -I./../bfd -W -Wall -Wstrict-prototypes -Wmissing-prototypes -Wshadow -Wstack-usage=262144 -g -O2 -MT mcore-dis.lo -MD -MP -MF .deps/mcore-dis.Tpo -c mcore-dis.c -o mcore-dis.o
mv -f .deps/mcore-dis.Tpo .deps/mcore-dis.Plo
/bin/bash ./libtool  --tag=CC   --mode=compile gcc -DHAVE_CONFIG_H -I.  -I. -I. -I../bfd -I./../include -I./../bfd    -W -Wall -Wstrict-prototypes -Wmissing-prototypes -Wshadow -Wstack-usage=262144 -g -O2 -MT mep-asm.lo -MD -MP -MF .deps/mep-asm.Tpo -c -o mep-asm.lo mep-asm.c
libtool: compile:  gcc -DHAVE_CONFIG_H -I. -I. -I. -I../bfd -I./../include -I./../bfd -W -Wall -Wstrict-prototypes -Wmissing-prototypes -Wshadow -Wstack-usage=262144 -g -O2 -MT mep-asm.lo -MD -MP -MF .deps/mep-asm.Tpo -c mep-asm.c -o mep-asm.o
mv -f .deps/mep-asm.Tpo .deps/mep-asm.Plo
/bin/bash ./libtool  --tag=CC   --mode=compile gcc -DHAVE_CONFIG_H -I.  -I. -I. -I../bfd -I./../include -I./../bfd    -W -Wall -Wstrict-prototypes -Wmissing-prototypes -Wshadow -Wstack-usage=262144 -g -O2 -MT mep-desc.lo -MD -MP -MF .deps/mep-desc.Tpo -c -o mep-desc.lo mep-desc.c
libtool: compile:  gcc -DHAVE_CONFIG_H -I. -I. -I. -I../bfd -I./../include -I./../bfd -W -Wall -Wstrict-prototypes -Wmissing-prototypes -Wshadow -Wstack-usage=262144 -g -O2 -MT mep-desc.lo -MD -MP -MF .deps/mep-desc.Tpo -c mep-desc.c -o mep-desc.o
mv -f .deps/mep-desc.Tpo .deps/mep-desc.Plo
/bin/bash ./libtool  --tag=CC   --mode=compile gcc -DHAVE_CONFIG_H -I.  -I. -I. -I../bfd -I./../include -I./../bfd    -W -Wall -Wstrict-prototypes -Wmissing-prototypes -Wshadow -Wstack-usage=262144 -g -O2 -MT mep-dis.lo -MD -MP -MF .deps/mep-dis.Tpo -c -o mep-dis.lo mep-dis.c
libtool: compile:  gcc -DHAVE_CONFIG_H -I. -I. -I. -I../bfd -I./../include -I./../bfd -W -Wall -Wstrict-prototypes -Wmissing-prototypes -Wshadow -Wstack-usage=262144 -g -O2 -MT mep-dis.lo -MD -MP -MF .deps/mep-dis.Tpo -c mep-dis.c -o mep-dis.o
mv -f .deps/mep-dis.Tpo .deps/mep-dis.Plo
/bin/bash ./libtool  --tag=CC   --mode=compile gcc -DHAVE_CONFIG_H -I.  -I. -I. -I../bfd -I./../include -I./../bfd    -W -Wall -Wstrict-prototypes -Wmissing-prototypes -Wshadow -Wstack-usage=262144 -g -O2 -MT mep-ibld.lo -MD -MP -MF .deps/mep-ibld.Tpo -c -o mep-ibld.lo mep-ibld.c
libtool: compile:  gcc -DHAVE_CONFIG_H -I. -I. -I. -I../bfd -I./../include -I./../bfd -W -Wall -Wstrict-prototypes -Wmissing-prototypes -Wshadow -Wstack-usage=262144 -g -O2 -MT mep-ibld.lo -MD -MP -MF .deps/mep-ibld.Tpo -c mep-ibld.c -o mep-ibld.o
mv -f .deps/mep-ibld.Tpo .deps/mep-ibld.Plo
/bin/bash ./libtool  --tag=CC   --mode=compile gcc -DHAVE_CONFIG_H -I.  -I. -I. -I../bfd -I./../include -I./../bfd    -W -Wall -Wstrict-prototypes -Wmissing-prototypes -Wshadow -Wstack-usage=262144 -g -O2 -MT mep-opc.lo -MD -MP -MF .deps/mep-opc.Tpo -c -o mep-opc.lo mep-opc.c
libtool: compile:  gcc -DHAVE_CONFIG_H -I. -I. -I. -I../bfd -I./../include -I./../bfd -W -Wall -Wstrict-prototypes -Wmissing-prototypes -Wshadow -Wstack-usage=262144 -g -O2 -MT mep-opc.lo -MD -MP -MF .deps/mep-opc.Tpo -c mep-opc.c -o mep-opc.o
mv -f .deps/mep-opc.Tpo .deps/mep-opc.Plo
/bin/bash ./libtool  --tag=CC   --mode=compile gcc -DHAVE_CONFIG_H -I.  -I. -I. -I../bfd -I./../include -I./../bfd    -W -Wall -Wstrict-prototypes -Wmissing-prototypes -Wshadow -Wstack-usage=262144 -g -O2 -MT metag-dis.lo -MD -MP -MF .deps/metag-dis.Tpo -c -o metag-dis.lo metag-dis.c
libtool: compile:  gcc -DHAVE_CONFIG_H -I. -I. -I. -I../bfd -I./../include -I./../bfd -W -Wall -Wstrict-prototypes -Wmissing-prototypes -Wshadow -Wstack-usage=262144 -g -O2 -MT metag-dis.lo -MD -MP -MF .deps/metag-dis.Tpo -c metag-dis.c -o metag-dis.o
mv -f .deps/metag-dis.Tpo .deps/metag-dis.Plo
/bin/bash ./libtool  --tag=CC   --mode=compile gcc -DHAVE_CONFIG_H -I.  -I. -I. -I../bfd -I./../include -I./../bfd    -W -Wall -Wstrict-prototypes -Wmissing-prototypes -Wshadow -Wstack-usage=262144 -g -O2 -MT microblaze-dis.lo -MD -MP -MF .deps/microblaze-dis.Tpo -c -o microblaze-dis.lo microblaze-dis.c
libtool: compile:  gcc -DHAVE_CONFIG_H -I. -I. -I. -I../bfd -I./../include -I./../bfd -W -Wall -Wstrict-prototypes -Wmissing-prototypes -Wshadow -Wstack-usage=262144 -g -O2 -MT microblaze-dis.lo -MD -MP -MF .deps/microblaze-dis.Tpo -c microblaze-dis.c -o microblaze-dis.o
mv -f .deps/microblaze-dis.Tpo .deps/microblaze-dis.Plo
/bin/bash ./libtool  --tag=CC   --mode=compile gcc -DHAVE_CONFIG_H -I.  -I. -I. -I../bfd -I./../include -I./../bfd    -W -Wall -Wstrict-prototypes -Wmissing-prototypes -Wshadow -Wstack-usage=262144 -g -O2 -MT micromips-opc.lo -MD -MP -MF .deps/micromips-opc.Tpo -c -o micromips-opc.lo micromips-opc.c
libtool: compile:  gcc -DHAVE_CONFIG_H -I. -I. -I. -I../bfd -I./../include -I./../bfd -W -Wall -Wstrict-prototypes -Wmissing-prototypes -Wshadow -Wstack-usage=262144 -g -O2 -MT micromips-opc.lo -MD -MP -MF .deps/micromips-opc.Tpo -c micromips-opc.c -o micromips-opc.o
mv -f .deps/micromips-opc.Tpo .deps/micromips-opc.Plo
/bin/bash ./libtool  --tag=CC   --mode=compile gcc -DHAVE_CONFIG_H -I.  -I. -I. -I../bfd -I./../include -I./../bfd    -W -Wall -Wstrict-prototypes -Wmissing-prototypes -Wshadow -Wstack-usage=262144 -g -O2 -MT mips-dis.lo -MD -MP -MF .deps/mips-dis.Tpo -c -o mips-dis.lo `case \`cat ../bfd/ofiles\` in *elfxx-mips*) echo "-DHAVE_BFD_MIPS_ELF_GET_ABIFLAGS=1";; esac` mips-dis.c
libtool: compile:  gcc -DHAVE_CONFIG_H -I. -I. -I. -I../bfd -I./../include -I./../bfd -W -Wall -Wstrict-prototypes -Wmissing-prototypes -Wshadow -Wstack-usage=262144 -g -O2 -MT mips-dis.lo -MD -MP -MF .deps/mips-dis.Tpo -c -DHAVE_BFD_MIPS_ELF_GET_ABIFLAGS=1 mips-dis.c -o mips-dis.o
mv -f .deps/mips-dis.Tpo .deps/mips-dis.Plo
/bin/bash ./libtool  --tag=CC   --mode=compile gcc -DHAVE_CONFIG_H -I.  -I. -I. -I../bfd -I./../include -I./../bfd    -W -Wall -Wstrict-prototypes -Wmissing-prototypes -Wshadow -Wstack-usage=262144 -g -O2 -MT mips-opc.lo -MD -MP -MF .deps/mips-opc.Tpo -c -o mips-opc.lo mips-opc.c
libtool: compile:  gcc -DHAVE_CONFIG_H -I. -I. -I. -I../bfd -I./../include -I./../bfd -W -Wall -Wstrict-prototypes -Wmissing-prototypes -Wshadow -Wstack-usage=262144 -g -O2 -MT mips-opc.lo -MD -MP -MF .deps/mips-opc.Tpo -c mips-opc.c -o mips-opc.o
mv -f .deps/mips-opc.Tpo .deps/mips-opc.Plo
/bin/bash ./libtool  --tag=CC   --mode=compile gcc -DHAVE_CONFIG_H -I.  -I. -I. -I../bfd -I./../include -I./../bfd    -W -Wall -Wstrict-prototypes -Wmissing-prototypes -Wshadow -Wstack-usage=262144 -g -O2 -MT mips16-opc.lo -MD -MP -MF .deps/mips16-opc.Tpo -c -o mips16-opc.lo mips16-opc.c
libtool: compile:  gcc -DHAVE_CONFIG_H -I. -I. -I. -I../bfd -I./../include -I./../bfd -W -Wall -Wstrict-prototypes -Wmissing-prototypes -Wshadow -Wstack-usage=262144 -g -O2 -MT mips16-opc.lo -MD -MP -MF .deps/mips16-opc.Tpo -c mips16-opc.c -o mips16-opc.o
mv -f .deps/mips16-opc.Tpo .deps/mips16-opc.Plo
/bin/bash ./libtool  --tag=CC   --mode=compile gcc -DHAVE_CONFIG_H -I.  -I. -I. -I../bfd -I./../include -I./../bfd    -W -Wall -Wstrict-prototypes -Wmissing-prototypes -Wshadow -Wstack-usage=262144 -g -O2 -MT mmix-dis.lo -MD -MP -MF .deps/mmix-dis.Tpo -c -o mmix-dis.lo mmix-dis.c
libtool: compile:  gcc -DHAVE_CONFIG_H -I. -I. -I. -I../bfd -I./../include -I./../bfd -W -Wall -Wstrict-prototypes -Wmissing-prototypes -Wshadow -Wstack-usage=262144 -g -O2 -MT mmix-dis.lo -MD -MP -MF .deps/mmix-dis.Tpo -c mmix-dis.c -o mmix-dis.o
mv -f .deps/mmix-dis.Tpo .deps/mmix-dis.Plo
/bin/bash ./libtool  --tag=CC   --mode=compile gcc -DHAVE_CONFIG_H -I.  -I. -I. -I../bfd -I./../include -I./../bfd    -W -Wall -Wstrict-prototypes -Wmissing-prototypes -Wshadow -Wstack-usage=262144 -g -O2 -MT mmix-opc.lo -MD -MP -MF .deps/mmix-opc.Tpo -c -o mmix-opc.lo mmix-opc.c
libtool: compile:  gcc -DHAVE_CONFIG_H -I. -I. -I. -I../bfd -I./../include -I./../bfd -W -Wall -Wstrict-prototypes -Wmissing-prototypes -Wshadow -Wstack-usage=262144 -g -O2 -MT mmix-opc.lo -MD -MP -MF .deps/mmix-opc.Tpo -c mmix-opc.c -o mmix-opc.o
mv -f .deps/mmix-opc.Tpo .deps/mmix-opc.Plo
/bin/bash ./libtool  --tag=CC   --mode=compile gcc -DHAVE_CONFIG_H -I.  -I. -I. -I../bfd -I./../include -I./../bfd    -W -Wall -Wstrict-prototypes -Wmissing-prototypes -Wshadow -Wstack-usage=262144 -g -O2 -MT moxie-dis.lo -MD -MP -MF .deps/moxie-dis.Tpo -c -o moxie-dis.lo moxie-dis.c
libtool: compile:  gcc -DHAVE_CONFIG_H -I. -I. -I. -I../bfd -I./../include -I./../bfd -W -Wall -Wstrict-prototypes -Wmissing-prototypes -Wshadow -Wstack-usage=262144 -g -O2 -MT moxie-dis.lo -MD -MP -MF .deps/moxie-dis.Tpo -c moxie-dis.c -o moxie-dis.o
mv -f .deps/moxie-dis.Tpo .deps/moxie-dis.Plo
/bin/bash ./libtool  --tag=CC   --mode=compile gcc -DHAVE_CONFIG_H -I.  -I. -I. -I../bfd -I./../include -I./../bfd    -W -Wall -Wstrict-prototypes -Wmissing-prototypes -Wshadow -Wstack-usage=262144 -g -O2 -MT moxie-opc.lo -MD -MP -MF .deps/moxie-opc.Tpo -c -o moxie-opc.lo moxie-opc.c
libtool: compile:  gcc -DHAVE_CONFIG_H -I. -I. -I. -I../bfd -I./../include -I./../bfd -W -Wall -Wstrict-prototypes -Wmissing-prototypes -Wshadow -Wstack-usage=262144 -g -O2 -MT moxie-opc.lo -MD -MP -MF .deps/moxie-opc.Tpo -c moxie-opc.c -o moxie-opc.o
mv -f .deps/moxie-opc.Tpo .deps/moxie-opc.Plo
/bin/bash ./libtool  --tag=CC   --mode=compile gcc -DHAVE_CONFIG_H -I.  -I. -I. -I../bfd -I./../include -I./../bfd    -W -Wall -Wstrict-prototypes -Wmissing-prototypes -Wshadow -Wstack-usage=262144 -g -O2 -MT msp430-decode.lo -MD -MP -MF .deps/msp430-decode.Tpo -c -o msp430-decode.lo msp430-decode.c
libtool: compile:  gcc -DHAVE_CONFIG_H -I. -I. -I. -I../bfd -I./../include -I./../bfd -W -Wall -Wstrict-prototypes -Wmissing-prototypes -Wshadow -Wstack-usage=262144 -g -O2 -MT msp430-decode.lo -MD -MP -MF .deps/msp430-decode.Tpo -c msp430-decode.c -o msp430-decode.o
mv -f .deps/msp430-decode.Tpo .deps/msp430-decode.Plo
/bin/bash ./libtool  --tag=CC   --mode=compile gcc -DHAVE_CONFIG_H -I.  -I. -I. -I../bfd -I./../include -I./../bfd    -W -Wall -Wstrict-prototypes -Wmissing-prototypes -Wshadow -Wstack-usage=262144 -g -O2 -MT msp430-dis.lo -MD -MP -MF .deps/msp430-dis.Tpo -c -o msp430-dis.lo msp430-dis.c
libtool: compile:  gcc -DHAVE_CONFIG_H -I. -I. -I. -I../bfd -I./../include -I./../bfd -W -Wall -Wstrict-prototypes -Wmissing-prototypes -Wshadow -Wstack-usage=262144 -g -O2 -MT msp430-dis.lo -MD -MP -MF .deps/msp430-dis.Tpo -c msp430-dis.c -o msp430-dis.o
mv -f .deps/msp430-dis.Tpo .deps/msp430-dis.Plo
/bin/bash ./libtool  --tag=CC   --mode=compile gcc -DHAVE_CONFIG_H -I.  -I. -I. -I../bfd -I./../include -I./../bfd    -W -Wall -Wstrict-prototypes -Wmissing-prototypes -Wshadow -Wstack-usage=262144 -g -O2 -MT mt-asm.lo -MD -MP -MF .deps/mt-asm.Tpo -c -o mt-asm.lo mt-asm.c
libtool: compile:  gcc -DHAVE_CONFIG_H -I. -I. -I. -I../bfd -I./../include -I./../bfd -W -Wall -Wstrict-prototypes -Wmissing-prototypes -Wshadow -Wstack-usage=262144 -g -O2 -MT mt-asm.lo -MD -MP -MF .deps/mt-asm.Tpo -c mt-asm.c -o mt-asm.o
mv -f .deps/mt-asm.Tpo .deps/mt-asm.Plo
/bin/bash ./libtool  --tag=CC   --mode=compile gcc -DHAVE_CONFIG_H -I.  -I. -I. -I../bfd -I./../include -I./../bfd    -W -Wall -Wstrict-prototypes -Wmissing-prototypes -Wshadow -Wstack-usage=262144 -g -O2 -MT mt-desc.lo -MD -MP -MF .deps/mt-desc.Tpo -c -o mt-desc.lo mt-desc.c
libtool: compile:  gcc -DHAVE_CONFIG_H -I. -I. -I. -I../bfd -I./../include -I./../bfd -W -Wall -Wstrict-prototypes -Wmissing-prototypes -Wshadow -Wstack-usage=262144 -g -O2 -MT mt-desc.lo -MD -MP -MF .deps/mt-desc.Tpo -c mt-desc.c -o mt-desc.o
mv -f .deps/mt-desc.Tpo .deps/mt-desc.Plo
/bin/bash ./libtool  --tag=CC   --mode=compile gcc -DHAVE_CONFIG_H -I.  -I. -I. -I../bfd -I./../include -I./../bfd    -W -Wall -Wstrict-prototypes -Wmissing-prototypes -Wshadow -Wstack-usage=262144 -g -O2 -MT mt-dis.lo -MD -MP -MF .deps/mt-dis.Tpo -c -o mt-dis.lo mt-dis.c
libtool: compile:  gcc -DHAVE_CONFIG_H -I. -I. -I. -I../bfd -I./../include -I./../bfd -W -Wall -Wstrict-prototypes -Wmissing-prototypes -Wshadow -Wstack-usage=262144 -g -O2 -MT mt-dis.lo -MD -MP -MF .deps/mt-dis.Tpo -c mt-dis.c -o mt-dis.o
mv -f .deps/mt-dis.Tpo .deps/mt-dis.Plo
/bin/bash ./libtool  --tag=CC   --mode=compile gcc -DHAVE_CONFIG_H -I.  -I. -I. -I../bfd -I./../include -I./../bfd    -W -Wall -Wstrict-prototypes -Wmissing-prototypes -Wshadow -Wstack-usage=262144 -g -O2 -MT mt-ibld.lo -MD -MP -MF .deps/mt-ibld.Tpo -c -o mt-ibld.lo mt-ibld.c
libtool: compile:  gcc -DHAVE_CONFIG_H -I. -I. -I. -I../bfd -I./../include -I./../bfd -W -Wall -Wstrict-prototypes -Wmissing-prototypes -Wshadow -Wstack-usage=262144 -g -O2 -MT mt-ibld.lo -MD -MP -MF .deps/mt-ibld.Tpo -c mt-ibld.c -o mt-ibld.o
mv -f .deps/mt-ibld.Tpo .deps/mt-ibld.Plo
/bin/bash ./libtool  --tag=CC   --mode=compile gcc -DHAVE_CONFIG_H -I.  -I. -I. -I../bfd -I./../include -I./../bfd    -W -Wall -Wstrict-prototypes -Wmissing-prototypes -Wshadow -Wstack-usage=262144 -g -O2 -MT mt-opc.lo -MD -MP -MF .deps/mt-opc.Tpo -c -o mt-opc.lo mt-opc.c
libtool: compile:  gcc -DHAVE_CONFIG_H -I. -I. -I. -I../bfd -I./../include -I./../bfd -W -Wall -Wstrict-prototypes -Wmissing-prototypes -Wshadow -Wstack-usage=262144 -g -O2 -MT mt-opc.lo -MD -MP -MF .deps/mt-opc.Tpo -c mt-opc.c -o mt-opc.o
mv -f .deps/mt-opc.Tpo .deps/mt-opc.Plo
/bin/bash ./libtool  --tag=CC   --mode=compile gcc -DHAVE_CONFIG_H -I.  -I. -I. -I../bfd -I./../include -I./../bfd    -W -Wall -Wstrict-prototypes -Wmissing-prototypes -Wshadow -Wstack-usage=262144 -g -O2 -MT nds32-asm.lo -MD -MP -MF .deps/nds32-asm.Tpo -c -o nds32-asm.lo nds32-asm.c
libtool: compile:  gcc -DHAVE_CONFIG_H -I. -I. -I. -I../bfd -I./../include -I./../bfd -W -Wall -Wstrict-prototypes -Wmissing-prototypes -Wshadow -Wstack-usage=262144 -g -O2 -MT nds32-asm.lo -MD -MP -MF .deps/nds32-asm.Tpo -c nds32-asm.c -o nds32-asm.o
mv -f .deps/nds32-asm.Tpo .deps/nds32-asm.Plo
/bin/bash ./libtool  --tag=CC   --mode=compile gcc -DHAVE_CONFIG_H -I.  -I. -I. -I../bfd -I./../include -I./../bfd    -W -Wall -Wstrict-prototypes -Wmissing-prototypes -Wshadow -Wstack-usage=262144 -g -O2 -MT nds32-dis.lo -MD -MP -MF .deps/nds32-dis.Tpo -c -o nds32-dis.lo nds32-dis.c
libtool: compile:  gcc -DHAVE_CONFIG_H -I. -I. -I. -I../bfd -I./../include -I./../bfd -W -Wall -Wstrict-prototypes -Wmissing-prototypes -Wshadow -Wstack-usage=262144 -g -O2 -MT nds32-dis.lo -MD -MP -MF .deps/nds32-dis.Tpo -c nds32-dis.c -o nds32-dis.o
mv -f .deps/nds32-dis.Tpo .deps/nds32-dis.Plo
/bin/bash ./libtool  --tag=CC   --mode=compile gcc -DHAVE_CONFIG_H -I.  -I. -I. -I../bfd -I./../include -I./../bfd    -W -Wall -Wstrict-prototypes -Wmissing-prototypes -Wshadow -Wstack-usage=262144 -g -O2 -MT nfp-dis.lo -MD -MP -MF .deps/nfp-dis.Tpo -c -o nfp-dis.lo nfp-dis.c
libtool: compile:  gcc -DHAVE_CONFIG_H -I. -I. -I. -I../bfd -I./../include -I./../bfd -W -Wall -Wstrict-prototypes -Wmissing-prototypes -Wshadow -Wstack-usage=262144 -g -O2 -MT nfp-dis.lo -MD -MP -MF .deps/nfp-dis.Tpo -c nfp-dis.c -o nfp-dis.o
mv -f .deps/nfp-dis.Tpo .deps/nfp-dis.Plo
/bin/bash ./libtool  --tag=CC   --mode=compile gcc -DHAVE_CONFIG_H -I.  -I. -I. -I../bfd -I./../include -I./../bfd    -W -Wall -Wstrict-prototypes -Wmissing-prototypes -Wshadow -Wstack-usage=262144 -g -O2 -MT nios2-dis.lo -MD -MP -MF .deps/nios2-dis.Tpo -c -o nios2-dis.lo nios2-dis.c
libtool: compile:  gcc -DHAVE_CONFIG_H -I. -I. -I. -I../bfd -I./../include -I./../bfd -W -Wall -Wstrict-prototypes -Wmissing-prototypes -Wshadow -Wstack-usage=262144 -g -O2 -MT nios2-dis.lo -MD -MP -MF .deps/nios2-dis.Tpo -c nios2-dis.c -o nios2-dis.o
mv -f .deps/nios2-dis.Tpo .deps/nios2-dis.Plo
/bin/bash ./libtool  --tag=CC   --mode=compile gcc -DHAVE_CONFIG_H -I.  -I. -I. -I../bfd -I./../include -I./../bfd    -W -Wall -Wstrict-prototypes -Wmissing-prototypes -Wshadow -Wstack-usage=262144 -g -O2 -MT nios2-opc.lo -MD -MP -MF .deps/nios2-opc.Tpo -c -o nios2-opc.lo nios2-opc.c
libtool: compile:  gcc -DHAVE_CONFIG_H -I. -I. -I. -I../bfd -I./../include -I./../bfd -W -Wall -Wstrict-prototypes -Wmissing-prototypes -Wshadow -Wstack-usage=262144 -g -O2 -MT nios2-opc.lo -MD -MP -MF .deps/nios2-opc.Tpo -c nios2-opc.c -o nios2-opc.o
mv -f .deps/nios2-opc.Tpo .deps/nios2-opc.Plo
/bin/bash ./libtool  --tag=CC   --mode=compile gcc -DHAVE_CONFIG_H -I.  -I. -I. -I../bfd -I./../include -I./../bfd    -W -Wall -Wstrict-prototypes -Wmissing-prototypes -Wshadow -Wstack-usage=262144 -g -O2 -MT ns32k-dis.lo -MD -MP -MF .deps/ns32k-dis.Tpo -c -o ns32k-dis.lo ns32k-dis.c
libtool: compile:  gcc -DHAVE_CONFIG_H -I. -I. -I. -I../bfd -I./../include -I./../bfd -W -Wall -Wstrict-prototypes -Wmissing-prototypes -Wshadow -Wstack-usage=262144 -g -O2 -MT ns32k-dis.lo -MD -MP -MF .deps/ns32k-dis.Tpo -c ns32k-dis.c -o ns32k-dis.o
mv -f .deps/ns32k-dis.Tpo .deps/ns32k-dis.Plo
/bin/bash ./libtool  --tag=CC   --mode=compile gcc -DHAVE_CONFIG_H -I.  -I. -I. -I../bfd -I./../include -I./../bfd    -W -Wall -Wstrict-prototypes -Wmissing-prototypes -Wshadow -Wstack-usage=262144 -g -O2 -MT or1k-asm.lo -MD -MP -MF .deps/or1k-asm.Tpo -c -o or1k-asm.lo or1k-asm.c
libtool: compile:  gcc -DHAVE_CONFIG_H -I. -I. -I. -I../bfd -I./../include -I./../bfd -W -Wall -Wstrict-prototypes -Wmissing-prototypes -Wshadow -Wstack-usage=262144 -g -O2 -MT or1k-asm.lo -MD -MP -MF .deps/or1k-asm.Tpo -c or1k-asm.c -o or1k-asm.o
mv -f .deps/or1k-asm.Tpo .deps/or1k-asm.Plo
/bin/bash ./libtool  --tag=CC   --mode=compile gcc -DHAVE_CONFIG_H -I.  -I. -I. -I../bfd -I./../include -I./../bfd    -W -Wall -Wstrict-prototypes -Wmissing-prototypes -Wshadow -Wstack-usage=262144 -g -O2 -MT or1k-desc.lo -MD -MP -MF .deps/or1k-desc.Tpo -c -o or1k-desc.lo or1k-desc.c
libtool: compile:  gcc -DHAVE_CONFIG_H -I. -I. -I. -I../bfd -I./../include -I./../bfd -W -Wall -Wstrict-prototypes -Wmissing-prototypes -Wshadow -Wstack-usage=262144 -g -O2 -MT or1k-desc.lo -MD -MP -MF .deps/or1k-desc.Tpo -c or1k-desc.c -o or1k-desc.o
mv -f .deps/or1k-desc.Tpo .deps/or1k-desc.Plo
/bin/bash ./libtool  --tag=CC   --mode=compile gcc -DHAVE_CONFIG_H -I.  -I. -I. -I../bfd -I./../include -I./../bfd    -W -Wall -Wstrict-prototypes -Wmissing-prototypes -Wshadow -Wstack-usage=262144 -g -O2 -MT or1k-dis.lo -MD -MP -MF .deps/or1k-dis.Tpo -c -o or1k-dis.lo or1k-dis.c
libtool: compile:  gcc -DHAVE_CONFIG_H -I. -I. -I. -I../bfd -I./../include -I./../bfd -W -Wall -Wstrict-prototypes -Wmissing-prototypes -Wshadow -Wstack-usage=262144 -g -O2 -MT or1k-dis.lo -MD -MP -MF .deps/or1k-dis.Tpo -c or1k-dis.c -o or1k-dis.o
mv -f .deps/or1k-dis.Tpo .deps/or1k-dis.Plo
/bin/bash ./libtool  --tag=CC   --mode=compile gcc -DHAVE_CONFIG_H -I.  -I. -I. -I../bfd -I./../include -I./../bfd    -W -Wall -Wstrict-prototypes -Wmissing-prototypes -Wshadow -Wstack-usage=262144 -g -O2 -MT or1k-ibld.lo -MD -MP -MF .deps/or1k-ibld.Tpo -c -o or1k-ibld.lo or1k-ibld.c
libtool: compile:  gcc -DHAVE_CONFIG_H -I. -I. -I. -I../bfd -I./../include -I./../bfd -W -Wall -Wstrict-prototypes -Wmissing-prototypes -Wshadow -Wstack-usage=262144 -g -O2 -MT or1k-ibld.lo -MD -MP -MF .deps/or1k-ibld.Tpo -c or1k-ibld.c -o or1k-ibld.o
mv -f .deps/or1k-ibld.Tpo .deps/or1k-ibld.Plo
/bin/bash ./libtool  --tag=CC   --mode=compile gcc -DHAVE_CONFIG_H -I.  -I. -I. -I../bfd -I./../include -I./../bfd    -W -Wall -Wstrict-prototypes -Wmissing-prototypes -Wshadow -Wstack-usage=262144 -g -O2 -MT or1k-opc.lo -MD -MP -MF .deps/or1k-opc.Tpo -c -o or1k-opc.lo or1k-opc.c
libtool: compile:  gcc -DHAVE_CONFIG_H -I. -I. -I. -I../bfd -I./../include -I./../bfd -W -Wall -Wstrict-prototypes -Wmissing-prototypes -Wshadow -Wstack-usage=262144 -g -O2 -MT or1k-opc.lo -MD -MP -MF .deps/or1k-opc.Tpo -c or1k-opc.c -o or1k-opc.o
mv -f .deps/or1k-opc.Tpo .deps/or1k-opc.Plo
/bin/bash ./libtool  --tag=CC   --mode=compile gcc -DHAVE_CONFIG_H -I.  -I. -I. -I../bfd -I./../include -I./../bfd    -W -Wall -Wstrict-prototypes -Wmissing-prototypes -Wshadow -Wstack-usage=262144 -g -O2 -MT pdp11-dis.lo -MD -MP -MF .deps/pdp11-dis.Tpo -c -o pdp11-dis.lo pdp11-dis.c
libtool: compile:  gcc -DHAVE_CONFIG_H -I. -I. -I. -I../bfd -I./../include -I./../bfd -W -Wall -Wstrict-prototypes -Wmissing-prototypes -Wshadow -Wstack-usage=262144 -g -O2 -MT pdp11-dis.lo -MD -MP -MF .deps/pdp11-dis.Tpo -c pdp11-dis.c -o pdp11-dis.o
mv -f .deps/pdp11-dis.Tpo .deps/pdp11-dis.Plo
/bin/bash ./libtool  --tag=CC   --mode=compile gcc -DHAVE_CONFIG_H -I.  -I. -I. -I../bfd -I./../include -I./../bfd    -W -Wall -Wstrict-prototypes -Wmissing-prototypes -Wshadow -Wstack-usage=262144 -g -O2 -MT pdp11-opc.lo -MD -MP -MF .deps/pdp11-opc.Tpo -c -o pdp11-opc.lo pdp11-opc.c
libtool: compile:  gcc -DHAVE_CONFIG_H -I. -I. -I. -I../bfd -I./../include -I./../bfd -W -Wall -Wstrict-prototypes -Wmissing-prototypes -Wshadow -Wstack-usage=262144 -g -O2 -MT pdp11-opc.lo -MD -MP -MF .deps/pdp11-opc.Tpo -c pdp11-opc.c -o pdp11-opc.o
mv -f .deps/pdp11-opc.Tpo .deps/pdp11-opc.Plo
/bin/bash ./libtool  --tag=CC   --mode=compile gcc -DHAVE_CONFIG_H -I.  -I. -I. -I../bfd -I./../include -I./../bfd    -W -Wall -Wstrict-prototypes -Wmissing-prototypes -Wshadow -Wstack-usage=262144 -g -O2 -MT pj-dis.lo -MD -MP -MF .deps/pj-dis.Tpo -c -o pj-dis.lo pj-dis.c
libtool: compile:  gcc -DHAVE_CONFIG_H -I. -I. -I. -I../bfd -I./../include -I./../bfd -W -Wall -Wstrict-prototypes -Wmissing-prototypes -Wshadow -Wstack-usage=262144 -g -O2 -MT pj-dis.lo -MD -MP -MF .deps/pj-dis.Tpo -c pj-dis.c -o pj-dis.o
mv -f .deps/pj-dis.Tpo .deps/pj-dis.Plo
/bin/bash ./libtool  --tag=CC   --mode=compile gcc -DHAVE_CONFIG_H -I.  -I. -I. -I../bfd -I./../include -I./../bfd    -W -Wall -Wstrict-prototypes -Wmissing-prototypes -Wshadow -Wstack-usage=262144 -g -O2 -MT pj-opc.lo -MD -MP -MF .deps/pj-opc.Tpo -c -o pj-opc.lo pj-opc.c
libtool: compile:  gcc -DHAVE_CONFIG_H -I. -I. -I. -I../bfd -I./../include -I./../bfd -W -Wall -Wstrict-prototypes -Wmissing-prototypes -Wshadow -Wstack-usage=262144 -g -O2 -MT pj-opc.lo -MD -MP -MF .deps/pj-opc.Tpo -c pj-opc.c -o pj-opc.o
mv -f .deps/pj-opc.Tpo .deps/pj-opc.Plo
/bin/bash ./libtool  --tag=CC   --mode=compile gcc -DHAVE_CONFIG_H -I.  -I. -I. -I../bfd -I./../include -I./../bfd    -W -Wall -Wstrict-prototypes -Wmissing-prototypes -Wshadow -Wstack-usage=262144 -g -O2 -MT ppc-dis.lo -MD -MP -MF .deps/ppc-dis.Tpo -c -o ppc-dis.lo ppc-dis.c
libtool: compile:  gcc -DHAVE_CONFIG_H -I. -I. -I. -I../bfd -I./../include -I./../bfd -W -Wall -Wstrict-prototypes -Wmissing-prototypes -Wshadow -Wstack-usage=262144 -g -O2 -MT ppc-dis.lo -MD -MP -MF .deps/ppc-dis.Tpo -c ppc-dis.c -o ppc-dis.o
mv -f .deps/ppc-dis.Tpo .deps/ppc-dis.Plo
/bin/bash ./libtool  --tag=CC   --mode=compile gcc -DHAVE_CONFIG_H -I.  -I. -I. -I../bfd -I./../include -I./../bfd    -W -Wall -Wstrict-prototypes -Wmissing-prototypes -Wshadow -Wstack-usage=262144 -g -O2 -MT ppc-opc.lo -MD -MP -MF .deps/ppc-opc.Tpo -c -o ppc-opc.lo ppc-opc.c
libtool: compile:  gcc -DHAVE_CONFIG_H -I. -I. -I. -I../bfd -I./../include -I./../bfd -W -Wall -Wstrict-prototypes -Wmissing-prototypes -Wshadow -Wstack-usage=262144 -g -O2 -MT ppc-opc.lo -MD -MP -MF .deps/ppc-opc.Tpo -c ppc-opc.c -o ppc-opc.o
mv -f .deps/ppc-opc.Tpo .deps/ppc-opc.Plo
/bin/bash ./libtool  --tag=CC   --mode=compile gcc -DHAVE_CONFIG_H -I.  -I. -I. -I../bfd -I./../include -I./../bfd    -W -Wall -Wstrict-prototypes -Wmissing-prototypes -Wshadow -Wstack-usage=262144 -g -O2 -MT pru-dis.lo -MD -MP -MF .deps/pru-dis.Tpo -c -o pru-dis.lo pru-dis.c
libtool: compile:  gcc -DHAVE_CONFIG_H -I. -I. -I. -I../bfd -I./../include -I./../bfd -W -Wall -Wstrict-prototypes -Wmissing-prototypes -Wshadow -Wstack-usage=262144 -g -O2 -MT pru-dis.lo -MD -MP -MF .deps/pru-dis.Tpo -c pru-dis.c -o pru-dis.o
mv -f .deps/pru-dis.Tpo .deps/pru-dis.Plo
/bin/bash ./libtool  --tag=CC   --mode=compile gcc -DHAVE_CONFIG_H -I.  -I. -I. -I../bfd -I./../include -I./../bfd    -W -Wall -Wstrict-prototypes -Wmissing-prototypes -Wshadow -Wstack-usage=262144 -g -O2 -MT pru-opc.lo -MD -MP -MF .deps/pru-opc.Tpo -c -o pru-opc.lo pru-opc.c
libtool: compile:  gcc -DHAVE_CONFIG_H -I. -I. -I. -I../bfd -I./../include -I./../bfd -W -Wall -Wstrict-prototypes -Wmissing-prototypes -Wshadow -Wstack-usage=262144 -g -O2 -MT pru-opc.lo -MD -MP -MF .deps/pru-opc.Tpo -c pru-opc.c -o pru-opc.o
mv -f .deps/pru-opc.Tpo .deps/pru-opc.Plo
/bin/bash ./libtool  --tag=CC   --mode=compile gcc -DHAVE_CONFIG_H -I.  -I. -I. -I../bfd -I./../include -I./../bfd    -W -Wall -Wstrict-prototypes -Wmissing-prototypes -Wshadow -Wstack-usage=262144 -g -O2 -MT riscv-dis.lo -MD -MP -MF .deps/riscv-dis.Tpo -c -o riscv-dis.lo riscv-dis.c
libtool: compile:  gcc -DHAVE_CONFIG_H -I. -I. -I. -I../bfd -I./../include -I./../bfd -W -Wall -Wstrict-prototypes -Wmissing-prototypes -Wshadow -Wstack-usage=262144 -g -O2 -MT riscv-dis.lo -MD -MP -MF .deps/riscv-dis.Tpo -c riscv-dis.c -o riscv-dis.o
mv -f .deps/riscv-dis.Tpo .deps/riscv-dis.Plo
/bin/bash ./libtool  --tag=CC   --mode=compile gcc -DHAVE_CONFIG_H -I.  -I. -I. -I../bfd -I./../include -I./../bfd    -W -Wall -Wstrict-prototypes -Wmissing-prototypes -Wshadow -Wstack-usage=262144 -g -O2 -MT riscv-opc.lo -MD -MP -MF .deps/riscv-opc.Tpo -c -o riscv-opc.lo riscv-opc.c
libtool: compile:  gcc -DHAVE_CONFIG_H -I. -I. -I. -I../bfd -I./../include -I./../bfd -W -Wall -Wstrict-prototypes -Wmissing-prototypes -Wshadow -Wstack-usage=262144 -g -O2 -MT riscv-opc.lo -MD -MP -MF .deps/riscv-opc.Tpo -c riscv-opc.c -o riscv-opc.o
mv -f .deps/riscv-opc.Tpo .deps/riscv-opc.Plo
/bin/bash ./libtool  --tag=CC   --mode=compile gcc -DHAVE_CONFIG_H -I.  -I. -I. -I../bfd -I./../include -I./../bfd    -W -Wall -Wstrict-prototypes -Wmissing-prototypes -Wshadow -Wstack-usage=262144 -g -O2 -MT rl78-decode.lo -MD -MP -MF .deps/rl78-decode.Tpo -c -o rl78-decode.lo rl78-decode.c
libtool: compile:  gcc -DHAVE_CONFIG_H -I. -I. -I. -I../bfd -I./../include -I./../bfd -W -Wall -Wstrict-prototypes -Wmissing-prototypes -Wshadow -Wstack-usage=262144 -g -O2 -MT rl78-decode.lo -MD -MP -MF .deps/rl78-decode.Tpo -c rl78-decode.c -o rl78-decode.o
mv -f .deps/rl78-decode.Tpo .deps/rl78-decode.Plo
/bin/bash ./libtool  --tag=CC   --mode=compile gcc -DHAVE_CONFIG_H -I.  -I. -I. -I../bfd -I./../include -I./../bfd    -W -Wall -Wstrict-prototypes -Wmissing-prototypes -Wshadow -Wstack-usage=262144 -g -O2 -MT rl78-dis.lo -MD -MP -MF .deps/rl78-dis.Tpo -c -o rl78-dis.lo rl78-dis.c
libtool: compile:  gcc -DHAVE_CONFIG_H -I. -I. -I. -I../bfd -I./../include -I./../bfd -W -Wall -Wstrict-prototypes -Wmissing-prototypes -Wshadow -Wstack-usage=262144 -g -O2 -MT rl78-dis.lo -MD -MP -MF .deps/rl78-dis.Tpo -c rl78-dis.c -o rl78-dis.o
mv -f .deps/rl78-dis.Tpo .deps/rl78-dis.Plo
/bin/bash ./libtool  --tag=CC   --mode=compile gcc -DHAVE_CONFIG_H -I.  -I. -I. -I../bfd -I./../include -I./../bfd    -W -Wall -Wstrict-prototypes -Wmissing-prototypes -Wshadow -Wstack-usage=262144 -g -O2 -MT rx-decode.lo -MD -MP -MF .deps/rx-decode.Tpo -c -o rx-decode.lo rx-decode.c
libtool: compile:  gcc -DHAVE_CONFIG_H -I. -I. -I. -I../bfd -I./../include -I./../bfd -W -Wall -Wstrict-prototypes -Wmissing-prototypes -Wshadow -Wstack-usage=262144 -g -O2 -MT rx-decode.lo -MD -MP -MF .deps/rx-decode.Tpo -c rx-decode.c -o rx-decode.o
mv -f .deps/rx-decode.Tpo .deps/rx-decode.Plo
/bin/bash ./libtool  --tag=CC   --mode=compile gcc -DHAVE_CONFIG_H -I.  -I. -I. -I../bfd -I./../include -I./../bfd    -W -Wall -Wstrict-prototypes -Wmissing-prototypes -Wshadow -Wstack-usage=262144 -g -O2 -MT rx-dis.lo -MD -MP -MF .deps/rx-dis.Tpo -c -o rx-dis.lo rx-dis.c
libtool: compile:  gcc -DHAVE_CONFIG_H -I. -I. -I. -I../bfd -I./../include -I./../bfd -W -Wall -Wstrict-prototypes -Wmissing-prototypes -Wshadow -Wstack-usage=262144 -g -O2 -MT rx-dis.lo -MD -MP -MF .deps/rx-dis.Tpo -c rx-dis.c -o rx-dis.o
mv -f .deps/rx-dis.Tpo .deps/rx-dis.Plo
/bin/bash ./libtool  --tag=CC   --mode=compile gcc -DHAVE_CONFIG_H -I.  -I. -I. -I../bfd -I./../include -I./../bfd    -W -Wall -Wstrict-prototypes -Wmissing-prototypes -Wshadow -Wstack-usage=262144 -g -O2 -MT s390-dis.lo -MD -MP -MF .deps/s390-dis.Tpo -c -o s390-dis.lo s390-dis.c
libtool: compile:  gcc -DHAVE_CONFIG_H -I. -I. -I. -I../bfd -I./../include -I./../bfd -W -Wall -Wstrict-prototypes -Wmissing-prototypes -Wshadow -Wstack-usage=262144 -g -O2 -MT s390-dis.lo -MD -MP -MF .deps/s390-dis.Tpo -c s390-dis.c -o s390-dis.o
mv -f .deps/s390-dis.Tpo .deps/s390-dis.Plo
gcc  -I. -I. -I../bfd -I./../include -I./../bfd   -g -O2 -o s390-mkopc ./s390-mkopc.c
./s390-mkopc < ./s390-opc.txt > s390-opc.tab
/bin/bash ./libtool  --tag=CC   --mode=compile gcc -DHAVE_CONFIG_H -I.  -I. -I. -I../bfd -I./../include -I./../bfd    -W -Wall -Wstrict-prototypes -Wmissing-prototypes -Wshadow -Wstack-usage=262144 -g -O2 -MT s390-opc.lo -MD -MP -MF .deps/s390-opc.Tpo -c -o s390-opc.lo s390-opc.c
libtool: compile:  gcc -DHAVE_CONFIG_H -I. -I. -I. -I../bfd -I./../include -I./../bfd -W -Wall -Wstrict-prototypes -Wmissing-prototypes -Wshadow -Wstack-usage=262144 -g -O2 -MT s390-opc.lo -MD -MP -MF .deps/s390-opc.Tpo -c s390-opc.c -o s390-opc.o
mv -f .deps/s390-opc.Tpo .deps/s390-opc.Plo
/bin/bash ./libtool  --tag=CC   --mode=compile gcc -DHAVE_CONFIG_H -I.  -I. -I. -I../bfd -I./../include -I./../bfd    -W -Wall -Wstrict-prototypes -Wmissing-prototypes -Wshadow -Wstack-usage=262144 -g -O2 -MT score-dis.lo -MD -MP -MF .deps/score-dis.Tpo -c -o score-dis.lo score-dis.c
libtool: compile:  gcc -DHAVE_CONFIG_H -I. -I. -I. -I../bfd -I./../include -I./../bfd -W -Wall -Wstrict-prototypes -Wmissing-prototypes -Wshadow -Wstack-usage=262144 -g -O2 -MT score-dis.lo -MD -MP -MF .deps/score-dis.Tpo -c score-dis.c -o score-dis.o
mv -f .deps/score-dis.Tpo .deps/score-dis.Plo
/bin/bash ./libtool  --tag=CC   --mode=compile gcc -DHAVE_CONFIG_H -I.  -I. -I. -I../bfd -I./../include -I./../bfd    -W -Wall -Wstrict-prototypes -Wmissing-prototypes -Wshadow -Wstack-usage=262144 -g -O2 -MT score7-dis.lo -MD -MP -MF .deps/score7-dis.Tpo -c -o score7-dis.lo score7-dis.c
libtool: compile:  gcc -DHAVE_CONFIG_H -I. -I. -I. -I../bfd -I./../include -I./../bfd -W -Wall -Wstrict-prototypes -Wmissing-prototypes -Wshadow -Wstack-usage=262144 -g -O2 -MT score7-dis.lo -MD -MP -MF .deps/score7-dis.Tpo -c score7-dis.c -o score7-dis.o
mv -f .deps/score7-dis.Tpo .deps/score7-dis.Plo
/bin/bash ./libtool  --tag=CC   --mode=compile gcc -DHAVE_CONFIG_H -I.  -I. -I. -I../bfd -I./../include -I./../bfd    -W -Wall -Wstrict-prototypes -Wmissing-prototypes -Wshadow -Wstack-usage=262144 -g -O2 -MT sh-dis.lo -MD -MP -MF .deps/sh-dis.Tpo -c -o sh-dis.lo -DARCH_all ./sh-dis.c
libtool: compile:  gcc -DHAVE_CONFIG_H -I. -I. -I. -I../bfd -I./../include -I./../bfd -W -Wall -Wstrict-prototypes -Wmissing-prototypes -Wshadow -Wstack-usage=262144 -g -O2 -MT sh-dis.lo -MD -MP -MF .deps/sh-dis.Tpo -c -DARCH_all ./sh-dis.c -o sh-dis.o
mv -f .deps/sh-dis.Tpo .deps/sh-dis.Plo
/bin/bash ./libtool  --tag=CC   --mode=compile gcc -DHAVE_CONFIG_H -I.  -I. -I. -I../bfd -I./../include -I./../bfd    -W -Wall -Wstrict-prototypes -Wmissing-prototypes -Wshadow -Wstack-usage=262144 -g -O2 -MT sparc-dis.lo -MD -MP -MF .deps/sparc-dis.Tpo -c -o sparc-dis.lo sparc-dis.c
libtool: compile:  gcc -DHAVE_CONFIG_H -I. -I. -I. -I../bfd -I./../include -I./../bfd -W -Wall -Wstrict-prototypes -Wmissing-prototypes -Wshadow -Wstack-usage=262144 -g -O2 -MT sparc-dis.lo -MD -MP -MF .deps/sparc-dis.Tpo -c sparc-dis.c -o sparc-dis.o
mv -f .deps/sparc-dis.Tpo .deps/sparc-dis.Plo
/bin/bash ./libtool  --tag=CC   --mode=compile gcc -DHAVE_CONFIG_H -I.  -I. -I. -I../bfd -I./../include -I./../bfd    -W -Wall -Wstrict-prototypes -Wmissing-prototypes -Wshadow -Wstack-usage=262144 -g -O2 -MT sparc-opc.lo -MD -MP -MF .deps/sparc-opc.Tpo -c -o sparc-opc.lo sparc-opc.c
libtool: compile:  gcc -DHAVE_CONFIG_H -I. -I. -I. -I../bfd -I./../include -I./../bfd -W -Wall -Wstrict-prototypes -Wmissing-prototypes -Wshadow -Wstack-usage=262144 -g -O2 -MT sparc-opc.lo -MD -MP -MF .deps/sparc-opc.Tpo -c sparc-opc.c -o sparc-opc.o
mv -f .deps/sparc-opc.Tpo .deps/sparc-opc.Plo
/bin/bash ./libtool  --tag=CC   --mode=compile gcc -DHAVE_CONFIG_H -I.  -I. -I. -I../bfd -I./../include -I./../bfd    -W -Wall -Wstrict-prototypes -Wmissing-prototypes -Wshadow -Wstack-usage=262144 -g -O2 -MT spu-dis.lo -MD -MP -MF .deps/spu-dis.Tpo -c -o spu-dis.lo spu-dis.c
libtool: compile:  gcc -DHAVE_CONFIG_H -I. -I. -I. -I../bfd -I./../include -I./../bfd -W -Wall -Wstrict-prototypes -Wmissing-prototypes -Wshadow -Wstack-usage=262144 -g -O2 -MT spu-dis.lo -MD -MP -MF .deps/spu-dis.Tpo -c spu-dis.c -o spu-dis.o
mv -f .deps/spu-dis.Tpo .deps/spu-dis.Plo
/bin/bash ./libtool  --tag=CC   --mode=compile gcc -DHAVE_CONFIG_H -I.  -I. -I. -I../bfd -I./../include -I./../bfd    -W -Wall -Wstrict-prototypes -Wmissing-prototypes -Wshadow -Wstack-usage=262144 -g -O2 -MT spu-opc.lo -MD -MP -MF .deps/spu-opc.Tpo -c -o spu-opc.lo spu-opc.c
libtool: compile:  gcc -DHAVE_CONFIG_H -I. -I. -I. -I../bfd -I./../include -I./../bfd -W -Wall -Wstrict-prototypes -Wmissing-prototypes -Wshadow -Wstack-usage=262144 -g -O2 -MT spu-opc.lo -MD -MP -MF .deps/spu-opc.Tpo -c spu-opc.c -o spu-opc.o
mv -f .deps/spu-opc.Tpo .deps/spu-opc.Plo
/bin/bash ./libtool  --tag=CC   --mode=compile gcc -DHAVE_CONFIG_H -I.  -I. -I. -I../bfd -I./../include -I./../bfd    -W -Wall -Wstrict-prototypes -Wmissing-prototypes -Wshadow -Wstack-usage=262144 -g -O2 -MT tic30-dis.lo -MD -MP -MF .deps/tic30-dis.Tpo -c -o tic30-dis.lo tic30-dis.c
libtool: compile:  gcc -DHAVE_CONFIG_H -I. -I. -I. -I../bfd -I./../include -I./../bfd -W -Wall -Wstrict-prototypes -Wmissing-prototypes -Wshadow -Wstack-usage=262144 -g -O2 -MT tic30-dis.lo -MD -MP -MF .deps/tic30-dis.Tpo -c tic30-dis.c -o tic30-dis.o
mv -f .deps/tic30-dis.Tpo .deps/tic30-dis.Plo
/bin/bash ./libtool  --tag=CC   --mode=compile gcc -DHAVE_CONFIG_H -I.  -I. -I. -I../bfd -I./../include -I./../bfd    -W -Wall -Wstrict-prototypes -Wmissing-prototypes -Wshadow -Wstack-usage=262144 -g -O2 -MT tic4x-dis.lo -MD -MP -MF .deps/tic4x-dis.Tpo -c -o tic4x-dis.lo tic4x-dis.c
libtool: compile:  gcc -DHAVE_CONFIG_H -I. -I. -I. -I../bfd -I./../include -I./../bfd -W -Wall -Wstrict-prototypes -Wmissing-prototypes -Wshadow -Wstack-usage=262144 -g -O2 -MT tic4x-dis.lo -MD -MP -MF .deps/tic4x-dis.Tpo -c tic4x-dis.c -o tic4x-dis.o
mv -f .deps/tic4x-dis.Tpo .deps/tic4x-dis.Plo
/bin/bash ./libtool  --tag=CC   --mode=compile gcc -DHAVE_CONFIG_H -I.  -I. -I. -I../bfd -I./../include -I./../bfd    -W -Wall -Wstrict-prototypes -Wmissing-prototypes -Wshadow -Wstack-usage=262144 -g -O2 -MT tic54x-dis.lo -MD -MP -MF .deps/tic54x-dis.Tpo -c -o tic54x-dis.lo tic54x-dis.c
libtool: compile:  gcc -DHAVE_CONFIG_H -I. -I. -I. -I../bfd -I./../include -I./../bfd -W -Wall -Wstrict-prototypes -Wmissing-prototypes -Wshadow -Wstack-usage=262144 -g -O2 -MT tic54x-dis.lo -MD -MP -MF .deps/tic54x-dis.Tpo -c tic54x-dis.c -o tic54x-dis.o
mv -f .deps/tic54x-dis.Tpo .deps/tic54x-dis.Plo
/bin/bash ./libtool  --tag=CC   --mode=compile gcc -DHAVE_CONFIG_H -I.  -I. -I. -I../bfd -I./../include -I./../bfd    -W -Wall -Wstrict-prototypes -Wmissing-prototypes -Wshadow -Wstack-usage=262144 -g -O2 -MT tic54x-opc.lo -MD -MP -MF .deps/tic54x-opc.Tpo -c -o tic54x-opc.lo tic54x-opc.c
libtool: compile:  gcc -DHAVE_CONFIG_H -I. -I. -I. -I../bfd -I./../include -I./../bfd -W -Wall -Wstrict-prototypes -Wmissing-prototypes -Wshadow -Wstack-usage=262144 -g -O2 -MT tic54x-opc.lo -MD -MP -MF .deps/tic54x-opc.Tpo -c tic54x-opc.c -o tic54x-opc.o
mv -f .deps/tic54x-opc.Tpo .deps/tic54x-opc.Plo
/bin/bash ./libtool  --tag=CC   --mode=compile gcc -DHAVE_CONFIG_H -I.  -I. -I. -I../bfd -I./../include -I./../bfd    -W -Wall -Wstrict-prototypes -Wmissing-prototypes -Wshadow -Wstack-usage=262144 -g -O2 -MT tic6x-dis.lo -MD -MP -MF .deps/tic6x-dis.Tpo -c -o tic6x-dis.lo tic6x-dis.c
libtool: compile:  gcc -DHAVE_CONFIG_H -I. -I. -I. -I../bfd -I./../include -I./../bfd -W -Wall -Wstrict-prototypes -Wmissing-prototypes -Wshadow -Wstack-usage=262144 -g -O2 -MT tic6x-dis.lo -MD -MP -MF .deps/tic6x-dis.Tpo -c tic6x-dis.c -o tic6x-dis.o
mv -f .deps/tic6x-dis.Tpo .deps/tic6x-dis.Plo
/bin/bash ./libtool  --tag=CC   --mode=compile gcc -DHAVE_CONFIG_H -I.  -I. -I. -I../bfd -I./../include -I./../bfd    -W -Wall -Wstrict-prototypes -Wmissing-prototypes -Wshadow -Wstack-usage=262144 -g -O2 -MT tilegx-dis.lo -MD -MP -MF .deps/tilegx-dis.Tpo -c -o tilegx-dis.lo tilegx-dis.c
libtool: compile:  gcc -DHAVE_CONFIG_H -I. -I. -I. -I../bfd -I./../include -I./../bfd -W -Wall -Wstrict-prototypes -Wmissing-prototypes -Wshadow -Wstack-usage=262144 -g -O2 -MT tilegx-dis.lo -MD -MP -MF .deps/tilegx-dis.Tpo -c tilegx-dis.c -o tilegx-dis.o
mv -f .deps/tilegx-dis.Tpo .deps/tilegx-dis.Plo
/bin/bash ./libtool  --tag=CC   --mode=compile gcc -DHAVE_CONFIG_H -I.  -I. -I. -I../bfd -I./../include -I./../bfd    -W -Wall -Wstrict-prototypes -Wmissing-prototypes -Wshadow -Wstack-usage=262144 -g -O2 -MT tilegx-opc.lo -MD -MP -MF .deps/tilegx-opc.Tpo -c -o tilegx-opc.lo tilegx-opc.c
libtool: compile:  gcc -DHAVE_CONFIG_H -I. -I. -I. -I../bfd -I./../include -I./../bfd -W -Wall -Wstrict-prototypes -Wmissing-prototypes -Wshadow -Wstack-usage=262144 -g -O2 -MT tilegx-opc.lo -MD -MP -MF .deps/tilegx-opc.Tpo -c tilegx-opc.c -o tilegx-opc.o
mv -f .deps/tilegx-opc.Tpo .deps/tilegx-opc.Plo
/bin/bash ./libtool  --tag=CC   --mode=compile gcc -DHAVE_CONFIG_H -I.  -I. -I. -I../bfd -I./../include -I./../bfd    -W -Wall -Wstrict-prototypes -Wmissing-prototypes -Wshadow -Wstack-usage=262144 -g -O2 -MT tilepro-dis.lo -MD -MP -MF .deps/tilepro-dis.Tpo -c -o tilepro-dis.lo tilepro-dis.c
libtool: compile:  gcc -DHAVE_CONFIG_H -I. -I. -I. -I../bfd -I./../include -I./../bfd -W -Wall -Wstrict-prototypes -Wmissing-prototypes -Wshadow -Wstack-usage=262144 -g -O2 -MT tilepro-dis.lo -MD -MP -MF .deps/tilepro-dis.Tpo -c tilepro-dis.c -o tilepro-dis.o
mv -f .deps/tilepro-dis.Tpo .deps/tilepro-dis.Plo
/bin/bash ./libtool  --tag=CC   --mode=compile gcc -DHAVE_CONFIG_H -I.  -I. -I. -I../bfd -I./../include -I./../bfd    -W -Wall -Wstrict-prototypes -Wmissing-prototypes -Wshadow -Wstack-usage=262144 -g -O2 -MT tilepro-opc.lo -MD -MP -MF .deps/tilepro-opc.Tpo -c -o tilepro-opc.lo tilepro-opc.c
libtool: compile:  gcc -DHAVE_CONFIG_H -I. -I. -I. -I../bfd -I./../include -I./../bfd -W -Wall -Wstrict-prototypes -Wmissing-prototypes -Wshadow -Wstack-usage=262144 -g -O2 -MT tilepro-opc.lo -MD -MP -MF .deps/tilepro-opc.Tpo -c tilepro-opc.c -o tilepro-opc.o
mv -f .deps/tilepro-opc.Tpo .deps/tilepro-opc.Plo
/bin/bash ./libtool  --tag=CC   --mode=compile gcc -DHAVE_CONFIG_H -I.  -I. -I. -I../bfd -I./../include -I./../bfd    -W -Wall -Wstrict-prototypes -Wmissing-prototypes -Wshadow -Wstack-usage=262144 -g -O2 -MT v850-dis.lo -MD -MP -MF .deps/v850-dis.Tpo -c -o v850-dis.lo v850-dis.c
libtool: compile:  gcc -DHAVE_CONFIG_H -I. -I. -I. -I../bfd -I./../include -I./../bfd -W -Wall -Wstrict-prototypes -Wmissing-prototypes -Wshadow -Wstack-usage=262144 -g -O2 -MT v850-dis.lo -MD -MP -MF .deps/v850-dis.Tpo -c v850-dis.c -o v850-dis.o
mv -f .deps/v850-dis.Tpo .deps/v850-dis.Plo
/bin/bash ./libtool  --tag=CC   --mode=compile gcc -DHAVE_CONFIG_H -I.  -I. -I. -I../bfd -I./../include -I./../bfd    -W -Wall -Wstrict-prototypes -Wmissing-prototypes -Wshadow -Wstack-usage=262144 -g -O2 -MT v850-opc.lo -MD -MP -MF .deps/v850-opc.Tpo -c -o v850-opc.lo v850-opc.c
libtool: compile:  gcc -DHAVE_CONFIG_H -I. -I. -I. -I../bfd -I./../include -I./../bfd -W -Wall -Wstrict-prototypes -Wmissing-prototypes -Wshadow -Wstack-usage=262144 -g -O2 -MT v850-opc.lo -MD -MP -MF .deps/v850-opc.Tpo -c v850-opc.c -o v850-opc.o
mv -f .deps/v850-opc.Tpo .deps/v850-opc.Plo
/bin/bash ./libtool  --tag=CC   --mode=compile gcc -DHAVE_CONFIG_H -I.  -I. -I. -I../bfd -I./../include -I./../bfd    -W -Wall -Wstrict-prototypes -Wmissing-prototypes -Wshadow -Wstack-usage=262144 -g -O2 -MT vax-dis.lo -MD -MP -MF .deps/vax-dis.Tpo -c -o vax-dis.lo vax-dis.c
libtool: compile:  gcc -DHAVE_CONFIG_H -I. -I. -I. -I../bfd -I./../include -I./../bfd -W -Wall -Wstrict-prototypes -Wmissing-prototypes -Wshadow -Wstack-usage=262144 -g -O2 -MT vax-dis.lo -MD -MP -MF .deps/vax-dis.Tpo -c vax-dis.c -o vax-dis.o
mv -f .deps/vax-dis.Tpo .deps/vax-dis.Plo
/bin/bash ./libtool  --tag=CC   --mode=compile gcc -DHAVE_CONFIG_H -I.  -I. -I. -I../bfd -I./../include -I./../bfd    -W -Wall -Wstrict-prototypes -Wmissing-prototypes -Wshadow -Wstack-usage=262144 -g -O2 -MT visium-dis.lo -MD -MP -MF .deps/visium-dis.Tpo -c -o visium-dis.lo visium-dis.c
libtool: compile:  gcc -DHAVE_CONFIG_H -I. -I. -I. -I../bfd -I./../include -I./../bfd -W -Wall -Wstrict-prototypes -Wmissing-prototypes -Wshadow -Wstack-usage=262144 -g -O2 -MT visium-dis.lo -MD -MP -MF .deps/visium-dis.Tpo -c visium-dis.c -o visium-dis.o
mv -f .deps/visium-dis.Tpo .deps/visium-dis.Plo
/bin/bash ./libtool  --tag=CC   --mode=compile gcc -DHAVE_CONFIG_H -I.  -I. -I. -I../bfd -I./../include -I./../bfd    -W -Wall -Wstrict-prototypes -Wmissing-prototypes -Wshadow -Wstack-usage=262144 -g -O2 -MT visium-opc.lo -MD -MP -MF .deps/visium-opc.Tpo -c -o visium-opc.lo visium-opc.c
libtool: compile:  gcc -DHAVE_CONFIG_H -I. -I. -I. -I../bfd -I./../include -I./../bfd -W -Wall -Wstrict-prototypes -Wmissing-prototypes -Wshadow -Wstack-usage=262144 -g -O2 -MT visium-opc.lo -MD -MP -MF .deps/visium-opc.Tpo -c visium-opc.c -o visium-opc.o
mv -f .deps/visium-opc.Tpo .deps/visium-opc.Plo
/bin/bash ./libtool  --tag=CC   --mode=compile gcc -DHAVE_CONFIG_H -I.  -I. -I. -I../bfd -I./../include -I./../bfd    -W -Wall -Wstrict-prototypes -Wmissing-prototypes -Wshadow -Wstack-usage=262144 -g -O2 -MT wasm32-dis.lo -MD -MP -MF .deps/wasm32-dis.Tpo -c -o wasm32-dis.lo wasm32-dis.c
libtool: compile:  gcc -DHAVE_CONFIG_H -I. -I. -I. -I../bfd -I./../include -I./../bfd -W -Wall -Wstrict-prototypes -Wmissing-prototypes -Wshadow -Wstack-usage=262144 -g -O2 -MT wasm32-dis.lo -MD -MP -MF .deps/wasm32-dis.Tpo -c wasm32-dis.c -o wasm32-dis.o
mv -f .deps/wasm32-dis.Tpo .deps/wasm32-dis.Plo
/bin/bash ./libtool  --tag=CC   --mode=compile gcc -DHAVE_CONFIG_H -I.  -I. -I. -I../bfd -I./../include -I./../bfd    -W -Wall -Wstrict-prototypes -Wmissing-prototypes -Wshadow -Wstack-usage=262144 -g -O2 -MT xc16x-asm.lo -MD -MP -MF .deps/xc16x-asm.Tpo -c -o xc16x-asm.lo xc16x-asm.c
libtool: compile:  gcc -DHAVE_CONFIG_H -I. -I. -I. -I../bfd -I./../include -I./../bfd -W -Wall -Wstrict-prototypes -Wmissing-prototypes -Wshadow -Wstack-usage=262144 -g -O2 -MT xc16x-asm.lo -MD -MP -MF .deps/xc16x-asm.Tpo -c xc16x-asm.c -o xc16x-asm.o
mv -f .deps/xc16x-asm.Tpo .deps/xc16x-asm.Plo
/bin/bash ./libtool  --tag=CC   --mode=compile gcc -DHAVE_CONFIG_H -I.  -I. -I. -I../bfd -I./../include -I./../bfd    -W -Wall -Wstrict-prototypes -Wmissing-prototypes -Wshadow -Wstack-usage=262144 -g -O2 -MT xc16x-desc.lo -MD -MP -MF .deps/xc16x-desc.Tpo -c -o xc16x-desc.lo xc16x-desc.c
libtool: compile:  gcc -DHAVE_CONFIG_H -I. -I. -I. -I../bfd -I./../include -I./../bfd -W -Wall -Wstrict-prototypes -Wmissing-prototypes -Wshadow -Wstack-usage=262144 -g -O2 -MT xc16x-desc.lo -MD -MP -MF .deps/xc16x-desc.Tpo -c xc16x-desc.c -o xc16x-desc.o
mv -f .deps/xc16x-desc.Tpo .deps/xc16x-desc.Plo
/bin/bash ./libtool  --tag=CC   --mode=compile gcc -DHAVE_CONFIG_H -I.  -I. -I. -I../bfd -I./../include -I./../bfd    -W -Wall -Wstrict-prototypes -Wmissing-prototypes -Wshadow -Wstack-usage=262144 -g -O2 -MT xc16x-dis.lo -MD -MP -MF .deps/xc16x-dis.Tpo -c -o xc16x-dis.lo xc16x-dis.c
libtool: compile:  gcc -DHAVE_CONFIG_H -I. -I. -I. -I../bfd -I./../include -I./../bfd -W -Wall -Wstrict-prototypes -Wmissing-prototypes -Wshadow -Wstack-usage=262144 -g -O2 -MT xc16x-dis.lo -MD -MP -MF .deps/xc16x-dis.Tpo -c xc16x-dis.c -o xc16x-dis.o
mv -f .deps/xc16x-dis.Tpo .deps/xc16x-dis.Plo
/bin/bash ./libtool  --tag=CC   --mode=compile gcc -DHAVE_CONFIG_H -I.  -I. -I. -I../bfd -I./../include -I./../bfd    -W -Wall -Wstrict-prototypes -Wmissing-prototypes -Wshadow -Wstack-usage=262144 -g -O2 -MT xc16x-ibld.lo -MD -MP -MF .deps/xc16x-ibld.Tpo -c -o xc16x-ibld.lo xc16x-ibld.c
libtool: compile:  gcc -DHAVE_CONFIG_H -I. -I. -I. -I../bfd -I./../include -I./../bfd -W -Wall -Wstrict-prototypes -Wmissing-prototypes -Wshadow -Wstack-usage=262144 -g -O2 -MT xc16x-ibld.lo -MD -MP -MF .deps/xc16x-ibld.Tpo -c xc16x-ibld.c -o xc16x-ibld.o
mv -f .deps/xc16x-ibld.Tpo .deps/xc16x-ibld.Plo
/bin/bash ./libtool  --tag=CC   --mode=compile gcc -DHAVE_CONFIG_H -I.  -I. -I. -I../bfd -I./../include -I./../bfd    -W -Wall -Wstrict-prototypes -Wmissing-prototypes -Wshadow -Wstack-usage=262144 -g -O2 -MT xc16x-opc.lo -MD -MP -MF .deps/xc16x-opc.Tpo -c -o xc16x-opc.lo xc16x-opc.c
libtool: compile:  gcc -DHAVE_CONFIG_H -I. -I. -I. -I../bfd -I./../include -I./../bfd -W -Wall -Wstrict-prototypes -Wmissing-prototypes -Wshadow -Wstack-usage=262144 -g -O2 -MT xc16x-opc.lo -MD -MP -MF .deps/xc16x-opc.Tpo -c xc16x-opc.c -o xc16x-opc.o
mv -f .deps/xc16x-opc.Tpo .deps/xc16x-opc.Plo
/bin/bash ./libtool  --tag=CC   --mode=compile gcc -DHAVE_CONFIG_H -I.  -I. -I. -I../bfd -I./../include -I./../bfd    -W -Wall -Wstrict-prototypes -Wmissing-prototypes -Wshadow -Wstack-usage=262144 -g -O2 -MT xstormy16-asm.lo -MD -MP -MF .deps/xstormy16-asm.Tpo -c -o xstormy16-asm.lo xstormy16-asm.c
libtool: compile:  gcc -DHAVE_CONFIG_H -I. -I. -I. -I../bfd -I./../include -I./../bfd -W -Wall -Wstrict-prototypes -Wmissing-prototypes -Wshadow -Wstack-usage=262144 -g -O2 -MT xstormy16-asm.lo -MD -MP -MF .deps/xstormy16-asm.Tpo -c xstormy16-asm.c -o xstormy16-asm.o
mv -f .deps/xstormy16-asm.Tpo .deps/xstormy16-asm.Plo
/bin/bash ./libtool  --tag=CC   --mode=compile gcc -DHAVE_CONFIG_H -I.  -I. -I. -I../bfd -I./../include -I./../bfd    -W -Wall -Wstrict-prototypes -Wmissing-prototypes -Wshadow -Wstack-usage=262144 -g -O2 -MT xstormy16-desc.lo -MD -MP -MF .deps/xstormy16-desc.Tpo -c -o xstormy16-desc.lo xstormy16-desc.c
libtool: compile:  gcc -DHAVE_CONFIG_H -I. -I. -I. -I../bfd -I./../include -I./../bfd -W -Wall -Wstrict-prototypes -Wmissing-prototypes -Wshadow -Wstack-usage=262144 -g -O2 -MT xstormy16-desc.lo -MD -MP -MF .deps/xstormy16-desc.Tpo -c xstormy16-desc.c -o xstormy16-desc.o
mv -f .deps/xstormy16-desc.Tpo .deps/xstormy16-desc.Plo
/bin/bash ./libtool  --tag=CC   --mode=compile gcc -DHAVE_CONFIG_H -I.  -I. -I. -I../bfd -I./../include -I./../bfd    -W -Wall -Wstrict-prototypes -Wmissing-prototypes -Wshadow -Wstack-usage=262144 -g -O2 -MT xstormy16-dis.lo -MD -MP -MF .deps/xstormy16-dis.Tpo -c -o xstormy16-dis.lo xstormy16-dis.c
libtool: compile:  gcc -DHAVE_CONFIG_H -I. -I. -I. -I../bfd -I./../include -I./../bfd -W -Wall -Wstrict-prototypes -Wmissing-prototypes -Wshadow -Wstack-usage=262144 -g -O2 -MT xstormy16-dis.lo -MD -MP -MF .deps/xstormy16-dis.Tpo -c xstormy16-dis.c -o xstormy16-dis.o
mv -f .deps/xstormy16-dis.Tpo .deps/xstormy16-dis.Plo
/bin/bash ./libtool  --tag=CC   --mode=compile gcc -DHAVE_CONFIG_H -I.  -I. -I. -I../bfd -I./../include -I./../bfd    -W -Wall -Wstrict-prototypes -Wmissing-prototypes -Wshadow -Wstack-usage=262144 -g -O2 -MT xstormy16-ibld.lo -MD -MP -MF .deps/xstormy16-ibld.Tpo -c -o xstormy16-ibld.lo xstormy16-ibld.c
libtool: compile:  gcc -DHAVE_CONFIG_H -I. -I. -I. -I../bfd -I./../include -I./../bfd -W -Wall -Wstrict-prototypes -Wmissing-prototypes -Wshadow -Wstack-usage=262144 -g -O2 -MT xstormy16-ibld.lo -MD -MP -MF .deps/xstormy16-ibld.Tpo -c xstormy16-ibld.c -o xstormy16-ibld.o
mv -f .deps/xstormy16-ibld.Tpo .deps/xstormy16-ibld.Plo
/bin/bash ./libtool  --tag=CC   --mode=compile gcc -DHAVE_CONFIG_H -I.  -I. -I. -I../bfd -I./../include -I./../bfd    -W -Wall -Wstrict-prototypes -Wmissing-prototypes -Wshadow -Wstack-usage=262144 -g -O2 -MT xstormy16-opc.lo -MD -MP -MF .deps/xstormy16-opc.Tpo -c -o xstormy16-opc.lo xstormy16-opc.c
libtool: compile:  gcc -DHAVE_CONFIG_H -I. -I. -I. -I../bfd -I./../include -I./../bfd -W -Wall -Wstrict-prototypes -Wmissing-prototypes -Wshadow -Wstack-usage=262144 -g -O2 -MT xstormy16-opc.lo -MD -MP -MF .deps/xstormy16-opc.Tpo -c xstormy16-opc.c -o xstormy16-opc.o
mv -f .deps/xstormy16-opc.Tpo .deps/xstormy16-opc.Plo
/bin/bash ./libtool  --tag=CC   --mode=compile gcc -DHAVE_CONFIG_H -I.  -I. -I. -I../bfd -I./../include -I./../bfd    -W -Wall -Wstrict-prototypes -Wmissing-prototypes -Wshadow -Wstack-usage=262144 -g -O2 -MT xtensa-dis.lo -MD -MP -MF .deps/xtensa-dis.Tpo -c -o xtensa-dis.lo xtensa-dis.c
libtool: compile:  gcc -DHAVE_CONFIG_H -I. -I. -I. -I../bfd -I./../include -I./../bfd -W -Wall -Wstrict-prototypes -Wmissing-prototypes -Wshadow -Wstack-usage=262144 -g -O2 -MT xtensa-dis.lo -MD -MP -MF .deps/xtensa-dis.Tpo -c xtensa-dis.c -o xtensa-dis.o
mv -f .deps/xtensa-dis.Tpo .deps/xtensa-dis.Plo
/bin/bash ./libtool  --tag=CC   --mode=compile gcc -DHAVE_CONFIG_H -I.  -I. -I. -I../bfd -I./../include -I./../bfd    -W -Wall -Wstrict-prototypes -Wmissing-prototypes -Wshadow -Wstack-usage=262144 -g -O2 -MT xgate-dis.lo -MD -MP -MF .deps/xgate-dis.Tpo -c -o xgate-dis.lo xgate-dis.c
libtool: compile:  gcc -DHAVE_CONFIG_H -I. -I. -I. -I../bfd -I./../include -I./../bfd -W -Wall -Wstrict-prototypes -Wmissing-prototypes -Wshadow -Wstack-usage=262144 -g -O2 -MT xgate-dis.lo -MD -MP -MF .deps/xgate-dis.Tpo -c xgate-dis.c -o xgate-dis.o
mv -f .deps/xgate-dis.Tpo .deps/xgate-dis.Plo
/bin/bash ./libtool  --tag=CC   --mode=compile gcc -DHAVE_CONFIG_H -I.  -I. -I. -I../bfd -I./../include -I./../bfd    -W -Wall -Wstrict-prototypes -Wmissing-prototypes -Wshadow -Wstack-usage=262144 -g -O2 -MT xgate-opc.lo -MD -MP -MF .deps/xgate-opc.Tpo -c -o xgate-opc.lo xgate-opc.c
libtool: compile:  gcc -DHAVE_CONFIG_H -I. -I. -I. -I../bfd -I./../include -I./../bfd -W -Wall -Wstrict-prototypes -Wmissing-prototypes -Wshadow -Wstack-usage=262144 -g -O2 -MT xgate-opc.lo -MD -MP -MF .deps/xgate-opc.Tpo -c xgate-opc.c -o xgate-opc.o
mv -f .deps/xgate-opc.Tpo .deps/xgate-opc.Plo
/bin/bash ./libtool  --tag=CC   --mode=compile gcc -DHAVE_CONFIG_H -I.  -I. -I. -I../bfd -I./../include -I./../bfd    -W -Wall -Wstrict-prototypes -Wmissing-prototypes -Wshadow -Wstack-usage=262144 -g -O2 -MT z80-dis.lo -MD -MP -MF .deps/z80-dis.Tpo -c -o z80-dis.lo z80-dis.c
libtool: compile:  gcc -DHAVE_CONFIG_H -I. -I. -I. -I../bfd -I./../include -I./../bfd -W -Wall -Wstrict-prototypes -Wmissing-prototypes -Wshadow -Wstack-usage=262144 -g -O2 -MT z80-dis.lo -MD -MP -MF .deps/z80-dis.Tpo -c z80-dis.c -o z80-dis.o
mv -f .deps/z80-dis.Tpo .deps/z80-dis.Plo
/bin/bash ./libtool  --tag=CC   --mode=compile gcc -DHAVE_CONFIG_H -I.  -I. -I. -I../bfd -I./../include -I./../bfd    -W -Wall -Wstrict-prototypes -Wmissing-prototypes -Wshadow -Wstack-usage=262144 -g -O2 -MT z8k-dis.lo -MD -MP -MF .deps/z8k-dis.Tpo -c -o z8k-dis.lo z8k-dis.c
libtool: compile:  gcc -DHAVE_CONFIG_H -I. -I. -I. -I../bfd -I./../include -I./../bfd -W -Wall -Wstrict-prototypes -Wmissing-prototypes -Wshadow -Wstack-usage=262144 -g -O2 -MT z8k-dis.lo -MD -MP -MF .deps/z8k-dis.Tpo -c z8k-dis.c -o z8k-dis.o
mv -f .deps/z8k-dis.Tpo .deps/z8k-dis.Plo
/bin/bash ./libtool  --tag=CC   --mode=link gcc -W -Wall -Wstrict-prototypes -Wmissing-prototypes -Wshadow -Wstack-usage=262144 -g -O2  -release `cat ../bfd/libtool-soversion`   -o libopcodes.la -rpath /usr/local/lib dis-buf.lo disassemble.lo dis-init.lo aarch64-asm.lo aarch64-asm-2.lo aarch64-dis.lo aarch64-dis-2.lo aarch64-opc.lo aarch64-opc-2.lo alpha-dis.lo alpha-opc.lo arc-dis.lo arc-ext.lo arc-opc.lo arm-dis.lo avr-dis.lo bfin-dis.lo cgen-asm.lo cgen-bitset.lo cgen-dis.lo cgen-opc.lo cr16-dis.lo cr16-opc.lo cris-dis.lo cris-opc.lo crx-dis.lo crx-opc.lo csky-dis.lo d10v-dis.lo d10v-opc.lo d30v-dis.lo d30v-opc.lo dlx-dis.lo bpf-asm.lo bpf-desc.lo bpf-dis.lo bpf-ibld.lo bpf-opc.lo epiphany-asm.lo epiphany-desc.lo epiphany-dis.lo epiphany-ibld.lo epiphany-opc.lo fr30-asm.lo fr30-desc.lo fr30-dis.lo fr30-ibld.lo fr30-opc.lo frv-asm.lo frv-desc.lo frv-dis.lo frv-ibld.lo frv-opc.lo ft32-dis.lo ft32-opc.lo h8300-dis.lo hppa-dis.lo i386-dis.lo i386-opc.lo ia64-dis.lo ia64-opc.lo ip2k-asm.lo ip2k-desc.lo ip2k-dis.lo ip2k-ibld.lo ip2k-opc.lo iq2000-asm.lo iq2000-desc.lo iq2000-dis.lo iq2000-ibld.lo iq2000-opc.lo lm32-asm.lo lm32-desc.lo lm32-dis.lo lm32-ibld.lo lm32-opc.lo lm32-opinst.lo m10200-dis.lo m10200-opc.lo m10300-dis.lo m10300-opc.lo m32c-asm.lo m32c-desc.lo m32c-dis.lo m32c-ibld.lo m32c-opc.lo m32r-asm.lo m32r-desc.lo m32r-dis.lo m32r-ibld.lo m32r-opc.lo m32r-opinst.lo m68hc11-dis.lo m68hc11-opc.lo m68k-dis.lo m68k-opc.lo s12z-dis.lo s12z-opc.lo mcore-dis.lo mep-asm.lo mep-desc.lo mep-dis.lo mep-ibld.lo mep-opc.lo metag-dis.lo microblaze-dis.lo micromips-opc.lo mips-dis.lo mips-opc.lo mips16-opc.lo mmix-dis.lo mmix-opc.lo moxie-dis.lo moxie-opc.lo msp430-decode.lo msp430-dis.lo mt-asm.lo mt-desc.lo mt-dis.lo mt-ibld.lo mt-opc.lo nds32-asm.lo nds32-dis.lo nfp-dis.lo nios2-dis.lo nios2-opc.lo ns32k-dis.lo or1k-asm.lo or1k-desc.lo or1k-dis.lo or1k-ibld.lo or1k-opc.lo pdp11-dis.lo pdp11-opc.lo pj-dis.lo pj-opc.lo ppc-dis.lo ppc-opc.lo pru-dis.lo pru-opc.lo riscv-dis.lo riscv-opc.lo rl78-decode.lo rl78-dis.lo rx-decode.lo rx-dis.lo s390-dis.lo s390-opc.lo score-dis.lo score7-dis.lo sh-dis.lo sparc-dis.lo sparc-opc.lo spu-dis.lo spu-opc.lo tic30-dis.lo tic4x-dis.lo tic54x-dis.lo tic54x-opc.lo tic6x-dis.lo tilegx-dis.lo tilegx-opc.lo tilepro-dis.lo tilepro-opc.lo v850-dis.lo v850-opc.lo vax-dis.lo visium-dis.lo visium-opc.lo wasm32-dis.lo xc16x-asm.lo xc16x-desc.lo xc16x-dis.lo xc16x-ibld.lo xc16x-opc.lo xstormy16-asm.lo xstormy16-desc.lo xstormy16-dis.lo xstormy16-ibld.lo xstormy16-opc.lo xtensa-dis.lo xgate-dis.lo xgate-opc.lo z80-dis.lo z8k-dis.lo  
libtool: link: ar rc .libs/libopcodes.a  dis-buf.o disassemble.o dis-init.o aarch64-asm.o aarch64-asm-2.o aarch64-dis.o aarch64-dis-2.o aarch64-opc.o aarch64-opc-2.o alpha-dis.o alpha-opc.o arc-dis.o arc-ext.o arc-opc.o arm-dis.o avr-dis.o bfin-dis.o cgen-asm.o cgen-bitset.o cgen-dis.o cgen-opc.o cr16-dis.o cr16-opc.o cris-dis.o cris-opc.o crx-dis.o crx-opc.o csky-dis.o d10v-dis.o d10v-opc.o d30v-dis.o d30v-opc.o dlx-dis.o bpf-asm.o bpf-desc.o bpf-dis.o bpf-ibld.o bpf-opc.o epiphany-asm.o epiphany-desc.o epiphany-dis.o epiphany-ibld.o epiphany-opc.o fr30-asm.o fr30-desc.o fr30-dis.o fr30-ibld.o fr30-opc.o frv-asm.o frv-desc.o frv-dis.o frv-ibld.o frv-opc.o ft32-dis.o ft32-opc.o h8300-dis.o hppa-dis.o i386-dis.o i386-opc.o ia64-dis.o ia64-opc.o ip2k-asm.o ip2k-desc.o ip2k-dis.o ip2k-ibld.o ip2k-opc.o iq2000-asm.o iq2000-desc.o iq2000-dis.o iq2000-ibld.o iq2000-opc.o lm32-asm.o lm32-desc.o lm32-dis.o lm32-ibld.o lm32-opc.o lm32-opinst.o m10200-dis.o m10200-opc.o m10300-dis.o m10300-opc.o m32c-asm.o m32c-desc.o m32c-dis.o m32c-ibld.o m32c-opc.o m32r-asm.o m32r-desc.o m32r-dis.o m32r-ibld.o m32r-opc.o m32r-opinst.o m68hc11-dis.o m68hc11-opc.o m68k-dis.o m68k-opc.o s12z-dis.o s12z-opc.o mcore-dis.o mep-asm.o mep-desc.o mep-dis.o mep-ibld.o mep-opc.o metag-dis.o microblaze-dis.o micromips-opc.o mips-dis.o mips-opc.o mips16-opc.o mmix-dis.o mmix-opc.o moxie-dis.o moxie-opc.o msp430-decode.o msp430-dis.o mt-asm.o mt-desc.o mt-dis.o mt-ibld.o mt-opc.o nds32-asm.o nds32-dis.o nfp-dis.o nios2-dis.o nios2-opc.o ns32k-dis.o or1k-asm.o or1k-desc.o or1k-dis.o or1k-ibld.o or1k-opc.o pdp11-dis.o pdp11-opc.o pj-dis.o pj-opc.o ppc-dis.o ppc-opc.o pru-dis.o pru-opc.o riscv-dis.o riscv-opc.o rl78-decode.o rl78-dis.o rx-decode.o rx-dis.o s390-dis.o s390-opc.o score-dis.o score7-dis.o sh-dis.o sparc-dis.o sparc-opc.o spu-dis.o spu-opc.o tic30-dis.o tic4x-dis.o tic54x-dis.o tic54x-opc.o tic6x-dis.o tilegx-dis.o tilegx-opc.o tilepro-dis.o tilepro-opc.o v850-dis.o v850-opc.o vax-dis.o visium-dis.o visium-opc.o wasm32-dis.o xc16x-asm.o xc16x-desc.o xc16x-dis.o xc16x-ibld.o xc16x-opc.o xstormy16-asm.o xstormy16-desc.o xstormy16-dis.o xstormy16-ibld.o xstormy16-opc.o xtensa-dis.o xgate-dis.o xgate-opc.o z80-dis.o z8k-dis.o
libtool: link: ranlib .libs/libopcodes.a
libtool: link: ( cd ".libs" && rm -f "libopcodes.la" && ln -s "../libopcodes.la" "libopcodes.la" )
libtooldir=`/bin/bash ./libtool --config | sed -n -e 's/^objdir=//p'`; \
if [ -f $libtooldir/libopcodes.a ]; then \
  cp $libtooldir/libopcodes.a libopcodes.tmp; \
  ranlib libopcodes.tmp; \
  /bin/bash ./../move-if-change libopcodes.tmp libopcodes.a; \
else true; fi
touch stamp-lib
make[4]: Leaving directory '/external/binutils-2.35.1/opcodes'
Making all in po
make[4]: Entering directory '/external/binutils-2.35.1/opcodes/po'
make[4]: Nothing to be done for 'all'.
make[4]: Leaving directory '/external/binutils-2.35.1/opcodes/po'
make[3]: Leaving directory '/external/binutils-2.35.1/opcodes'
make[2]: Leaving directory '/external/binutils-2.35.1/opcodes'
Configuring in ./binutils
configure: creating cache ./config.cache
checking build system type... x86_64-pc-linux-gnu
checking host system type... x86_64-pc-linux-gnu
checking target system type... x86_64-pc-linux-gnu
checking for x86_64-pc-linux-gnu-gcc... gcc
checking whether the C compiler works... yes
checking for C compiler default output file name... a.out
checking for suffix of executables... 
checking whether we are cross compiling... no
checking for suffix of object files... o
checking whether we are using the GNU C compiler... yes
checking whether gcc accepts -g... yes
checking for gcc option to accept ISO C89... none needed
checking whether gcc understands -c and -o together... yes
checking for library containing strerror... none required
checking for a BSD-compatible install... /usr/bin/install -c
checking whether build environment is sane... yes
checking for a thread-safe mkdir -p... /usr/bin/mkdir -p
checking for gawk... gawk
checking whether make sets $(MAKE)... yes
checking for style of include used by make... GNU
checking whether make supports nested variables... yes
checking dependency style of gcc... gcc3
checking for x86_64-pc-linux-gnu-gcc... (cached) gcc
checking whether we are using the GNU C compiler... (cached) yes
checking whether gcc accepts -g... (cached) yes
checking for gcc option to accept ISO C89... (cached) none needed
checking whether gcc understands -c and -o together... (cached) yes
checking how to run the C preprocessor... gcc -E
checking for grep that handles long lines and -e... /usr/bin/grep
checking for egrep... /usr/bin/grep -E
checking for ANSI C header files... yes
checking for sys/types.h... yes
checking for sys/stat.h... yes
checking for stdlib.h... yes
checking for string.h... yes
checking for memory.h... yes
checking for strings.h... yes
checking for inttypes.h... yes
checking for stdint.h... yes
checking for unistd.h... yes
checking minix/config.h usability... no
checking minix/config.h presence... no
checking for minix/config.h... no
checking whether it is safe to define __EXTENSIONS__... yes
checking how to print strings... printf
checking for a sed that does not truncate output... /usr/bin/sed
checking for fgrep... /usr/bin/grep -F
checking for ld used by gcc... ld
checking if the linker (ld) is GNU ld... yes
checking for BSD- or MS-compatible name lister (nm)... nm
checking the name lister (nm) interface... BSD nm
checking whether ln -s works... yes
checking the maximum length of command line arguments... 1572864
checking whether the shell understands some XSI constructs... yes
checking whether the shell understands "+="... yes
checking for ld option to reload object files... -r
checking for x86_64-pc-linux-gnu-objdump... objdump
checking how to recognize dependent libraries... pass_all
checking for x86_64-pc-linux-gnu-ar... ar
checking for x86_64-pc-linux-gnu-strip... no
checking for strip... strip
checking for x86_64-pc-linux-gnu-ranlib... ranlib
checking command to parse nm output from gcc object... ok
checking for dlfcn.h... yes
checking for objdir... .libs
checking if gcc supports -fno-rtti -fno-exceptions... no
checking for gcc option to produce PIC... -fPIC -DPIC
checking if gcc PIC flag -fPIC -DPIC works... yes
checking if gcc static flag -static works... yes
checking if gcc supports -c -o file.o... yes
checking if gcc supports -c -o file.o... (cached) yes
checking whether the gcc linker (ld -m elf_x86_64) supports shared libraries... yes
checking whether -lc should be explicitly linked in... no
checking dynamic linker characteristics... GNU/Linux ld.so
checking how to hardcode library paths into programs... immediate
checking whether stripping libraries is possible... yes
checking if libtool supports shared libraries... yes
checking whether to build shared libraries... yes
checking whether to build static libraries... yes
checking for dlfcn.h... (cached) yes
checking for windows.h... no
checking for library containing dlsym... -ldl
checking for special C compiler options needed for large files... no
checking for _FILE_OFFSET_BITS value needed for large files... no
checking whether to use debuginfod... auto
checking for debuginfod_begin in -ldebuginfod... no
checking whether debuginfod_begin is declared... no
[91mconfigure: WARNING: debuginfod is missing or unusable; some features may be unavailable.
[0mSetting warning flags = -W -Wall -Wstrict-prototypes -Wmissing-prototypes -Wshadow -Wstack-usage=262144
checking for bison... bison -y
checking for flex... /external/binutils-2.35.1/missing flex
checking whether NLS is requested... yes
checking for catalogs to be installed...  bg ca da es fi fr hr id it ja pt ro ru rw sk sr sv tr uk vi zh_CN zh_TW bg ca da es fi fr hr id it ja pt ro ru rw sk sr sv tr uk vi zh_CN zh_TW
checking whether NLS is requested... yes
checking for msgfmt... no
checking for gmsgfmt... :
checking for xgettext... no
checking for msgmerge... no
checking whether to enable maintainer-specific portions of Makefiles... no
checking for x86_64-pc-linux-gnu-ranlib... (cached) ranlib
checking size of long... 8
checking for long long... yes
checking size of long long... 8
checking for string.h... (cached) yes
checking for strings.h... (cached) yes
checking for stdlib.h... (cached) yes
checking for unistd.h... (cached) yes
checking fcntl.h usability... yes
checking fcntl.h presence... yes
checking for fcntl.h... yes
checking sys/file.h usability... yes
checking sys/file.h presence... yes
checking for sys/file.h... yes
checking limits.h usability... yes
checking limits.h presence... yes
checking for limits.h... yes
checking locale.h usability... yes
checking locale.h presence... yes
checking for locale.h... yes
checking sys/param.h usability... yes
checking sys/param.h presence... yes
checking for sys/param.h... yes
checking wchar.h usability... yes
checking wchar.h presence... yes
checking for wchar.h... yes
checking for sys/wait.h that is POSIX.1 compatible... yes
checking whether string.h and strings.h may both be included... yes
checking for size_t... yes
checking for working alloca.h... yes
checking for alloca... yes
checking for stdlib.h... (cached) yes
checking for unistd.h... (cached) yes
checking for sys/param.h... (cached) yes
checking for getpagesize... yes
checking for working mmap... yes
checking for sbrk... yes
checking for utimes... yes
checking for setmode... no
checking for getc_unlocked... yes
checking for strcoll... yes
checking for setlocale... yes
checking for mkstemp... yes
checking for mkdtemp... yes
checking for mbstate_t... yes
checking for library containing frexp... none required
checking for LC_MESSAGES... yes
checking for time_t in time.h... yes
checking for time_t in sys/types.h... yes
checking for a known getopt prototype in unistd.h... yes
checking for utime.h... yes
checking whether asprintf is declared... yes
checking whether environ is declared... yes
checking whether fprintf is declared... yes
checking whether getc_unlocked is declared... yes
checking whether getenv is declared... yes
checking whether sbrk is declared... yes
checking whether snprintf is declared... yes
checking whether stpcpy is declared... yes
checking whether strnlen is declared... yes
checking whether strstr is declared... yes
checking whether vsnprintf is declared... yes
checking iconv.h usability... yes
checking iconv.h presence... yes
checking for iconv.h... yes
checking for ld used by GCC... ld -m elf_x86_64
checking if the linker (ld -m elf_x86_64) is GNU ld... yes
checking for shared library run path origin... done
checking for iconv... yes
checking for iconv declaration... 
         extern size_t iconv (iconv_t cd, char * *inbuf, size_t *inbytesleft, char * *outbuf, size_t *outbytesleft);
configure: updating cache ./config.cache
checking that generated files are newer than configure... done
configure: creating ./config.status
config.status: creating Makefile
config.status: creating doc/Makefile
config.status: creating po/Makefile.in
config.status: creating config.h
config.status: executing depfiles commands
config.status: executing libtool commands
config.status: executing default-1 commands
config.status: creating po/POTFILES
config.status: creating po/Makefile
Configuring in ./gas
configure: creating cache ./config.cache
checking build system type... x86_64-pc-linux-gnu
checking host system type... x86_64-pc-linux-gnu
checking target system type... x86_64-pc-linux-gnu
checking for x86_64-pc-linux-gnu-gcc... gcc
checking whether the C compiler works... yes
checking for C compiler default output file name... a.out
checking for suffix of executables... 
checking whether we are cross compiling... no
checking for suffix of object files... o
checking whether we are using the GNU C compiler... yes
checking whether gcc accepts -g... yes
checking for gcc option to accept ISO C89... none needed
checking whether gcc understands -c and -o together... yes
checking for library containing strerror... none required
checking for a BSD-compatible install... /usr/bin/install -c
checking whether build environment is sane... yes
checking for a thread-safe mkdir -p... /usr/bin/mkdir -p
checking for gawk... gawk
checking whether make sets $(MAKE)... yes
checking for style of include used by make... GNU
checking whether make supports nested variables... yes
checking dependency style of gcc... gcc3
checking for x86_64-pc-linux-gnu-gcc... (cached) gcc
checking whether we are using the GNU C compiler... (cached) yes
checking whether gcc accepts -g... (cached) yes
checking for gcc option to accept ISO C89... (cached) none needed
checking whether gcc understands -c and -o together... (cached) yes
checking how to run the C preprocessor... gcc -E
checking for grep that handles long lines and -e... /usr/bin/grep
checking for egrep... /usr/bin/grep -E
checking for ANSI C header files... yes
checking for sys/types.h... yes
checking for sys/stat.h... yes
checking for stdlib.h... yes
checking for string.h... yes
checking for memory.h... yes
checking for strings.h... yes
checking for inttypes.h... yes
checking for stdint.h... yes
checking for unistd.h... yes
checking minix/config.h usability... no
checking minix/config.h presence... no
checking for minix/config.h... no
checking whether it is safe to define __EXTENSIONS__... yes
checking how to print strings... printf
checking for a sed that does not truncate output... /usr/bin/sed
checking for fgrep... /usr/bin/grep -F
checking for ld used by gcc... ld
checking if the linker (ld) is GNU ld... yes
checking for BSD- or MS-compatible name lister (nm)... nm
checking the name lister (nm) interface... BSD nm
checking whether ln -s works... yes
checking the maximum length of command line arguments... 1572864
checking whether the shell understands some XSI constructs... yes
checking whether the shell understands "+="... yes
checking for ld option to reload object files... -r
checking for x86_64-pc-linux-gnu-objdump... objdump
checking how to recognize dependent libraries... pass_all
checking for x86_64-pc-linux-gnu-ar... ar
checking for x86_64-pc-linux-gnu-strip... no
checking for strip... strip
checking for x86_64-pc-linux-gnu-ranlib... ranlib
checking command to parse nm output from gcc object... ok
checking for dlfcn.h... yes
checking for objdir... .libs
checking if gcc supports -fno-rtti -fno-exceptions... no
checking for gcc option to produce PIC... -fPIC -DPIC
checking if gcc PIC flag -fPIC -DPIC works... yes
checking if gcc static flag -static works... yes
checking if gcc supports -c -o file.o... yes
checking if gcc supports -c -o file.o... (cached) yes
checking whether the gcc linker (ld -m elf_x86_64) supports shared libraries... yes
checking whether -lc should be explicitly linked in... no
checking dynamic linker characteristics... GNU/Linux ld.so
checking how to hardcode library paths into programs... immediate
checking whether stripping libraries is possible... yes
checking if libtool supports shared libraries... yes
checking whether to build shared libraries... yes
checking whether to build static libraries... yes
checking for dlfcn.h... (cached) yes
checking for windows.h... no
checking for library containing dlsym... -ldl
checking for special C compiler options needed for large files... no
checking for _FILE_OFFSET_BITS value needed for large files... no
checking how to compare bootstrapped objects... cmp --ignore-initial=16 $$f1 $$f2
Setting warning flags = -W -Wall -Wstrict-prototypes -Wmissing-prototypes -Wshadow -Wstack-usage=262144
checking whether byte ordering is bigendian... no
checking for bison... bison -y
checking for flex... /external/binutils-2.35.1/missing flex
checking whether NLS is requested... yes
checking for catalogs to be installed...  es fi fr id ja ru rw sv tr uk zh_CN es fi fr id ja ru rw sv tr uk zh_CN
checking whether NLS is requested... yes
checking for msgfmt... no
checking for gmsgfmt... :
checking for xgettext... no
checking for msgmerge... no
checking whether to enable maintainer-specific portions of Makefiles... no
checking for string.h... (cached) yes
checking for stdlib.h... (cached) yes
checking for memory.h... (cached) yes
checking for strings.h... (cached) yes
checking for unistd.h... (cached) yes
checking errno.h usability... yes
checking errno.h presence... yes
checking for errno.h... yes
checking for sys/types.h... (cached) yes
checking limits.h usability... yes
checking limits.h presence... yes
checking for limits.h... yes
checking locale.h usability... yes
checking locale.h presence... yes
checking for locale.h... yes
checking time.h usability... yes
checking time.h presence... yes
checking for time.h... yes
checking for sys/stat.h... (cached) yes
checking whether string.h and strings.h may both be included... yes
checking whether compiling a cross-assembler... no
checking for size_t... yes
checking for working alloca.h... yes
checking for alloca... yes
checking for inline... inline
checking for unlink... yes
checking for sbrk... yes
checking for setlocale... yes
checking for strsignal... yes
checking for LC_MESSAGES... yes
checking for working assert macro... yes
checking whether declaration is required for errno... no
checking for a known getopt prototype in unistd.h... yes
checking whether declaration is required for environ... no
checking whether declaration is required for ffs... no
checking whether declaration is required for free... no
checking whether declaration is required for malloc... no
checking whether declaration is required for sbrk... no
checking whether declaration is required for strstr... no
checking whether free is declared... yes
checking whether getenv is declared... yes
checking whether malloc is declared... yes
checking whether mempcpy is declared... yes
checking whether realloc is declared... yes
checking whether stpcpy is declared... yes
checking whether strstr is declared... yes
checking whether vsnprintf is declared... yes
checking whether asprintf is declared... yes
checking for struct tm.tm_gmtoff in time.h... yes
checking for struct stat.st_mtim.tv_sec in sys/stat.h... yes
checking for struct stat.st_mtim.tv_nsec in sys/stat.h... yes
configure: updating cache ./config.cache
checking that generated files are newer than configure... done
configure: creating ./config.status
config.status: creating .gdbinit
config.status: creating Makefile
config.status: creating doc/Makefile
config.status: creating po/Makefile.in
config.status: creating config.h
config.status: executing depfiles commands
config.status: executing libtool commands
config.status: executing default-1 commands
config.status: creating po/POTFILES
config.status: creating po/Makefile
config.status: executing default commands
make[2]: Entering directory '/external/binutils-2.35.1/gas'
make  all-recursive
make[3]: Entering directory '/external/binutils-2.35.1/gas'
Making all in doc
make[4]: Entering directory '/external/binutils-2.35.1/gas/doc'
make[4]: Nothing to be done for 'all'.
make[4]: Leaving directory '/external/binutils-2.35.1/gas/doc'
Making all in po
make[4]: Entering directory '/external/binutils-2.35.1/gas/po'
make[4]: Nothing to be done for 'all'.
make[4]: Leaving directory '/external/binutils-2.35.1/gas/po'
make[4]: Entering directory '/external/binutils-2.35.1/gas'
depbase=`echo app.o | sed 's|[^/]*$|.deps/&|;s|\.o$||'`;\
gcc -DHAVE_CONFIG_H -I.  -I. -I. -I../bfd -I./config -I./../include -I./.. -I./../bfd -DLOCALEDIR="\"/usr/local/share/locale\""  -W -Wall -Wstrict-prototypes -Wmissing-prototypes -Wshadow -Wstack-usage=262144 -Wwrite-strings -I./../zlib -g -O2 -MT app.o -MD -MP -MF $depbase.Tpo -c -o app.o app.c &&\
mv -f $depbase.Tpo $depbase.Po
depbase=`echo as.o | sed 's|[^/]*$|.deps/&|;s|\.o$||'`;\
gcc -DHAVE_CONFIG_H -I.  -I. -I. -I../bfd -I./config -I./../include -I./.. -I./../bfd -DLOCALEDIR="\"/usr/local/share/locale\""  -W -Wall -Wstrict-prototypes -Wmissing-prototypes -Wshadow -Wstack-usage=262144 -Wwrite-strings -I./../zlib -g -O2 -MT as.o -MD -MP -MF $depbase.Tpo -c -o as.o as.c &&\
mv -f $depbase.Tpo $depbase.Po
depbase=`echo atof-generic.o | sed 's|[^/]*$|.deps/&|;s|\.o$||'`;\
gcc -DHAVE_CONFIG_H -I.  -I. -I. -I../bfd -I./config -I./../include -I./.. -I./../bfd -DLOCALEDIR="\"/usr/local/share/locale\""  -W -Wall -Wstrict-prototypes -Wmissing-prototypes -Wshadow -Wstack-usage=262144 -Wwrite-strings -I./../zlib -g -O2 -MT atof-generic.o -MD -MP -MF $depbase.Tpo -c -o atof-generic.o atof-generic.c &&\
mv -f $depbase.Tpo $depbase.Po
depbase=`echo compress-debug.o | sed 's|[^/]*$|.deps/&|;s|\.o$||'`;\
gcc -DHAVE_CONFIG_H -I.  -I. -I. -I../bfd -I./config -I./../include -I./.. -I./../bfd -DLOCALEDIR="\"/usr/local/share/locale\""  -W -Wall -Wstrict-prototypes -Wmissing-prototypes -Wshadow -Wstack-usage=262144 -Wwrite-strings -I./../zlib -g -O2 -MT compress-debug.o -MD -MP -MF $depbase.Tpo -c -o compress-debug.o compress-debug.c &&\
mv -f $depbase.Tpo $depbase.Po
depbase=`echo cond.o | sed 's|[^/]*$|.deps/&|;s|\.o$||'`;\
gcc -DHAVE_CONFIG_H -I.  -I. -I. -I../bfd -I./config -I./../include -I./.. -I./../bfd -DLOCALEDIR="\"/usr/local/share/locale\""  -W -Wall -Wstrict-prototypes -Wmissing-prototypes -Wshadow -Wstack-usage=262144 -Wwrite-strings -I./../zlib -g -O2 -MT cond.o -MD -MP -MF $depbase.Tpo -c -o cond.o cond.c &&\
mv -f $depbase.Tpo $depbase.Po
depbase=`echo depend.o | sed 's|[^/]*$|.deps/&|;s|\.o$||'`;\
gcc -DHAVE_CONFIG_H -I.  -I. -I. -I../bfd -I./config -I./../include -I./.. -I./../bfd -DLOCALEDIR="\"/usr/local/share/locale\""  -W -Wall -Wstrict-prototypes -Wmissing-prototypes -Wshadow -Wstack-usage=262144 -Wwrite-strings -I./../zlib -g -O2 -MT depend.o -MD -MP -MF $depbase.Tpo -c -o depend.o depend.c &&\
mv -f $depbase.Tpo $depbase.Po
depbase=`echo dwarf2dbg.o | sed 's|[^/]*$|.deps/&|;s|\.o$||'`;\
gcc -DHAVE_CONFIG_H -I.  -I. -I. -I../bfd -I./config -I./../include -I./.. -I./../bfd -DLOCALEDIR="\"/usr/local/share/locale\""  -W -Wall -Wstrict-prototypes -Wmissing-prototypes -Wshadow -Wstack-usage=262144 -Wwrite-strings -I./../zlib -g -O2 -MT dwarf2dbg.o -MD -MP -MF $depbase.Tpo -c -o dwarf2dbg.o dwarf2dbg.c &&\
mv -f $depbase.Tpo $depbase.Po
depbase=`echo dw2gencfi.o | sed 's|[^/]*$|.deps/&|;s|\.o$||'`;\
gcc -DHAVE_CONFIG_H -I.  -I. -I. -I../bfd -I./config -I./../include -I./.. -I./../bfd -DLOCALEDIR="\"/usr/local/share/locale\""  -W -Wall -Wstrict-prototypes -Wmissing-prototypes -Wshadow -Wstack-usage=262144 -Wwrite-strings -I./../zlib -g -O2 -MT dw2gencfi.o -MD -MP -MF $depbase.Tpo -c -o dw2gencfi.o dw2gencfi.c &&\
mv -f $depbase.Tpo $depbase.Po
depbase=`echo ecoff.o | sed 's|[^/]*$|.deps/&|;s|\.o$||'`;\
gcc -DHAVE_CONFIG_H -I.  -I. -I. -I../bfd -I./config -I./../include -I./.. -I./../bfd -DLOCALEDIR="\"/usr/local/share/locale\""  -W -Wall -Wstrict-prototypes -Wmissing-prototypes -Wshadow -Wstack-usage=262144 -Wwrite-strings -I./../zlib -g -O2 -MT ecoff.o -MD -MP -MF $depbase.Tpo -c -o ecoff.o ecoff.c &&\
mv -f $depbase.Tpo $depbase.Po
depbase=`echo ehopt.o | sed 's|[^/]*$|.deps/&|;s|\.o$||'`;\
gcc -DHAVE_CONFIG_H -I.  -I. -I. -I../bfd -I./config -I./../include -I./.. -I./../bfd -DLOCALEDIR="\"/usr/local/share/locale\""  -W -Wall -Wstrict-prototypes -Wmissing-prototypes -Wshadow -Wstack-usage=262144 -Wwrite-strings -I./../zlib -g -O2 -MT ehopt.o -MD -MP -MF $depbase.Tpo -c -o ehopt.o ehopt.c &&\
mv -f $depbase.Tpo $depbase.Po
depbase=`echo expr.o | sed 's|[^/]*$|.deps/&|;s|\.o$||'`;\
gcc -DHAVE_CONFIG_H -I.  -I. -I. -I../bfd -I./config -I./../include -I./.. -I./../bfd -DLOCALEDIR="\"/usr/local/share/locale\""  -W -Wall -Wstrict-prototypes -Wmissing-prototypes -Wshadow -Wstack-usage=262144 -Wwrite-strings -I./../zlib -g -O2 -MT expr.o -MD -MP -MF $depbase.Tpo -c -o expr.o expr.c &&\
mv -f $depbase.Tpo $depbase.Po
depbase=`echo flonum-copy.o | sed 's|[^/]*$|.deps/&|;s|\.o$||'`;\
gcc -DHAVE_CONFIG_H -I.  -I. -I. -I../bfd -I./config -I./../include -I./.. -I./../bfd -DLOCALEDIR="\"/usr/local/share/locale\""  -W -Wall -Wstrict-prototypes -Wmissing-prototypes -Wshadow -Wstack-usage=262144 -Wwrite-strings -I./../zlib -g -O2 -MT flonum-copy.o -MD -MP -MF $depbase.Tpo -c -o flonum-copy.o flonum-copy.c &&\
mv -f $depbase.Tpo $depbase.Po
depbase=`echo flonum-konst.o | sed 's|[^/]*$|.deps/&|;s|\.o$||'`;\
gcc -DHAVE_CONFIG_H -I.  -I. -I. -I../bfd -I./config -I./../include -I./.. -I./../bfd -DLOCALEDIR="\"/usr/local/share/locale\""  -W -Wall -Wstrict-prototypes -Wmissing-prototypes -Wshadow -Wstack-usage=262144 -Wwrite-strings -I./../zlib -g -O2 -MT flonum-konst.o -MD -MP -MF $depbase.Tpo -c -o flonum-konst.o flonum-konst.c &&\
mv -f $depbase.Tpo $depbase.Po
depbase=`echo flonum-mult.o | sed 's|[^/]*$|.deps/&|;s|\.o$||'`;\
gcc -DHAVE_CONFIG_H -I.  -I. -I. -I../bfd -I./config -I./../include -I./.. -I./../bfd -DLOCALEDIR="\"/usr/local/share/locale\""  -W -Wall -Wstrict-prototypes -Wmissing-prototypes -Wshadow -Wstack-usage=262144 -Wwrite-strings -I./../zlib -g -O2 -MT flonum-mult.o -MD -MP -MF $depbase.Tpo -c -o flonum-mult.o flonum-mult.c &&\
mv -f $depbase.Tpo $depbase.Po
depbase=`echo frags.o | sed 's|[^/]*$|.deps/&|;s|\.o$||'`;\
gcc -DHAVE_CONFIG_H -I.  -I. -I. -I../bfd -I./config -I./../include -I./.. -I./../bfd -DLOCALEDIR="\"/usr/local/share/locale\""  -W -Wall -Wstrict-prototypes -Wmissing-prototypes -Wshadow -Wstack-usage=262144 -Wwrite-strings -I./../zlib -g -O2 -MT frags.o -MD -MP -MF $depbase.Tpo -c -o frags.o frags.c &&\
mv -f $depbase.Tpo $depbase.Po
depbase=`echo hash.o | sed 's|[^/]*$|.deps/&|;s|\.o$||'`;\
gcc -DHAVE_CONFIG_H -I.  -I. -I. -I../bfd -I./config -I./../include -I./.. -I./../bfd -DLOCALEDIR="\"/usr/local/share/locale\""  -W -Wall -Wstrict-prototypes -Wmissing-prototypes -Wshadow -Wstack-usage=262144 -Wwrite-strings -I./../zlib -g -O2 -MT hash.o -MD -MP -MF $depbase.Tpo -c -o hash.o hash.c &&\
mv -f $depbase.Tpo $depbase.Po
depbase=`echo input-file.o | sed 's|[^/]*$|.deps/&|;s|\.o$||'`;\
gcc -DHAVE_CONFIG_H -I.  -I. -I. -I../bfd -I./config -I./../include -I./.. -I./../bfd -DLOCALEDIR="\"/usr/local/share/locale\""  -W -Wall -Wstrict-prototypes -Wmissing-prototypes -Wshadow -Wstack-usage=262144 -Wwrite-strings -I./../zlib -g -O2 -MT input-file.o -MD -MP -MF $depbase.Tpo -c -o input-file.o input-file.c &&\
mv -f $depbase.Tpo $depbase.Po
depbase=`echo input-scrub.o | sed 's|[^/]*$|.deps/&|;s|\.o$||'`;\
gcc -DHAVE_CONFIG_H -I.  -I. -I. -I../bfd -I./config -I./../include -I./.. -I./../bfd -DLOCALEDIR="\"/usr/local/share/locale\""  -W -Wall -Wstrict-prototypes -Wmissing-prototypes -Wshadow -Wstack-usage=262144 -Wwrite-strings -I./../zlib -g -O2 -MT input-scrub.o -MD -MP -MF $depbase.Tpo -c -o input-scrub.o input-scrub.c &&\
mv -f $depbase.Tpo $depbase.Po
depbase=`echo listing.o | sed 's|[^/]*$|.deps/&|;s|\.o$||'`;\
gcc -DHAVE_CONFIG_H -I.  -I. -I. -I../bfd -I./config -I./../include -I./.. -I./../bfd -DLOCALEDIR="\"/usr/local/share/locale\""  -W -Wall -Wstrict-prototypes -Wmissing-prototypes -Wshadow -Wstack-usage=262144 -Wwrite-strings -I./../zlib -g -O2 -MT listing.o -MD -MP -MF $depbase.Tpo -c -o listing.o listing.c &&\
mv -f $depbase.Tpo $depbase.Po
depbase=`echo literal.o | sed 's|[^/]*$|.deps/&|;s|\.o$||'`;\
gcc -DHAVE_CONFIG_H -I.  -I. -I. -I../bfd -I./config -I./../include -I./.. -I./../bfd -DLOCALEDIR="\"/usr/local/share/locale\""  -W -Wall -Wstrict-prototypes -Wmissing-prototypes -Wshadow -Wstack-usage=262144 -Wwrite-strings -I./../zlib -g -O2 -MT literal.o -MD -MP -MF $depbase.Tpo -c -o literal.o literal.c &&\
mv -f $depbase.Tpo $depbase.Po
depbase=`echo macro.o | sed 's|[^/]*$|.deps/&|;s|\.o$||'`;\
gcc -DHAVE_CONFIG_H -I.  -I. -I. -I../bfd -I./config -I./../include -I./.. -I./../bfd -DLOCALEDIR="\"/usr/local/share/locale\""  -W -Wall -Wstrict-prototypes -Wmissing-prototypes -Wshadow -Wstack-usage=262144 -Wwrite-strings -I./../zlib -g -O2 -MT macro.o -MD -MP -MF $depbase.Tpo -c -o macro.o macro.c &&\
mv -f $depbase.Tpo $depbase.Po
depbase=`echo messages.o | sed 's|[^/]*$|.deps/&|;s|\.o$||'`;\
gcc -DHAVE_CONFIG_H -I.  -I. -I. -I../bfd -I./config -I./../include -I./.. -I./../bfd -DLOCALEDIR="\"/usr/local/share/locale\""  -W -Wall -Wstrict-prototypes -Wmissing-prototypes -Wshadow -Wstack-usage=262144 -Wwrite-strings -I./../zlib -g -O2 -MT messages.o -MD -MP -MF $depbase.Tpo -c -o messages.o messages.c &&\
mv -f $depbase.Tpo $depbase.Po
depbase=`echo output-file.o | sed 's|[^/]*$|.deps/&|;s|\.o$||'`;\
gcc -DHAVE_CONFIG_H -I.  -I. -I. -I../bfd -I./config -I./../include -I./.. -I./../bfd -DLOCALEDIR="\"/usr/local/share/locale\""  -W -Wall -Wstrict-prototypes -Wmissing-prototypes -Wshadow -Wstack-usage=262144 -Wwrite-strings -I./../zlib -g -O2 -MT output-file.o -MD -MP -MF $depbase.Tpo -c -o output-file.o output-file.c &&\
mv -f $depbase.Tpo $depbase.Po
depbase=`echo read.o | sed 's|[^/]*$|.deps/&|;s|\.o$||'`;\
gcc -DHAVE_CONFIG_H -I.  -I. -I. -I../bfd -I./config -I./../include -I./.. -I./../bfd -DLOCALEDIR="\"/usr/local/share/locale\""  -W -Wall -Wstrict-prototypes -Wmissing-prototypes -Wshadow -Wstack-usage=262144 -Wwrite-strings -I./../zlib -g -O2 -MT read.o -MD -MP -MF $depbase.Tpo -c -o read.o read.c &&\
mv -f $depbase.Tpo $depbase.Po
depbase=`echo remap.o | sed 's|[^/]*$|.deps/&|;s|\.o$||'`;\
gcc -DHAVE_CONFIG_H -I.  -I. -I. -I../bfd -I./config -I./../include -I./.. -I./../bfd -DLOCALEDIR="\"/usr/local/share/locale\""  -W -Wall -Wstrict-prototypes -Wmissing-prototypes -Wshadow -Wstack-usage=262144 -Wwrite-strings -I./../zlib -g -O2 -MT remap.o -MD -MP -MF $depbase.Tpo -c -o remap.o remap.c &&\
mv -f $depbase.Tpo $depbase.Po
depbase=`echo sb.o | sed 's|[^/]*$|.deps/&|;s|\.o$||'`;\
gcc -DHAVE_CONFIG_H -I.  -I. -I. -I../bfd -I./config -I./../include -I./.. -I./../bfd -DLOCALEDIR="\"/usr/local/share/locale\""  -W -Wall -Wstrict-prototypes -Wmissing-prototypes -Wshadow -Wstack-usage=262144 -Wwrite-strings -I./../zlib -g -O2 -MT sb.o -MD -MP -MF $depbase.Tpo -c -o sb.o sb.c &&\
mv -f $depbase.Tpo $depbase.Po
depbase=`echo stabs.o | sed 's|[^/]*$|.deps/&|;s|\.o$||'`;\
gcc -DHAVE_CONFIG_H -I.  -I. -I. -I../bfd -I./config -I./../include -I./.. -I./../bfd -DLOCALEDIR="\"/usr/local/share/locale\""  -W -Wall -Wstrict-prototypes -Wmissing-prototypes -Wshadow -Wstack-usage=262144 -Wwrite-strings -I./../zlib -g -O2 -MT stabs.o -MD -MP -MF $depbase.Tpo -c -o stabs.o stabs.c &&\
mv -f $depbase.Tpo $depbase.Po
depbase=`echo subsegs.o | sed 's|[^/]*$|.deps/&|;s|\.o$||'`;\
gcc -DHAVE_CONFIG_H -I.  -I. -I. -I../bfd -I./config -I./../include -I./.. -I./../bfd -DLOCALEDIR="\"/usr/local/share/locale\""  -W -Wall -Wstrict-prototypes -Wmissing-prototypes -Wshadow -Wstack-usage=262144 -Wwrite-strings -I./../zlib -g -O2 -MT subsegs.o -MD -MP -MF $depbase.Tpo -c -o subsegs.o subsegs.c &&\
mv -f $depbase.Tpo $depbase.Po
depbase=`echo symbols.o | sed 's|[^/]*$|.deps/&|;s|\.o$||'`;\
gcc -DHAVE_CONFIG_H -I.  -I. -I. -I../bfd -I./config -I./../include -I./.. -I./../bfd -DLOCALEDIR="\"/usr/local/share/locale\""  -W -Wall -Wstrict-prototypes -Wmissing-prototypes -Wshadow -Wstack-usage=262144 -Wwrite-strings -I./../zlib -g -O2 -MT symbols.o -MD -MP -MF $depbase.Tpo -c -o symbols.o symbols.c &&\
mv -f $depbase.Tpo $depbase.Po
depbase=`echo write.o | sed 's|[^/]*$|.deps/&|;s|\.o$||'`;\
gcc -DHAVE_CONFIG_H -I.  -I. -I. -I../bfd -I./config -I./../include -I./.. -I./../bfd -DLOCALEDIR="\"/usr/local/share/locale\""  -W -Wall -Wstrict-prototypes -Wmissing-prototypes -Wshadow -Wstack-usage=262144 -Wwrite-strings -I./../zlib -g -O2 -MT write.o -MD -MP -MF $depbase.Tpo -c -o write.o write.c &&\
mv -f $depbase.Tpo $depbase.Po
depbase=`echo config/tc-i386.o | sed 's|[^/]*$|.deps/&|;s|\.o$||'`;\
gcc -DHAVE_CONFIG_H -I.  -I. -I. -I../bfd -I./config -I./../include -I./.. -I./../bfd -DLOCALEDIR="\"/usr/local/share/locale\""  -W -Wall -Wstrict-prototypes -Wmissing-prototypes -Wshadow -Wstack-usage=262144 -Wwrite-strings -I./../zlib -g -O2 -MT config/tc-i386.o -MD -MP -MF $depbase.Tpo -c -o config/tc-i386.o config/tc-i386.c &&\
mv -f $depbase.Tpo $depbase.Po
depbase=`echo config/obj-multi.o | sed 's|[^/]*$|.deps/&|;s|\.o$||'`;\
gcc -DHAVE_CONFIG_H -I.  -I. -I. -I../bfd -I./config -I./../include -I./.. -I./../bfd -DLOCALEDIR="\"/usr/local/share/locale\""  -W -Wall -Wstrict-prototypes -Wmissing-prototypes -Wshadow -Wstack-usage=262144 -Wwrite-strings -I./../zlib -g -O2 -MT config/obj-multi.o -MD -MP -MF $depbase.Tpo -c -o config/obj-multi.o config/obj-multi.c &&\
mv -f $depbase.Tpo $depbase.Po
depbase=`echo config/atof-ieee.o | sed 's|[^/]*$|.deps/&|;s|\.o$||'`;\
gcc -DHAVE_CONFIG_H -I.  -I. -I. -I../bfd -I./config -I./../include -I./.. -I./../bfd -DLOCALEDIR="\"/usr/local/share/locale\""  -W -Wall -Wstrict-prototypes -Wmissing-prototypes -Wshadow -Wstack-usage=262144 -Wwrite-strings -I./../zlib -g -O2 -MT config/atof-ieee.o -MD -MP -MF $depbase.Tpo -c -o config/atof-ieee.o config/atof-ieee.c &&\
mv -f $depbase.Tpo $depbase.Po
depbase=`echo config/obj-elf.o | sed 's|[^/]*$|.deps/&|;s|\.o$||'`;\
gcc -DHAVE_CONFIG_H -I.  -I. -I. -I../bfd -I./config -I./../include -I./.. -I./../bfd -DLOCALEDIR="\"/usr/local/share/locale\""  -W -Wall -Wstrict-prototypes -Wmissing-prototypes -Wshadow -Wstack-usage=262144 -Wwrite-strings -I./../zlib -g -O2 -MT config/obj-elf.o -MD -MP -MF $depbase.Tpo -c -o config/obj-elf.o config/obj-elf.c &&\
mv -f $depbase.Tpo $depbase.Po
depbase=`echo config/obj-aout.o | sed 's|[^/]*$|.deps/&|;s|\.o$||'`;\
gcc -DHAVE_CONFIG_H -I.  -I. -I. -I../bfd -I./config -I./../include -I./.. -I./../bfd -DLOCALEDIR="\"/usr/local/share/locale\""  -W -Wall -Wstrict-prototypes -Wmissing-prototypes -Wshadow -Wstack-usage=262144 -Wwrite-strings -I./../zlib -g -O2 -MT config/obj-aout.o -MD -MP -MF $depbase.Tpo -c -o config/obj-aout.o config/obj-aout.c &&\
mv -f $depbase.Tpo $depbase.Po
depbase=`echo config/obj-coff.o | sed 's|[^/]*$|.deps/&|;s|\.o$||'`;\
gcc -DHAVE_CONFIG_H -I.  -I. -I. -I../bfd -I./config -I./../include -I./.. -I./../bfd -DLOCALEDIR="\"/usr/local/share/locale\""  -W -Wall -Wstrict-prototypes -Wmissing-prototypes -Wshadow -Wstack-usage=262144 -Wwrite-strings -I./../zlib -g -O2 -MT config/obj-coff.o -MD -MP -MF $depbase.Tpo -c -o config/obj-coff.o config/obj-coff.c &&\
mv -f $depbase.Tpo $depbase.Po
depbase=`echo config/e-i386elf.o | sed 's|[^/]*$|.deps/&|;s|\.o$||'`;\
gcc -DHAVE_CONFIG_H -I.  -I. -I. -I../bfd -I./config -I./../include -I./.. -I./../bfd -DLOCALEDIR="\"/usr/local/share/locale\""  -W -Wall -Wstrict-prototypes -Wmissing-prototypes -Wshadow -Wstack-usage=262144 -Wwrite-strings -I./../zlib -g -O2 -MT config/e-i386elf.o -MD -MP -MF $depbase.Tpo -c -o config/e-i386elf.o config/e-i386elf.c &&\
mv -f $depbase.Tpo $depbase.Po
depbase=`echo config/e-i386aout.o | sed 's|[^/]*$|.deps/&|;s|\.o$||'`;\
gcc -DHAVE_CONFIG_H -I.  -I. -I. -I../bfd -I./config -I./../include -I./.. -I./../bfd -DLOCALEDIR="\"/usr/local/share/locale\""  -W -Wall -Wstrict-prototypes -Wmissing-prototypes -Wshadow -Wstack-usage=262144 -Wwrite-strings -I./../zlib -g -O2 -MT config/e-i386aout.o -MD -MP -MF $depbase.Tpo -c -o config/e-i386aout.o config/e-i386aout.c &&\
mv -f $depbase.Tpo $depbase.Po
depbase=`echo config/e-i386coff.o | sed 's|[^/]*$|.deps/&|;s|\.o$||'`;\
gcc -DHAVE_CONFIG_H -I.  -I. -I. -I../bfd -I./config -I./../include -I./.. -I./../bfd -DLOCALEDIR="\"/usr/local/share/locale\""  -W -Wall -Wstrict-prototypes -Wmissing-prototypes -Wshadow -Wstack-usage=262144 -Wwrite-strings -I./../zlib -g -O2 -MT config/e-i386coff.o -MD -MP -MF $depbase.Tpo -c -o config/e-i386coff.o config/e-i386coff.c &&\
mv -f $depbase.Tpo $depbase.Po
/bin/bash ./libtool  --tag=CC   --mode=link gcc -W -Wall -Wstrict-prototypes -Wmissing-prototypes -Wshadow -Wstack-usage=262144 -Wwrite-strings -I./../zlib -g -O2   -o as-new app.o as.o atof-generic.o compress-debug.o cond.o depend.o dwarf2dbg.o dw2gencfi.o ecoff.o ehopt.o expr.o flonum-copy.o flonum-konst.o flonum-mult.o frags.o hash.o input-file.o input-scrub.o listing.o literal.o macro.o messages.o output-file.o read.o remap.o sb.o stabs.o subsegs.o symbols.o write.o config/tc-i386.o config/obj-multi.o config/atof-ieee.o config/obj-elf.o config/obj-aout.o config/obj-coff.o  config/e-i386elf.o config/e-i386aout.o config/e-i386coff.o ../opcodes/libopcodes.la ../bfd/libbfd.la ../libiberty/libiberty.a   -ldl 
libtool: link: gcc -W -Wall -Wstrict-prototypes -Wmissing-prototypes -Wshadow -Wstack-usage=262144 -Wwrite-strings -I./../zlib -g -O2 -o as-new app.o as.o atof-generic.o compress-debug.o cond.o depend.o dwarf2dbg.o dw2gencfi.o ecoff.o ehopt.o expr.o flonum-copy.o flonum-konst.o flonum-mult.o frags.o hash.o input-file.o input-scrub.o listing.o literal.o macro.o messages.o output-file.o read.o remap.o sb.o stabs.o subsegs.o symbols.o write.o config/tc-i386.o config/obj-multi.o config/atof-ieee.o config/obj-elf.o config/obj-aout.o config/obj-coff.o config/e-i386elf.o config/e-i386aout.o config/e-i386coff.o  ../opcodes/.libs/libopcodes.a ../bfd/.libs/libbfd.a -L/external/binutils-2.35.1/zlib -lz ../libiberty/libiberty.a -ldl
make[4]: Leaving directory '/external/binutils-2.35.1/gas'
make[3]: Leaving directory '/external/binutils-2.35.1/gas'
make[2]: Leaving directory '/external/binutils-2.35.1/gas'
Configuring in ./libctf
configure: creating cache ./config.cache
checking for x86_64-pc-linux-gnu-gcc... gcc
checking whether the C compiler works... yes
checking for C compiler default output file name... a.out
checking for suffix of executables... 
checking whether we are cross compiling... no
checking for suffix of object files... o
checking whether we are using the GNU C compiler... yes
checking whether gcc accepts -g... yes
checking for gcc option to accept ISO C89... none needed
checking whether gcc understands -c and -o together... yes
checking how to run the C preprocessor... gcc -E
checking for grep that handles long lines and -e... /usr/bin/grep
checking for egrep... /usr/bin/grep -E
checking for ANSI C header files... yes
checking for sys/types.h... yes
checking for sys/stat.h... yes
checking for stdlib.h... yes
checking for string.h... yes
checking for memory.h... yes
checking for strings.h... yes
checking for inttypes.h... yes
checking for stdint.h... yes
checking for unistd.h... yes
checking minix/config.h usability... no
checking minix/config.h presence... no
checking for minix/config.h... no
checking whether it is safe to define __EXTENSIONS__... yes
checking for a BSD-compatible install... /usr/bin/install -c
checking whether build environment is sane... yes
checking for a thread-safe mkdir -p... /usr/bin/mkdir -p
checking for gawk... gawk
checking whether make sets $(MAKE)... yes
checking for style of include used by make... GNU
checking whether make supports nested variables... yes
checking dependency style of gcc... gcc3
checking whether make sets $(MAKE)... (cached) yes
checking for x86_64-pc-linux-gnu-gcc... (cached) gcc
checking whether we are using the GNU C compiler... (cached) yes
checking whether gcc accepts -g... (cached) yes
checking for gcc option to accept ISO C89... (cached) none needed
checking whether gcc understands -c and -o together... (cached) yes
checking for x86_64-pc-linux-gnu-ranlib... ranlib
checking for x86_64-pc-linux-gnu-ar... ar
checking the archiver (ar) interface... ar
checking whether NLS is requested... yes
checking for catalogs to be installed... 
checking build system type... x86_64-pc-linux-gnu
checking host system type... x86_64-pc-linux-gnu
checking how to print strings... printf
checking for a sed that does not truncate output... /usr/bin/sed
checking for fgrep... /usr/bin/grep -F
checking for ld used by gcc... ld
checking if the linker (ld) is GNU ld... yes
checking for BSD- or MS-compatible name lister (nm)... nm
checking the name lister (nm) interface... BSD nm
checking whether ln -s works... yes
checking the maximum length of command line arguments... 1572864
checking whether the shell understands some XSI constructs... yes
checking whether the shell understands "+="... yes
checking for ld option to reload object files... -r
checking for x86_64-pc-linux-gnu-objdump... objdump
checking how to recognize dependent libraries... pass_all
checking for x86_64-pc-linux-gnu-ar... (cached) ar
checking for x86_64-pc-linux-gnu-strip... no
checking for strip... strip
checking for x86_64-pc-linux-gnu-ranlib... (cached) ranlib
checking command to parse nm output from gcc object... ok
checking for dlfcn.h... yes
checking for objdir... .libs
checking if gcc supports -fno-rtti -fno-exceptions... no
checking for gcc option to produce PIC... -fPIC -DPIC
checking if gcc PIC flag -fPIC -DPIC works... yes
checking if gcc static flag -static works... yes
checking if gcc supports -c -o file.o... yes
checking if gcc supports -c -o file.o... (cached) yes
checking whether the gcc linker (ld -m elf_x86_64) supports shared libraries... yes
checking dynamic linker characteristics... GNU/Linux ld.so
checking how to hardcode library paths into programs... immediate
checking whether stripping libraries is possible... yes
checking if libtool supports shared libraries... yes
checking whether to build shared libraries... no
checking whether to build static libraries... yes
checking for special C compiler options needed for large files... no
checking for _FILE_OFFSET_BITS value needed for large files... no
checking for aclocal... ${SHELL} /external/binutils-2.35.1/missing aclocal-1.15
checking for autoconf... ${SHELL} /external/binutils-2.35.1/missing autoconf
checking for autoheader... ${SHELL} /external/binutils-2.35.1/missing autoheader
checking whether gcc supports -W... yes
checking whether gcc supports -Wall... yes
checking whether gcc supports -Wnarrowing... yes
checking whether gcc supports -Wwrite-strings... yes
checking whether gcc supports -Wmissing-format-attribute... yes
checking whether gcc supports -Wstrict-prototypes... yes
checking whether gcc supports -Wmissing-prototypes... yes
checking whether gcc supports -Wold-style-definition... yes
checking whether gcc supports -pedantic -Wlong-long... yes
checking whether to enable maintainer-specific portions of Makefiles... no
checking whether to install libbfd... yes
checking whether gcc supports -Wall... (cached) yes
checking for stdlib.h... (cached) yes
checking for unistd.h... (cached) yes
checking for sys/param.h... yes
checking for getpagesize... yes
checking for working mmap... yes
checking for library containing dlopen... -ldl
checking for ELF support in BFD... yes
checking whether byte ordering is bigendian... no
checking byteswap.h usability... yes
checking byteswap.h presence... yes
checking for byteswap.h... yes
checking endian.h usability... yes
checking endian.h presence... yes
checking for endian.h... yes
checking for pread... yes
checking whether asprintf is declared... yes
checking whether bswap_16 is declared... yes
checking whether bswap_32 is declared... yes
checking whether bswap_64 is declared... yes
checking for qsort_r... yes
checking for qsort_r signature... GNU
checking for O_CLOEXEC... yes
configure: updating cache ./config.cache
checking that generated files are newer than configure... done
configure: creating ./config.status
config.status: creating Makefile
config.status: creating config.h
config.status: executing depfiles commands
config.status: executing libtool commands
make[2]: Entering directory '/external/binutils-2.35.1/libctf'
make  all-am
make[3]: Entering directory '/external/binutils-2.35.1/libctf'
/bin/bash ./libtool  --tag=CC   --mode=compile gcc -DHAVE_CONFIG_H -I.  -D_GNU_SOURCE -I. -I./../include -I./../bfd -I../bfd  -std=gnu99 -Wall -W -Wall -Wno-narrowing -Wwrite-strings -Wmissing-format-attribute -Wstrict-prototypes -Wmissing-prototypes -Wold-style-definition -pedantic -Wno-long-long  -I./../zlib -g -O2 -MT ctf-archive.lo -MD -MP -MF .deps/ctf-archive.Tpo -c -o ctf-archive.lo ctf-archive.c
libtool: compile:  gcc -DHAVE_CONFIG_H -I. -D_GNU_SOURCE -I. -I./../include -I./../bfd -I../bfd -std=gnu99 -Wall -W -Wall -Wno-narrowing -Wwrite-strings -Wmissing-format-attribute -Wstrict-prototypes -Wmissing-prototypes -Wold-style-definition -pedantic -Wno-long-long -I./../zlib -g -O2 -MT ctf-archive.lo -MD -MP -MF .deps/ctf-archive.Tpo -c ctf-archive.c -o ctf-archive.o
mv -f .deps/ctf-archive.Tpo .deps/ctf-archive.Plo
/bin/bash ./libtool  --tag=CC   --mode=compile gcc -DHAVE_CONFIG_H -I.  -D_GNU_SOURCE -I. -I./../include -I./../bfd -I../bfd  -std=gnu99 -Wall -W -Wall -Wno-narrowing -Wwrite-strings -Wmissing-format-attribute -Wstrict-prototypes -Wmissing-prototypes -Wold-style-definition -pedantic -Wno-long-long  -I./../zlib -g -O2 -MT ctf-dump.lo -MD -MP -MF .deps/ctf-dump.Tpo -c -o ctf-dump.lo ctf-dump.c
libtool: compile:  gcc -DHAVE_CONFIG_H -I. -D_GNU_SOURCE -I. -I./../include -I./../bfd -I../bfd -std=gnu99 -Wall -W -Wall -Wno-narrowing -Wwrite-strings -Wmissing-format-attribute -Wstrict-prototypes -Wmissing-prototypes -Wold-style-definition -pedantic -Wno-long-long -I./../zlib -g -O2 -MT ctf-dump.lo -MD -MP -MF .deps/ctf-dump.Tpo -c ctf-dump.c -o ctf-dump.o
mv -f .deps/ctf-dump.Tpo .deps/ctf-dump.Plo
/bin/bash ./libtool  --tag=CC   --mode=compile gcc -DHAVE_CONFIG_H -I.  -D_GNU_SOURCE -I. -I./../include -I./../bfd -I../bfd  -std=gnu99 -Wall -W -Wall -Wno-narrowing -Wwrite-strings -Wmissing-format-attribute -Wstrict-prototypes -Wmissing-prototypes -Wold-style-definition -pedantic -Wno-long-long  -I./../zlib -g -O2 -MT ctf-create.lo -MD -MP -MF .deps/ctf-create.Tpo -c -o ctf-create.lo ctf-create.c
libtool: compile:  gcc -DHAVE_CONFIG_H -I. -D_GNU_SOURCE -I. -I./../include -I./../bfd -I../bfd -std=gnu99 -Wall -W -Wall -Wno-narrowing -Wwrite-strings -Wmissing-format-attribute -Wstrict-prototypes -Wmissing-prototypes -Wold-style-definition -pedantic -Wno-long-long -I./../zlib -g -O2 -MT ctf-create.lo -MD -MP -MF .deps/ctf-create.Tpo -c ctf-create.c -o ctf-create.o
mv -f .deps/ctf-create.Tpo .deps/ctf-create.Plo
/bin/bash ./libtool  --tag=CC   --mode=compile gcc -DHAVE_CONFIG_H -I.  -D_GNU_SOURCE -I. -I./../include -I./../bfd -I../bfd  -std=gnu99 -Wall -W -Wall -Wno-narrowing -Wwrite-strings -Wmissing-format-attribute -Wstrict-prototypes -Wmissing-prototypes -Wold-style-definition -pedantic -Wno-long-long  -I./../zlib -g -O2 -MT ctf-decl.lo -MD -MP -MF .deps/ctf-decl.Tpo -c -o ctf-decl.lo ctf-decl.c
libtool: compile:  gcc -DHAVE_CONFIG_H -I. -D_GNU_SOURCE -I. -I./../include -I./../bfd -I../bfd -std=gnu99 -Wall -W -Wall -Wno-narrowing -Wwrite-strings -Wmissing-format-attribute -Wstrict-prototypes -Wmissing-prototypes -Wold-style-definition -pedantic -Wno-long-long -I./../zlib -g -O2 -MT ctf-decl.lo -MD -MP -MF .deps/ctf-decl.Tpo -c ctf-decl.c -o ctf-decl.o
mv -f .deps/ctf-decl.Tpo .deps/ctf-decl.Plo
/bin/bash ./libtool  --tag=CC   --mode=compile gcc -DHAVE_CONFIG_H -I.  -D_GNU_SOURCE -I. -I./../include -I./../bfd -I../bfd  -std=gnu99 -Wall -W -Wall -Wno-narrowing -Wwrite-strings -Wmissing-format-attribute -Wstrict-prototypes -Wmissing-prototypes -Wold-style-definition -pedantic -Wno-long-long  -I./../zlib -g -O2 -MT ctf-error.lo -MD -MP -MF .deps/ctf-error.Tpo -c -o ctf-error.lo ctf-error.c
libtool: compile:  gcc -DHAVE_CONFIG_H -I. -D_GNU_SOURCE -I. -I./../include -I./../bfd -I../bfd -std=gnu99 -Wall -W -Wall -Wno-narrowing -Wwrite-strings -Wmissing-format-attribute -Wstrict-prototypes -Wmissing-prototypes -Wold-style-definition -pedantic -Wno-long-long -I./../zlib -g -O2 -MT ctf-error.lo -MD -MP -MF .deps/ctf-error.Tpo -c ctf-error.c -o ctf-error.o
mv -f .deps/ctf-error.Tpo .deps/ctf-error.Plo
/bin/bash ./libtool  --tag=CC   --mode=compile gcc -DHAVE_CONFIG_H -I.  -D_GNU_SOURCE -I. -I./../include -I./../bfd -I../bfd  -std=gnu99 -Wall -W -Wall -Wno-narrowing -Wwrite-strings -Wmissing-format-attribute -Wstrict-prototypes -Wmissing-prototypes -Wold-style-definition -pedantic -Wno-long-long  -I./../zlib -g -O2 -MT ctf-hash.lo -MD -MP -MF .deps/ctf-hash.Tpo -c -o ctf-hash.lo ctf-hash.c
libtool: compile:  gcc -DHAVE_CONFIG_H -I. -D_GNU_SOURCE -I. -I./../include -I./../bfd -I../bfd -std=gnu99 -Wall -W -Wall -Wno-narrowing -Wwrite-strings -Wmissing-format-attribute -Wstrict-prototypes -Wmissing-prototypes -Wold-style-definition -pedantic -Wno-long-long -I./../zlib -g -O2 -MT ctf-hash.lo -MD -MP -MF .deps/ctf-hash.Tpo -c ctf-hash.c -o ctf-hash.o
mv -f .deps/ctf-hash.Tpo .deps/ctf-hash.Plo
/bin/bash ./libtool  --tag=CC   --mode=compile gcc -DHAVE_CONFIG_H -I.  -D_GNU_SOURCE -I. -I./../include -I./../bfd -I../bfd  -std=gnu99 -Wall -W -Wall -Wno-narrowing -Wwrite-strings -Wmissing-format-attribute -Wstrict-prototypes -Wmissing-prototypes -Wold-style-definition -pedantic -Wno-long-long  -I./../zlib -g -O2 -MT ctf-labels.lo -MD -MP -MF .deps/ctf-labels.Tpo -c -o ctf-labels.lo ctf-labels.c
libtool: compile:  gcc -DHAVE_CONFIG_H -I. -D_GNU_SOURCE -I. -I./../include -I./../bfd -I../bfd -std=gnu99 -Wall -W -Wall -Wno-narrowing -Wwrite-strings -Wmissing-format-attribute -Wstrict-prototypes -Wmissing-prototypes -Wold-style-definition -pedantic -Wno-long-long -I./../zlib -g -O2 -MT ctf-labels.lo -MD -MP -MF .deps/ctf-labels.Tpo -c ctf-labels.c -o ctf-labels.o
mv -f .deps/ctf-labels.Tpo .deps/ctf-labels.Plo
/bin/bash ./libtool  --tag=CC   --mode=compile gcc -DHAVE_CONFIG_H -I.  -D_GNU_SOURCE -I. -I./../include -I./../bfd -I../bfd  -std=gnu99 -Wall -W -Wall -Wno-narrowing -Wwrite-strings -Wmissing-format-attribute -Wstrict-prototypes -Wmissing-prototypes -Wold-style-definition -pedantic -Wno-long-long  -I./../zlib -g -O2 -MT ctf-link.lo -MD -MP -MF .deps/ctf-link.Tpo -c -o ctf-link.lo ctf-link.c
libtool: compile:  gcc -DHAVE_CONFIG_H -I. -D_GNU_SOURCE -I. -I./../include -I./../bfd -I../bfd -std=gnu99 -Wall -W -Wall -Wno-narrowing -Wwrite-strings -Wmissing-format-attribute -Wstrict-prototypes -Wmissing-prototypes -Wold-style-definition -pedantic -Wno-long-long -I./../zlib -g -O2 -MT ctf-link.lo -MD -MP -MF .deps/ctf-link.Tpo -c ctf-link.c -o ctf-link.o
mv -f .deps/ctf-link.Tpo .deps/ctf-link.Plo
/bin/bash ./libtool  --tag=CC   --mode=compile gcc -DHAVE_CONFIG_H -I.  -D_GNU_SOURCE -I. -I./../include -I./../bfd -I../bfd  -std=gnu99 -Wall -W -Wall -Wno-narrowing -Wwrite-strings -Wmissing-format-attribute -Wstrict-prototypes -Wmissing-prototypes -Wold-style-definition -pedantic -Wno-long-long  -I./../zlib -g -O2 -MT ctf-lookup.lo -MD -MP -MF .deps/ctf-lookup.Tpo -c -o ctf-lookup.lo ctf-lookup.c
libtool: compile:  gcc -DHAVE_CONFIG_H -I. -D_GNU_SOURCE -I. -I./../include -I./../bfd -I../bfd -std=gnu99 -Wall -W -Wall -Wno-narrowing -Wwrite-strings -Wmissing-format-attribute -Wstrict-prototypes -Wmissing-prototypes -Wold-style-definition -pedantic -Wno-long-long -I./../zlib -g -O2 -MT ctf-lookup.lo -MD -MP -MF .deps/ctf-lookup.Tpo -c ctf-lookup.c -o ctf-lookup.o
mv -f .deps/ctf-lookup.Tpo .deps/ctf-lookup.Plo
/bin/bash ./libtool  --tag=CC   --mode=compile gcc -DHAVE_CONFIG_H -I.  -D_GNU_SOURCE -I. -I./../include -I./../bfd -I../bfd  -std=gnu99 -Wall -W -Wall -Wno-narrowing -Wwrite-strings -Wmissing-format-attribute -Wstrict-prototypes -Wmissing-prototypes -Wold-style-definition -pedantic -Wno-long-long  -I./../zlib -g -O2 -MT ctf-open.lo -MD -MP -MF .deps/ctf-open.Tpo -c -o ctf-open.lo ctf-open.c
libtool: compile:  gcc -DHAVE_CONFIG_H -I. -D_GNU_SOURCE -I. -I./../include -I./../bfd -I../bfd -std=gnu99 -Wall -W -Wall -Wno-narrowing -Wwrite-strings -Wmissing-format-attribute -Wstrict-prototypes -Wmissing-prototypes -Wold-style-definition -pedantic -Wno-long-long -I./../zlib -g -O2 -MT ctf-open.lo -MD -MP -MF .deps/ctf-open.Tpo -c ctf-open.c -o ctf-open.o
mv -f .deps/ctf-open.Tpo .deps/ctf-open.Plo
/bin/bash ./libtool  --tag=CC   --mode=compile gcc -DHAVE_CONFIG_H -I.  -D_GNU_SOURCE -I. -I./../include -I./../bfd -I../bfd  -std=gnu99 -Wall -W -Wall -Wno-narrowing -Wwrite-strings -Wmissing-format-attribute -Wstrict-prototypes -Wmissing-prototypes -Wold-style-definition -pedantic -Wno-long-long  -I./../zlib -g -O2 -MT ctf-string.lo -MD -MP -MF .deps/ctf-string.Tpo -c -o ctf-string.lo ctf-string.c
libtool: compile:  gcc -DHAVE_CONFIG_H -I. -D_GNU_SOURCE -I. -I./../include -I./../bfd -I../bfd -std=gnu99 -Wall -W -Wall -Wno-narrowing -Wwrite-strings -Wmissing-format-attribute -Wstrict-prototypes -Wmissing-prototypes -Wold-style-definition -pedantic -Wno-long-long -I./../zlib -g -O2 -MT ctf-string.lo -MD -MP -MF .deps/ctf-string.Tpo -c ctf-string.c -o ctf-string.o
mv -f .deps/ctf-string.Tpo .deps/ctf-string.Plo
/bin/bash ./libtool  --tag=CC   --mode=compile gcc -DHAVE_CONFIG_H -I.  -D_GNU_SOURCE -I. -I./../include -I./../bfd -I../bfd  -std=gnu99 -Wall -W -Wall -Wno-narrowing -Wwrite-strings -Wmissing-format-attribute -Wstrict-prototypes -Wmissing-prototypes -Wold-style-definition -pedantic -Wno-long-long  -I./../zlib -g -O2 -MT ctf-subr.lo -MD -MP -MF .deps/ctf-subr.Tpo -c -o ctf-subr.lo ctf-subr.c
libtool: compile:  gcc -DHAVE_CONFIG_H -I. -D_GNU_SOURCE -I. -I./../include -I./../bfd -I../bfd -std=gnu99 -Wall -W -Wall -Wno-narrowing -Wwrite-strings -Wmissing-format-attribute -Wstrict-prototypes -Wmissing-prototypes -Wold-style-definition -pedantic -Wno-long-long -I./../zlib -g -O2 -MT ctf-subr.lo -MD -MP -MF .deps/ctf-subr.Tpo -c ctf-subr.c -o ctf-subr.o
mv -f .deps/ctf-subr.Tpo .deps/ctf-subr.Plo
/bin/bash ./libtool  --tag=CC   --mode=compile gcc -DHAVE_CONFIG_H -I.  -D_GNU_SOURCE -I. -I./../include -I./../bfd -I../bfd  -std=gnu99 -Wall -W -Wall -Wno-narrowing -Wwrite-strings -Wmissing-format-attribute -Wstrict-prototypes -Wmissing-prototypes -Wold-style-definition -pedantic -Wno-long-long  -I./../zlib -g -O2 -MT ctf-types.lo -MD -MP -MF .deps/ctf-types.Tpo -c -o ctf-types.lo ctf-types.c
libtool: compile:  gcc -DHAVE_CONFIG_H -I. -D_GNU_SOURCE -I. -I./../include -I./../bfd -I../bfd -std=gnu99 -Wall -W -Wall -Wno-narrowing -Wwrite-strings -Wmissing-format-attribute -Wstrict-prototypes -Wmissing-prototypes -Wold-style-definition -pedantic -Wno-long-long -I./../zlib -g -O2 -MT ctf-types.lo -MD -MP -MF .deps/ctf-types.Tpo -c ctf-types.c -o ctf-types.o
mv -f .deps/ctf-types.Tpo .deps/ctf-types.Plo
/bin/bash ./libtool  --tag=CC   --mode=compile gcc -DHAVE_CONFIG_H -I.  -D_GNU_SOURCE -I. -I./../include -I./../bfd -I../bfd  -std=gnu99 -Wall -W -Wall -Wno-narrowing -Wwrite-strings -Wmissing-format-attribute -Wstrict-prototypes -Wmissing-prototypes -Wold-style-definition -pedantic -Wno-long-long  -I./../zlib -g -O2 -MT ctf-util.lo -MD -MP -MF .deps/ctf-util.Tpo -c -o ctf-util.lo ctf-util.c
libtool: compile:  gcc -DHAVE_CONFIG_H -I. -D_GNU_SOURCE -I. -I./../include -I./../bfd -I../bfd -std=gnu99 -Wall -W -Wall -Wno-narrowing -Wwrite-strings -Wmissing-format-attribute -Wstrict-prototypes -Wmissing-prototypes -Wold-style-definition -pedantic -Wno-long-long -I./../zlib -g -O2 -MT ctf-util.lo -MD -MP -MF .deps/ctf-util.Tpo -c ctf-util.c -o ctf-util.o
mv -f .deps/ctf-util.Tpo .deps/ctf-util.Plo
/bin/bash ./libtool  --tag=CC   --mode=compile gcc -DHAVE_CONFIG_H -I.  -D_GNU_SOURCE -I. -I./../include -I./../bfd -I../bfd  -std=gnu99 -Wall -W -Wall -Wno-narrowing -Wwrite-strings -Wmissing-format-attribute -Wstrict-prototypes -Wmissing-prototypes -Wold-style-definition -pedantic -Wno-long-long  -I./../zlib -g -O2 -MT ctf-open-bfd.lo -MD -MP -MF .deps/ctf-open-bfd.Tpo -c -o ctf-open-bfd.lo ctf-open-bfd.c
libtool: compile:  gcc -DHAVE_CONFIG_H -I. -D_GNU_SOURCE -I. -I./../include -I./../bfd -I../bfd -std=gnu99 -Wall -W -Wall -Wno-narrowing -Wwrite-strings -Wmissing-format-attribute -Wstrict-prototypes -Wmissing-prototypes -Wold-style-definition -pedantic -Wno-long-long -I./../zlib -g -O2 -MT ctf-open-bfd.lo -MD -MP -MF .deps/ctf-open-bfd.Tpo -c ctf-open-bfd.c -o ctf-open-bfd.o
mv -f .deps/ctf-open-bfd.Tpo .deps/ctf-open-bfd.Plo
/bin/bash ./libtool  --tag=CC   --mode=link gcc -std=gnu99 -Wall -W -Wall -Wno-narrowing -Wwrite-strings -Wmissing-format-attribute -Wstrict-prototypes -Wmissing-prototypes -Wold-style-definition -pedantic -Wno-long-long  -I./../zlib -g -O2 -version-info 0:0:0  -Wl,--version-script='./libctf.ver'  -o libctf.la -rpath /usr/local/lib ctf-archive.lo ctf-dump.lo ctf-create.lo ctf-decl.lo ctf-error.lo ctf-hash.lo ctf-labels.lo ctf-link.lo ctf-lookup.lo ctf-open.lo ctf-string.lo ctf-subr.lo ctf-types.lo ctf-util.lo  ctf-open-bfd.lo -L./../zlib -lz -ldl 
libtool: link: ar rc .libs/libctf.a  ctf-archive.o ctf-dump.o ctf-create.o ctf-decl.o ctf-error.o ctf-hash.o ctf-labels.o ctf-link.o ctf-lookup.o ctf-open.o ctf-string.o ctf-subr.o ctf-types.o ctf-util.o ctf-open-bfd.o
libtool: link: ranlib .libs/libctf.a
libtool: link: ( cd ".libs" && rm -f "libctf.la" && ln -s "../libctf.la" "libctf.la" )
/bin/bash ./libtool  --tag=CC   --mode=link gcc -std=gnu99 -Wall -W -Wall -Wno-narrowing -Wwrite-strings -Wmissing-format-attribute -Wstrict-prototypes -Wmissing-prototypes -Wold-style-definition -pedantic -Wno-long-long  -I./../zlib -g -O2 -version-info 0:0:0  -Wl,--version-script='./libctf.ver'  -o libctf-nobfd.la -rpath /usr/local/lib ctf-archive.lo ctf-dump.lo ctf-create.lo ctf-decl.lo ctf-error.lo ctf-hash.lo ctf-labels.lo ctf-link.lo ctf-lookup.lo ctf-open.lo ctf-string.lo ctf-subr.lo ctf-types.lo ctf-util.lo  -L./../zlib -lz -ldl 
libtool: link: ar rc .libs/libctf-nobfd.a  ctf-archive.o ctf-dump.o ctf-create.o ctf-decl.o ctf-error.o ctf-hash.o ctf-labels.o ctf-link.o ctf-lookup.o ctf-open.o ctf-string.o ctf-subr.o ctf-types.o ctf-util.o
libtool: link: ranlib .libs/libctf-nobfd.a
libtool: link: ( cd ".libs" && rm -f "libctf-nobfd.la" && ln -s "../libctf-nobfd.la" "libctf-nobfd.la" )
make[3]: Leaving directory '/external/binutils-2.35.1/libctf'
make[2]: Leaving directory '/external/binutils-2.35.1/libctf'
make[2]: Entering directory '/external/binutils-2.35.1/binutils'
if [ -r sysinfo.c ]; then \
  gcc -c -I. -W -Wall -Wstrict-prototypes -Wmissing-prototypes -Wshadow -Wstack-usage=262144 -I./../zlib -g -O2  sysinfo.c ; \
else \
  gcc -c -I. -W -Wall -Wstrict-prototypes -Wmissing-prototypes -Wshadow -Wstack-usage=262144 -I./../zlib -g -O2  ./sysinfo.c ; \
fi
gcc -c -I. -I. -W -Wall -Wstrict-prototypes -Wmissing-prototypes -Wshadow -Wstack-usage=262144 -I./../zlib -g -O2  ./syslex_wrap.c
gcc -g -O2  -o sysinfo sysinfo.o syslex_wrap.o
./sysinfo -d <./sysroff.info >sysroff.h
Making info in doc
make[3]: Entering directory '/external/binutils-2.35.1/binutils/doc'
if test -f cxxfilt.man; then \
  man=cxxfilt.man; \
else \
  man=./cxxfilt.man; \
fi; \
sed -e 's/@PROGRAM@/c++filt/' \
    -e 's/cxxfilt/c++filt/' < $man \
	> c++filt.1
make[3]: Leaving directory '/external/binutils-2.35.1/binutils/doc'
Making info in po
make[3]: Entering directory '/external/binutils-2.35.1/binutils/po'
make[3]: Nothing to be done for 'info'.
make[3]: Leaving directory '/external/binutils-2.35.1/binutils/po'
make[3]: Entering directory '/external/binutils-2.35.1/binutils'
make[3]: Nothing to be done for 'info-am'.
make[3]: Leaving directory '/external/binutils-2.35.1/binutils'
make  all-recursive
make[3]: Entering directory '/external/binutils-2.35.1/binutils'
Making all in doc
make[4]: Entering directory '/external/binutils-2.35.1/binutils/doc'
make[4]: Nothing to be done for 'all'.
make[4]: Leaving directory '/external/binutils-2.35.1/binutils/doc'
Making all in po
make[4]: Entering directory '/external/binutils-2.35.1/binutils/po'
make[4]: Nothing to be done for 'all'.
make[4]: Leaving directory '/external/binutils-2.35.1/binutils/po'
make[4]: Entering directory '/external/binutils-2.35.1/binutils'
depbase=`echo size.o | sed 's|[^/]*$|.deps/&|;s|\.o$||'`;\
gcc -DHAVE_CONFIG_H -I.  -I. -I. -I../bfd -I./../bfd -I./../include -DLOCALEDIR="\"/usr/local/share/locale\"" -Dbin_dummy_emulation=bin_vanilla_emulation  -W -Wall -Wstrict-prototypes -Wmissing-prototypes -Wshadow -Wstack-usage=262144 -I./../zlib -g -O2 -MT size.o -MD -MP -MF $depbase.Tpo -c -o size.o size.c &&\
mv -f $depbase.Tpo $depbase.Po
depbase=`echo bucomm.o | sed 's|[^/]*$|.deps/&|;s|\.o$||'`;\
gcc -DHAVE_CONFIG_H -I.  -I. -I. -I../bfd -I./../bfd -I./../include -DLOCALEDIR="\"/usr/local/share/locale\"" -Dbin_dummy_emulation=bin_vanilla_emulation  -W -Wall -Wstrict-prototypes -Wmissing-prototypes -Wshadow -Wstack-usage=262144 -I./../zlib -g -O2 -MT bucomm.o -MD -MP -MF $depbase.Tpo -c -o bucomm.o bucomm.c &&\
mv -f $depbase.Tpo $depbase.Po
depbase=`echo version.o | sed 's|[^/]*$|.deps/&|;s|\.o$||'`;\
gcc -DHAVE_CONFIG_H -I.  -I. -I. -I../bfd -I./../bfd -I./../include -DLOCALEDIR="\"/usr/local/share/locale\"" -Dbin_dummy_emulation=bin_vanilla_emulation  -W -Wall -Wstrict-prototypes -Wmissing-prototypes -Wshadow -Wstack-usage=262144 -I./../zlib -g -O2 -MT version.o -MD -MP -MF $depbase.Tpo -c -o version.o version.c &&\
mv -f $depbase.Tpo $depbase.Po
depbase=`echo filemode.o | sed 's|[^/]*$|.deps/&|;s|\.o$||'`;\
gcc -DHAVE_CONFIG_H -I.  -I. -I. -I../bfd -I./../bfd -I./../include -DLOCALEDIR="\"/usr/local/share/locale\"" -Dbin_dummy_emulation=bin_vanilla_emulation  -W -Wall -Wstrict-prototypes -Wmissing-prototypes -Wshadow -Wstack-usage=262144 -I./../zlib -g -O2 -MT filemode.o -MD -MP -MF $depbase.Tpo -c -o filemode.o filemode.c &&\
mv -f $depbase.Tpo $depbase.Po
/bin/bash ./libtool  --tag=CC   --mode=link gcc -W -Wall -Wstrict-prototypes -Wmissing-prototypes -Wshadow -Wstack-usage=262144 -I./../zlib -g -O2   -o size size.o bucomm.o version.o filemode.o ../bfd/libbfd.la ../libiberty/libiberty.a  -ldl 
libtool: link: gcc -W -Wall -Wstrict-prototypes -Wmissing-prototypes -Wshadow -Wstack-usage=262144 -I./../zlib -g -O2 -o size size.o bucomm.o version.o filemode.o  ../bfd/.libs/libbfd.a -L/external/binutils-2.35.1/zlib -lz ../libiberty/libiberty.a -ldl
gcc -DHAVE_CONFIG_H -I.  -I. -I. -I../bfd -I./../bfd -I./../include -DLOCALEDIR="\"/usr/local/share/locale\"" -Dbin_dummy_emulation=bin_vanilla_emulation  -W -Wall -Wstrict-prototypes -Wmissing-prototypes -Wshadow -Wstack-usage=262144 -I./../zlib -g -O2 -MT objdump.o -MD -MP -MF .deps/objdump.Tpo -c -o objdump.o -DOBJDUMP_PRIVATE_VECTORS=" &objdump_private_desc_xcoff," ./objdump.c
mv -f .deps/objdump.Tpo .deps/objdump.Po
depbase=`echo dwarf.o | sed 's|[^/]*$|.deps/&|;s|\.o$||'`;\
gcc -DHAVE_CONFIG_H -I.  -I. -I. -I../bfd -I./../bfd -I./../include -DLOCALEDIR="\"/usr/local/share/locale\"" -Dbin_dummy_emulation=bin_vanilla_emulation  -W -Wall -Wstrict-prototypes -Wmissing-prototypes -Wshadow -Wstack-usage=262144 -I./../zlib -g -O2 -MT dwarf.o -MD -MP -MF $depbase.Tpo -c -o dwarf.o dwarf.c &&\
mv -f $depbase.Tpo $depbase.Po
depbase=`echo prdbg.o | sed 's|[^/]*$|.deps/&|;s|\.o$||'`;\
gcc -DHAVE_CONFIG_H -I.  -I. -I. -I../bfd -I./../bfd -I./../include -DLOCALEDIR="\"/usr/local/share/locale\"" -Dbin_dummy_emulation=bin_vanilla_emulation  -W -Wall -Wstrict-prototypes -Wmissing-prototypes -Wshadow -Wstack-usage=262144 -I./../zlib -g -O2 -MT prdbg.o -MD -MP -MF $depbase.Tpo -c -o prdbg.o prdbg.c &&\
mv -f $depbase.Tpo $depbase.Po
depbase=`echo rddbg.o | sed 's|[^/]*$|.deps/&|;s|\.o$||'`;\
gcc -DHAVE_CONFIG_H -I.  -I. -I. -I../bfd -I./../bfd -I./../include -DLOCALEDIR="\"/usr/local/share/locale\"" -Dbin_dummy_emulation=bin_vanilla_emulation  -W -Wall -Wstrict-prototypes -Wmissing-prototypes -Wshadow -Wstack-usage=262144 -I./../zlib -g -O2 -MT rddbg.o -MD -MP -MF $depbase.Tpo -c -o rddbg.o rddbg.c &&\
mv -f $depbase.Tpo $depbase.Po
depbase=`echo debug.o | sed 's|[^/]*$|.deps/&|;s|\.o$||'`;\
gcc -DHAVE_CONFIG_H -I.  -I. -I. -I../bfd -I./../bfd -I./../include -DLOCALEDIR="\"/usr/local/share/locale\"" -Dbin_dummy_emulation=bin_vanilla_emulation  -W -Wall -Wstrict-prototypes -Wmissing-prototypes -Wshadow -Wstack-usage=262144 -I./../zlib -g -O2 -MT debug.o -MD -MP -MF $depbase.Tpo -c -o debug.o debug.c &&\
mv -f $depbase.Tpo $depbase.Po
depbase=`echo stabs.o | sed 's|[^/]*$|.deps/&|;s|\.o$||'`;\
gcc -DHAVE_CONFIG_H -I.  -I. -I. -I../bfd -I./../bfd -I./../include -DLOCALEDIR="\"/usr/local/share/locale\"" -Dbin_dummy_emulation=bin_vanilla_emulation  -W -Wall -Wstrict-prototypes -Wmissing-prototypes -Wshadow -Wstack-usage=262144 -I./../zlib -g -O2 -MT stabs.o -MD -MP -MF $depbase.Tpo -c -o stabs.o stabs.c &&\
mv -f $depbase.Tpo $depbase.Po
depbase=`echo rdcoff.o | sed 's|[^/]*$|.deps/&|;s|\.o$||'`;\
gcc -DHAVE_CONFIG_H -I.  -I. -I. -I../bfd -I./../bfd -I./../include -DLOCALEDIR="\"/usr/local/share/locale\"" -Dbin_dummy_emulation=bin_vanilla_emulation  -W -Wall -Wstrict-prototypes -Wmissing-prototypes -Wshadow -Wstack-usage=262144 -I./../zlib -g -O2 -MT rdcoff.o -MD -MP -MF $depbase.Tpo -c -o rdcoff.o rdcoff.c &&\
mv -f $depbase.Tpo $depbase.Po
depbase=`echo elfcomm.o | sed 's|[^/]*$|.deps/&|;s|\.o$||'`;\
gcc -DHAVE_CONFIG_H -I.  -I. -I. -I../bfd -I./../bfd -I./../include -DLOCALEDIR="\"/usr/local/share/locale\"" -Dbin_dummy_emulation=bin_vanilla_emulation  -W -Wall -Wstrict-prototypes -Wmissing-prototypes -Wshadow -Wstack-usage=262144 -I./../zlib -g -O2 -MT elfcomm.o -MD -MP -MF $depbase.Tpo -c -o elfcomm.o elfcomm.c &&\
mv -f $depbase.Tpo $depbase.Po
depbase=`echo od-xcoff.o | sed 's|[^/]*$|.deps/&|;s|\.o$||'`;\
gcc -DHAVE_CONFIG_H -I.  -I. -I. -I../bfd -I./../bfd -I./../include -DLOCALEDIR="\"/usr/local/share/locale\"" -Dbin_dummy_emulation=bin_vanilla_emulation  -W -Wall -Wstrict-prototypes -Wmissing-prototypes -Wshadow -Wstack-usage=262144 -I./../zlib -g -O2 -MT od-xcoff.o -MD -MP -MF $depbase.Tpo -c -o od-xcoff.o od-xcoff.c &&\
mv -f $depbase.Tpo $depbase.Po
/bin/bash ./libtool  --tag=CC   --mode=link gcc -W -Wall -Wstrict-prototypes -Wmissing-prototypes -Wshadow -Wstack-usage=262144 -I./../zlib -g -O2   -o objdump objdump.o dwarf.o prdbg.o rddbg.o debug.o stabs.o rdcoff.o bucomm.o version.o filemode.o elfcomm.o od-xcoff.o ../opcodes/libopcodes.la ../libctf/libctf.la ../bfd/libbfd.la ../libiberty/libiberty.a   -ldl 
libtool: link: gcc -W -Wall -Wstrict-prototypes -Wmissing-prototypes -Wshadow -Wstack-usage=262144 -I./../zlib -g -O2 -o objdump objdump.o dwarf.o prdbg.o rddbg.o debug.o stabs.o rdcoff.o bucomm.o version.o filemode.o elfcomm.o od-xcoff.o  ../opcodes/.libs/libopcodes.a ../libctf/.libs/libctf.a -L/external/binutils-2.35.1/zlib ../bfd/.libs/libbfd.a -lz ../libiberty/libiberty.a -ldl
gcc -DHAVE_CONFIG_H -I.  -I. -I. -I../bfd -I./../bfd -I./../include -DLOCALEDIR="\"/usr/local/share/locale\"" -Dbin_dummy_emulation=bin_vanilla_emulation  -W -Wall -Wstrict-prototypes -Wmissing-prototypes -Wshadow -Wstack-usage=262144 -I./../zlib -g -O2 -MT arparse.o -MD -MP -MF .deps/arparse.Tpo -c -o arparse.o `test -f arparse.c || echo ./`arparse.c 
mv -f .deps/arparse.Tpo .deps/arparse.Po
gcc -DHAVE_CONFIG_H -I.  -I. -I. -I../bfd -I./../bfd -I./../include -DLOCALEDIR="\"/usr/local/share/locale\"" -Dbin_dummy_emulation=bin_vanilla_emulation  -W -Wall -Wstrict-prototypes -Wmissing-prototypes -Wshadow -Wstack-usage=262144 -I./../zlib -g -O2 -MT arlex.o -MD -MP -MF .deps/arlex.Tpo -c -o arlex.o `test -f arlex.c || echo ./`arlex.c 
mv -f .deps/arlex.Tpo .deps/arlex.Po
depbase=`echo ar.o | sed 's|[^/]*$|.deps/&|;s|\.o$||'`;\
gcc -DHAVE_CONFIG_H -I.  -I. -I. -I../bfd -I./../bfd -I./../include -DLOCALEDIR="\"/usr/local/share/locale\"" -Dbin_dummy_emulation=bin_vanilla_emulation  -W -Wall -Wstrict-prototypes -Wmissing-prototypes -Wshadow -Wstack-usage=262144 -I./../zlib -g -O2 -MT ar.o -MD -MP -MF $depbase.Tpo -c -o ar.o ar.c &&\
mv -f $depbase.Tpo $depbase.Po
depbase=`echo not-ranlib.o | sed 's|[^/]*$|.deps/&|;s|\.o$||'`;\
gcc -DHAVE_CONFIG_H -I.  -I. -I. -I../bfd -I./../bfd -I./../include -DLOCALEDIR="\"/usr/local/share/locale\"" -Dbin_dummy_emulation=bin_vanilla_emulation  -W -Wall -Wstrict-prototypes -Wmissing-prototypes -Wshadow -Wstack-usage=262144 -I./../zlib -g -O2 -MT not-ranlib.o -MD -MP -MF $depbase.Tpo -c -o not-ranlib.o not-ranlib.c &&\
mv -f $depbase.Tpo $depbase.Po
depbase=`echo arsup.o | sed 's|[^/]*$|.deps/&|;s|\.o$||'`;\
gcc -DHAVE_CONFIG_H -I.  -I. -I. -I../bfd -I./../bfd -I./../include -DLOCALEDIR="\"/usr/local/share/locale\"" -Dbin_dummy_emulation=bin_vanilla_emulation  -W -Wall -Wstrict-prototypes -Wmissing-prototypes -Wshadow -Wstack-usage=262144 -I./../zlib -g -O2 -MT arsup.o -MD -MP -MF $depbase.Tpo -c -o arsup.o arsup.c &&\
mv -f $depbase.Tpo $depbase.Po
depbase=`echo rename.o | sed 's|[^/]*$|.deps/&|;s|\.o$||'`;\
gcc -DHAVE_CONFIG_H -I.  -I. -I. -I../bfd -I./../bfd -I./../include -DLOCALEDIR="\"/usr/local/share/locale\"" -Dbin_dummy_emulation=bin_vanilla_emulation  -W -Wall -Wstrict-prototypes -Wmissing-prototypes -Wshadow -Wstack-usage=262144 -I./../zlib -g -O2 -MT rename.o -MD -MP -MF $depbase.Tpo -c -o rename.o rename.c &&\
mv -f $depbase.Tpo $depbase.Po
depbase=`echo binemul.o | sed 's|[^/]*$|.deps/&|;s|\.o$||'`;\
gcc -DHAVE_CONFIG_H -I.  -I. -I. -I../bfd -I./../bfd -I./../include -DLOCALEDIR="\"/usr/local/share/locale\"" -Dbin_dummy_emulation=bin_vanilla_emulation  -W -Wall -Wstrict-prototypes -Wmissing-prototypes -Wshadow -Wstack-usage=262144 -I./../zlib -g -O2 -MT binemul.o -MD -MP -MF $depbase.Tpo -c -o binemul.o binemul.c &&\
mv -f $depbase.Tpo $depbase.Po
depbase=`echo emul_vanilla.o | sed 's|[^/]*$|.deps/&|;s|\.o$||'`;\
gcc -DHAVE_CONFIG_H -I.  -I. -I. -I../bfd -I./../bfd -I./../include -DLOCALEDIR="\"/usr/local/share/locale\"" -Dbin_dummy_emulation=bin_vanilla_emulation  -W -Wall -Wstrict-prototypes -Wmissing-prototypes -Wshadow -Wstack-usage=262144 -I./../zlib -g -O2 -MT emul_vanilla.o -MD -MP -MF $depbase.Tpo -c -o emul_vanilla.o emul_vanilla.c &&\
mv -f $depbase.Tpo $depbase.Po
/bin/bash ./libtool  --tag=CC   --mode=link gcc -W -Wall -Wstrict-prototypes -Wmissing-prototypes -Wshadow -Wstack-usage=262144 -I./../zlib -g -O2   -o ar arparse.o arlex.o ar.o not-ranlib.o arsup.o rename.o binemul.o emul_vanilla.o bucomm.o version.o filemode.o ../bfd/libbfd.la ../libiberty/libiberty.a   -ldl 
libtool: link: gcc -W -Wall -Wstrict-prototypes -Wmissing-prototypes -Wshadow -Wstack-usage=262144 -I./../zlib -g -O2 -o ar arparse.o arlex.o ar.o not-ranlib.o arsup.o rename.o binemul.o emul_vanilla.o bucomm.o version.o filemode.o  ../bfd/.libs/libbfd.a -L/external/binutils-2.35.1/zlib -lz ../libiberty/libiberty.a -ldl
depbase=`echo strings.o | sed 's|[^/]*$|.deps/&|;s|\.o$||'`;\
gcc -DHAVE_CONFIG_H -I.  -I. -I. -I../bfd -I./../bfd -I./../include -DLOCALEDIR="\"/usr/local/share/locale\"" -Dbin_dummy_emulation=bin_vanilla_emulation  -W -Wall -Wstrict-prototypes -Wmissing-prototypes -Wshadow -Wstack-usage=262144 -I./../zlib -g -O2 -MT strings.o -MD -MP -MF $depbase.Tpo -c -o strings.o strings.c &&\
mv -f $depbase.Tpo $depbase.Po
/bin/bash ./libtool  --tag=CC   --mode=link gcc -W -Wall -Wstrict-prototypes -Wmissing-prototypes -Wshadow -Wstack-usage=262144 -I./../zlib -g -O2   -o strings strings.o bucomm.o version.o filemode.o ../bfd/libbfd.la ../libiberty/libiberty.a  -ldl 
libtool: link: gcc -W -Wall -Wstrict-prototypes -Wmissing-prototypes -Wshadow -Wstack-usage=262144 -I./../zlib -g -O2 -o strings strings.o bucomm.o version.o filemode.o  ../bfd/.libs/libbfd.a -L/external/binutils-2.35.1/zlib -lz ../libiberty/libiberty.a -ldl
depbase=`echo is-ranlib.o | sed 's|[^/]*$|.deps/&|;s|\.o$||'`;\
gcc -DHAVE_CONFIG_H -I.  -I. -I. -I../bfd -I./../bfd -I./../include -DLOCALEDIR="\"/usr/local/share/locale\"" -Dbin_dummy_emulation=bin_vanilla_emulation  -W -Wall -Wstrict-prototypes -Wmissing-prototypes -Wshadow -Wstack-usage=262144 -I./../zlib -g -O2 -MT is-ranlib.o -MD -MP -MF $depbase.Tpo -c -o is-ranlib.o is-ranlib.c &&\
mv -f $depbase.Tpo $depbase.Po
/bin/bash ./libtool  --tag=CC   --mode=link gcc -W -Wall -Wstrict-prototypes -Wmissing-prototypes -Wshadow -Wstack-usage=262144 -I./../zlib -g -O2   -o ranlib ar.o is-ranlib.o arparse.o arlex.o arsup.o rename.o binemul.o emul_vanilla.o bucomm.o version.o filemode.o ../bfd/libbfd.la ../libiberty/libiberty.a   -ldl 
libtool: link: gcc -W -Wall -Wstrict-prototypes -Wmissing-prototypes -Wshadow -Wstack-usage=262144 -I./../zlib -g -O2 -o ranlib ar.o is-ranlib.o arparse.o arlex.o arsup.o rename.o binemul.o emul_vanilla.o bucomm.o version.o filemode.o  ../bfd/.libs/libbfd.a -L/external/binutils-2.35.1/zlib -lz ../libiberty/libiberty.a -ldl
depbase=`echo objcopy.o | sed 's|[^/]*$|.deps/&|;s|\.o$||'`;\
gcc -DHAVE_CONFIG_H -I.  -I. -I. -I../bfd -I./../bfd -I./../include -DLOCALEDIR="\"/usr/local/share/locale\"" -Dbin_dummy_emulation=bin_vanilla_emulation  -W -Wall -Wstrict-prototypes -Wmissing-prototypes -Wshadow -Wstack-usage=262144 -I./../zlib -g -O2 -MT objcopy.o -MD -MP -MF $depbase.Tpo -c -o objcopy.o objcopy.c &&\
mv -f $depbase.Tpo $depbase.Po
depbase=`echo not-strip.o | sed 's|[^/]*$|.deps/&|;s|\.o$||'`;\
gcc -DHAVE_CONFIG_H -I.  -I. -I. -I../bfd -I./../bfd -I./../include -DLOCALEDIR="\"/usr/local/share/locale\"" -Dbin_dummy_emulation=bin_vanilla_emulation  -W -Wall -Wstrict-prototypes -Wmissing-prototypes -Wshadow -Wstack-usage=262144 -I./../zlib -g -O2 -MT not-strip.o -MD -MP -MF $depbase.Tpo -c -o not-strip.o not-strip.c &&\
mv -f $depbase.Tpo $depbase.Po
depbase=`echo wrstabs.o | sed 's|[^/]*$|.deps/&|;s|\.o$||'`;\
gcc -DHAVE_CONFIG_H -I.  -I. -I. -I../bfd -I./../bfd -I./../include -DLOCALEDIR="\"/usr/local/share/locale\"" -Dbin_dummy_emulation=bin_vanilla_emulation  -W -Wall -Wstrict-prototypes -Wmissing-prototypes -Wshadow -Wstack-usage=262144 -I./../zlib -g -O2 -MT wrstabs.o -MD -MP -MF $depbase.Tpo -c -o wrstabs.o wrstabs.c &&\
mv -f $depbase.Tpo $depbase.Po
/bin/bash ./libtool  --tag=CC   --mode=link gcc -W -Wall -Wstrict-prototypes -Wmissing-prototypes -Wshadow -Wstack-usage=262144 -I./../zlib -g -O2   -o objcopy objcopy.o not-strip.o rename.o rddbg.o debug.o stabs.o rdcoff.o wrstabs.o bucomm.o version.o filemode.o ../bfd/libbfd.la ../libiberty/libiberty.a  -ldl 
libtool: link: gcc -W -Wall -Wstrict-prototypes -Wmissing-prototypes -Wshadow -Wstack-usage=262144 -I./../zlib -g -O2 -o objcopy objcopy.o not-strip.o rename.o rddbg.o debug.o stabs.o rdcoff.o wrstabs.o bucomm.o version.o filemode.o  ../bfd/.libs/libbfd.a -L/external/binutils-2.35.1/zlib -lz ../libiberty/libiberty.a -ldl
./sysinfo -c <./sysroff.info >sysroff.c
./sysinfo -i <./sysroff.info >>sysroff.c
./sysinfo -g <./sysroff.info >>sysroff.c
depbase=`echo srconv.o | sed 's|[^/]*$|.deps/&|;s|\.o$||'`;\
gcc -DHAVE_CONFIG_H -I.  -I. -I. -I../bfd -I./../bfd -I./../include -DLOCALEDIR="\"/usr/local/share/locale\"" -Dbin_dummy_emulation=bin_vanilla_emulation  -W -Wall -Wstrict-prototypes -Wmissing-prototypes -Wshadow -Wstack-usage=262144 -I./../zlib -g -O2 -MT srconv.o -MD -MP -MF $depbase.Tpo -c -o srconv.o srconv.c &&\
mv -f $depbase.Tpo $depbase.Po
depbase=`echo coffgrok.o | sed 's|[^/]*$|.deps/&|;s|\.o$||'`;\
gcc -DHAVE_CONFIG_H -I.  -I. -I. -I../bfd -I./../bfd -I./../include -DLOCALEDIR="\"/usr/local/share/locale\"" -Dbin_dummy_emulation=bin_vanilla_emulation  -W -Wall -Wstrict-prototypes -Wmissing-prototypes -Wshadow -Wstack-usage=262144 -I./../zlib -g -O2 -MT coffgrok.o -MD -MP -MF $depbase.Tpo -c -o coffgrok.o coffgrok.c &&\
mv -f $depbase.Tpo $depbase.Po
/bin/bash ./libtool  --tag=CC   --mode=link gcc -W -Wall -Wstrict-prototypes -Wmissing-prototypes -Wshadow -Wstack-usage=262144 -I./../zlib -g -O2   -o srconv srconv.o coffgrok.o bucomm.o version.o filemode.o ../bfd/libbfd.la ../libiberty/libiberty.a  -ldl 
libtool: link: gcc -W -Wall -Wstrict-prototypes -Wmissing-prototypes -Wshadow -Wstack-usage=262144 -I./../zlib -g -O2 -o srconv srconv.o coffgrok.o bucomm.o version.o filemode.o  ../bfd/.libs/libbfd.a -L/external/binutils-2.35.1/zlib -lz ../libiberty/libiberty.a -ldl
depbase=`echo sysdump.o | sed 's|[^/]*$|.deps/&|;s|\.o$||'`;\
gcc -DHAVE_CONFIG_H -I.  -I. -I. -I../bfd -I./../bfd -I./../include -DLOCALEDIR="\"/usr/local/share/locale\"" -Dbin_dummy_emulation=bin_vanilla_emulation  -W -Wall -Wstrict-prototypes -Wmissing-prototypes -Wshadow -Wstack-usage=262144 -I./../zlib -g -O2 -MT sysdump.o -MD -MP -MF $depbase.Tpo -c -o sysdump.o sysdump.c &&\
mv -f $depbase.Tpo $depbase.Po
/bin/bash ./libtool  --tag=CC   --mode=link gcc -W -Wall -Wstrict-prototypes -Wmissing-prototypes -Wshadow -Wstack-usage=262144 -I./../zlib -g -O2   -o sysdump sysdump.o bucomm.o version.o filemode.o ../bfd/libbfd.la ../libiberty/libiberty.a  -ldl 
libtool: link: gcc -W -Wall -Wstrict-prototypes -Wmissing-prototypes -Wshadow -Wstack-usage=262144 -I./../zlib -g -O2 -o sysdump sysdump.o bucomm.o version.o filemode.o  ../bfd/.libs/libbfd.a -L/external/binutils-2.35.1/zlib -lz ../libiberty/libiberty.a -ldl
depbase=`echo coffdump.o | sed 's|[^/]*$|.deps/&|;s|\.o$||'`;\
gcc -DHAVE_CONFIG_H -I.  -I. -I. -I../bfd -I./../bfd -I./../include -DLOCALEDIR="\"/usr/local/share/locale\"" -Dbin_dummy_emulation=bin_vanilla_emulation  -W -Wall -Wstrict-prototypes -Wmissing-prototypes -Wshadow -Wstack-usage=262144 -I./../zlib -g -O2 -MT coffdump.o -MD -MP -MF $depbase.Tpo -c -o coffdump.o coffdump.c &&\
mv -f $depbase.Tpo $depbase.Po
/bin/bash ./libtool  --tag=CC   --mode=link gcc -W -Wall -Wstrict-prototypes -Wmissing-prototypes -Wshadow -Wstack-usage=262144 -I./../zlib -g -O2   -o coffdump coffdump.o coffgrok.o bucomm.o version.o filemode.o ../bfd/libbfd.la ../libiberty/libiberty.a  -ldl 
libtool: link: gcc -W -Wall -Wstrict-prototypes -Wmissing-prototypes -Wshadow -Wstack-usage=262144 -I./../zlib -g -O2 -o coffdump coffdump.o coffgrok.o bucomm.o version.o filemode.o  ../bfd/.libs/libbfd.a -L/external/binutils-2.35.1/zlib -lz ../libiberty/libiberty.a -ldl
gcc -DHAVE_CONFIG_H -I.  -I. -I. -I../bfd -I./../bfd -I./../include -DLOCALEDIR="\"/usr/local/share/locale\"" -Dbin_dummy_emulation=bin_vanilla_emulation  -W -Wall -Wstrict-prototypes -Wmissing-prototypes -Wshadow -Wstack-usage=262144 -I./../zlib -g -O2 -MT dlltool.o -MD -MP -MF .deps/dlltool.Tpo -c -o dlltool.o  -DDLLTOOL_I386 -DDLLTOOL_DEFAULT_I386 ./dlltool.c
mv -f .deps/dlltool.Tpo .deps/dlltool.Po
gcc -DHAVE_CONFIG_H -I.  -I. -I. -I../bfd -I./../bfd -I./../include -DLOCALEDIR="\"/usr/local/share/locale\"" -Dbin_dummy_emulation=bin_vanilla_emulation  -W -Wall -Wstrict-prototypes -Wmissing-prototypes -Wshadow -Wstack-usage=262144 -I./../zlib -g -O2 -MT defparse.o -MD -MP -MF .deps/defparse.Tpo -c -o defparse.o `test -f defparse.c || echo ./`defparse.c 
mv -f .deps/defparse.Tpo .deps/defparse.Po
gcc -DHAVE_CONFIG_H -I.  -I. -I. -I../bfd -I./../bfd -I./../include -DLOCALEDIR="\"/usr/local/share/locale\"" -Dbin_dummy_emulation=bin_vanilla_emulation  -W -Wall -Wstrict-prototypes -Wmissing-prototypes -Wshadow -Wstack-usage=262144 -I./../zlib -g -O2 -MT deflex.o -MD -MP -MF .deps/deflex.Tpo -c -o deflex.o `test -f deflex.c || echo ./`deflex.c 
mv -f .deps/deflex.Tpo .deps/deflex.Po
/bin/bash ./libtool  --tag=CC   --mode=link gcc -W -Wall -Wstrict-prototypes -Wmissing-prototypes -Wshadow -Wstack-usage=262144 -I./../zlib -g -O2   -o dlltool dlltool.o defparse.o deflex.o bucomm.o version.o filemode.o ../bfd/libbfd.la ../libiberty/libiberty.a   -ldl 
libtool: link: gcc -W -Wall -Wstrict-prototypes -Wmissing-prototypes -Wshadow -Wstack-usage=262144 -I./../zlib -g -O2 -o dlltool dlltool.o defparse.o deflex.o bucomm.o version.o filemode.o  ../bfd/.libs/libbfd.a -L/external/binutils-2.35.1/zlib -lz ../libiberty/libiberty.a -ldl
[91m/usr/bin/ld: ../libiberty/libiberty.a(choose-temp.o): in function `choose_temp_base':
/external/binutils-2.35.1/libiberty/./choose-temp.c:71: warning: the use of `mktemp' is dangerous, better use `mkstemp' or `mkdtemp'
[0mdepbase=`echo windres.o | sed 's|[^/]*$|.deps/&|;s|\.o$||'`;\
gcc -DHAVE_CONFIG_H -I.  -I. -I. -I../bfd -I./../bfd -I./../include -DLOCALEDIR="\"/usr/local/share/locale\"" -Dbin_dummy_emulation=bin_vanilla_emulation  -W -Wall -Wstrict-prototypes -Wmissing-prototypes -Wshadow -Wstack-usage=262144 -I./../zlib -g -O2 -MT windres.o -MD -MP -MF $depbase.Tpo -c -o windres.o windres.c &&\
mv -f $depbase.Tpo $depbase.Po
depbase=`echo resrc.o | sed 's|[^/]*$|.deps/&|;s|\.o$||'`;\
gcc -DHAVE_CONFIG_H -I.  -I. -I. -I../bfd -I./../bfd -I./../include -DLOCALEDIR="\"/usr/local/share/locale\"" -Dbin_dummy_emulation=bin_vanilla_emulation  -W -Wall -Wstrict-prototypes -Wmissing-prototypes -Wshadow -Wstack-usage=262144 -I./../zlib -g -O2 -MT resrc.o -MD -MP -MF $depbase.Tpo -c -o resrc.o resrc.c &&\
mv -f $depbase.Tpo $depbase.Po
gcc -DHAVE_CONFIG_H -I.  -I. -I. -I../bfd -I./../bfd -I./../include -DLOCALEDIR="\"/usr/local/share/locale\"" -Dbin_dummy_emulation=bin_vanilla_emulation  -W -Wall -Wstrict-prototypes -Wmissing-prototypes -Wshadow -Wstack-usage=262144 -I./../zlib -g -O2 -MT rescoff.o -MD -MP -MF .deps/rescoff.Tpo -c -o rescoff.o  -DDLLTOOL_I386 -DDLLTOOL_DEFAULT_I386 ./rescoff.c
mv -f .deps/rescoff.Tpo .deps/rescoff.Po
depbase=`echo resbin.o | sed 's|[^/]*$|.deps/&|;s|\.o$||'`;\
gcc -DHAVE_CONFIG_H -I.  -I. -I. -I../bfd -I./../bfd -I./../include -DLOCALEDIR="\"/usr/local/share/locale\"" -Dbin_dummy_emulation=bin_vanilla_emulation  -W -Wall -Wstrict-prototypes -Wmissing-prototypes -Wshadow -Wstack-usage=262144 -I./../zlib -g -O2 -MT resbin.o -MD -MP -MF $depbase.Tpo -c -o resbin.o resbin.c &&\
mv -f $depbase.Tpo $depbase.Po
gcc -DHAVE_CONFIG_H -I.  -I. -I. -I../bfd -I./../bfd -I./../include -DLOCALEDIR="\"/usr/local/share/locale\"" -Dbin_dummy_emulation=bin_vanilla_emulation  -W -Wall -Wstrict-prototypes -Wmissing-prototypes -Wshadow -Wstack-usage=262144 -I./../zlib -g -O2 -MT rcparse.o -MD -MP -MF .deps/rcparse.Tpo -c -o rcparse.o `test -f rcparse.c || echo ./`rcparse.c 
mv -f .deps/rcparse.Tpo .deps/rcparse.Po
gcc -DHAVE_CONFIG_H -I.  -I. -I. -I../bfd -I./../bfd -I./../include -DLOCALEDIR="\"/usr/local/share/locale\"" -Dbin_dummy_emulation=bin_vanilla_emulation  -W -Wall -Wstrict-prototypes -Wmissing-prototypes -Wshadow -Wstack-usage=262144 -I./../zlib -g -O2 -MT rclex.o -MD -MP -MF .deps/rclex.Tpo -c -o rclex.o ./rclex.c 
mv -f .deps/rclex.Tpo .deps/rclex.Po
depbase=`echo winduni.o | sed 's|[^/]*$|.deps/&|;s|\.o$||'`;\
gcc -DHAVE_CONFIG_H -I.  -I. -I. -I../bfd -I./../bfd -I./../include -DLOCALEDIR="\"/usr/local/share/locale\"" -Dbin_dummy_emulation=bin_vanilla_emulation  -W -Wall -Wstrict-prototypes -Wmissing-prototypes -Wshadow -Wstack-usage=262144 -I./../zlib -g -O2 -MT winduni.o -MD -MP -MF $depbase.Tpo -c -o winduni.o winduni.c &&\
mv -f $depbase.Tpo $depbase.Po
depbase=`echo resres.o | sed 's|[^/]*$|.deps/&|;s|\.o$||'`;\
gcc -DHAVE_CONFIG_H -I.  -I. -I. -I../bfd -I./../bfd -I./../include -DLOCALEDIR="\"/usr/local/share/locale\"" -Dbin_dummy_emulation=bin_vanilla_emulation  -W -Wall -Wstrict-prototypes -Wmissing-prototypes -Wshadow -Wstack-usage=262144 -I./../zlib -g -O2 -MT resres.o -MD -MP -MF $depbase.Tpo -c -o resres.o resres.c &&\
mv -f $depbase.Tpo $depbase.Po
/bin/bash ./libtool  --tag=CC   --mode=link gcc -W -Wall -Wstrict-prototypes -Wmissing-prototypes -Wshadow -Wstack-usage=262144 -I./../zlib -g -O2   -o windres windres.o resrc.o rescoff.o resbin.o rcparse.o rclex.o winduni.o resres.o bucomm.o version.o filemode.o ../bfd/libbfd.la ../libiberty/libiberty.a    -ldl 
libtool: link: gcc -W -Wall -Wstrict-prototypes -Wmissing-prototypes -Wshadow -Wstack-usage=262144 -I./../zlib -g -O2 -o windres windres.o resrc.o rescoff.o resbin.o rcparse.o rclex.o winduni.o resres.o bucomm.o version.o filemode.o  ../bfd/.libs/libbfd.a -L/external/binutils-2.35.1/zlib -lz ../libiberty/libiberty.a -ldl
[91m/usr/bin/ld: ../libiberty/libiberty.a(choose-temp.o): in function `choose_temp_base':
/external/binutils-2.35.1/libiberty/./choose-temp.c:71[0m[91m: warning: the use of `mktemp' is dangerous, better use `mkstemp' or `mkdtemp'
[0mdepbase=`echo windmc.o | sed 's|[^/]*$|.deps/&|;s|\.o$||'`;\
gcc -DHAVE_CONFIG_H -I.  -I. -I. -I../bfd -I./../bfd -I./../include -DLOCALEDIR="\"/usr/local/share/locale\"" -Dbin_dummy_emulation=bin_vanilla_emulation  -W -Wall -Wstrict-prototypes -Wmissing-prototypes -Wshadow -Wstack-usage=262144 -I./../zlib -g -O2 -MT windmc.o -MD -MP -MF $depbase.Tpo -c -o windmc.o windmc.c &&\
mv -f $depbase.Tpo $depbase.Po
gcc -DHAVE_CONFIG_H -I.  -I. -I. -I../bfd -I./../bfd -I./../include -DLOCALEDIR="\"/usr/local/share/locale\"" -Dbin_dummy_emulation=bin_vanilla_emulation  -W -Wall -Wstrict-prototypes -Wmissing-prototypes -Wshadow -Wstack-usage=262144 -I./../zlib -g -O2 -MT mcparse.o -MD -MP -MF .deps/mcparse.Tpo -c -o mcparse.o `test -f mcparse.c || echo ./`mcparse.c 
mv -f .deps/mcparse.Tpo .deps/mcparse.Po
gcc -DHAVE_CONFIG_H -I.  -I. -I. -I../bfd -I./../bfd -I./../include -DLOCALEDIR="\"/usr/local/share/locale\"" -Dbin_dummy_emulation=bin_vanilla_emulation  -W -Wall -Wstrict-prototypes -Wmissing-prototypes -Wshadow -Wstack-usage=262144 -I./../zlib -g -O2 -MT mclex.o -MD -MP -MF .deps/mclex.Tpo -c -o mclex.o ./mclex.c 
mv -f .deps/mclex.Tpo .deps/mclex.Po
/bin/bash ./libtool  --tag=CC   --mode=link gcc -W -Wall -Wstrict-prototypes -Wmissing-prototypes -Wshadow -Wstack-usage=262144 -I./../zlib -g -O2   -o windmc windmc.o mcparse.o mclex.o winduni.o bucomm.o version.o filemode.o ../bfd/libbfd.la ../libiberty/libiberty.a    -ldl 
libtool: link: gcc -W -Wall -Wstrict-prototypes -Wmissing-prototypes -Wshadow -Wstack-usage=262144 -I./../zlib -g -O2 -o windmc windmc.o mcparse.o mclex.o winduni.o bucomm.o version.o filemode.o  ../bfd/.libs/libbfd.a -L/external/binutils-2.35.1/zlib -lz ../libiberty/libiberty.a -ldl
depbase=`echo addr2line.o | sed 's|[^/]*$|.deps/&|;s|\.o$||'`;\
gcc -DHAVE_CONFIG_H -I.  -I. -I. -I../bfd -I./../bfd -I./../include -DLOCALEDIR="\"/usr/local/share/locale\"" -Dbin_dummy_emulation=bin_vanilla_emulation  -W -Wall -Wstrict-prototypes -Wmissing-prototypes -Wshadow -Wstack-usage=262144 -I./../zlib -g -O2 -MT addr2line.o -MD -MP -MF $depbase.Tpo -c -o addr2line.o addr2line.c &&\
mv -f $depbase.Tpo $depbase.Po
/bin/bash ./libtool  --tag=CC   --mode=link gcc -W -Wall -Wstrict-prototypes -Wmissing-prototypes -Wshadow -Wstack-usage=262144 -I./../zlib -g -O2   -o addr2line addr2line.o bucomm.o version.o filemode.o ../bfd/libbfd.la ../libiberty/libiberty.a  -ldl 
libtool: link: gcc -W -Wall -Wstrict-prototypes -Wmissing-prototypes -Wshadow -Wstack-usage=262144 -I./../zlib -g -O2 -o addr2line addr2line.o bucomm.o version.o filemode.o  ../bfd/.libs/libbfd.a -L/external/binutils-2.35.1/zlib -lz ../libiberty/libiberty.a -ldl
depbase=`echo readelf.o | sed 's|[^/]*$|.deps/&|;s|\.o$||'`;\
gcc -DHAVE_CONFIG_H -I.  -I. -I. -I../bfd -I./../bfd -I./../include -DLOCALEDIR="\"/usr/local/share/locale\"" -Dbin_dummy_emulation=bin_vanilla_emulation  -W -Wall -Wstrict-prototypes -Wmissing-prototypes -Wshadow -Wstack-usage=262144 -I./../zlib -g -O2 -MT readelf.o -MD -MP -MF $depbase.Tpo -c -o readelf.o readelf.c &&\
mv -f $depbase.Tpo $depbase.Po
depbase=`echo unwind-ia64.o | sed 's|[^/]*$|.deps/&|;s|\.o$||'`;\
gcc -DHAVE_CONFIG_H -I.  -I. -I. -I../bfd -I./../bfd -I./../include -DLOCALEDIR="\"/usr/local/share/locale\"" -Dbin_dummy_emulation=bin_vanilla_emulation  -W -Wall -Wstrict-prototypes -Wmissing-prototypes -Wshadow -Wstack-usage=262144 -I./../zlib -g -O2 -MT unwind-ia64.o -MD -MP -MF $depbase.Tpo -c -o unwind-ia64.o unwind-ia64.c &&\
mv -f $depbase.Tpo $depbase.Po
/bin/bash ./libtool  --tag=CC   --mode=link gcc -W -Wall -Wstrict-prototypes -Wmissing-prototypes -Wshadow -Wstack-usage=262144 -I./../zlib -g -O2   -o readelf readelf.o version.o unwind-ia64.o dwarf.o elfcomm.o  ../libctf/libctf-nobfd.la ../libiberty/libiberty.a -L./../zlib -lz  -ldl 
libtool: link: gcc -W -Wall -Wstrict-prototypes -Wmissing-prototypes -Wshadow -Wstack-usage=262144 -I./../zlib -g -O2 -o readelf readelf.o version.o unwind-ia64.o dwarf.o elfcomm.o  ../libctf/.libs/libctf-nobfd.a -L/external/binutils-2.35.1/zlib ../libiberty/libiberty.a -lz -ldl
depbase=`echo elfedit.o | sed 's|[^/]*$|.deps/&|;s|\.o$||'`;\
gcc -DHAVE_CONFIG_H -I.  -I. -I. -I../bfd -I./../bfd -I./../include -DLOCALEDIR="\"/usr/local/share/locale\"" -Dbin_dummy_emulation=bin_vanilla_emulation  -W -Wall -Wstrict-prototypes -Wmissing-prototypes -Wshadow -Wstack-usage=262144 -I./../zlib -g -O2 -MT elfedit.o -MD -MP -MF $depbase.Tpo -c -o elfedit.o elfedit.c &&\
mv -f $depbase.Tpo $depbase.Po
/bin/bash ./libtool  --tag=CC   --mode=link gcc -W -Wall -Wstrict-prototypes -Wmissing-prototypes -Wshadow -Wstack-usage=262144 -I./../zlib -g -O2   -o elfedit elfedit.o version.o elfcomm.o  ../libiberty/libiberty.a -ldl 
libtool: link: gcc -W -Wall -Wstrict-prototypes -Wmissing-prototypes -Wshadow -Wstack-usage=262144 -I./../zlib -g -O2 -o elfedit elfedit.o version.o elfcomm.o  ../libiberty/libiberty.a -ldl
depbase=`echo dllwrap.o | sed 's|[^/]*$|.deps/&|;s|\.o$||'`;\
gcc -DHAVE_CONFIG_H -I.  -I. -I. -I../bfd -I./../bfd -I./../include -DLOCALEDIR="\"/usr/local/share/locale\"" -Dbin_dummy_emulation=bin_vanilla_emulation  -W -Wall -Wstrict-prototypes -Wmissing-prototypes -Wshadow -Wstack-usage=262144 -I./../zlib -g -O2 -MT dllwrap.o -MD -MP -MF $depbase.Tpo -c -o dllwrap.o dllwrap.c &&\
mv -f $depbase.Tpo $depbase.Po
/bin/bash ./libtool  --tag=CC   --mode=link gcc -W -Wall -Wstrict-prototypes -Wmissing-prototypes -Wshadow -Wstack-usage=262144 -I./../zlib -g -O2   -o dllwrap dllwrap.o version.o ../libiberty/libiberty.a  -ldl 
libtool: link: gcc -W -Wall -Wstrict-prototypes -Wmissing-prototypes -Wshadow -Wstack-usage=262144 -I./../zlib -g -O2 -o dllwrap dllwrap.o version.o  ../libiberty/libiberty.a -ldl
[91m/usr/bin/ld: ../libiberty/libiberty.a(choose-temp.o): in function `choose_temp_base':
/external/binutils-2.35.1/libiberty/./choose-temp.c:71: warning: the use of `mktemp' is dangerous, better use `mkstemp' or `mkdtemp'
[0mdepbase=`echo nm.o | sed 's|[^/]*$|.deps/&|;s|\.o$||'`;\
gcc -DHAVE_CONFIG_H -I.  -I. -I. -I../bfd -I./../bfd -I./../include -DLOCALEDIR="\"/usr/local/share/locale\"" -Dbin_dummy_emulation=bin_vanilla_emulation  -W -Wall -Wstrict-prototypes -Wmissing-prototypes -Wshadow -Wstack-usage=262144 -I./../zlib -g -O2 -MT nm.o -MD -MP -MF $depbase.Tpo -c -o nm.o nm.c &&\
mv -f $depbase.Tpo $depbase.Po
/bin/bash ./libtool  --tag=CC   --mode=link gcc -W -Wall -Wstrict-prototypes -Wmissing-prototypes -Wshadow -Wstack-usage=262144 -I./../zlib -g -O2   -o nm-new nm.o bucomm.o version.o filemode.o ../bfd/libbfd.la ../libiberty/libiberty.a  -ldl 
libtool: link: gcc -W -Wall -Wstrict-prototypes -Wmissing-prototypes -Wshadow -Wstack-usage=262144 -I./../zlib -g -O2 -o nm-new nm.o bucomm.o version.o filemode.o  ../bfd/.libs/libbfd.a -L/external/binutils-2.35.1/zlib -lz ../libiberty/libiberty.a -ldl
depbase=`echo is-strip.o | sed 's|[^/]*$|.deps/&|;s|\.o$||'`;\
gcc -DHAVE_CONFIG_H -I.  -I. -I. -I../bfd -I./../bfd -I./../include -DLOCALEDIR="\"/usr/local/share/locale\"" -Dbin_dummy_emulation=bin_vanilla_emulation  -W -Wall -Wstrict-prototypes -Wmissing-prototypes -Wshadow -Wstack-usage=262144 -I./../zlib -g -O2 -MT is-strip.o -MD -MP -MF $depbase.Tpo -c -o is-strip.o is-strip.c &&\
mv -f $depbase.Tpo $depbase.Po
/bin/bash ./libtool  --tag=CC   --mode=link gcc -W -Wall -Wstrict-prototypes -Wmissing-prototypes -Wshadow -Wstack-usage=262144 -I./../zlib -g -O2   -o strip-new objcopy.o is-strip.o rename.o rddbg.o debug.o stabs.o rdcoff.o wrstabs.o bucomm.o version.o filemode.o ../bfd/libbfd.la ../libiberty/libiberty.a  -ldl 
libtool: link: gcc -W -Wall -Wstrict-prototypes -Wmissing-prototypes -Wshadow -Wstack-usage=262144 -I./../zlib -g -O2 -o strip-new objcopy.o is-strip.o rename.o rddbg.o debug.o stabs.o rdcoff.o wrstabs.o bucomm.o version.o filemode.o  ../bfd/.libs/libbfd.a -L/external/binutils-2.35.1/zlib -lz ../libiberty/libiberty.a -ldl
depbase=`echo cxxfilt.o | sed 's|[^/]*$|.deps/&|;s|\.o$||'`;\
gcc -DHAVE_CONFIG_H -I.  -I. -I. -I../bfd -I./../bfd -I./../include -DLOCALEDIR="\"/usr/local/share/locale\"" -Dbin_dummy_emulation=bin_vanilla_emulation  -W -Wall -Wstrict-prototypes -Wmissing-prototypes -Wshadow -Wstack-usage=262144 -I./../zlib -g -O2 -MT cxxfilt.o -MD -MP -MF $depbase.Tpo -c -o cxxfilt.o cxxfilt.c &&\
mv -f $depbase.Tpo $depbase.Po
/bin/bash ./libtool  --tag=CC   --mode=link gcc -W -Wall -Wstrict-prototypes -Wmissing-prototypes -Wshadow -Wstack-usage=262144 -I./../zlib -g -O2   -o cxxfilt cxxfilt.o bucomm.o version.o filemode.o ../bfd/libbfd.la ../libiberty/libiberty.a  -ldl 
libtool: link: gcc -W -Wall -Wstrict-prototypes -Wmissing-prototypes -Wshadow -Wstack-usage=262144 -I./../zlib -g -O2 -o cxxfilt cxxfilt.o bucomm.o version.o filemode.o  ../bfd/.libs/libbfd.a -L/external/binutils-2.35.1/zlib -lz ../libiberty/libiberty.a -ldl
depbase=`echo bfdtest1.o | sed 's|[^/]*$|.deps/&|;s|\.o$||'`;\
gcc -DHAVE_CONFIG_H -I.  -I. -I. -I../bfd -I./../bfd -I./../include -DLOCALEDIR="\"/usr/local/share/locale\"" -Dbin_dummy_emulation=bin_vanilla_emulation  -W -Wall -Wstrict-prototypes -Wmissing-prototypes -Wshadow -Wstack-usage=262144 -I./../zlib -g -O2 -MT bfdtest1.o -MD -MP -MF $depbase.Tpo -c -o bfdtest1.o bfdtest1.c &&\
mv -f $depbase.Tpo $depbase.Po
/bin/bash ./libtool  --tag=CC   --mode=link gcc -W -Wall -Wstrict-prototypes -Wmissing-prototypes -Wshadow -Wstack-usage=262144 -I./../zlib -g -O2   -o bfdtest1 bfdtest1.o ../bfd/libbfd.la ../libiberty/libiberty.a  -ldl 
libtool: link: gcc -W -Wall -Wstrict-prototypes -Wmissing-prototypes -Wshadow -Wstack-usage=262144 -I./../zlib -g -O2 -o bfdtest1 bfdtest1.o  ../bfd/.libs/libbfd.a -L/external/binutils-2.35.1/zlib -lz ../libiberty/libiberty.a -ldl
depbase=`echo bfdtest2.o | sed 's|[^/]*$|.deps/&|;s|\.o$||'`;\
gcc -DHAVE_CONFIG_H -I.  -I. -I. -I../bfd -I./../bfd -I./../include -DLOCALEDIR="\"/usr/local/share/locale\"" -Dbin_dummy_emulation=bin_vanilla_emulation  -W -Wall -Wstrict-prototypes -Wmissing-prototypes -Wshadow -Wstack-usage=262144 -I./../zlib -g -O2 -MT bfdtest2.o -MD -MP -MF $depbase.Tpo -c -o bfdtest2.o bfdtest2.c &&\
mv -f $depbase.Tpo $depbase.Po
/bin/bash ./libtool  --tag=CC   --mode=link gcc -W -Wall -Wstrict-prototypes -Wmissing-prototypes -Wshadow -Wstack-usage=262144 -I./../zlib -g -O2   -o bfdtest2 bfdtest2.o ../bfd/libbfd.la ../libiberty/libiberty.a  -ldl 
libtool: link: gcc -W -Wall -Wstrict-prototypes -Wmissing-prototypes -Wshadow -Wstack-usage=262144 -I./../zlib -g -O2 -o bfdtest2 bfdtest2.o  ../bfd/.libs/libbfd.a -L/external/binutils-2.35.1/zlib -lz ../libiberty/libiberty.a -ldl
depbase=`echo testsuite/gentestdlls.o | sed 's|[^/]*$|.deps/&|;s|\.o$||'`;\
gcc -DHAVE_CONFIG_H -I.  -I. -I. -I../bfd -I./../bfd -I./../include -DLOCALEDIR="\"/usr/local/share/locale\"" -Dbin_dummy_emulation=bin_vanilla_emulation  -W -Wall -Wstrict-prototypes -Wmissing-prototypes -Wshadow -Wstack-usage=262144 -I./../zlib -g -O2 -MT testsuite/gentestdlls.o -MD -MP -MF $depbase.Tpo -c -o testsuite/gentestdlls.o testsuite/gentestdlls.c &&\
mv -f $depbase.Tpo $depbase.Po
/bin/bash ./libtool  --tag=CC   --mode=link gcc -W -Wall -Wstrict-prototypes -Wmissing-prototypes -Wshadow -Wstack-usage=262144 -I./../zlib -g -O2   -o testsuite/gentestdlls testsuite/gentestdlls.o ../bfd/libbfd.la ../libiberty/libiberty.a  -ldl 
libtool: link: gcc -W -Wall -Wstrict-prototypes -Wmissing-prototypes -Wshadow -Wstack-usage=262144 -I./../zlib -g -O2 -o testsuite/gentestdlls testsuite/gentestdlls.o  ../bfd/.libs/libbfd.a -L/external/binutils-2.35.1/zlib -lz ../libiberty/libiberty.a -ldl
gcc -o bin2c -I. -I. -I../bfd -I./../bfd -I./../include -DLOCALEDIR="\"/usr/local/share/locale\"" -Dbin_dummy_emulation=bin_vanilla_emulation -W -Wall -Wstrict-prototypes -Wmissing-prototypes -Wshadow -Wstack-usage=262144 -I./../zlib -g -O2  ./bin2c.c
make[4]: Leaving directory '/external/binutils-2.35.1/binutils'
make[3]: Leaving directory '/external/binutils-2.35.1/binutils'
make[2]: Leaving directory '/external/binutils-2.35.1/binutils'
Configuring in ./etc
configure: creating cache ./config.cache
checking for a BSD-compatible install... /usr/bin/install -c
configure: updating cache ./config.cache
configure: creating ./config.status
config.status: creating Makefile
make[2]: Entering directory '/external/binutils-2.35.1/etc'
make[2]: Nothing to be done for 'all'.
make[2]: Leaving directory '/external/binutils-2.35.1/etc'
Configuring in ./gprof
configure: creating cache ./config.cache
checking build system type... x86_64-pc-linux-gnu
checking host system type... x86_64-pc-linux-gnu
checking target system type... x86_64-pc-linux-gnu
checking for x86_64-pc-linux-gnu-gcc... gcc
checking whether the C compiler works... yes
checking for C compiler default output file name... a.out
checking for suffix of executables... 
checking whether we are cross compiling... no
checking for suffix of object files... o
checking whether we are using the GNU C compiler... yes
checking whether gcc accepts -g... yes
checking for gcc option to accept ISO C89... none needed
checking whether gcc understands -c and -o together... yes
checking for library containing strerror... none required
checking for a BSD-compatible install... /usr/bin/install -c
checking whether build environment is sane... yes
checking for a thread-safe mkdir -p... /usr/bin/mkdir -p
checking for gawk... gawk
checking whether make sets $(MAKE)... yes
checking for style of include used by make... GNU
checking whether make supports nested variables... yes
checking dependency style of gcc... gcc3
checking for x86_64-pc-linux-gnu-gcc... (cached) gcc
checking whether we are using the GNU C compiler... (cached) yes
checking whether gcc accepts -g... (cached) yes
checking for gcc option to accept ISO C89... (cached) none needed
checking whether gcc understands -c and -o together... (cached) yes
checking how to run the C preprocessor... gcc -E
checking for grep that handles long lines and -e... /usr/bin/grep
checking for egrep... /usr/bin/grep -E
checking for ANSI C header files... yes
checking for sys/types.h... yes
checking for sys/stat.h... yes
checking for stdlib.h... yes
checking for string.h... yes
checking for memory.h... yes
checking for strings.h... yes
checking for inttypes.h... yes
checking for stdint.h... yes
checking for unistd.h... yes
checking minix/config.h usability... no
checking minix/config.h presence... no
checking for minix/config.h... no
checking whether it is safe to define __EXTENSIONS__... yes
checking how to print strings... printf
checking for a sed that does not truncate output... /usr/bin/sed
checking for fgrep... /usr/bin/grep -F
checking for ld used by gcc... ld
checking if the linker (ld) is GNU ld... yes
checking for BSD- or MS-compatible name lister (nm)... nm
checking the name lister (nm) interface... BSD nm
checking whether ln -s works... yes
checking the maximum length of command line arguments... 1572864
checking whether the shell understands some XSI constructs... yes
checking whether the shell understands "+="... yes
checking for ld option to reload object files... -r
checking for x86_64-pc-linux-gnu-objdump... objdump
checking how to recognize dependent libraries... pass_all
checking for x86_64-pc-linux-gnu-ar... ar
checking for x86_64-pc-linux-gnu-strip... no
checking for strip... strip
checking for x86_64-pc-linux-gnu-ranlib... ranlib
checking command to parse nm output from gcc object... ok
checking for dlfcn.h... yes
checking for objdir... .libs
checking if gcc supports -fno-rtti -fno-exceptions... no
checking for gcc option to produce PIC... -fPIC -DPIC
checking if gcc PIC flag -fPIC -DPIC works... yes
checking if gcc static flag -static works... yes
checking if gcc supports -c -o file.o... yes
checking if gcc supports -c -o file.o... (cached) yes
checking whether the gcc linker (ld -m elf_x86_64) supports shared libraries... yes
checking whether -lc should be explicitly linked in... no
checking dynamic linker characteristics... GNU/Linux ld.so
checking how to hardcode library paths into programs... immediate
checking whether stripping libraries is possible... yes
checking if libtool supports shared libraries... yes
checking whether to build shared libraries... yes
checking whether to build static libraries... yes
checking for dlfcn.h... (cached) yes
checking for windows.h... no
checking for library containing dlsym... -ldl
checking for special C compiler options needed for large files... no
checking for _FILE_OFFSET_BITS value needed for large files... no
checking for setmode... no
checking whether NLS is requested... yes
checking for catalogs to be installed...  bg da de eo es fi fr ga hu id it ja ms nl pt_BR ro ru rw sr sv tr uk vi bg da de eo es fi fr ga hu id it ja ms nl pt_BR ro ru rw sr sv tr uk vi
checking whether NLS is requested... yes
checking for msgfmt... no
checking for gmsgfmt... :
checking for xgettext... no
checking for msgmerge... no
checking whether to enable maintainer-specific portions of Makefiles... no
checking sys/gmon_out.h usability... yes
checking sys/gmon_out.h presence... yes
checking for sys/gmon_out.h... yes
checking for a known getopt prototype in unistd.h... yes
checking for library containing fabs... -lm
Setting warning flags = -W -Wall -Wstrict-prototypes -Wmissing-prototypes -Wshadow -Wstack-usage=262144
configure: updating cache ./config.cache
checking that generated files are newer than configure... done
configure: creating ./config.status
config.status: creating Makefile
config.status: creating po/Makefile.in
config.status: creating gconfig.h
config.status: executing depfiles commands
config.status: executing libtool commands
config.status: executing default-1 commands
config.status: creating po/POTFILES
config.status: creating po/Makefile
make[2]: Entering directory '/external/binutils-2.35.1/gprof'
make  all-recursive
make[3]: Entering directory '/external/binutils-2.35.1/gprof'
Making all in po
make[4]: Entering directory '/external/binutils-2.35.1/gprof/po'
make[4]: Nothing to be done for 'all'.
make[4]: Leaving directory '/external/binutils-2.35.1/gprof/po'
make[4]: Entering directory '/external/binutils-2.35.1/gprof'
gcc -DHAVE_CONFIG_H -I.  -DDEBUG -I../bfd -I./../include -I./../bfd  -I. -DLOCALEDIR="\"/usr/local/share/locale\""  -W -Wall -Wstrict-prototypes -Wmissing-prototypes -Wshadow -Wstack-usage=262144 -g -O2 -MT basic_blocks.o -MD -MP -MF .deps/basic_blocks.Tpo -c -o basic_blocks.o basic_blocks.c
mv -f .deps/basic_blocks.Tpo .deps/basic_blocks.Po
gcc -DHAVE_CONFIG_H -I.  -DDEBUG -I../bfd -I./../include -I./../bfd  -I. -DLOCALEDIR="\"/usr/local/share/locale\""  -W -Wall -Wstrict-prototypes -Wmissing-prototypes -Wshadow -Wstack-usage=262144 -g -O2 -MT call_graph.o -MD -MP -MF .deps/call_graph.Tpo -c -o call_graph.o call_graph.c
mv -f .deps/call_graph.Tpo .deps/call_graph.Po
gcc -DHAVE_CONFIG_H -I.  -DDEBUG -I../bfd -I./../include -I./../bfd  -I. -DLOCALEDIR="\"/usr/local/share/locale\""  -W -Wall -Wstrict-prototypes -Wmissing-prototypes -Wshadow -Wstack-usage=262144 -g -O2 -MT cg_arcs.o -MD -MP -MF .deps/cg_arcs.Tpo -c -o cg_arcs.o cg_arcs.c
mv -f .deps/cg_arcs.Tpo .deps/cg_arcs.Po
gcc -DHAVE_CONFIG_H -I.  -DDEBUG -I../bfd -I./../include -I./../bfd  -I. -DLOCALEDIR="\"/usr/local/share/locale\""  -W -Wall -Wstrict-prototypes -Wmissing-prototypes -Wshadow -Wstack-usage=262144 -g -O2 -MT cg_dfn.o -MD -MP -MF .deps/cg_dfn.Tpo -c -o cg_dfn.o cg_dfn.c
mv -f .deps/cg_dfn.Tpo .deps/cg_dfn.Po
gcc -DHAVE_CONFIG_H -I.  -DDEBUG -I../bfd -I./../include -I./../bfd  -I. -DLOCALEDIR="\"/usr/local/share/locale\""  -W -Wall -Wstrict-prototypes -Wmissing-prototypes -Wshadow -Wstack-usage=262144 -g -O2 -MT cg_print.o -MD -MP -MF .deps/cg_print.Tpo -c -o cg_print.o cg_print.c
mv -f .deps/cg_print.Tpo .deps/cg_print.Po
gcc -DHAVE_CONFIG_H -I.  -DDEBUG -I../bfd -I./../include -I./../bfd  -I. -DLOCALEDIR="\"/usr/local/share/locale\""  -W -Wall -Wstrict-prototypes -Wmissing-prototypes -Wshadow -Wstack-usage=262144 -g -O2 -MT corefile.o -MD -MP -MF .deps/corefile.Tpo -c -o corefile.o corefile.c
mv -f .deps/corefile.Tpo .deps/corefile.Po
gcc -DHAVE_CONFIG_H -I.  -DDEBUG -I../bfd -I./../include -I./../bfd  -I. -DLOCALEDIR="\"/usr/local/share/locale\""  -W -Wall -Wstrict-prototypes -Wmissing-prototypes -Wshadow -Wstack-usage=262144 -g -O2 -MT gmon_io.o -MD -MP -MF .deps/gmon_io.Tpo -c -o gmon_io.o gmon_io.c
mv -f .deps/gmon_io.Tpo .deps/gmon_io.Po
gcc -DHAVE_CONFIG_H -I.  -DDEBUG -I../bfd -I./../include -I./../bfd  -I. -DLOCALEDIR="\"/usr/local/share/locale\""  -W -Wall -Wstrict-prototypes -Wmissing-prototypes -Wshadow -Wstack-usage=262144 -g -O2 -MT gprof.o -MD -MP -MF .deps/gprof.Tpo -c -o gprof.o gprof.c
mv -f .deps/gprof.Tpo .deps/gprof.Po
gcc -DHAVE_CONFIG_H -I.  -DDEBUG -I../bfd -I./../include -I./../bfd  -I. -DLOCALEDIR="\"/usr/local/share/locale\""  -W -Wall -Wstrict-prototypes -Wmissing-prototypes -Wshadow -Wstack-usage=262144 -g -O2 -MT hertz.o -MD -MP -MF .deps/hertz.Tpo -c -o hertz.o hertz.c
mv -f .deps/hertz.Tpo .deps/hertz.Po
gcc -DHAVE_CONFIG_H -I.  -DDEBUG -I../bfd -I./../include -I./../bfd  -I. -DLOCALEDIR="\"/usr/local/share/locale\""  -W -Wall -Wstrict-prototypes -Wmissing-prototypes -Wshadow -Wstack-usage=262144 -g -O2 -MT hist.o -MD -MP -MF .deps/hist.Tpo -c -o hist.o hist.c
mv -f .deps/hist.Tpo .deps/hist.Po
gcc -DHAVE_CONFIG_H -I.  -DDEBUG -I../bfd -I./../include -I./../bfd  -I. -DLOCALEDIR="\"/usr/local/share/locale\""  -W -Wall -Wstrict-prototypes -Wmissing-prototypes -Wshadow -Wstack-usage=262144 -g -O2 -MT source.o -MD -MP -MF .deps/source.Tpo -c -o source.o source.c
mv -f .deps/source.Tpo .deps/source.Po
gcc -DHAVE_CONFIG_H -I.  -DDEBUG -I../bfd -I./../include -I./../bfd  -I. -DLOCALEDIR="\"/usr/local/share/locale\""  -W -Wall -Wstrict-prototypes -Wmissing-prototypes -Wshadow -Wstack-usage=262144 -g -O2 -MT search_list.o -MD -MP -MF .deps/search_list.Tpo -c -o search_list.o search_list.c
mv -f .deps/search_list.Tpo .deps/search_list.Po
gcc -DHAVE_CONFIG_H -I.  -DDEBUG -I../bfd -I./../include -I./../bfd  -I. -DLOCALEDIR="\"/usr/local/share/locale\""  -W -Wall -Wstrict-prototypes -Wmissing-prototypes -Wshadow -Wstack-usage=262144 -g -O2 -MT symtab.o -MD -MP -MF .deps/symtab.Tpo -c -o symtab.o symtab.c
mv -f .deps/symtab.Tpo .deps/symtab.Po
gcc -DHAVE_CONFIG_H -I.  -DDEBUG -I../bfd -I./../include -I./../bfd  -I. -DLOCALEDIR="\"/usr/local/share/locale\""  -W -Wall -Wstrict-prototypes -Wmissing-prototypes -Wshadow -Wstack-usage=262144 -g -O2 -MT sym_ids.o -MD -MP -MF .deps/sym_ids.Tpo -c -o sym_ids.o sym_ids.c
mv -f .deps/sym_ids.Tpo .deps/sym_ids.Po
gcc -DHAVE_CONFIG_H -I.  -DDEBUG -I../bfd -I./../include -I./../bfd  -I. -DLOCALEDIR="\"/usr/local/share/locale\""  -W -Wall -Wstrict-prototypes -Wmissing-prototypes -Wshadow -Wstack-usage=262144 -g -O2 -MT utils.o -MD -MP -MF .deps/utils.Tpo -c -o utils.o utils.c
mv -f .deps/utils.Tpo .deps/utils.Po
gcc -DHAVE_CONFIG_H -I.  -DDEBUG -I../bfd -I./../include -I./../bfd  -I. -DLOCALEDIR="\"/usr/local/share/locale\""  -W -Wall -Wstrict-prototypes -Wmissing-prototypes -Wshadow -Wstack-usage=262144 -g -O2 -MT i386.o -MD -MP -MF .deps/i386.Tpo -c -o i386.o i386.c
mv -f .deps/i386.Tpo .deps/i386.Po
gcc -DHAVE_CONFIG_H -I.  -DDEBUG -I../bfd -I./../include -I./../bfd  -I. -DLOCALEDIR="\"/usr/local/share/locale\""  -W -Wall -Wstrict-prototypes -Wmissing-prototypes -Wshadow -Wstack-usage=262144 -g -O2 -MT alpha.o -MD -MP -MF .deps/alpha.Tpo -c -o alpha.o alpha.c
mv -f .deps/alpha.Tpo .deps/alpha.Po
gcc -DHAVE_CONFIG_H -I.  -DDEBUG -I../bfd -I./../include -I./../bfd  -I. -DLOCALEDIR="\"/usr/local/share/locale\""  -W -Wall -Wstrict-prototypes -Wmissing-prototypes -Wshadow -Wstack-usage=262144 -g -O2 -MT vax.o -MD -MP -MF .deps/vax.Tpo -c -o vax.o vax.c
mv -f .deps/vax.Tpo .deps/vax.Po
gcc -DHAVE_CONFIG_H -I.  -DDEBUG -I../bfd -I./../include -I./../bfd  -I. -DLOCALEDIR="\"/usr/local/share/locale\""  -W -Wall -Wstrict-prototypes -Wmissing-prototypes -Wshadow -Wstack-usage=262144 -g -O2 -MT sparc.o -MD -MP -MF .deps/sparc.Tpo -c -o sparc.o sparc.c
mv -f .deps/sparc.Tpo .deps/sparc.Po
gcc -DHAVE_CONFIG_H -I.  -DDEBUG -I../bfd -I./../include -I./../bfd  -I. -DLOCALEDIR="\"/usr/local/share/locale\""  -W -Wall -Wstrict-prototypes -Wmissing-prototypes -Wshadow -Wstack-usage=262144 -g -O2 -MT mips.o -MD -MP -MF .deps/mips.Tpo -c -o mips.o mips.c
mv -f .deps/mips.Tpo .deps/mips.Po
gcc -DHAVE_CONFIG_H -I.  -DDEBUG -I../bfd -I./../include -I./../bfd  -I. -DLOCALEDIR="\"/usr/local/share/locale\""  -W -Wall -Wstrict-prototypes -Wmissing-prototypes -Wshadow -Wstack-usage=262144 -g -O2 -MT aarch64.o -MD -MP -MF .deps/aarch64.Tpo -c -o aarch64.o aarch64.c
mv -f .deps/aarch64.Tpo .deps/aarch64.Po
gcc -DHAVE_CONFIG_H -I.  -DDEBUG -I../bfd -I./../include -I./../bfd  -I. -DLOCALEDIR="\"/usr/local/share/locale\""  -W -Wall -Wstrict-prototypes -Wmissing-prototypes -Wshadow -Wstack-usage=262144 -g -O2 -MT flat_bl.o -MD -MP -MF .deps/flat_bl.Tpo -c -o flat_bl.o flat_bl.c
mv -f .deps/flat_bl.Tpo .deps/flat_bl.Po
gcc -DHAVE_CONFIG_H -I.  -DDEBUG -I../bfd -I./../include -I./../bfd  -I. -DLOCALEDIR="\"/usr/local/share/locale\""  -W -Wall -Wstrict-prototypes -Wmissing-prototypes -Wshadow -Wstack-usage=262144 -g -O2 -MT bsd_callg_bl.o -MD -MP -MF .deps/bsd_callg_bl.Tpo -c -o bsd_callg_bl.o bsd_callg_bl.c
mv -f .deps/bsd_callg_bl.Tpo .deps/bsd_callg_bl.Po
gcc -DHAVE_CONFIG_H -I.  -DDEBUG -I../bfd -I./../include -I./../bfd  -I. -DLOCALEDIR="\"/usr/local/share/locale\""  -W -Wall -Wstrict-prototypes -Wmissing-prototypes -Wshadow -Wstack-usage=262144 -g -O2 -MT fsf_callg_bl.o -MD -MP -MF .deps/fsf_callg_bl.Tpo -c -o fsf_callg_bl.o fsf_callg_bl.c
mv -f .deps/fsf_callg_bl.Tpo .deps/fsf_callg_bl.Po
/bin/bash ./libtool  --tag=CC   --mode=link gcc -W -Wall -Wstrict-prototypes -Wmissing-prototypes -Wshadow -Wstack-usage=262144 -g -O2   -o gprof basic_blocks.o call_graph.o cg_arcs.o cg_dfn.o cg_print.o corefile.o gmon_io.o gprof.o hertz.o hist.o source.o search_list.o symtab.o sym_ids.o utils.o i386.o alpha.o vax.o sparc.o mips.o aarch64.o flat_bl.o bsd_callg_bl.o fsf_callg_bl.o ../bfd/libbfd.la ../libiberty/libiberty.a  -lm -ldl 
libtool: link: gcc -W -Wall -Wstrict-prototypes -Wmissing-prototypes -Wshadow -Wstack-usage=262144 -g -O2 -o gprof basic_blocks.o call_graph.o cg_arcs.o cg_dfn.o cg_print.o corefile.o gmon_io.o gprof.o hertz.o hist.o source.o search_list.o symtab.o sym_ids.o utils.o i386.o alpha.o vax.o sparc.o mips.o aarch64.o flat_bl.o bsd_callg_bl.o fsf_callg_bl.o  ../bfd/.libs/libbfd.a -L/external/binutils-2.35.1/zlib -lz ../libiberty/libiberty.a -lm -ldl
make[4]: Leaving directory '/external/binutils-2.35.1/gprof'
make[3]: Leaving directory '/external/binutils-2.35.1/gprof'
make[2]: Leaving directory '/external/binutils-2.35.1/gprof'
Configuring in ./ld
configure: creating cache ./config.cache
checking build system type... x86_64-pc-linux-gnu
checking host system type... x86_64-pc-linux-gnu
checking target system type... x86_64-pc-linux-gnu
checking for x86_64-pc-linux-gnu-gcc... gcc
checking whether the C compiler works... yes
checking for C compiler default output file name... a.out
checking for suffix of executables... 
checking whether we are cross compiling... no
checking for suffix of object files... o
checking whether we are using the GNU C compiler... yes
checking whether gcc accepts -g... yes
checking for gcc option to accept ISO C89... none needed
checking whether gcc understands -c and -o together... yes
checking for library containing strerror... none required
checking for a BSD-compatible install... /usr/bin/install -c
checking whether build environment is sane... yes
checking for a thread-safe mkdir -p... /usr/bin/mkdir -p
checking for gawk... gawk
checking whether make sets $(MAKE)... yes
checking for style of include used by make... GNU
checking whether make supports nested variables... yes
checking dependency style of gcc... gcc3
checking whether to enable maintainer-specific portions of Makefiles... no
checking for x86_64-pc-linux-gnu-gcc... (cached) gcc
checking whether we are using the GNU C compiler... (cached) yes
checking whether gcc accepts -g... (cached) yes
checking for gcc option to accept ISO C89... (cached) none needed
checking whether gcc understands -c and -o together... (cached) yes
checking whether we are using the GNU C++ compiler... yes
checking whether g++ accepts -g... yes
checking dependency style of g++... gcc3
checking for grep that handles long lines and -e... /usr/bin/grep
checking how to run the C preprocessor... gcc -E
checking for egrep... /usr/bin/grep -E
checking for ANSI C header files... yes
checking for sys/types.h... yes
checking for sys/stat.h... yes
checking for stdlib.h... yes
checking for string.h... yes
checking for memory.h... yes
checking for strings.h... yes
checking for inttypes.h... yes
checking for stdint.h... yes
checking for unistd.h... yes
checking minix/config.h usability... no
checking minix/config.h presence... no
checking for minix/config.h... no
checking whether it is safe to define __EXTENSIONS__... yes
checking how to print strings... printf
checking for a sed that does not truncate output... /usr/bin/sed
checking for fgrep... /usr/bin/grep -F
checking for ld used by gcc... ld
checking if the linker (ld) is GNU ld... yes
checking for BSD- or MS-compatible name lister (nm)... nm
checking the name lister (nm) interface... BSD nm
checking whether ln -s works... yes
checking the maximum length of command line arguments... 1572864
checking whether the shell understands some XSI constructs... yes
checking whether the shell understands "+="... yes
checking for ld option to reload object files... -r
checking for x86_64-pc-linux-gnu-objdump... objdump
checking how to recognize dependent libraries... pass_all
checking for x86_64-pc-linux-gnu-ar... ar
checking for x86_64-pc-linux-gnu-strip... no
checking for strip... strip
checking for x86_64-pc-linux-gnu-ranlib... ranlib
checking command to parse nm output from gcc object... ok
checking for dlfcn.h... yes
checking for objdir... .libs
checking if gcc supports -fno-rtti -fno-exceptions... no
checking for gcc option to produce PIC... -fPIC -DPIC
checking if gcc PIC flag -fPIC -DPIC works... yes
checking if gcc static flag -static works... yes
checking if gcc supports -c -o file.o... yes
checking if gcc supports -c -o file.o... (cached) yes
checking whether the gcc linker (ld -m elf_x86_64) supports shared libraries... yes
checking whether -lc should be explicitly linked in... no
checking dynamic linker characteristics... GNU/Linux ld.so
checking how to hardcode library paths into programs... immediate
checking whether stripping libraries is possible... yes
checking if libtool supports shared libraries... yes
checking whether to build shared libraries... yes
checking whether to build static libraries... yes
checking how to run the C++ preprocessor... g++ -E
checking for ld used by g++... ld -m elf_x86_64
checking if the linker (ld -m elf_x86_64) is GNU ld... yes
checking whether the g++ linker (ld -m elf_x86_64) supports shared libraries... yes
checking for g++ option to produce PIC... -fPIC -DPIC
checking if g++ PIC flag -fPIC -DPIC works... yes
checking if g++ static flag -static works... yes
checking if g++ supports -c -o file.o... yes
checking if g++ supports -c -o file.o... (cached) yes
checking whether the g++ linker (ld -m elf_x86_64) supports shared libraries... yes
checking dynamic linker characteristics... (cached) GNU/Linux ld.so
checking how to hardcode library paths into programs... immediate
checking for dlfcn.h... (cached) yes
checking for windows.h... no
checking for library containing dlsym... -ldl
checking for special C compiler options needed for large files... no
checking for _FILE_OFFSET_BITS value needed for large files... no
Setting warning flags = -W -Wall -Wstrict-prototypes -Wmissing-prototypes -Wshadow -Wstack-usage=262144
checking for LC_MESSAGES... yes
checking whether NLS is requested... yes
checking for catalogs to be installed...  bg da de es fi fr ga id it ja pt_BR ru sr sv tr uk vi zh_CN zh_TW bg da de es fi fr ga id it ja pt_BR ru sr sv tr uk vi zh_CN zh_TW
checking whether NLS is requested... yes
checking for msgfmt... no
checking for gmsgfmt... :
checking for xgettext... no
checking for msgmerge... no
checking for bison... bison -y
checking for flex... /external/binutils-2.35.1/missing flex
checking whether to enable maintainer-specific portions of Makefiles... no
checking how to compare bootstrapped objects... cmp --ignore-initial=16 $$f1 $$f2
checking for string.h... (cached) yes
checking for strings.h... (cached) yes
checking for stdlib.h... (cached) yes
checking for unistd.h... (cached) yes
checking elf-hints.h usability... no
checking elf-hints.h presence... no
checking for elf-hints.h... no
checking limits.h usability... yes
checking limits.h presence... yes
checking for limits.h... yes
checking locale.h usability... yes
checking locale.h presence... yes
checking for locale.h... yes
checking sys/param.h usability... yes
checking sys/param.h presence... yes
checking for sys/param.h... yes
checking fcntl.h usability... yes
checking fcntl.h presence... yes
checking for fcntl.h... yes
checking sys/file.h usability... yes
checking sys/file.h presence... yes
checking for sys/file.h... yes
checking sys/time.h usability... yes
checking sys/time.h presence... yes
checking for sys/time.h... yes
checking for sys/stat.h... (cached) yes
checking whether string.h and strings.h may both be included... yes
checking for glob... yes
checking for mkstemp... yes
checking for realpath... yes
checking for sbrk... yes
checking for setlocale... yes
checking for waitpid... yes
checking for open... yes
checking for lseek... yes
checking for close... yes
checking for dirent.h that defines DIR... yes
checking for library containing opendir... none required
checking for stdlib.h... (cached) yes
checking for unistd.h... (cached) yes
checking for sys/param.h... (cached) yes
checking for getpagesize... yes
checking for working mmap... yes
checking for library containing dlopen... none required
checking for a known getopt prototype in unistd.h... yes
checking whether asprintf is declared... yes
checking whether environ is declared... yes
checking whether free is declared... yes
checking whether getenv is declared... yes
checking whether sbrk is declared... yes
checking whether strstr is declared... yes
checking whether ANSI C string concatenation works... yes
checking size of void *... 8
configure: updating cache ./config.cache
checking that generated files are newer than configure... done
configure: creating ./config.status
config.status: creating Makefile
config.status: creating po/Makefile.in
config.status: creating config.h
config.status: executing depfiles commands
config.status: executing libtool commands
config.status: executing default-1 commands
config.status: executing default commands
make[2]: Entering directory '/external/binutils-2.35.1/ld'
(echo "/* This file is automatically generated.  DO NOT EDIT! */";\
for f in `echo " " eaix5ppc.o eaix5rs6.o eaixppc.o eaixrs6.o ealpha.o ealphavms.o earcv2elf.o earcv2elfx.o earcelf.o earclinux.o earclinux_nps.o earm_wince_pe.o earmelf.o earmelf_fbsd.o earmelf_fuchsia.o earmelf_linux.o earmelf_linux_eabi.o earmelf_linux_fdpiceabi.o earmelf_nacl.o earmelf_nbsd.o earmelf_phoenix.o earmelf_vxworks.o earmelfb.o earmelfb_fbsd.o earmelfb_fuchsia.o earmelfb_linux.o earmelfb_linux_eabi.o earmelfb_linux_fdpiceabi.o earmelfb_nacl.o earmelfb_nbsd.o earmnto.o earmpe.o earmsymbian.o eavr1.o eavr2.o eavr25.o eavr3.o eavr31.o eavr35.o eavr4.o eavr5.o eavr51.o eavr6.o eavrxmega1.o eavrxmega2.o eavrxmega3.o eavrxmega4.o eavrxmega5.o eavrxmega6.o eavrxmega7.o eavrtiny.o ecrisaout.o ecriself.o ecrislinux.o ecskyelf.o ecskyelf_linux.o ed10velf.o ed30v_e.o ed30v_o.o ed30velf.o eelf32_dlx.o eelf32_sparc.o eelf32_sparc_sol2.o eelf32_sparc_vxworks.o eelf32_spu.o eelf32_tic6x_be.o eelf32_tic6x_le.o eelf32_tic6x_linux_be.o eelf32_tic6x_linux_le.o eelf32_tic6x_elf_be.o eelf32_tic6x_elf_le.o eelf32am33lin.o eelf32bfin.o eelf32bfinfd.o eelf32cr16.o eelf32crx.o eelf32epiphany.o eelf32epiphany_4x4.o eelf32fr30.o eelf32frv.o eelf32frvfd.o eelf32ft32.o eelf32ip2k.o eelf32iq10.o eelf32iq2000.o eelf32lm32.o eelf32lm32fd.o eelf32lppc.o eelf32lppclinux.o eelf32lppcnto.o eelf32lppcsim.o eelf32m32c.o eelf32mb_linux.o eelf32mbel_linux.o eelf32mcore.o eelf32mep.o eelf32metag.o eelf32microblazeel.o eelf32microblaze.o eelf32moxie.o emoxiebox.o eelf32mt.o eelf32or1k.o eelf32or1k_linux.o eelf32ppc.o eelf32ppc_fbsd.o eelf32ppclinux.o eelf32ppcnto.o eelf32ppcsim.o eelf32ppcvxworks.o eelf32ppcwindiss.o eelf32lriscv.o eelf32lriscv_ilp32f.o eelf32lriscv_ilp32.o eelf32rl78.o eelf32rx.o eelf32rx_linux.o eelf32tilegx.o eelf32tilegx_be.o eelf32tilepro.o eelf32vax.o eelf32visium.o eelf32xc16x.o eelf32xc16xl.o eelf32xc16xs.o eelf32xstormy16.o eelf32xtensa.o eelf32z80.o eelf_i386.o eelf_i386_be.o eelf_i386_fbsd.o eelf_i386_ldso.o eelf_i386_sol2.o eelf_i386_vxworks.o eelf_iamcu.o eelf_s390.o eh8300elf.o eh8300elf_linux.o eh8300helf.o eh8300helf_linux.o eh8300hnelf.o eh8300self.o eh8300self_linux.o eh8300snelf.o eh8300sxelf.o eh8300sxelf_linux.o eh8300sxnelf.o ehppaelf.o ehppalinux.o ehppanbsd.o ehppaobsd.o ei386aout.o ei386beos.o ei386bsd.o ei386go32.o ei386lynx.o ei386moss.o ei386msdos.o ei386nto.o ei386pe.o ei386pe_posix.o em32relf.o em32relf_linux.o em32rlelf.o em32rlelf_linux.o em68hc11elf.o em68hc11elfb.o em68hc12elf.o em68hc12elfb.o em68kelf.o em68kelfnbsd.o em9s12zelf.o emcorepe.o emn10200.o emn10300.o emsp430elf.o emsp430X.o ends32elf.o ends32elf16m.o ends32elf_linux.o ends32belf.o ends32belf16m.o ends32belf_linux.o ens32knbsd.o enios2elf.o enios2linux.o epc532macha.o epdp11.o epjelf.o epjlelf.o eppclynx.o eppcmacos.o eppcpe.o epruelf.o escore3_elf.o escore7_elf.o esh.o eshelf.o eshelf_fd.o eshelf_linux.o eshelf_nbsd.o eshelf_nto.o eshelf_uclinux.o eshelf_vxworks.o eshl.o eshlelf.o eshlelf_fd.o eshlelf_linux.o eshlelf_nbsd.o eshlelf_nto.o eshlelf_vxworks.o eshpe.o etic30coff.o etic3xcoff.o etic3xcoff_onchip.o etic4xcoff.o etic54xcoff.o ev850.o ev850_rh850.o evanilla.o evaxnbsd.o exgateelf.o ez80.o ez8001.o ez8002.o eaarch64elf.o eaarch64elf32.o eaarch64elfb.o eaarch64elf32b.o eaarch64cloudabi.o eaarch64cloudabib.o eaarch64fbsd.o eaarch64fbsdb.o eaarch64linux.o eaarch64linuxb.o eaarch64linux32.o eaarch64linux32b.o eelf32_x86_64.o eelf32b4300.o eelf32bmip.o eelf32bmipn32.o eelf32bsmip.o eelf32btsmip.o eelf32btsmip_fbsd.o eelf32btsmipn32.o eelf32btsmipn32_fbsd.o eelf32ebmip.o eelf32ebmipvxworks.o eelf32elmip.o eelf32elmipvxworks.o eelf32l4300.o eelf32lmip.o eelf32lr5900.o eelf32lr5900n32.o eelf32lsmip.o eelf32ltsmip.o eelf32ltsmip_fbsd.o eelf32ltsmipn32.o eelf32ltsmipn32_fbsd.o eelf32mipswindiss.o eelf64_aix.o eelf64bpf.o eelf64_ia64.o eelf64_ia64_fbsd.o eelf64_ia64_vms.o eelf64_s390.o eelf64_sparc.o eelf64_sparc_fbsd.o eelf64_sparc_sol2.o eelf64alpha.o eelf64alpha_fbsd.o eelf64alpha_nbsd.o eelf64bmip.o eelf64btsmip.o eelf64btsmip_fbsd.o eelf64hppa.o eelf64lppc.o eelf64lriscv.o eelf64lriscv_lp64f.o eelf64lriscv_lp64.o eelf64ltsmip.o eelf64ltsmip_fbsd.o eelf64mmix.o eelf64ppc.o eelf64ppc_fbsd.o eelf64rdos.o eelf64tilegx.o eelf64tilegx_be.o eelf_l1om.o eelf_l1om_fbsd.o eelf_k1om.o eelf_k1om_fbsd.o eelf_x86_64.o eelf_x86_64_cloudabi.o eelf_x86_64_fbsd.o eelf_x86_64_sol2.o ehppa64linux.o ei386pep.o emmo.o "" \
 | sed -e 's/ e/ ld/g' -e 's/ ld/ /g' -e 's/[.]o//g'`; do \
    echo "extern ld_emulation_xfer_type ld_${f}_emulation;"; \
done;\
echo "";\
echo "#define EMULATION_LIST \\";\
for f in `echo " " eaix5ppc.o eaix5rs6.o eaixppc.o eaixrs6.o ealpha.o ealphavms.o earcv2elf.o earcv2elfx.o earcelf.o earclinux.o earclinux_nps.o earm_wince_pe.o earmelf.o earmelf_fbsd.o earmelf_fuchsia.o earmelf_linux.o earmelf_linux_eabi.o earmelf_linux_fdpiceabi.o earmelf_nacl.o earmelf_nbsd.o earmelf_phoenix.o earmelf_vxworks.o earmelfb.o earmelfb_fbsd.o earmelfb_fuchsia.o earmelfb_linux.o earmelfb_linux_eabi.o earmelfb_linux_fdpiceabi.o earmelfb_nacl.o earmelfb_nbsd.o earmnto.o earmpe.o earmsymbian.o eavr1.o eavr2.o eavr25.o eavr3.o eavr31.o eavr35.o eavr4.o eavr5.o eavr51.o eavr6.o eavrxmega1.o eavrxmega2.o eavrxmega3.o eavrxmega4.o eavrxmega5.o eavrxmega6.o eavrxmega7.o eavrtiny.o ecrisaout.o ecriself.o ecrislinux.o ecskyelf.o ecskyelf_linux.o ed10velf.o ed30v_e.o ed30v_o.o ed30velf.o eelf32_dlx.o eelf32_sparc.o eelf32_sparc_sol2.o eelf32_sparc_vxworks.o eelf32_spu.o eelf32_tic6x_be.o eelf32_tic6x_le.o eelf32_tic6x_linux_be.o eelf32_tic6x_linux_le.o eelf32_tic6x_elf_be.o eelf32_tic6x_elf_le.o eelf32am33lin.o eelf32bfin.o eelf32bfinfd.o eelf32cr16.o eelf32crx.o eelf32epiphany.o eelf32epiphany_4x4.o eelf32fr30.o eelf32frv.o eelf32frvfd.o eelf32ft32.o eelf32ip2k.o eelf32iq10.o eelf32iq2000.o eelf32lm32.o eelf32lm32fd.o eelf32lppc.o eelf32lppclinux.o eelf32lppcnto.o eelf32lppcsim.o eelf32m32c.o eelf32mb_linux.o eelf32mbel_linux.o eelf32mcore.o eelf32mep.o eelf32metag.o eelf32microblazeel.o eelf32microblaze.o eelf32moxie.o emoxiebox.o eelf32mt.o eelf32or1k.o eelf32or1k_linux.o eelf32ppc.o eelf32ppc_fbsd.o eelf32ppclinux.o eelf32ppcnto.o eelf32ppcsim.o eelf32ppcvxworks.o eelf32ppcwindiss.o eelf32lriscv.o eelf32lriscv_ilp32f.o eelf32lriscv_ilp32.o eelf32rl78.o eelf32rx.o eelf32rx_linux.o eelf32tilegx.o eelf32tilegx_be.o eelf32tilepro.o eelf32vax.o eelf32visium.o eelf32xc16x.o eelf32xc16xl.o eelf32xc16xs.o eelf32xstormy16.o eelf32xtensa.o eelf32z80.o eelf_i386.o eelf_i386_be.o eelf_i386_fbsd.o eelf_i386_ldso.o eelf_i386_sol2.o eelf_i386_vxworks.o eelf_iamcu.o eelf_s390.o eh8300elf.o eh8300elf_linux.o eh8300helf.o eh8300helf_linux.o eh8300hnelf.o eh8300self.o eh8300self_linux.o eh8300snelf.o eh8300sxelf.o eh8300sxelf_linux.o eh8300sxnelf.o ehppaelf.o ehppalinux.o ehppanbsd.o ehppaobsd.o ei386aout.o ei386beos.o ei386bsd.o ei386go32.o ei386lynx.o ei386moss.o ei386msdos.o ei386nto.o ei386pe.o ei386pe_posix.o em32relf.o em32relf_linux.o em32rlelf.o em32rlelf_linux.o em68hc11elf.o em68hc11elfb.o em68hc12elf.o em68hc12elfb.o em68kelf.o em68kelfnbsd.o em9s12zelf.o emcorepe.o emn10200.o emn10300.o emsp430elf.o emsp430X.o ends32elf.o ends32elf16m.o ends32elf_linux.o ends32belf.o ends32belf16m.o ends32belf_linux.o ens32knbsd.o enios2elf.o enios2linux.o epc532macha.o epdp11.o epjelf.o epjlelf.o eppclynx.o eppcmacos.o eppcpe.o epruelf.o escore3_elf.o escore7_elf.o esh.o eshelf.o eshelf_fd.o eshelf_linux.o eshelf_nbsd.o eshelf_nto.o eshelf_uclinux.o eshelf_vxworks.o eshl.o eshlelf.o eshlelf_fd.o eshlelf_linux.o eshlelf_nbsd.o eshlelf_nto.o eshlelf_vxworks.o eshpe.o etic30coff.o etic3xcoff.o etic3xcoff_onchip.o etic4xcoff.o etic54xcoff.o ev850.o ev850_rh850.o evanilla.o evaxnbsd.o exgateelf.o ez80.o ez8001.o ez8002.o eaarch64elf.o eaarch64elf32.o eaarch64elfb.o eaarch64elf32b.o eaarch64cloudabi.o eaarch64cloudabib.o eaarch64fbsd.o eaarch64fbsdb.o eaarch64linux.o eaarch64linuxb.o eaarch64linux32.o eaarch64linux32b.o eelf32_x86_64.o eelf32b4300.o eelf32bmip.o eelf32bmipn32.o eelf32bsmip.o eelf32btsmip.o eelf32btsmip_fbsd.o eelf32btsmipn32.o eelf32btsmipn32_fbsd.o eelf32ebmip.o eelf32ebmipvxworks.o eelf32elmip.o eelf32elmipvxworks.o eelf32l4300.o eelf32lmip.o eelf32lr5900.o eelf32lr5900n32.o eelf32lsmip.o eelf32ltsmip.o eelf32ltsmip_fbsd.o eelf32ltsmipn32.o eelf32ltsmipn32_fbsd.o eelf32mipswindiss.o eelf64_aix.o eelf64bpf.o eelf64_ia64.o eelf64_ia64_fbsd.o eelf64_ia64_vms.o eelf64_s390.o eelf64_sparc.o eelf64_sparc_fbsd.o eelf64_sparc_sol2.o eelf64alpha.o eelf64alpha_fbsd.o eelf64alpha_nbsd.o eelf64bmip.o eelf64btsmip.o eelf64btsmip_fbsd.o eelf64hppa.o eelf64lppc.o eelf64lriscv.o eelf64lriscv_lp64f.o eelf64lriscv_lp64.o eelf64ltsmip.o eelf64ltsmip_fbsd.o eelf64mmix.o eelf64ppc.o eelf64ppc_fbsd.o eelf64rdos.o eelf64tilegx.o eelf64tilegx_be.o eelf_l1om.o eelf_l1om_fbsd.o eelf_k1om.o eelf_k1om_fbsd.o eelf_x86_64.o eelf_x86_64_cloudabi.o eelf_x86_64_fbsd.o eelf_x86_64_sol2.o ehppa64linux.o ei386pep.o emmo.o "" \
 | sed -e 's/ e/ ld/g' -e 's/ ld/ /g' -e 's/[.]o//g'`; do \
    echo "  &ld_${f}_emulation, \\"; \
done;\
echo "  0") >ldemul-tmp.h
mv ldemul-tmp.h ldemul-list.h
make  all-recursive
make[3]: Entering directory '/external/binutils-2.35.1/ld'
Making all in po
make[4]: Entering directory '/external/binutils-2.35.1/ld/po'
( if test 'x.' != 'x.'; then \
    posrcprefix='../'; \
  else \
    posrcprefix="../"; \
  fi; \
  rm -f SRC-POTFILES-t SRC-POTFILES \
    && (sed -e '/^#/d' -e '/^[	 ]*$/d' \
	    -e "s@.*@	$posrcprefix& \\\\@" < ./SRC-POTFILES.in \
	| sed -e '$s/\\$//') > SRC-POTFILES-t \
    && chmod a-w SRC-POTFILES-t \
    && mv SRC-POTFILES-t SRC-POTFILES )
rm -f BLD-POTFILES-t BLD-POTFILES \
  && sed -e '/^#/d' -e '/^[	 ]*$/d' \
	 -e "s@.*@	../& \\\\@" < ./BLD-POTFILES.in \
     | sed -e '$s/\\$//' > BLD-POTFILES-t \
  && chmod a-w BLD-POTFILES-t \
  && mv BLD-POTFILES-t BLD-POTFILES
cd .. \
  && CONFIG_FILES=po/Makefile.in:po/Make-in \
     CONFIG_HEADERS= /bin/bash ./config.status
config.status: creating po/Makefile.in
config.status: executing depfiles commands
config.status: executing libtool commands
config.status: executing default-1 commands
config.status: executing default commands
make[4]: Nothing to be done for 'all'.
make[4]: Leaving directory '/external/binutils-2.35.1/ld/po'
make[4]: Entering directory '/external/binutils-2.35.1/ld'
/bin/bash ./libtool  --tag=CC   --mode=compile gcc -DHAVE_CONFIG_H -I.  -I. -I. -I../bfd -I./../bfd -I./../include -I./../zlib  -g -O2 -DLOCALEDIR="\"/usr/local/share/locale\""  -g -O2 -g -O2 -MT libldtestplug_la-testplug.lo -MD -MP -MF .deps/libldtestplug_la-testplug.Tpo -c -o libldtestplug_la-testplug.lo `test -f 'testplug.c' || echo './'`testplug.c
libtool: compile:  gcc -DHAVE_CONFIG_H -I. -I. -I. -I../bfd -I./../bfd -I./../include -I./../zlib -g -O2 -DLOCALEDIR=\"/usr/local/share/locale\" -g -O2 -g -O2 -MT libldtestplug_la-testplug.lo -MD -MP -MF .deps/libldtestplug_la-testplug.Tpo -c testplug.c  -fPIC -DPIC -o .libs/libldtestplug_la-testplug.o
libtool: compile:  gcc -DHAVE_CONFIG_H -I. -I. -I. -I../bfd -I./../bfd -I./../include -I./../zlib -g -O2 -DLOCALEDIR=\"/usr/local/share/locale\" -g -O2 -g -O2 -MT libldtestplug_la-testplug.lo -MD -MP -MF .deps/libldtestplug_la-testplug.Tpo -c testplug.c -o libldtestplug_la-testplug.o >/dev/null 2>&1
mv -f .deps/libldtestplug_la-testplug.Tpo .deps/libldtestplug_la-testplug.Plo
/bin/bash ./libtool  --tag=CC   --mode=link gcc -g -O2 -g -O2 -no-undefined -rpath /nowhere  -o libldtestplug.la  libldtestplug_la-testplug.lo  -ldl 
libtool: link: gcc -shared  -fPIC -DPIC  .libs/libldtestplug_la-testplug.o   -ldl    -Wl,-soname -Wl,libldtestplug.so.0 -o .libs/libldtestplug.so.0.0.0
libtool: link: (cd ".libs" && rm -f "libldtestplug.so.0" && ln -s "libldtestplug.so.0.0.0" "libldtestplug.so.0")
libtool: link: (cd ".libs" && rm -f "libldtestplug.so" && ln -s "libldtestplug.so.0.0.0" "libldtestplug.so")
libtool: link: ar rc .libs/libldtestplug.a  libldtestplug_la-testplug.o
libtool: link: ranlib .libs/libldtestplug.a
libtool: link: ( cd ".libs" && rm -f "libldtestplug.la" && ln -s "../libldtestplug.la" "libldtestplug.la" )
/bin/bash ./libtool  --tag=CC   --mode=compile gcc -DHAVE_CONFIG_H -I.  -I. -I. -I../bfd -I./../bfd -I./../include -I./../zlib  -g -O2 -DLOCALEDIR="\"/usr/local/share/locale\""  -g -O2 -g -O2 -MT libldtestplug2_la-testplug2.lo -MD -MP -MF .deps/libldtestplug2_la-testplug2.Tpo -c -o libldtestplug2_la-testplug2.lo `test -f 'testplug2.c' || echo './'`testplug2.c
libtool: compile:  gcc -DHAVE_CONFIG_H -I. -I. -I. -I../bfd -I./../bfd -I./../include -I./../zlib -g -O2 -DLOCALEDIR=\"/usr/local/share/locale\" -g -O2 -g -O2 -MT libldtestplug2_la-testplug2.lo -MD -MP -MF .deps/libldtestplug2_la-testplug2.Tpo -c testplug2.c  -fPIC -DPIC -o .libs/libldtestplug2_la-testplug2.o
libtool: compile:  gcc -DHAVE_CONFIG_H -I. -I. -I. -I../bfd -I./../bfd -I./../include -I./../zlib -g -O2 -DLOCALEDIR=\"/usr/local/share/locale\" -g -O2 -g -O2 -MT libldtestplug2_la-testplug2.lo -MD -MP -MF .deps/libldtestplug2_la-testplug2.Tpo -c testplug2.c -o libldtestplug2_la-testplug2.o >/dev/null 2>&1
mv -f .deps/libldtestplug2_la-testplug2.Tpo .deps/libldtestplug2_la-testplug2.Plo
/bin/bash ./libtool  --tag=CC   --mode=link gcc -g -O2 -g -O2 -no-undefined -rpath /nowhere  -o libldtestplug2.la  libldtestplug2_la-testplug2.lo  -ldl 
libtool: link: gcc -shared  -fPIC -DPIC  .libs/libldtestplug2_la-testplug2.o   -ldl    -Wl,-soname -Wl,libldtestplug2.so.0 -o .libs/libldtestplug2.so.0.0.0
libtool: link: (cd ".libs" && rm -f "libldtestplug2.so.0" && ln -s "libldtestplug2.so.0.0.0" "libldtestplug2.so.0")
libtool: link: (cd ".libs" && rm -f "libldtestplug2.so" && ln -s "libldtestplug2.so.0.0.0" "libldtestplug2.so")
libtool: link: ar rc .libs/libldtestplug2.a  libldtestplug2_la-testplug2.o
libtool: link: ranlib .libs/libldtestplug2.a
libtool: link: ( cd ".libs" && rm -f "libldtestplug2.la" && ln -s "../libldtestplug2.la" "libldtestplug2.la" )
/bin/bash ./libtool  --tag=CC   --mode=compile gcc -DHAVE_CONFIG_H -I.  -I. -I. -I../bfd -I./../bfd -I./../include -I./../zlib  -g -O2 -DLOCALEDIR="\"/usr/local/share/locale\""  -g -O2 -g -O2 -MT libldtestplug3_la-testplug3.lo -MD -MP -MF .deps/libldtestplug3_la-testplug3.Tpo -c -o libldtestplug3_la-testplug3.lo `test -f 'testplug3.c' || echo './'`testplug3.c
libtool: compile:  gcc -DHAVE_CONFIG_H -I. -I. -I. -I../bfd -I./../bfd -I./../include -I./../zlib -g -O2 -DLOCALEDIR=\"/usr/local/share/locale\" -g -O2 -g -O2 -MT libldtestplug3_la-testplug3.lo -MD -MP -MF .deps/libldtestplug3_la-testplug3.Tpo -c testplug3.c  -fPIC -DPIC -o .libs/libldtestplug3_la-testplug3.o
libtool: compile:  gcc -DHAVE_CONFIG_H -I. -I. -I. -I../bfd -I./../bfd -I./../include -I./../zlib -g -O2 -DLOCALEDIR=\"/usr/local/share/locale\" -g -O2 -g -O2 -MT libldtestplug3_la-testplug3.lo -MD -MP -MF .deps/libldtestplug3_la-testplug3.Tpo -c testplug3.c -o libldtestplug3_la-testplug3.o >/dev/null 2>&1
mv -f .deps/libldtestplug3_la-testplug3.Tpo .deps/libldtestplug3_la-testplug3.Plo
/bin/bash ./libtool  --tag=CC   --mode=link gcc -g -O2 -g -O2 -no-undefined -rpath /nowhere  -o libldtestplug3.la  libldtestplug3_la-testplug3.lo  -ldl 
libtool: link: gcc -shared  -fPIC -DPIC  .libs/libldtestplug3_la-testplug3.o   -ldl    -Wl,-soname -Wl,libldtestplug3.so.0 -o .libs/libldtestplug3.so.0.0.0
libtool: link: (cd ".libs" && rm -f "libldtestplug3.so.0" && ln -s "libldtestplug3.so.0.0.0" "libldtestplug3.so.0")
libtool: link: (cd ".libs" && rm -f "libldtestplug3.so" && ln -s "libldtestplug3.so.0.0.0" "libldtestplug3.so")
libtool: link: ar rc .libs/libldtestplug3.a  libldtestplug3_la-testplug3.o
libtool: link: ranlib .libs/libldtestplug3.a
libtool: link: ( cd ".libs" && rm -f "libldtestplug3.la" && ln -s "../libldtestplug3.la" "libldtestplug3.la" )
/bin/bash ./libtool  --tag=CC   --mode=compile gcc -DHAVE_CONFIG_H -I.  -I. -I. -I../bfd -I./../bfd -I./../include -I./../zlib  -g -O2 -DLOCALEDIR="\"/usr/local/share/locale\""  -g -O2 -g -O2 -MT libldtestplug4_la-testplug4.lo -MD -MP -MF .deps/libldtestplug4_la-testplug4.Tpo -c -o libldtestplug4_la-testplug4.lo `test -f 'testplug4.c' || echo './'`testplug4.c
libtool: compile:  gcc -DHAVE_CONFIG_H -I. -I. -I. -I../bfd -I./../bfd -I./../include -I./../zlib -g -O2 -DLOCALEDIR=\"/usr/local/share/locale\" -g -O2 -g -O2 -MT libldtestplug4_la-testplug4.lo -MD -MP -MF .deps/libldtestplug4_la-testplug4.Tpo -c testplug4.c  -fPIC -DPIC -o .libs/libldtestplug4_la-testplug4.o
libtool: compile:  gcc -DHAVE_CONFIG_H -I. -I. -I. -I../bfd -I./../bfd -I./../include -I./../zlib -g -O2 -DLOCALEDIR=\"/usr/local/share/locale\" -g -O2 -g -O2 -MT libldtestplug4_la-testplug4.lo -MD -MP -MF .deps/libldtestplug4_la-testplug4.Tpo -c testplug4.c -o libldtestplug4_la-testplug4.o >/dev/null 2>&1
mv -f .deps/libldtestplug4_la-testplug4.Tpo .deps/libldtestplug4_la-testplug4.Plo
/bin/bash ./libtool  --tag=CC   --mode=link gcc -g -O2 -g -O2 -no-undefined -rpath /nowhere  -o libldtestplug4.la  libldtestplug4_la-testplug4.lo  -ldl 
libtool: link: gcc -shared  -fPIC -DPIC  .libs/libldtestplug4_la-testplug4.o   -ldl    -Wl,-soname -Wl,libldtestplug4.so.0 -o .libs/libldtestplug4.so.0.0.0
libtool: link: (cd ".libs" && rm -f "libldtestplug4.so.0" && ln -s "libldtestplug4.so.0.0.0" "libldtestplug4.so.0")
libtool: link: (cd ".libs" && rm -f "libldtestplug4.so" && ln -s "libldtestplug4.so.0.0.0" "libldtestplug4.so")
libtool: link: ar rc .libs/libldtestplug4.a  libldtestplug4_la-testplug4.o
libtool: link: ranlib .libs/libldtestplug4.a
libtool: link: ( cd ".libs" && rm -f "libldtestplug4.la" && ln -s "../libldtestplug4.la" "libldtestplug4.la" )
gcc -DHAVE_CONFIG_H -I.  -I. -I. -I../bfd -I./../bfd -I./../include -I./../zlib  -g -O2 -DLOCALEDIR="\"/usr/local/share/locale\""  -W -Wall -Wstrict-prototypes -Wmissing-prototypes -Wshadow -Wstack-usage=262144 -DELF_LIST_OPTIONS=TRUE -DELF_SHLIB_LIST_OPTIONS=TRUE -DELF_PLT_UNWIND_LIST_OPTIONS=TRUE -g -O2 -MT ldgram.o -MD -MP -MF .deps/ldgram.Tpo -c -o ldgram.o `test -f ldgram.c || echo ./`ldgram.c 
mv -f .deps/ldgram.Tpo .deps/ldgram.Po
gcc -DHAVE_CONFIG_H -I.  -I. -I. -I../bfd -I./../bfd -I./../include -I./../zlib  -g -O2 -DLOCALEDIR="\"/usr/local/share/locale\""  -W -Wall -Wstrict-prototypes -Wmissing-prototypes -Wshadow -Wstack-usage=262144 -DELF_LIST_OPTIONS=TRUE -DELF_SHLIB_LIST_OPTIONS=TRUE -DELF_PLT_UNWIND_LIST_OPTIONS=TRUE -g -O2 -MT ldlex-wrapper.o -MD -MP -MF .deps/ldlex-wrapper.Tpo -c -o ldlex-wrapper.o ./ldlex-wrapper.c 
mv -f .deps/ldlex-wrapper.Tpo .deps/ldlex-wrapper.Po
gcc -DHAVE_CONFIG_H -I.  -I. -I. -I../bfd -I./../bfd -I./../include -I./../zlib  -g -O2 -DLOCALEDIR="\"/usr/local/share/locale\""  -W -Wall -Wstrict-prototypes -Wmissing-prototypes -Wshadow -Wstack-usage=262144 -DELF_LIST_OPTIONS=TRUE -DELF_SHLIB_LIST_OPTIONS=TRUE -DELF_PLT_UNWIND_LIST_OPTIONS=TRUE -g -O2 -MT lexsup.o -MD -MP -MF .deps/lexsup.Tpo -c -o lexsup.o lexsup.c
mv -f .deps/lexsup.Tpo .deps/lexsup.Po
gcc -DHAVE_CONFIG_H -I.  -I. -I. -I../bfd -I./../bfd -I./../include -I./../zlib  -g -O2 -DLOCALEDIR="\"/usr/local/share/locale\""  -W -Wall -Wstrict-prototypes -Wmissing-prototypes -Wshadow -Wstack-usage=262144 -DELF_LIST_OPTIONS=TRUE -DELF_SHLIB_LIST_OPTIONS=TRUE -DELF_PLT_UNWIND_LIST_OPTIONS=TRUE -g -O2 -MT ldlang.o -MD -MP -MF .deps/ldlang.Tpo -c -o ldlang.o ldlang.c
mv -f .deps/ldlang.Tpo .deps/ldlang.Po
gcc -DHAVE_CONFIG_H -I.  -I. -I. -I../bfd -I./../bfd -I./../include -I./../zlib  -g -O2 -DLOCALEDIR="\"/usr/local/share/locale\""  -W -Wall -Wstrict-prototypes -Wmissing-prototypes -Wshadow -Wstack-usage=262144 -DELF_LIST_OPTIONS=TRUE -DELF_SHLIB_LIST_OPTIONS=TRUE -DELF_PLT_UNWIND_LIST_OPTIONS=TRUE -g -O2 -MT mri.o -MD -MP -MF .deps/mri.Tpo -c -o mri.o mri.c
mv -f .deps/mri.Tpo .deps/mri.Po
gcc -DHAVE_CONFIG_H -I.  -I. -I. -I../bfd -I./../bfd -I./../include -I./../zlib  -g -O2 -DLOCALEDIR="\"/usr/local/share/locale\""  -W -Wall -Wstrict-prototypes -Wmissing-prototypes -Wshadow -Wstack-usage=262144 -DELF_LIST_OPTIONS=TRUE -DELF_SHLIB_LIST_OPTIONS=TRUE -DELF_PLT_UNWIND_LIST_OPTIONS=TRUE -g -O2 -MT ldctor.o -MD -MP -MF .deps/ldctor.Tpo -c -o ldctor.o ldctor.c
mv -f .deps/ldctor.Tpo .deps/ldctor.Po
gcc -DHAVE_CONFIG_H -I.  -I. -I. -I../bfd -I./../bfd -I./../include -I./../zlib  -g -O2 -DLOCALEDIR="\"/usr/local/share/locale\""  -W -Wall -Wstrict-prototypes -Wmissing-prototypes -Wshadow -Wstack-usage=262144 -DELF_LIST_OPTIONS=TRUE -DELF_SHLIB_LIST_OPTIONS=TRUE -DELF_PLT_UNWIND_LIST_OPTIONS=TRUE -g -O2 -MT ldmain.o -MD -MP -MF .deps/ldmain.Tpo -c -o ldmain.o \
  -DDEFAULT_EMULATION='"elf_x86_64"' \
  -DBINDIR='"/usr/local/bin"' -DTOOLBINDIR='"/usr/local/x86_64-pc-linux-gnu/bin"' \
  -DTARGET='"x86_64-pc-linux-gnu"' -DTARGET_SYSTEM_ROOT=\"\" \
  ./ldmain.c
mv -f .deps/ldmain.Tpo .deps/ldmain.Po
gcc -DHAVE_CONFIG_H -I.  -I. -I. -I../bfd -I./../bfd -I./../include -I./../zlib  -g -O2 -DLOCALEDIR="\"/usr/local/share/locale\""  -W -Wall -Wstrict-prototypes -Wmissing-prototypes -Wshadow -Wstack-usage=262144 -DELF_LIST_OPTIONS=TRUE -DELF_SHLIB_LIST_OPTIONS=TRUE -DELF_PLT_UNWIND_LIST_OPTIONS=TRUE -g -O2 -MT ldwrite.o -MD -MP -MF .deps/ldwrite.Tpo -c -o ldwrite.o ldwrite.c
mv -f .deps/ldwrite.Tpo .deps/ldwrite.Po
gcc -DHAVE_CONFIG_H -I.  -I. -I. -I../bfd -I./../bfd -I./../include -I./../zlib  -g -O2 -DLOCALEDIR="\"/usr/local/share/locale\""  -W -Wall -Wstrict-prototypes -Wmissing-prototypes -Wshadow -Wstack-usage=262144 -DELF_LIST_OPTIONS=TRUE -DELF_SHLIB_LIST_OPTIONS=TRUE -DELF_PLT_UNWIND_LIST_OPTIONS=TRUE -g -O2 -MT ldexp.o -MD -MP -MF .deps/ldexp.Tpo -c -o ldexp.o ldexp.c
mv -f .deps/ldexp.Tpo .deps/ldexp.Po
gcc -DHAVE_CONFIG_H -I.  -I. -I. -I../bfd -I./../bfd -I./../include -I./../zlib  -g -O2 -DLOCALEDIR="\"/usr/local/share/locale\""  -W -Wall -Wstrict-prototypes -Wmissing-prototypes -Wshadow -Wstack-usage=262144 -DELF_LIST_OPTIONS=TRUE -DELF_SHLIB_LIST_OPTIONS=TRUE -DELF_PLT_UNWIND_LIST_OPTIONS=TRUE -g -O2 -MT ldemul.o -MD -MP -MF .deps/ldemul.Tpo -c -o ldemul.o ldemul.c
mv -f .deps/ldemul.Tpo .deps/ldemul.Po
gcc -DHAVE_CONFIG_H -I.  -I. -I. -I../bfd -I./../bfd -I./../include -I./../zlib  -g -O2 -DLOCALEDIR="\"/usr/local/share/locale\""  -W -Wall -Wstrict-prototypes -Wmissing-prototypes -Wshadow -Wstack-usage=262144 -DELF_LIST_OPTIONS=TRUE -DELF_SHLIB_LIST_OPTIONS=TRUE -DELF_PLT_UNWIND_LIST_OPTIONS=TRUE -g -O2 -MT ldver.o -MD -MP -MF .deps/ldver.Tpo -c -o ldver.o ldver.c
mv -f .deps/ldver.Tpo .deps/ldver.Po
gcc -DHAVE_CONFIG_H -I.  -I. -I. -I../bfd -I./../bfd -I./../include -I./../zlib  -g -O2 -DLOCALEDIR="\"/usr/local/share/locale\""  -W -Wall -Wstrict-prototypes -Wmissing-prototypes -Wshadow -Wstack-usage=262144 -DELF_LIST_OPTIONS=TRUE -DELF_SHLIB_LIST_OPTIONS=TRUE -DELF_PLT_UNWIND_LIST_OPTIONS=TRUE -g -O2 -MT ldmisc.o -MD -MP -MF .deps/ldmisc.Tpo -c -o ldmisc.o ldmisc.c
mv -f .deps/ldmisc.Tpo .deps/ldmisc.Po
gcc -DHAVE_CONFIG_H -I.  -I. -I. -I../bfd -I./../bfd -I./../include -I./../zlib  -g -O2 -DLOCALEDIR="\"/usr/local/share/locale\""  -W -Wall -Wstrict-prototypes -Wmissing-prototypes -Wshadow -Wstack-usage=262144 -DELF_LIST_OPTIONS=TRUE -DELF_SHLIB_LIST_OPTIONS=TRUE -DELF_PLT_UNWIND_LIST_OPTIONS=TRUE -g -O2 -MT ldfile.o -MD -MP -MF .deps/ldfile.Tpo -c -o ldfile.o \
-DSCRIPTDIR='"/usr/local/x86_64-pc-linux-gnu/lib"' -DBINDIR='"/usr/local/bin"' -DTOOLBINDIR='"/usr/local/x86_64-pc-linux-gnu/bin"' \
 ./ldfile.c
mv -f .deps/ldfile.Tpo .deps/ldfile.Po
gcc -DHAVE_CONFIG_H -I.  -I. -I. -I../bfd -I./../bfd -I./../include -I./../zlib  -g -O2 -DLOCALEDIR="\"/usr/local/share/locale\""  -W -Wall -Wstrict-prototypes -Wmissing-prototypes -Wshadow -Wstack-usage=262144 -DELF_LIST_OPTIONS=TRUE -DELF_SHLIB_LIST_OPTIONS=TRUE -DELF_PLT_UNWIND_LIST_OPTIONS=TRUE -g -O2 -MT ldcref.o -MD -MP -MF .deps/ldcref.Tpo -c -o ldcref.o ldcref.c
mv -f .deps/ldcref.Tpo .deps/ldcref.Po
gcc -DHAVE_CONFIG_H -I.  -I. -I. -I../bfd -I./../bfd -I./../include -I./../zlib  -g -O2 -DLOCALEDIR="\"/usr/local/share/locale\""  -W -Wall -Wstrict-prototypes -Wmissing-prototypes -Wshadow -Wstack-usage=262144 -DELF_LIST_OPTIONS=TRUE -DELF_SHLIB_LIST_OPTIONS=TRUE -DELF_PLT_UNWIND_LIST_OPTIONS=TRUE -g -O2 -MT plugin.o -MD -MP -MF .deps/plugin.Tpo -c -o plugin.o plugin.c
mv -f .deps/plugin.Tpo .deps/plugin.Po
gcc -DHAVE_CONFIG_H -I.  -I. -I. -I../bfd -I./../bfd -I./../include -I./../zlib  -g -O2 -DLOCALEDIR="\"/usr/local/share/locale\""  -W -Wall -Wstrict-prototypes -Wmissing-prototypes -Wshadow -Wstack-usage=262144 -DELF_LIST_OPTIONS=TRUE -DELF_SHLIB_LIST_OPTIONS=TRUE -DELF_PLT_UNWIND_LIST_OPTIONS=TRUE -g -O2 -MT ldbuildid.o -MD -MP -MF .deps/ldbuildid.Tpo -c -o ldbuildid.o ldbuildid.c
mv -f .deps/ldbuildid.Tpo .deps/ldbuildid.Po
cp ./emultempl/astring.sed stringify.sed
base=`echo eaix5ppc.c | sed -e 's,e\(.*\).c,\1,'`; \
make run-genscripts "script_target=$base" "script_tdirname=tdir_$base"
make[5]: Entering directory '/external/binutils-2.35.1/ld'
/bin/bash ./genscripts.sh "." "/usr/local/lib" "/usr/local" "/usr/local" x86_64-pc-linux-gnu x86_64-pc-linux-gnu x86_64-pc-linux-gnu ".deps" "" "elf_x86_64 elf_i386 elf32_x86_64 elf_l1om elf_k1om" "/usr/local/lib /lib /usr/lib" no yes aix5ppc ""
make[5]: Leaving directory '/external/binutils-2.35.1/ld'
gcc -DHAVE_CONFIG_H -I.  -I. -I. -I../bfd -I./../bfd -I./../include -I./../zlib  -g -O2 -DLOCALEDIR="\"/usr/local/share/locale\""  -W -Wall -Wstrict-prototypes -Wmissing-prototypes -Wshadow -Wstack-usage=262144 -DELF_LIST_OPTIONS=TRUE -DELF_SHLIB_LIST_OPTIONS=TRUE -DELF_PLT_UNWIND_LIST_OPTIONS=TRUE -g -O2 -MT eaix5ppc.o -MD -MP -MF .deps/eaix5ppc.Tpo -c -o eaix5ppc.o eaix5ppc.c
mv -f .deps/eaix5ppc.Tpo .deps/eaix5ppc.Po
base=`echo eaix5rs6.c | sed -e 's,e\(.*\).c,\1,'`; \
make run-genscripts "script_target=$base" "script_tdirname=tdir_$base"
make[5]: Entering directory '/external/binutils-2.35.1/ld'
/bin/bash ./genscripts.sh "." "/usr/local/lib" "/usr/local" "/usr/local" x86_64-pc-linux-gnu x86_64-pc-linux-gnu x86_64-pc-linux-gnu ".deps" "" "elf_x86_64 elf_i386 elf32_x86_64 elf_l1om elf_k1om" "/usr/local/lib /lib /usr/lib" no yes aix5rs6 ""
make[5]: Leaving directory '/external/binutils-2.35.1/ld'
gcc -DHAVE_CONFIG_H -I.  -I. -I. -I../bfd -I./../bfd -I./../include -I./../zlib  -g -O2 -DLOCALEDIR="\"/usr/local/share/locale\""  -W -Wall -Wstrict-prototypes -Wmissing-prototypes -Wshadow -Wstack-usage=262144 -DELF_LIST_OPTIONS=TRUE -DELF_SHLIB_LIST_OPTIONS=TRUE -DELF_PLT_UNWIND_LIST_OPTIONS=TRUE -g -O2 -MT eaix5rs6.o -MD -MP -MF .deps/eaix5rs6.Tpo -c -o eaix5rs6.o eaix5rs6.c
mv -f .deps/eaix5rs6.Tpo .deps/eaix5rs6.Po
base=`echo eaixppc.c | sed -e 's,e\(.*\).c,\1,'`; \
make run-genscripts "script_target=$base" "script_tdirname=tdir_$base"
make[5]: Entering directory '/external/binutils-2.35.1/ld'
/bin/bash ./genscripts.sh "." "/usr/local/lib" "/usr/local" "/usr/local" x86_64-pc-linux-gnu x86_64-pc-linux-gnu x86_64-pc-linux-gnu ".deps" "" "elf_x86_64 elf_i386 elf32_x86_64 elf_l1om elf_k1om" "/usr/local/lib /lib /usr/lib" no yes aixppc ""
make[5]: Leaving directory '/external/binutils-2.35.1/ld'
gcc -DHAVE_CONFIG_H -I.  -I. -I. -I../bfd -I./../bfd -I./../include -I./../zlib  -g -O2 -DLOCALEDIR="\"/usr/local/share/locale\""  -W -Wall -Wstrict-prototypes -Wmissing-prototypes -Wshadow -Wstack-usage=262144 -DELF_LIST_OPTIONS=TRUE -DELF_SHLIB_LIST_OPTIONS=TRUE -DELF_PLT_UNWIND_LIST_OPTIONS=TRUE -g -O2 -MT eaixppc.o -MD -MP -MF .deps/eaixppc.Tpo -c -o eaixppc.o eaixppc.c
mv -f .deps/eaixppc.Tpo .deps/eaixppc.Po
base=`echo eaixrs6.c | sed -e 's,e\(.*\).c,\1,'`; \
make run-genscripts "script_target=$base" "script_tdirname=tdir_$base"
make[5]: Entering directory '/external/binutils-2.35.1/ld'
/bin/bash ./genscripts.sh "." "/usr/local/lib" "/usr/local" "/usr/local" x86_64-pc-linux-gnu x86_64-pc-linux-gnu x86_64-pc-linux-gnu ".deps" "" "elf_x86_64 elf_i386 elf32_x86_64 elf_l1om elf_k1om" "/usr/local/lib /lib /usr/lib" no yes aixrs6 ""
make[5]: Leaving directory '/external/binutils-2.35.1/ld'
gcc -DHAVE_CONFIG_H -I.  -I. -I. -I../bfd -I./../bfd -I./../include -I./../zlib  -g -O2 -DLOCALEDIR="\"/usr/local/share/locale\""  -W -Wall -Wstrict-prototypes -Wmissing-prototypes -Wshadow -Wstack-usage=262144 -DELF_LIST_OPTIONS=TRUE -DELF_SHLIB_LIST_OPTIONS=TRUE -DELF_PLT_UNWIND_LIST_OPTIONS=TRUE -g -O2 -MT eaixrs6.o -MD -MP -MF .deps/eaixrs6.Tpo -c -o eaixrs6.o eaixrs6.c
mv -f .deps/eaixrs6.Tpo .deps/eaixrs6.Po
base=`echo ealpha.c | sed -e 's,e\(.*\).c,\1,'`; \
make run-genscripts "script_target=$base" "script_tdirname=tdir_$base"
make[5]: Entering directory '/external/binutils-2.35.1/ld'
/bin/bash ./genscripts.sh "." "/usr/local/lib" "/usr/local" "/usr/local" x86_64-pc-linux-gnu x86_64-pc-linux-gnu x86_64-pc-linux-gnu ".deps" "" "elf_x86_64 elf_i386 elf32_x86_64 elf_l1om elf_k1om" "/usr/local/lib /lib /usr/lib" no yes alpha ""
make[5]: Leaving directory '/external/binutils-2.35.1/ld'
gcc -DHAVE_CONFIG_H -I.  -I. -I. -I../bfd -I./../bfd -I./../include -I./../zlib  -g -O2 -DLOCALEDIR="\"/usr/local/share/locale\""  -W -Wall -Wstrict-prototypes -Wmissing-prototypes -Wshadow -Wstack-usage=262144 -DELF_LIST_OPTIONS=TRUE -DELF_SHLIB_LIST_OPTIONS=TRUE -DELF_PLT_UNWIND_LIST_OPTIONS=TRUE -g -O2 -MT ealpha.o -MD -MP -MF .deps/ealpha.Tpo -c -o ealpha.o ealpha.c
mv -f .deps/ealpha.Tpo .deps/ealpha.Po
base=`echo ealphavms.c | sed -e 's,e\(.*\).c,\1,'`; \
make run-genscripts "script_target=$base" "script_tdirname=tdir_$base"
make[5]: Entering directory '/external/binutils-2.35.1/ld'
/bin/bash ./genscripts.sh "." "/usr/local/lib" "/usr/local" "/usr/local" x86_64-pc-linux-gnu x86_64-pc-linux-gnu x86_64-pc-linux-gnu ".deps" "" "elf_x86_64 elf_i386 elf32_x86_64 elf_l1om elf_k1om" "/usr/local/lib /lib /usr/lib" no yes alphavms ""
make[5]: Leaving directory '/external/binutils-2.35.1/ld'
gcc -DHAVE_CONFIG_H -I.  -I. -I. -I../bfd -I./../bfd -I./../include -I./../zlib  -g -O2 -DLOCALEDIR="\"/usr/local/share/locale\""  -W -Wall -Wstrict-prototypes -Wmissing-prototypes -Wshadow -Wstack-usage=262144 -DELF_LIST_OPTIONS=TRUE -DELF_SHLIB_LIST_OPTIONS=TRUE -DELF_PLT_UNWIND_LIST_OPTIONS=TRUE -g -O2 -MT ealphavms.o -MD -MP -MF .deps/ealphavms.Tpo -c -o ealphavms.o ealphavms.c
mv -f .deps/ealphavms.Tpo .deps/ealphavms.Po
base=`echo earcv2elf.c | sed -e 's,e\(.*\).c,\1,'`; \
make run-genscripts "script_target=$base" "script_tdirname=tdir_$base"
make[5]: Entering directory '/external/binutils-2.35.1/ld'
/bin/bash ./genscripts.sh "." "/usr/local/lib" "/usr/local" "/usr/local" x86_64-pc-linux-gnu x86_64-pc-linux-gnu x86_64-pc-linux-gnu ".deps" "" "elf_x86_64 elf_i386 elf32_x86_64 elf_l1om elf_k1om" "/usr/local/lib /lib /usr/lib" no yes arcv2elf ""
make[5]: Leaving directory '/external/binutils-2.35.1/ld'
gcc -DHAVE_CONFIG_H -I.  -I. -I. -I../bfd -I./../bfd -I./../include -I./../zlib  -g -O2 -DLOCALEDIR="\"/usr/local/share/locale\""  -W -Wall -Wstrict-prototypes -Wmissing-prototypes -Wshadow -Wstack-usage=262144 -DELF_LIST_OPTIONS=TRUE -DELF_SHLIB_LIST_OPTIONS=TRUE -DELF_PLT_UNWIND_LIST_OPTIONS=TRUE -g -O2 -MT earcv2elf.o -MD -MP -MF .deps/earcv2elf.Tpo -c -o earcv2elf.o earcv2elf.c
mv -f .deps/earcv2elf.Tpo .deps/earcv2elf.Po
base=`echo earcv2elfx.c | sed -e 's,e\(.*\).c,\1,'`; \
make run-genscripts "script_target=$base" "script_tdirname=tdir_$base"
make[5]: Entering directory '/external/binutils-2.35.1/ld'
/bin/bash ./genscripts.sh "." "/usr/local/lib" "/usr/local" "/usr/local" x86_64-pc-linux-gnu x86_64-pc-linux-gnu x86_64-pc-linux-gnu ".deps" "" "elf_x86_64 elf_i386 elf32_x86_64 elf_l1om elf_k1om" "/usr/local/lib /lib /usr/lib" no yes arcv2elfx ""
make[5]: Leaving directory '/external/binutils-2.35.1/ld'
gcc -DHAVE_CONFIG_H -I.  -I. -I. -I../bfd -I./../bfd -I./../include -I./../zlib  -g -O2 -DLOCALEDIR="\"/usr/local/share/locale\""  -W -Wall -Wstrict-prototypes -Wmissing-prototypes -Wshadow -Wstack-usage=262144 -DELF_LIST_OPTIONS=TRUE -DELF_SHLIB_LIST_OPTIONS=TRUE -DELF_PLT_UNWIND_LIST_OPTIONS=TRUE -g -O2 -MT earcv2elfx.o -MD -MP -MF .deps/earcv2elfx.Tpo -c -o earcv2elfx.o earcv2elfx.c
mv -f .deps/earcv2elfx.Tpo .deps/earcv2elfx.Po
base=`echo earcelf.c | sed -e 's,e\(.*\).c,\1,'`; \
make run-genscripts "script_target=$base" "script_tdirname=tdir_$base"
make[5]: Entering directory '/external/binutils-2.35.1/ld'
/bin/bash ./genscripts.sh "." "/usr/local/lib" "/usr/local" "/usr/local" x86_64-pc-linux-gnu x86_64-pc-linux-gnu x86_64-pc-linux-gnu ".deps" "" "elf_x86_64 elf_i386 elf32_x86_64 elf_l1om elf_k1om" "/usr/local/lib /lib /usr/lib" no yes arcelf ""
make[5]: Leaving directory '/external/binutils-2.35.1/ld'
gcc -DHAVE_CONFIG_H -I.  -I. -I. -I../bfd -I./../bfd -I./../include -I./../zlib  -g -O2 -DLOCALEDIR="\"/usr/local/share/locale\""  -W -Wall -Wstrict-prototypes -Wmissing-prototypes -Wshadow -Wstack-usage=262144 -DELF_LIST_OPTIONS=TRUE -DELF_SHLIB_LIST_OPTIONS=TRUE -DELF_PLT_UNWIND_LIST_OPTIONS=TRUE -g -O2 -MT earcelf.o -MD -MP -MF .deps/earcelf.Tpo -c -o earcelf.o earcelf.c
mv -f .deps/earcelf.Tpo .deps/earcelf.Po
base=`echo earclinux.c | sed -e 's,e\(.*\).c,\1,'`; \
make run-genscripts "script_target=$base" "script_tdirname=tdir_$base"
make[5]: Entering directory '/external/binutils-2.35.1/ld'
/bin/bash ./genscripts.sh "." "/usr/local/lib" "/usr/local" "/usr/local" x86_64-pc-linux-gnu x86_64-pc-linux-gnu x86_64-pc-linux-gnu ".deps" "" "elf_x86_64 elf_i386 elf32_x86_64 elf_l1om elf_k1om" "/usr/local/lib /lib /usr/lib" no yes arclinux ""
make[5]: Leaving directory '/external/binutils-2.35.1/ld'
gcc -DHAVE_CONFIG_H -I.  -I. -I. -I../bfd -I./../bfd -I./../include -I./../zlib  -g -O2 -DLOCALEDIR="\"/usr/local/share/locale\""  -W -Wall -Wstrict-prototypes -Wmissing-prototypes -Wshadow -Wstack-usage=262144 -DELF_LIST_OPTIONS=TRUE -DELF_SHLIB_LIST_OPTIONS=TRUE -DELF_PLT_UNWIND_LIST_OPTIONS=TRUE -g -O2 -MT earclinux.o -MD -MP -MF .deps/earclinux.Tpo -c -o earclinux.o earclinux.c
mv -f .deps/earclinux.Tpo .deps/earclinux.Po
base=`echo earclinux_nps.c | sed -e 's,e\(.*\).c,\1,'`; \
make run-genscripts "script_target=$base" "script_tdirname=tdir_$base"
make[5]: Entering directory '/external/binutils-2.35.1/ld'
/bin/bash ./genscripts.sh "." "/usr/local/lib" "/usr/local" "/usr/local" x86_64-pc-linux-gnu x86_64-pc-linux-gnu x86_64-pc-linux-gnu ".deps" "" "elf_x86_64 elf_i386 elf32_x86_64 elf_l1om elf_k1om" "/usr/local/lib /lib /usr/lib" no yes arclinux_nps ""
make[5]: Leaving directory '/external/binutils-2.35.1/ld'
gcc -DHAVE_CONFIG_H -I.  -I. -I. -I../bfd -I./../bfd -I./../include -I./../zlib  -g -O2 -DLOCALEDIR="\"/usr/local/share/locale\""  -W -Wall -Wstrict-prototypes -Wmissing-prototypes -Wshadow -Wstack-usage=262144 -DELF_LIST_OPTIONS=TRUE -DELF_SHLIB_LIST_OPTIONS=TRUE -DELF_PLT_UNWIND_LIST_OPTIONS=TRUE -g -O2 -MT earclinux_nps.o -MD -MP -MF .deps/earclinux_nps.Tpo -c -o earclinux_nps.o earclinux_nps.c
mv -f .deps/earclinux_nps.Tpo .deps/earclinux_nps.Po
base=`echo earm_wince_pe.c | sed -e 's,e\(.*\).c,\1,'`; \
make run-genscripts "script_target=$base" "script_tdirname=tdir_$base"
make[5]: Entering directory '/external/binutils-2.35.1/ld'
/bin/bash ./genscripts.sh "." "/usr/local/lib" "/usr/local" "/usr/local" x86_64-pc-linux-gnu x86_64-pc-linux-gnu x86_64-pc-linux-gnu ".deps" "" "elf_x86_64 elf_i386 elf32_x86_64 elf_l1om elf_k1om" "/usr/local/lib /lib /usr/lib" no yes arm_wince_pe ""
make[5]: Leaving directory '/external/binutils-2.35.1/ld'
gcc -DHAVE_CONFIG_H -I.  -I. -I. -I../bfd -I./../bfd -I./../include -I./../zlib  -g -O2 -DLOCALEDIR="\"/usr/local/share/locale\""  -W -Wall -Wstrict-prototypes -Wmissing-prototypes -Wshadow -Wstack-usage=262144 -DELF_LIST_OPTIONS=TRUE -DELF_SHLIB_LIST_OPTIONS=TRUE -DELF_PLT_UNWIND_LIST_OPTIONS=TRUE -g -O2 -MT earm_wince_pe.o -MD -MP -MF .deps/earm_wince_pe.Tpo -c -o earm_wince_pe.o earm_wince_pe.c
mv -f .deps/earm_wince_pe.Tpo .deps/earm_wince_pe.Po
base=`echo earmelf.c | sed -e 's,e\(.*\).c,\1,'`; \
make run-genscripts "script_target=$base" "script_tdirname=tdir_$base"
make[5]: Entering directory '/external/binutils-2.35.1/ld'
/bin/bash ./genscripts.sh "." "/usr/local/lib" "/usr/local" "/usr/local" x86_64-pc-linux-gnu x86_64-pc-linux-gnu x86_64-pc-linux-gnu ".deps" "" "elf_x86_64 elf_i386 elf32_x86_64 elf_l1om elf_k1om" "/usr/local/lib /lib /usr/lib" no yes armelf ""
make[5]: Leaving directory '/external/binutils-2.35.1/ld'
gcc -DHAVE_CONFIG_H -I.  -I. -I. -I../bfd -I./../bfd -I./../include -I./../zlib  -g -O2 -DLOCALEDIR="\"/usr/local/share/locale\""  -W -Wall -Wstrict-prototypes -Wmissing-prototypes -Wshadow -Wstack-usage=262144 -DELF_LIST_OPTIONS=TRUE -DELF_SHLIB_LIST_OPTIONS=TRUE -DELF_PLT_UNWIND_LIST_OPTIONS=TRUE -g -O2 -MT earmelf.o -MD -MP -MF .deps/earmelf.Tpo -c -o earmelf.o earmelf.c
mv -f .deps/earmelf.Tpo .deps/earmelf.Po
base=`echo earmelf_fbsd.c | sed -e 's,e\(.*\).c,\1,'`; \
make run-genscripts "script_target=$base" "script_tdirname=tdir_$base"
make[5]: Entering directory '/external/binutils-2.35.1/ld'
/bin/bash ./genscripts.sh "." "/usr/local/lib" "/usr/local" "/usr/local" x86_64-pc-linux-gnu x86_64-pc-linux-gnu x86_64-pc-linux-gnu ".deps" "" "elf_x86_64 elf_i386 elf32_x86_64 elf_l1om elf_k1om" "/usr/local/lib /lib /usr/lib" no yes armelf_fbsd ""
make[5]: Leaving directory '/external/binutils-2.35.1/ld'
gcc -DHAVE_CONFIG_H -I.  -I. -I. -I../bfd -I./../bfd -I./../include -I./../zlib  -g -O2 -DLOCALEDIR="\"/usr/local/share/locale\""  -W -Wall -Wstrict-prototypes -Wmissing-prototypes -Wshadow -Wstack-usage=262144 -DELF_LIST_OPTIONS=TRUE -DELF_SHLIB_LIST_OPTIONS=TRUE -DELF_PLT_UNWIND_LIST_OPTIONS=TRUE -g -O2 -MT earmelf_fbsd.o -MD -MP -MF .deps/earmelf_fbsd.Tpo -c -o earmelf_fbsd.o earmelf_fbsd.c
mv -f .deps/earmelf_fbsd.Tpo .deps/earmelf_fbsd.Po
base=`echo earmelf_fuchsia.c | sed -e 's,e\(.*\).c,\1,'`; \
make run-genscripts "script_target=$base" "script_tdirname=tdir_$base"
make[5]: Entering directory '/external/binutils-2.35.1/ld'
/bin/bash ./genscripts.sh "." "/usr/local/lib" "/usr/local" "/usr/local" x86_64-pc-linux-gnu x86_64-pc-linux-gnu x86_64-pc-linux-gnu ".deps" "" "elf_x86_64 elf_i386 elf32_x86_64 elf_l1om elf_k1om" "/usr/local/lib /lib /usr/lib" no yes armelf_fuchsia ""
make[5]: Leaving directory '/external/binutils-2.35.1/ld'
gcc -DHAVE_CONFIG_H -I.  -I. -I. -I../bfd -I./../bfd -I./../include -I./../zlib  -g -O2 -DLOCALEDIR="\"/usr/local/share/locale\""  -W -Wall -Wstrict-prototypes -Wmissing-prototypes -Wshadow -Wstack-usage=262144 -DELF_LIST_OPTIONS=TRUE -DELF_SHLIB_LIST_OPTIONS=TRUE -DELF_PLT_UNWIND_LIST_OPTIONS=TRUE -g -O2 -MT earmelf_fuchsia.o -MD -MP -MF .deps/earmelf_fuchsia.Tpo -c -o earmelf_fuchsia.o earmelf_fuchsia.c
mv -f .deps/earmelf_fuchsia.Tpo .deps/earmelf_fuchsia.Po
base=`echo earmelf_linux.c | sed -e 's,e\(.*\).c,\1,'`; \
make run-genscripts "script_target=$base" "script_tdirname=tdir_$base"
make[5]: Entering directory '/external/binutils-2.35.1/ld'
/bin/bash ./genscripts.sh "." "/usr/local/lib" "/usr/local" "/usr/local" x86_64-pc-linux-gnu x86_64-pc-linux-gnu x86_64-pc-linux-gnu ".deps" "" "elf_x86_64 elf_i386 elf32_x86_64 elf_l1om elf_k1om" "/usr/local/lib /lib /usr/lib" no yes armelf_linux ""
make[5]: Leaving directory '/external/binutils-2.35.1/ld'
gcc -DHAVE_CONFIG_H -I.  -I. -I. -I../bfd -I./../bfd -I./../include -I./../zlib  -g -O2 -DLOCALEDIR="\"/usr/local/share/locale\""  -W -Wall -Wstrict-prototypes -Wmissing-prototypes -Wshadow -Wstack-usage=262144 -DELF_LIST_OPTIONS=TRUE -DELF_SHLIB_LIST_OPTIONS=TRUE -DELF_PLT_UNWIND_LIST_OPTIONS=TRUE -g -O2 -MT earmelf_linux.o -MD -MP -MF .deps/earmelf_linux.Tpo -c -o earmelf_linux.o earmelf_linux.c
mv -f .deps/earmelf_linux.Tpo .deps/earmelf_linux.Po
base=`echo earmelf_linux_eabi.c | sed -e 's,e\(.*\).c,\1,'`; \
make run-genscripts "script_target=$base" "script_tdirname=tdir_$base"
make[5]: Entering directory '/external/binutils-2.35.1/ld'
/bin/bash ./genscripts.sh "." "/usr/local/lib" "/usr/local" "/usr/local" x86_64-pc-linux-gnu x86_64-pc-linux-gnu x86_64-pc-linux-gnu ".deps" "" "elf_x86_64 elf_i386 elf32_x86_64 elf_l1om elf_k1om" "/usr/local/lib /lib /usr/lib" no yes armelf_linux_eabi ""
make[5]: Leaving directory '/external/binutils-2.35.1/ld'
gcc -DHAVE_CONFIG_H -I.  -I. -I. -I../bfd -I./../bfd -I./../include -I./../zlib  -g -O2 -DLOCALEDIR="\"/usr/local/share/locale\""  -W -Wall -Wstrict-prototypes -Wmissing-prototypes -Wshadow -Wstack-usage=262144 -DELF_LIST_OPTIONS=TRUE -DELF_SHLIB_LIST_OPTIONS=TRUE -DELF_PLT_UNWIND_LIST_OPTIONS=TRUE -g -O2 -MT earmelf_linux_eabi.o -MD -MP -MF .deps/earmelf_linux_eabi.Tpo -c -o earmelf_linux_eabi.o earmelf_linux_eabi.c
mv -f .deps/earmelf_linux_eabi.Tpo .deps/earmelf_linux_eabi.Po
base=`echo earmelf_linux_fdpiceabi.c | sed -e 's,e\(.*\).c,\1,'`; \
make run-genscripts "script_target=$base" "script_tdirname=tdir_$base"
make[5]: Entering directory '/external/binutils-2.35.1/ld'
/bin/bash ./genscripts.sh "." "/usr/local/lib" "/usr/local" "/usr/local" x86_64-pc-linux-gnu x86_64-pc-linux-gnu x86_64-pc-linux-gnu ".deps" "" "elf_x86_64 elf_i386 elf32_x86_64 elf_l1om elf_k1om" "/usr/local/lib /lib /usr/lib" no yes armelf_linux_fdpiceabi ""
make[5]: Leaving directory '/external/binutils-2.35.1/ld'
gcc -DHAVE_CONFIG_H -I.  -I. -I. -I../bfd -I./../bfd -I./../include -I./../zlib  -g -O2 -DLOCALEDIR="\"/usr/local/share/locale\""  -W -Wall -Wstrict-prototypes -Wmissing-prototypes -Wshadow -Wstack-usage=262144 -DELF_LIST_OPTIONS=TRUE -DELF_SHLIB_LIST_OPTIONS=TRUE -DELF_PLT_UNWIND_LIST_OPTIONS=TRUE -g -O2 -MT earmelf_linux_fdpiceabi.o -MD -MP -MF .deps/earmelf_linux_fdpiceabi.Tpo -c -o earmelf_linux_fdpiceabi.o earmelf_linux_fdpiceabi.c
mv -f .deps/earmelf_linux_fdpiceabi.Tpo .deps/earmelf_linux_fdpiceabi.Po
base=`echo earmelf_nacl.c | sed -e 's,e\(.*\).c,\1,'`; \
make run-genscripts "script_target=$base" "script_tdirname=tdir_$base"
make[5]: Entering directory '/external/binutils-2.35.1/ld'
/bin/bash ./genscripts.sh "." "/usr/local/lib" "/usr/local" "/usr/local" x86_64-pc-linux-gnu x86_64-pc-linux-gnu x86_64-pc-linux-gnu ".deps" "" "elf_x86_64 elf_i386 elf32_x86_64 elf_l1om elf_k1om" "/usr/local/lib /lib /usr/lib" no yes armelf_nacl ""
make[5]: Leaving directory '/external/binutils-2.35.1/ld'
gcc -DHAVE_CONFIG_H -I.  -I. -I. -I../bfd -I./../bfd -I./../include -I./../zlib  -g -O2 -DLOCALEDIR="\"/usr/local/share/locale\""  -W -Wall -Wstrict-prototypes -Wmissing-prototypes -Wshadow -Wstack-usage=262144 -DELF_LIST_OPTIONS=TRUE -DELF_SHLIB_LIST_OPTIONS=TRUE -DELF_PLT_UNWIND_LIST_OPTIONS=TRUE -g -O2 -MT earmelf_nacl.o -MD -MP -MF .deps/earmelf_nacl.Tpo -c -o earmelf_nacl.o earmelf_nacl.c
mv -f .deps/earmelf_nacl.Tpo .deps/earmelf_nacl.Po
base=`echo earmelf_nbsd.c | sed -e 's,e\(.*\).c,\1,'`; \
make run-genscripts "script_target=$base" "script_tdirname=tdir_$base"
make[5]: Entering directory '/external/binutils-2.35.1/ld'
/bin/bash ./genscripts.sh "." "/usr/local/lib" "/usr/local" "/usr/local" x86_64-pc-linux-gnu x86_64-pc-linux-gnu x86_64-pc-linux-gnu ".deps" "" "elf_x86_64 elf_i386 elf32_x86_64 elf_l1om elf_k1om" "/usr/local/lib /lib /usr/lib" no yes armelf_nbsd ""
make[5]: Leaving directory '/external/binutils-2.35.1/ld'
gcc -DHAVE_CONFIG_H -I.  -I. -I. -I../bfd -I./../bfd -I./../include -I./../zlib  -g -O2 -DLOCALEDIR="\"/usr/local/share/locale\""  -W -Wall -Wstrict-prototypes -Wmissing-prototypes -Wshadow -Wstack-usage=262144 -DELF_LIST_OPTIONS=TRUE -DELF_SHLIB_LIST_OPTIONS=TRUE -DELF_PLT_UNWIND_LIST_OPTIONS=TRUE -g -O2 -MT earmelf_nbsd.o -MD -MP -MF .deps/earmelf_nbsd.Tpo -c -o earmelf_nbsd.o earmelf_nbsd.c
mv -f .deps/earmelf_nbsd.Tpo .deps/earmelf_nbsd.Po
base=`echo earmelf_phoenix.c | sed -e 's,e\(.*\).c,\1,'`; \
make run-genscripts "script_target=$base" "script_tdirname=tdir_$base"
make[5]: Entering directory '/external/binutils-2.35.1/ld'
/bin/bash ./genscripts.sh "." "/usr/local/lib" "/usr/local" "/usr/local" x86_64-pc-linux-gnu x86_64-pc-linux-gnu x86_64-pc-linux-gnu ".deps" "" "elf_x86_64 elf_i386 elf32_x86_64 elf_l1om elf_k1om" "/usr/local/lib /lib /usr/lib" no yes armelf_phoenix ""
make[5]: Leaving directory '/external/binutils-2.35.1/ld'
gcc -DHAVE_CONFIG_H -I.  -I. -I. -I../bfd -I./../bfd -I./../include -I./../zlib  -g -O2 -DLOCALEDIR="\"/usr/local/share/locale\""  -W -Wall -Wstrict-prototypes -Wmissing-prototypes -Wshadow -Wstack-usage=262144 -DELF_LIST_OPTIONS=TRUE -DELF_SHLIB_LIST_OPTIONS=TRUE -DELF_PLT_UNWIND_LIST_OPTIONS=TRUE -g -O2 -MT earmelf_phoenix.o -MD -MP -MF .deps/earmelf_phoenix.Tpo -c -o earmelf_phoenix.o earmelf_phoenix.c
mv -f .deps/earmelf_phoenix.Tpo .deps/earmelf_phoenix.Po
base=`echo earmelf_vxworks.c | sed -e 's,e\(.*\).c,\1,'`; \
make run-genscripts "script_target=$base" "script_tdirname=tdir_$base"
make[5]: Entering directory '/external/binutils-2.35.1/ld'
/bin/bash ./genscripts.sh "." "/usr/local/lib" "/usr/local" "/usr/local" x86_64-pc-linux-gnu x86_64-pc-linux-gnu x86_64-pc-linux-gnu ".deps" "" "elf_x86_64 elf_i386 elf32_x86_64 elf_l1om elf_k1om" "/usr/local/lib /lib /usr/lib" no yes armelf_vxworks ""
make[5]: Leaving directory '/external/binutils-2.35.1/ld'
gcc -DHAVE_CONFIG_H -I.  -I. -I. -I../bfd -I./../bfd -I./../include -I./../zlib  -g -O2 -DLOCALEDIR="\"/usr/local/share/locale\""  -W -Wall -Wstrict-prototypes -Wmissing-prototypes -Wshadow -Wstack-usage=262144 -DELF_LIST_OPTIONS=TRUE -DELF_SHLIB_LIST_OPTIONS=TRUE -DELF_PLT_UNWIND_LIST_OPTIONS=TRUE -g -O2 -MT earmelf_vxworks.o -MD -MP -MF .deps/earmelf_vxworks.Tpo -c -o earmelf_vxworks.o earmelf_vxworks.c
mv -f .deps/earmelf_vxworks.Tpo .deps/earmelf_vxworks.Po
base=`echo earmelfb.c | sed -e 's,e\(.*\).c,\1,'`; \
make run-genscripts "script_target=$base" "script_tdirname=tdir_$base"
make[5]: Entering directory '/external/binutils-2.35.1/ld'
/bin/bash ./genscripts.sh "." "/usr/local/lib" "/usr/local" "/usr/local" x86_64-pc-linux-gnu x86_64-pc-linux-gnu x86_64-pc-linux-gnu ".deps" "" "elf_x86_64 elf_i386 elf32_x86_64 elf_l1om elf_k1om" "/usr/local/lib /lib /usr/lib" no yes armelfb ""
make[5]: Leaving directory '/external/binutils-2.35.1/ld'
gcc -DHAVE_CONFIG_H -I.  -I. -I. -I../bfd -I./../bfd -I./../include -I./../zlib  -g -O2 -DLOCALEDIR="\"/usr/local/share/locale\""  -W -Wall -Wstrict-prototypes -Wmissing-prototypes -Wshadow -Wstack-usage=262144 -DELF_LIST_OPTIONS=TRUE -DELF_SHLIB_LIST_OPTIONS=TRUE -DELF_PLT_UNWIND_LIST_OPTIONS=TRUE -g -O2 -MT earmelfb.o -MD -MP -MF .deps/earmelfb.Tpo -c -o earmelfb.o earmelfb.c
mv -f .deps/earmelfb.Tpo .deps/earmelfb.Po
base=`echo earmelfb_fbsd.c | sed -e 's,e\(.*\).c,\1,'`; \
make run-genscripts "script_target=$base" "script_tdirname=tdir_$base"
make[5]: Entering directory '/external/binutils-2.35.1/ld'
/bin/bash ./genscripts.sh "." "/usr/local/lib" "/usr/local" "/usr/local" x86_64-pc-linux-gnu x86_64-pc-linux-gnu x86_64-pc-linux-gnu ".deps" "" "elf_x86_64 elf_i386 elf32_x86_64 elf_l1om elf_k1om" "/usr/local/lib /lib /usr/lib" no yes armelfb_fbsd ""
make[5]: Leaving directory '/external/binutils-2.35.1/ld'
gcc -DHAVE_CONFIG_H -I.  -I. -I. -I../bfd -I./../bfd -I./../include -I./../zlib  -g -O2 -DLOCALEDIR="\"/usr/local/share/locale\""  -W -Wall -Wstrict-prototypes -Wmissing-prototypes -Wshadow -Wstack-usage=262144 -DELF_LIST_OPTIONS=TRUE -DELF_SHLIB_LIST_OPTIONS=TRUE -DELF_PLT_UNWIND_LIST_OPTIONS=TRUE -g -O2 -MT earmelfb_fbsd.o -MD -MP -MF .deps/earmelfb_fbsd.Tpo -c -o earmelfb_fbsd.o earmelfb_fbsd.c
mv -f .deps/earmelfb_fbsd.Tpo .deps/earmelfb_fbsd.Po
base=`echo earmelfb_fuchsia.c | sed -e 's,e\(.*\).c,\1,'`; \
make run-genscripts "script_target=$base" "script_tdirname=tdir_$base"
make[5]: Entering directory '/external/binutils-2.35.1/ld'
/bin/bash ./genscripts.sh "." "/usr/local/lib" "/usr/local" "/usr/local" x86_64-pc-linux-gnu x86_64-pc-linux-gnu x86_64-pc-linux-gnu ".deps" "" "elf_x86_64 elf_i386 elf32_x86_64 elf_l1om elf_k1om" "/usr/local/lib /lib /usr/lib" no yes armelfb_fuchsia ""
make[5]: Leaving directory '/external/binutils-2.35.1/ld'
gcc -DHAVE_CONFIG_H -I.  -I. -I. -I../bfd -I./../bfd -I./../include -I./../zlib  -g -O2 -DLOCALEDIR="\"/usr/local/share/locale\""  -W -Wall -Wstrict-prototypes -Wmissing-prototypes -Wshadow -Wstack-usage=262144 -DELF_LIST_OPTIONS=TRUE -DELF_SHLIB_LIST_OPTIONS=TRUE -DELF_PLT_UNWIND_LIST_OPTIONS=TRUE -g -O2 -MT earmelfb_fuchsia.o -MD -MP -MF .deps/earmelfb_fuchsia.Tpo -c -o earmelfb_fuchsia.o earmelfb_fuchsia.c
mv -f .deps/earmelfb_fuchsia.Tpo .deps/earmelfb_fuchsia.Po
base=`echo earmelfb_linux.c | sed -e 's,e\(.*\).c,\1,'`; \
make run-genscripts "script_target=$base" "script_tdirname=tdir_$base"
make[5]: Entering directory '/external/binutils-2.35.1/ld'
/bin/bash ./genscripts.sh "." "/usr/local/lib" "/usr/local" "/usr/local" x86_64-pc-linux-gnu x86_64-pc-linux-gnu x86_64-pc-linux-gnu ".deps" "" "elf_x86_64 elf_i386 elf32_x86_64 elf_l1om elf_k1om" "/usr/local/lib /lib /usr/lib" no yes armelfb_linux ""
make[5]: Leaving directory '/external/binutils-2.35.1/ld'
gcc -DHAVE_CONFIG_H -I.  -I. -I. -I../bfd -I./../bfd -I./../include -I./../zlib  -g -O2 -DLOCALEDIR="\"/usr/local/share/locale\""  -W -Wall -Wstrict-prototypes -Wmissing-prototypes -Wshadow -Wstack-usage=262144 -DELF_LIST_OPTIONS=TRUE -DELF_SHLIB_LIST_OPTIONS=TRUE -DELF_PLT_UNWIND_LIST_OPTIONS=TRUE -g -O2 -MT earmelfb_linux.o -MD -MP -MF .deps/earmelfb_linux.Tpo -c -o earmelfb_linux.o earmelfb_linux.c
mv -f .deps/earmelfb_linux.Tpo .deps/earmelfb_linux.Po
base=`echo earmelfb_linux_eabi.c | sed -e 's,e\(.*\).c,\1,'`; \
make run-genscripts "script_target=$base" "script_tdirname=tdir_$base"
make[5]: Entering directory '/external/binutils-2.35.1/ld'
/bin/bash ./genscripts.sh "." "/usr/local/lib" "/usr/local" "/usr/local" x86_64-pc-linux-gnu x86_64-pc-linux-gnu x86_64-pc-linux-gnu ".deps" "" "elf_x86_64 elf_i386 elf32_x86_64 elf_l1om elf_k1om" "/usr/local/lib /lib /usr/lib" no yes armelfb_linux_eabi ""
make[5]: Leaving directory '/external/binutils-2.35.1/ld'
gcc -DHAVE_CONFIG_H -I.  -I. -I. -I../bfd -I./../bfd -I./../include -I./../zlib  -g -O2 -DLOCALEDIR="\"/usr/local/share/locale\""  -W -Wall -Wstrict-prototypes -Wmissing-prototypes -Wshadow -Wstack-usage=262144 -DELF_LIST_OPTIONS=TRUE -DELF_SHLIB_LIST_OPTIONS=TRUE -DELF_PLT_UNWIND_LIST_OPTIONS=TRUE -g -O2 -MT earmelfb_linux_eabi.o -MD -MP -MF .deps/earmelfb_linux_eabi.Tpo -c -o earmelfb_linux_eabi.o earmelfb_linux_eabi.c
mv -f .deps/earmelfb_linux_eabi.Tpo .deps/earmelfb_linux_eabi.Po
base=`echo earmelfb_linux_fdpiceabi.c | sed -e 's,e\(.*\).c,\1,'`; \
make run-genscripts "script_target=$base" "script_tdirname=tdir_$base"
make[5]: Entering directory '/external/binutils-2.35.1/ld'
/bin/bash ./genscripts.sh "." "/usr/local/lib" "/usr/local" "/usr/local" x86_64-pc-linux-gnu x86_64-pc-linux-gnu x86_64-pc-linux-gnu ".deps" "" "elf_x86_64 elf_i386 elf32_x86_64 elf_l1om elf_k1om" "/usr/local/lib /lib /usr/lib" no yes armelfb_linux_fdpiceabi ""
make[5]: Leaving directory '/external/binutils-2.35.1/ld'
gcc -DHAVE_CONFIG_H -I.  -I. -I. -I../bfd -I./../bfd -I./../include -I./../zlib  -g -O2 -DLOCALEDIR="\"/usr/local/share/locale\""  -W -Wall -Wstrict-prototypes -Wmissing-prototypes -Wshadow -Wstack-usage=262144 -DELF_LIST_OPTIONS=TRUE -DELF_SHLIB_LIST_OPTIONS=TRUE -DELF_PLT_UNWIND_LIST_OPTIONS=TRUE -g -O2 -MT earmelfb_linux_fdpiceabi.o -MD -MP -MF .deps/earmelfb_linux_fdpiceabi.Tpo -c -o earmelfb_linux_fdpiceabi.o earmelfb_linux_fdpiceabi.c
mv -f .deps/earmelfb_linux_fdpiceabi.Tpo .deps/earmelfb_linux_fdpiceabi.Po
base=`echo earmelfb_nacl.c | sed -e 's,e\(.*\).c,\1,'`; \
make run-genscripts "script_target=$base" "script_tdirname=tdir_$base"
make[5]: Entering directory '/external/binutils-2.35.1/ld'
/bin/bash ./genscripts.sh "." "/usr/local/lib" "/usr/local" "/usr/local" x86_64-pc-linux-gnu x86_64-pc-linux-gnu x86_64-pc-linux-gnu ".deps" "" "elf_x86_64 elf_i386 elf32_x86_64 elf_l1om elf_k1om" "/usr/local/lib /lib /usr/lib" no yes armelfb_nacl ""
make[5]: Leaving directory '/external/binutils-2.35.1/ld'
gcc -DHAVE_CONFIG_H -I.  -I. -I. -I../bfd -I./../bfd -I./../include -I./../zlib  -g -O2 -DLOCALEDIR="\"/usr/local/share/locale\""  -W -Wall -Wstrict-prototypes -Wmissing-prototypes -Wshadow -Wstack-usage=262144 -DELF_LIST_OPTIONS=TRUE -DELF_SHLIB_LIST_OPTIONS=TRUE -DELF_PLT_UNWIND_LIST_OPTIONS=TRUE -g -O2 -MT earmelfb_nacl.o -MD -MP -MF .deps/earmelfb_nacl.Tpo -c -o earmelfb_nacl.o earmelfb_nacl.c
mv -f .deps/earmelfb_nacl.Tpo .deps/earmelfb_nacl.Po
base=`echo earmelfb_nbsd.c | sed -e 's,e\(.*\).c,\1,'`; \
make run-genscripts "script_target=$base" "script_tdirname=tdir_$base"
make[5]: Entering directory '/external/binutils-2.35.1/ld'
/bin/bash ./genscripts.sh "." "/usr/local/lib" "/usr/local" "/usr/local" x86_64-pc-linux-gnu x86_64-pc-linux-gnu x86_64-pc-linux-gnu ".deps" "" "elf_x86_64 elf_i386 elf32_x86_64 elf_l1om elf_k1om" "/usr/local/lib /lib /usr/lib" no yes armelfb_nbsd ""
make[5]: Leaving directory '/external/binutils-2.35.1/ld'
gcc -DHAVE_CONFIG_H -I.  -I. -I. -I../bfd -I./../bfd -I./../include -I./../zlib  -g -O2 -DLOCALEDIR="\"/usr/local/share/locale\""  -W -Wall -Wstrict-prototypes -Wmissing-prototypes -Wshadow -Wstack-usage=262144 -DELF_LIST_OPTIONS=TRUE -DELF_SHLIB_LIST_OPTIONS=TRUE -DELF_PLT_UNWIND_LIST_OPTIONS=TRUE -g -O2 -MT earmelfb_nbsd.o -MD -MP -MF .deps/earmelfb_nbsd.Tpo -c -o earmelfb_nbsd.o earmelfb_nbsd.c
mv -f .deps/earmelfb_nbsd.Tpo .deps/earmelfb_nbsd.Po
base=`echo earmnto.c | sed -e 's,e\(.*\).c,\1,'`; \
make run-genscripts "script_target=$base" "script_tdirname=tdir_$base"
make[5]: Entering directory '/external/binutils-2.35.1/ld'
/bin/bash ./genscripts.sh "." "/usr/local/lib" "/usr/local" "/usr/local" x86_64-pc-linux-gnu x86_64-pc-linux-gnu x86_64-pc-linux-gnu ".deps" "" "elf_x86_64 elf_i386 elf32_x86_64 elf_l1om elf_k1om" "/usr/local/lib /lib /usr/lib" no yes armnto ""
make[5]: Leaving directory '/external/binutils-2.35.1/ld'
gcc -DHAVE_CONFIG_H -I.  -I. -I. -I../bfd -I./../bfd -I./../include -I./../zlib  -g -O2 -DLOCALEDIR="\"/usr/local/share/locale\""  -W -Wall -Wstrict-prototypes -Wmissing-prototypes -Wshadow -Wstack-usage=262144 -DELF_LIST_OPTIONS=TRUE -DELF_SHLIB_LIST_OPTIONS=TRUE -DELF_PLT_UNWIND_LIST_OPTIONS=TRUE -g -O2 -MT earmnto.o -MD -MP -MF .deps/earmnto.Tpo -c -o earmnto.o earmnto.c
mv -f .deps/earmnto.Tpo .deps/earmnto.Po
base=`echo earmpe.c | sed -e 's,e\(.*\).c,\1,'`; \
make run-genscripts "script_target=$base" "script_tdirname=tdir_$base"
make[5]: Entering directory '/external/binutils-2.35.1/ld'
/bin/bash ./genscripts.sh "." "/usr/local/lib" "/usr/local" "/usr/local" x86_64-pc-linux-gnu x86_64-pc-linux-gnu x86_64-pc-linux-gnu ".deps" "" "elf_x86_64 elf_i386 elf32_x86_64 elf_l1om elf_k1om" "/usr/local/lib /lib /usr/lib" no yes armpe ""
make[5]: Leaving directory '/external/binutils-2.35.1/ld'
gcc -DHAVE_CONFIG_H -I.  -I. -I. -I../bfd -I./../bfd -I./../include -I./../zlib  -g -O2 -DLOCALEDIR="\"/usr/local/share/locale\""  -W -Wall -Wstrict-prototypes -Wmissing-prototypes -Wshadow -Wstack-usage=262144 -DELF_LIST_OPTIONS=TRUE -DELF_SHLIB_LIST_OPTIONS=TRUE -DELF_PLT_UNWIND_LIST_OPTIONS=TRUE -g -O2 -MT earmpe.o -MD -MP -MF .deps/earmpe.Tpo -c -o earmpe.o earmpe.c
mv -f .deps/earmpe.Tpo .deps/earmpe.Po
base=`echo earmsymbian.c | sed -e 's,e\(.*\).c,\1,'`; \
make run-genscripts "script_target=$base" "script_tdirname=tdir_$base"
make[5]: Entering directory '/external/binutils-2.35.1/ld'
/bin/bash ./genscripts.sh "." "/usr/local/lib" "/usr/local" "/usr/local" x86_64-pc-linux-gnu x86_64-pc-linux-gnu x86_64-pc-linux-gnu ".deps" "" "elf_x86_64 elf_i386 elf32_x86_64 elf_l1om elf_k1om" "/usr/local/lib /lib /usr/lib" no yes armsymbian ""
make[5]: Leaving directory '/external/binutils-2.35.1/ld'
gcc -DHAVE_CONFIG_H -I.  -I. -I. -I../bfd -I./../bfd -I./../include -I./../zlib  -g -O2 -DLOCALEDIR="\"/usr/local/share/locale\""  -W -Wall -Wstrict-prototypes -Wmissing-prototypes -Wshadow -Wstack-usage=262144 -DELF_LIST_OPTIONS=TRUE -DELF_SHLIB_LIST_OPTIONS=TRUE -DELF_PLT_UNWIND_LIST_OPTIONS=TRUE -g -O2 -MT earmsymbian.o -MD -MP -MF .deps/earmsymbian.Tpo -c -o earmsymbian.o earmsymbian.c
mv -f .deps/earmsymbian.Tpo .deps/earmsymbian.Po
base=`echo eavr1.c | sed -e 's,e\(.*\).c,\1,'`; \
make run-genscripts "script_target=$base" "script_tdirname=tdir_$base"
make[5]: Entering directory '/external/binutils-2.35.1/ld'
/bin/bash ./genscripts.sh "." "/usr/local/lib" "/usr/local" "/usr/local" x86_64-pc-linux-gnu x86_64-pc-linux-gnu x86_64-pc-linux-gnu ".deps" "" "elf_x86_64 elf_i386 elf32_x86_64 elf_l1om elf_k1om" "/usr/local/lib /lib /usr/lib" no yes avr1 ""
make[5]: Leaving directory '/external/binutils-2.35.1/ld'
gcc -DHAVE_CONFIG_H -I.  -I. -I. -I../bfd -I./../bfd -I./../include -I./../zlib  -g -O2 -DLOCALEDIR="\"/usr/local/share/locale\""  -W -Wall -Wstrict-prototypes -Wmissing-prototypes -Wshadow -Wstack-usage=262144 -DELF_LIST_OPTIONS=TRUE -DELF_SHLIB_LIST_OPTIONS=TRUE -DELF_PLT_UNWIND_LIST_OPTIONS=TRUE -g -O2 -MT eavr1.o -MD -MP -MF .deps/eavr1.Tpo -c -o eavr1.o eavr1.c
mv -f .deps/eavr1.Tpo .deps/eavr1.Po
base=`echo eavr2.c | sed -e 's,e\(.*\).c,\1,'`; \
make run-genscripts "script_target=$base" "script_tdirname=tdir_$base"
make[5]: Entering directory '/external/binutils-2.35.1/ld'
/bin/bash ./genscripts.sh "." "/usr/local/lib" "/usr/local" "/usr/local" x86_64-pc-linux-gnu x86_64-pc-linux-gnu x86_64-pc-linux-gnu ".deps" "" "elf_x86_64 elf_i386 elf32_x86_64 elf_l1om elf_k1om" "/usr/local/lib /lib /usr/lib" no yes avr2 ""
make[5]: Leaving directory '/external/binutils-2.35.1/ld'
gcc -DHAVE_CONFIG_H -I.  -I. -I. -I../bfd -I./../bfd -I./../include -I./../zlib  -g -O2 -DLOCALEDIR="\"/usr/local/share/locale\""  -W -Wall -Wstrict-prototypes -Wmissing-prototypes -Wshadow -Wstack-usage=262144 -DELF_LIST_OPTIONS=TRUE -DELF_SHLIB_LIST_OPTIONS=TRUE -DELF_PLT_UNWIND_LIST_OPTIONS=TRUE -g -O2 -MT eavr2.o -MD -MP -MF .deps/eavr2.Tpo -c -o eavr2.o eavr2.c
mv -f .deps/eavr2.Tpo .deps/eavr2.Po
base=`echo eavr25.c | sed -e 's,e\(.*\).c,\1,'`; \
make run-genscripts "script_target=$base" "script_tdirname=tdir_$base"
make[5]: Entering directory '/external/binutils-2.35.1/ld'
/bin/bash ./genscripts.sh "." "/usr/local/lib" "/usr/local" "/usr/local" x86_64-pc-linux-gnu x86_64-pc-linux-gnu x86_64-pc-linux-gnu ".deps" "" "elf_x86_64 elf_i386 elf32_x86_64 elf_l1om elf_k1om" "/usr/local/lib /lib /usr/lib" no yes avr25 ""
make[5]: Leaving directory '/external/binutils-2.35.1/ld'
gcc -DHAVE_CONFIG_H -I.  -I. -I. -I../bfd -I./../bfd -I./../include -I./../zlib  -g -O2 -DLOCALEDIR="\"/usr/local/share/locale\""  -W -Wall -Wstrict-prototypes -Wmissing-prototypes -Wshadow -Wstack-usage=262144 -DELF_LIST_OPTIONS=TRUE -DELF_SHLIB_LIST_OPTIONS=TRUE -DELF_PLT_UNWIND_LIST_OPTIONS=TRUE -g -O2 -MT eavr25.o -MD -MP -MF .deps/eavr25.Tpo -c -o eavr25.o eavr25.c
mv -f .deps/eavr25.Tpo .deps/eavr25.Po
base=`echo eavr3.c | sed -e 's,e\(.*\).c,\1,'`; \
make run-genscripts "script_target=$base" "script_tdirname=tdir_$base"
make[5]: Entering directory '/external/binutils-2.35.1/ld'
/bin/bash ./genscripts.sh "." "/usr/local/lib" "/usr/local" "/usr/local" x86_64-pc-linux-gnu x86_64-pc-linux-gnu x86_64-pc-linux-gnu ".deps" "" "elf_x86_64 elf_i386 elf32_x86_64 elf_l1om elf_k1om" "/usr/local/lib /lib /usr/lib" no yes avr3 ""
make[5]: Leaving directory '/external/binutils-2.35.1/ld'
gcc -DHAVE_CONFIG_H -I.  -I. -I. -I../bfd -I./../bfd -I./../include -I./../zlib  -g -O2 -DLOCALEDIR="\"/usr/local/share/locale\""  -W -Wall -Wstrict-prototypes -Wmissing-prototypes -Wshadow -Wstack-usage=262144 -DELF_LIST_OPTIONS=TRUE -DELF_SHLIB_LIST_OPTIONS=TRUE -DELF_PLT_UNWIND_LIST_OPTIONS=TRUE -g -O2 -MT eavr3.o -MD -MP -MF .deps/eavr3.Tpo -c -o eavr3.o eavr3.c
mv -f .deps/eavr3.Tpo .deps/eavr3.Po
base=`echo eavr31.c | sed -e 's,e\(.*\).c,\1,'`; \
make run-genscripts "script_target=$base" "script_tdirname=tdir_$base"
make[5]: Entering directory '/external/binutils-2.35.1/ld'
/bin/bash ./genscripts.sh "." "/usr/local/lib" "/usr/local" "/usr/local" x86_64-pc-linux-gnu x86_64-pc-linux-gnu x86_64-pc-linux-gnu ".deps" "" "elf_x86_64 elf_i386 elf32_x86_64 elf_l1om elf_k1om" "/usr/local/lib /lib /usr/lib" no yes avr31 ""
make[5]: Leaving directory '/external/binutils-2.35.1/ld'
gcc -DHAVE_CONFIG_H -I.  -I. -I. -I../bfd -I./../bfd -I./../include -I./../zlib  -g -O2 -DLOCALEDIR="\"/usr/local/share/locale\""  -W -Wall -Wstrict-prototypes -Wmissing-prototypes -Wshadow -Wstack-usage=262144 -DELF_LIST_OPTIONS=TRUE -DELF_SHLIB_LIST_OPTIONS=TRUE -DELF_PLT_UNWIND_LIST_OPTIONS=TRUE -g -O2 -MT eavr31.o -MD -MP -MF .deps/eavr31.Tpo -c -o eavr31.o eavr31.c
mv -f .deps/eavr31.Tpo .deps/eavr31.Po
base=`echo eavr35.c | sed -e 's,e\(.*\).c,\1,'`; \
make run-genscripts "script_target=$base" "script_tdirname=tdir_$base"
make[5]: Entering directory '/external/binutils-2.35.1/ld'
/bin/bash ./genscripts.sh "." "/usr/local/lib" "/usr/local" "/usr/local" x86_64-pc-linux-gnu x86_64-pc-linux-gnu x86_64-pc-linux-gnu ".deps" "" "elf_x86_64 elf_i386 elf32_x86_64 elf_l1om elf_k1om" "/usr/local/lib /lib /usr/lib" no yes avr35 ""
make[5]: Leaving directory '/external/binutils-2.35.1/ld'
gcc -DHAVE_CONFIG_H -I.  -I. -I. -I../bfd -I./../bfd -I./../include -I./../zlib  -g -O2 -DLOCALEDIR="\"/usr/local/share/locale\""  -W -Wall -Wstrict-prototypes -Wmissing-prototypes -Wshadow -Wstack-usage=262144 -DELF_LIST_OPTIONS=TRUE -DELF_SHLIB_LIST_OPTIONS=TRUE -DELF_PLT_UNWIND_LIST_OPTIONS=TRUE -g -O2 -MT eavr35.o -MD -MP -MF .deps/eavr35.Tpo -c -o eavr35.o eavr35.c
mv -f .deps/eavr35.Tpo .deps/eavr35.Po
base=`echo eavr4.c | sed -e 's,e\(.*\).c,\1,'`; \
make run-genscripts "script_target=$base" "script_tdirname=tdir_$base"
make[5]: Entering directory '/external/binutils-2.35.1/ld'
/bin/bash ./genscripts.sh "." "/usr/local/lib" "/usr/local" "/usr/local" x86_64-pc-linux-gnu x86_64-pc-linux-gnu x86_64-pc-linux-gnu ".deps" "" "elf_x86_64 elf_i386 elf32_x86_64 elf_l1om elf_k1om" "/usr/local/lib /lib /usr/lib" no yes avr4 ""
make[5]: Leaving directory '/external/binutils-2.35.1/ld'
gcc -DHAVE_CONFIG_H -I.  -I. -I. -I../bfd -I./../bfd -I./../include -I./../zlib  -g -O2 -DLOCALEDIR="\"/usr/local/share/locale\""  -W -Wall -Wstrict-prototypes -Wmissing-prototypes -Wshadow -Wstack-usage=262144 -DELF_LIST_OPTIONS=TRUE -DELF_SHLIB_LIST_OPTIONS=TRUE -DELF_PLT_UNWIND_LIST_OPTIONS=TRUE -g -O2 -MT eavr4.o -MD -MP -MF .deps/eavr4.Tpo -c -o eavr4.o eavr4.c
mv -f .deps/eavr4.Tpo .deps/eavr4.Po
base=`echo eavr5.c | sed -e 's,e\(.*\).c,\1,'`; \
make run-genscripts "script_target=$base" "script_tdirname=tdir_$base"
make[5]: Entering directory '/external/binutils-2.35.1/ld'
/bin/bash ./genscripts.sh "." "/usr/local/lib" "/usr/local" "/usr/local" x86_64-pc-linux-gnu x86_64-pc-linux-gnu x86_64-pc-linux-gnu ".deps" "" "elf_x86_64 elf_i386 elf32_x86_64 elf_l1om elf_k1om" "/usr/local/lib /lib /usr/lib" no yes avr5 ""
make[5]: Leaving directory '/external/binutils-2.35.1/ld'
gcc -DHAVE_CONFIG_H -I.  -I. -I. -I../bfd -I./../bfd -I./../include -I./../zlib  -g -O2 -DLOCALEDIR="\"/usr/local/share/locale\""  -W -Wall -Wstrict-prototypes -Wmissing-prototypes -Wshadow -Wstack-usage=262144 -DELF_LIST_OPTIONS=TRUE -DELF_SHLIB_LIST_OPTIONS=TRUE -DELF_PLT_UNWIND_LIST_OPTIONS=TRUE -g -O2 -MT eavr5.o -MD -MP -MF .deps/eavr5.Tpo -c -o eavr5.o eavr5.c
mv -f .deps/eavr5.Tpo .deps/eavr5.Po
base=`echo eavr51.c | sed -e 's,e\(.*\).c,\1,'`; \
make run-genscripts "script_target=$base" "script_tdirname=tdir_$base"
make[5]: Entering directory '/external/binutils-2.35.1/ld'
/bin/bash ./genscripts.sh "." "/usr/local/lib" "/usr/local" "/usr/local" x86_64-pc-linux-gnu x86_64-pc-linux-gnu x86_64-pc-linux-gnu ".deps" "" "elf_x86_64 elf_i386 elf32_x86_64 elf_l1om elf_k1om" "/usr/local/lib /lib /usr/lib" no yes avr51 ""
make[5]: Leaving directory '/external/binutils-2.35.1/ld'
gcc -DHAVE_CONFIG_H -I.  -I. -I. -I../bfd -I./../bfd -I./../include -I./../zlib  -g -O2 -DLOCALEDIR="\"/usr/local/share/locale\""  -W -Wall -Wstrict-prototypes -Wmissing-prototypes -Wshadow -Wstack-usage=262144 -DELF_LIST_OPTIONS=TRUE -DELF_SHLIB_LIST_OPTIONS=TRUE -DELF_PLT_UNWIND_LIST_OPTIONS=TRUE -g -O2 -MT eavr51.o -MD -MP -MF .deps/eavr51.Tpo -c -o eavr51.o eavr51.c
mv -f .deps/eavr51.Tpo .deps/eavr51.Po
base=`echo eavr6.c | sed -e 's,e\(.*\).c,\1,'`; \
make run-genscripts "script_target=$base" "script_tdirname=tdir_$base"
make[5]: Entering directory '/external/binutils-2.35.1/ld'
/bin/bash ./genscripts.sh "." "/usr/local/lib" "/usr/local" "/usr/local" x86_64-pc-linux-gnu x86_64-pc-linux-gnu x86_64-pc-linux-gnu ".deps" "" "elf_x86_64 elf_i386 elf32_x86_64 elf_l1om elf_k1om" "/usr/local/lib /lib /usr/lib" no yes avr6 ""
make[5]: Leaving directory '/external/binutils-2.35.1/ld'
gcc -DHAVE_CONFIG_H -I.  -I. -I. -I../bfd -I./../bfd -I./../include -I./../zlib  -g -O2 -DLOCALEDIR="\"/usr/local/share/locale\""  -W -Wall -Wstrict-prototypes -Wmissing-prototypes -Wshadow -Wstack-usage=262144 -DELF_LIST_OPTIONS=TRUE -DELF_SHLIB_LIST_OPTIONS=TRUE -DELF_PLT_UNWIND_LIST_OPTIONS=TRUE -g -O2 -MT eavr6.o -MD -MP -MF .deps/eavr6.Tpo -c -o eavr6.o eavr6.c
mv -f .deps/eavr6.Tpo .deps/eavr6.Po
base=`echo eavrxmega1.c | sed -e 's,e\(.*\).c,\1,'`; \
make run-genscripts "script_target=$base" "script_tdirname=tdir_$base"
make[5]: Entering directory '/external/binutils-2.35.1/ld'
/bin/bash ./genscripts.sh "." "/usr/local/lib" "/usr/local" "/usr/local" x86_64-pc-linux-gnu x86_64-pc-linux-gnu x86_64-pc-linux-gnu ".deps" "" "elf_x86_64 elf_i386 elf32_x86_64 elf_l1om elf_k1om" "/usr/local/lib /lib /usr/lib" no yes avrxmega1 ""
make[5]: Leaving directory '/external/binutils-2.35.1/ld'
gcc -DHAVE_CONFIG_H -I.  -I. -I. -I../bfd -I./../bfd -I./../include -I./../zlib  -g -O2 -DLOCALEDIR="\"/usr/local/share/locale\""  -W -Wall -Wstrict-prototypes -Wmissing-prototypes -Wshadow -Wstack-usage=262144 -DELF_LIST_OPTIONS=TRUE -DELF_SHLIB_LIST_OPTIONS=TRUE -DELF_PLT_UNWIND_LIST_OPTIONS=TRUE -g -O2 -MT eavrxmega1.o -MD -MP -MF .deps/eavrxmega1.Tpo -c -o eavrxmega1.o eavrxmega1.c
mv -f .deps/eavrxmega1.Tpo .deps/eavrxmega1.Po
base=`echo eavrxmega2.c | sed -e 's,e\(.*\).c,\1,'`; \
make run-genscripts "script_target=$base" "script_tdirname=tdir_$base"
make[5]: Entering directory '/external/binutils-2.35.1/ld'
/bin/bash ./genscripts.sh "." "/usr/local/lib" "/usr/local" "/usr/local" x86_64-pc-linux-gnu x86_64-pc-linux-gnu x86_64-pc-linux-gnu ".deps" "" "elf_x86_64 elf_i386 elf32_x86_64 elf_l1om elf_k1om" "/usr/local/lib /lib /usr/lib" no yes avrxmega2 ""
make[5]: Leaving directory '/external/binutils-2.35.1/ld'
gcc -DHAVE_CONFIG_H -I.  -I. -I. -I../bfd -I./../bfd -I./../include -I./../zlib  -g -O2 -DLOCALEDIR="\"/usr/local/share/locale\""  -W -Wall -Wstrict-prototypes -Wmissing-prototypes -Wshadow -Wstack-usage=262144 -DELF_LIST_OPTIONS=TRUE -DELF_SHLIB_LIST_OPTIONS=TRUE -DELF_PLT_UNWIND_LIST_OPTIONS=TRUE -g -O2 -MT eavrxmega2.o -MD -MP -MF .deps/eavrxmega2.Tpo -c -o eavrxmega2.o eavrxmega2.c
mv -f .deps/eavrxmega2.Tpo .deps/eavrxmega2.Po
base=`echo eavrxmega3.c | sed -e 's,e\(.*\).c,\1,'`; \
make run-genscripts "script_target=$base" "script_tdirname=tdir_$base"
make[5]: Entering directory '/external/binutils-2.35.1/ld'
/bin/bash ./genscripts.sh "." "/usr/local/lib" "/usr/local" "/usr/local" x86_64-pc-linux-gnu x86_64-pc-linux-gnu x86_64-pc-linux-gnu ".deps" "" "elf_x86_64 elf_i386 elf32_x86_64 elf_l1om elf_k1om" "/usr/local/lib /lib /usr/lib" no yes avrxmega3 ""
make[5]: Leaving directory '/external/binutils-2.35.1/ld'
gcc -DHAVE_CONFIG_H -I.  -I. -I. -I../bfd -I./../bfd -I./../include -I./../zlib  -g -O2 -DLOCALEDIR="\"/usr/local/share/locale\""  -W -Wall -Wstrict-prototypes -Wmissing-prototypes -Wshadow -Wstack-usage=262144 -DELF_LIST_OPTIONS=TRUE -DELF_SHLIB_LIST_OPTIONS=TRUE -DELF_PLT_UNWIND_LIST_OPTIONS=TRUE -g -O2 -MT eavrxmega3.o -MD -MP -MF .deps/eavrxmega3.Tpo -c -o eavrxmega3.o eavrxmega3.c
mv -f .deps/eavrxmega3.Tpo .deps/eavrxmega3.Po
base=`echo eavrxmega4.c | sed -e 's,e\(.*\).c,\1,'`; \
make run-genscripts "script_target=$base" "script_tdirname=tdir_$base"
make[5]: Entering directory '/external/binutils-2.35.1/ld'
/bin/bash ./genscripts.sh "." "/usr/local/lib" "/usr/local" "/usr/local" x86_64-pc-linux-gnu x86_64-pc-linux-gnu x86_64-pc-linux-gnu ".deps" "" "elf_x86_64 elf_i386 elf32_x86_64 elf_l1om elf_k1om" "/usr/local/lib /lib /usr/lib" no yes avrxmega4 ""
make[5]: Leaving directory '/external/binutils-2.35.1/ld'
gcc -DHAVE_CONFIG_H -I.  -I. -I. -I../bfd -I./../bfd -I./../include -I./../zlib  -g -O2 -DLOCALEDIR="\"/usr/local/share/locale\""  -W -Wall -Wstrict-prototypes -Wmissing-prototypes -Wshadow -Wstack-usage=262144 -DELF_LIST_OPTIONS=TRUE -DELF_SHLIB_LIST_OPTIONS=TRUE -DELF_PLT_UNWIND_LIST_OPTIONS=TRUE -g -O2 -MT eavrxmega4.o -MD -MP -MF .deps/eavrxmega4.Tpo -c -o eavrxmega4.o eavrxmega4.c
mv -f .deps/eavrxmega4.Tpo .deps/eavrxmega4.Po
base=`echo eavrxmega5.c | sed -e 's,e\(.*\).c,\1,'`; \
make run-genscripts "script_target=$base" "script_tdirname=tdir_$base"
make[5]: Entering directory '/external/binutils-2.35.1/ld'
/bin/bash ./genscripts.sh "." "/usr/local/lib" "/usr/local" "/usr/local" x86_64-pc-linux-gnu x86_64-pc-linux-gnu x86_64-pc-linux-gnu ".deps" "" "elf_x86_64 elf_i386 elf32_x86_64 elf_l1om elf_k1om" "/usr/local/lib /lib /usr/lib" no yes avrxmega5 ""
make[5]: Leaving directory '/external/binutils-2.35.1/ld'
gcc -DHAVE_CONFIG_H -I.  -I. -I. -I../bfd -I./../bfd -I./../include -I./../zlib  -g -O2 -DLOCALEDIR="\"/usr/local/share/locale\""  -W -Wall -Wstrict-prototypes -Wmissing-prototypes -Wshadow -Wstack-usage=262144 -DELF_LIST_OPTIONS=TRUE -DELF_SHLIB_LIST_OPTIONS=TRUE -DELF_PLT_UNWIND_LIST_OPTIONS=TRUE -g -O2 -MT eavrxmega5.o -MD -MP -MF .deps/eavrxmega5.Tpo -c -o eavrxmega5.o eavrxmega5.c
mv -f .deps/eavrxmega5.Tpo .deps/eavrxmega5.Po
base=`echo eavrxmega6.c | sed -e 's,e\(.*\).c,\1,'`; \
make run-genscripts "script_target=$base" "script_tdirname=tdir_$base"
make[5]: Entering directory '/external/binutils-2.35.1/ld'
/bin/bash ./genscripts.sh "." "/usr/local/lib" "/usr/local" "/usr/local" x86_64-pc-linux-gnu x86_64-pc-linux-gnu x86_64-pc-linux-gnu ".deps" "" "elf_x86_64 elf_i386 elf32_x86_64 elf_l1om elf_k1om" "/usr/local/lib /lib /usr/lib" no yes avrxmega6 ""
make[5]: Leaving directory '/external/binutils-2.35.1/ld'
gcc -DHAVE_CONFIG_H -I.  -I. -I. -I../bfd -I./../bfd -I./../include -I./../zlib  -g -O2 -DLOCALEDIR="\"/usr/local/share/locale\""  -W -Wall -Wstrict-prototypes -Wmissing-prototypes -Wshadow -Wstack-usage=262144 -DELF_LIST_OPTIONS=TRUE -DELF_SHLIB_LIST_OPTIONS=TRUE -DELF_PLT_UNWIND_LIST_OPTIONS=TRUE -g -O2 -MT eavrxmega6.o -MD -MP -MF .deps/eavrxmega6.Tpo -c -o eavrxmega6.o eavrxmega6.c
mv -f .deps/eavrxmega6.Tpo .deps/eavrxmega6.Po
base=`echo eavrxmega7.c | sed -e 's,e\(.*\).c,\1,'`; \
make run-genscripts "script_target=$base" "script_tdirname=tdir_$base"
make[5]: Entering directory '/external/binutils-2.35.1/ld'
/bin/bash ./genscripts.sh "." "/usr/local/lib" "/usr/local" "/usr/local" x86_64-pc-linux-gnu x86_64-pc-linux-gnu x86_64-pc-linux-gnu ".deps" "" "elf_x86_64 elf_i386 elf32_x86_64 elf_l1om elf_k1om" "/usr/local/lib /lib /usr/lib" no yes avrxmega7 ""
make[5]: Leaving directory '/external/binutils-2.35.1/ld'
gcc -DHAVE_CONFIG_H -I.  -I. -I. -I../bfd -I./../bfd -I./../include -I./../zlib  -g -O2 -DLOCALEDIR="\"/usr/local/share/locale\""  -W -Wall -Wstrict-prototypes -Wmissing-prototypes -Wshadow -Wstack-usage=262144 -DELF_LIST_OPTIONS=TRUE -DELF_SHLIB_LIST_OPTIONS=TRUE -DELF_PLT_UNWIND_LIST_OPTIONS=TRUE -g -O2 -MT eavrxmega7.o -MD -MP -MF .deps/eavrxmega7.Tpo -c -o eavrxmega7.o eavrxmega7.c
mv -f .deps/eavrxmega7.Tpo .deps/eavrxmega7.Po
base=`echo eavrtiny.c | sed -e 's,e\(.*\).c,\1,'`; \
make run-genscripts "script_target=$base" "script_tdirname=tdir_$base"
make[5]: Entering directory '/external/binutils-2.35.1/ld'
/bin/bash ./genscripts.sh "." "/usr/local/lib" "/usr/local" "/usr/local" x86_64-pc-linux-gnu x86_64-pc-linux-gnu x86_64-pc-linux-gnu ".deps" "" "elf_x86_64 elf_i386 elf32_x86_64 elf_l1om elf_k1om" "/usr/local/lib /lib /usr/lib" no yes avrtiny ""
make[5]: Leaving directory '/external/binutils-2.35.1/ld'
gcc -DHAVE_CONFIG_H -I.  -I. -I. -I../bfd -I./../bfd -I./../include -I./../zlib  -g -O2 -DLOCALEDIR="\"/usr/local/share/locale\""  -W -Wall -Wstrict-prototypes -Wmissing-prototypes -Wshadow -Wstack-usage=262144 -DELF_LIST_OPTIONS=TRUE -DELF_SHLIB_LIST_OPTIONS=TRUE -DELF_PLT_UNWIND_LIST_OPTIONS=TRUE -g -O2 -MT eavrtiny.o -MD -MP -MF .deps/eavrtiny.Tpo -c -o eavrtiny.o eavrtiny.c
mv -f .deps/eavrtiny.Tpo .deps/eavrtiny.Po
base=`echo ecrisaout.c | sed -e 's,e\(.*\).c,\1,'`; \
make run-genscripts "script_target=$base" "script_tdirname=tdir_$base"
make[5]: Entering directory '/external/binutils-2.35.1/ld'
/bin/bash ./genscripts.sh "." "/usr/local/lib" "/usr/local" "/usr/local" x86_64-pc-linux-gnu x86_64-pc-linux-gnu x86_64-pc-linux-gnu ".deps" "" "elf_x86_64 elf_i386 elf32_x86_64 elf_l1om elf_k1om" "/usr/local/lib /lib /usr/lib" no yes crisaout ""
make[5]: Leaving directory '/external/binutils-2.35.1/ld'
gcc -DHAVE_CONFIG_H -I.  -I. -I. -I../bfd -I./../bfd -I./../include -I./../zlib  -g -O2 -DLOCALEDIR="\"/usr/local/share/locale\""  -W -Wall -Wstrict-prototypes -Wmissing-prototypes -Wshadow -Wstack-usage=262144 -DELF_LIST_OPTIONS=TRUE -DELF_SHLIB_LIST_OPTIONS=TRUE -DELF_PLT_UNWIND_LIST_OPTIONS=TRUE -g -O2 -MT ecrisaout.o -MD -MP -MF .deps/ecrisaout.Tpo -c -o ecrisaout.o ecrisaout.c
mv -f .deps/ecrisaout.Tpo .deps/ecrisaout.Po
base=`echo ecriself.c | sed -e 's,e\(.*\).c,\1,'`; \
make run-genscripts "script_target=$base" "script_tdirname=tdir_$base"
make[5]: Entering directory '/external/binutils-2.35.1/ld'
/bin/bash ./genscripts.sh "." "/usr/local/lib" "/usr/local" "/usr/local" x86_64-pc-linux-gnu x86_64-pc-linux-gnu x86_64-pc-linux-gnu ".deps" "" "elf_x86_64 elf_i386 elf32_x86_64 elf_l1om elf_k1om" "/usr/local/lib /lib /usr/lib" no yes criself ""
make[5]: Leaving directory '/external/binutils-2.35.1/ld'
gcc -DHAVE_CONFIG_H -I.  -I. -I. -I../bfd -I./../bfd -I./../include -I./../zlib  -g -O2 -DLOCALEDIR="\"/usr/local/share/locale\""  -W -Wall -Wstrict-prototypes -Wmissing-prototypes -Wshadow -Wstack-usage=262144 -DELF_LIST_OPTIONS=TRUE -DELF_SHLIB_LIST_OPTIONS=TRUE -DELF_PLT_UNWIND_LIST_OPTIONS=TRUE -g -O2 -MT ecriself.o -MD -MP -MF .deps/ecriself.Tpo -c -o ecriself.o ecriself.c
mv -f .deps/ecriself.Tpo .deps/ecriself.Po
base=`echo ecrislinux.c | sed -e 's,e\(.*\).c,\1,'`; \
make run-genscripts "script_target=$base" "script_tdirname=tdir_$base"
make[5]: Entering directory '/external/binutils-2.35.1/ld'
/bin/bash ./genscripts.sh "." "/usr/local/lib" "/usr/local" "/usr/local" x86_64-pc-linux-gnu x86_64-pc-linux-gnu x86_64-pc-linux-gnu ".deps" "" "elf_x86_64 elf_i386 elf32_x86_64 elf_l1om elf_k1om" "/usr/local/lib /lib /usr/lib" no yes crislinux ""
make[5]: Leaving directory '/external/binutils-2.35.1/ld'
gcc -DHAVE_CONFIG_H -I.  -I. -I. -I../bfd -I./../bfd -I./../include -I./../zlib  -g -O2 -DLOCALEDIR="\"/usr/local/share/locale\""  -W -Wall -Wstrict-prototypes -Wmissing-prototypes -Wshadow -Wstack-usage=262144 -DELF_LIST_OPTIONS=TRUE -DELF_SHLIB_LIST_OPTIONS=TRUE -DELF_PLT_UNWIND_LIST_OPTIONS=TRUE -g -O2 -MT ecrislinux.o -MD -MP -MF .deps/ecrislinux.Tpo -c -o ecrislinux.o ecrislinux.c
mv -f .deps/ecrislinux.Tpo .deps/ecrislinux.Po
base=`echo ecskyelf.c | sed -e 's,e\(.*\).c,\1,'`; \
make run-genscripts "script_target=$base" "script_tdirname=tdir_$base"
make[5]: Entering directory '/external/binutils-2.35.1/ld'
/bin/bash ./genscripts.sh "." "/usr/local/lib" "/usr/local" "/usr/local" x86_64-pc-linux-gnu x86_64-pc-linux-gnu x86_64-pc-linux-gnu ".deps" "" "elf_x86_64 elf_i386 elf32_x86_64 elf_l1om elf_k1om" "/usr/local/lib /lib /usr/lib" no yes cskyelf ""
make[5]: Leaving directory '/external/binutils-2.35.1/ld'
gcc -DHAVE_CONFIG_H -I.  -I. -I. -I../bfd -I./../bfd -I./../include -I./../zlib  -g -O2 -DLOCALEDIR="\"/usr/local/share/locale\""  -W -Wall -Wstrict-prototypes -Wmissing-prototypes -Wshadow -Wstack-usage=262144 -DELF_LIST_OPTIONS=TRUE -DELF_SHLIB_LIST_OPTIONS=TRUE -DELF_PLT_UNWIND_LIST_OPTIONS=TRUE -g -O2 -MT ecskyelf.o -MD -MP -MF .deps/ecskyelf.Tpo -c -o ecskyelf.o ecskyelf.c
mv -f .deps/ecskyelf.Tpo .deps/ecskyelf.Po
base=`echo ecskyelf_linux.c | sed -e 's,e\(.*\).c,\1,'`; \
make run-genscripts "script_target=$base" "script_tdirname=tdir_$base"
make[5]: Entering directory '/external/binutils-2.35.1/ld'
/bin/bash ./genscripts.sh "." "/usr/local/lib" "/usr/local" "/usr/local" x86_64-pc-linux-gnu x86_64-pc-linux-gnu x86_64-pc-linux-gnu ".deps" "" "elf_x86_64 elf_i386 elf32_x86_64 elf_l1om elf_k1om" "/usr/local/lib /lib /usr/lib" no yes cskyelf_linux ""
make[5]: Leaving directory '/external/binutils-2.35.1/ld'
gcc -DHAVE_CONFIG_H -I.  -I. -I. -I../bfd -I./../bfd -I./../include -I./../zlib  -g -O2 -DLOCALEDIR="\"/usr/local/share/locale\""  -W -Wall -Wstrict-prototypes -Wmissing-prototypes -Wshadow -Wstack-usage=262144 -DELF_LIST_OPTIONS=TRUE -DELF_SHLIB_LIST_OPTIONS=TRUE -DELF_PLT_UNWIND_LIST_OPTIONS=TRUE -g -O2 -MT ecskyelf_linux.o -MD -MP -MF .deps/ecskyelf_linux.Tpo -c -o ecskyelf_linux.o ecskyelf_linux.c
mv -f .deps/ecskyelf_linux.Tpo .deps/ecskyelf_linux.Po
base=`echo ed10velf.c | sed -e 's,e\(.*\).c,\1,'`; \
make run-genscripts "script_target=$base" "script_tdirname=tdir_$base"
make[5]: Entering directory '/external/binutils-2.35.1/ld'
/bin/bash ./genscripts.sh "." "/usr/local/lib" "/usr/local" "/usr/local" x86_64-pc-linux-gnu x86_64-pc-linux-gnu x86_64-pc-linux-gnu ".deps" "" "elf_x86_64 elf_i386 elf32_x86_64 elf_l1om elf_k1om" "/usr/local/lib /lib /usr/lib" no yes d10velf ""
make[5]: Leaving directory '/external/binutils-2.35.1/ld'
gcc -DHAVE_CONFIG_H -I.  -I. -I. -I../bfd -I./../bfd -I./../include -I./../zlib  -g -O2 -DLOCALEDIR="\"/usr/local/share/locale\""  -W -Wall -Wstrict-prototypes -Wmissing-prototypes -Wshadow -Wstack-usage=262144 -DELF_LIST_OPTIONS=TRUE -DELF_SHLIB_LIST_OPTIONS=TRUE -DELF_PLT_UNWIND_LIST_OPTIONS=TRUE -g -O2 -MT ed10velf.o -MD -MP -MF .deps/ed10velf.Tpo -c -o ed10velf.o ed10velf.c
mv -f .deps/ed10velf.Tpo .deps/ed10velf.Po
base=`echo ed30v_e.c | sed -e 's,e\(.*\).c,\1,'`; \
make run-genscripts "script_target=$base" "script_tdirname=tdir_$base"
make[5]: Entering directory '/external/binutils-2.35.1/ld'
/bin/bash ./genscripts.sh "." "/usr/local/lib" "/usr/local" "/usr/local" x86_64-pc-linux-gnu x86_64-pc-linux-gnu x86_64-pc-linux-gnu ".deps" "" "elf_x86_64 elf_i386 elf32_x86_64 elf_l1om elf_k1om" "/usr/local/lib /lib /usr/lib" no yes d30v_e ""
make[5]: Leaving directory '/external/binutils-2.35.1/ld'
gcc -DHAVE_CONFIG_H -I.  -I. -I. -I../bfd -I./../bfd -I./../include -I./../zlib  -g -O2 -DLOCALEDIR="\"/usr/local/share/locale\""  -W -Wall -Wstrict-prototypes -Wmissing-prototypes -Wshadow -Wstack-usage=262144 -DELF_LIST_OPTIONS=TRUE -DELF_SHLIB_LIST_OPTIONS=TRUE -DELF_PLT_UNWIND_LIST_OPTIONS=TRUE -g -O2 -MT ed30v_e.o -MD -MP -MF .deps/ed30v_e.Tpo -c -o ed30v_e.o ed30v_e.c
mv -f .deps/ed30v_e.Tpo .deps/ed30v_e.Po
base=`echo ed30v_o.c | sed -e 's,e\(.*\).c,\1,'`; \
make run-genscripts "script_target=$base" "script_tdirname=tdir_$base"
make[5]: Entering directory '/external/binutils-2.35.1/ld'
/bin/bash ./genscripts.sh "." "/usr/local/lib" "/usr/local" "/usr/local" x86_64-pc-linux-gnu x86_64-pc-linux-gnu x86_64-pc-linux-gnu ".deps" "" "elf_x86_64 elf_i386 elf32_x86_64 elf_l1om elf_k1om" "/usr/local/lib /lib /usr/lib" no yes d30v_o ""
make[5]: Leaving directory '/external/binutils-2.35.1/ld'
gcc -DHAVE_CONFIG_H -I.  -I. -I. -I../bfd -I./../bfd -I./../include -I./../zlib  -g -O2 -DLOCALEDIR="\"/usr/local/share/locale\""  -W -Wall -Wstrict-prototypes -Wmissing-prototypes -Wshadow -Wstack-usage=262144 -DELF_LIST_OPTIONS=TRUE -DELF_SHLIB_LIST_OPTIONS=TRUE -DELF_PLT_UNWIND_LIST_OPTIONS=TRUE -g -O2 -MT ed30v_o.o -MD -MP -MF .deps/ed30v_o.Tpo -c -o ed30v_o.o ed30v_o.c
mv -f .deps/ed30v_o.Tpo .deps/ed30v_o.Po
base=`echo ed30velf.c | sed -e 's,e\(.*\).c,\1,'`; \
make run-genscripts "script_target=$base" "script_tdirname=tdir_$base"
make[5]: Entering directory '/external/binutils-2.35.1/ld'
/bin/bash ./genscripts.sh "." "/usr/local/lib" "/usr/local" "/usr/local" x86_64-pc-linux-gnu x86_64-pc-linux-gnu x86_64-pc-linux-gnu ".deps" "" "elf_x86_64 elf_i386 elf32_x86_64 elf_l1om elf_k1om" "/usr/local/lib /lib /usr/lib" no yes d30velf ""
make[5]: Leaving directory '/external/binutils-2.35.1/ld'
gcc -DHAVE_CONFIG_H -I.  -I. -I. -I../bfd -I./../bfd -I./../include -I./../zlib  -g -O2 -DLOCALEDIR="\"/usr/local/share/locale\""  -W -Wall -Wstrict-prototypes -Wmissing-prototypes -Wshadow -Wstack-usage=262144 -DELF_LIST_OPTIONS=TRUE -DELF_SHLIB_LIST_OPTIONS=TRUE -DELF_PLT_UNWIND_LIST_OPTIONS=TRUE -g -O2 -MT ed30velf.o -MD -MP -MF .deps/ed30velf.Tpo -c -o ed30velf.o ed30velf.c
mv -f .deps/ed30velf.Tpo .deps/ed30velf.Po
base=`echo eelf32_dlx.c | sed -e 's,e\(.*\).c,\1,'`; \
make run-genscripts "script_target=$base" "script_tdirname=tdir_$base"
make[5]: Entering directory '/external/binutils-2.35.1/ld'
/bin/bash ./genscripts.sh "." "/usr/local/lib" "/usr/local" "/usr/local" x86_64-pc-linux-gnu x86_64-pc-linux-gnu x86_64-pc-linux-gnu ".deps" "" "elf_x86_64 elf_i386 elf32_x86_64 elf_l1om elf_k1om" "/usr/local/lib /lib /usr/lib" no yes elf32_dlx ""
make[5]: Leaving directory '/external/binutils-2.35.1/ld'
gcc -DHAVE_CONFIG_H -I.  -I. -I. -I../bfd -I./../bfd -I./../include -I./../zlib  -g -O2 -DLOCALEDIR="\"/usr/local/share/locale\""  -W -Wall -Wstrict-prototypes -Wmissing-prototypes -Wshadow -Wstack-usage=262144 -DELF_LIST_OPTIONS=TRUE -DELF_SHLIB_LIST_OPTIONS=TRUE -DELF_PLT_UNWIND_LIST_OPTIONS=TRUE -g -O2 -MT eelf32_dlx.o -MD -MP -MF .deps/eelf32_dlx.Tpo -c -o eelf32_dlx.o eelf32_dlx.c
mv -f .deps/eelf32_dlx.Tpo .deps/eelf32_dlx.Po
base=`echo eelf32_sparc.c | sed -e 's,e\(.*\).c,\1,'`; \
make run-genscripts "script_target=$base" "script_tdirname=tdir_$base"
make[5]: Entering directory '/external/binutils-2.35.1/ld'
/bin/bash ./genscripts.sh "." "/usr/local/lib" "/usr/local" "/usr/local" x86_64-pc-linux-gnu x86_64-pc-linux-gnu x86_64-pc-linux-gnu ".deps" "" "elf_x86_64 elf_i386 elf32_x86_64 elf_l1om elf_k1om" "/usr/local/lib /lib /usr/lib" no yes elf32_sparc ""
make[5]: Leaving directory '/external/binutils-2.35.1/ld'
gcc -DHAVE_CONFIG_H -I.  -I. -I. -I../bfd -I./../bfd -I./../include -I./../zlib  -g -O2 -DLOCALEDIR="\"/usr/local/share/locale\""  -W -Wall -Wstrict-prototypes -Wmissing-prototypes -Wshadow -Wstack-usage=262144 -DELF_LIST_OPTIONS=TRUE -DELF_SHLIB_LIST_OPTIONS=TRUE -DELF_PLT_UNWIND_LIST_OPTIONS=TRUE -g -O2 -MT eelf32_sparc.o -MD -MP -MF .deps/eelf32_sparc.Tpo -c -o eelf32_sparc.o eelf32_sparc.c
mv -f .deps/eelf32_sparc.Tpo .deps/eelf32_sparc.Po
base=`echo eelf32_sparc_sol2.c | sed -e 's,e\(.*\).c,\1,'`; \
make run-genscripts "script_target=$base" "script_tdirname=tdir_$base"
make[5]: Entering directory '/external/binutils-2.35.1/ld'
/bin/bash ./genscripts.sh "." "/usr/local/lib" "/usr/local" "/usr/local" x86_64-pc-linux-gnu x86_64-pc-linux-gnu x86_64-pc-linux-gnu ".deps" "" "elf_x86_64 elf_i386 elf32_x86_64 elf_l1om elf_k1om" "/usr/local/lib /lib /usr/lib" no yes elf32_sparc_sol2 ""
make[5]: Leaving directory '/external/binutils-2.35.1/ld'
gcc -DHAVE_CONFIG_H -I.  -I. -I. -I../bfd -I./../bfd -I./../include -I./../zlib  -g -O2 -DLOCALEDIR="\"/usr/local/share/locale\""  -W -Wall -Wstrict-prototypes -Wmissing-prototypes -Wshadow -Wstack-usage=262144 -DELF_LIST_OPTIONS=TRUE -DELF_SHLIB_LIST_OPTIONS=TRUE -DELF_PLT_UNWIND_LIST_OPTIONS=TRUE -g -O2 -MT eelf32_sparc_sol2.o -MD -MP -MF .deps/eelf32_sparc_sol2.Tpo -c -o eelf32_sparc_sol2.o eelf32_sparc_sol2.c
mv -f .deps/eelf32_sparc_sol2.Tpo .deps/eelf32_sparc_sol2.Po
base=`echo eelf32_sparc_vxworks.c | sed -e 's,e\(.*\).c,\1,'`; \
make run-genscripts "script_target=$base" "script_tdirname=tdir_$base"
make[5]: Entering directory '/external/binutils-2.35.1/ld'
/bin/bash ./genscripts.sh "." "/usr/local/lib" "/usr/local" "/usr/local" x86_64-pc-linux-gnu x86_64-pc-linux-gnu x86_64-pc-linux-gnu ".deps" "" "elf_x86_64 elf_i386 elf32_x86_64 elf_l1om elf_k1om" "/usr/local/lib /lib /usr/lib" no yes elf32_sparc_vxworks ""
make[5]: Leaving directory '/external/binutils-2.35.1/ld'
gcc -DHAVE_CONFIG_H -I.  -I. -I. -I../bfd -I./../bfd -I./../include -I./../zlib  -g -O2 -DLOCALEDIR="\"/usr/local/share/locale\""  -W -Wall -Wstrict-prototypes -Wmissing-prototypes -Wshadow -Wstack-usage=262144 -DELF_LIST_OPTIONS=TRUE -DELF_SHLIB_LIST_OPTIONS=TRUE -DELF_PLT_UNWIND_LIST_OPTIONS=TRUE -g -O2 -MT eelf32_sparc_vxworks.o -MD -MP -MF .deps/eelf32_sparc_vxworks.Tpo -c -o eelf32_sparc_vxworks.o eelf32_sparc_vxworks.c
mv -f .deps/eelf32_sparc_vxworks.Tpo .deps/eelf32_sparc_vxworks.Po
base=`echo eelf32_spu.c | sed -e 's,e\(.*\).c,\1,'`; \
make run-genscripts "script_target=$base" "script_tdirname=tdir_$base"
make[5]: Entering directory '/external/binutils-2.35.1/ld'
/bin/bash ./genscripts.sh "." "/usr/local/lib" "/usr/local" "/usr/local" x86_64-pc-linux-gnu x86_64-pc-linux-gnu x86_64-pc-linux-gnu ".deps" "" "elf_x86_64 elf_i386 elf32_x86_64 elf_l1om elf_k1om" "/usr/local/lib /lib /usr/lib" no yes elf32_spu ""
make[5]: Leaving directory '/external/binutils-2.35.1/ld'
gcc -DHAVE_CONFIG_H -I.  -I. -I. -I../bfd -I./../bfd -I./../include -I./../zlib  -g -O2 -DLOCALEDIR="\"/usr/local/share/locale\""  -W -Wall -Wstrict-prototypes -Wmissing-prototypes -Wshadow -Wstack-usage=262144 -DELF_LIST_OPTIONS=TRUE -DELF_SHLIB_LIST_OPTIONS=TRUE -DELF_PLT_UNWIND_LIST_OPTIONS=TRUE -g -O2 -MT eelf32_spu.o -MD -MP -MF .deps/eelf32_spu.Tpo -c -o eelf32_spu.o \
  -DEMBEDSPU="\"`echo embedspu | sed 's/^ld-new$/ld.bfd/;s,y,y,'`\"" eelf32_spu.c
mv -f .deps/eelf32_spu.Tpo .deps/eelf32_spu.Po
base=`echo eelf32_tic6x_be.c | sed -e 's,e\(.*\).c,\1,'`; \
make run-genscripts "script_target=$base" "script_tdirname=tdir_$base"
make[5]: Entering directory '/external/binutils-2.35.1/ld'
/bin/bash ./genscripts.sh "." "/usr/local/lib" "/usr/local" "/usr/local" x86_64-pc-linux-gnu x86_64-pc-linux-gnu x86_64-pc-linux-gnu ".deps" "" "elf_x86_64 elf_i386 elf32_x86_64 elf_l1om elf_k1om" "/usr/local/lib /lib /usr/lib" no yes elf32_tic6x_be ""
make[5]: Leaving directory '/external/binutils-2.35.1/ld'
gcc -DHAVE_CONFIG_H -I.  -I. -I. -I../bfd -I./../bfd -I./../include -I./../zlib  -g -O2 -DLOCALEDIR="\"/usr/local/share/locale\""  -W -Wall -Wstrict-prototypes -Wmissing-prototypes -Wshadow -Wstack-usage=262144 -DELF_LIST_OPTIONS=TRUE -DELF_SHLIB_LIST_OPTIONS=TRUE -DELF_PLT_UNWIND_LIST_OPTIONS=TRUE -g -O2 -MT eelf32_tic6x_be.o -MD -MP -MF .deps/eelf32_tic6x_be.Tpo -c -o eelf32_tic6x_be.o eelf32_tic6x_be.c
mv -f .deps/eelf32_tic6x_be.Tpo .deps/eelf32_tic6x_be.Po
base=`echo eelf32_tic6x_le.c | sed -e 's,e\(.*\).c,\1,'`; \
make run-genscripts "script_target=$base" "script_tdirname=tdir_$base"
make[5]: Entering directory '/external/binutils-2.35.1/ld'
/bin/bash ./genscripts.sh "." "/usr/local/lib" "/usr/local" "/usr/local" x86_64-pc-linux-gnu x86_64-pc-linux-gnu x86_64-pc-linux-gnu ".deps" "" "elf_x86_64 elf_i386 elf32_x86_64 elf_l1om elf_k1om" "/usr/local/lib /lib /usr/lib" no yes elf32_tic6x_le ""
make[5]: Leaving directory '/external/binutils-2.35.1/ld'
gcc -DHAVE_CONFIG_H -I.  -I. -I. -I../bfd -I./../bfd -I./../include -I./../zlib  -g -O2 -DLOCALEDIR="\"/usr/local/share/locale\""  -W -Wall -Wstrict-prototypes -Wmissing-prototypes -Wshadow -Wstack-usage=262144 -DELF_LIST_OPTIONS=TRUE -DELF_SHLIB_LIST_OPTIONS=TRUE -DELF_PLT_UNWIND_LIST_OPTIONS=TRUE -g -O2 -MT eelf32_tic6x_le.o -MD -MP -MF .deps/eelf32_tic6x_le.Tpo -c -o eelf32_tic6x_le.o eelf32_tic6x_le.c
mv -f .deps/eelf32_tic6x_le.Tpo .deps/eelf32_tic6x_le.Po
base=`echo eelf32_tic6x_linux_be.c | sed -e 's,e\(.*\).c,\1,'`; \
make run-genscripts "script_target=$base" "script_tdirname=tdir_$base"
make[5]: Entering directory '/external/binutils-2.35.1/ld'
/bin/bash ./genscripts.sh "." "/usr/local/lib" "/usr/local" "/usr/local" x86_64-pc-linux-gnu x86_64-pc-linux-gnu x86_64-pc-linux-gnu ".deps" "" "elf_x86_64 elf_i386 elf32_x86_64 elf_l1om elf_k1om" "/usr/local/lib /lib /usr/lib" no yes elf32_tic6x_linux_be ""
make[5]: Leaving directory '/external/binutils-2.35.1/ld'
gcc -DHAVE_CONFIG_H -I.  -I. -I. -I../bfd -I./../bfd -I./../include -I./../zlib  -g -O2 -DLOCALEDIR="\"/usr/local/share/locale\""  -W -Wall -Wstrict-prototypes -Wmissing-prototypes -Wshadow -Wstack-usage=262144 -DELF_LIST_OPTIONS=TRUE -DELF_SHLIB_LIST_OPTIONS=TRUE -DELF_PLT_UNWIND_LIST_OPTIONS=TRUE -g -O2 -MT eelf32_tic6x_linux_be.o -MD -MP -MF .deps/eelf32_tic6x_linux_be.Tpo -c -o eelf32_tic6x_linux_be.o eelf32_tic6x_linux_be.c
mv -f .deps/eelf32_tic6x_linux_be.Tpo .deps/eelf32_tic6x_linux_be.Po
base=`echo eelf32_tic6x_linux_le.c | sed -e 's,e\(.*\).c,\1,'`; \
make run-genscripts "script_target=$base" "script_tdirname=tdir_$base"
make[5]: Entering directory '/external/binutils-2.35.1/ld'
/bin/bash ./genscripts.sh "." "/usr/local/lib" "/usr/local" "/usr/local" x86_64-pc-linux-gnu x86_64-pc-linux-gnu x86_64-pc-linux-gnu ".deps" "" "elf_x86_64 elf_i386 elf32_x86_64 elf_l1om elf_k1om" "/usr/local/lib /lib /usr/lib" no yes elf32_tic6x_linux_le ""
make[5]: Leaving directory '/external/binutils-2.35.1/ld'
gcc -DHAVE_CONFIG_H -I.  -I. -I. -I../bfd -I./../bfd -I./../include -I./../zlib  -g -O2 -DLOCALEDIR="\"/usr/local/share/locale\""  -W -Wall -Wstrict-prototypes -Wmissing-prototypes -Wshadow -Wstack-usage=262144 -DELF_LIST_OPTIONS=TRUE -DELF_SHLIB_LIST_OPTIONS=TRUE -DELF_PLT_UNWIND_LIST_OPTIONS=TRUE -g -O2 -MT eelf32_tic6x_linux_le.o -MD -MP -MF .deps/eelf32_tic6x_linux_le.Tpo -c -o eelf32_tic6x_linux_le.o eelf32_tic6x_linux_le.c
mv -f .deps/eelf32_tic6x_linux_le.Tpo .deps/eelf32_tic6x_linux_le.Po
base=`echo eelf32_tic6x_elf_be.c | sed -e 's,e\(.*\).c,\1,'`; \
make run-genscripts "script_target=$base" "script_tdirname=tdir_$base"
make[5]: Entering directory '/external/binutils-2.35.1/ld'
/bin/bash ./genscripts.sh "." "/usr/local/lib" "/usr/local" "/usr/local" x86_64-pc-linux-gnu x86_64-pc-linux-gnu x86_64-pc-linux-gnu ".deps" "" "elf_x86_64 elf_i386 elf32_x86_64 elf_l1om elf_k1om" "/usr/local/lib /lib /usr/lib" no yes elf32_tic6x_elf_be ""
make[5]: Leaving directory '/external/binutils-2.35.1/ld'
gcc -DHAVE_CONFIG_H -I.  -I. -I. -I../bfd -I./../bfd -I./../include -I./../zlib  -g -O2 -DLOCALEDIR="\"/usr/local/share/locale\""  -W -Wall -Wstrict-prototypes -Wmissing-prototypes -Wshadow -Wstack-usage=262144 -DELF_LIST_OPTIONS=TRUE -DELF_SHLIB_LIST_OPTIONS=TRUE -DELF_PLT_UNWIND_LIST_OPTIONS=TRUE -g -O2 -MT eelf32_tic6x_elf_be.o -MD -MP -MF .deps/eelf32_tic6x_elf_be.Tpo -c -o eelf32_tic6x_elf_be.o eelf32_tic6x_elf_be.c
mv -f .deps/eelf32_tic6x_elf_be.Tpo .deps/eelf32_tic6x_elf_be.Po
base=`echo eelf32_tic6x_elf_le.c | sed -e 's,e\(.*\).c,\1,'`; \
make run-genscripts "script_target=$base" "script_tdirname=tdir_$base"
make[5]: Entering directory '/external/binutils-2.35.1/ld'
/bin/bash ./genscripts.sh "." "/usr/local/lib" "/usr/local" "/usr/local" x86_64-pc-linux-gnu x86_64-pc-linux-gnu x86_64-pc-linux-gnu ".deps" "" "elf_x86_64 elf_i386 elf32_x86_64 elf_l1om elf_k1om" "/usr/local/lib /lib /usr/lib" no yes elf32_tic6x_elf_le ""
make[5]: Leaving directory '/external/binutils-2.35.1/ld'
gcc -DHAVE_CONFIG_H -I.  -I. -I. -I../bfd -I./../bfd -I./../include -I./../zlib  -g -O2 -DLOCALEDIR="\"/usr/local/share/locale\""  -W -Wall -Wstrict-prototypes -Wmissing-prototypes -Wshadow -Wstack-usage=262144 -DELF_LIST_OPTIONS=TRUE -DELF_SHLIB_LIST_OPTIONS=TRUE -DELF_PLT_UNWIND_LIST_OPTIONS=TRUE -g -O2 -MT eelf32_tic6x_elf_le.o -MD -MP -MF .deps/eelf32_tic6x_elf_le.Tpo -c -o eelf32_tic6x_elf_le.o eelf32_tic6x_elf_le.c
mv -f .deps/eelf32_tic6x_elf_le.Tpo .deps/eelf32_tic6x_elf_le.Po
base=`echo eelf32am33lin.c | sed -e 's,e\(.*\).c,\1,'`; \
make run-genscripts "script_target=$base" "script_tdirname=tdir_$base"
make[5]: Entering directory '/external/binutils-2.35.1/ld'
/bin/bash ./genscripts.sh "." "/usr/local/lib" "/usr/local" "/usr/local" x86_64-pc-linux-gnu x86_64-pc-linux-gnu x86_64-pc-linux-gnu ".deps" "" "elf_x86_64 elf_i386 elf32_x86_64 elf_l1om elf_k1om" "/usr/local/lib /lib /usr/lib" no yes elf32am33lin ""
make[5]: Leaving directory '/external/binutils-2.35.1/ld'
gcc -DHAVE_CONFIG_H -I.  -I. -I. -I../bfd -I./../bfd -I./../include -I./../zlib  -g -O2 -DLOCALEDIR="\"/usr/local/share/locale\""  -W -Wall -Wstrict-prototypes -Wmissing-prototypes -Wshadow -Wstack-usage=262144 -DELF_LIST_OPTIONS=TRUE -DELF_SHLIB_LIST_OPTIONS=TRUE -DELF_PLT_UNWIND_LIST_OPTIONS=TRUE -g -O2 -MT eelf32am33lin.o -MD -MP -MF .deps/eelf32am33lin.Tpo -c -o eelf32am33lin.o eelf32am33lin.c
mv -f .deps/eelf32am33lin.Tpo .deps/eelf32am33lin.Po
base=`echo eelf32bfin.c | sed -e 's,e\(.*\).c,\1,'`; \
make run-genscripts "script_target=$base" "script_tdirname=tdir_$base"
make[5]: Entering directory '/external/binutils-2.35.1/ld'
/bin/bash ./genscripts.sh "." "/usr/local/lib" "/usr/local" "/usr/local" x86_64-pc-linux-gnu x86_64-pc-linux-gnu x86_64-pc-linux-gnu ".deps" "" "elf_x86_64 elf_i386 elf32_x86_64 elf_l1om elf_k1om" "/usr/local/lib /lib /usr/lib" no yes elf32bfin ""
make[5]: Leaving directory '/external/binutils-2.35.1/ld'
gcc -DHAVE_CONFIG_H -I.  -I. -I. -I../bfd -I./../bfd -I./../include -I./../zlib  -g -O2 -DLOCALEDIR="\"/usr/local/share/locale\""  -W -Wall -Wstrict-prototypes -Wmissing-prototypes -Wshadow -Wstack-usage=262144 -DELF_LIST_OPTIONS=TRUE -DELF_SHLIB_LIST_OPTIONS=TRUE -DELF_PLT_UNWIND_LIST_OPTIONS=TRUE -g -O2 -MT eelf32bfin.o -MD -MP -MF .deps/eelf32bfin.Tpo -c -o eelf32bfin.o eelf32bfin.c
mv -f .deps/eelf32bfin.Tpo .deps/eelf32bfin.Po
base=`echo eelf32bfinfd.c | sed -e 's,e\(.*\).c,\1,'`; \
make run-genscripts "script_target=$base" "script_tdirname=tdir_$base"
make[5]: Entering directory '/external/binutils-2.35.1/ld'
/bin/bash ./genscripts.sh "." "/usr/local/lib" "/usr/local" "/usr/local" x86_64-pc-linux-gnu x86_64-pc-linux-gnu x86_64-pc-linux-gnu ".deps" "" "elf_x86_64 elf_i386 elf32_x86_64 elf_l1om elf_k1om" "/usr/local/lib /lib /usr/lib" no yes elf32bfinfd ""
make[5]: Leaving directory '/external/binutils-2.35.1/ld'
gcc -DHAVE_CONFIG_H -I.  -I. -I. -I../bfd -I./../bfd -I./../include -I./../zlib  -g -O2 -DLOCALEDIR="\"/usr/local/share/locale\""  -W -Wall -Wstrict-prototypes -Wmissing-prototypes -Wshadow -Wstack-usage=262144 -DELF_LIST_OPTIONS=TRUE -DELF_SHLIB_LIST_OPTIONS=TRUE -DELF_PLT_UNWIND_LIST_OPTIONS=TRUE -g -O2 -MT eelf32bfinfd.o -MD -MP -MF .deps/eelf32bfinfd.Tpo -c -o eelf32bfinfd.o eelf32bfinfd.c
mv -f .deps/eelf32bfinfd.Tpo .deps/eelf32bfinfd.Po
base=`echo eelf32cr16.c | sed -e 's,e\(.*\).c,\1,'`; \
make run-genscripts "script_target=$base" "script_tdirname=tdir_$base"
make[5]: Entering directory '/external/binutils-2.35.1/ld'
/bin/bash ./genscripts.sh "." "/usr/local/lib" "/usr/local" "/usr/local" x86_64-pc-linux-gnu x86_64-pc-linux-gnu x86_64-pc-linux-gnu ".deps" "" "elf_x86_64 elf_i386 elf32_x86_64 elf_l1om elf_k1om" "/usr/local/lib /lib /usr/lib" no yes elf32cr16 ""
make[5]: Leaving directory '/external/binutils-2.35.1/ld'
gcc -DHAVE_CONFIG_H -I.  -I. -I. -I../bfd -I./../bfd -I./../include -I./../zlib  -g -O2 -DLOCALEDIR="\"/usr/local/share/locale\""  -W -Wall -Wstrict-prototypes -Wmissing-prototypes -Wshadow -Wstack-usage=262144 -DELF_LIST_OPTIONS=TRUE -DELF_SHLIB_LIST_OPTIONS=TRUE -DELF_PLT_UNWIND_LIST_OPTIONS=TRUE -g -O2 -MT eelf32cr16.o -MD -MP -MF .deps/eelf32cr16.Tpo -c -o eelf32cr16.o eelf32cr16.c
mv -f .deps/eelf32cr16.Tpo .deps/eelf32cr16.Po
base=`echo eelf32crx.c | sed -e 's,e\(.*\).c,\1,'`; \
make run-genscripts "script_target=$base" "script_tdirname=tdir_$base"
make[5]: Entering directory '/external/binutils-2.35.1/ld'
/bin/bash ./genscripts.sh "." "/usr/local/lib" "/usr/local" "/usr/local" x86_64-pc-linux-gnu x86_64-pc-linux-gnu x86_64-pc-linux-gnu ".deps" "" "elf_x86_64 elf_i386 elf32_x86_64 elf_l1om elf_k1om" "/usr/local/lib /lib /usr/lib" no yes elf32crx ""
make[5]: Leaving directory '/external/binutils-2.35.1/ld'
gcc -DHAVE_CONFIG_H -I.  -I. -I. -I../bfd -I./../bfd -I./../include -I./../zlib  -g -O2 -DLOCALEDIR="\"/usr/local/share/locale\""  -W -Wall -Wstrict-prototypes -Wmissing-prototypes -Wshadow -Wstack-usage=262144 -DELF_LIST_OPTIONS=TRUE -DELF_SHLIB_LIST_OPTIONS=TRUE -DELF_PLT_UNWIND_LIST_OPTIONS=TRUE -g -O2 -MT eelf32crx.o -MD -MP -MF .deps/eelf32crx.Tpo -c -o eelf32crx.o eelf32crx.c
mv -f .deps/eelf32crx.Tpo .deps/eelf32crx.Po
base=`echo eelf32epiphany.c | sed -e 's,e\(.*\).c,\1,'`; \
make run-genscripts "script_target=$base" "script_tdirname=tdir_$base"
make[5]: Entering directory '/external/binutils-2.35.1/ld'
/bin/bash ./genscripts.sh "." "/usr/local/lib" "/usr/local" "/usr/local" x86_64-pc-linux-gnu x86_64-pc-linux-gnu x86_64-pc-linux-gnu ".deps" "" "elf_x86_64 elf_i386 elf32_x86_64 elf_l1om elf_k1om" "/usr/local/lib /lib /usr/lib" no yes elf32epiphany ""
make[5]: Leaving directory '/external/binutils-2.35.1/ld'
gcc -DHAVE_CONFIG_H -I.  -I. -I. -I../bfd -I./../bfd -I./../include -I./../zlib  -g -O2 -DLOCALEDIR="\"/usr/local/share/locale\""  -W -Wall -Wstrict-prototypes -Wmissing-prototypes -Wshadow -Wstack-usage=262144 -DELF_LIST_OPTIONS=TRUE -DELF_SHLIB_LIST_OPTIONS=TRUE -DELF_PLT_UNWIND_LIST_OPTIONS=TRUE -g -O2 -MT eelf32epiphany.o -MD -MP -MF .deps/eelf32epiphany.Tpo -c -o eelf32epiphany.o eelf32epiphany.c
mv -f .deps/eelf32epiphany.Tpo .deps/eelf32epiphany.Po
base=`echo eelf32epiphany_4x4.c | sed -e 's,e\(.*\).c,\1,'`; \
make run-genscripts "script_target=$base" "script_tdirname=tdir_$base"
make[5]: Entering directory '/external/binutils-2.35.1/ld'
/bin/bash ./genscripts.sh "." "/usr/local/lib" "/usr/local" "/usr/local" x86_64-pc-linux-gnu x86_64-pc-linux-gnu x86_64-pc-linux-gnu ".deps" "" "elf_x86_64 elf_i386 elf32_x86_64 elf_l1om elf_k1om" "/usr/local/lib /lib /usr/lib" no yes elf32epiphany_4x4 ""
make[5]: Leaving directory '/external/binutils-2.35.1/ld'
gcc -DHAVE_CONFIG_H -I.  -I. -I. -I../bfd -I./../bfd -I./../include -I./../zlib  -g -O2 -DLOCALEDIR="\"/usr/local/share/locale\""  -W -Wall -Wstrict-prototypes -Wmissing-prototypes -Wshadow -Wstack-usage=262144 -DELF_LIST_OPTIONS=TRUE -DELF_SHLIB_LIST_OPTIONS=TRUE -DELF_PLT_UNWIND_LIST_OPTIONS=TRUE -g -O2 -MT eelf32epiphany_4x4.o -MD -MP -MF .deps/eelf32epiphany_4x4.Tpo -c -o eelf32epiphany_4x4.o eelf32epiphany_4x4.c
mv -f .deps/eelf32epiphany_4x4.Tpo .deps/eelf32epiphany_4x4.Po
base=`echo eelf32fr30.c | sed -e 's,e\(.*\).c,\1,'`; \
make run-genscripts "script_target=$base" "script_tdirname=tdir_$base"
make[5]: Entering directory '/external/binutils-2.35.1/ld'
/bin/bash ./genscripts.sh "." "/usr/local/lib" "/usr/local" "/usr/local" x86_64-pc-linux-gnu x86_64-pc-linux-gnu x86_64-pc-linux-gnu ".deps" "" "elf_x86_64 elf_i386 elf32_x86_64 elf_l1om elf_k1om" "/usr/local/lib /lib /usr/lib" no yes elf32fr30 ""
make[5]: Leaving directory '/external/binutils-2.35.1/ld'
gcc -DHAVE_CONFIG_H -I.  -I. -I. -I../bfd -I./../bfd -I./../include -I./../zlib  -g -O2 -DLOCALEDIR="\"/usr/local/share/locale\""  -W -Wall -Wstrict-prototypes -Wmissing-prototypes -Wshadow -Wstack-usage=262144 -DELF_LIST_OPTIONS=TRUE -DELF_SHLIB_LIST_OPTIONS=TRUE -DELF_PLT_UNWIND_LIST_OPTIONS=TRUE -g -O2 -MT eelf32fr30.o -MD -MP -MF .deps/eelf32fr30.Tpo -c -o eelf32fr30.o eelf32fr30.c
mv -f .deps/eelf32fr30.Tpo .deps/eelf32fr30.Po
base=`echo eelf32frv.c | sed -e 's,e\(.*\).c,\1,'`; \
make run-genscripts "script_target=$base" "script_tdirname=tdir_$base"
make[5]: Entering directory '/external/binutils-2.35.1/ld'
/bin/bash ./genscripts.sh "." "/usr/local/lib" "/usr/local" "/usr/local" x86_64-pc-linux-gnu x86_64-pc-linux-gnu x86_64-pc-linux-gnu ".deps" "" "elf_x86_64 elf_i386 elf32_x86_64 elf_l1om elf_k1om" "/usr/local/lib /lib /usr/lib" no yes elf32frv ""
make[5]: Leaving directory '/external/binutils-2.35.1/ld'
gcc -DHAVE_CONFIG_H -I.  -I. -I. -I../bfd -I./../bfd -I./../include -I./../zlib  -g -O2 -DLOCALEDIR="\"/usr/local/share/locale\""  -W -Wall -Wstrict-prototypes -Wmissing-prototypes -Wshadow -Wstack-usage=262144 -DELF_LIST_OPTIONS=TRUE -DELF_SHLIB_LIST_OPTIONS=TRUE -DELF_PLT_UNWIND_LIST_OPTIONS=TRUE -g -O2 -MT eelf32frv.o -MD -MP -MF .deps/eelf32frv.Tpo -c -o eelf32frv.o eelf32frv.c
mv -f .deps/eelf32frv.Tpo .deps/eelf32frv.Po
base=`echo eelf32frvfd.c | sed -e 's,e\(.*\).c,\1,'`; \
make run-genscripts "script_target=$base" "script_tdirname=tdir_$base"
make[5]: Entering directory '/external/binutils-2.35.1/ld'
/bin/bash ./genscripts.sh "." "/usr/local/lib" "/usr/local" "/usr/local" x86_64-pc-linux-gnu x86_64-pc-linux-gnu x86_64-pc-linux-gnu ".deps" "" "elf_x86_64 elf_i386 elf32_x86_64 elf_l1om elf_k1om" "/usr/local/lib /lib /usr/lib" no yes elf32frvfd ""
make[5]: Leaving directory '/external/binutils-2.35.1/ld'
gcc -DHAVE_CONFIG_H -I.  -I. -I. -I../bfd -I./../bfd -I./../include -I./../zlib  -g -O2 -DLOCALEDIR="\"/usr/local/share/locale\""  -W -Wall -Wstrict-prototypes -Wmissing-prototypes -Wshadow -Wstack-usage=262144 -DELF_LIST_OPTIONS=TRUE -DELF_SHLIB_LIST_OPTIONS=TRUE -DELF_PLT_UNWIND_LIST_OPTIONS=TRUE -g -O2 -MT eelf32frvfd.o -MD -MP -MF .deps/eelf32frvfd.Tpo -c -o eelf32frvfd.o eelf32frvfd.c
mv -f .deps/eelf32frvfd.Tpo .deps/eelf32frvfd.Po
base=`echo eelf32ft32.c | sed -e 's,e\(.*\).c,\1,'`; \
make run-genscripts "script_target=$base" "script_tdirname=tdir_$base"
make[5]: Entering directory '/external/binutils-2.35.1/ld'
/bin/bash ./genscripts.sh "." "/usr/local/lib" "/usr/local" "/usr/local" x86_64-pc-linux-gnu x86_64-pc-linux-gnu x86_64-pc-linux-gnu ".deps" "" "elf_x86_64 elf_i386 elf32_x86_64 elf_l1om elf_k1om" "/usr/local/lib /lib /usr/lib" no yes elf32ft32 ""
make[5]: Leaving directory '/external/binutils-2.35.1/ld'
gcc -DHAVE_CONFIG_H -I.  -I. -I. -I../bfd -I./../bfd -I./../include -I./../zlib  -g -O2 -DLOCALEDIR="\"/usr/local/share/locale\""  -W -Wall -Wstrict-prototypes -Wmissing-prototypes -Wshadow -Wstack-usage=262144 -DELF_LIST_OPTIONS=TRUE -DELF_SHLIB_LIST_OPTIONS=TRUE -DELF_PLT_UNWIND_LIST_OPTIONS=TRUE -g -O2 -MT eelf32ft32.o -MD -MP -MF .deps/eelf32ft32.Tpo -c -o eelf32ft32.o eelf32ft32.c
mv -f .deps/eelf32ft32.Tpo .deps/eelf32ft32.Po
base=`echo eelf32ip2k.c | sed -e 's,e\(.*\).c,\1,'`; \
make run-genscripts "script_target=$base" "script_tdirname=tdir_$base"
make[5]: Entering directory '/external/binutils-2.35.1/ld'
/bin/bash ./genscripts.sh "." "/usr/local/lib" "/usr/local" "/usr/local" x86_64-pc-linux-gnu x86_64-pc-linux-gnu x86_64-pc-linux-gnu ".deps" "" "elf_x86_64 elf_i386 elf32_x86_64 elf_l1om elf_k1om" "/usr/local/lib /lib /usr/lib" no yes elf32ip2k ""
make[5]: Leaving directory '/external/binutils-2.35.1/ld'
gcc -DHAVE_CONFIG_H -I.  -I. -I. -I../bfd -I./../bfd -I./../include -I./../zlib  -g -O2 -DLOCALEDIR="\"/usr/local/share/locale\""  -W -Wall -Wstrict-prototypes -Wmissing-prototypes -Wshadow -Wstack-usage=262144 -DELF_LIST_OPTIONS=TRUE -DELF_SHLIB_LIST_OPTIONS=TRUE -DELF_PLT_UNWIND_LIST_OPTIONS=TRUE -g -O2 -MT eelf32ip2k.o -MD -MP -MF .deps/eelf32ip2k.Tpo -c -o eelf32ip2k.o eelf32ip2k.c
mv -f .deps/eelf32ip2k.Tpo .deps/eelf32ip2k.Po
base=`echo eelf32iq10.c | sed -e 's,e\(.*\).c,\1,'`; \
make run-genscripts "script_target=$base" "script_tdirname=tdir_$base"
make[5]: Entering directory '/external/binutils-2.35.1/ld'
/bin/bash ./genscripts.sh "." "/usr/local/lib" "/usr/local" "/usr/local" x86_64-pc-linux-gnu x86_64-pc-linux-gnu x86_64-pc-linux-gnu ".deps" "" "elf_x86_64 elf_i386 elf32_x86_64 elf_l1om elf_k1om" "/usr/local/lib /lib /usr/lib" no yes elf32iq10 ""
make[5]: Leaving directory '/external/binutils-2.35.1/ld'
gcc -DHAVE_CONFIG_H -I.  -I. -I. -I../bfd -I./../bfd -I./../include -I./../zlib  -g -O2 -DLOCALEDIR="\"/usr/local/share/locale\""  -W -Wall -Wstrict-prototypes -Wmissing-prototypes -Wshadow -Wstack-usage=262144 -DELF_LIST_OPTIONS=TRUE -DELF_SHLIB_LIST_OPTIONS=TRUE -DELF_PLT_UNWIND_LIST_OPTIONS=TRUE -g -O2 -MT eelf32iq10.o -MD -MP -MF .deps/eelf32iq10.Tpo -c -o eelf32iq10.o eelf32iq10.c
mv -f .deps/eelf32iq10.Tpo .deps/eelf32iq10.Po
base=`echo eelf32iq2000.c | sed -e 's,e\(.*\).c,\1,'`; \
make run-genscripts "script_target=$base" "script_tdirname=tdir_$base"
make[5]: Entering directory '/external/binutils-2.35.1/ld'
/bin/bash ./genscripts.sh "." "/usr/local/lib" "/usr/local" "/usr/local" x86_64-pc-linux-gnu x86_64-pc-linux-gnu x86_64-pc-linux-gnu ".deps" "" "elf_x86_64 elf_i386 elf32_x86_64 elf_l1om elf_k1om" "/usr/local/lib /lib /usr/lib" no yes elf32iq2000 ""
make[5]: Leaving directory '/external/binutils-2.35.1/ld'
gcc -DHAVE_CONFIG_H -I.  -I. -I. -I../bfd -I./../bfd -I./../include -I./../zlib  -g -O2 -DLOCALEDIR="\"/usr/local/share/locale\""  -W -Wall -Wstrict-prototypes -Wmissing-prototypes -Wshadow -Wstack-usage=262144 -DELF_LIST_OPTIONS=TRUE -DELF_SHLIB_LIST_OPTIONS=TRUE -DELF_PLT_UNWIND_LIST_OPTIONS=TRUE -g -O2 -MT eelf32iq2000.o -MD -MP -MF .deps/eelf32iq2000.Tpo -c -o eelf32iq2000.o eelf32iq2000.c
mv -f .deps/eelf32iq2000.Tpo .deps/eelf32iq2000.Po
base=`echo eelf32lm32.c | sed -e 's,e\(.*\).c,\1,'`; \
make run-genscripts "script_target=$base" "script_tdirname=tdir_$base"
make[5]: Entering directory '/external/binutils-2.35.1/ld'
/bin/bash ./genscripts.sh "." "/usr/local/lib" "/usr/local" "/usr/local" x86_64-pc-linux-gnu x86_64-pc-linux-gnu x86_64-pc-linux-gnu ".deps" "" "elf_x86_64 elf_i386 elf32_x86_64 elf_l1om elf_k1om" "/usr/local/lib /lib /usr/lib" no yes elf32lm32 ""
make[5]: Leaving directory '/external/binutils-2.35.1/ld'
gcc -DHAVE_CONFIG_H -I.  -I. -I. -I../bfd -I./../bfd -I./../include -I./../zlib  -g -O2 -DLOCALEDIR="\"/usr/local/share/locale\""  -W -Wall -Wstrict-prototypes -Wmissing-prototypes -Wshadow -Wstack-usage=262144 -DELF_LIST_OPTIONS=TRUE -DELF_SHLIB_LIST_OPTIONS=TRUE -DELF_PLT_UNWIND_LIST_OPTIONS=TRUE -g -O2 -MT eelf32lm32.o -MD -MP -MF .deps/eelf32lm32.Tpo -c -o eelf32lm32.o eelf32lm32.c
mv -f .deps/eelf32lm32.Tpo .deps/eelf32lm32.Po
base=`echo eelf32lm32fd.c | sed -e 's,e\(.*\).c,\1,'`; \
make run-genscripts "script_target=$base" "script_tdirname=tdir_$base"
make[5]: Entering directory '/external/binutils-2.35.1/ld'
/bin/bash ./genscripts.sh "." "/usr/local/lib" "/usr/local" "/usr/local" x86_64-pc-linux-gnu x86_64-pc-linux-gnu x86_64-pc-linux-gnu ".deps" "" "elf_x86_64 elf_i386 elf32_x86_64 elf_l1om elf_k1om" "/usr/local/lib /lib /usr/lib" no yes elf32lm32fd ""
make[5]: Leaving directory '/external/binutils-2.35.1/ld'
gcc -DHAVE_CONFIG_H -I.  -I. -I. -I../bfd -I./../bfd -I./../include -I./../zlib  -g -O2 -DLOCALEDIR="\"/usr/local/share/locale\""  -W -Wall -Wstrict-prototypes -Wmissing-prototypes -Wshadow -Wstack-usage=262144 -DELF_LIST_OPTIONS=TRUE -DELF_SHLIB_LIST_OPTIONS=TRUE -DELF_PLT_UNWIND_LIST_OPTIONS=TRUE -g -O2 -MT eelf32lm32fd.o -MD -MP -MF .deps/eelf32lm32fd.Tpo -c -o eelf32lm32fd.o eelf32lm32fd.c
mv -f .deps/eelf32lm32fd.Tpo .deps/eelf32lm32fd.Po
base=`echo eelf32lppc.c | sed -e 's,e\(.*\).c,\1,'`; \
make run-genscripts "script_target=$base" "script_tdirname=tdir_$base"
make[5]: Entering directory '/external/binutils-2.35.1/ld'
/bin/bash ./genscripts.sh "." "/usr/local/lib" "/usr/local" "/usr/local" x86_64-pc-linux-gnu x86_64-pc-linux-gnu x86_64-pc-linux-gnu ".deps" "" "elf_x86_64 elf_i386 elf32_x86_64 elf_l1om elf_k1om" "/usr/local/lib /lib /usr/lib" no yes elf32lppc ""
make[5]: Leaving directory '/external/binutils-2.35.1/ld'
gcc -DHAVE_CONFIG_H -I.  -I. -I. -I../bfd -I./../bfd -I./../include -I./../zlib  -g -O2 -DLOCALEDIR="\"/usr/local/share/locale\""  -W -Wall -Wstrict-prototypes -Wmissing-prototypes -Wshadow -Wstack-usage=262144 -DELF_LIST_OPTIONS=TRUE -DELF_SHLIB_LIST_OPTIONS=TRUE -DELF_PLT_UNWIND_LIST_OPTIONS=TRUE -g -O2 -MT eelf32lppc.o -MD -MP -MF .deps/eelf32lppc.Tpo -c -o eelf32lppc.o eelf32lppc.c
mv -f .deps/eelf32lppc.Tpo .deps/eelf32lppc.Po
base=`echo eelf32lppclinux.c | sed -e 's,e\(.*\).c,\1,'`; \
make run-genscripts "script_target=$base" "script_tdirname=tdir_$base"
make[5]: Entering directory '/external/binutils-2.35.1/ld'
/bin/bash ./genscripts.sh "." "/usr/local/lib" "/usr/local" "/usr/local" x86_64-pc-linux-gnu x86_64-pc-linux-gnu x86_64-pc-linux-gnu ".deps" "" "elf_x86_64 elf_i386 elf32_x86_64 elf_l1om elf_k1om" "/usr/local/lib /lib /usr/lib" no yes elf32lppclinux ""
make[5]: Leaving directory '/external/binutils-2.35.1/ld'
gcc -DHAVE_CONFIG_H -I.  -I. -I. -I../bfd -I./../bfd -I./../include -I./../zlib  -g -O2 -DLOCALEDIR="\"/usr/local/share/locale\""  -W -Wall -Wstrict-prototypes -Wmissing-prototypes -Wshadow -Wstack-usage=262144 -DELF_LIST_OPTIONS=TRUE -DELF_SHLIB_LIST_OPTIONS=TRUE -DELF_PLT_UNWIND_LIST_OPTIONS=TRUE -g -O2 -MT eelf32lppclinux.o -MD -MP -MF .deps/eelf32lppclinux.Tpo -c -o eelf32lppclinux.o eelf32lppclinux.c
mv -f .deps/eelf32lppclinux.Tpo .deps/eelf32lppclinux.Po
base=`echo eelf32lppcnto.c | sed -e 's,e\(.*\).c,\1,'`; \
make run-genscripts "script_target=$base" "script_tdirname=tdir_$base"
make[5]: Entering directory '/external/binutils-2.35.1/ld'
/bin/bash ./genscripts.sh "." "/usr/local/lib" "/usr/local" "/usr/local" x86_64-pc-linux-gnu x86_64-pc-linux-gnu x86_64-pc-linux-gnu ".deps" "" "elf_x86_64 elf_i386 elf32_x86_64 elf_l1om elf_k1om" "/usr/local/lib /lib /usr/lib" no yes elf32lppcnto ""
make[5]: Leaving directory '/external/binutils-2.35.1/ld'
gcc -DHAVE_CONFIG_H -I.  -I. -I. -I../bfd -I./../bfd -I./../include -I./../zlib  -g -O2 -DLOCALEDIR="\"/usr/local/share/locale\""  -W -Wall -Wstrict-prototypes -Wmissing-prototypes -Wshadow -Wstack-usage=262144 -DELF_LIST_OPTIONS=TRUE -DELF_SHLIB_LIST_OPTIONS=TRUE -DELF_PLT_UNWIND_LIST_OPTIONS=TRUE -g -O2 -MT eelf32lppcnto.o -MD -MP -MF .deps/eelf32lppcnto.Tpo -c -o eelf32lppcnto.o eelf32lppcnto.c
mv -f .deps/eelf32lppcnto.Tpo .deps/eelf32lppcnto.Po
base=`echo eelf32lppcsim.c | sed -e 's,e\(.*\).c,\1,'`; \
make run-genscripts "script_target=$base" "script_tdirname=tdir_$base"
make[5]: Entering directory '/external/binutils-2.35.1/ld'
/bin/bash ./genscripts.sh "." "/usr/local/lib" "/usr/local" "/usr/local" x86_64-pc-linux-gnu x86_64-pc-linux-gnu x86_64-pc-linux-gnu ".deps" "" "elf_x86_64 elf_i386 elf32_x86_64 elf_l1om elf_k1om" "/usr/local/lib /lib /usr/lib" no yes elf32lppcsim ""
make[5]: Leaving directory '/external/binutils-2.35.1/ld'
gcc -DHAVE_CONFIG_H -I.  -I. -I. -I../bfd -I./../bfd -I./../include -I./../zlib  -g -O2 -DLOCALEDIR="\"/usr/local/share/locale\""  -W -Wall -Wstrict-prototypes -Wmissing-prototypes -Wshadow -Wstack-usage=262144 -DELF_LIST_OPTIONS=TRUE -DELF_SHLIB_LIST_OPTIONS=TRUE -DELF_PLT_UNWIND_LIST_OPTIONS=TRUE -g -O2 -MT eelf32lppcsim.o -MD -MP -MF .deps/eelf32lppcsim.Tpo -c -o eelf32lppcsim.o eelf32lppcsim.c
mv -f .deps/eelf32lppcsim.Tpo .deps/eelf32lppcsim.Po
base=`echo eelf32m32c.c | sed -e 's,e\(.*\).c,\1,'`; \
make run-genscripts "script_target=$base" "script_tdirname=tdir_$base"
make[5]: Entering directory '/external/binutils-2.35.1/ld'
/bin/bash ./genscripts.sh "." "/usr/local/lib" "/usr/local" "/usr/local" x86_64-pc-linux-gnu x86_64-pc-linux-gnu x86_64-pc-linux-gnu ".deps" "" "elf_x86_64 elf_i386 elf32_x86_64 elf_l1om elf_k1om" "/usr/local/lib /lib /usr/lib" no yes elf32m32c ""
make[5]: Leaving directory '/external/binutils-2.35.1/ld'
gcc -DHAVE_CONFIG_H -I.  -I. -I. -I../bfd -I./../bfd -I./../include -I./../zlib  -g -O2 -DLOCALEDIR="\"/usr/local/share/locale\""  -W -Wall -Wstrict-prototypes -Wmissing-prototypes -Wshadow -Wstack-usage=262144 -DELF_LIST_OPTIONS=TRUE -DELF_SHLIB_LIST_OPTIONS=TRUE -DELF_PLT_UNWIND_LIST_OPTIONS=TRUE -g -O2 -MT eelf32m32c.o -MD -MP -MF .deps/eelf32m32c.Tpo -c -o eelf32m32c.o eelf32m32c.c
mv -f .deps/eelf32m32c.Tpo .deps/eelf32m32c.Po
base=`echo eelf32mb_linux.c | sed -e 's,e\(.*\).c,\1,'`; \
make run-genscripts "script_target=$base" "script_tdirname=tdir_$base"
make[5]: Entering directory '/external/binutils-2.35.1/ld'
/bin/bash ./genscripts.sh "." "/usr/local/lib" "/usr/local" "/usr/local" x86_64-pc-linux-gnu x86_64-pc-linux-gnu x86_64-pc-linux-gnu ".deps" "" "elf_x86_64 elf_i386 elf32_x86_64 elf_l1om elf_k1om" "/usr/local/lib /lib /usr/lib" no yes elf32mb_linux ""
make[5]: Leaving directory '/external/binutils-2.35.1/ld'
gcc -DHAVE_CONFIG_H -I.  -I. -I. -I../bfd -I./../bfd -I./../include -I./../zlib  -g -O2 -DLOCALEDIR="\"/usr/local/share/locale\""  -W -Wall -Wstrict-prototypes -Wmissing-prototypes -Wshadow -Wstack-usage=262144 -DELF_LIST_OPTIONS=TRUE -DELF_SHLIB_LIST_OPTIONS=TRUE -DELF_PLT_UNWIND_LIST_OPTIONS=TRUE -g -O2 -MT eelf32mb_linux.o -MD -MP -MF .deps/eelf32mb_linux.Tpo -c -o eelf32mb_linux.o eelf32mb_linux.c
mv -f .deps/eelf32mb_linux.Tpo .deps/eelf32mb_linux.Po
base=`echo eelf32mbel_linux.c | sed -e 's,e\(.*\).c,\1,'`; \
make run-genscripts "script_target=$base" "script_tdirname=tdir_$base"
make[5]: Entering directory '/external/binutils-2.35.1/ld'
/bin/bash ./genscripts.sh "." "/usr/local/lib" "/usr/local" "/usr/local" x86_64-pc-linux-gnu x86_64-pc-linux-gnu x86_64-pc-linux-gnu ".deps" "" "elf_x86_64 elf_i386 elf32_x86_64 elf_l1om elf_k1om" "/usr/local/lib /lib /usr/lib" no yes elf32mbel_linux ""
make[5]: Leaving directory '/external/binutils-2.35.1/ld'
gcc -DHAVE_CONFIG_H -I.  -I. -I. -I../bfd -I./../bfd -I./../include -I./../zlib  -g -O2 -DLOCALEDIR="\"/usr/local/share/locale\""  -W -Wall -Wstrict-prototypes -Wmissing-prototypes -Wshadow -Wstack-usage=262144 -DELF_LIST_OPTIONS=TRUE -DELF_SHLIB_LIST_OPTIONS=TRUE -DELF_PLT_UNWIND_LIST_OPTIONS=TRUE -g -O2 -MT eelf32mbel_linux.o -MD -MP -MF .deps/eelf32mbel_linux.Tpo -c -o eelf32mbel_linux.o eelf32mbel_linux.c
mv -f .deps/eelf32mbel_linux.Tpo .deps/eelf32mbel_linux.Po
base=`echo eelf32mcore.c | sed -e 's,e\(.*\).c,\1,'`; \
make run-genscripts "script_target=$base" "script_tdirname=tdir_$base"
make[5]: Entering directory '/external/binutils-2.35.1/ld'
/bin/bash ./genscripts.sh "." "/usr/local/lib" "/usr/local" "/usr/local" x86_64-pc-linux-gnu x86_64-pc-linux-gnu x86_64-pc-linux-gnu ".deps" "" "elf_x86_64 elf_i386 elf32_x86_64 elf_l1om elf_k1om" "/usr/local/lib /lib /usr/lib" no yes elf32mcore ""
make[5]: Leaving directory '/external/binutils-2.35.1/ld'
gcc -DHAVE_CONFIG_H -I.  -I. -I. -I../bfd -I./../bfd -I./../include -I./../zlib  -g -O2 -DLOCALEDIR="\"/usr/local/share/locale\""  -W -Wall -Wstrict-prototypes -Wmissing-prototypes -Wshadow -Wstack-usage=262144 -DELF_LIST_OPTIONS=TRUE -DELF_SHLIB_LIST_OPTIONS=TRUE -DELF_PLT_UNWIND_LIST_OPTIONS=TRUE -g -O2 -MT eelf32mcore.o -MD -MP -MF .deps/eelf32mcore.Tpo -c -o eelf32mcore.o eelf32mcore.c
mv -f .deps/eelf32mcore.Tpo .deps/eelf32mcore.Po
base=`echo eelf32mep.c | sed -e 's,e\(.*\).c,\1,'`; \
make run-genscripts "script_target=$base" "script_tdirname=tdir_$base"
make[5]: Entering directory '/external/binutils-2.35.1/ld'
/bin/bash ./genscripts.sh "." "/usr/local/lib" "/usr/local" "/usr/local" x86_64-pc-linux-gnu x86_64-pc-linux-gnu x86_64-pc-linux-gnu ".deps" "" "elf_x86_64 elf_i386 elf32_x86_64 elf_l1om elf_k1om" "/usr/local/lib /lib /usr/lib" no yes elf32mep ""
make[5]: Leaving directory '/external/binutils-2.35.1/ld'
gcc -DHAVE_CONFIG_H -I.  -I. -I. -I../bfd -I./../bfd -I./../include -I./../zlib  -g -O2 -DLOCALEDIR="\"/usr/local/share/locale\""  -W -Wall -Wstrict-prototypes -Wmissing-prototypes -Wshadow -Wstack-usage=262144 -DELF_LIST_OPTIONS=TRUE -DELF_SHLIB_LIST_OPTIONS=TRUE -DELF_PLT_UNWIND_LIST_OPTIONS=TRUE -g -O2 -MT eelf32mep.o -MD -MP -MF .deps/eelf32mep.Tpo -c -o eelf32mep.o eelf32mep.c
mv -f .deps/eelf32mep.Tpo .deps/eelf32mep.Po
base=`echo eelf32metag.c | sed -e 's,e\(.*\).c,\1,'`; \
make run-genscripts "script_target=$base" "script_tdirname=tdir_$base"
make[5]: Entering directory '/external/binutils-2.35.1/ld'
/bin/bash ./genscripts.sh "." "/usr/local/lib" "/usr/local" "/usr/local" x86_64-pc-linux-gnu x86_64-pc-linux-gnu x86_64-pc-linux-gnu ".deps" "" "elf_x86_64 elf_i386 elf32_x86_64 elf_l1om elf_k1om" "/usr/local/lib /lib /usr/lib" no yes elf32metag ""
make[5]: Leaving directory '/external/binutils-2.35.1/ld'
gcc -DHAVE_CONFIG_H -I.  -I. -I. -I../bfd -I./../bfd -I./../include -I./../zlib  -g -O2 -DLOCALEDIR="\"/usr/local/share/locale\""  -W -Wall -Wstrict-prototypes -Wmissing-prototypes -Wshadow -Wstack-usage=262144 -DELF_LIST_OPTIONS=TRUE -DELF_SHLIB_LIST_OPTIONS=TRUE -DELF_PLT_UNWIND_LIST_OPTIONS=TRUE -g -O2 -MT eelf32metag.o -MD -MP -MF .deps/eelf32metag.Tpo -c -o eelf32metag.o eelf32metag.c
mv -f .deps/eelf32metag.Tpo .deps/eelf32metag.Po
base=`echo eelf32microblazeel.c | sed -e 's,e\(.*\).c,\1,'`; \
make run-genscripts "script_target=$base" "script_tdirname=tdir_$base"
make[5]: Entering directory '/external/binutils-2.35.1/ld'
/bin/bash ./genscripts.sh "." "/usr/local/lib" "/usr/local" "/usr/local" x86_64-pc-linux-gnu x86_64-pc-linux-gnu x86_64-pc-linux-gnu ".deps" "" "elf_x86_64 elf_i386 elf32_x86_64 elf_l1om elf_k1om" "/usr/local/lib /lib /usr/lib" no yes elf32microblazeel ""
make[5]: Leaving directory '/external/binutils-2.35.1/ld'
gcc -DHAVE_CONFIG_H -I.  -I. -I. -I../bfd -I./../bfd -I./../include -I./../zlib  -g -O2 -DLOCALEDIR="\"/usr/local/share/locale\""  -W -Wall -Wstrict-prototypes -Wmissing-prototypes -Wshadow -Wstack-usage=262144 -DELF_LIST_OPTIONS=TRUE -DELF_SHLIB_LIST_OPTIONS=TRUE -DELF_PLT_UNWIND_LIST_OPTIONS=TRUE -g -O2 -MT eelf32microblazeel.o -MD -MP -MF .deps/eelf32microblazeel.Tpo -c -o eelf32microblazeel.o eelf32microblazeel.c
mv -f .deps/eelf32microblazeel.Tpo .deps/eelf32microblazeel.Po
base=`echo eelf32microblaze.c | sed -e 's,e\(.*\).c,\1,'`; \
make run-genscripts "script_target=$base" "script_tdirname=tdir_$base"
make[5]: Entering directory '/external/binutils-2.35.1/ld'
/bin/bash ./genscripts.sh "." "/usr/local/lib" "/usr/local" "/usr/local" x86_64-pc-linux-gnu x86_64-pc-linux-gnu x86_64-pc-linux-gnu ".deps" "" "elf_x86_64 elf_i386 elf32_x86_64 elf_l1om elf_k1om" "/usr/local/lib /lib /usr/lib" no yes elf32microblaze ""
make[5]: Leaving directory '/external/binutils-2.35.1/ld'
gcc -DHAVE_CONFIG_H -I.  -I. -I. -I../bfd -I./../bfd -I./../include -I./../zlib  -g -O2 -DLOCALEDIR="\"/usr/local/share/locale\""  -W -Wall -Wstrict-prototypes -Wmissing-prototypes -Wshadow -Wstack-usage=262144 -DELF_LIST_OPTIONS=TRUE -DELF_SHLIB_LIST_OPTIONS=TRUE -DELF_PLT_UNWIND_LIST_OPTIONS=TRUE -g -O2 -MT eelf32microblaze.o -MD -MP -MF .deps/eelf32microblaze.Tpo -c -o eelf32microblaze.o eelf32microblaze.c
mv -f .deps/eelf32microblaze.Tpo .deps/eelf32microblaze.Po
base=`echo eelf32moxie.c | sed -e 's,e\(.*\).c,\1,'`; \
make run-genscripts "script_target=$base" "script_tdirname=tdir_$base"
make[5]: Entering directory '/external/binutils-2.35.1/ld'
/bin/bash ./genscripts.sh "." "/usr/local/lib" "/usr/local" "/usr/local" x86_64-pc-linux-gnu x86_64-pc-linux-gnu x86_64-pc-linux-gnu ".deps" "" "elf_x86_64 elf_i386 elf32_x86_64 elf_l1om elf_k1om" "/usr/local/lib /lib /usr/lib" no yes elf32moxie ""
make[5]: Leaving directory '/external/binutils-2.35.1/ld'
gcc -DHAVE_CONFIG_H -I.  -I. -I. -I../bfd -I./../bfd -I./../include -I./../zlib  -g -O2 -DLOCALEDIR="\"/usr/local/share/locale\""  -W -Wall -Wstrict-prototypes -Wmissing-prototypes -Wshadow -Wstack-usage=262144 -DELF_LIST_OPTIONS=TRUE -DELF_SHLIB_LIST_OPTIONS=TRUE -DELF_PLT_UNWIND_LIST_OPTIONS=TRUE -g -O2 -MT eelf32moxie.o -MD -MP -MF .deps/eelf32moxie.Tpo -c -o eelf32moxie.o eelf32moxie.c
mv -f .deps/eelf32moxie.Tpo .deps/eelf32moxie.Po
base=`echo emoxiebox.c | sed -e 's,e\(.*\).c,\1,'`; \
make run-genscripts "script_target=$base" "script_tdirname=tdir_$base"
make[5]: Entering directory '/external/binutils-2.35.1/ld'
/bin/bash ./genscripts.sh "." "/usr/local/lib" "/usr/local" "/usr/local" x86_64-pc-linux-gnu x86_64-pc-linux-gnu x86_64-pc-linux-gnu ".deps" "" "elf_x86_64 elf_i386 elf32_x86_64 elf_l1om elf_k1om" "/usr/local/lib /lib /usr/lib" no yes moxiebox ""
make[5]: Leaving directory '/external/binutils-2.35.1/ld'
gcc -DHAVE_CONFIG_H -I.  -I. -I. -I../bfd -I./../bfd -I./../include -I./../zlib  -g -O2 -DLOCALEDIR="\"/usr/local/share/locale\""  -W -Wall -Wstrict-prototypes -Wmissing-prototypes -Wshadow -Wstack-usage=262144 -DELF_LIST_OPTIONS=TRUE -DELF_SHLIB_LIST_OPTIONS=TRUE -DELF_PLT_UNWIND_LIST_OPTIONS=TRUE -g -O2 -MT emoxiebox.o -MD -MP -MF .deps/emoxiebox.Tpo -c -o emoxiebox.o emoxiebox.c
mv -f .deps/emoxiebox.Tpo .deps/emoxiebox.Po
base=`echo eelf32mt.c | sed -e 's,e\(.*\).c,\1,'`; \
make run-genscripts "script_target=$base" "script_tdirname=tdir_$base"
make[5]: Entering directory '/external/binutils-2.35.1/ld'
/bin/bash ./genscripts.sh "." "/usr/local/lib" "/usr/local" "/usr/local" x86_64-pc-linux-gnu x86_64-pc-linux-gnu x86_64-pc-linux-gnu ".deps" "" "elf_x86_64 elf_i386 elf32_x86_64 elf_l1om elf_k1om" "/usr/local/lib /lib /usr/lib" no yes elf32mt ""
make[5]: Leaving directory '/external/binutils-2.35.1/ld'
gcc -DHAVE_CONFIG_H -I.  -I. -I. -I../bfd -I./../bfd -I./../include -I./../zlib  -g -O2 -DLOCALEDIR="\"/usr/local/share/locale\""  -W -Wall -Wstrict-prototypes -Wmissing-prototypes -Wshadow -Wstack-usage=262144 -DELF_LIST_OPTIONS=TRUE -DELF_SHLIB_LIST_OPTIONS=TRUE -DELF_PLT_UNWIND_LIST_OPTIONS=TRUE -g -O2 -MT eelf32mt.o -MD -MP -MF .deps/eelf32mt.Tpo -c -o eelf32mt.o eelf32mt.c
mv -f .deps/eelf32mt.Tpo .deps/eelf32mt.Po
base=`echo eelf32or1k.c | sed -e 's,e\(.*\).c,\1,'`; \
make run-genscripts "script_target=$base" "script_tdirname=tdir_$base"
make[5]: Entering directory '/external/binutils-2.35.1/ld'
/bin/bash ./genscripts.sh "." "/usr/local/lib" "/usr/local" "/usr/local" x86_64-pc-linux-gnu x86_64-pc-linux-gnu x86_64-pc-linux-gnu ".deps" "" "elf_x86_64 elf_i386 elf32_x86_64 elf_l1om elf_k1om" "/usr/local/lib /lib /usr/lib" no yes elf32or1k ""
make[5]: Leaving directory '/external/binutils-2.35.1/ld'
gcc -DHAVE_CONFIG_H -I.  -I. -I. -I../bfd -I./../bfd -I./../include -I./../zlib  -g -O2 -DLOCALEDIR="\"/usr/local/share/locale\""  -W -Wall -Wstrict-prototypes -Wmissing-prototypes -Wshadow -Wstack-usage=262144 -DELF_LIST_OPTIONS=TRUE -DELF_SHLIB_LIST_OPTIONS=TRUE -DELF_PLT_UNWIND_LIST_OPTIONS=TRUE -g -O2 -MT eelf32or1k.o -MD -MP -MF .deps/eelf32or1k.Tpo -c -o eelf32or1k.o eelf32or1k.c
mv -f .deps/eelf32or1k.Tpo .deps/eelf32or1k.Po
base=`echo eelf32or1k_linux.c | sed -e 's,e\(.*\).c,\1,'`; \
make run-genscripts "script_target=$base" "script_tdirname=tdir_$base"
make[5]: Entering directory '/external/binutils-2.35.1/ld'
/bin/bash ./genscripts.sh "." "/usr/local/lib" "/usr/local" "/usr/local" x86_64-pc-linux-gnu x86_64-pc-linux-gnu x86_64-pc-linux-gnu ".deps" "" "elf_x86_64 elf_i386 elf32_x86_64 elf_l1om elf_k1om" "/usr/local/lib /lib /usr/lib" no yes elf32or1k_linux ""
make[5]: Leaving directory '/external/binutils-2.35.1/ld'
gcc -DHAVE_CONFIG_H -I.  -I. -I. -I../bfd -I./../bfd -I./../include -I./../zlib  -g -O2 -DLOCALEDIR="\"/usr/local/share/locale\""  -W -Wall -Wstrict-prototypes -Wmissing-prototypes -Wshadow -Wstack-usage=262144 -DELF_LIST_OPTIONS=TRUE -DELF_SHLIB_LIST_OPTIONS=TRUE -DELF_PLT_UNWIND_LIST_OPTIONS=TRUE -g -O2 -MT eelf32or1k_linux.o -MD -MP -MF .deps/eelf32or1k_linux.Tpo -c -o eelf32or1k_linux.o eelf32or1k_linux.c
mv -f .deps/eelf32or1k_linux.Tpo .deps/eelf32or1k_linux.Po
base=`echo eelf32ppc.c | sed -e 's,e\(.*\).c,\1,'`; \
make run-genscripts "script_target=$base" "script_tdirname=tdir_$base"
make[5]: Entering directory '/external/binutils-2.35.1/ld'
/bin/bash ./genscripts.sh "." "/usr/local/lib" "/usr/local" "/usr/local" x86_64-pc-linux-gnu x86_64-pc-linux-gnu x86_64-pc-linux-gnu ".deps" "" "elf_x86_64 elf_i386 elf32_x86_64 elf_l1om elf_k1om" "/usr/local/lib /lib /usr/lib" no yes elf32ppc ""
make[5]: Leaving directory '/external/binutils-2.35.1/ld'
gcc -DHAVE_CONFIG_H -I.  -I. -I. -I../bfd -I./../bfd -I./../include -I./../zlib  -g -O2 -DLOCALEDIR="\"/usr/local/share/locale\""  -W -Wall -Wstrict-prototypes -Wmissing-prototypes -Wshadow -Wstack-usage=262144 -DELF_LIST_OPTIONS=TRUE -DELF_SHLIB_LIST_OPTIONS=TRUE -DELF_PLT_UNWIND_LIST_OPTIONS=TRUE -g -O2 -MT eelf32ppc.o -MD -MP -MF .deps/eelf32ppc.Tpo -c -o eelf32ppc.o eelf32ppc.c
mv -f .deps/eelf32ppc.Tpo .deps/eelf32ppc.Po
base=`echo eelf32ppc_fbsd.c | sed -e 's,e\(.*\).c,\1,'`; \
make run-genscripts "script_target=$base" "script_tdirname=tdir_$base"
make[5]: Entering directory '/external/binutils-2.35.1/ld'
/bin/bash ./genscripts.sh "." "/usr/local/lib" "/usr/local" "/usr/local" x86_64-pc-linux-gnu x86_64-pc-linux-gnu x86_64-pc-linux-gnu ".deps" "" "elf_x86_64 elf_i386 elf32_x86_64 elf_l1om elf_k1om" "/usr/local/lib /lib /usr/lib" no yes elf32ppc_fbsd ""
make[5]: Leaving directory '/external/binutils-2.35.1/ld'
gcc -DHAVE_CONFIG_H -I.  -I. -I. -I../bfd -I./../bfd -I./../include -I./../zlib  -g -O2 -DLOCALEDIR="\"/usr/local/share/locale\""  -W -Wall -Wstrict-prototypes -Wmissing-prototypes -Wshadow -Wstack-usage=262144 -DELF_LIST_OPTIONS=TRUE -DELF_SHLIB_LIST_OPTIONS=TRUE -DELF_PLT_UNWIND_LIST_OPTIONS=TRUE -g -O2 -MT eelf32ppc_fbsd.o -MD -MP -MF .deps/eelf32ppc_fbsd.Tpo -c -o eelf32ppc_fbsd.o eelf32ppc_fbsd.c
mv -f .deps/eelf32ppc_fbsd.Tpo .deps/eelf32ppc_fbsd.Po
base=`echo eelf32ppclinux.c | sed -e 's,e\(.*\).c,\1,'`; \
make run-genscripts "script_target=$base" "script_tdirname=tdir_$base"
make[5]: Entering directory '/external/binutils-2.35.1/ld'
/bin/bash ./genscripts.sh "." "/usr/local/lib" "/usr/local" "/usr/local" x86_64-pc-linux-gnu x86_64-pc-linux-gnu x86_64-pc-linux-gnu ".deps" "" "elf_x86_64 elf_i386 elf32_x86_64 elf_l1om elf_k1om" "/usr/local/lib /lib /usr/lib" no yes elf32ppclinux ""
make[5]: Leaving directory '/external/binutils-2.35.1/ld'
gcc -DHAVE_CONFIG_H -I.  -I. -I. -I../bfd -I./../bfd -I./../include -I./../zlib  -g -O2 -DLOCALEDIR="\"/usr/local/share/locale\""  -W -Wall -Wstrict-prototypes -Wmissing-prototypes -Wshadow -Wstack-usage=262144 -DELF_LIST_OPTIONS=TRUE -DELF_SHLIB_LIST_OPTIONS=TRUE -DELF_PLT_UNWIND_LIST_OPTIONS=TRUE -g -O2 -MT eelf32ppclinux.o -MD -MP -MF .deps/eelf32ppclinux.Tpo -c -o eelf32ppclinux.o eelf32ppclinux.c
mv -f .deps/eelf32ppclinux.Tpo .deps/eelf32ppclinux.Po
base=`echo eelf32ppcnto.c | sed -e 's,e\(.*\).c,\1,'`; \
make run-genscripts "script_target=$base" "script_tdirname=tdir_$base"
make[5]: Entering directory '/external/binutils-2.35.1/ld'
/bin/bash ./genscripts.sh "." "/usr/local/lib" "/usr/local" "/usr/local" x86_64-pc-linux-gnu x86_64-pc-linux-gnu x86_64-pc-linux-gnu ".deps" "" "elf_x86_64 elf_i386 elf32_x86_64 elf_l1om elf_k1om" "/usr/local/lib /lib /usr/lib" no yes elf32ppcnto ""
make[5]: Leaving directory '/external/binutils-2.35.1/ld'
gcc -DHAVE_CONFIG_H -I.  -I. -I. -I../bfd -I./../bfd -I./../include -I./../zlib  -g -O2 -DLOCALEDIR="\"/usr/local/share/locale\""  -W -Wall -Wstrict-prototypes -Wmissing-prototypes -Wshadow -Wstack-usage=262144 -DELF_LIST_OPTIONS=TRUE -DELF_SHLIB_LIST_OPTIONS=TRUE -DELF_PLT_UNWIND_LIST_OPTIONS=TRUE -g -O2 -MT eelf32ppcnto.o -MD -MP -MF .deps/eelf32ppcnto.Tpo -c -o eelf32ppcnto.o eelf32ppcnto.c
mv -f .deps/eelf32ppcnto.Tpo .deps/eelf32ppcnto.Po
base=`echo eelf32ppcsim.c | sed -e 's,e\(.*\).c,\1,'`; \
make run-genscripts "script_target=$base" "script_tdirname=tdir_$base"
make[5]: Entering directory '/external/binutils-2.35.1/ld'
/bin/bash ./genscripts.sh "." "/usr/local/lib" "/usr/local" "/usr/local" x86_64-pc-linux-gnu x86_64-pc-linux-gnu x86_64-pc-linux-gnu ".deps" "" "elf_x86_64 elf_i386 elf32_x86_64 elf_l1om elf_k1om" "/usr/local/lib /lib /usr/lib" no yes elf32ppcsim ""
make[5]: Leaving directory '/external/binutils-2.35.1/ld'
gcc -DHAVE_CONFIG_H -I.  -I. -I. -I../bfd -I./../bfd -I./../include -I./../zlib  -g -O2 -DLOCALEDIR="\"/usr/local/share/locale\""  -W -Wall -Wstrict-prototypes -Wmissing-prototypes -Wshadow -Wstack-usage=262144 -DELF_LIST_OPTIONS=TRUE -DELF_SHLIB_LIST_OPTIONS=TRUE -DELF_PLT_UNWIND_LIST_OPTIONS=TRUE -g -O2 -MT eelf32ppcsim.o -MD -MP -MF .deps/eelf32ppcsim.Tpo -c -o eelf32ppcsim.o eelf32ppcsim.c
mv -f .deps/eelf32ppcsim.Tpo .deps/eelf32ppcsim.Po
base=`echo eelf32ppcvxworks.c | sed -e 's,e\(.*\).c,\1,'`; \
make run-genscripts "script_target=$base" "script_tdirname=tdir_$base"
make[5]: Entering directory '/external/binutils-2.35.1/ld'
/bin/bash ./genscripts.sh "." "/usr/local/lib" "/usr/local" "/usr/local" x86_64-pc-linux-gnu x86_64-pc-linux-gnu x86_64-pc-linux-gnu ".deps" "" "elf_x86_64 elf_i386 elf32_x86_64 elf_l1om elf_k1om" "/usr/local/lib /lib /usr/lib" no yes elf32ppcvxworks ""
make[5]: Leaving directory '/external/binutils-2.35.1/ld'
gcc -DHAVE_CONFIG_H -I.  -I. -I. -I../bfd -I./../bfd -I./../include -I./../zlib  -g -O2 -DLOCALEDIR="\"/usr/local/share/locale\""  -W -Wall -Wstrict-prototypes -Wmissing-prototypes -Wshadow -Wstack-usage=262144 -DELF_LIST_OPTIONS=TRUE -DELF_SHLIB_LIST_OPTIONS=TRUE -DELF_PLT_UNWIND_LIST_OPTIONS=TRUE -g -O2 -MT eelf32ppcvxworks.o -MD -MP -MF .deps/eelf32ppcvxworks.Tpo -c -o eelf32ppcvxworks.o eelf32ppcvxworks.c
mv -f .deps/eelf32ppcvxworks.Tpo .deps/eelf32ppcvxworks.Po
base=`echo eelf32ppcwindiss.c | sed -e 's,e\(.*\).c,\1,'`; \
make run-genscripts "script_target=$base" "script_tdirname=tdir_$base"
make[5]: Entering directory '/external/binutils-2.35.1/ld'
/bin/bash ./genscripts.sh "." "/usr/local/lib" "/usr/local" "/usr/local" x86_64-pc-linux-gnu x86_64-pc-linux-gnu x86_64-pc-linux-gnu ".deps" "" "elf_x86_64 elf_i386 elf32_x86_64 elf_l1om elf_k1om" "/usr/local/lib /lib /usr/lib" no yes elf32ppcwindiss ""
make[5]: Leaving directory '/external/binutils-2.35.1/ld'
gcc -DHAVE_CONFIG_H -I.  -I. -I. -I../bfd -I./../bfd -I./../include -I./../zlib  -g -O2 -DLOCALEDIR="\"/usr/local/share/locale\""  -W -Wall -Wstrict-prototypes -Wmissing-prototypes -Wshadow -Wstack-usage=262144 -DELF_LIST_OPTIONS=TRUE -DELF_SHLIB_LIST_OPTIONS=TRUE -DELF_PLT_UNWIND_LIST_OPTIONS=TRUE -g -O2 -MT eelf32ppcwindiss.o -MD -MP -MF .deps/eelf32ppcwindiss.Tpo -c -o eelf32ppcwindiss.o eelf32ppcwindiss.c
mv -f .deps/eelf32ppcwindiss.Tpo .deps/eelf32ppcwindiss.Po
base=`echo eelf32lriscv.c | sed -e 's,e\(.*\).c,\1,'`; \
make run-genscripts "script_target=$base" "script_tdirname=tdir_$base"
make[5]: Entering directory '/external/binutils-2.35.1/ld'
/bin/bash ./genscripts.sh "." "/usr/local/lib" "/usr/local" "/usr/local" x86_64-pc-linux-gnu x86_64-pc-linux-gnu x86_64-pc-linux-gnu ".deps" "" "elf_x86_64 elf_i386 elf32_x86_64 elf_l1om elf_k1om" "/usr/local/lib /lib /usr/lib" no yes elf32lriscv ""
make[5]: Leaving directory '/external/binutils-2.35.1/ld'
gcc -DHAVE_CONFIG_H -I.  -I. -I. -I../bfd -I./../bfd -I./../include -I./../zlib  -g -O2 -DLOCALEDIR="\"/usr/local/share/locale\""  -W -Wall -Wstrict-prototypes -Wmissing-prototypes -Wshadow -Wstack-usage=262144 -DELF_LIST_OPTIONS=TRUE -DELF_SHLIB_LIST_OPTIONS=TRUE -DELF_PLT_UNWIND_LIST_OPTIONS=TRUE -g -O2 -MT eelf32lriscv.o -MD -MP -MF .deps/eelf32lriscv.Tpo -c -o eelf32lriscv.o eelf32lriscv.c
mv -f .deps/eelf32lriscv.Tpo .deps/eelf32lriscv.Po
base=`echo eelf32lriscv_ilp32f.c | sed -e 's,e\(.*\).c,\1,'`; \
make run-genscripts "script_target=$base" "script_tdirname=tdir_$base"
make[5]: Entering directory '/external/binutils-2.35.1/ld'
/bin/bash ./genscripts.sh "." "/usr/local/lib" "/usr/local" "/usr/local" x86_64-pc-linux-gnu x86_64-pc-linux-gnu x86_64-pc-linux-gnu ".deps" "" "elf_x86_64 elf_i386 elf32_x86_64 elf_l1om elf_k1om" "/usr/local/lib /lib /usr/lib" no yes elf32lriscv_ilp32f ""
make[5]: Leaving directory '/external/binutils-2.35.1/ld'
gcc -DHAVE_CONFIG_H -I.  -I. -I. -I../bfd -I./../bfd -I./../include -I./../zlib  -g -O2 -DLOCALEDIR="\"/usr/local/share/locale\""  -W -Wall -Wstrict-prototypes -Wmissing-prototypes -Wshadow -Wstack-usage=262144 -DELF_LIST_OPTIONS=TRUE -DELF_SHLIB_LIST_OPTIONS=TRUE -DELF_PLT_UNWIND_LIST_OPTIONS=TRUE -g -O2 -MT eelf32lriscv_ilp32f.o -MD -MP -MF .deps/eelf32lriscv_ilp32f.Tpo -c -o eelf32lriscv_ilp32f.o eelf32lriscv_ilp32f.c
mv -f .deps/eelf32lriscv_ilp32f.Tpo .deps/eelf32lriscv_ilp32f.Po
base=`echo eelf32lriscv_ilp32.c | sed -e 's,e\(.*\).c,\1,'`; \
make run-genscripts "script_target=$base" "script_tdirname=tdir_$base"
make[5]: Entering directory '/external/binutils-2.35.1/ld'
/bin/bash ./genscripts.sh "." "/usr/local/lib" "/usr/local" "/usr/local" x86_64-pc-linux-gnu x86_64-pc-linux-gnu x86_64-pc-linux-gnu ".deps" "" "elf_x86_64 elf_i386 elf32_x86_64 elf_l1om elf_k1om" "/usr/local/lib /lib /usr/lib" no yes elf32lriscv_ilp32 ""
make[5]: Leaving directory '/external/binutils-2.35.1/ld'
gcc -DHAVE_CONFIG_H -I.  -I. -I. -I../bfd -I./../bfd -I./../include -I./../zlib  -g -O2 -DLOCALEDIR="\"/usr/local/share/locale\""  -W -Wall -Wstrict-prototypes -Wmissing-prototypes -Wshadow -Wstack-usage=262144 -DELF_LIST_OPTIONS=TRUE -DELF_SHLIB_LIST_OPTIONS=TRUE -DELF_PLT_UNWIND_LIST_OPTIONS=TRUE -g -O2 -MT eelf32lriscv_ilp32.o -MD -MP -MF .deps/eelf32lriscv_ilp32.Tpo -c -o eelf32lriscv_ilp32.o eelf32lriscv_ilp32.c
mv -f .deps/eelf32lriscv_ilp32.Tpo .deps/eelf32lriscv_ilp32.Po
base=`echo eelf32rl78.c | sed -e 's,e\(.*\).c,\1,'`; \
make run-genscripts "script_target=$base" "script_tdirname=tdir_$base"
make[5]: Entering directory '/external/binutils-2.35.1/ld'
/bin/bash ./genscripts.sh "." "/usr/local/lib" "/usr/local" "/usr/local" x86_64-pc-linux-gnu x86_64-pc-linux-gnu x86_64-pc-linux-gnu ".deps" "" "elf_x86_64 elf_i386 elf32_x86_64 elf_l1om elf_k1om" "/usr/local/lib /lib /usr/lib" no yes elf32rl78 ""
make[5]: Leaving directory '/external/binutils-2.35.1/ld'
gcc -DHAVE_CONFIG_H -I.  -I. -I. -I../bfd -I./../bfd -I./../include -I./../zlib  -g -O2 -DLOCALEDIR="\"/usr/local/share/locale\""  -W -Wall -Wstrict-prototypes -Wmissing-prototypes -Wshadow -Wstack-usage=262144 -DELF_LIST_OPTIONS=TRUE -DELF_SHLIB_LIST_OPTIONS=TRUE -DELF_PLT_UNWIND_LIST_OPTIONS=TRUE -g -O2 -MT eelf32rl78.o -MD -MP -MF .deps/eelf32rl78.Tpo -c -o eelf32rl78.o eelf32rl78.c
mv -f .deps/eelf32rl78.Tpo .deps/eelf32rl78.Po
base=`echo eelf32rx.c | sed -e 's,e\(.*\).c,\1,'`; \
make run-genscripts "script_target=$base" "script_tdirname=tdir_$base"
make[5]: Entering directory '/external/binutils-2.35.1/ld'
/bin/bash ./genscripts.sh "." "/usr/local/lib" "/usr/local" "/usr/local" x86_64-pc-linux-gnu x86_64-pc-linux-gnu x86_64-pc-linux-gnu ".deps" "" "elf_x86_64 elf_i386 elf32_x86_64 elf_l1om elf_k1om" "/usr/local/lib /lib /usr/lib" no yes elf32rx ""
make[5]: Leaving directory '/external/binutils-2.35.1/ld'
gcc -DHAVE_CONFIG_H -I.  -I. -I. -I../bfd -I./../bfd -I./../include -I./../zlib  -g -O2 -DLOCALEDIR="\"/usr/local/share/locale\""  -W -Wall -Wstrict-prototypes -Wmissing-prototypes -Wshadow -Wstack-usage=262144 -DELF_LIST_OPTIONS=TRUE -DELF_SHLIB_LIST_OPTIONS=TRUE -DELF_PLT_UNWIND_LIST_OPTIONS=TRUE -g -O2 -MT eelf32rx.o -MD -MP -MF .deps/eelf32rx.Tpo -c -o eelf32rx.o eelf32rx.c
mv -f .deps/eelf32rx.Tpo .deps/eelf32rx.Po
base=`echo eelf32rx_linux.c | sed -e 's,e\(.*\).c,\1,'`; \
make run-genscripts "script_target=$base" "script_tdirname=tdir_$base"
make[5]: Entering directory '/external/binutils-2.35.1/ld'
/bin/bash ./genscripts.sh "." "/usr/local/lib" "/usr/local" "/usr/local" x86_64-pc-linux-gnu x86_64-pc-linux-gnu x86_64-pc-linux-gnu ".deps" "" "elf_x86_64 elf_i386 elf32_x86_64 elf_l1om elf_k1om" "/usr/local/lib /lib /usr/lib" no yes elf32rx_linux ""
make[5]: Leaving directory '/external/binutils-2.35.1/ld'
gcc -DHAVE_CONFIG_H -I.  -I. -I. -I../bfd -I./../bfd -I./../include -I./../zlib  -g -O2 -DLOCALEDIR="\"/usr/local/share/locale\""  -W -Wall -Wstrict-prototypes -Wmissing-prototypes -Wshadow -Wstack-usage=262144 -DELF_LIST_OPTIONS=TRUE -DELF_SHLIB_LIST_OPTIONS=TRUE -DELF_PLT_UNWIND_LIST_OPTIONS=TRUE -g -O2 -MT eelf32rx_linux.o -MD -MP -MF .deps/eelf32rx_linux.Tpo -c -o eelf32rx_linux.o eelf32rx_linux.c
mv -f .deps/eelf32rx_linux.Tpo .deps/eelf32rx_linux.Po
base=`echo eelf32tilegx.c | sed -e 's,e\(.*\).c,\1,'`; \
make run-genscripts "script_target=$base" "script_tdirname=tdir_$base"
make[5]: Entering directory '/external/binutils-2.35.1/ld'
/bin/bash ./genscripts.sh "." "/usr/local/lib" "/usr/local" "/usr/local" x86_64-pc-linux-gnu x86_64-pc-linux-gnu x86_64-pc-linux-gnu ".deps" "" "elf_x86_64 elf_i386 elf32_x86_64 elf_l1om elf_k1om" "/usr/local/lib /lib /usr/lib" no yes elf32tilegx ""
make[5]: Leaving directory '/external/binutils-2.35.1/ld'
gcc -DHAVE_CONFIG_H -I.  -I. -I. -I../bfd -I./../bfd -I./../include -I./../zlib  -g -O2 -DLOCALEDIR="\"/usr/local/share/locale\""  -W -Wall -Wstrict-prototypes -Wmissing-prototypes -Wshadow -Wstack-usage=262144 -DELF_LIST_OPTIONS=TRUE -DELF_SHLIB_LIST_OPTIONS=TRUE -DELF_PLT_UNWIND_LIST_OPTIONS=TRUE -g -O2 -MT eelf32tilegx.o -MD -MP -MF .deps/eelf32tilegx.Tpo -c -o eelf32tilegx.o eelf32tilegx.c
mv -f .deps/eelf32tilegx.Tpo .deps/eelf32tilegx.Po
base=`echo eelf32tilegx_be.c | sed -e 's,e\(.*\).c,\1,'`; \
make run-genscripts "script_target=$base" "script_tdirname=tdir_$base"
make[5]: Entering directory '/external/binutils-2.35.1/ld'
/bin/bash ./genscripts.sh "." "/usr/local/lib" "/usr/local" "/usr/local" x86_64-pc-linux-gnu x86_64-pc-linux-gnu x86_64-pc-linux-gnu ".deps" "" "elf_x86_64 elf_i386 elf32_x86_64 elf_l1om elf_k1om" "/usr/local/lib /lib /usr/lib" no yes elf32tilegx_be ""
make[5]: Leaving directory '/external/binutils-2.35.1/ld'
gcc -DHAVE_CONFIG_H -I.  -I. -I. -I../bfd -I./../bfd -I./../include -I./../zlib  -g -O2 -DLOCALEDIR="\"/usr/local/share/locale\""  -W -Wall -Wstrict-prototypes -Wmissing-prototypes -Wshadow -Wstack-usage=262144 -DELF_LIST_OPTIONS=TRUE -DELF_SHLIB_LIST_OPTIONS=TRUE -DELF_PLT_UNWIND_LIST_OPTIONS=TRUE -g -O2 -MT eelf32tilegx_be.o -MD -MP -MF .deps/eelf32tilegx_be.Tpo -c -o eelf32tilegx_be.o eelf32tilegx_be.c
mv -f .deps/eelf32tilegx_be.Tpo .deps/eelf32tilegx_be.Po
base=`echo eelf32tilepro.c | sed -e 's,e\(.*\).c,\1,'`; \
make run-genscripts "script_target=$base" "script_tdirname=tdir_$base"
make[5]: Entering directory '/external/binutils-2.35.1/ld'
/bin/bash ./genscripts.sh "." "/usr/local/lib" "/usr/local" "/usr/local" x86_64-pc-linux-gnu x86_64-pc-linux-gnu x86_64-pc-linux-gnu ".deps" "" "elf_x86_64 elf_i386 elf32_x86_64 elf_l1om elf_k1om" "/usr/local/lib /lib /usr/lib" no yes elf32tilepro ""
make[5]: Leaving directory '/external/binutils-2.35.1/ld'
gcc -DHAVE_CONFIG_H -I.  -I. -I. -I../bfd -I./../bfd -I./../include -I./../zlib  -g -O2 -DLOCALEDIR="\"/usr/local/share/locale\""  -W -Wall -Wstrict-prototypes -Wmissing-prototypes -Wshadow -Wstack-usage=262144 -DELF_LIST_OPTIONS=TRUE -DELF_SHLIB_LIST_OPTIONS=TRUE -DELF_PLT_UNWIND_LIST_OPTIONS=TRUE -g -O2 -MT eelf32tilepro.o -MD -MP -MF .deps/eelf32tilepro.Tpo -c -o eelf32tilepro.o eelf32tilepro.c
mv -f .deps/eelf32tilepro.Tpo .deps/eelf32tilepro.Po
base=`echo eelf32vax.c | sed -e 's,e\(.*\).c,\1,'`; \
make run-genscripts "script_target=$base" "script_tdirname=tdir_$base"
make[5]: Entering directory '/external/binutils-2.35.1/ld'
/bin/bash ./genscripts.sh "." "/usr/local/lib" "/usr/local" "/usr/local" x86_64-pc-linux-gnu x86_64-pc-linux-gnu x86_64-pc-linux-gnu ".deps" "" "elf_x86_64 elf_i386 elf32_x86_64 elf_l1om elf_k1om" "/usr/local/lib /lib /usr/lib" no yes elf32vax ""
make[5]: Leaving directory '/external/binutils-2.35.1/ld'
gcc -DHAVE_CONFIG_H -I.  -I. -I. -I../bfd -I./../bfd -I./../include -I./../zlib  -g -O2 -DLOCALEDIR="\"/usr/local/share/locale\""  -W -Wall -Wstrict-prototypes -Wmissing-prototypes -Wshadow -Wstack-usage=262144 -DELF_LIST_OPTIONS=TRUE -DELF_SHLIB_LIST_OPTIONS=TRUE -DELF_PLT_UNWIND_LIST_OPTIONS=TRUE -g -O2 -MT eelf32vax.o -MD -MP -MF .deps/eelf32vax.Tpo -c -o eelf32vax.o eelf32vax.c
mv -f .deps/eelf32vax.Tpo .deps/eelf32vax.Po
base=`echo eelf32visium.c | sed -e 's,e\(.*\).c,\1,'`; \
make run-genscripts "script_target=$base" "script_tdirname=tdir_$base"
make[5]: Entering directory '/external/binutils-2.35.1/ld'
/bin/bash ./genscripts.sh "." "/usr/local/lib" "/usr/local" "/usr/local" x86_64-pc-linux-gnu x86_64-pc-linux-gnu x86_64-pc-linux-gnu ".deps" "" "elf_x86_64 elf_i386 elf32_x86_64 elf_l1om elf_k1om" "/usr/local/lib /lib /usr/lib" no yes elf32visium ""
make[5]: Leaving directory '/external/binutils-2.35.1/ld'
gcc -DHAVE_CONFIG_H -I.  -I. -I. -I../bfd -I./../bfd -I./../include -I./../zlib  -g -O2 -DLOCALEDIR="\"/usr/local/share/locale\""  -W -Wall -Wstrict-prototypes -Wmissing-prototypes -Wshadow -Wstack-usage=262144 -DELF_LIST_OPTIONS=TRUE -DELF_SHLIB_LIST_OPTIONS=TRUE -DELF_PLT_UNWIND_LIST_OPTIONS=TRUE -g -O2 -MT eelf32visium.o -MD -MP -MF .deps/eelf32visium.Tpo -c -o eelf32visium.o eelf32visium.c
mv -f .deps/eelf32visium.Tpo .deps/eelf32visium.Po
base=`echo eelf32xc16x.c | sed -e 's,e\(.*\).c,\1,'`; \
make run-genscripts "script_target=$base" "script_tdirname=tdir_$base"
make[5]: Entering directory '/external/binutils-2.35.1/ld'
/bin/bash ./genscripts.sh "." "/usr/local/lib" "/usr/local" "/usr/local" x86_64-pc-linux-gnu x86_64-pc-linux-gnu x86_64-pc-linux-gnu ".deps" "" "elf_x86_64 elf_i386 elf32_x86_64 elf_l1om elf_k1om" "/usr/local/lib /lib /usr/lib" no yes elf32xc16x ""
make[5]: Leaving directory '/external/binutils-2.35.1/ld'
gcc -DHAVE_CONFIG_H -I.  -I. -I. -I../bfd -I./../bfd -I./../include -I./../zlib  -g -O2 -DLOCALEDIR="\"/usr/local/share/locale\""  -W -Wall -Wstrict-prototypes -Wmissing-prototypes -Wshadow -Wstack-usage=262144 -DELF_LIST_OPTIONS=TRUE -DELF_SHLIB_LIST_OPTIONS=TRUE -DELF_PLT_UNWIND_LIST_OPTIONS=TRUE -g -O2 -MT eelf32xc16x.o -MD -MP -MF .deps/eelf32xc16x.Tpo -c -o eelf32xc16x.o eelf32xc16x.c
mv -f .deps/eelf32xc16x.Tpo .deps/eelf32xc16x.Po
base=`echo eelf32xc16xl.c | sed -e 's,e\(.*\).c,\1,'`; \
make run-genscripts "script_target=$base" "script_tdirname=tdir_$base"
make[5]: Entering directory '/external/binutils-2.35.1/ld'
/bin/bash ./genscripts.sh "." "/usr/local/lib" "/usr/local" "/usr/local" x86_64-pc-linux-gnu x86_64-pc-linux-gnu x86_64-pc-linux-gnu ".deps" "" "elf_x86_64 elf_i386 elf32_x86_64 elf_l1om elf_k1om" "/usr/local/lib /lib /usr/lib" no yes elf32xc16xl ""
make[5]: Leaving directory '/external/binutils-2.35.1/ld'
gcc -DHAVE_CONFIG_H -I.  -I. -I. -I../bfd -I./../bfd -I./../include -I./../zlib  -g -O2 -DLOCALEDIR="\"/usr/local/share/locale\""  -W -Wall -Wstrict-prototypes -Wmissing-prototypes -Wshadow -Wstack-usage=262144 -DELF_LIST_OPTIONS=TRUE -DELF_SHLIB_LIST_OPTIONS=TRUE -DELF_PLT_UNWIND_LIST_OPTIONS=TRUE -g -O2 -MT eelf32xc16xl.o -MD -MP -MF .deps/eelf32xc16xl.Tpo -c -o eelf32xc16xl.o eelf32xc16xl.c
mv -f .deps/eelf32xc16xl.Tpo .deps/eelf32xc16xl.Po
base=`echo eelf32xc16xs.c | sed -e 's,e\(.*\).c,\1,'`; \
make run-genscripts "script_target=$base" "script_tdirname=tdir_$base"
make[5]: Entering directory '/external/binutils-2.35.1/ld'
/bin/bash ./genscripts.sh "." "/usr/local/lib" "/usr/local" "/usr/local" x86_64-pc-linux-gnu x86_64-pc-linux-gnu x86_64-pc-linux-gnu ".deps" "" "elf_x86_64 elf_i386 elf32_x86_64 elf_l1om elf_k1om" "/usr/local/lib /lib /usr/lib" no yes elf32xc16xs ""
make[5]: Leaving directory '/external/binutils-2.35.1/ld'
gcc -DHAVE_CONFIG_H -I.  -I. -I. -I../bfd -I./../bfd -I./../include -I./../zlib  -g -O2 -DLOCALEDIR="\"/usr/local/share/locale\""  -W -Wall -Wstrict-prototypes -Wmissing-prototypes -Wshadow -Wstack-usage=262144 -DELF_LIST_OPTIONS=TRUE -DELF_SHLIB_LIST_OPTIONS=TRUE -DELF_PLT_UNWIND_LIST_OPTIONS=TRUE -g -O2 -MT eelf32xc16xs.o -MD -MP -MF .deps/eelf32xc16xs.Tpo -c -o eelf32xc16xs.o eelf32xc16xs.c
mv -f .deps/eelf32xc16xs.Tpo .deps/eelf32xc16xs.Po
base=`echo eelf32xstormy16.c | sed -e 's,e\(.*\).c,\1,'`; \
make run-genscripts "script_target=$base" "script_tdirname=tdir_$base"
make[5]: Entering directory '/external/binutils-2.35.1/ld'
/bin/bash ./genscripts.sh "." "/usr/local/lib" "/usr/local" "/usr/local" x86_64-pc-linux-gnu x86_64-pc-linux-gnu x86_64-pc-linux-gnu ".deps" "" "elf_x86_64 elf_i386 elf32_x86_64 elf_l1om elf_k1om" "/usr/local/lib /lib /usr/lib" no yes elf32xstormy16 ""
make[5]: Leaving directory '/external/binutils-2.35.1/ld'
gcc -DHAVE_CONFIG_H -I.  -I. -I. -I../bfd -I./../bfd -I./../include -I./../zlib  -g -O2 -DLOCALEDIR="\"/usr/local/share/locale\""  -W -Wall -Wstrict-prototypes -Wmissing-prototypes -Wshadow -Wstack-usage=262144 -DELF_LIST_OPTIONS=TRUE -DELF_SHLIB_LIST_OPTIONS=TRUE -DELF_PLT_UNWIND_LIST_OPTIONS=TRUE -g -O2 -MT eelf32xstormy16.o -MD -MP -MF .deps/eelf32xstormy16.Tpo -c -o eelf32xstormy16.o eelf32xstormy16.c
mv -f .deps/eelf32xstormy16.Tpo .deps/eelf32xstormy16.Po
base=`echo eelf32xtensa.c | sed -e 's,e\(.*\).c,\1,'`; \
make run-genscripts "script_target=$base" "script_tdirname=tdir_$base"
make[5]: Entering directory '/external/binutils-2.35.1/ld'
/bin/bash ./genscripts.sh "." "/usr/local/lib" "/usr/local" "/usr/local" x86_64-pc-linux-gnu x86_64-pc-linux-gnu x86_64-pc-linux-gnu ".deps" "" "elf_x86_64 elf_i386 elf32_x86_64 elf_l1om elf_k1om" "/usr/local/lib /lib /usr/lib" no yes elf32xtensa ""
make[5]: Leaving directory '/external/binutils-2.35.1/ld'
gcc -DHAVE_CONFIG_H -I.  -I. -I. -I../bfd -I./../bfd -I./../include -I./../zlib  -g -O2 -DLOCALEDIR="\"/usr/local/share/locale\""  -W -Wall -Wstrict-prototypes -Wmissing-prototypes -Wshadow -Wstack-usage=262144 -DELF_LIST_OPTIONS=TRUE -DELF_SHLIB_LIST_OPTIONS=TRUE -DELF_PLT_UNWIND_LIST_OPTIONS=TRUE -g -O2 -MT eelf32xtensa.o -MD -MP -MF .deps/eelf32xtensa.Tpo -c -o eelf32xtensa.o eelf32xtensa.c
mv -f .deps/eelf32xtensa.Tpo .deps/eelf32xtensa.Po
base=`echo eelf32z80.c | sed -e 's,e\(.*\).c,\1,'`; \
make run-genscripts "script_target=$base" "script_tdirname=tdir_$base"
make[5]: Entering directory '/external/binutils-2.35.1/ld'
/bin/bash ./genscripts.sh "." "/usr/local/lib" "/usr/local" "/usr/local" x86_64-pc-linux-gnu x86_64-pc-linux-gnu x86_64-pc-linux-gnu ".deps" "" "elf_x86_64 elf_i386 elf32_x86_64 elf_l1om elf_k1om" "/usr/local/lib /lib /usr/lib" no yes elf32z80 ""
make[5]: Leaving directory '/external/binutils-2.35.1/ld'
gcc -DHAVE_CONFIG_H -I.  -I. -I. -I../bfd -I./../bfd -I./../include -I./../zlib  -g -O2 -DLOCALEDIR="\"/usr/local/share/locale\""  -W -Wall -Wstrict-prototypes -Wmissing-prototypes -Wshadow -Wstack-usage=262144 -DELF_LIST_OPTIONS=TRUE -DELF_SHLIB_LIST_OPTIONS=TRUE -DELF_PLT_UNWIND_LIST_OPTIONS=TRUE -g -O2 -MT eelf32z80.o -MD -MP -MF .deps/eelf32z80.Tpo -c -o eelf32z80.o eelf32z80.c
mv -f .deps/eelf32z80.Tpo .deps/eelf32z80.Po
base=`echo eelf_i386.c | sed -e 's,e\(.*\).c,\1,'`; \
make run-genscripts "script_target=$base" "script_tdirname=tdir_$base"
make[5]: Entering directory '/external/binutils-2.35.1/ld'
/bin/bash ./genscripts.sh "." "/usr/local/lib" "/usr/local" "/usr/local" x86_64-pc-linux-gnu x86_64-pc-linux-gnu x86_64-pc-linux-gnu ".deps" "" "elf_x86_64 elf_i386 elf32_x86_64 elf_l1om elf_k1om" "/usr/local/lib /lib /usr/lib" no yes elf_i386 "i386-pc-linux-gnu"
make[5]: Leaving directory '/external/binutils-2.35.1/ld'
gcc -DHAVE_CONFIG_H -I.  -I. -I. -I../bfd -I./../bfd -I./../include -I./../zlib  -g -O2 -DLOCALEDIR="\"/usr/local/share/locale\""  -W -Wall -Wstrict-prototypes -Wmissing-prototypes -Wshadow -Wstack-usage=262144 -DELF_LIST_OPTIONS=TRUE -DELF_SHLIB_LIST_OPTIONS=TRUE -DELF_PLT_UNWIND_LIST_OPTIONS=TRUE -g -O2 -MT eelf_i386.o -MD -MP -MF .deps/eelf_i386.Tpo -c -o eelf_i386.o eelf_i386.c
mv -f .deps/eelf_i386.Tpo .deps/eelf_i386.Po
base=`echo eelf_i386_be.c | sed -e 's,e\(.*\).c,\1,'`; \
make run-genscripts "script_target=$base" "script_tdirname=tdir_$base"
make[5]: Entering directory '/external/binutils-2.35.1/ld'
/bin/bash ./genscripts.sh "." "/usr/local/lib" "/usr/local" "/usr/local" x86_64-pc-linux-gnu x86_64-pc-linux-gnu x86_64-pc-linux-gnu ".deps" "" "elf_x86_64 elf_i386 elf32_x86_64 elf_l1om elf_k1om" "/usr/local/lib /lib /usr/lib" no yes elf_i386_be ""
make[5]: Leaving directory '/external/binutils-2.35.1/ld'
gcc -DHAVE_CONFIG_H -I.  -I. -I. -I../bfd -I./../bfd -I./../include -I./../zlib  -g -O2 -DLOCALEDIR="\"/usr/local/share/locale\""  -W -Wall -Wstrict-prototypes -Wmissing-prototypes -Wshadow -Wstack-usage=262144 -DELF_LIST_OPTIONS=TRUE -DELF_SHLIB_LIST_OPTIONS=TRUE -DELF_PLT_UNWIND_LIST_OPTIONS=TRUE -g -O2 -MT eelf_i386_be.o -MD -MP -MF .deps/eelf_i386_be.Tpo -c -o eelf_i386_be.o eelf_i386_be.c
mv -f .deps/eelf_i386_be.Tpo .deps/eelf_i386_be.Po
base=`echo eelf_i386_fbsd.c | sed -e 's,e\(.*\).c,\1,'`; \
make run-genscripts "script_target=$base" "script_tdirname=tdir_$base"
make[5]: Entering directory '/external/binutils-2.35.1/ld'
/bin/bash ./genscripts.sh "." "/usr/local/lib" "/usr/local" "/usr/local" x86_64-pc-linux-gnu x86_64-pc-linux-gnu x86_64-pc-linux-gnu ".deps" "" "elf_x86_64 elf_i386 elf32_x86_64 elf_l1om elf_k1om" "/usr/local/lib /lib /usr/lib" no yes elf_i386_fbsd ""
make[5]: Leaving directory '/external/binutils-2.35.1/ld'
gcc -DHAVE_CONFIG_H -I.  -I. -I. -I../bfd -I./../bfd -I./../include -I./../zlib  -g -O2 -DLOCALEDIR="\"/usr/local/share/locale\""  -W -Wall -Wstrict-prototypes -Wmissing-prototypes -Wshadow -Wstack-usage=262144 -DELF_LIST_OPTIONS=TRUE -DELF_SHLIB_LIST_OPTIONS=TRUE -DELF_PLT_UNWIND_LIST_OPTIONS=TRUE -g -O2 -MT eelf_i386_fbsd.o -MD -MP -MF .deps/eelf_i386_fbsd.Tpo -c -o eelf_i386_fbsd.o eelf_i386_fbsd.c
mv -f .deps/eelf_i386_fbsd.Tpo .deps/eelf_i386_fbsd.Po
base=`echo eelf_i386_ldso.c | sed -e 's,e\(.*\).c,\1,'`; \
make run-genscripts "script_target=$base" "script_tdirname=tdir_$base"
make[5]: Entering directory '/external/binutils-2.35.1/ld'
/bin/bash ./genscripts.sh "." "/usr/local/lib" "/usr/local" "/usr/local" x86_64-pc-linux-gnu x86_64-pc-linux-gnu x86_64-pc-linux-gnu ".deps" "" "elf_x86_64 elf_i386 elf32_x86_64 elf_l1om elf_k1om" "/usr/local/lib /lib /usr/lib" no yes elf_i386_ldso ""
make[5]: Leaving directory '/external/binutils-2.35.1/ld'
gcc -DHAVE_CONFIG_H -I.  -I. -I. -I../bfd -I./../bfd -I./../include -I./../zlib  -g -O2 -DLOCALEDIR="\"/usr/local/share/locale\""  -W -Wall -Wstrict-prototypes -Wmissing-prototypes -Wshadow -Wstack-usage=262144 -DELF_LIST_OPTIONS=TRUE -DELF_SHLIB_LIST_OPTIONS=TRUE -DELF_PLT_UNWIND_LIST_OPTIONS=TRUE -g -O2 -MT eelf_i386_ldso.o -MD -MP -MF .deps/eelf_i386_ldso.Tpo -c -o eelf_i386_ldso.o eelf_i386_ldso.c
mv -f .deps/eelf_i386_ldso.Tpo .deps/eelf_i386_ldso.Po
base=`echo eelf_i386_sol2.c | sed -e 's,e\(.*\).c,\1,'`; \
make run-genscripts "script_target=$base" "script_tdirname=tdir_$base"
make[5]: Entering directory '/external/binutils-2.35.1/ld'
/bin/bash ./genscripts.sh "." "/usr/local/lib" "/usr/local" "/usr/local" x86_64-pc-linux-gnu x86_64-pc-linux-gnu x86_64-pc-linux-gnu ".deps" "" "elf_x86_64 elf_i386 elf32_x86_64 elf_l1om elf_k1om" "/usr/local/lib /lib /usr/lib" no yes elf_i386_sol2 ""
make[5]: Leaving directory '/external/binutils-2.35.1/ld'
gcc -DHAVE_CONFIG_H -I.  -I. -I. -I../bfd -I./../bfd -I./../include -I./../zlib  -g -O2 -DLOCALEDIR="\"/usr/local/share/locale\""  -W -Wall -Wstrict-prototypes -Wmissing-prototypes -Wshadow -Wstack-usage=262144 -DELF_LIST_OPTIONS=TRUE -DELF_SHLIB_LIST_OPTIONS=TRUE -DELF_PLT_UNWIND_LIST_OPTIONS=TRUE -g -O2 -MT eelf_i386_sol2.o -MD -MP -MF .deps/eelf_i386_sol2.Tpo -c -o eelf_i386_sol2.o eelf_i386_sol2.c
mv -f .deps/eelf_i386_sol2.Tpo .deps/eelf_i386_sol2.Po
base=`echo eelf_i386_vxworks.c | sed -e 's,e\(.*\).c,\1,'`; \
make run-genscripts "script_target=$base" "script_tdirname=tdir_$base"
make[5]: Entering directory '/external/binutils-2.35.1/ld'
/bin/bash ./genscripts.sh "." "/usr/local/lib" "/usr/local" "/usr/local" x86_64-pc-linux-gnu x86_64-pc-linux-gnu x86_64-pc-linux-gnu ".deps" "" "elf_x86_64 elf_i386 elf32_x86_64 elf_l1om elf_k1om" "/usr/local/lib /lib /usr/lib" no yes elf_i386_vxworks ""
make[5]: Leaving directory '/external/binutils-2.35.1/ld'
gcc -DHAVE_CONFIG_H -I.  -I. -I. -I../bfd -I./../bfd -I./../include -I./../zlib  -g -O2 -DLOCALEDIR="\"/usr/local/share/locale\""  -W -Wall -Wstrict-prototypes -Wmissing-prototypes -Wshadow -Wstack-usage=262144 -DELF_LIST_OPTIONS=TRUE -DELF_SHLIB_LIST_OPTIONS=TRUE -DELF_PLT_UNWIND_LIST_OPTIONS=TRUE -g -O2 -MT eelf_i386_vxworks.o -MD -MP -MF .deps/eelf_i386_vxworks.Tpo -c -o eelf_i386_vxworks.o eelf_i386_vxworks.c
mv -f .deps/eelf_i386_vxworks.Tpo .deps/eelf_i386_vxworks.Po
base=`echo eelf_iamcu.c | sed -e 's,e\(.*\).c,\1,'`; \
make run-genscripts "script_target=$base" "script_tdirname=tdir_$base"
make[5]: Entering directory '/external/binutils-2.35.1/ld'
/bin/bash ./genscripts.sh "." "/usr/local/lib" "/usr/local" "/usr/local" x86_64-pc-linux-gnu x86_64-pc-linux-gnu x86_64-pc-linux-gnu ".deps" "" "elf_x86_64 elf_i386 elf32_x86_64 elf_l1om elf_k1om" "/usr/local/lib /lib /usr/lib" no yes elf_iamcu "x86_64-pc-linux-gnu"
make[5]: Leaving directory '/external/binutils-2.35.1/ld'
gcc -DHAVE_CONFIG_H -I.  -I. -I. -I../bfd -I./../bfd -I./../include -I./../zlib  -g -O2 -DLOCALEDIR="\"/usr/local/share/locale\""  -W -Wall -Wstrict-prototypes -Wmissing-prototypes -Wshadow -Wstack-usage=262144 -DELF_LIST_OPTIONS=TRUE -DELF_SHLIB_LIST_OPTIONS=TRUE -DELF_PLT_UNWIND_LIST_OPTIONS=TRUE -g -O2 -MT eelf_iamcu.o -MD -MP -MF .deps/eelf_iamcu.Tpo -c -o eelf_iamcu.o eelf_iamcu.c
mv -f .deps/eelf_iamcu.Tpo .deps/eelf_iamcu.Po
base=`echo eelf_s390.c | sed -e 's,e\(.*\).c,\1,'`; \
make run-genscripts "script_target=$base" "script_tdirname=tdir_$base"
make[5]: Entering directory '/external/binutils-2.35.1/ld'
/bin/bash ./genscripts.sh "." "/usr/local/lib" "/usr/local" "/usr/local" x86_64-pc-linux-gnu x86_64-pc-linux-gnu x86_64-pc-linux-gnu ".deps" "" "elf_x86_64 elf_i386 elf32_x86_64 elf_l1om elf_k1om" "/usr/local/lib /lib /usr/lib" no yes elf_s390 ""
make[5]: Leaving directory '/external/binutils-2.35.1/ld'
gcc -DHAVE_CONFIG_H -I.  -I. -I. -I../bfd -I./../bfd -I./../include -I./../zlib  -g -O2 -DLOCALEDIR="\"/usr/local/share/locale\""  -W -Wall -Wstrict-prototypes -Wmissing-prototypes -Wshadow -Wstack-usage=262144 -DELF_LIST_OPTIONS=TRUE -DELF_SHLIB_LIST_OPTIONS=TRUE -DELF_PLT_UNWIND_LIST_OPTIONS=TRUE -g -O2 -MT eelf_s390.o -MD -MP -MF .deps/eelf_s390.Tpo -c -o eelf_s390.o eelf_s390.c
mv -f .deps/eelf_s390.Tpo .deps/eelf_s390.Po
base=`echo eh8300elf.c | sed -e 's,e\(.*\).c,\1,'`; \
make run-genscripts "script_target=$base" "script_tdirname=tdir_$base"
make[5]: Entering directory '/external/binutils-2.35.1/ld'
/bin/bash ./genscripts.sh "." "/usr/local/lib" "/usr/local" "/usr/local" x86_64-pc-linux-gnu x86_64-pc-linux-gnu x86_64-pc-linux-gnu ".deps" "" "elf_x86_64 elf_i386 elf32_x86_64 elf_l1om elf_k1om" "/usr/local/lib /lib /usr/lib" no yes h8300elf ""
make[5]: Leaving directory '/external/binutils-2.35.1/ld'
gcc -DHAVE_CONFIG_H -I.  -I. -I. -I../bfd -I./../bfd -I./../include -I./../zlib  -g -O2 -DLOCALEDIR="\"/usr/local/share/locale\""  -W -Wall -Wstrict-prototypes -Wmissing-prototypes -Wshadow -Wstack-usage=262144 -DELF_LIST_OPTIONS=TRUE -DELF_SHLIB_LIST_OPTIONS=TRUE -DELF_PLT_UNWIND_LIST_OPTIONS=TRUE -g -O2 -MT eh8300elf.o -MD -MP -MF .deps/eh8300elf.Tpo -c -o eh8300elf.o eh8300elf.c
mv -f .deps/eh8300elf.Tpo .deps/eh8300elf.Po
base=`echo eh8300elf_linux.c | sed -e 's,e\(.*\).c,\1,'`; \
make run-genscripts "script_target=$base" "script_tdirname=tdir_$base"
make[5]: Entering directory '/external/binutils-2.35.1/ld'
/bin/bash ./genscripts.sh "." "/usr/local/lib" "/usr/local" "/usr/local" x86_64-pc-linux-gnu x86_64-pc-linux-gnu x86_64-pc-linux-gnu ".deps" "" "elf_x86_64 elf_i386 elf32_x86_64 elf_l1om elf_k1om" "/usr/local/lib /lib /usr/lib" no yes h8300elf_linux ""
make[5]: Leaving directory '/external/binutils-2.35.1/ld'
gcc -DHAVE_CONFIG_H -I.  -I. -I. -I../bfd -I./../bfd -I./../include -I./../zlib  -g -O2 -DLOCALEDIR="\"/usr/local/share/locale\""  -W -Wall -Wstrict-prototypes -Wmissing-prototypes -Wshadow -Wstack-usage=262144 -DELF_LIST_OPTIONS=TRUE -DELF_SHLIB_LIST_OPTIONS=TRUE -DELF_PLT_UNWIND_LIST_OPTIONS=TRUE -g -O2 -MT eh8300elf_linux.o -MD -MP -MF .deps/eh8300elf_linux.Tpo -c -o eh8300elf_linux.o eh8300elf_linux.c
mv -f .deps/eh8300elf_linux.Tpo .deps/eh8300elf_linux.Po
base=`echo eh8300helf.c | sed -e 's,e\(.*\).c,\1,'`; \
make run-genscripts "script_target=$base" "script_tdirname=tdir_$base"
make[5]: Entering directory '/external/binutils-2.35.1/ld'
/bin/bash ./genscripts.sh "." "/usr/local/lib" "/usr/local" "/usr/local" x86_64-pc-linux-gnu x86_64-pc-linux-gnu x86_64-pc-linux-gnu ".deps" "" "elf_x86_64 elf_i386 elf32_x86_64 elf_l1om elf_k1om" "/usr/local/lib /lib /usr/lib" no yes h8300helf ""
make[5]: Leaving directory '/external/binutils-2.35.1/ld'
gcc -DHAVE_CONFIG_H -I.  -I. -I. -I../bfd -I./../bfd -I./../include -I./../zlib  -g -O2 -DLOCALEDIR="\"/usr/local/share/locale\""  -W -Wall -Wstrict-prototypes -Wmissing-prototypes -Wshadow -Wstack-usage=262144 -DELF_LIST_OPTIONS=TRUE -DELF_SHLIB_LIST_OPTIONS=TRUE -DELF_PLT_UNWIND_LIST_OPTIONS=TRUE -g -O2 -MT eh8300helf.o -MD -MP -MF .deps/eh8300helf.Tpo -c -o eh8300helf.o eh8300helf.c
mv -f .deps/eh8300helf.Tpo .deps/eh8300helf.Po
base=`echo eh8300helf_linux.c | sed -e 's,e\(.*\).c,\1,'`; \
make run-genscripts "script_target=$base" "script_tdirname=tdir_$base"
make[5]: Entering directory '/external/binutils-2.35.1/ld'
/bin/bash ./genscripts.sh "." "/usr/local/lib" "/usr/local" "/usr/local" x86_64-pc-linux-gnu x86_64-pc-linux-gnu x86_64-pc-linux-gnu ".deps" "" "elf_x86_64 elf_i386 elf32_x86_64 elf_l1om elf_k1om" "/usr/local/lib /lib /usr/lib" no yes h8300helf_linux ""
make[5]: Leaving directory '/external/binutils-2.35.1/ld'
gcc -DHAVE_CONFIG_H -I.  -I. -I. -I../bfd -I./../bfd -I./../include -I./../zlib  -g -O2 -DLOCALEDIR="\"/usr/local/share/locale\""  -W -Wall -Wstrict-prototypes -Wmissing-prototypes -Wshadow -Wstack-usage=262144 -DELF_LIST_OPTIONS=TRUE -DELF_SHLIB_LIST_OPTIONS=TRUE -DELF_PLT_UNWIND_LIST_OPTIONS=TRUE -g -O2 -MT eh8300helf_linux.o -MD -MP -MF .deps/eh8300helf_linux.Tpo -c -o eh8300helf_linux.o eh8300helf_linux.c
mv -f .deps/eh8300helf_linux.Tpo .deps/eh8300helf_linux.Po
base=`echo eh8300hnelf.c | sed -e 's,e\(.*\).c,\1,'`; \
make run-genscripts "script_target=$base" "script_tdirname=tdir_$base"
make[5]: Entering directory '/external/binutils-2.35.1/ld'
/bin/bash ./genscripts.sh "." "/usr/local/lib" "/usr/local" "/usr/local" x86_64-pc-linux-gnu x86_64-pc-linux-gnu x86_64-pc-linux-gnu ".deps" "" "elf_x86_64 elf_i386 elf32_x86_64 elf_l1om elf_k1om" "/usr/local/lib /lib /usr/lib" no yes h8300hnelf ""
make[5]: Leaving directory '/external/binutils-2.35.1/ld'
gcc -DHAVE_CONFIG_H -I.  -I. -I. -I../bfd -I./../bfd -I./../include -I./../zlib  -g -O2 -DLOCALEDIR="\"/usr/local/share/locale\""  -W -Wall -Wstrict-prototypes -Wmissing-prototypes -Wshadow -Wstack-usage=262144 -DELF_LIST_OPTIONS=TRUE -DELF_SHLIB_LIST_OPTIONS=TRUE -DELF_PLT_UNWIND_LIST_OPTIONS=TRUE -g -O2 -MT eh8300hnelf.o -MD -MP -MF .deps/eh8300hnelf.Tpo -c -o eh8300hnelf.o eh8300hnelf.c
mv -f .deps/eh8300hnelf.Tpo .deps/eh8300hnelf.Po
base=`echo eh8300self.c | sed -e 's,e\(.*\).c,\1,'`; \
make run-genscripts "script_target=$base" "script_tdirname=tdir_$base"
make[5]: Entering directory '/external/binutils-2.35.1/ld'
/bin/bash ./genscripts.sh "." "/usr/local/lib" "/usr/local" "/usr/local" x86_64-pc-linux-gnu x86_64-pc-linux-gnu x86_64-pc-linux-gnu ".deps" "" "elf_x86_64 elf_i386 elf32_x86_64 elf_l1om elf_k1om" "/usr/local/lib /lib /usr/lib" no yes h8300self ""
make[5]: Leaving directory '/external/binutils-2.35.1/ld'
gcc -DHAVE_CONFIG_H -I.  -I. -I. -I../bfd -I./../bfd -I./../include -I./../zlib  -g -O2 -DLOCALEDIR="\"/usr/local/share/locale\""  -W -Wall -Wstrict-prototypes -Wmissing-prototypes -Wshadow -Wstack-usage=262144 -DELF_LIST_OPTIONS=TRUE -DELF_SHLIB_LIST_OPTIONS=TRUE -DELF_PLT_UNWIND_LIST_OPTIONS=TRUE -g -O2 -MT eh8300self.o -MD -MP -MF .deps/eh8300self.Tpo -c -o eh8300self.o eh8300self.c
mv -f .deps/eh8300self.Tpo .deps/eh8300self.Po
base=`echo eh8300self_linux.c | sed -e 's,e\(.*\).c,\1,'`; \
make run-genscripts "script_target=$base" "script_tdirname=tdir_$base"
make[5]: Entering directory '/external/binutils-2.35.1/ld'
/bin/bash ./genscripts.sh "." "/usr/local/lib" "/usr/local" "/usr/local" x86_64-pc-linux-gnu x86_64-pc-linux-gnu x86_64-pc-linux-gnu ".deps" "" "elf_x86_64 elf_i386 elf32_x86_64 elf_l1om elf_k1om" "/usr/local/lib /lib /usr/lib" no yes h8300self_linux ""
make[5]: Leaving directory '/external/binutils-2.35.1/ld'
gcc -DHAVE_CONFIG_H -I.  -I. -I. -I../bfd -I./../bfd -I./../include -I./../zlib  -g -O2 -DLOCALEDIR="\"/usr/local/share/locale\""  -W -Wall -Wstrict-prototypes -Wmissing-prototypes -Wshadow -Wstack-usage=262144 -DELF_LIST_OPTIONS=TRUE -DELF_SHLIB_LIST_OPTIONS=TRUE -DELF_PLT_UNWIND_LIST_OPTIONS=TRUE -g -O2 -MT eh8300self_linux.o -MD -MP -MF .deps/eh8300self_linux.Tpo -c -o eh8300self_linux.o eh8300self_linux.c
mv -f .deps/eh8300self_linux.Tpo .deps/eh8300self_linux.Po
base=`echo eh8300snelf.c | sed -e 's,e\(.*\).c,\1,'`; \
make run-genscripts "script_target=$base" "script_tdirname=tdir_$base"
make[5]: Entering directory '/external/binutils-2.35.1/ld'
/bin/bash ./genscripts.sh "." "/usr/local/lib" "/usr/local" "/usr/local" x86_64-pc-linux-gnu x86_64-pc-linux-gnu x86_64-pc-linux-gnu ".deps" "" "elf_x86_64 elf_i386 elf32_x86_64 elf_l1om elf_k1om" "/usr/local/lib /lib /usr/lib" no yes h8300snelf ""
make[5]: Leaving directory '/external/binutils-2.35.1/ld'
gcc -DHAVE_CONFIG_H -I.  -I. -I. -I../bfd -I./../bfd -I./../include -I./../zlib  -g -O2 -DLOCALEDIR="\"/usr/local/share/locale\""  -W -Wall -Wstrict-prototypes -Wmissing-prototypes -Wshadow -Wstack-usage=262144 -DELF_LIST_OPTIONS=TRUE -DELF_SHLIB_LIST_OPTIONS=TRUE -DELF_PLT_UNWIND_LIST_OPTIONS=TRUE -g -O2 -MT eh8300snelf.o -MD -MP -MF .deps/eh8300snelf.Tpo -c -o eh8300snelf.o eh8300snelf.c
mv -f .deps/eh8300snelf.Tpo .deps/eh8300snelf.Po
base=`echo eh8300sxelf.c | sed -e 's,e\(.*\).c,\1,'`; \
make run-genscripts "script_target=$base" "script_tdirname=tdir_$base"
make[5]: Entering directory '/external/binutils-2.35.1/ld'
/bin/bash ./genscripts.sh "." "/usr/local/lib" "/usr/local" "/usr/local" x86_64-pc-linux-gnu x86_64-pc-linux-gnu x86_64-pc-linux-gnu ".deps" "" "elf_x86_64 elf_i386 elf32_x86_64 elf_l1om elf_k1om" "/usr/local/lib /lib /usr/lib" no yes h8300sxelf ""
make[5]: Leaving directory '/external/binutils-2.35.1/ld'
gcc -DHAVE_CONFIG_H -I.  -I. -I. -I../bfd -I./../bfd -I./../include -I./../zlib  -g -O2 -DLOCALEDIR="\"/usr/local/share/locale\""  -W -Wall -Wstrict-prototypes -Wmissing-prototypes -Wshadow -Wstack-usage=262144 -DELF_LIST_OPTIONS=TRUE -DELF_SHLIB_LIST_OPTIONS=TRUE -DELF_PLT_UNWIND_LIST_OPTIONS=TRUE -g -O2 -MT eh8300sxelf.o -MD -MP -MF .deps/eh8300sxelf.Tpo -c -o eh8300sxelf.o eh8300sxelf.c
mv -f .deps/eh8300sxelf.Tpo .deps/eh8300sxelf.Po
base=`echo eh8300sxelf_linux.c | sed -e 's,e\(.*\).c,\1,'`; \
make run-genscripts "script_target=$base" "script_tdirname=tdir_$base"
make[5]: Entering directory '/external/binutils-2.35.1/ld'
/bin/bash ./genscripts.sh "." "/usr/local/lib" "/usr/local" "/usr/local" x86_64-pc-linux-gnu x86_64-pc-linux-gnu x86_64-pc-linux-gnu ".deps" "" "elf_x86_64 elf_i386 elf32_x86_64 elf_l1om elf_k1om" "/usr/local/lib /lib /usr/lib" no yes h8300sxelf_linux ""
make[5]: Leaving directory '/external/binutils-2.35.1/ld'
gcc -DHAVE_CONFIG_H -I.  -I. -I. -I../bfd -I./../bfd -I./../include -I./../zlib  -g -O2 -DLOCALEDIR="\"/usr/local/share/locale\""  -W -Wall -Wstrict-prototypes -Wmissing-prototypes -Wshadow -Wstack-usage=262144 -DELF_LIST_OPTIONS=TRUE -DELF_SHLIB_LIST_OPTIONS=TRUE -DELF_PLT_UNWIND_LIST_OPTIONS=TRUE -g -O2 -MT eh8300sxelf_linux.o -MD -MP -MF .deps/eh8300sxelf_linux.Tpo -c -o eh8300sxelf_linux.o eh8300sxelf_linux.c
mv -f .deps/eh8300sxelf_linux.Tpo .deps/eh8300sxelf_linux.Po
base=`echo eh8300sxnelf.c | sed -e 's,e\(.*\).c,\1,'`; \
make run-genscripts "script_target=$base" "script_tdirname=tdir_$base"
make[5]: Entering directory '/external/binutils-2.35.1/ld'
/bin/bash ./genscripts.sh "." "/usr/local/lib" "/usr/local" "/usr/local" x86_64-pc-linux-gnu x86_64-pc-linux-gnu x86_64-pc-linux-gnu ".deps" "" "elf_x86_64 elf_i386 elf32_x86_64 elf_l1om elf_k1om" "/usr/local/lib /lib /usr/lib" no yes h8300sxnelf ""
make[5]: Leaving directory '/external/binutils-2.35.1/ld'
gcc -DHAVE_CONFIG_H -I.  -I. -I. -I../bfd -I./../bfd -I./../include -I./../zlib  -g -O2 -DLOCALEDIR="\"/usr/local/share/locale\""  -W -Wall -Wstrict-prototypes -Wmissing-prototypes -Wshadow -Wstack-usage=262144 -DELF_LIST_OPTIONS=TRUE -DELF_SHLIB_LIST_OPTIONS=TRUE -DELF_PLT_UNWIND_LIST_OPTIONS=TRUE -g -O2 -MT eh8300sxnelf.o -MD -MP -MF .deps/eh8300sxnelf.Tpo -c -o eh8300sxnelf.o eh8300sxnelf.c
mv -f .deps/eh8300sxnelf.Tpo .deps/eh8300sxnelf.Po
base=`echo ehppaelf.c | sed -e 's,e\(.*\).c,\1,'`; \
make run-genscripts "script_target=$base" "script_tdirname=tdir_$base"
make[5]: Entering directory '/external/binutils-2.35.1/ld'
/bin/bash ./genscripts.sh "." "/usr/local/lib" "/usr/local" "/usr/local" x86_64-pc-linux-gnu x86_64-pc-linux-gnu x86_64-pc-linux-gnu ".deps" "" "elf_x86_64 elf_i386 elf32_x86_64 elf_l1om elf_k1om" "/usr/local/lib /lib /usr/lib" no yes hppaelf ""
make[5]: Leaving directory '/external/binutils-2.35.1/ld'
gcc -DHAVE_CONFIG_H -I.  -I. -I. -I../bfd -I./../bfd -I./../include -I./../zlib  -g -O2 -DLOCALEDIR="\"/usr/local/share/locale\""  -W -Wall -Wstrict-prototypes -Wmissing-prototypes -Wshadow -Wstack-usage=262144 -DELF_LIST_OPTIONS=TRUE -DELF_SHLIB_LIST_OPTIONS=TRUE -DELF_PLT_UNWIND_LIST_OPTIONS=TRUE -g -O2 -MT ehppaelf.o -MD -MP -MF .deps/ehppaelf.Tpo -c -o ehppaelf.o ehppaelf.c
mv -f .deps/ehppaelf.Tpo .deps/ehppaelf.Po
base=`echo ehppalinux.c | sed -e 's,e\(.*\).c,\1,'`; \
make run-genscripts "script_target=$base" "script_tdirname=tdir_$base"
make[5]: Entering directory '/external/binutils-2.35.1/ld'
/bin/bash ./genscripts.sh "." "/usr/local/lib" "/usr/local" "/usr/local" x86_64-pc-linux-gnu x86_64-pc-linux-gnu x86_64-pc-linux-gnu ".deps" "" "elf_x86_64 elf_i386 elf32_x86_64 elf_l1om elf_k1om" "/usr/local/lib /lib /usr/lib" no yes hppalinux ""
make[5]: Leaving directory '/external/binutils-2.35.1/ld'
gcc -DHAVE_CONFIG_H -I.  -I. -I. -I../bfd -I./../bfd -I./../include -I./../zlib  -g -O2 -DLOCALEDIR="\"/usr/local/share/locale\""  -W -Wall -Wstrict-prototypes -Wmissing-prototypes -Wshadow -Wstack-usage=262144 -DELF_LIST_OPTIONS=TRUE -DELF_SHLIB_LIST_OPTIONS=TRUE -DELF_PLT_UNWIND_LIST_OPTIONS=TRUE -g -O2 -MT ehppalinux.o -MD -MP -MF .deps/ehppalinux.Tpo -c -o ehppalinux.o ehppalinux.c
mv -f .deps/ehppalinux.Tpo .deps/ehppalinux.Po
base=`echo ehppanbsd.c | sed -e 's,e\(.*\).c,\1,'`; \
make run-genscripts "script_target=$base" "script_tdirname=tdir_$base"
make[5]: Entering directory '/external/binutils-2.35.1/ld'
/bin/bash ./genscripts.sh "." "/usr/local/lib" "/usr/local" "/usr/local" x86_64-pc-linux-gnu x86_64-pc-linux-gnu x86_64-pc-linux-gnu ".deps" "" "elf_x86_64 elf_i386 elf32_x86_64 elf_l1om elf_k1om" "/usr/local/lib /lib /usr/lib" no yes hppanbsd ""
make[5]: Leaving directory '/external/binutils-2.35.1/ld'
gcc -DHAVE_CONFIG_H -I.  -I. -I. -I../bfd -I./../bfd -I./../include -I./../zlib  -g -O2 -DLOCALEDIR="\"/usr/local/share/locale\""  -W -Wall -Wstrict-prototypes -Wmissing-prototypes -Wshadow -Wstack-usage=262144 -DELF_LIST_OPTIONS=TRUE -DELF_SHLIB_LIST_OPTIONS=TRUE -DELF_PLT_UNWIND_LIST_OPTIONS=TRUE -g -O2 -MT ehppanbsd.o -MD -MP -MF .deps/ehppanbsd.Tpo -c -o ehppanbsd.o ehppanbsd.c
mv -f .deps/ehppanbsd.Tpo .deps/ehppanbsd.Po
base=`echo ehppaobsd.c | sed -e 's,e\(.*\).c,\1,'`; \
make run-genscripts "script_target=$base" "script_tdirname=tdir_$base"
make[5]: Entering directory '/external/binutils-2.35.1/ld'
/bin/bash ./genscripts.sh "." "/usr/local/lib" "/usr/local" "/usr/local" x86_64-pc-linux-gnu x86_64-pc-linux-gnu x86_64-pc-linux-gnu ".deps" "" "elf_x86_64 elf_i386 elf32_x86_64 elf_l1om elf_k1om" "/usr/local/lib /lib /usr/lib" no yes hppaobsd ""
make[5]: Leaving directory '/external/binutils-2.35.1/ld'
gcc -DHAVE_CONFIG_H -I.  -I. -I. -I../bfd -I./../bfd -I./../include -I./../zlib  -g -O2 -DLOCALEDIR="\"/usr/local/share/locale\""  -W -Wall -Wstrict-prototypes -Wmissing-prototypes -Wshadow -Wstack-usage=262144 -DELF_LIST_OPTIONS=TRUE -DELF_SHLIB_LIST_OPTIONS=TRUE -DELF_PLT_UNWIND_LIST_OPTIONS=TRUE -g -O2 -MT ehppaobsd.o -MD -MP -MF .deps/ehppaobsd.Tpo -c -o ehppaobsd.o ehppaobsd.c
mv -f .deps/ehppaobsd.Tpo .deps/ehppaobsd.Po
base=`echo ei386aout.c | sed -e 's,e\(.*\).c,\1,'`; \
make run-genscripts "script_target=$base" "script_tdirname=tdir_$base"
make[5]: Entering directory '/external/binutils-2.35.1/ld'
/bin/bash ./genscripts.sh "." "/usr/local/lib" "/usr/local" "/usr/local" x86_64-pc-linux-gnu x86_64-pc-linux-gnu x86_64-pc-linux-gnu ".deps" "" "elf_x86_64 elf_i386 elf32_x86_64 elf_l1om elf_k1om" "/usr/local/lib /lib /usr/lib" no yes i386aout ""
make[5]: Leaving directory '/external/binutils-2.35.1/ld'
gcc -DHAVE_CONFIG_H -I.  -I. -I. -I../bfd -I./../bfd -I./../include -I./../zlib  -g -O2 -DLOCALEDIR="\"/usr/local/share/locale\""  -W -Wall -Wstrict-prototypes -Wmissing-prototypes -Wshadow -Wstack-usage=262144 -DELF_LIST_OPTIONS=TRUE -DELF_SHLIB_LIST_OPTIONS=TRUE -DELF_PLT_UNWIND_LIST_OPTIONS=TRUE -g -O2 -MT ei386aout.o -MD -MP -MF .deps/ei386aout.Tpo -c -o ei386aout.o ei386aout.c
mv -f .deps/ei386aout.Tpo .deps/ei386aout.Po
base=`echo ei386beos.c | sed -e 's,e\(.*\).c,\1,'`; \
make run-genscripts "script_target=$base" "script_tdirname=tdir_$base"
make[5]: Entering directory '/external/binutils-2.35.1/ld'
/bin/bash ./genscripts.sh "." "/usr/local/lib" "/usr/local" "/usr/local" x86_64-pc-linux-gnu x86_64-pc-linux-gnu x86_64-pc-linux-gnu ".deps" "" "elf_x86_64 elf_i386 elf32_x86_64 elf_l1om elf_k1om" "/usr/local/lib /lib /usr/lib" no yes i386beos ""
make[5]: Leaving directory '/external/binutils-2.35.1/ld'
gcc -DHAVE_CONFIG_H -I.  -I. -I. -I../bfd -I./../bfd -I./../include -I./../zlib  -g -O2 -DLOCALEDIR="\"/usr/local/share/locale\""  -W -Wall -Wstrict-prototypes -Wmissing-prototypes -Wshadow -Wstack-usage=262144 -DELF_LIST_OPTIONS=TRUE -DELF_SHLIB_LIST_OPTIONS=TRUE -DELF_PLT_UNWIND_LIST_OPTIONS=TRUE -g -O2 -MT ei386beos.o -MD -MP -MF .deps/ei386beos.Tpo -c -o ei386beos.o ei386beos.c
mv -f .deps/ei386beos.Tpo .deps/ei386beos.Po
base=`echo ei386bsd.c | sed -e 's,e\(.*\).c,\1,'`; \
make run-genscripts "script_target=$base" "script_tdirname=tdir_$base"
make[5]: Entering directory '/external/binutils-2.35.1/ld'
/bin/bash ./genscripts.sh "." "/usr/local/lib" "/usr/local" "/usr/local" x86_64-pc-linux-gnu x86_64-pc-linux-gnu x86_64-pc-linux-gnu ".deps" "" "elf_x86_64 elf_i386 elf32_x86_64 elf_l1om elf_k1om" "/usr/local/lib /lib /usr/lib" no yes i386bsd ""
make[5]: Leaving directory '/external/binutils-2.35.1/ld'
gcc -DHAVE_CONFIG_H -I.  -I. -I. -I../bfd -I./../bfd -I./../include -I./../zlib  -g -O2 -DLOCALEDIR="\"/usr/local/share/locale\""  -W -Wall -Wstrict-prototypes -Wmissing-prototypes -Wshadow -Wstack-usage=262144 -DELF_LIST_OPTIONS=TRUE -DELF_SHLIB_LIST_OPTIONS=TRUE -DELF_PLT_UNWIND_LIST_OPTIONS=TRUE -g -O2 -MT ei386bsd.o -MD -MP -MF .deps/ei386bsd.Tpo -c -o ei386bsd.o ei386bsd.c
mv -f .deps/ei386bsd.Tpo .deps/ei386bsd.Po
base=`echo ei386go32.c | sed -e 's,e\(.*\).c,\1,'`; \
make run-genscripts "script_target=$base" "script_tdirname=tdir_$base"
make[5]: Entering directory '/external/binutils-2.35.1/ld'
/bin/bash ./genscripts.sh "." "/usr/local/lib" "/usr/local" "/usr/local" x86_64-pc-linux-gnu x86_64-pc-linux-gnu x86_64-pc-linux-gnu ".deps" "" "elf_x86_64 elf_i386 elf32_x86_64 elf_l1om elf_k1om" "/usr/local/lib /lib /usr/lib" no yes i386go32 ""
make[5]: Leaving directory '/external/binutils-2.35.1/ld'
gcc -DHAVE_CONFIG_H -I.  -I. -I. -I../bfd -I./../bfd -I./../include -I./../zlib  -g -O2 -DLOCALEDIR="\"/usr/local/share/locale\""  -W -Wall -Wstrict-prototypes -Wmissing-prototypes -Wshadow -Wstack-usage=262144 -DELF_LIST_OPTIONS=TRUE -DELF_SHLIB_LIST_OPTIONS=TRUE -DELF_PLT_UNWIND_LIST_OPTIONS=TRUE -g -O2 -MT ei386go32.o -MD -MP -MF .deps/ei386go32.Tpo -c -o ei386go32.o ei386go32.c
mv -f .deps/ei386go32.Tpo .deps/ei386go32.Po
base=`echo ei386lynx.c | sed -e 's,e\(.*\).c,\1,'`; \
make run-genscripts "script_target=$base" "script_tdirname=tdir_$base"
make[5]: Entering directory '/external/binutils-2.35.1/ld'
/bin/bash ./genscripts.sh "." "/usr/local/lib" "/usr/local" "/usr/local" x86_64-pc-linux-gnu x86_64-pc-linux-gnu x86_64-pc-linux-gnu ".deps" "" "elf_x86_64 elf_i386 elf32_x86_64 elf_l1om elf_k1om" "/usr/local/lib /lib /usr/lib" no yes i386lynx ""
make[5]: Leaving directory '/external/binutils-2.35.1/ld'
gcc -DHAVE_CONFIG_H -I.  -I. -I. -I../bfd -I./../bfd -I./../include -I./../zlib  -g -O2 -DLOCALEDIR="\"/usr/local/share/locale\""  -W -Wall -Wstrict-prototypes -Wmissing-prototypes -Wshadow -Wstack-usage=262144 -DELF_LIST_OPTIONS=TRUE -DELF_SHLIB_LIST_OPTIONS=TRUE -DELF_PLT_UNWIND_LIST_OPTIONS=TRUE -g -O2 -MT ei386lynx.o -MD -MP -MF .deps/ei386lynx.Tpo -c -o ei386lynx.o ei386lynx.c
mv -f .deps/ei386lynx.Tpo .deps/ei386lynx.Po
base=`echo ei386moss.c | sed -e 's,e\(.*\).c,\1,'`; \
make run-genscripts "script_target=$base" "script_tdirname=tdir_$base"
make[5]: Entering directory '/external/binutils-2.35.1/ld'
/bin/bash ./genscripts.sh "." "/usr/local/lib" "/usr/local" "/usr/local" x86_64-pc-linux-gnu x86_64-pc-linux-gnu x86_64-pc-linux-gnu ".deps" "" "elf_x86_64 elf_i386 elf32_x86_64 elf_l1om elf_k1om" "/usr/local/lib /lib /usr/lib" no yes i386moss ""
make[5]: Leaving directory '/external/binutils-2.35.1/ld'
gcc -DHAVE_CONFIG_H -I.  -I. -I. -I../bfd -I./../bfd -I./../include -I./../zlib  -g -O2 -DLOCALEDIR="\"/usr/local/share/locale\""  -W -Wall -Wstrict-prototypes -Wmissing-prototypes -Wshadow -Wstack-usage=262144 -DELF_LIST_OPTIONS=TRUE -DELF_SHLIB_LIST_OPTIONS=TRUE -DELF_PLT_UNWIND_LIST_OPTIONS=TRUE -g -O2 -MT ei386moss.o -MD -MP -MF .deps/ei386moss.Tpo -c -o ei386moss.o ei386moss.c
mv -f .deps/ei386moss.Tpo .deps/ei386moss.Po
base=`echo ei386msdos.c | sed -e 's,e\(.*\).c,\1,'`; \
make run-genscripts "script_target=$base" "script_tdirname=tdir_$base"
make[5]: Entering directory '/external/binutils-2.35.1/ld'
/bin/bash ./genscripts.sh "." "/usr/local/lib" "/usr/local" "/usr/local" x86_64-pc-linux-gnu x86_64-pc-linux-gnu x86_64-pc-linux-gnu ".deps" "" "elf_x86_64 elf_i386 elf32_x86_64 elf_l1om elf_k1om" "/usr/local/lib /lib /usr/lib" no yes i386msdos ""
make[5]: Leaving directory '/external/binutils-2.35.1/ld'
gcc -DHAVE_CONFIG_H -I.  -I. -I. -I../bfd -I./../bfd -I./../include -I./../zlib  -g -O2 -DLOCALEDIR="\"/usr/local/share/locale\""  -W -Wall -Wstrict-prototypes -Wmissing-prototypes -Wshadow -Wstack-usage=262144 -DELF_LIST_OPTIONS=TRUE -DELF_SHLIB_LIST_OPTIONS=TRUE -DELF_PLT_UNWIND_LIST_OPTIONS=TRUE -g -O2 -MT ei386msdos.o -MD -MP -MF .deps/ei386msdos.Tpo -c -o ei386msdos.o ei386msdos.c
mv -f .deps/ei386msdos.Tpo .deps/ei386msdos.Po
base=`echo ei386nto.c | sed -e 's,e\(.*\).c,\1,'`; \
make run-genscripts "script_target=$base" "script_tdirname=tdir_$base"
make[5]: Entering directory '/external/binutils-2.35.1/ld'
/bin/bash ./genscripts.sh "." "/usr/local/lib" "/usr/local" "/usr/local" x86_64-pc-linux-gnu x86_64-pc-linux-gnu x86_64-pc-linux-gnu ".deps" "" "elf_x86_64 elf_i386 elf32_x86_64 elf_l1om elf_k1om" "/usr/local/lib /lib /usr/lib" no yes i386nto ""
make[5]: Leaving directory '/external/binutils-2.35.1/ld'
gcc -DHAVE_CONFIG_H -I.  -I. -I. -I../bfd -I./../bfd -I./../include -I./../zlib  -g -O2 -DLOCALEDIR="\"/usr/local/share/locale\""  -W -Wall -Wstrict-prototypes -Wmissing-prototypes -Wshadow -Wstack-usage=262144 -DELF_LIST_OPTIONS=TRUE -DELF_SHLIB_LIST_OPTIONS=TRUE -DELF_PLT_UNWIND_LIST_OPTIONS=TRUE -g -O2 -MT ei386nto.o -MD -MP -MF .deps/ei386nto.Tpo -c -o ei386nto.o ei386nto.c
mv -f .deps/ei386nto.Tpo .deps/ei386nto.Po
base=`echo ei386pe.c | sed -e 's,e\(.*\).c,\1,'`; \
make run-genscripts "script_target=$base" "script_tdirname=tdir_$base"
make[5]: Entering directory '/external/binutils-2.35.1/ld'
/bin/bash ./genscripts.sh "." "/usr/local/lib" "/usr/local" "/usr/local" x86_64-pc-linux-gnu x86_64-pc-linux-gnu x86_64-pc-linux-gnu ".deps" "" "elf_x86_64 elf_i386 elf32_x86_64 elf_l1om elf_k1om" "/usr/local/lib /lib /usr/lib" no yes i386pe ""
make[5]: Leaving directory '/external/binutils-2.35.1/ld'
gcc -DHAVE_CONFIG_H -I.  -I. -I. -I../bfd -I./../bfd -I./../include -I./../zlib  -g -O2 -DLOCALEDIR="\"/usr/local/share/locale\""  -W -Wall -Wstrict-prototypes -Wmissing-prototypes -Wshadow -Wstack-usage=262144 -DELF_LIST_OPTIONS=TRUE -DELF_SHLIB_LIST_OPTIONS=TRUE -DELF_PLT_UNWIND_LIST_OPTIONS=TRUE -g -O2 -MT ei386pe.o -MD -MP -MF .deps/ei386pe.Tpo -c -o ei386pe.o ei386pe.c
mv -f .deps/ei386pe.Tpo .deps/ei386pe.Po
base=`echo ei386pe_posix.c | sed -e 's,e\(.*\).c,\1,'`; \
make run-genscripts "script_target=$base" "script_tdirname=tdir_$base"
make[5]: Entering directory '/external/binutils-2.35.1/ld'
/bin/bash ./genscripts.sh "." "/usr/local/lib" "/usr/local" "/usr/local" x86_64-pc-linux-gnu x86_64-pc-linux-gnu x86_64-pc-linux-gnu ".deps" "" "elf_x86_64 elf_i386 elf32_x86_64 elf_l1om elf_k1om" "/usr/local/lib /lib /usr/lib" no yes i386pe_posix ""
make[5]: Leaving directory '/external/binutils-2.35.1/ld'
gcc -DHAVE_CONFIG_H -I.  -I. -I. -I../bfd -I./../bfd -I./../include -I./../zlib  -g -O2 -DLOCALEDIR="\"/usr/local/share/locale\""  -W -Wall -Wstrict-prototypes -Wmissing-prototypes -Wshadow -Wstack-usage=262144 -DELF_LIST_OPTIONS=TRUE -DELF_SHLIB_LIST_OPTIONS=TRUE -DELF_PLT_UNWIND_LIST_OPTIONS=TRUE -g -O2 -MT ei386pe_posix.o -MD -MP -MF .deps/ei386pe_posix.Tpo -c -o ei386pe_posix.o ei386pe_posix.c
mv -f .deps/ei386pe_posix.Tpo .deps/ei386pe_posix.Po
base=`echo em32relf.c | sed -e 's,e\(.*\).c,\1,'`; \
make run-genscripts "script_target=$base" "script_tdirname=tdir_$base"
make[5]: Entering directory '/external/binutils-2.35.1/ld'
/bin/bash ./genscripts.sh "." "/usr/local/lib" "/usr/local" "/usr/local" x86_64-pc-linux-gnu x86_64-pc-linux-gnu x86_64-pc-linux-gnu ".deps" "" "elf_x86_64 elf_i386 elf32_x86_64 elf_l1om elf_k1om" "/usr/local/lib /lib /usr/lib" no yes m32relf ""
make[5]: Leaving directory '/external/binutils-2.35.1/ld'
gcc -DHAVE_CONFIG_H -I.  -I. -I. -I../bfd -I./../bfd -I./../include -I./../zlib  -g -O2 -DLOCALEDIR="\"/usr/local/share/locale\""  -W -Wall -Wstrict-prototypes -Wmissing-prototypes -Wshadow -Wstack-usage=262144 -DELF_LIST_OPTIONS=TRUE -DELF_SHLIB_LIST_OPTIONS=TRUE -DELF_PLT_UNWIND_LIST_OPTIONS=TRUE -g -O2 -MT em32relf.o -MD -MP -MF .deps/em32relf.Tpo -c -o em32relf.o em32relf.c
mv -f .deps/em32relf.Tpo .deps/em32relf.Po
base=`echo em32relf_linux.c | sed -e 's,e\(.*\).c,\1,'`; \
make run-genscripts "script_target=$base" "script_tdirname=tdir_$base"
make[5]: Entering directory '/external/binutils-2.35.1/ld'
/bin/bash ./genscripts.sh "." "/usr/local/lib" "/usr/local" "/usr/local" x86_64-pc-linux-gnu x86_64-pc-linux-gnu x86_64-pc-linux-gnu ".deps" "" "elf_x86_64 elf_i386 elf32_x86_64 elf_l1om elf_k1om" "/usr/local/lib /lib /usr/lib" no yes m32relf_linux ""
make[5]: Leaving directory '/external/binutils-2.35.1/ld'
gcc -DHAVE_CONFIG_H -I.  -I. -I. -I../bfd -I./../bfd -I./../include -I./../zlib  -g -O2 -DLOCALEDIR="\"/usr/local/share/locale\""  -W -Wall -Wstrict-prototypes -Wmissing-prototypes -Wshadow -Wstack-usage=262144 -DELF_LIST_OPTIONS=TRUE -DELF_SHLIB_LIST_OPTIONS=TRUE -DELF_PLT_UNWIND_LIST_OPTIONS=TRUE -g -O2 -MT em32relf_linux.o -MD -MP -MF .deps/em32relf_linux.Tpo -c -o em32relf_linux.o em32relf_linux.c
mv -f .deps/em32relf_linux.Tpo .deps/em32relf_linux.Po
base=`echo em32rlelf.c | sed -e 's,e\(.*\).c,\1,'`; \
make run-genscripts "script_target=$base" "script_tdirname=tdir_$base"
make[5]: Entering directory '/external/binutils-2.35.1/ld'
/bin/bash ./genscripts.sh "." "/usr/local/lib" "/usr/local" "/usr/local" x86_64-pc-linux-gnu x86_64-pc-linux-gnu x86_64-pc-linux-gnu ".deps" "" "elf_x86_64 elf_i386 elf32_x86_64 elf_l1om elf_k1om" "/usr/local/lib /lib /usr/lib" no yes m32rlelf ""
make[5]: Leaving directory '/external/binutils-2.35.1/ld'
gcc -DHAVE_CONFIG_H -I.  -I. -I. -I../bfd -I./../bfd -I./../include -I./../zlib  -g -O2 -DLOCALEDIR="\"/usr/local/share/locale\""  -W -Wall -Wstrict-prototypes -Wmissing-prototypes -Wshadow -Wstack-usage=262144 -DELF_LIST_OPTIONS=TRUE -DELF_SHLIB_LIST_OPTIONS=TRUE -DELF_PLT_UNWIND_LIST_OPTIONS=TRUE -g -O2 -MT em32rlelf.o -MD -MP -MF .deps/em32rlelf.Tpo -c -o em32rlelf.o em32rlelf.c
mv -f .deps/em32rlelf.Tpo .deps/em32rlelf.Po
base=`echo em32rlelf_linux.c | sed -e 's,e\(.*\).c,\1,'`; \
make run-genscripts "script_target=$base" "script_tdirname=tdir_$base"
make[5]: Entering directory '/external/binutils-2.35.1/ld'
/bin/bash ./genscripts.sh "." "/usr/local/lib" "/usr/local" "/usr/local" x86_64-pc-linux-gnu x86_64-pc-linux-gnu x86_64-pc-linux-gnu ".deps" "" "elf_x86_64 elf_i386 elf32_x86_64 elf_l1om elf_k1om" "/usr/local/lib /lib /usr/lib" no yes m32rlelf_linux ""
make[5]: Leaving directory '/external/binutils-2.35.1/ld'
gcc -DHAVE_CONFIG_H -I.  -I. -I. -I../bfd -I./../bfd -I./../include -I./../zlib  -g -O2 -DLOCALEDIR="\"/usr/local/share/locale\""  -W -Wall -Wstrict-prototypes -Wmissing-prototypes -Wshadow -Wstack-usage=262144 -DELF_LIST_OPTIONS=TRUE -DELF_SHLIB_LIST_OPTIONS=TRUE -DELF_PLT_UNWIND_LIST_OPTIONS=TRUE -g -O2 -MT em32rlelf_linux.o -MD -MP -MF .deps/em32rlelf_linux.Tpo -c -o em32rlelf_linux.o em32rlelf_linux.c
mv -f .deps/em32rlelf_linux.Tpo .deps/em32rlelf_linux.Po
base=`echo em68hc11elf.c | sed -e 's,e\(.*\).c,\1,'`; \
make run-genscripts "script_target=$base" "script_tdirname=tdir_$base"
make[5]: Entering directory '/external/binutils-2.35.1/ld'
/bin/bash ./genscripts.sh "." "/usr/local/lib" "/usr/local" "/usr/local" x86_64-pc-linux-gnu x86_64-pc-linux-gnu x86_64-pc-linux-gnu ".deps" "" "elf_x86_64 elf_i386 elf32_x86_64 elf_l1om elf_k1om" "/usr/local/lib /lib /usr/lib" no yes m68hc11elf ""
make[5]: Leaving directory '/external/binutils-2.35.1/ld'
gcc -DHAVE_CONFIG_H -I.  -I. -I. -I../bfd -I./../bfd -I./../include -I./../zlib  -g -O2 -DLOCALEDIR="\"/usr/local/share/locale\""  -W -Wall -Wstrict-prototypes -Wmissing-prototypes -Wshadow -Wstack-usage=262144 -DELF_LIST_OPTIONS=TRUE -DELF_SHLIB_LIST_OPTIONS=TRUE -DELF_PLT_UNWIND_LIST_OPTIONS=TRUE -g -O2 -MT em68hc11elf.o -MD -MP -MF .deps/em68hc11elf.Tpo -c -o em68hc11elf.o em68hc11elf.c
mv -f .deps/em68hc11elf.Tpo .deps/em68hc11elf.Po
base=`echo em68hc11elfb.c | sed -e 's,e\(.*\).c,\1,'`; \
make run-genscripts "script_target=$base" "script_tdirname=tdir_$base"
make[5]: Entering directory '/external/binutils-2.35.1/ld'
/bin/bash ./genscripts.sh "." "/usr/local/lib" "/usr/local" "/usr/local" x86_64-pc-linux-gnu x86_64-pc-linux-gnu x86_64-pc-linux-gnu ".deps" "" "elf_x86_64 elf_i386 elf32_x86_64 elf_l1om elf_k1om" "/usr/local/lib /lib /usr/lib" no yes m68hc11elfb ""
make[5]: Leaving directory '/external/binutils-2.35.1/ld'
gcc -DHAVE_CONFIG_H -I.  -I. -I. -I../bfd -I./../bfd -I./../include -I./../zlib  -g -O2 -DLOCALEDIR="\"/usr/local/share/locale\""  -W -Wall -Wstrict-prototypes -Wmissing-prototypes -Wshadow -Wstack-usage=262144 -DELF_LIST_OPTIONS=TRUE -DELF_SHLIB_LIST_OPTIONS=TRUE -DELF_PLT_UNWIND_LIST_OPTIONS=TRUE -g -O2 -MT em68hc11elfb.o -MD -MP -MF .deps/em68hc11elfb.Tpo -c -o em68hc11elfb.o em68hc11elfb.c
mv -f .deps/em68hc11elfb.Tpo .deps/em68hc11elfb.Po
base=`echo em68hc12elf.c | sed -e 's,e\(.*\).c,\1,'`; \
make run-genscripts "script_target=$base" "script_tdirname=tdir_$base"
make[5]: Entering directory '/external/binutils-2.35.1/ld'
/bin/bash ./genscripts.sh "." "/usr/local/lib" "/usr/local" "/usr/local" x86_64-pc-linux-gnu x86_64-pc-linux-gnu x86_64-pc-linux-gnu ".deps" "" "elf_x86_64 elf_i386 elf32_x86_64 elf_l1om elf_k1om" "/usr/local/lib /lib /usr/lib" no yes m68hc12elf ""
make[5]: Leaving directory '/external/binutils-2.35.1/ld'
gcc -DHAVE_CONFIG_H -I.  -I. -I. -I../bfd -I./../bfd -I./../include -I./../zlib  -g -O2 -DLOCALEDIR="\"/usr/local/share/locale\""  -W -Wall -Wstrict-prototypes -Wmissing-prototypes -Wshadow -Wstack-usage=262144 -DELF_LIST_OPTIONS=TRUE -DELF_SHLIB_LIST_OPTIONS=TRUE -DELF_PLT_UNWIND_LIST_OPTIONS=TRUE -g -O2 -MT em68hc12elf.o -MD -MP -MF .deps/em68hc12elf.Tpo -c -o em68hc12elf.o em68hc12elf.c
mv -f .deps/em68hc12elf.Tpo .deps/em68hc12elf.Po
base=`echo em68hc12elfb.c | sed -e 's,e\(.*\).c,\1,'`; \
make run-genscripts "script_target=$base" "script_tdirname=tdir_$base"
make[5]: Entering directory '/external/binutils-2.35.1/ld'
/bin/bash ./genscripts.sh "." "/usr/local/lib" "/usr/local" "/usr/local" x86_64-pc-linux-gnu x86_64-pc-linux-gnu x86_64-pc-linux-gnu ".deps" "" "elf_x86_64 elf_i386 elf32_x86_64 elf_l1om elf_k1om" "/usr/local/lib /lib /usr/lib" no yes m68hc12elfb ""
make[5]: Leaving directory '/external/binutils-2.35.1/ld'
gcc -DHAVE_CONFIG_H -I.  -I. -I. -I../bfd -I./../bfd -I./../include -I./../zlib  -g -O2 -DLOCALEDIR="\"/usr/local/share/locale\""  -W -Wall -Wstrict-prototypes -Wmissing-prototypes -Wshadow -Wstack-usage=262144 -DELF_LIST_OPTIONS=TRUE -DELF_SHLIB_LIST_OPTIONS=TRUE -DELF_PLT_UNWIND_LIST_OPTIONS=TRUE -g -O2 -MT em68hc12elfb.o -MD -MP -MF .deps/em68hc12elfb.Tpo -c -o em68hc12elfb.o em68hc12elfb.c
mv -f .deps/em68hc12elfb.Tpo .deps/em68hc12elfb.Po
base=`echo em68kelf.c | sed -e 's,e\(.*\).c,\1,'`; \
make run-genscripts "script_target=$base" "script_tdirname=tdir_$base"
make[5]: Entering directory '/external/binutils-2.35.1/ld'
/bin/bash ./genscripts.sh "." "/usr/local/lib" "/usr/local" "/usr/local" x86_64-pc-linux-gnu x86_64-pc-linux-gnu x86_64-pc-linux-gnu ".deps" "" "elf_x86_64 elf_i386 elf32_x86_64 elf_l1om elf_k1om" "/usr/local/lib /lib /usr/lib" no yes m68kelf ""
make[5]: Leaving directory '/external/binutils-2.35.1/ld'
gcc -DHAVE_CONFIG_H -I.  -I. -I. -I../bfd -I./../bfd -I./../include -I./../zlib  -g -O2 -DLOCALEDIR="\"/usr/local/share/locale\""  -W -Wall -Wstrict-prototypes -Wmissing-prototypes -Wshadow -Wstack-usage=262144 -DELF_LIST_OPTIONS=TRUE -DELF_SHLIB_LIST_OPTIONS=TRUE -DELF_PLT_UNWIND_LIST_OPTIONS=TRUE -g -O2 -MT em68kelf.o -MD -MP -MF .deps/em68kelf.Tpo -c -o em68kelf.o em68kelf.c
mv -f .deps/em68kelf.Tpo .deps/em68kelf.Po
base=`echo em68kelfnbsd.c | sed -e 's,e\(.*\).c,\1,'`; \
make run-genscripts "script_target=$base" "script_tdirname=tdir_$base"
make[5]: Entering directory '/external/binutils-2.35.1/ld'
/bin/bash ./genscripts.sh "." "/usr/local/lib" "/usr/local" "/usr/local" x86_64-pc-linux-gnu x86_64-pc-linux-gnu x86_64-pc-linux-gnu ".deps" "" "elf_x86_64 elf_i386 elf32_x86_64 elf_l1om elf_k1om" "/usr/local/lib /lib /usr/lib" no yes m68kelfnbsd ""
make[5]: Leaving directory '/external/binutils-2.35.1/ld'
gcc -DHAVE_CONFIG_H -I.  -I. -I. -I../bfd -I./../bfd -I./../include -I./../zlib  -g -O2 -DLOCALEDIR="\"/usr/local/share/locale\""  -W -Wall -Wstrict-prototypes -Wmissing-prototypes -Wshadow -Wstack-usage=262144 -DELF_LIST_OPTIONS=TRUE -DELF_SHLIB_LIST_OPTIONS=TRUE -DELF_PLT_UNWIND_LIST_OPTIONS=TRUE -g -O2 -MT em68kelfnbsd.o -MD -MP -MF .deps/em68kelfnbsd.Tpo -c -o em68kelfnbsd.o em68kelfnbsd.c
mv -f .deps/em68kelfnbsd.Tpo .deps/em68kelfnbsd.Po
base=`echo em9s12zelf.c | sed -e 's,e\(.*\).c,\1,'`; \
make run-genscripts "script_target=$base" "script_tdirname=tdir_$base"
make[5]: Entering directory '/external/binutils-2.35.1/ld'
/bin/bash ./genscripts.sh "." "/usr/local/lib" "/usr/local" "/usr/local" x86_64-pc-linux-gnu x86_64-pc-linux-gnu x86_64-pc-linux-gnu ".deps" "" "elf_x86_64 elf_i386 elf32_x86_64 elf_l1om elf_k1om" "/usr/local/lib /lib /usr/lib" no yes m9s12zelf ""
make[5]: Leaving directory '/external/binutils-2.35.1/ld'
gcc -DHAVE_CONFIG_H -I.  -I. -I. -I../bfd -I./../bfd -I./../include -I./../zlib  -g -O2 -DLOCALEDIR="\"/usr/local/share/locale\""  -W -Wall -Wstrict-prototypes -Wmissing-prototypes -Wshadow -Wstack-usage=262144 -DELF_LIST_OPTIONS=TRUE -DELF_SHLIB_LIST_OPTIONS=TRUE -DELF_PLT_UNWIND_LIST_OPTIONS=TRUE -g -O2 -MT em9s12zelf.o -MD -MP -MF .deps/em9s12zelf.Tpo -c -o em9s12zelf.o em9s12zelf.c
mv -f .deps/em9s12zelf.Tpo .deps/em9s12zelf.Po
base=`echo emcorepe.c | sed -e 's,e\(.*\).c,\1,'`; \
make run-genscripts "script_target=$base" "script_tdirname=tdir_$base"
make[5]: Entering directory '/external/binutils-2.35.1/ld'
/bin/bash ./genscripts.sh "." "/usr/local/lib" "/usr/local" "/usr/local" x86_64-pc-linux-gnu x86_64-pc-linux-gnu x86_64-pc-linux-gnu ".deps" "" "elf_x86_64 elf_i386 elf32_x86_64 elf_l1om elf_k1om" "/usr/local/lib /lib /usr/lib" no yes mcorepe ""
make[5]: Leaving directory '/external/binutils-2.35.1/ld'
gcc -DHAVE_CONFIG_H -I.  -I. -I. -I../bfd -I./../bfd -I./../include -I./../zlib  -g -O2 -DLOCALEDIR="\"/usr/local/share/locale\""  -W -Wall -Wstrict-prototypes -Wmissing-prototypes -Wshadow -Wstack-usage=262144 -DELF_LIST_OPTIONS=TRUE -DELF_SHLIB_LIST_OPTIONS=TRUE -DELF_PLT_UNWIND_LIST_OPTIONS=TRUE -g -O2 -MT emcorepe.o -MD -MP -MF .deps/emcorepe.Tpo -c -o emcorepe.o emcorepe.c
mv -f .deps/emcorepe.Tpo .deps/emcorepe.Po
base=`echo emn10200.c | sed -e 's,e\(.*\).c,\1,'`; \
make run-genscripts "script_target=$base" "script_tdirname=tdir_$base"
make[5]: Entering directory '/external/binutils-2.35.1/ld'
/bin/bash ./genscripts.sh "." "/usr/local/lib" "/usr/local" "/usr/local" x86_64-pc-linux-gnu x86_64-pc-linux-gnu x86_64-pc-linux-gnu ".deps" "" "elf_x86_64 elf_i386 elf32_x86_64 elf_l1om elf_k1om" "/usr/local/lib /lib /usr/lib" no yes mn10200 ""
make[5]: Leaving directory '/external/binutils-2.35.1/ld'
gcc -DHAVE_CONFIG_H -I.  -I. -I. -I../bfd -I./../bfd -I./../include -I./../zlib  -g -O2 -DLOCALEDIR="\"/usr/local/share/locale\""  -W -Wall -Wstrict-prototypes -Wmissing-prototypes -Wshadow -Wstack-usage=262144 -DELF_LIST_OPTIONS=TRUE -DELF_SHLIB_LIST_OPTIONS=TRUE -DELF_PLT_UNWIND_LIST_OPTIONS=TRUE -g -O2 -MT emn10200.o -MD -MP -MF .deps/emn10200.Tpo -c -o emn10200.o emn10200.c
mv -f .deps/emn10200.Tpo .deps/emn10200.Po
base=`echo emn10300.c | sed -e 's,e\(.*\).c,\1,'`; \
make run-genscripts "script_target=$base" "script_tdirname=tdir_$base"
make[5]: Entering directory '/external/binutils-2.35.1/ld'
/bin/bash ./genscripts.sh "." "/usr/local/lib" "/usr/local" "/usr/local" x86_64-pc-linux-gnu x86_64-pc-linux-gnu x86_64-pc-linux-gnu ".deps" "" "elf_x86_64 elf_i386 elf32_x86_64 elf_l1om elf_k1om" "/usr/local/lib /lib /usr/lib" no yes mn10300 ""
make[5]: Leaving directory '/external/binutils-2.35.1/ld'
gcc -DHAVE_CONFIG_H -I.  -I. -I. -I../bfd -I./../bfd -I./../include -I./../zlib  -g -O2 -DLOCALEDIR="\"/usr/local/share/locale\""  -W -Wall -Wstrict-prototypes -Wmissing-prototypes -Wshadow -Wstack-usage=262144 -DELF_LIST_OPTIONS=TRUE -DELF_SHLIB_LIST_OPTIONS=TRUE -DELF_PLT_UNWIND_LIST_OPTIONS=TRUE -g -O2 -MT emn10300.o -MD -MP -MF .deps/emn10300.Tpo -c -o emn10300.o emn10300.c
mv -f .deps/emn10300.Tpo .deps/emn10300.Po
base=`echo emsp430elf.c | sed -e 's,e\(.*\).c,\1,'`; \
make run-genscripts "script_target=$base" "script_tdirname=tdir_$base"
make[5]: Entering directory '/external/binutils-2.35.1/ld'
/bin/bash ./genscripts.sh "." "/usr/local/lib" "/usr/local" "/usr/local" x86_64-pc-linux-gnu x86_64-pc-linux-gnu x86_64-pc-linux-gnu ".deps" "" "elf_x86_64 elf_i386 elf32_x86_64 elf_l1om elf_k1om" "/usr/local/lib /lib /usr/lib" no yes msp430elf ""
make[5]: Leaving directory '/external/binutils-2.35.1/ld'
gcc -DHAVE_CONFIG_H -I.  -I. -I. -I../bfd -I./../bfd -I./../include -I./../zlib  -g -O2 -DLOCALEDIR="\"/usr/local/share/locale\""  -W -Wall -Wstrict-prototypes -Wmissing-prototypes -Wshadow -Wstack-usage=262144 -DELF_LIST_OPTIONS=TRUE -DELF_SHLIB_LIST_OPTIONS=TRUE -DELF_PLT_UNWIND_LIST_OPTIONS=TRUE -g -O2 -MT emsp430elf.o -MD -MP -MF .deps/emsp430elf.Tpo -c -o emsp430elf.o emsp430elf.c
mv -f .deps/emsp430elf.Tpo .deps/emsp430elf.Po
base=`echo emsp430X.c | sed -e 's,e\(.*\).c,\1,'`; \
make run-genscripts "script_target=$base" "script_tdirname=tdir_$base"
make[5]: Entering directory '/external/binutils-2.35.1/ld'
/bin/bash ./genscripts.sh "." "/usr/local/lib" "/usr/local" "/usr/local" x86_64-pc-linux-gnu x86_64-pc-linux-gnu x86_64-pc-linux-gnu ".deps" "" "elf_x86_64 elf_i386 elf32_x86_64 elf_l1om elf_k1om" "/usr/local/lib /lib /usr/lib" no yes msp430X ""
make[5]: Leaving directory '/external/binutils-2.35.1/ld'
gcc -DHAVE_CONFIG_H -I.  -I. -I. -I../bfd -I./../bfd -I./../include -I./../zlib  -g -O2 -DLOCALEDIR="\"/usr/local/share/locale\""  -W -Wall -Wstrict-prototypes -Wmissing-prototypes -Wshadow -Wstack-usage=262144 -DELF_LIST_OPTIONS=TRUE -DELF_SHLIB_LIST_OPTIONS=TRUE -DELF_PLT_UNWIND_LIST_OPTIONS=TRUE -g -O2 -MT emsp430X.o -MD -MP -MF .deps/emsp430X.Tpo -c -o emsp430X.o emsp430X.c
mv -f .deps/emsp430X.Tpo .deps/emsp430X.Po
base=`echo ends32elf.c | sed -e 's,e\(.*\).c,\1,'`; \
make run-genscripts "script_target=$base" "script_tdirname=tdir_$base"
make[5]: Entering directory '/external/binutils-2.35.1/ld'
/bin/bash ./genscripts.sh "." "/usr/local/lib" "/usr/local" "/usr/local" x86_64-pc-linux-gnu x86_64-pc-linux-gnu x86_64-pc-linux-gnu ".deps" "" "elf_x86_64 elf_i386 elf32_x86_64 elf_l1om elf_k1om" "/usr/local/lib /lib /usr/lib" no yes nds32elf ""
make[5]: Leaving directory '/external/binutils-2.35.1/ld'
gcc -DHAVE_CONFIG_H -I.  -I. -I. -I../bfd -I./../bfd -I./../include -I./../zlib  -g -O2 -DLOCALEDIR="\"/usr/local/share/locale\""  -W -Wall -Wstrict-prototypes -Wmissing-prototypes -Wshadow -Wstack-usage=262144 -DELF_LIST_OPTIONS=TRUE -DELF_SHLIB_LIST_OPTIONS=TRUE -DELF_PLT_UNWIND_LIST_OPTIONS=TRUE -g -O2 -MT ends32elf.o -MD -MP -MF .deps/ends32elf.Tpo -c -o ends32elf.o ends32elf.c
mv -f .deps/ends32elf.Tpo .deps/ends32elf.Po
base=`echo ends32elf16m.c | sed -e 's,e\(.*\).c,\1,'`; \
make run-genscripts "script_target=$base" "script_tdirname=tdir_$base"
make[5]: Entering directory '/external/binutils-2.35.1/ld'
/bin/bash ./genscripts.sh "." "/usr/local/lib" "/usr/local" "/usr/local" x86_64-pc-linux-gnu x86_64-pc-linux-gnu x86_64-pc-linux-gnu ".deps" "" "elf_x86_64 elf_i386 elf32_x86_64 elf_l1om elf_k1om" "/usr/local/lib /lib /usr/lib" no yes nds32elf16m ""
make[5]: Leaving directory '/external/binutils-2.35.1/ld'
gcc -DHAVE_CONFIG_H -I.  -I. -I. -I../bfd -I./../bfd -I./../include -I./../zlib  -g -O2 -DLOCALEDIR="\"/usr/local/share/locale\""  -W -Wall -Wstrict-prototypes -Wmissing-prototypes -Wshadow -Wstack-usage=262144 -DELF_LIST_OPTIONS=TRUE -DELF_SHLIB_LIST_OPTIONS=TRUE -DELF_PLT_UNWIND_LIST_OPTIONS=TRUE -g -O2 -MT ends32elf16m.o -MD -MP -MF .deps/ends32elf16m.Tpo -c -o ends32elf16m.o ends32elf16m.c
mv -f .deps/ends32elf16m.Tpo .deps/ends32elf16m.Po
base=`echo ends32elf_linux.c | sed -e 's,e\(.*\).c,\1,'`; \
make run-genscripts "script_target=$base" "script_tdirname=tdir_$base"
make[5]: Entering directory '/external/binutils-2.35.1/ld'
/bin/bash ./genscripts.sh "." "/usr/local/lib" "/usr/local" "/usr/local" x86_64-pc-linux-gnu x86_64-pc-linux-gnu x86_64-pc-linux-gnu ".deps" "" "elf_x86_64 elf_i386 elf32_x86_64 elf_l1om elf_k1om" "/usr/local/lib /lib /usr/lib" no yes nds32elf_linux ""
make[5]: Leaving directory '/external/binutils-2.35.1/ld'
gcc -DHAVE_CONFIG_H -I.  -I. -I. -I../bfd -I./../bfd -I./../include -I./../zlib  -g -O2 -DLOCALEDIR="\"/usr/local/share/locale\""  -W -Wall -Wstrict-prototypes -Wmissing-prototypes -Wshadow -Wstack-usage=262144 -DELF_LIST_OPTIONS=TRUE -DELF_SHLIB_LIST_OPTIONS=TRUE -DELF_PLT_UNWIND_LIST_OPTIONS=TRUE -g -O2 -MT ends32elf_linux.o -MD -MP -MF .deps/ends32elf_linux.Tpo -c -o ends32elf_linux.o ends32elf_linux.c
mv -f .deps/ends32elf_linux.Tpo .deps/ends32elf_linux.Po
base=`echo ends32belf.c | sed -e 's,e\(.*\).c,\1,'`; \
make run-genscripts "script_target=$base" "script_tdirname=tdir_$base"
make[5]: Entering directory '/external/binutils-2.35.1/ld'
/bin/bash ./genscripts.sh "." "/usr/local/lib" "/usr/local" "/usr/local" x86_64-pc-linux-gnu x86_64-pc-linux-gnu x86_64-pc-linux-gnu ".deps" "" "elf_x86_64 elf_i386 elf32_x86_64 elf_l1om elf_k1om" "/usr/local/lib /lib /usr/lib" no yes nds32belf ""
make[5]: Leaving directory '/external/binutils-2.35.1/ld'
gcc -DHAVE_CONFIG_H -I.  -I. -I. -I../bfd -I./../bfd -I./../include -I./../zlib  -g -O2 -DLOCALEDIR="\"/usr/local/share/locale\""  -W -Wall -Wstrict-prototypes -Wmissing-prototypes -Wshadow -Wstack-usage=262144 -DELF_LIST_OPTIONS=TRUE -DELF_SHLIB_LIST_OPTIONS=TRUE -DELF_PLT_UNWIND_LIST_OPTIONS=TRUE -g -O2 -MT ends32belf.o -MD -MP -MF .deps/ends32belf.Tpo -c -o ends32belf.o ends32belf.c
mv -f .deps/ends32belf.Tpo .deps/ends32belf.Po
base=`echo ends32belf16m.c | sed -e 's,e\(.*\).c,\1,'`; \
make run-genscripts "script_target=$base" "script_tdirname=tdir_$base"
make[5]: Entering directory '/external/binutils-2.35.1/ld'
/bin/bash ./genscripts.sh "." "/usr/local/lib" "/usr/local" "/usr/local" x86_64-pc-linux-gnu x86_64-pc-linux-gnu x86_64-pc-linux-gnu ".deps" "" "elf_x86_64 elf_i386 elf32_x86_64 elf_l1om elf_k1om" "/usr/local/lib /lib /usr/lib" no yes nds32belf16m ""
make[5]: Leaving directory '/external/binutils-2.35.1/ld'
gcc -DHAVE_CONFIG_H -I.  -I. -I. -I../bfd -I./../bfd -I./../include -I./../zlib  -g -O2 -DLOCALEDIR="\"/usr/local/share/locale\""  -W -Wall -Wstrict-prototypes -Wmissing-prototypes -Wshadow -Wstack-usage=262144 -DELF_LIST_OPTIONS=TRUE -DELF_SHLIB_LIST_OPTIONS=TRUE -DELF_PLT_UNWIND_LIST_OPTIONS=TRUE -g -O2 -MT ends32belf16m.o -MD -MP -MF .deps/ends32belf16m.Tpo -c -o ends32belf16m.o ends32belf16m.c
mv -f .deps/ends32belf16m.Tpo .deps/ends32belf16m.Po
base=`echo ends32belf_linux.c | sed -e 's,e\(.*\).c,\1,'`; \
make run-genscripts "script_target=$base" "script_tdirname=tdir_$base"
make[5]: Entering directory '/external/binutils-2.35.1/ld'
/bin/bash ./genscripts.sh "." "/usr/local/lib" "/usr/local" "/usr/local" x86_64-pc-linux-gnu x86_64-pc-linux-gnu x86_64-pc-linux-gnu ".deps" "" "elf_x86_64 elf_i386 elf32_x86_64 elf_l1om elf_k1om" "/usr/local/lib /lib /usr/lib" no yes nds32belf_linux ""
make[5]: Leaving directory '/external/binutils-2.35.1/ld'
gcc -DHAVE_CONFIG_H -I.  -I. -I. -I../bfd -I./../bfd -I./../include -I./../zlib  -g -O2 -DLOCALEDIR="\"/usr/local/share/locale\""  -W -Wall -Wstrict-prototypes -Wmissing-prototypes -Wshadow -Wstack-usage=262144 -DELF_LIST_OPTIONS=TRUE -DELF_SHLIB_LIST_OPTIONS=TRUE -DELF_PLT_UNWIND_LIST_OPTIONS=TRUE -g -O2 -MT ends32belf_linux.o -MD -MP -MF .deps/ends32belf_linux.Tpo -c -o ends32belf_linux.o ends32belf_linux.c
mv -f .deps/ends32belf_linux.Tpo .deps/ends32belf_linux.Po
base=`echo ens32knbsd.c | sed -e 's,e\(.*\).c,\1,'`; \
make run-genscripts "script_target=$base" "script_tdirname=tdir_$base"
make[5]: Entering directory '/external/binutils-2.35.1/ld'
/bin/bash ./genscripts.sh "." "/usr/local/lib" "/usr/local" "/usr/local" x86_64-pc-linux-gnu x86_64-pc-linux-gnu x86_64-pc-linux-gnu ".deps" "" "elf_x86_64 elf_i386 elf32_x86_64 elf_l1om elf_k1om" "/usr/local/lib /lib /usr/lib" no yes ns32knbsd ""
make[5]: Leaving directory '/external/binutils-2.35.1/ld'
gcc -DHAVE_CONFIG_H -I.  -I. -I. -I../bfd -I./../bfd -I./../include -I./../zlib  -g -O2 -DLOCALEDIR="\"/usr/local/share/locale\""  -W -Wall -Wstrict-prototypes -Wmissing-prototypes -Wshadow -Wstack-usage=262144 -DELF_LIST_OPTIONS=TRUE -DELF_SHLIB_LIST_OPTIONS=TRUE -DELF_PLT_UNWIND_LIST_OPTIONS=TRUE -g -O2 -MT ens32knbsd.o -MD -MP -MF .deps/ens32knbsd.Tpo -c -o ens32knbsd.o ens32knbsd.c
mv -f .deps/ens32knbsd.Tpo .deps/ens32knbsd.Po
base=`echo enios2elf.c | sed -e 's,e\(.*\).c,\1,'`; \
make run-genscripts "script_target=$base" "script_tdirname=tdir_$base"
make[5]: Entering directory '/external/binutils-2.35.1/ld'
/bin/bash ./genscripts.sh "." "/usr/local/lib" "/usr/local" "/usr/local" x86_64-pc-linux-gnu x86_64-pc-linux-gnu x86_64-pc-linux-gnu ".deps" "" "elf_x86_64 elf_i386 elf32_x86_64 elf_l1om elf_k1om" "/usr/local/lib /lib /usr/lib" no yes nios2elf ""
make[5]: Leaving directory '/external/binutils-2.35.1/ld'
gcc -DHAVE_CONFIG_H -I.  -I. -I. -I../bfd -I./../bfd -I./../include -I./../zlib  -g -O2 -DLOCALEDIR="\"/usr/local/share/locale\""  -W -Wall -Wstrict-prototypes -Wmissing-prototypes -Wshadow -Wstack-usage=262144 -DELF_LIST_OPTIONS=TRUE -DELF_SHLIB_LIST_OPTIONS=TRUE -DELF_PLT_UNWIND_LIST_OPTIONS=TRUE -g -O2 -MT enios2elf.o -MD -MP -MF .deps/enios2elf.Tpo -c -o enios2elf.o enios2elf.c
mv -f .deps/enios2elf.Tpo .deps/enios2elf.Po
base=`echo enios2linux.c | sed -e 's,e\(.*\).c,\1,'`; \
make run-genscripts "script_target=$base" "script_tdirname=tdir_$base"
make[5]: Entering directory '/external/binutils-2.35.1/ld'
/bin/bash ./genscripts.sh "." "/usr/local/lib" "/usr/local" "/usr/local" x86_64-pc-linux-gnu x86_64-pc-linux-gnu x86_64-pc-linux-gnu ".deps" "" "elf_x86_64 elf_i386 elf32_x86_64 elf_l1om elf_k1om" "/usr/local/lib /lib /usr/lib" no yes nios2linux ""
make[5]: Leaving directory '/external/binutils-2.35.1/ld'
gcc -DHAVE_CONFIG_H -I.  -I. -I. -I../bfd -I./../bfd -I./../include -I./../zlib  -g -O2 -DLOCALEDIR="\"/usr/local/share/locale\""  -W -Wall -Wstrict-prototypes -Wmissing-prototypes -Wshadow -Wstack-usage=262144 -DELF_LIST_OPTIONS=TRUE -DELF_SHLIB_LIST_OPTIONS=TRUE -DELF_PLT_UNWIND_LIST_OPTIONS=TRUE -g -O2 -MT enios2linux.o -MD -MP -MF .deps/enios2linux.Tpo -c -o enios2linux.o enios2linux.c
mv -f .deps/enios2linux.Tpo .deps/enios2linux.Po
base=`echo epc532macha.c | sed -e 's,e\(.*\).c,\1,'`; \
make run-genscripts "script_target=$base" "script_tdirname=tdir_$base"
make[5]: Entering directory '/external/binutils-2.35.1/ld'
/bin/bash ./genscripts.sh "." "/usr/local/lib" "/usr/local" "/usr/local" x86_64-pc-linux-gnu x86_64-pc-linux-gnu x86_64-pc-linux-gnu ".deps" "" "elf_x86_64 elf_i386 elf32_x86_64 elf_l1om elf_k1om" "/usr/local/lib /lib /usr/lib" no yes pc532macha ""
make[5]: Leaving directory '/external/binutils-2.35.1/ld'
gcc -DHAVE_CONFIG_H -I.  -I. -I. -I../bfd -I./../bfd -I./../include -I./../zlib  -g -O2 -DLOCALEDIR="\"/usr/local/share/locale\""  -W -Wall -Wstrict-prototypes -Wmissing-prototypes -Wshadow -Wstack-usage=262144 -DELF_LIST_OPTIONS=TRUE -DELF_SHLIB_LIST_OPTIONS=TRUE -DELF_PLT_UNWIND_LIST_OPTIONS=TRUE -g -O2 -MT epc532macha.o -MD -MP -MF .deps/epc532macha.Tpo -c -o epc532macha.o epc532macha.c
mv -f .deps/epc532macha.Tpo .deps/epc532macha.Po
base=`echo epdp11.c | sed -e 's,e\(.*\).c,\1,'`; \
make run-genscripts "script_target=$base" "script_tdirname=tdir_$base"
make[5]: Entering directory '/external/binutils-2.35.1/ld'
/bin/bash ./genscripts.sh "." "/usr/local/lib" "/usr/local" "/usr/local" x86_64-pc-linux-gnu x86_64-pc-linux-gnu x86_64-pc-linux-gnu ".deps" "" "elf_x86_64 elf_i386 elf32_x86_64 elf_l1om elf_k1om" "/usr/local/lib /lib /usr/lib" no yes pdp11 ""
make[5]: Leaving directory '/external/binutils-2.35.1/ld'
gcc -DHAVE_CONFIG_H -I.  -I. -I. -I../bfd -I./../bfd -I./../include -I./../zlib  -g -O2 -DLOCALEDIR="\"/usr/local/share/locale\""  -W -Wall -Wstrict-prototypes -Wmissing-prototypes -Wshadow -Wstack-usage=262144 -DELF_LIST_OPTIONS=TRUE -DELF_SHLIB_LIST_OPTIONS=TRUE -DELF_PLT_UNWIND_LIST_OPTIONS=TRUE -g -O2 -MT epdp11.o -MD -MP -MF .deps/epdp11.Tpo -c -o epdp11.o epdp11.c
mv -f .deps/epdp11.Tpo .deps/epdp11.Po
base=`echo epjelf.c | sed -e 's,e\(.*\).c,\1,'`; \
make run-genscripts "script_target=$base" "script_tdirname=tdir_$base"
make[5]: Entering directory '/external/binutils-2.35.1/ld'
/bin/bash ./genscripts.sh "." "/usr/local/lib" "/usr/local" "/usr/local" x86_64-pc-linux-gnu x86_64-pc-linux-gnu x86_64-pc-linux-gnu ".deps" "" "elf_x86_64 elf_i386 elf32_x86_64 elf_l1om elf_k1om" "/usr/local/lib /lib /usr/lib" no yes pjelf ""
make[5]: Leaving directory '/external/binutils-2.35.1/ld'
gcc -DHAVE_CONFIG_H -I.  -I. -I. -I../bfd -I./../bfd -I./../include -I./../zlib  -g -O2 -DLOCALEDIR="\"/usr/local/share/locale\""  -W -Wall -Wstrict-prototypes -Wmissing-prototypes -Wshadow -Wstack-usage=262144 -DELF_LIST_OPTIONS=TRUE -DELF_SHLIB_LIST_OPTIONS=TRUE -DELF_PLT_UNWIND_LIST_OPTIONS=TRUE -g -O2 -MT epjelf.o -MD -MP -MF .deps/epjelf.Tpo -c -o epjelf.o epjelf.c
mv -f .deps/epjelf.Tpo .deps/epjelf.Po
base=`echo epjlelf.c | sed -e 's,e\(.*\).c,\1,'`; \
make run-genscripts "script_target=$base" "script_tdirname=tdir_$base"
make[5]: Entering directory '/external/binutils-2.35.1/ld'
/bin/bash ./genscripts.sh "." "/usr/local/lib" "/usr/local" "/usr/local" x86_64-pc-linux-gnu x86_64-pc-linux-gnu x86_64-pc-linux-gnu ".deps" "" "elf_x86_64 elf_i386 elf32_x86_64 elf_l1om elf_k1om" "/usr/local/lib /lib /usr/lib" no yes pjlelf ""
make[5]: Leaving directory '/external/binutils-2.35.1/ld'
gcc -DHAVE_CONFIG_H -I.  -I. -I. -I../bfd -I./../bfd -I./../include -I./../zlib  -g -O2 -DLOCALEDIR="\"/usr/local/share/locale\""  -W -Wall -Wstrict-prototypes -Wmissing-prototypes -Wshadow -Wstack-usage=262144 -DELF_LIST_OPTIONS=TRUE -DELF_SHLIB_LIST_OPTIONS=TRUE -DELF_PLT_UNWIND_LIST_OPTIONS=TRUE -g -O2 -MT epjlelf.o -MD -MP -MF .deps/epjlelf.Tpo -c -o epjlelf.o epjlelf.c
mv -f .deps/epjlelf.Tpo .deps/epjlelf.Po
base=`echo eppclynx.c | sed -e 's,e\(.*\).c,\1,'`; \
make run-genscripts "script_target=$base" "script_tdirname=tdir_$base"
make[5]: Entering directory '/external/binutils-2.35.1/ld'
/bin/bash ./genscripts.sh "." "/usr/local/lib" "/usr/local" "/usr/local" x86_64-pc-linux-gnu x86_64-pc-linux-gnu x86_64-pc-linux-gnu ".deps" "" "elf_x86_64 elf_i386 elf32_x86_64 elf_l1om elf_k1om" "/usr/local/lib /lib /usr/lib" no yes ppclynx ""
make[5]: Leaving directory '/external/binutils-2.35.1/ld'
gcc -DHAVE_CONFIG_H -I.  -I. -I. -I../bfd -I./../bfd -I./../include -I./../zlib  -g -O2 -DLOCALEDIR="\"/usr/local/share/locale\""  -W -Wall -Wstrict-prototypes -Wmissing-prototypes -Wshadow -Wstack-usage=262144 -DELF_LIST_OPTIONS=TRUE -DELF_SHLIB_LIST_OPTIONS=TRUE -DELF_PLT_UNWIND_LIST_OPTIONS=TRUE -g -O2 -MT eppclynx.o -MD -MP -MF .deps/eppclynx.Tpo -c -o eppclynx.o eppclynx.c
mv -f .deps/eppclynx.Tpo .deps/eppclynx.Po
base=`echo eppcmacos.c | sed -e 's,e\(.*\).c,\1,'`; \
make run-genscripts "script_target=$base" "script_tdirname=tdir_$base"
make[5]: Entering directory '/external/binutils-2.35.1/ld'
/bin/bash ./genscripts.sh "." "/usr/local/lib" "/usr/local" "/usr/local" x86_64-pc-linux-gnu x86_64-pc-linux-gnu x86_64-pc-linux-gnu ".deps" "" "elf_x86_64 elf_i386 elf32_x86_64 elf_l1om elf_k1om" "/usr/local/lib /lib /usr/lib" no yes ppcmacos ""
make[5]: Leaving directory '/external/binutils-2.35.1/ld'
gcc -DHAVE_CONFIG_H -I.  -I. -I. -I../bfd -I./../bfd -I./../include -I./../zlib  -g -O2 -DLOCALEDIR="\"/usr/local/share/locale\""  -W -Wall -Wstrict-prototypes -Wmissing-prototypes -Wshadow -Wstack-usage=262144 -DELF_LIST_OPTIONS=TRUE -DELF_SHLIB_LIST_OPTIONS=TRUE -DELF_PLT_UNWIND_LIST_OPTIONS=TRUE -g -O2 -MT eppcmacos.o -MD -MP -MF .deps/eppcmacos.Tpo -c -o eppcmacos.o eppcmacos.c
mv -f .deps/eppcmacos.Tpo .deps/eppcmacos.Po
base=`echo eppcpe.c | sed -e 's,e\(.*\).c,\1,'`; \
make run-genscripts "script_target=$base" "script_tdirname=tdir_$base"
make[5]: Entering directory '/external/binutils-2.35.1/ld'
/bin/bash ./genscripts.sh "." "/usr/local/lib" "/usr/local" "/usr/local" x86_64-pc-linux-gnu x86_64-pc-linux-gnu x86_64-pc-linux-gnu ".deps" "" "elf_x86_64 elf_i386 elf32_x86_64 elf_l1om elf_k1om" "/usr/local/lib /lib /usr/lib" no yes ppcpe ""
make[5]: Leaving directory '/external/binutils-2.35.1/ld'
gcc -DHAVE_CONFIG_H -I.  -I. -I. -I../bfd -I./../bfd -I./../include -I./../zlib  -g -O2 -DLOCALEDIR="\"/usr/local/share/locale\""  -W -Wall -Wstrict-prototypes -Wmissing-prototypes -Wshadow -Wstack-usage=262144 -DELF_LIST_OPTIONS=TRUE -DELF_SHLIB_LIST_OPTIONS=TRUE -DELF_PLT_UNWIND_LIST_OPTIONS=TRUE -g -O2 -MT eppcpe.o -MD -MP -MF .deps/eppcpe.Tpo -c -o eppcpe.o eppcpe.c
mv -f .deps/eppcpe.Tpo .deps/eppcpe.Po
base=`echo epruelf.c | sed -e 's,e\(.*\).c,\1,'`; \
make run-genscripts "script_target=$base" "script_tdirname=tdir_$base"
make[5]: Entering directory '/external/binutils-2.35.1/ld'
/bin/bash ./genscripts.sh "." "/usr/local/lib" "/usr/local" "/usr/local" x86_64-pc-linux-gnu x86_64-pc-linux-gnu x86_64-pc-linux-gnu ".deps" "" "elf_x86_64 elf_i386 elf32_x86_64 elf_l1om elf_k1om" "/usr/local/lib /lib /usr/lib" no yes pruelf ""
make[5]: Leaving directory '/external/binutils-2.35.1/ld'
gcc -DHAVE_CONFIG_H -I.  -I. -I. -I../bfd -I./../bfd -I./../include -I./../zlib  -g -O2 -DLOCALEDIR="\"/usr/local/share/locale\""  -W -Wall -Wstrict-prototypes -Wmissing-prototypes -Wshadow -Wstack-usage=262144 -DELF_LIST_OPTIONS=TRUE -DELF_SHLIB_LIST_OPTIONS=TRUE -DELF_PLT_UNWIND_LIST_OPTIONS=TRUE -g -O2 -MT epruelf.o -MD -MP -MF .deps/epruelf.Tpo -c -o epruelf.o epruelf.c
mv -f .deps/epruelf.Tpo .deps/epruelf.Po
base=`echo escore3_elf.c | sed -e 's,e\(.*\).c,\1,'`; \
make run-genscripts "script_target=$base" "script_tdirname=tdir_$base"
make[5]: Entering directory '/external/binutils-2.35.1/ld'
/bin/bash ./genscripts.sh "." "/usr/local/lib" "/usr/local" "/usr/local" x86_64-pc-linux-gnu x86_64-pc-linux-gnu x86_64-pc-linux-gnu ".deps" "" "elf_x86_64 elf_i386 elf32_x86_64 elf_l1om elf_k1om" "/usr/local/lib /lib /usr/lib" no yes score3_elf ""
make[5]: Leaving directory '/external/binutils-2.35.1/ld'
gcc -DHAVE_CONFIG_H -I.  -I. -I. -I../bfd -I./../bfd -I./../include -I./../zlib  -g -O2 -DLOCALEDIR="\"/usr/local/share/locale\""  -W -Wall -Wstrict-prototypes -Wmissing-prototypes -Wshadow -Wstack-usage=262144 -DELF_LIST_OPTIONS=TRUE -DELF_SHLIB_LIST_OPTIONS=TRUE -DELF_PLT_UNWIND_LIST_OPTIONS=TRUE -g -O2 -MT escore3_elf.o -MD -MP -MF .deps/escore3_elf.Tpo -c -o escore3_elf.o escore3_elf.c
mv -f .deps/escore3_elf.Tpo .deps/escore3_elf.Po
base=`echo escore7_elf.c | sed -e 's,e\(.*\).c,\1,'`; \
make run-genscripts "script_target=$base" "script_tdirname=tdir_$base"
make[5]: Entering directory '/external/binutils-2.35.1/ld'
/bin/bash ./genscripts.sh "." "/usr/local/lib" "/usr/local" "/usr/local" x86_64-pc-linux-gnu x86_64-pc-linux-gnu x86_64-pc-linux-gnu ".deps" "" "elf_x86_64 elf_i386 elf32_x86_64 elf_l1om elf_k1om" "/usr/local/lib /lib /usr/lib" no yes score7_elf ""
make[5]: Leaving directory '/external/binutils-2.35.1/ld'
gcc -DHAVE_CONFIG_H -I.  -I. -I. -I../bfd -I./../bfd -I./../include -I./../zlib  -g -O2 -DLOCALEDIR="\"/usr/local/share/locale\""  -W -Wall -Wstrict-prototypes -Wmissing-prototypes -Wshadow -Wstack-usage=262144 -DELF_LIST_OPTIONS=TRUE -DELF_SHLIB_LIST_OPTIONS=TRUE -DELF_PLT_UNWIND_LIST_OPTIONS=TRUE -g -O2 -MT escore7_elf.o -MD -MP -MF .deps/escore7_elf.Tpo -c -o escore7_elf.o escore7_elf.c
mv -f .deps/escore7_elf.Tpo .deps/escore7_elf.Po
base=`echo esh.c | sed -e 's,e\(.*\).c,\1,'`; \
make run-genscripts "script_target=$base" "script_tdirname=tdir_$base"
make[5]: Entering directory '/external/binutils-2.35.1/ld'
/bin/bash ./genscripts.sh "." "/usr/local/lib" "/usr/local" "/usr/local" x86_64-pc-linux-gnu x86_64-pc-linux-gnu x86_64-pc-linux-gnu ".deps" "" "elf_x86_64 elf_i386 elf32_x86_64 elf_l1om elf_k1om" "/usr/local/lib /lib /usr/lib" no yes sh ""
make[5]: Leaving directory '/external/binutils-2.35.1/ld'
gcc -DHAVE_CONFIG_H -I.  -I. -I. -I../bfd -I./../bfd -I./../include -I./../zlib  -g -O2 -DLOCALEDIR="\"/usr/local/share/locale\""  -W -Wall -Wstrict-prototypes -Wmissing-prototypes -Wshadow -Wstack-usage=262144 -DELF_LIST_OPTIONS=TRUE -DELF_SHLIB_LIST_OPTIONS=TRUE -DELF_PLT_UNWIND_LIST_OPTIONS=TRUE -g -O2 -MT esh.o -MD -MP -MF .deps/esh.Tpo -c -o esh.o esh.c
mv -f .deps/esh.Tpo .deps/esh.Po
base=`echo eshelf.c | sed -e 's,e\(.*\).c,\1,'`; \
make run-genscripts "script_target=$base" "script_tdirname=tdir_$base"
make[5]: Entering directory '/external/binutils-2.35.1/ld'
/bin/bash ./genscripts.sh "." "/usr/local/lib" "/usr/local" "/usr/local" x86_64-pc-linux-gnu x86_64-pc-linux-gnu x86_64-pc-linux-gnu ".deps" "" "elf_x86_64 elf_i386 elf32_x86_64 elf_l1om elf_k1om" "/usr/local/lib /lib /usr/lib" no yes shelf ""
make[5]: Leaving directory '/external/binutils-2.35.1/ld'
gcc -DHAVE_CONFIG_H -I.  -I. -I. -I../bfd -I./../bfd -I./../include -I./../zlib  -g -O2 -DLOCALEDIR="\"/usr/local/share/locale\""  -W -Wall -Wstrict-prototypes -Wmissing-prototypes -Wshadow -Wstack-usage=262144 -DELF_LIST_OPTIONS=TRUE -DELF_SHLIB_LIST_OPTIONS=TRUE -DELF_PLT_UNWIND_LIST_OPTIONS=TRUE -g -O2 -MT eshelf.o -MD -MP -MF .deps/eshelf.Tpo -c -o eshelf.o eshelf.c
mv -f .deps/eshelf.Tpo .deps/eshelf.Po
base=`echo eshelf_fd.c | sed -e 's,e\(.*\).c,\1,'`; \
make run-genscripts "script_target=$base" "script_tdirname=tdir_$base"
make[5]: Entering directory '/external/binutils-2.35.1/ld'
/bin/bash ./genscripts.sh "." "/usr/local/lib" "/usr/local" "/usr/local" x86_64-pc-linux-gnu x86_64-pc-linux-gnu x86_64-pc-linux-gnu ".deps" "" "elf_x86_64 elf_i386 elf32_x86_64 elf_l1om elf_k1om" "/usr/local/lib /lib /usr/lib" no yes shelf_fd ""
make[5]: Leaving directory '/external/binutils-2.35.1/ld'
gcc -DHAVE_CONFIG_H -I.  -I. -I. -I../bfd -I./../bfd -I./../include -I./../zlib  -g -O2 -DLOCALEDIR="\"/usr/local/share/locale\""  -W -Wall -Wstrict-prototypes -Wmissing-prototypes -Wshadow -Wstack-usage=262144 -DELF_LIST_OPTIONS=TRUE -DELF_SHLIB_LIST_OPTIONS=TRUE -DELF_PLT_UNWIND_LIST_OPTIONS=TRUE -g -O2 -MT eshelf_fd.o -MD -MP -MF .deps/eshelf_fd.Tpo -c -o eshelf_fd.o eshelf_fd.c
mv -f .deps/eshelf_fd.Tpo .deps/eshelf_fd.Po
base=`echo eshelf_linux.c | sed -e 's,e\(.*\).c,\1,'`; \
make run-genscripts "script_target=$base" "script_tdirname=tdir_$base"
make[5]: Entering directory '/external/binutils-2.35.1/ld'
/bin/bash ./genscripts.sh "." "/usr/local/lib" "/usr/local" "/usr/local" x86_64-pc-linux-gnu x86_64-pc-linux-gnu x86_64-pc-linux-gnu ".deps" "" "elf_x86_64 elf_i386 elf32_x86_64 elf_l1om elf_k1om" "/usr/local/lib /lib /usr/lib" no yes shelf_linux ""
make[5]: Leaving directory '/external/binutils-2.35.1/ld'
gcc -DHAVE_CONFIG_H -I.  -I. -I. -I../bfd -I./../bfd -I./../include -I./../zlib  -g -O2 -DLOCALEDIR="\"/usr/local/share/locale\""  -W -Wall -Wstrict-prototypes -Wmissing-prototypes -Wshadow -Wstack-usage=262144 -DELF_LIST_OPTIONS=TRUE -DELF_SHLIB_LIST_OPTIONS=TRUE -DELF_PLT_UNWIND_LIST_OPTIONS=TRUE -g -O2 -MT eshelf_linux.o -MD -MP -MF .deps/eshelf_linux.Tpo -c -o eshelf_linux.o eshelf_linux.c
mv -f .deps/eshelf_linux.Tpo .deps/eshelf_linux.Po
base=`echo eshelf_nbsd.c | sed -e 's,e\(.*\).c,\1,'`; \
make run-genscripts "script_target=$base" "script_tdirname=tdir_$base"
make[5]: Entering directory '/external/binutils-2.35.1/ld'
/bin/bash ./genscripts.sh "." "/usr/local/lib" "/usr/local" "/usr/local" x86_64-pc-linux-gnu x86_64-pc-linux-gnu x86_64-pc-linux-gnu ".deps" "" "elf_x86_64 elf_i386 elf32_x86_64 elf_l1om elf_k1om" "/usr/local/lib /lib /usr/lib" no yes shelf_nbsd ""
make[5]: Leaving directory '/external/binutils-2.35.1/ld'
gcc -DHAVE_CONFIG_H -I.  -I. -I. -I../bfd -I./../bfd -I./../include -I./../zlib  -g -O2 -DLOCALEDIR="\"/usr/local/share/locale\""  -W -Wall -Wstrict-prototypes -Wmissing-prototypes -Wshadow -Wstack-usage=262144 -DELF_LIST_OPTIONS=TRUE -DELF_SHLIB_LIST_OPTIONS=TRUE -DELF_PLT_UNWIND_LIST_OPTIONS=TRUE -g -O2 -MT eshelf_nbsd.o -MD -MP -MF .deps/eshelf_nbsd.Tpo -c -o eshelf_nbsd.o eshelf_nbsd.c
mv -f .deps/eshelf_nbsd.Tpo .deps/eshelf_nbsd.Po
base=`echo eshelf_nto.c | sed -e 's,e\(.*\).c,\1,'`; \
make run-genscripts "script_target=$base" "script_tdirname=tdir_$base"
make[5]: Entering directory '/external/binutils-2.35.1/ld'
/bin/bash ./genscripts.sh "." "/usr/local/lib" "/usr/local" "/usr/local" x86_64-pc-linux-gnu x86_64-pc-linux-gnu x86_64-pc-linux-gnu ".deps" "" "elf_x86_64 elf_i386 elf32_x86_64 elf_l1om elf_k1om" "/usr/local/lib /lib /usr/lib" no yes shelf_nto ""
make[5]: Leaving directory '/external/binutils-2.35.1/ld'
gcc -DHAVE_CONFIG_H -I.  -I. -I. -I../bfd -I./../bfd -I./../include -I./../zlib  -g -O2 -DLOCALEDIR="\"/usr/local/share/locale\""  -W -Wall -Wstrict-prototypes -Wmissing-prototypes -Wshadow -Wstack-usage=262144 -DELF_LIST_OPTIONS=TRUE -DELF_SHLIB_LIST_OPTIONS=TRUE -DELF_PLT_UNWIND_LIST_OPTIONS=TRUE -g -O2 -MT eshelf_nto.o -MD -MP -MF .deps/eshelf_nto.Tpo -c -o eshelf_nto.o eshelf_nto.c
mv -f .deps/eshelf_nto.Tpo .deps/eshelf_nto.Po
base=`echo eshelf_uclinux.c | sed -e 's,e\(.*\).c,\1,'`; \
make run-genscripts "script_target=$base" "script_tdirname=tdir_$base"
make[5]: Entering directory '/external/binutils-2.35.1/ld'
/bin/bash ./genscripts.sh "." "/usr/local/lib" "/usr/local" "/usr/local" x86_64-pc-linux-gnu x86_64-pc-linux-gnu x86_64-pc-linux-gnu ".deps" "" "elf_x86_64 elf_i386 elf32_x86_64 elf_l1om elf_k1om" "/usr/local/lib /lib /usr/lib" no yes shelf_uclinux ""
make[5]: Leaving directory '/external/binutils-2.35.1/ld'
gcc -DHAVE_CONFIG_H -I.  -I. -I. -I../bfd -I./../bfd -I./../include -I./../zlib  -g -O2 -DLOCALEDIR="\"/usr/local/share/locale\""  -W -Wall -Wstrict-prototypes -Wmissing-prototypes -Wshadow -Wstack-usage=262144 -DELF_LIST_OPTIONS=TRUE -DELF_SHLIB_LIST_OPTIONS=TRUE -DELF_PLT_UNWIND_LIST_OPTIONS=TRUE -g -O2 -MT eshelf_uclinux.o -MD -MP -MF .deps/eshelf_uclinux.Tpo -c -o eshelf_uclinux.o eshelf_uclinux.c
mv -f .deps/eshelf_uclinux.Tpo .deps/eshelf_uclinux.Po
base=`echo eshelf_vxworks.c | sed -e 's,e\(.*\).c,\1,'`; \
make run-genscripts "script_target=$base" "script_tdirname=tdir_$base"
make[5]: Entering directory '/external/binutils-2.35.1/ld'
/bin/bash ./genscripts.sh "." "/usr/local/lib" "/usr/local" "/usr/local" x86_64-pc-linux-gnu x86_64-pc-linux-gnu x86_64-pc-linux-gnu ".deps" "" "elf_x86_64 elf_i386 elf32_x86_64 elf_l1om elf_k1om" "/usr/local/lib /lib /usr/lib" no yes shelf_vxworks ""
make[5]: Leaving directory '/external/binutils-2.35.1/ld'
gcc -DHAVE_CONFIG_H -I.  -I. -I. -I../bfd -I./../bfd -I./../include -I./../zlib  -g -O2 -DLOCALEDIR="\"/usr/local/share/locale\""  -W -Wall -Wstrict-prototypes -Wmissing-prototypes -Wshadow -Wstack-usage=262144 -DELF_LIST_OPTIONS=TRUE -DELF_SHLIB_LIST_OPTIONS=TRUE -DELF_PLT_UNWIND_LIST_OPTIONS=TRUE -g -O2 -MT eshelf_vxworks.o -MD -MP -MF .deps/eshelf_vxworks.Tpo -c -o eshelf_vxworks.o eshelf_vxworks.c
mv -f .deps/eshelf_vxworks.Tpo .deps/eshelf_vxworks.Po
base=`echo eshl.c | sed -e 's,e\(.*\).c,\1,'`; \
make run-genscripts "script_target=$base" "script_tdirname=tdir_$base"
make[5]: Entering directory '/external/binutils-2.35.1/ld'
/bin/bash ./genscripts.sh "." "/usr/local/lib" "/usr/local" "/usr/local" x86_64-pc-linux-gnu x86_64-pc-linux-gnu x86_64-pc-linux-gnu ".deps" "" "elf_x86_64 elf_i386 elf32_x86_64 elf_l1om elf_k1om" "/usr/local/lib /lib /usr/lib" no yes shl ""
make[5]: Leaving directory '/external/binutils-2.35.1/ld'
gcc -DHAVE_CONFIG_H -I.  -I. -I. -I../bfd -I./../bfd -I./../include -I./../zlib  -g -O2 -DLOCALEDIR="\"/usr/local/share/locale\""  -W -Wall -Wstrict-prototypes -Wmissing-prototypes -Wshadow -Wstack-usage=262144 -DELF_LIST_OPTIONS=TRUE -DELF_SHLIB_LIST_OPTIONS=TRUE -DELF_PLT_UNWIND_LIST_OPTIONS=TRUE -g -O2 -MT eshl.o -MD -MP -MF .deps/eshl.Tpo -c -o eshl.o eshl.c
mv -f .deps/eshl.Tpo .deps/eshl.Po
base=`echo eshlelf.c | sed -e 's,e\(.*\).c,\1,'`; \
make run-genscripts "script_target=$base" "script_tdirname=tdir_$base"
make[5]: Entering directory '/external/binutils-2.35.1/ld'
/bin/bash ./genscripts.sh "." "/usr/local/lib" "/usr/local" "/usr/local" x86_64-pc-linux-gnu x86_64-pc-linux-gnu x86_64-pc-linux-gnu ".deps" "" "elf_x86_64 elf_i386 elf32_x86_64 elf_l1om elf_k1om" "/usr/local/lib /lib /usr/lib" no yes shlelf ""
make[5]: Leaving directory '/external/binutils-2.35.1/ld'
gcc -DHAVE_CONFIG_H -I.  -I. -I. -I../bfd -I./../bfd -I./../include -I./../zlib  -g -O2 -DLOCALEDIR="\"/usr/local/share/locale\""  -W -Wall -Wstrict-prototypes -Wmissing-prototypes -Wshadow -Wstack-usage=262144 -DELF_LIST_OPTIONS=TRUE -DELF_SHLIB_LIST_OPTIONS=TRUE -DELF_PLT_UNWIND_LIST_OPTIONS=TRUE -g -O2 -MT eshlelf.o -MD -MP -MF .deps/eshlelf.Tpo -c -o eshlelf.o eshlelf.c
mv -f .deps/eshlelf.Tpo .deps/eshlelf.Po
base=`echo eshlelf_fd.c | sed -e 's,e\(.*\).c,\1,'`; \
make run-genscripts "script_target=$base" "script_tdirname=tdir_$base"
make[5]: Entering directory '/external/binutils-2.35.1/ld'
/bin/bash ./genscripts.sh "." "/usr/local/lib" "/usr/local" "/usr/local" x86_64-pc-linux-gnu x86_64-pc-linux-gnu x86_64-pc-linux-gnu ".deps" "" "elf_x86_64 elf_i386 elf32_x86_64 elf_l1om elf_k1om" "/usr/local/lib /lib /usr/lib" no yes shlelf_fd ""
make[5]: Leaving directory '/external/binutils-2.35.1/ld'
gcc -DHAVE_CONFIG_H -I.  -I. -I. -I../bfd -I./../bfd -I./../include -I./../zlib  -g -O2 -DLOCALEDIR="\"/usr/local/share/locale\""  -W -Wall -Wstrict-prototypes -Wmissing-prototypes -Wshadow -Wstack-usage=262144 -DELF_LIST_OPTIONS=TRUE -DELF_SHLIB_LIST_OPTIONS=TRUE -DELF_PLT_UNWIND_LIST_OPTIONS=TRUE -g -O2 -MT eshlelf_fd.o -MD -MP -MF .deps/eshlelf_fd.Tpo -c -o eshlelf_fd.o eshlelf_fd.c
mv -f .deps/eshlelf_fd.Tpo .deps/eshlelf_fd.Po
base=`echo eshlelf_linux.c | sed -e 's,e\(.*\).c,\1,'`; \
make run-genscripts "script_target=$base" "script_tdirname=tdir_$base"
make[5]: Entering directory '/external/binutils-2.35.1/ld'
/bin/bash ./genscripts.sh "." "/usr/local/lib" "/usr/local" "/usr/local" x86_64-pc-linux-gnu x86_64-pc-linux-gnu x86_64-pc-linux-gnu ".deps" "" "elf_x86_64 elf_i386 elf32_x86_64 elf_l1om elf_k1om" "/usr/local/lib /lib /usr/lib" no yes shlelf_linux ""
make[5]: Leaving directory '/external/binutils-2.35.1/ld'
gcc -DHAVE_CONFIG_H -I.  -I. -I. -I../bfd -I./../bfd -I./../include -I./../zlib  -g -O2 -DLOCALEDIR="\"/usr/local/share/locale\""  -W -Wall -Wstrict-prototypes -Wmissing-prototypes -Wshadow -Wstack-usage=262144 -DELF_LIST_OPTIONS=TRUE -DELF_SHLIB_LIST_OPTIONS=TRUE -DELF_PLT_UNWIND_LIST_OPTIONS=TRUE -g -O2 -MT eshlelf_linux.o -MD -MP -MF .deps/eshlelf_linux.Tpo -c -o eshlelf_linux.o eshlelf_linux.c
mv -f .deps/eshlelf_linux.Tpo .deps/eshlelf_linux.Po
base=`echo eshlelf_nbsd.c | sed -e 's,e\(.*\).c,\1,'`; \
make run-genscripts "script_target=$base" "script_tdirname=tdir_$base"
make[5]: Entering directory '/external/binutils-2.35.1/ld'
/bin/bash ./genscripts.sh "." "/usr/local/lib" "/usr/local" "/usr/local" x86_64-pc-linux-gnu x86_64-pc-linux-gnu x86_64-pc-linux-gnu ".deps" "" "elf_x86_64 elf_i386 elf32_x86_64 elf_l1om elf_k1om" "/usr/local/lib /lib /usr/lib" no yes shlelf_nbsd ""
make[5]: Leaving directory '/external/binutils-2.35.1/ld'
gcc -DHAVE_CONFIG_H -I.  -I. -I. -I../bfd -I./../bfd -I./../include -I./../zlib  -g -O2 -DLOCALEDIR="\"/usr/local/share/locale\""  -W -Wall -Wstrict-prototypes -Wmissing-prototypes -Wshadow -Wstack-usage=262144 -DELF_LIST_OPTIONS=TRUE -DELF_SHLIB_LIST_OPTIONS=TRUE -DELF_PLT_UNWIND_LIST_OPTIONS=TRUE -g -O2 -MT eshlelf_nbsd.o -MD -MP -MF .deps/eshlelf_nbsd.Tpo -c -o eshlelf_nbsd.o eshlelf_nbsd.c
mv -f .deps/eshlelf_nbsd.Tpo .deps/eshlelf_nbsd.Po
base=`echo eshlelf_nto.c | sed -e 's,e\(.*\).c,\1,'`; \
make run-genscripts "script_target=$base" "script_tdirname=tdir_$base"
make[5]: Entering directory '/external/binutils-2.35.1/ld'
/bin/bash ./genscripts.sh "." "/usr/local/lib" "/usr/local" "/usr/local" x86_64-pc-linux-gnu x86_64-pc-linux-gnu x86_64-pc-linux-gnu ".deps" "" "elf_x86_64 elf_i386 elf32_x86_64 elf_l1om elf_k1om" "/usr/local/lib /lib /usr/lib" no yes shlelf_nto ""
make[5]: Leaving directory '/external/binutils-2.35.1/ld'
gcc -DHAVE_CONFIG_H -I.  -I. -I. -I../bfd -I./../bfd -I./../include -I./../zlib  -g -O2 -DLOCALEDIR="\"/usr/local/share/locale\""  -W -Wall -Wstrict-prototypes -Wmissing-prototypes -Wshadow -Wstack-usage=262144 -DELF_LIST_OPTIONS=TRUE -DELF_SHLIB_LIST_OPTIONS=TRUE -DELF_PLT_UNWIND_LIST_OPTIONS=TRUE -g -O2 -MT eshlelf_nto.o -MD -MP -MF .deps/eshlelf_nto.Tpo -c -o eshlelf_nto.o eshlelf_nto.c
mv -f .deps/eshlelf_nto.Tpo .deps/eshlelf_nto.Po
base=`echo eshlelf_vxworks.c | sed -e 's,e\(.*\).c,\1,'`; \
make run-genscripts "script_target=$base" "script_tdirname=tdir_$base"
make[5]: Entering directory '/external/binutils-2.35.1/ld'
/bin/bash ./genscripts.sh "." "/usr/local/lib" "/usr/local" "/usr/local" x86_64-pc-linux-gnu x86_64-pc-linux-gnu x86_64-pc-linux-gnu ".deps" "" "elf_x86_64 elf_i386 elf32_x86_64 elf_l1om elf_k1om" "/usr/local/lib /lib /usr/lib" no yes shlelf_vxworks ""
make[5]: Leaving directory '/external/binutils-2.35.1/ld'
gcc -DHAVE_CONFIG_H -I.  -I. -I. -I../bfd -I./../bfd -I./../include -I./../zlib  -g -O2 -DLOCALEDIR="\"/usr/local/share/locale\""  -W -Wall -Wstrict-prototypes -Wmissing-prototypes -Wshadow -Wstack-usage=262144 -DELF_LIST_OPTIONS=TRUE -DELF_SHLIB_LIST_OPTIONS=TRUE -DELF_PLT_UNWIND_LIST_OPTIONS=TRUE -g -O2 -MT eshlelf_vxworks.o -MD -MP -MF .deps/eshlelf_vxworks.Tpo -c -o eshlelf_vxworks.o eshlelf_vxworks.c
mv -f .deps/eshlelf_vxworks.Tpo .deps/eshlelf_vxworks.Po
base=`echo eshpe.c | sed -e 's,e\(.*\).c,\1,'`; \
make run-genscripts "script_target=$base" "script_tdirname=tdir_$base"
make[5]: Entering directory '/external/binutils-2.35.1/ld'
/bin/bash ./genscripts.sh "." "/usr/local/lib" "/usr/local" "/usr/local" x86_64-pc-linux-gnu x86_64-pc-linux-gnu x86_64-pc-linux-gnu ".deps" "" "elf_x86_64 elf_i386 elf32_x86_64 elf_l1om elf_k1om" "/usr/local/lib /lib /usr/lib" no yes shpe ""
make[5]: Leaving directory '/external/binutils-2.35.1/ld'
gcc -DHAVE_CONFIG_H -I.  -I. -I. -I../bfd -I./../bfd -I./../include -I./../zlib  -g -O2 -DLOCALEDIR="\"/usr/local/share/locale\""  -W -Wall -Wstrict-prototypes -Wmissing-prototypes -Wshadow -Wstack-usage=262144 -DELF_LIST_OPTIONS=TRUE -DELF_SHLIB_LIST_OPTIONS=TRUE -DELF_PLT_UNWIND_LIST_OPTIONS=TRUE -g -O2 -MT eshpe.o -MD -MP -MF .deps/eshpe.Tpo -c -o eshpe.o eshpe.c
mv -f .deps/eshpe.Tpo .deps/eshpe.Po
base=`echo etic30coff.c | sed -e 's,e\(.*\).c,\1,'`; \
make run-genscripts "script_target=$base" "script_tdirname=tdir_$base"
make[5]: Entering directory '/external/binutils-2.35.1/ld'
/bin/bash ./genscripts.sh "." "/usr/local/lib" "/usr/local" "/usr/local" x86_64-pc-linux-gnu x86_64-pc-linux-gnu x86_64-pc-linux-gnu ".deps" "" "elf_x86_64 elf_i386 elf32_x86_64 elf_l1om elf_k1om" "/usr/local/lib /lib /usr/lib" no yes tic30coff ""
make[5]: Leaving directory '/external/binutils-2.35.1/ld'
gcc -DHAVE_CONFIG_H -I.  -I. -I. -I../bfd -I./../bfd -I./../include -I./../zlib  -g -O2 -DLOCALEDIR="\"/usr/local/share/locale\""  -W -Wall -Wstrict-prototypes -Wmissing-prototypes -Wshadow -Wstack-usage=262144 -DELF_LIST_OPTIONS=TRUE -DELF_SHLIB_LIST_OPTIONS=TRUE -DELF_PLT_UNWIND_LIST_OPTIONS=TRUE -g -O2 -MT etic30coff.o -MD -MP -MF .deps/etic30coff.Tpo -c -o etic30coff.o etic30coff.c
mv -f .deps/etic30coff.Tpo .deps/etic30coff.Po
base=`echo etic3xcoff.c | sed -e 's,e\(.*\).c,\1,'`; \
make run-genscripts "script_target=$base" "script_tdirname=tdir_$base"
make[5]: Entering directory '/external/binutils-2.35.1/ld'
/bin/bash ./genscripts.sh "." "/usr/local/lib" "/usr/local" "/usr/local" x86_64-pc-linux-gnu x86_64-pc-linux-gnu x86_64-pc-linux-gnu ".deps" "" "elf_x86_64 elf_i386 elf32_x86_64 elf_l1om elf_k1om" "/usr/local/lib /lib /usr/lib" no yes tic3xcoff ""
make[5]: Leaving directory '/external/binutils-2.35.1/ld'
gcc -DHAVE_CONFIG_H -I.  -I. -I. -I../bfd -I./../bfd -I./../include -I./../zlib  -g -O2 -DLOCALEDIR="\"/usr/local/share/locale\""  -W -Wall -Wstrict-prototypes -Wmissing-prototypes -Wshadow -Wstack-usage=262144 -DELF_LIST_OPTIONS=TRUE -DELF_SHLIB_LIST_OPTIONS=TRUE -DELF_PLT_UNWIND_LIST_OPTIONS=TRUE -g -O2 -MT etic3xcoff.o -MD -MP -MF .deps/etic3xcoff.Tpo -c -o etic3xcoff.o etic3xcoff.c
mv -f .deps/etic3xcoff.Tpo .deps/etic3xcoff.Po
base=`echo etic3xcoff_onchip.c | sed -e 's,e\(.*\).c,\1,'`; \
make run-genscripts "script_target=$base" "script_tdirname=tdir_$base"
make[5]: Entering directory '/external/binutils-2.35.1/ld'
/bin/bash ./genscripts.sh "." "/usr/local/lib" "/usr/local" "/usr/local" x86_64-pc-linux-gnu x86_64-pc-linux-gnu x86_64-pc-linux-gnu ".deps" "" "elf_x86_64 elf_i386 elf32_x86_64 elf_l1om elf_k1om" "/usr/local/lib /lib /usr/lib" no yes tic3xcoff_onchip ""
make[5]: Leaving directory '/external/binutils-2.35.1/ld'
gcc -DHAVE_CONFIG_H -I.  -I. -I. -I../bfd -I./../bfd -I./../include -I./../zlib  -g -O2 -DLOCALEDIR="\"/usr/local/share/locale\""  -W -Wall -Wstrict-prototypes -Wmissing-prototypes -Wshadow -Wstack-usage=262144 -DELF_LIST_OPTIONS=TRUE -DELF_SHLIB_LIST_OPTIONS=TRUE -DELF_PLT_UNWIND_LIST_OPTIONS=TRUE -g -O2 -MT etic3xcoff_onchip.o -MD -MP -MF .deps/etic3xcoff_onchip.Tpo -c -o etic3xcoff_onchip.o etic3xcoff_onchip.c
mv -f .deps/etic3xcoff_onchip.Tpo .deps/etic3xcoff_onchip.Po
base=`echo etic4xcoff.c | sed -e 's,e\(.*\).c,\1,'`; \
make run-genscripts "script_target=$base" "script_tdirname=tdir_$base"
make[5]: Entering directory '/external/binutils-2.35.1/ld'
/bin/bash ./genscripts.sh "." "/usr/local/lib" "/usr/local" "/usr/local" x86_64-pc-linux-gnu x86_64-pc-linux-gnu x86_64-pc-linux-gnu ".deps" "" "elf_x86_64 elf_i386 elf32_x86_64 elf_l1om elf_k1om" "/usr/local/lib /lib /usr/lib" no yes tic4xcoff ""
make[5]: Leaving directory '/external/binutils-2.35.1/ld'
gcc -DHAVE_CONFIG_H -I.  -I. -I. -I../bfd -I./../bfd -I./../include -I./../zlib  -g -O2 -DLOCALEDIR="\"/usr/local/share/locale\""  -W -Wall -Wstrict-prototypes -Wmissing-prototypes -Wshadow -Wstack-usage=262144 -DELF_LIST_OPTIONS=TRUE -DELF_SHLIB_LIST_OPTIONS=TRUE -DELF_PLT_UNWIND_LIST_OPTIONS=TRUE -g -O2 -MT etic4xcoff.o -MD -MP -MF .deps/etic4xcoff.Tpo -c -o etic4xcoff.o etic4xcoff.c
mv -f .deps/etic4xcoff.Tpo .deps/etic4xcoff.Po
base=`echo etic54xcoff.c | sed -e 's,e\(.*\).c,\1,'`; \
make run-genscripts "script_target=$base" "script_tdirname=tdir_$base"
make[5]: Entering directory '/external/binutils-2.35.1/ld'
/bin/bash ./genscripts.sh "." "/usr/local/lib" "/usr/local" "/usr/local" x86_64-pc-linux-gnu x86_64-pc-linux-gnu x86_64-pc-linux-gnu ".deps" "" "elf_x86_64 elf_i386 elf32_x86_64 elf_l1om elf_k1om" "/usr/local/lib /lib /usr/lib" no yes tic54xcoff ""
make[5]: Leaving directory '/external/binutils-2.35.1/ld'
gcc -DHAVE_CONFIG_H -I.  -I. -I. -I../bfd -I./../bfd -I./../include -I./../zlib  -g -O2 -DLOCALEDIR="\"/usr/local/share/locale\""  -W -Wall -Wstrict-prototypes -Wmissing-prototypes -Wshadow -Wstack-usage=262144 -DELF_LIST_OPTIONS=TRUE -DELF_SHLIB_LIST_OPTIONS=TRUE -DELF_PLT_UNWIND_LIST_OPTIONS=TRUE -g -O2 -MT etic54xcoff.o -MD -MP -MF .deps/etic54xcoff.Tpo -c -o etic54xcoff.o etic54xcoff.c
mv -f .deps/etic54xcoff.Tpo .deps/etic54xcoff.Po
base=`echo ev850.c | sed -e 's,e\(.*\).c,\1,'`; \
make run-genscripts "script_target=$base" "script_tdirname=tdir_$base"
make[5]: Entering directory '/external/binutils-2.35.1/ld'
/bin/bash ./genscripts.sh "." "/usr/local/lib" "/usr/local" "/usr/local" x86_64-pc-linux-gnu x86_64-pc-linux-gnu x86_64-pc-linux-gnu ".deps" "" "elf_x86_64 elf_i386 elf32_x86_64 elf_l1om elf_k1om" "/usr/local/lib /lib /usr/lib" no yes v850 ""
make[5]: Leaving directory '/external/binutils-2.35.1/ld'
gcc -DHAVE_CONFIG_H -I.  -I. -I. -I../bfd -I./../bfd -I./../include -I./../zlib  -g -O2 -DLOCALEDIR="\"/usr/local/share/locale\""  -W -Wall -Wstrict-prototypes -Wmissing-prototypes -Wshadow -Wstack-usage=262144 -DELF_LIST_OPTIONS=TRUE -DELF_SHLIB_LIST_OPTIONS=TRUE -DELF_PLT_UNWIND_LIST_OPTIONS=TRUE -g -O2 -MT ev850.o -MD -MP -MF .deps/ev850.Tpo -c -o ev850.o ev850.c
mv -f .deps/ev850.Tpo .deps/ev850.Po
base=`echo ev850_rh850.c | sed -e 's,e\(.*\).c,\1,'`; \
make run-genscripts "script_target=$base" "script_tdirname=tdir_$base"
make[5]: Entering directory '/external/binutils-2.35.1/ld'
/bin/bash ./genscripts.sh "." "/usr/local/lib" "/usr/local" "/usr/local" x86_64-pc-linux-gnu x86_64-pc-linux-gnu x86_64-pc-linux-gnu ".deps" "" "elf_x86_64 elf_i386 elf32_x86_64 elf_l1om elf_k1om" "/usr/local/lib /lib /usr/lib" no yes v850_rh850 ""
make[5]: Leaving directory '/external/binutils-2.35.1/ld'
gcc -DHAVE_CONFIG_H -I.  -I. -I. -I../bfd -I./../bfd -I./../include -I./../zlib  -g -O2 -DLOCALEDIR="\"/usr/local/share/locale\""  -W -Wall -Wstrict-prototypes -Wmissing-prototypes -Wshadow -Wstack-usage=262144 -DELF_LIST_OPTIONS=TRUE -DELF_SHLIB_LIST_OPTIONS=TRUE -DELF_PLT_UNWIND_LIST_OPTIONS=TRUE -g -O2 -MT ev850_rh850.o -MD -MP -MF .deps/ev850_rh850.Tpo -c -o ev850_rh850.o ev850_rh850.c
mv -f .deps/ev850_rh850.Tpo .deps/ev850_rh850.Po
base=`echo evanilla.c | sed -e 's,e\(.*\).c,\1,'`; \
make run-genscripts "script_target=$base" "script_tdirname=tdir_$base"
make[5]: Entering directory '/external/binutils-2.35.1/ld'
/bin/bash ./genscripts.sh "." "/usr/local/lib" "/usr/local" "/usr/local" x86_64-pc-linux-gnu x86_64-pc-linux-gnu x86_64-pc-linux-gnu ".deps" "" "elf_x86_64 elf_i386 elf32_x86_64 elf_l1om elf_k1om" "/usr/local/lib /lib /usr/lib" no yes vanilla ""
make[5]: Leaving directory '/external/binutils-2.35.1/ld'
gcc -DHAVE_CONFIG_H -I.  -I. -I. -I../bfd -I./../bfd -I./../include -I./../zlib  -g -O2 -DLOCALEDIR="\"/usr/local/share/locale\""  -W -Wall -Wstrict-prototypes -Wmissing-prototypes -Wshadow -Wstack-usage=262144 -DELF_LIST_OPTIONS=TRUE -DELF_SHLIB_LIST_OPTIONS=TRUE -DELF_PLT_UNWIND_LIST_OPTIONS=TRUE -g -O2 -MT evanilla.o -MD -MP -MF .deps/evanilla.Tpo -c -o evanilla.o evanilla.c
mv -f .deps/evanilla.Tpo .deps/evanilla.Po
base=`echo evaxnbsd.c | sed -e 's,e\(.*\).c,\1,'`; \
make run-genscripts "script_target=$base" "script_tdirname=tdir_$base"
make[5]: Entering directory '/external/binutils-2.35.1/ld'
/bin/bash ./genscripts.sh "." "/usr/local/lib" "/usr/local" "/usr/local" x86_64-pc-linux-gnu x86_64-pc-linux-gnu x86_64-pc-linux-gnu ".deps" "" "elf_x86_64 elf_i386 elf32_x86_64 elf_l1om elf_k1om" "/usr/local/lib /lib /usr/lib" no yes vaxnbsd ""
make[5]: Leaving directory '/external/binutils-2.35.1/ld'
gcc -DHAVE_CONFIG_H -I.  -I. -I. -I../bfd -I./../bfd -I./../include -I./../zlib  -g -O2 -DLOCALEDIR="\"/usr/local/share/locale\""  -W -Wall -Wstrict-prototypes -Wmissing-prototypes -Wshadow -Wstack-usage=262144 -DELF_LIST_OPTIONS=TRUE -DELF_SHLIB_LIST_OPTIONS=TRUE -DELF_PLT_UNWIND_LIST_OPTIONS=TRUE -g -O2 -MT evaxnbsd.o -MD -MP -MF .deps/evaxnbsd.Tpo -c -o evaxnbsd.o evaxnbsd.c
mv -f .deps/evaxnbsd.Tpo .deps/evaxnbsd.Po
base=`echo exgateelf.c | sed -e 's,e\(.*\).c,\1,'`; \
make run-genscripts "script_target=$base" "script_tdirname=tdir_$base"
make[5]: Entering directory '/external/binutils-2.35.1/ld'
/bin/bash ./genscripts.sh "." "/usr/local/lib" "/usr/local" "/usr/local" x86_64-pc-linux-gnu x86_64-pc-linux-gnu x86_64-pc-linux-gnu ".deps" "" "elf_x86_64 elf_i386 elf32_x86_64 elf_l1om elf_k1om" "/usr/local/lib /lib /usr/lib" no yes xgateelf ""
make[5]: Leaving directory '/external/binutils-2.35.1/ld'
gcc -DHAVE_CONFIG_H -I.  -I. -I. -I../bfd -I./../bfd -I./../include -I./../zlib  -g -O2 -DLOCALEDIR="\"/usr/local/share/locale\""  -W -Wall -Wstrict-prototypes -Wmissing-prototypes -Wshadow -Wstack-usage=262144 -DELF_LIST_OPTIONS=TRUE -DELF_SHLIB_LIST_OPTIONS=TRUE -DELF_PLT_UNWIND_LIST_OPTIONS=TRUE -g -O2 -MT exgateelf.o -MD -MP -MF .deps/exgateelf.Tpo -c -o exgateelf.o exgateelf.c
mv -f .deps/exgateelf.Tpo .deps/exgateelf.Po
base=`echo ez80.c | sed -e 's,e\(.*\).c,\1,'`; \
make run-genscripts "script_target=$base" "script_tdirname=tdir_$base"
make[5]: Entering directory '/external/binutils-2.35.1/ld'
/bin/bash ./genscripts.sh "." "/usr/local/lib" "/usr/local" "/usr/local" x86_64-pc-linux-gnu x86_64-pc-linux-gnu x86_64-pc-linux-gnu ".deps" "" "elf_x86_64 elf_i386 elf32_x86_64 elf_l1om elf_k1om" "/usr/local/lib /lib /usr/lib" no yes z80 ""
make[5]: Leaving directory '/external/binutils-2.35.1/ld'
gcc -DHAVE_CONFIG_H -I.  -I. -I. -I../bfd -I./../bfd -I./../include -I./../zlib  -g -O2 -DLOCALEDIR="\"/usr/local/share/locale\""  -W -Wall -Wstrict-prototypes -Wmissing-prototypes -Wshadow -Wstack-usage=262144 -DELF_LIST_OPTIONS=TRUE -DELF_SHLIB_LIST_OPTIONS=TRUE -DELF_PLT_UNWIND_LIST_OPTIONS=TRUE -g -O2 -MT ez80.o -MD -MP -MF .deps/ez80.Tpo -c -o ez80.o ez80.c
mv -f .deps/ez80.Tpo .deps/ez80.Po
base=`echo ez8001.c | sed -e 's,e\(.*\).c,\1,'`; \
make run-genscripts "script_target=$base" "script_tdirname=tdir_$base"
make[5]: Entering directory '/external/binutils-2.35.1/ld'
/bin/bash ./genscripts.sh "." "/usr/local/lib" "/usr/local" "/usr/local" x86_64-pc-linux-gnu x86_64-pc-linux-gnu x86_64-pc-linux-gnu ".deps" "" "elf_x86_64 elf_i386 elf32_x86_64 elf_l1om elf_k1om" "/usr/local/lib /lib /usr/lib" no yes z8001 ""
make[5]: Leaving directory '/external/binutils-2.35.1/ld'
gcc -DHAVE_CONFIG_H -I.  -I. -I. -I../bfd -I./../bfd -I./../include -I./../zlib  -g -O2 -DLOCALEDIR="\"/usr/local/share/locale\""  -W -Wall -Wstrict-prototypes -Wmissing-prototypes -Wshadow -Wstack-usage=262144 -DELF_LIST_OPTIONS=TRUE -DELF_SHLIB_LIST_OPTIONS=TRUE -DELF_PLT_UNWIND_LIST_OPTIONS=TRUE -g -O2 -MT ez8001.o -MD -MP -MF .deps/ez8001.Tpo -c -o ez8001.o ez8001.c
mv -f .deps/ez8001.Tpo .deps/ez8001.Po
base=`echo ez8002.c | sed -e 's,e\(.*\).c,\1,'`; \
make run-genscripts "script_target=$base" "script_tdirname=tdir_$base"
make[5]: Entering directory '/external/binutils-2.35.1/ld'
/bin/bash ./genscripts.sh "." "/usr/local/lib" "/usr/local" "/usr/local" x86_64-pc-linux-gnu x86_64-pc-linux-gnu x86_64-pc-linux-gnu ".deps" "" "elf_x86_64 elf_i386 elf32_x86_64 elf_l1om elf_k1om" "/usr/local/lib /lib /usr/lib" no yes z8002 ""
make[5]: Leaving directory '/external/binutils-2.35.1/ld'
gcc -DHAVE_CONFIG_H -I.  -I. -I. -I../bfd -I./../bfd -I./../include -I./../zlib  -g -O2 -DLOCALEDIR="\"/usr/local/share/locale\""  -W -Wall -Wstrict-prototypes -Wmissing-prototypes -Wshadow -Wstack-usage=262144 -DELF_LIST_OPTIONS=TRUE -DELF_SHLIB_LIST_OPTIONS=TRUE -DELF_PLT_UNWIND_LIST_OPTIONS=TRUE -g -O2 -MT ez8002.o -MD -MP -MF .deps/ez8002.Tpo -c -o ez8002.o ez8002.c
mv -f .deps/ez8002.Tpo .deps/ez8002.Po
base=`echo eaarch64elf.c | sed -e 's,e\(.*\).c,\1,'`; \
make run-genscripts "script_target=$base" "script_tdirname=tdir_$base"
make[5]: Entering directory '/external/binutils-2.35.1/ld'
/bin/bash ./genscripts.sh "." "/usr/local/lib" "/usr/local" "/usr/local" x86_64-pc-linux-gnu x86_64-pc-linux-gnu x86_64-pc-linux-gnu ".deps" "" "elf_x86_64 elf_i386 elf32_x86_64 elf_l1om elf_k1om" "/usr/local/lib /lib /usr/lib" no yes aarch64elf ""
make[5]: Leaving directory '/external/binutils-2.35.1/ld'
gcc -DHAVE_CONFIG_H -I.  -I. -I. -I../bfd -I./../bfd -I./../include -I./../zlib  -g -O2 -DLOCALEDIR="\"/usr/local/share/locale\""  -W -Wall -Wstrict-prototypes -Wmissing-prototypes -Wshadow -Wstack-usage=262144 -DELF_LIST_OPTIONS=TRUE -DELF_SHLIB_LIST_OPTIONS=TRUE -DELF_PLT_UNWIND_LIST_OPTIONS=TRUE -g -O2 -MT eaarch64elf.o -MD -MP -MF .deps/eaarch64elf.Tpo -c -o eaarch64elf.o eaarch64elf.c
mv -f .deps/eaarch64elf.Tpo .deps/eaarch64elf.Po
base=`echo eaarch64elf32.c | sed -e 's,e\(.*\).c,\1,'`; \
make run-genscripts "script_target=$base" "script_tdirname=tdir_$base"
make[5]: Entering directory '/external/binutils-2.35.1/ld'
/bin/bash ./genscripts.sh "." "/usr/local/lib" "/usr/local" "/usr/local" x86_64-pc-linux-gnu x86_64-pc-linux-gnu x86_64-pc-linux-gnu ".deps" "" "elf_x86_64 elf_i386 elf32_x86_64 elf_l1om elf_k1om" "/usr/local/lib /lib /usr/lib" no yes aarch64elf32 ""
make[5]: Leaving directory '/external/binutils-2.35.1/ld'
gcc -DHAVE_CONFIG_H -I.  -I. -I. -I../bfd -I./../bfd -I./../include -I./../zlib  -g -O2 -DLOCALEDIR="\"/usr/local/share/locale\""  -W -Wall -Wstrict-prototypes -Wmissing-prototypes -Wshadow -Wstack-usage=262144 -DELF_LIST_OPTIONS=TRUE -DELF_SHLIB_LIST_OPTIONS=TRUE -DELF_PLT_UNWIND_LIST_OPTIONS=TRUE -g -O2 -MT eaarch64elf32.o -MD -MP -MF .deps/eaarch64elf32.Tpo -c -o eaarch64elf32.o eaarch64elf32.c
mv -f .deps/eaarch64elf32.Tpo .deps/eaarch64elf32.Po
base=`echo eaarch64elfb.c | sed -e 's,e\(.*\).c,\1,'`; \
make run-genscripts "script_target=$base" "script_tdirname=tdir_$base"
make[5]: Entering directory '/external/binutils-2.35.1/ld'
/bin/bash ./genscripts.sh "." "/usr/local/lib" "/usr/local" "/usr/local" x86_64-pc-linux-gnu x86_64-pc-linux-gnu x86_64-pc-linux-gnu ".deps" "" "elf_x86_64 elf_i386 elf32_x86_64 elf_l1om elf_k1om" "/usr/local/lib /lib /usr/lib" no yes aarch64elfb ""
make[5]: Leaving directory '/external/binutils-2.35.1/ld'
gcc -DHAVE_CONFIG_H -I.  -I. -I. -I../bfd -I./../bfd -I./../include -I./../zlib  -g -O2 -DLOCALEDIR="\"/usr/local/share/locale\""  -W -Wall -Wstrict-prototypes -Wmissing-prototypes -Wshadow -Wstack-usage=262144 -DELF_LIST_OPTIONS=TRUE -DELF_SHLIB_LIST_OPTIONS=TRUE -DELF_PLT_UNWIND_LIST_OPTIONS=TRUE -g -O2 -MT eaarch64elfb.o -MD -MP -MF .deps/eaarch64elfb.Tpo -c -o eaarch64elfb.o eaarch64elfb.c
mv -f .deps/eaarch64elfb.Tpo .deps/eaarch64elfb.Po
base=`echo eaarch64elf32b.c | sed -e 's,e\(.*\).c,\1,'`; \
make run-genscripts "script_target=$base" "script_tdirname=tdir_$base"
make[5]: Entering directory '/external/binutils-2.35.1/ld'
/bin/bash ./genscripts.sh "." "/usr/local/lib" "/usr/local" "/usr/local" x86_64-pc-linux-gnu x86_64-pc-linux-gnu x86_64-pc-linux-gnu ".deps" "" "elf_x86_64 elf_i386 elf32_x86_64 elf_l1om elf_k1om" "/usr/local/lib /lib /usr/lib" no yes aarch64elf32b ""
make[5]: Leaving directory '/external/binutils-2.35.1/ld'
gcc -DHAVE_CONFIG_H -I.  -I. -I. -I../bfd -I./../bfd -I./../include -I./../zlib  -g -O2 -DLOCALEDIR="\"/usr/local/share/locale\""  -W -Wall -Wstrict-prototypes -Wmissing-prototypes -Wshadow -Wstack-usage=262144 -DELF_LIST_OPTIONS=TRUE -DELF_SHLIB_LIST_OPTIONS=TRUE -DELF_PLT_UNWIND_LIST_OPTIONS=TRUE -g -O2 -MT eaarch64elf32b.o -MD -MP -MF .deps/eaarch64elf32b.Tpo -c -o eaarch64elf32b.o eaarch64elf32b.c
mv -f .deps/eaarch64elf32b.Tpo .deps/eaarch64elf32b.Po
base=`echo eaarch64cloudabi.c | sed -e 's,e\(.*\).c,\1,'`; \
make run-genscripts "script_target=$base" "script_tdirname=tdir_$base"
make[5]: Entering directory '/external/binutils-2.35.1/ld'
/bin/bash ./genscripts.sh "." "/usr/local/lib" "/usr/local" "/usr/local" x86_64-pc-linux-gnu x86_64-pc-linux-gnu x86_64-pc-linux-gnu ".deps" "" "elf_x86_64 elf_i386 elf32_x86_64 elf_l1om elf_k1om" "/usr/local/lib /lib /usr/lib" no yes aarch64cloudabi ""
make[5]: Leaving directory '/external/binutils-2.35.1/ld'
gcc -DHAVE_CONFIG_H -I.  -I. -I. -I../bfd -I./../bfd -I./../include -I./../zlib  -g -O2 -DLOCALEDIR="\"/usr/local/share/locale\""  -W -Wall -Wstrict-prototypes -Wmissing-prototypes -Wshadow -Wstack-usage=262144 -DELF_LIST_OPTIONS=TRUE -DELF_SHLIB_LIST_OPTIONS=TRUE -DELF_PLT_UNWIND_LIST_OPTIONS=TRUE -g -O2 -MT eaarch64cloudabi.o -MD -MP -MF .deps/eaarch64cloudabi.Tpo -c -o eaarch64cloudabi.o eaarch64cloudabi.c
mv -f .deps/eaarch64cloudabi.Tpo .deps/eaarch64cloudabi.Po
base=`echo eaarch64cloudabib.c | sed -e 's,e\(.*\).c,\1,'`; \
make run-genscripts "script_target=$base" "script_tdirname=tdir_$base"
make[5]: Entering directory '/external/binutils-2.35.1/ld'
/bin/bash ./genscripts.sh "." "/usr/local/lib" "/usr/local" "/usr/local" x86_64-pc-linux-gnu x86_64-pc-linux-gnu x86_64-pc-linux-gnu ".deps" "" "elf_x86_64 elf_i386 elf32_x86_64 elf_l1om elf_k1om" "/usr/local/lib /lib /usr/lib" no yes aarch64cloudabib ""
make[5]: Leaving directory '/external/binutils-2.35.1/ld'
gcc -DHAVE_CONFIG_H -I.  -I. -I. -I../bfd -I./../bfd -I./../include -I./../zlib  -g -O2 -DLOCALEDIR="\"/usr/local/share/locale\""  -W -Wall -Wstrict-prototypes -Wmissing-prototypes -Wshadow -Wstack-usage=262144 -DELF_LIST_OPTIONS=TRUE -DELF_SHLIB_LIST_OPTIONS=TRUE -DELF_PLT_UNWIND_LIST_OPTIONS=TRUE -g -O2 -MT eaarch64cloudabib.o -MD -MP -MF .deps/eaarch64cloudabib.Tpo -c -o eaarch64cloudabib.o eaarch64cloudabib.c
mv -f .deps/eaarch64cloudabib.Tpo .deps/eaarch64cloudabib.Po
base=`echo eaarch64fbsd.c | sed -e 's,e\(.*\).c,\1,'`; \
make run-genscripts "script_target=$base" "script_tdirname=tdir_$base"
make[5]: Entering directory '/external/binutils-2.35.1/ld'
/bin/bash ./genscripts.sh "." "/usr/local/lib" "/usr/local" "/usr/local" x86_64-pc-linux-gnu x86_64-pc-linux-gnu x86_64-pc-linux-gnu ".deps" "" "elf_x86_64 elf_i386 elf32_x86_64 elf_l1om elf_k1om" "/usr/local/lib /lib /usr/lib" no yes aarch64fbsd ""
make[5]: Leaving directory '/external/binutils-2.35.1/ld'
gcc -DHAVE_CONFIG_H -I.  -I. -I. -I../bfd -I./../bfd -I./../include -I./../zlib  -g -O2 -DLOCALEDIR="\"/usr/local/share/locale\""  -W -Wall -Wstrict-prototypes -Wmissing-prototypes -Wshadow -Wstack-usage=262144 -DELF_LIST_OPTIONS=TRUE -DELF_SHLIB_LIST_OPTIONS=TRUE -DELF_PLT_UNWIND_LIST_OPTIONS=TRUE -g -O2 -MT eaarch64fbsd.o -MD -MP -MF .deps/eaarch64fbsd.Tpo -c -o eaarch64fbsd.o eaarch64fbsd.c
mv -f .deps/eaarch64fbsd.Tpo .deps/eaarch64fbsd.Po
base=`echo eaarch64fbsdb.c | sed -e 's,e\(.*\).c,\1,'`; \
make run-genscripts "script_target=$base" "script_tdirname=tdir_$base"
make[5]: Entering directory '/external/binutils-2.35.1/ld'
/bin/bash ./genscripts.sh "." "/usr/local/lib" "/usr/local" "/usr/local" x86_64-pc-linux-gnu x86_64-pc-linux-gnu x86_64-pc-linux-gnu ".deps" "" "elf_x86_64 elf_i386 elf32_x86_64 elf_l1om elf_k1om" "/usr/local/lib /lib /usr/lib" no yes aarch64fbsdb ""
make[5]: Leaving directory '/external/binutils-2.35.1/ld'
gcc -DHAVE_CONFIG_H -I.  -I. -I. -I../bfd -I./../bfd -I./../include -I./../zlib  -g -O2 -DLOCALEDIR="\"/usr/local/share/locale\""  -W -Wall -Wstrict-prototypes -Wmissing-prototypes -Wshadow -Wstack-usage=262144 -DELF_LIST_OPTIONS=TRUE -DELF_SHLIB_LIST_OPTIONS=TRUE -DELF_PLT_UNWIND_LIST_OPTIONS=TRUE -g -O2 -MT eaarch64fbsdb.o -MD -MP -MF .deps/eaarch64fbsdb.Tpo -c -o eaarch64fbsdb.o eaarch64fbsdb.c
mv -f .deps/eaarch64fbsdb.Tpo .deps/eaarch64fbsdb.Po
base=`echo eaarch64linux.c | sed -e 's,e\(.*\).c,\1,'`; \
make run-genscripts "script_target=$base" "script_tdirname=tdir_$base"
make[5]: Entering directory '/external/binutils-2.35.1/ld'
/bin/bash ./genscripts.sh "." "/usr/local/lib" "/usr/local" "/usr/local" x86_64-pc-linux-gnu x86_64-pc-linux-gnu x86_64-pc-linux-gnu ".deps" "" "elf_x86_64 elf_i386 elf32_x86_64 elf_l1om elf_k1om" "/usr/local/lib /lib /usr/lib" no yes aarch64linux ""
make[5]: Leaving directory '/external/binutils-2.35.1/ld'
gcc -DHAVE_CONFIG_H -I.  -I. -I. -I../bfd -I./../bfd -I./../include -I./../zlib  -g -O2 -DLOCALEDIR="\"/usr/local/share/locale\""  -W -Wall -Wstrict-prototypes -Wmissing-prototypes -Wshadow -Wstack-usage=262144 -DELF_LIST_OPTIONS=TRUE -DELF_SHLIB_LIST_OPTIONS=TRUE -DELF_PLT_UNWIND_LIST_OPTIONS=TRUE -g -O2 -MT eaarch64linux.o -MD -MP -MF .deps/eaarch64linux.Tpo -c -o eaarch64linux.o eaarch64linux.c
mv -f .deps/eaarch64linux.Tpo .deps/eaarch64linux.Po
base=`echo eaarch64linuxb.c | sed -e 's,e\(.*\).c,\1,'`; \
make run-genscripts "script_target=$base" "script_tdirname=tdir_$base"
make[5]: Entering directory '/external/binutils-2.35.1/ld'
/bin/bash ./genscripts.sh "." "/usr/local/lib" "/usr/local" "/usr/local" x86_64-pc-linux-gnu x86_64-pc-linux-gnu x86_64-pc-linux-gnu ".deps" "" "elf_x86_64 elf_i386 elf32_x86_64 elf_l1om elf_k1om" "/usr/local/lib /lib /usr/lib" no yes aarch64linuxb ""
make[5]: Leaving directory '/external/binutils-2.35.1/ld'
gcc -DHAVE_CONFIG_H -I.  -I. -I. -I../bfd -I./../bfd -I./../include -I./../zlib  -g -O2 -DLOCALEDIR="\"/usr/local/share/locale\""  -W -Wall -Wstrict-prototypes -Wmissing-prototypes -Wshadow -Wstack-usage=262144 -DELF_LIST_OPTIONS=TRUE -DELF_SHLIB_LIST_OPTIONS=TRUE -DELF_PLT_UNWIND_LIST_OPTIONS=TRUE -g -O2 -MT eaarch64linuxb.o -MD -MP -MF .deps/eaarch64linuxb.Tpo -c -o eaarch64linuxb.o eaarch64linuxb.c
mv -f .deps/eaarch64linuxb.Tpo .deps/eaarch64linuxb.Po
base=`echo eaarch64linux32.c | sed -e 's,e\(.*\).c,\1,'`; \
make run-genscripts "script_target=$base" "script_tdirname=tdir_$base"
make[5]: Entering directory '/external/binutils-2.35.1/ld'
/bin/bash ./genscripts.sh "." "/usr/local/lib" "/usr/local" "/usr/local" x86_64-pc-linux-gnu x86_64-pc-linux-gnu x86_64-pc-linux-gnu ".deps" "" "elf_x86_64 elf_i386 elf32_x86_64 elf_l1om elf_k1om" "/usr/local/lib /lib /usr/lib" no yes aarch64linux32 ""
make[5]: Leaving directory '/external/binutils-2.35.1/ld'
gcc -DHAVE_CONFIG_H -I.  -I. -I. -I../bfd -I./../bfd -I./../include -I./../zlib  -g -O2 -DLOCALEDIR="\"/usr/local/share/locale\""  -W -Wall -Wstrict-prototypes -Wmissing-prototypes -Wshadow -Wstack-usage=262144 -DELF_LIST_OPTIONS=TRUE -DELF_SHLIB_LIST_OPTIONS=TRUE -DELF_PLT_UNWIND_LIST_OPTIONS=TRUE -g -O2 -MT eaarch64linux32.o -MD -MP -MF .deps/eaarch64linux32.Tpo -c -o eaarch64linux32.o eaarch64linux32.c
mv -f .deps/eaarch64linux32.Tpo .deps/eaarch64linux32.Po
base=`echo eaarch64linux32b.c | sed -e 's,e\(.*\).c,\1,'`; \
make run-genscripts "script_target=$base" "script_tdirname=tdir_$base"
make[5]: Entering directory '/external/binutils-2.35.1/ld'
/bin/bash ./genscripts.sh "." "/usr/local/lib" "/usr/local" "/usr/local" x86_64-pc-linux-gnu x86_64-pc-linux-gnu x86_64-pc-linux-gnu ".deps" "" "elf_x86_64 elf_i386 elf32_x86_64 elf_l1om elf_k1om" "/usr/local/lib /lib /usr/lib" no yes aarch64linux32b ""
make[5]: Leaving directory '/external/binutils-2.35.1/ld'
gcc -DHAVE_CONFIG_H -I.  -I. -I. -I../bfd -I./../bfd -I./../include -I./../zlib  -g -O2 -DLOCALEDIR="\"/usr/local/share/locale\""  -W -Wall -Wstrict-prototypes -Wmissing-prototypes -Wshadow -Wstack-usage=262144 -DELF_LIST_OPTIONS=TRUE -DELF_SHLIB_LIST_OPTIONS=TRUE -DELF_PLT_UNWIND_LIST_OPTIONS=TRUE -g -O2 -MT eaarch64linux32b.o -MD -MP -MF .deps/eaarch64linux32b.Tpo -c -o eaarch64linux32b.o eaarch64linux32b.c
mv -f .deps/eaarch64linux32b.Tpo .deps/eaarch64linux32b.Po
base=`echo eelf32_x86_64.c | sed -e 's,e\(.*\).c,\1,'`; \
make run-genscripts "script_target=$base" "script_tdirname=tdir_$base"
make[5]: Entering directory '/external/binutils-2.35.1/ld'
/bin/bash ./genscripts.sh "." "/usr/local/lib" "/usr/local" "/usr/local" x86_64-pc-linux-gnu x86_64-pc-linux-gnu x86_64-pc-linux-gnu ".deps" "" "elf_x86_64 elf_i386 elf32_x86_64 elf_l1om elf_k1om" "/usr/local/lib /lib /usr/lib" no yes elf32_x86_64 "x86_64-pc-linux-gnu"
make[5]: Leaving directory '/external/binutils-2.35.1/ld'
gcc -DHAVE_CONFIG_H -I.  -I. -I. -I../bfd -I./../bfd -I./../include -I./../zlib  -g -O2 -DLOCALEDIR="\"/usr/local/share/locale\""  -W -Wall -Wstrict-prototypes -Wmissing-prototypes -Wshadow -Wstack-usage=262144 -DELF_LIST_OPTIONS=TRUE -DELF_SHLIB_LIST_OPTIONS=TRUE -DELF_PLT_UNWIND_LIST_OPTIONS=TRUE -g -O2 -MT eelf32_x86_64.o -MD -MP -MF .deps/eelf32_x86_64.Tpo -c -o eelf32_x86_64.o eelf32_x86_64.c
mv -f .deps/eelf32_x86_64.Tpo .deps/eelf32_x86_64.Po
base=`echo eelf32b4300.c | sed -e 's,e\(.*\).c,\1,'`; \
make run-genscripts "script_target=$base" "script_tdirname=tdir_$base"
make[5]: Entering directory '/external/binutils-2.35.1/ld'
/bin/bash ./genscripts.sh "." "/usr/local/lib" "/usr/local" "/usr/local" x86_64-pc-linux-gnu x86_64-pc-linux-gnu x86_64-pc-linux-gnu ".deps" "" "elf_x86_64 elf_i386 elf32_x86_64 elf_l1om elf_k1om" "/usr/local/lib /lib /usr/lib" no yes elf32b4300 ""
make[5]: Leaving directory '/external/binutils-2.35.1/ld'
gcc -DHAVE_CONFIG_H -I.  -I. -I. -I../bfd -I./../bfd -I./../include -I./../zlib  -g -O2 -DLOCALEDIR="\"/usr/local/share/locale\""  -W -Wall -Wstrict-prototypes -Wmissing-prototypes -Wshadow -Wstack-usage=262144 -DELF_LIST_OPTIONS=TRUE -DELF_SHLIB_LIST_OPTIONS=TRUE -DELF_PLT_UNWIND_LIST_OPTIONS=TRUE -g -O2 -MT eelf32b4300.o -MD -MP -MF .deps/eelf32b4300.Tpo -c -o eelf32b4300.o eelf32b4300.c
mv -f .deps/eelf32b4300.Tpo .deps/eelf32b4300.Po
base=`echo eelf32bmip.c | sed -e 's,e\(.*\).c,\1,'`; \
make run-genscripts "script_target=$base" "script_tdirname=tdir_$base"
make[5]: Entering directory '/external/binutils-2.35.1/ld'
/bin/bash ./genscripts.sh "." "/usr/local/lib" "/usr/local" "/usr/local" x86_64-pc-linux-gnu x86_64-pc-linux-gnu x86_64-pc-linux-gnu ".deps" "" "elf_x86_64 elf_i386 elf32_x86_64 elf_l1om elf_k1om" "/usr/local/lib /lib /usr/lib" no yes elf32bmip ""
make[5]: Leaving directory '/external/binutils-2.35.1/ld'
gcc -DHAVE_CONFIG_H -I.  -I. -I. -I../bfd -I./../bfd -I./../include -I./../zlib  -g -O2 -DLOCALEDIR="\"/usr/local/share/locale\""  -W -Wall -Wstrict-prototypes -Wmissing-prototypes -Wshadow -Wstack-usage=262144 -DELF_LIST_OPTIONS=TRUE -DELF_SHLIB_LIST_OPTIONS=TRUE -DELF_PLT_UNWIND_LIST_OPTIONS=TRUE -g -O2 -MT eelf32bmip.o -MD -MP -MF .deps/eelf32bmip.Tpo -c -o eelf32bmip.o eelf32bmip.c
mv -f .deps/eelf32bmip.Tpo .deps/eelf32bmip.Po
base=`echo eelf32bmipn32.c | sed -e 's,e\(.*\).c,\1,'`; \
make run-genscripts "script_target=$base" "script_tdirname=tdir_$base"
make[5]: Entering directory '/external/binutils-2.35.1/ld'
/bin/bash ./genscripts.sh "." "/usr/local/lib" "/usr/local" "/usr/local" x86_64-pc-linux-gnu x86_64-pc-linux-gnu x86_64-pc-linux-gnu ".deps" "" "elf_x86_64 elf_i386 elf32_x86_64 elf_l1om elf_k1om" "/usr/local/lib /lib /usr/lib" no yes elf32bmipn32 ""
make[5]: Leaving directory '/external/binutils-2.35.1/ld'
gcc -DHAVE_CONFIG_H -I.  -I. -I. -I../bfd -I./../bfd -I./../include -I./../zlib  -g -O2 -DLOCALEDIR="\"/usr/local/share/locale\""  -W -Wall -Wstrict-prototypes -Wmissing-prototypes -Wshadow -Wstack-usage=262144 -DELF_LIST_OPTIONS=TRUE -DELF_SHLIB_LIST_OPTIONS=TRUE -DELF_PLT_UNWIND_LIST_OPTIONS=TRUE -g -O2 -MT eelf32bmipn32.o -MD -MP -MF .deps/eelf32bmipn32.Tpo -c -o eelf32bmipn32.o eelf32bmipn32.c
mv -f .deps/eelf32bmipn32.Tpo .deps/eelf32bmipn32.Po
base=`echo eelf32bsmip.c | sed -e 's,e\(.*\).c,\1,'`; \
make run-genscripts "script_target=$base" "script_tdirname=tdir_$base"
make[5]: Entering directory '/external/binutils-2.35.1/ld'
/bin/bash ./genscripts.sh "." "/usr/local/lib" "/usr/local" "/usr/local" x86_64-pc-linux-gnu x86_64-pc-linux-gnu x86_64-pc-linux-gnu ".deps" "" "elf_x86_64 elf_i386 elf32_x86_64 elf_l1om elf_k1om" "/usr/local/lib /lib /usr/lib" no yes elf32bsmip ""
make[5]: Leaving directory '/external/binutils-2.35.1/ld'
gcc -DHAVE_CONFIG_H -I.  -I. -I. -I../bfd -I./../bfd -I./../include -I./../zlib  -g -O2 -DLOCALEDIR="\"/usr/local/share/locale\""  -W -Wall -Wstrict-prototypes -Wmissing-prototypes -Wshadow -Wstack-usage=262144 -DELF_LIST_OPTIONS=TRUE -DELF_SHLIB_LIST_OPTIONS=TRUE -DELF_PLT_UNWIND_LIST_OPTIONS=TRUE -g -O2 -MT eelf32bsmip.o -MD -MP -MF .deps/eelf32bsmip.Tpo -c -o eelf32bsmip.o eelf32bsmip.c
mv -f .deps/eelf32bsmip.Tpo .deps/eelf32bsmip.Po
base=`echo eelf32btsmip.c | sed -e 's,e\(.*\).c,\1,'`; \
make run-genscripts "script_target=$base" "script_tdirname=tdir_$base"
make[5]: Entering directory '/external/binutils-2.35.1/ld'
/bin/bash ./genscripts.sh "." "/usr/local/lib" "/usr/local" "/usr/local" x86_64-pc-linux-gnu x86_64-pc-linux-gnu x86_64-pc-linux-gnu ".deps" "" "elf_x86_64 elf_i386 elf32_x86_64 elf_l1om elf_k1om" "/usr/local/lib /lib /usr/lib" no yes elf32btsmip ""
make[5]: Leaving directory '/external/binutils-2.35.1/ld'
gcc -DHAVE_CONFIG_H -I.  -I. -I. -I../bfd -I./../bfd -I./../include -I./../zlib  -g -O2 -DLOCALEDIR="\"/usr/local/share/locale\""  -W -Wall -Wstrict-prototypes -Wmissing-prototypes -Wshadow -Wstack-usage=262144 -DELF_LIST_OPTIONS=TRUE -DELF_SHLIB_LIST_OPTIONS=TRUE -DELF_PLT_UNWIND_LIST_OPTIONS=TRUE -g -O2 -MT eelf32btsmip.o -MD -MP -MF .deps/eelf32btsmip.Tpo -c -o eelf32btsmip.o eelf32btsmip.c
mv -f .deps/eelf32btsmip.Tpo .deps/eelf32btsmip.Po
base=`echo eelf32btsmip_fbsd.c | sed -e 's,e\(.*\).c,\1,'`; \
make run-genscripts "script_target=$base" "script_tdirname=tdir_$base"
make[5]: Entering directory '/external/binutils-2.35.1/ld'
/bin/bash ./genscripts.sh "." "/usr/local/lib" "/usr/local" "/usr/local" x86_64-pc-linux-gnu x86_64-pc-linux-gnu x86_64-pc-linux-gnu ".deps" "" "elf_x86_64 elf_i386 elf32_x86_64 elf_l1om elf_k1om" "/usr/local/lib /lib /usr/lib" no yes elf32btsmip_fbsd ""
make[5]: Leaving directory '/external/binutils-2.35.1/ld'
gcc -DHAVE_CONFIG_H -I.  -I. -I. -I../bfd -I./../bfd -I./../include -I./../zlib  -g -O2 -DLOCALEDIR="\"/usr/local/share/locale\""  -W -Wall -Wstrict-prototypes -Wmissing-prototypes -Wshadow -Wstack-usage=262144 -DELF_LIST_OPTIONS=TRUE -DELF_SHLIB_LIST_OPTIONS=TRUE -DELF_PLT_UNWIND_LIST_OPTIONS=TRUE -g -O2 -MT eelf32btsmip_fbsd.o -MD -MP -MF .deps/eelf32btsmip_fbsd.Tpo -c -o eelf32btsmip_fbsd.o eelf32btsmip_fbsd.c
mv -f .deps/eelf32btsmip_fbsd.Tpo .deps/eelf32btsmip_fbsd.Po
base=`echo eelf32btsmipn32.c | sed -e 's,e\(.*\).c,\1,'`; \
make run-genscripts "script_target=$base" "script_tdirname=tdir_$base"
make[5]: Entering directory '/external/binutils-2.35.1/ld'
/bin/bash ./genscripts.sh "." "/usr/local/lib" "/usr/local" "/usr/local" x86_64-pc-linux-gnu x86_64-pc-linux-gnu x86_64-pc-linux-gnu ".deps" "" "elf_x86_64 elf_i386 elf32_x86_64 elf_l1om elf_k1om" "/usr/local/lib /lib /usr/lib" no yes elf32btsmipn32 ""
make[5]: Leaving directory '/external/binutils-2.35.1/ld'
gcc -DHAVE_CONFIG_H -I.  -I. -I. -I../bfd -I./../bfd -I./../include -I./../zlib  -g -O2 -DLOCALEDIR="\"/usr/local/share/locale\""  -W -Wall -Wstrict-prototypes -Wmissing-prototypes -Wshadow -Wstack-usage=262144 -DELF_LIST_OPTIONS=TRUE -DELF_SHLIB_LIST_OPTIONS=TRUE -DELF_PLT_UNWIND_LIST_OPTIONS=TRUE -g -O2 -MT eelf32btsmipn32.o -MD -MP -MF .deps/eelf32btsmipn32.Tpo -c -o eelf32btsmipn32.o eelf32btsmipn32.c
mv -f .deps/eelf32btsmipn32.Tpo .deps/eelf32btsmipn32.Po
base=`echo eelf32btsmipn32_fbsd.c | sed -e 's,e\(.*\).c,\1,'`; \
make run-genscripts "script_target=$base" "script_tdirname=tdir_$base"
make[5]: Entering directory '/external/binutils-2.35.1/ld'
/bin/bash ./genscripts.sh "." "/usr/local/lib" "/usr/local" "/usr/local" x86_64-pc-linux-gnu x86_64-pc-linux-gnu x86_64-pc-linux-gnu ".deps" "" "elf_x86_64 elf_i386 elf32_x86_64 elf_l1om elf_k1om" "/usr/local/lib /lib /usr/lib" no yes elf32btsmipn32_fbsd ""
make[5]: Leaving directory '/external/binutils-2.35.1/ld'
gcc -DHAVE_CONFIG_H -I.  -I. -I. -I../bfd -I./../bfd -I./../include -I./../zlib  -g -O2 -DLOCALEDIR="\"/usr/local/share/locale\""  -W -Wall -Wstrict-prototypes -Wmissing-prototypes -Wshadow -Wstack-usage=262144 -DELF_LIST_OPTIONS=TRUE -DELF_SHLIB_LIST_OPTIONS=TRUE -DELF_PLT_UNWIND_LIST_OPTIONS=TRUE -g -O2 -MT eelf32btsmipn32_fbsd.o -MD -MP -MF .deps/eelf32btsmipn32_fbsd.Tpo -c -o eelf32btsmipn32_fbsd.o eelf32btsmipn32_fbsd.c
mv -f .deps/eelf32btsmipn32_fbsd.Tpo .deps/eelf32btsmipn32_fbsd.Po
base=`echo eelf32ebmip.c | sed -e 's,e\(.*\).c,\1,'`; \
make run-genscripts "script_target=$base" "script_tdirname=tdir_$base"
make[5]: Entering directory '/external/binutils-2.35.1/ld'
/bin/bash ./genscripts.sh "." "/usr/local/lib" "/usr/local" "/usr/local" x86_64-pc-linux-gnu x86_64-pc-linux-gnu x86_64-pc-linux-gnu ".deps" "" "elf_x86_64 elf_i386 elf32_x86_64 elf_l1om elf_k1om" "/usr/local/lib /lib /usr/lib" no yes elf32ebmip ""
make[5]: Leaving directory '/external/binutils-2.35.1/ld'
gcc -DHAVE_CONFIG_H -I.  -I. -I. -I../bfd -I./../bfd -I./../include -I./../zlib  -g -O2 -DLOCALEDIR="\"/usr/local/share/locale\""  -W -Wall -Wstrict-prototypes -Wmissing-prototypes -Wshadow -Wstack-usage=262144 -DELF_LIST_OPTIONS=TRUE -DELF_SHLIB_LIST_OPTIONS=TRUE -DELF_PLT_UNWIND_LIST_OPTIONS=TRUE -g -O2 -MT eelf32ebmip.o -MD -MP -MF .deps/eelf32ebmip.Tpo -c -o eelf32ebmip.o eelf32ebmip.c
mv -f .deps/eelf32ebmip.Tpo .deps/eelf32ebmip.Po
base=`echo eelf32ebmipvxworks.c | sed -e 's,e\(.*\).c,\1,'`; \
make run-genscripts "script_target=$base" "script_tdirname=tdir_$base"
make[5]: Entering directory '/external/binutils-2.35.1/ld'
/bin/bash ./genscripts.sh "." "/usr/local/lib" "/usr/local" "/usr/local" x86_64-pc-linux-gnu x86_64-pc-linux-gnu x86_64-pc-linux-gnu ".deps" "" "elf_x86_64 elf_i386 elf32_x86_64 elf_l1om elf_k1om" "/usr/local/lib /lib /usr/lib" no yes elf32ebmipvxworks ""
make[5]: Leaving directory '/external/binutils-2.35.1/ld'
gcc -DHAVE_CONFIG_H -I.  -I. -I. -I../bfd -I./../bfd -I./../include -I./../zlib  -g -O2 -DLOCALEDIR="\"/usr/local/share/locale\""  -W -Wall -Wstrict-prototypes -Wmissing-prototypes -Wshadow -Wstack-usage=262144 -DELF_LIST_OPTIONS=TRUE -DELF_SHLIB_LIST_OPTIONS=TRUE -DELF_PLT_UNWIND_LIST_OPTIONS=TRUE -g -O2 -MT eelf32ebmipvxworks.o -MD -MP -MF .deps/eelf32ebmipvxworks.Tpo -c -o eelf32ebmipvxworks.o eelf32ebmipvxworks.c
mv -f .deps/eelf32ebmipvxworks.Tpo .deps/eelf32ebmipvxworks.Po
base=`echo eelf32elmip.c | sed -e 's,e\(.*\).c,\1,'`; \
make run-genscripts "script_target=$base" "script_tdirname=tdir_$base"
make[5]: Entering directory '/external/binutils-2.35.1/ld'
/bin/bash ./genscripts.sh "." "/usr/local/lib" "/usr/local" "/usr/local" x86_64-pc-linux-gnu x86_64-pc-linux-gnu x86_64-pc-linux-gnu ".deps" "" "elf_x86_64 elf_i386 elf32_x86_64 elf_l1om elf_k1om" "/usr/local/lib /lib /usr/lib" no yes elf32elmip ""
make[5]: Leaving directory '/external/binutils-2.35.1/ld'
gcc -DHAVE_CONFIG_H -I.  -I. -I. -I../bfd -I./../bfd -I./../include -I./../zlib  -g -O2 -DLOCALEDIR="\"/usr/local/share/locale\""  -W -Wall -Wstrict-prototypes -Wmissing-prototypes -Wshadow -Wstack-usage=262144 -DELF_LIST_OPTIONS=TRUE -DELF_SHLIB_LIST_OPTIONS=TRUE -DELF_PLT_UNWIND_LIST_OPTIONS=TRUE -g -O2 -MT eelf32elmip.o -MD -MP -MF .deps/eelf32elmip.Tpo -c -o eelf32elmip.o eelf32elmip.c
mv -f .deps/eelf32elmip.Tpo .deps/eelf32elmip.Po
base=`echo eelf32elmipvxworks.c | sed -e 's,e\(.*\).c,\1,'`; \
make run-genscripts "script_target=$base" "script_tdirname=tdir_$base"
make[5]: Entering directory '/external/binutils-2.35.1/ld'
/bin/bash ./genscripts.sh "." "/usr/local/lib" "/usr/local" "/usr/local" x86_64-pc-linux-gnu x86_64-pc-linux-gnu x86_64-pc-linux-gnu ".deps" "" "elf_x86_64 elf_i386 elf32_x86_64 elf_l1om elf_k1om" "/usr/local/lib /lib /usr/lib" no yes elf32elmipvxworks ""
make[5]: Leaving directory '/external/binutils-2.35.1/ld'
gcc -DHAVE_CONFIG_H -I.  -I. -I. -I../bfd -I./../bfd -I./../include -I./../zlib  -g -O2 -DLOCALEDIR="\"/usr/local/share/locale\""  -W -Wall -Wstrict-prototypes -Wmissing-prototypes -Wshadow -Wstack-usage=262144 -DELF_LIST_OPTIONS=TRUE -DELF_SHLIB_LIST_OPTIONS=TRUE -DELF_PLT_UNWIND_LIST_OPTIONS=TRUE -g -O2 -MT eelf32elmipvxworks.o -MD -MP -MF .deps/eelf32elmipvxworks.Tpo -c -o eelf32elmipvxworks.o eelf32elmipvxworks.c
mv -f .deps/eelf32elmipvxworks.Tpo .deps/eelf32elmipvxworks.Po
base=`echo eelf32l4300.c | sed -e 's,e\(.*\).c,\1,'`; \
make run-genscripts "script_target=$base" "script_tdirname=tdir_$base"
make[5]: Entering directory '/external/binutils-2.35.1/ld'
/bin/bash ./genscripts.sh "." "/usr/local/lib" "/usr/local" "/usr/local" x86_64-pc-linux-gnu x86_64-pc-linux-gnu x86_64-pc-linux-gnu ".deps" "" "elf_x86_64 elf_i386 elf32_x86_64 elf_l1om elf_k1om" "/usr/local/lib /lib /usr/lib" no yes elf32l4300 ""
make[5]: Leaving directory '/external/binutils-2.35.1/ld'
gcc -DHAVE_CONFIG_H -I.  -I. -I. -I../bfd -I./../bfd -I./../include -I./../zlib  -g -O2 -DLOCALEDIR="\"/usr/local/share/locale\""  -W -Wall -Wstrict-prototypes -Wmissing-prototypes -Wshadow -Wstack-usage=262144 -DELF_LIST_OPTIONS=TRUE -DELF_SHLIB_LIST_OPTIONS=TRUE -DELF_PLT_UNWIND_LIST_OPTIONS=TRUE -g -O2 -MT eelf32l4300.o -MD -MP -MF .deps/eelf32l4300.Tpo -c -o eelf32l4300.o eelf32l4300.c
mv -f .deps/eelf32l4300.Tpo .deps/eelf32l4300.Po
base=`echo eelf32lmip.c | sed -e 's,e\(.*\).c,\1,'`; \
make run-genscripts "script_target=$base" "script_tdirname=tdir_$base"
make[5]: Entering directory '/external/binutils-2.35.1/ld'
/bin/bash ./genscripts.sh "." "/usr/local/lib" "/usr/local" "/usr/local" x86_64-pc-linux-gnu x86_64-pc-linux-gnu x86_64-pc-linux-gnu ".deps" "" "elf_x86_64 elf_i386 elf32_x86_64 elf_l1om elf_k1om" "/usr/local/lib /lib /usr/lib" no yes elf32lmip ""
make[5]: Leaving directory '/external/binutils-2.35.1/ld'
gcc -DHAVE_CONFIG_H -I.  -I. -I. -I../bfd -I./../bfd -I./../include -I./../zlib  -g -O2 -DLOCALEDIR="\"/usr/local/share/locale\""  -W -Wall -Wstrict-prototypes -Wmissing-prototypes -Wshadow -Wstack-usage=262144 -DELF_LIST_OPTIONS=TRUE -DELF_SHLIB_LIST_OPTIONS=TRUE -DELF_PLT_UNWIND_LIST_OPTIONS=TRUE -g -O2 -MT eelf32lmip.o -MD -MP -MF .deps/eelf32lmip.Tpo -c -o eelf32lmip.o eelf32lmip.c
mv -f .deps/eelf32lmip.Tpo .deps/eelf32lmip.Po
base=`echo eelf32lr5900.c | sed -e 's,e\(.*\).c,\1,'`; \
make run-genscripts "script_target=$base" "script_tdirname=tdir_$base"
make[5]: Entering directory '/external/binutils-2.35.1/ld'
/bin/bash ./genscripts.sh "." "/usr/local/lib" "/usr/local" "/usr/local" x86_64-pc-linux-gnu x86_64-pc-linux-gnu x86_64-pc-linux-gnu ".deps" "" "elf_x86_64 elf_i386 elf32_x86_64 elf_l1om elf_k1om" "/usr/local/lib /lib /usr/lib" no yes elf32lr5900 ""
make[5]: Leaving directory '/external/binutils-2.35.1/ld'
gcc -DHAVE_CONFIG_H -I.  -I. -I. -I../bfd -I./../bfd -I./../include -I./../zlib  -g -O2 -DLOCALEDIR="\"/usr/local/share/locale\""  -W -Wall -Wstrict-prototypes -Wmissing-prototypes -Wshadow -Wstack-usage=262144 -DELF_LIST_OPTIONS=TRUE -DELF_SHLIB_LIST_OPTIONS=TRUE -DELF_PLT_UNWIND_LIST_OPTIONS=TRUE -g -O2 -MT eelf32lr5900.o -MD -MP -MF .deps/eelf32lr5900.Tpo -c -o eelf32lr5900.o eelf32lr5900.c
mv -f .deps/eelf32lr5900.Tpo .deps/eelf32lr5900.Po
base=`echo eelf32lr5900n32.c | sed -e 's,e\(.*\).c,\1,'`; \
make run-genscripts "script_target=$base" "script_tdirname=tdir_$base"
make[5]: Entering directory '/external/binutils-2.35.1/ld'
/bin/bash ./genscripts.sh "." "/usr/local/lib" "/usr/local" "/usr/local" x86_64-pc-linux-gnu x86_64-pc-linux-gnu x86_64-pc-linux-gnu ".deps" "" "elf_x86_64 elf_i386 elf32_x86_64 elf_l1om elf_k1om" "/usr/local/lib /lib /usr/lib" no yes elf32lr5900n32 ""
make[5]: Leaving directory '/external/binutils-2.35.1/ld'
gcc -DHAVE_CONFIG_H -I.  -I. -I. -I../bfd -I./../bfd -I./../include -I./../zlib  -g -O2 -DLOCALEDIR="\"/usr/local/share/locale\""  -W -Wall -Wstrict-prototypes -Wmissing-prototypes -Wshadow -Wstack-usage=262144 -DELF_LIST_OPTIONS=TRUE -DELF_SHLIB_LIST_OPTIONS=TRUE -DELF_PLT_UNWIND_LIST_OPTIONS=TRUE -g -O2 -MT eelf32lr5900n32.o -MD -MP -MF .deps/eelf32lr5900n32.Tpo -c -o eelf32lr5900n32.o eelf32lr5900n32.c
mv -f .deps/eelf32lr5900n32.Tpo .deps/eelf32lr5900n32.Po
base=`echo eelf32lsmip.c | sed -e 's,e\(.*\).c,\1,'`; \
make run-genscripts "script_target=$base" "script_tdirname=tdir_$base"
make[5]: Entering directory '/external/binutils-2.35.1/ld'
/bin/bash ./genscripts.sh "." "/usr/local/lib" "/usr/local" "/usr/local" x86_64-pc-linux-gnu x86_64-pc-linux-gnu x86_64-pc-linux-gnu ".deps" "" "elf_x86_64 elf_i386 elf32_x86_64 elf_l1om elf_k1om" "/usr/local/lib /lib /usr/lib" no yes elf32lsmip ""
make[5]: Leaving directory '/external/binutils-2.35.1/ld'
gcc -DHAVE_CONFIG_H -I.  -I. -I. -I../bfd -I./../bfd -I./../include -I./../zlib  -g -O2 -DLOCALEDIR="\"/usr/local/share/locale\""  -W -Wall -Wstrict-prototypes -Wmissing-prototypes -Wshadow -Wstack-usage=262144 -DELF_LIST_OPTIONS=TRUE -DELF_SHLIB_LIST_OPTIONS=TRUE -DELF_PLT_UNWIND_LIST_OPTIONS=TRUE -g -O2 -MT eelf32lsmip.o -MD -MP -MF .deps/eelf32lsmip.Tpo -c -o eelf32lsmip.o eelf32lsmip.c
mv -f .deps/eelf32lsmip.Tpo .deps/eelf32lsmip.Po
base=`echo eelf32ltsmip.c | sed -e 's,e\(.*\).c,\1,'`; \
make run-genscripts "script_target=$base" "script_tdirname=tdir_$base"
make[5]: Entering directory '/external/binutils-2.35.1/ld'
/bin/bash ./genscripts.sh "." "/usr/local/lib" "/usr/local" "/usr/local" x86_64-pc-linux-gnu x86_64-pc-linux-gnu x86_64-pc-linux-gnu ".deps" "" "elf_x86_64 elf_i386 elf32_x86_64 elf_l1om elf_k1om" "/usr/local/lib /lib /usr/lib" no yes elf32ltsmip ""
make[5]: Leaving directory '/external/binutils-2.35.1/ld'
gcc -DHAVE_CONFIG_H -I.  -I. -I. -I../bfd -I./../bfd -I./../include -I./../zlib  -g -O2 -DLOCALEDIR="\"/usr/local/share/locale\""  -W -Wall -Wstrict-prototypes -Wmissing-prototypes -Wshadow -Wstack-usage=262144 -DELF_LIST_OPTIONS=TRUE -DELF_SHLIB_LIST_OPTIONS=TRUE -DELF_PLT_UNWIND_LIST_OPTIONS=TRUE -g -O2 -MT eelf32ltsmip.o -MD -MP -MF .deps/eelf32ltsmip.Tpo -c -o eelf32ltsmip.o eelf32ltsmip.c
mv -f .deps/eelf32ltsmip.Tpo .deps/eelf32ltsmip.Po
base=`echo eelf32ltsmip_fbsd.c | sed -e 's,e\(.*\).c,\1,'`; \
make run-genscripts "script_target=$base" "script_tdirname=tdir_$base"
make[5]: Entering directory '/external/binutils-2.35.1/ld'
/bin/bash ./genscripts.sh "." "/usr/local/lib" "/usr/local" "/usr/local" x86_64-pc-linux-gnu x86_64-pc-linux-gnu x86_64-pc-linux-gnu ".deps" "" "elf_x86_64 elf_i386 elf32_x86_64 elf_l1om elf_k1om" "/usr/local/lib /lib /usr/lib" no yes elf32ltsmip_fbsd ""
make[5]: Leaving directory '/external/binutils-2.35.1/ld'
gcc -DHAVE_CONFIG_H -I.  -I. -I. -I../bfd -I./../bfd -I./../include -I./../zlib  -g -O2 -DLOCALEDIR="\"/usr/local/share/locale\""  -W -Wall -Wstrict-prototypes -Wmissing-prototypes -Wshadow -Wstack-usage=262144 -DELF_LIST_OPTIONS=TRUE -DELF_SHLIB_LIST_OPTIONS=TRUE -DELF_PLT_UNWIND_LIST_OPTIONS=TRUE -g -O2 -MT eelf32ltsmip_fbsd.o -MD -MP -MF .deps/eelf32ltsmip_fbsd.Tpo -c -o eelf32ltsmip_fbsd.o eelf32ltsmip_fbsd.c
mv -f .deps/eelf32ltsmip_fbsd.Tpo .deps/eelf32ltsmip_fbsd.Po
base=`echo eelf32ltsmipn32.c | sed -e 's,e\(.*\).c,\1,'`; \
make run-genscripts "script_target=$base" "script_tdirname=tdir_$base"
make[5]: Entering directory '/external/binutils-2.35.1/ld'
/bin/bash ./genscripts.sh "." "/usr/local/lib" "/usr/local" "/usr/local" x86_64-pc-linux-gnu x86_64-pc-linux-gnu x86_64-pc-linux-gnu ".deps" "" "elf_x86_64 elf_i386 elf32_x86_64 elf_l1om elf_k1om" "/usr/local/lib /lib /usr/lib" no yes elf32ltsmipn32 ""
make[5]: Leaving directory '/external/binutils-2.35.1/ld'
gcc -DHAVE_CONFIG_H -I.  -I. -I. -I../bfd -I./../bfd -I./../include -I./../zlib  -g -O2 -DLOCALEDIR="\"/usr/local/share/locale\""  -W -Wall -Wstrict-prototypes -Wmissing-prototypes -Wshadow -Wstack-usage=262144 -DELF_LIST_OPTIONS=TRUE -DELF_SHLIB_LIST_OPTIONS=TRUE -DELF_PLT_UNWIND_LIST_OPTIONS=TRUE -g -O2 -MT eelf32ltsmipn32.o -MD -MP -MF .deps/eelf32ltsmipn32.Tpo -c -o eelf32ltsmipn32.o eelf32ltsmipn32.c
mv -f .deps/eelf32ltsmipn32.Tpo .deps/eelf32ltsmipn32.Po
base=`echo eelf32ltsmipn32_fbsd.c | sed -e 's,e\(.*\).c,\1,'`; \
make run-genscripts "script_target=$base" "script_tdirname=tdir_$base"
make[5]: Entering directory '/external/binutils-2.35.1/ld'
/bin/bash ./genscripts.sh "." "/usr/local/lib" "/usr/local" "/usr/local" x86_64-pc-linux-gnu x86_64-pc-linux-gnu x86_64-pc-linux-gnu ".deps" "" "elf_x86_64 elf_i386 elf32_x86_64 elf_l1om elf_k1om" "/usr/local/lib /lib /usr/lib" no yes elf32ltsmipn32_fbsd ""
make[5]: Leaving directory '/external/binutils-2.35.1/ld'
gcc -DHAVE_CONFIG_H -I.  -I. -I. -I../bfd -I./../bfd -I./../include -I./../zlib  -g -O2 -DLOCALEDIR="\"/usr/local/share/locale\""  -W -Wall -Wstrict-prototypes -Wmissing-prototypes -Wshadow -Wstack-usage=262144 -DELF_LIST_OPTIONS=TRUE -DELF_SHLIB_LIST_OPTIONS=TRUE -DELF_PLT_UNWIND_LIST_OPTIONS=TRUE -g -O2 -MT eelf32ltsmipn32_fbsd.o -MD -MP -MF .deps/eelf32ltsmipn32_fbsd.Tpo -c -o eelf32ltsmipn32_fbsd.o eelf32ltsmipn32_fbsd.c
mv -f .deps/eelf32ltsmipn32_fbsd.Tpo .deps/eelf32ltsmipn32_fbsd.Po
base=`echo eelf32mipswindiss.c | sed -e 's,e\(.*\).c,\1,'`; \
make run-genscripts "script_target=$base" "script_tdirname=tdir_$base"
make[5]: Entering directory '/external/binutils-2.35.1/ld'
/bin/bash ./genscripts.sh "." "/usr/local/lib" "/usr/local" "/usr/local" x86_64-pc-linux-gnu x86_64-pc-linux-gnu x86_64-pc-linux-gnu ".deps" "" "elf_x86_64 elf_i386 elf32_x86_64 elf_l1om elf_k1om" "/usr/local/lib /lib /usr/lib" no yes elf32mipswindiss ""
make[5]: Leaving directory '/external/binutils-2.35.1/ld'
gcc -DHAVE_CONFIG_H -I.  -I. -I. -I../bfd -I./../bfd -I./../include -I./../zlib  -g -O2 -DLOCALEDIR="\"/usr/local/share/locale\""  -W -Wall -Wstrict-prototypes -Wmissing-prototypes -Wshadow -Wstack-usage=262144 -DELF_LIST_OPTIONS=TRUE -DELF_SHLIB_LIST_OPTIONS=TRUE -DELF_PLT_UNWIND_LIST_OPTIONS=TRUE -g -O2 -MT eelf32mipswindiss.o -MD -MP -MF .deps/eelf32mipswindiss.Tpo -c -o eelf32mipswindiss.o eelf32mipswindiss.c
mv -f .deps/eelf32mipswindiss.Tpo .deps/eelf32mipswindiss.Po
base=`echo eelf64_aix.c | sed -e 's,e\(.*\).c,\1,'`; \
make run-genscripts "script_target=$base" "script_tdirname=tdir_$base"
make[5]: Entering directory '/external/binutils-2.35.1/ld'
/bin/bash ./genscripts.sh "." "/usr/local/lib" "/usr/local" "/usr/local" x86_64-pc-linux-gnu x86_64-pc-linux-gnu x86_64-pc-linux-gnu ".deps" "" "elf_x86_64 elf_i386 elf32_x86_64 elf_l1om elf_k1om" "/usr/local/lib /lib /usr/lib" no yes elf64_aix ""
make[5]: Leaving directory '/external/binutils-2.35.1/ld'
gcc -DHAVE_CONFIG_H -I.  -I. -I. -I../bfd -I./../bfd -I./../include -I./../zlib  -g -O2 -DLOCALEDIR="\"/usr/local/share/locale\""  -W -Wall -Wstrict-prototypes -Wmissing-prototypes -Wshadow -Wstack-usage=262144 -DELF_LIST_OPTIONS=TRUE -DELF_SHLIB_LIST_OPTIONS=TRUE -DELF_PLT_UNWIND_LIST_OPTIONS=TRUE -g -O2 -MT eelf64_aix.o -MD -MP -MF .deps/eelf64_aix.Tpo -c -o eelf64_aix.o eelf64_aix.c
mv -f .deps/eelf64_aix.Tpo .deps/eelf64_aix.Po
base=`echo eelf64bpf.c | sed -e 's,e\(.*\).c,\1,'`; \
make run-genscripts "script_target=$base" "script_tdirname=tdir_$base"
make[5]: Entering directory '/external/binutils-2.35.1/ld'
/bin/bash ./genscripts.sh "." "/usr/local/lib" "/usr/local" "/usr/local" x86_64-pc-linux-gnu x86_64-pc-linux-gnu x86_64-pc-linux-gnu ".deps" "" "elf_x86_64 elf_i386 elf32_x86_64 elf_l1om elf_k1om" "/usr/local/lib /lib /usr/lib" no yes elf64bpf ""
make[5]: Leaving directory '/external/binutils-2.35.1/ld'
gcc -DHAVE_CONFIG_H -I.  -I. -I. -I../bfd -I./../bfd -I./../include -I./../zlib  -g -O2 -DLOCALEDIR="\"/usr/local/share/locale\""  -W -Wall -Wstrict-prototypes -Wmissing-prototypes -Wshadow -Wstack-usage=262144 -DELF_LIST_OPTIONS=TRUE -DELF_SHLIB_LIST_OPTIONS=TRUE -DELF_PLT_UNWIND_LIST_OPTIONS=TRUE -g -O2 -MT eelf64bpf.o -MD -MP -MF .deps/eelf64bpf.Tpo -c -o eelf64bpf.o eelf64bpf.c
mv -f .deps/eelf64bpf.Tpo .deps/eelf64bpf.Po
base=`echo eelf64_ia64.c | sed -e 's,e\(.*\).c,\1,'`; \
make run-genscripts "script_target=$base" "script_tdirname=tdir_$base"
make[5]: Entering directory '/external/binutils-2.35.1/ld'
/bin/bash ./genscripts.sh "." "/usr/local/lib" "/usr/local" "/usr/local" x86_64-pc-linux-gnu x86_64-pc-linux-gnu x86_64-pc-linux-gnu ".deps" "" "elf_x86_64 elf_i386 elf32_x86_64 elf_l1om elf_k1om" "/usr/local/lib /lib /usr/lib" no yes elf64_ia64 ""
make[5]: Leaving directory '/external/binutils-2.35.1/ld'
gcc -DHAVE_CONFIG_H -I.  -I. -I. -I../bfd -I./../bfd -I./../include -I./../zlib  -g -O2 -DLOCALEDIR="\"/usr/local/share/locale\""  -W -Wall -Wstrict-prototypes -Wmissing-prototypes -Wshadow -Wstack-usage=262144 -DELF_LIST_OPTIONS=TRUE -DELF_SHLIB_LIST_OPTIONS=TRUE -DELF_PLT_UNWIND_LIST_OPTIONS=TRUE -g -O2 -MT eelf64_ia64.o -MD -MP -MF .deps/eelf64_ia64.Tpo -c -o eelf64_ia64.o eelf64_ia64.c
mv -f .deps/eelf64_ia64.Tpo .deps/eelf64_ia64.Po
base=`echo eelf64_ia64_fbsd.c | sed -e 's,e\(.*\).c,\1,'`; \
make run-genscripts "script_target=$base" "script_tdirname=tdir_$base"
make[5]: Entering directory '/external/binutils-2.35.1/ld'
/bin/bash ./genscripts.sh "." "/usr/local/lib" "/usr/local" "/usr/local" x86_64-pc-linux-gnu x86_64-pc-linux-gnu x86_64-pc-linux-gnu ".deps" "" "elf_x86_64 elf_i386 elf32_x86_64 elf_l1om elf_k1om" "/usr/local/lib /lib /usr/lib" no yes elf64_ia64_fbsd ""
make[5]: Leaving directory '/external/binutils-2.35.1/ld'
gcc -DHAVE_CONFIG_H -I.  -I. -I. -I../bfd -I./../bfd -I./../include -I./../zlib  -g -O2 -DLOCALEDIR="\"/usr/local/share/locale\""  -W -Wall -Wstrict-prototypes -Wmissing-prototypes -Wshadow -Wstack-usage=262144 -DELF_LIST_OPTIONS=TRUE -DELF_SHLIB_LIST_OPTIONS=TRUE -DELF_PLT_UNWIND_LIST_OPTIONS=TRUE -g -O2 -MT eelf64_ia64_fbsd.o -MD -MP -MF .deps/eelf64_ia64_fbsd.Tpo -c -o eelf64_ia64_fbsd.o eelf64_ia64_fbsd.c
mv -f .deps/eelf64_ia64_fbsd.Tpo .deps/eelf64_ia64_fbsd.Po
base=`echo eelf64_ia64_vms.c | sed -e 's,e\(.*\).c,\1,'`; \
make run-genscripts "script_target=$base" "script_tdirname=tdir_$base"
make[5]: Entering directory '/external/binutils-2.35.1/ld'
/bin/bash ./genscripts.sh "." "/usr/local/lib" "/usr/local" "/usr/local" x86_64-pc-linux-gnu x86_64-pc-linux-gnu x86_64-pc-linux-gnu ".deps" "" "elf_x86_64 elf_i386 elf32_x86_64 elf_l1om elf_k1om" "/usr/local/lib /lib /usr/lib" no yes elf64_ia64_vms ""
make[5]: Leaving directory '/external/binutils-2.35.1/ld'
gcc -DHAVE_CONFIG_H -I.  -I. -I. -I../bfd -I./../bfd -I./../include -I./../zlib  -g -O2 -DLOCALEDIR="\"/usr/local/share/locale\""  -W -Wall -Wstrict-prototypes -Wmissing-prototypes -Wshadow -Wstack-usage=262144 -DELF_LIST_OPTIONS=TRUE -DELF_SHLIB_LIST_OPTIONS=TRUE -DELF_PLT_UNWIND_LIST_OPTIONS=TRUE -g -O2 -MT eelf64_ia64_vms.o -MD -MP -MF .deps/eelf64_ia64_vms.Tpo -c -o eelf64_ia64_vms.o eelf64_ia64_vms.c
mv -f .deps/eelf64_ia64_vms.Tpo .deps/eelf64_ia64_vms.Po
base=`echo eelf64_s390.c | sed -e 's,e\(.*\).c,\1,'`; \
make run-genscripts "script_target=$base" "script_tdirname=tdir_$base"
make[5]: Entering directory '/external/binutils-2.35.1/ld'
/bin/bash ./genscripts.sh "." "/usr/local/lib" "/usr/local" "/usr/local" x86_64-pc-linux-gnu x86_64-pc-linux-gnu x86_64-pc-linux-gnu ".deps" "" "elf_x86_64 elf_i386 elf32_x86_64 elf_l1om elf_k1om" "/usr/local/lib /lib /usr/lib" no yes elf64_s390 ""
make[5]: Leaving directory '/external/binutils-2.35.1/ld'
gcc -DHAVE_CONFIG_H -I.  -I. -I. -I../bfd -I./../bfd -I./../include -I./../zlib  -g -O2 -DLOCALEDIR="\"/usr/local/share/locale\""  -W -Wall -Wstrict-prototypes -Wmissing-prototypes -Wshadow -Wstack-usage=262144 -DELF_LIST_OPTIONS=TRUE -DELF_SHLIB_LIST_OPTIONS=TRUE -DELF_PLT_UNWIND_LIST_OPTIONS=TRUE -g -O2 -MT eelf64_s390.o -MD -MP -MF .deps/eelf64_s390.Tpo -c -o eelf64_s390.o eelf64_s390.c
mv -f .deps/eelf64_s390.Tpo .deps/eelf64_s390.Po
base=`echo eelf64_sparc.c | sed -e 's,e\(.*\).c,\1,'`; \
make run-genscripts "script_target=$base" "script_tdirname=tdir_$base"
make[5]: Entering directory '/external/binutils-2.35.1/ld'
/bin/bash ./genscripts.sh "." "/usr/local/lib" "/usr/local" "/usr/local" x86_64-pc-linux-gnu x86_64-pc-linux-gnu x86_64-pc-linux-gnu ".deps" "" "elf_x86_64 elf_i386 elf32_x86_64 elf_l1om elf_k1om" "/usr/local/lib /lib /usr/lib" no yes elf64_sparc ""
make[5]: Leaving directory '/external/binutils-2.35.1/ld'
gcc -DHAVE_CONFIG_H -I.  -I. -I. -I../bfd -I./../bfd -I./../include -I./../zlib  -g -O2 -DLOCALEDIR="\"/usr/local/share/locale\""  -W -Wall -Wstrict-prototypes -Wmissing-prototypes -Wshadow -Wstack-usage=262144 -DELF_LIST_OPTIONS=TRUE -DELF_SHLIB_LIST_OPTIONS=TRUE -DELF_PLT_UNWIND_LIST_OPTIONS=TRUE -g -O2 -MT eelf64_sparc.o -MD -MP -MF .deps/eelf64_sparc.Tpo -c -o eelf64_sparc.o eelf64_sparc.c
mv -f .deps/eelf64_sparc.Tpo .deps/eelf64_sparc.Po
base=`echo eelf64_sparc_fbsd.c | sed -e 's,e\(.*\).c,\1,'`; \
make run-genscripts "script_target=$base" "script_tdirname=tdir_$base"
make[5]: Entering directory '/external/binutils-2.35.1/ld'
/bin/bash ./genscripts.sh "." "/usr/local/lib" "/usr/local" "/usr/local" x86_64-pc-linux-gnu x86_64-pc-linux-gnu x86_64-pc-linux-gnu ".deps" "" "elf_x86_64 elf_i386 elf32_x86_64 elf_l1om elf_k1om" "/usr/local/lib /lib /usr/lib" no yes elf64_sparc_fbsd ""
make[5]: Leaving directory '/external/binutils-2.35.1/ld'
gcc -DHAVE_CONFIG_H -I.  -I. -I. -I../bfd -I./../bfd -I./../include -I./../zlib  -g -O2 -DLOCALEDIR="\"/usr/local/share/locale\""  -W -Wall -Wstrict-prototypes -Wmissing-prototypes -Wshadow -Wstack-usage=262144 -DELF_LIST_OPTIONS=TRUE -DELF_SHLIB_LIST_OPTIONS=TRUE -DELF_PLT_UNWIND_LIST_OPTIONS=TRUE -g -O2 -MT eelf64_sparc_fbsd.o -MD -MP -MF .deps/eelf64_sparc_fbsd.Tpo -c -o eelf64_sparc_fbsd.o eelf64_sparc_fbsd.c
mv -f .deps/eelf64_sparc_fbsd.Tpo .deps/eelf64_sparc_fbsd.Po
base=`echo eelf64_sparc_sol2.c | sed -e 's,e\(.*\).c,\1,'`; \
make run-genscripts "script_target=$base" "script_tdirname=tdir_$base"
make[5]: Entering directory '/external/binutils-2.35.1/ld'
/bin/bash ./genscripts.sh "." "/usr/local/lib" "/usr/local" "/usr/local" x86_64-pc-linux-gnu x86_64-pc-linux-gnu x86_64-pc-linux-gnu ".deps" "" "elf_x86_64 elf_i386 elf32_x86_64 elf_l1om elf_k1om" "/usr/local/lib /lib /usr/lib" no yes elf64_sparc_sol2 ""
make[5]: Leaving directory '/external/binutils-2.35.1/ld'
gcc -DHAVE_CONFIG_H -I.  -I. -I. -I../bfd -I./../bfd -I./../include -I./../zlib  -g -O2 -DLOCALEDIR="\"/usr/local/share/locale\""  -W -Wall -Wstrict-prototypes -Wmissing-prototypes -Wshadow -Wstack-usage=262144 -DELF_LIST_OPTIONS=TRUE -DELF_SHLIB_LIST_OPTIONS=TRUE -DELF_PLT_UNWIND_LIST_OPTIONS=TRUE -g -O2 -MT eelf64_sparc_sol2.o -MD -MP -MF .deps/eelf64_sparc_sol2.Tpo -c -o eelf64_sparc_sol2.o eelf64_sparc_sol2.c
mv -f .deps/eelf64_sparc_sol2.Tpo .deps/eelf64_sparc_sol2.Po
base=`echo eelf64alpha.c | sed -e 's,e\(.*\).c,\1,'`; \
make run-genscripts "script_target=$base" "script_tdirname=tdir_$base"
make[5]: Entering directory '/external/binutils-2.35.1/ld'
/bin/bash ./genscripts.sh "." "/usr/local/lib" "/usr/local" "/usr/local" x86_64-pc-linux-gnu x86_64-pc-linux-gnu x86_64-pc-linux-gnu ".deps" "" "elf_x86_64 elf_i386 elf32_x86_64 elf_l1om elf_k1om" "/usr/local/lib /lib /usr/lib" no yes elf64alpha ""
make[5]: Leaving directory '/external/binutils-2.35.1/ld'
gcc -DHAVE_CONFIG_H -I.  -I. -I. -I../bfd -I./../bfd -I./../include -I./../zlib  -g -O2 -DLOCALEDIR="\"/usr/local/share/locale\""  -W -Wall -Wstrict-prototypes -Wmissing-prototypes -Wshadow -Wstack-usage=262144 -DELF_LIST_OPTIONS=TRUE -DELF_SHLIB_LIST_OPTIONS=TRUE -DELF_PLT_UNWIND_LIST_OPTIONS=TRUE -g -O2 -MT eelf64alpha.o -MD -MP -MF .deps/eelf64alpha.Tpo -c -o eelf64alpha.o eelf64alpha.c
mv -f .deps/eelf64alpha.Tpo .deps/eelf64alpha.Po
base=`echo eelf64alpha_fbsd.c | sed -e 's,e\(.*\).c,\1,'`; \
make run-genscripts "script_target=$base" "script_tdirname=tdir_$base"
make[5]: Entering directory '/external/binutils-2.35.1/ld'
/bin/bash ./genscripts.sh "." "/usr/local/lib" "/usr/local" "/usr/local" x86_64-pc-linux-gnu x86_64-pc-linux-gnu x86_64-pc-linux-gnu ".deps" "" "elf_x86_64 elf_i386 elf32_x86_64 elf_l1om elf_k1om" "/usr/local/lib /lib /usr/lib" no yes elf64alpha_fbsd ""
make[5]: Leaving directory '/external/binutils-2.35.1/ld'
gcc -DHAVE_CONFIG_H -I.  -I. -I. -I../bfd -I./../bfd -I./../include -I./../zlib  -g -O2 -DLOCALEDIR="\"/usr/local/share/locale\""  -W -Wall -Wstrict-prototypes -Wmissing-prototypes -Wshadow -Wstack-usage=262144 -DELF_LIST_OPTIONS=TRUE -DELF_SHLIB_LIST_OPTIONS=TRUE -DELF_PLT_UNWIND_LIST_OPTIONS=TRUE -g -O2 -MT eelf64alpha_fbsd.o -MD -MP -MF .deps/eelf64alpha_fbsd.Tpo -c -o eelf64alpha_fbsd.o eelf64alpha_fbsd.c
mv -f .deps/eelf64alpha_fbsd.Tpo .deps/eelf64alpha_fbsd.Po
base=`echo eelf64alpha_nbsd.c | sed -e 's,e\(.*\).c,\1,'`; \
make run-genscripts "script_target=$base" "script_tdirname=tdir_$base"
make[5]: Entering directory '/external/binutils-2.35.1/ld'
/bin/bash ./genscripts.sh "." "/usr/local/lib" "/usr/local" "/usr/local" x86_64-pc-linux-gnu x86_64-pc-linux-gnu x86_64-pc-linux-gnu ".deps" "" "elf_x86_64 elf_i386 elf32_x86_64 elf_l1om elf_k1om" "/usr/local/lib /lib /usr/lib" no yes elf64alpha_nbsd ""
make[5]: Leaving directory '/external/binutils-2.35.1/ld'
gcc -DHAVE_CONFIG_H -I.  -I. -I. -I../bfd -I./../bfd -I./../include -I./../zlib  -g -O2 -DLOCALEDIR="\"/usr/local/share/locale\""  -W -Wall -Wstrict-prototypes -Wmissing-prototypes -Wshadow -Wstack-usage=262144 -DELF_LIST_OPTIONS=TRUE -DELF_SHLIB_LIST_OPTIONS=TRUE -DELF_PLT_UNWIND_LIST_OPTIONS=TRUE -g -O2 -MT eelf64alpha_nbsd.o -MD -MP -MF .deps/eelf64alpha_nbsd.Tpo -c -o eelf64alpha_nbsd.o eelf64alpha_nbsd.c
mv -f .deps/eelf64alpha_nbsd.Tpo .deps/eelf64alpha_nbsd.Po
base=`echo eelf64bmip.c | sed -e 's,e\(.*\).c,\1,'`; \
make run-genscripts "script_target=$base" "script_tdirname=tdir_$base"
make[5]: Entering directory '/external/binutils-2.35.1/ld'
/bin/bash ./genscripts.sh "." "/usr/local/lib" "/usr/local" "/usr/local" x86_64-pc-linux-gnu x86_64-pc-linux-gnu x86_64-pc-linux-gnu ".deps" "" "elf_x86_64 elf_i386 elf32_x86_64 elf_l1om elf_k1om" "/usr/local/lib /lib /usr/lib" no yes elf64bmip ""
make[5]: Leaving directory '/external/binutils-2.35.1/ld'
gcc -DHAVE_CONFIG_H -I.  -I. -I. -I../bfd -I./../bfd -I./../include -I./../zlib  -g -O2 -DLOCALEDIR="\"/usr/local/share/locale\""  -W -Wall -Wstrict-prototypes -Wmissing-prototypes -Wshadow -Wstack-usage=262144 -DELF_LIST_OPTIONS=TRUE -DELF_SHLIB_LIST_OPTIONS=TRUE -DELF_PLT_UNWIND_LIST_OPTIONS=TRUE -g -O2 -MT eelf64bmip.o -MD -MP -MF .deps/eelf64bmip.Tpo -c -o eelf64bmip.o eelf64bmip.c
mv -f .deps/eelf64bmip.Tpo .deps/eelf64bmip.Po
base=`echo eelf64btsmip.c | sed -e 's,e\(.*\).c,\1,'`; \
make run-genscripts "script_target=$base" "script_tdirname=tdir_$base"
make[5]: Entering directory '/external/binutils-2.35.1/ld'
/bin/bash ./genscripts.sh "." "/usr/local/lib" "/usr/local" "/usr/local" x86_64-pc-linux-gnu x86_64-pc-linux-gnu x86_64-pc-linux-gnu ".deps" "" "elf_x86_64 elf_i386 elf32_x86_64 elf_l1om elf_k1om" "/usr/local/lib /lib /usr/lib" no yes elf64btsmip ""
make[5]: Leaving directory '/external/binutils-2.35.1/ld'
gcc -DHAVE_CONFIG_H -I.  -I. -I. -I../bfd -I./../bfd -I./../include -I./../zlib  -g -O2 -DLOCALEDIR="\"/usr/local/share/locale\""  -W -Wall -Wstrict-prototypes -Wmissing-prototypes -Wshadow -Wstack-usage=262144 -DELF_LIST_OPTIONS=TRUE -DELF_SHLIB_LIST_OPTIONS=TRUE -DELF_PLT_UNWIND_LIST_OPTIONS=TRUE -g -O2 -MT eelf64btsmip.o -MD -MP -MF .deps/eelf64btsmip.Tpo -c -o eelf64btsmip.o eelf64btsmip.c
mv -f .deps/eelf64btsmip.Tpo .deps/eelf64btsmip.Po
base=`echo eelf64btsmip_fbsd.c | sed -e 's,e\(.*\).c,\1,'`; \
make run-genscripts "script_target=$base" "script_tdirname=tdir_$base"
make[5]: Entering directory '/external/binutils-2.35.1/ld'
/bin/bash ./genscripts.sh "." "/usr/local/lib" "/usr/local" "/usr/local" x86_64-pc-linux-gnu x86_64-pc-linux-gnu x86_64-pc-linux-gnu ".deps" "" "elf_x86_64 elf_i386 elf32_x86_64 elf_l1om elf_k1om" "/usr/local/lib /lib /usr/lib" no yes elf64btsmip_fbsd ""
make[5]: Leaving directory '/external/binutils-2.35.1/ld'
gcc -DHAVE_CONFIG_H -I.  -I. -I. -I../bfd -I./../bfd -I./../include -I./../zlib  -g -O2 -DLOCALEDIR="\"/usr/local/share/locale\""  -W -Wall -Wstrict-prototypes -Wmissing-prototypes -Wshadow -Wstack-usage=262144 -DELF_LIST_OPTIONS=TRUE -DELF_SHLIB_LIST_OPTIONS=TRUE -DELF_PLT_UNWIND_LIST_OPTIONS=TRUE -g -O2 -MT eelf64btsmip_fbsd.o -MD -MP -MF .deps/eelf64btsmip_fbsd.Tpo -c -o eelf64btsmip_fbsd.o eelf64btsmip_fbsd.c
mv -f .deps/eelf64btsmip_fbsd.Tpo .deps/eelf64btsmip_fbsd.Po
base=`echo eelf64hppa.c | sed -e 's,e\(.*\).c,\1,'`; \
make run-genscripts "script_target=$base" "script_tdirname=tdir_$base"
make[5]: Entering directory '/external/binutils-2.35.1/ld'
/bin/bash ./genscripts.sh "." "/usr/local/lib" "/usr/local" "/usr/local" x86_64-pc-linux-gnu x86_64-pc-linux-gnu x86_64-pc-linux-gnu ".deps" "" "elf_x86_64 elf_i386 elf32_x86_64 elf_l1om elf_k1om" "/usr/local/lib /lib /usr/lib" no yes elf64hppa ""
make[5]: Leaving directory '/external/binutils-2.35.1/ld'
gcc -DHAVE_CONFIG_H -I.  -I. -I. -I../bfd -I./../bfd -I./../include -I./../zlib  -g -O2 -DLOCALEDIR="\"/usr/local/share/locale\""  -W -Wall -Wstrict-prototypes -Wmissing-prototypes -Wshadow -Wstack-usage=262144 -DELF_LIST_OPTIONS=TRUE -DELF_SHLIB_LIST_OPTIONS=TRUE -DELF_PLT_UNWIND_LIST_OPTIONS=TRUE -g -O2 -MT eelf64hppa.o -MD -MP -MF .deps/eelf64hppa.Tpo -c -o eelf64hppa.o eelf64hppa.c
mv -f .deps/eelf64hppa.Tpo .deps/eelf64hppa.Po
base=`echo eelf64lppc.c | sed -e 's,e\(.*\).c,\1,'`; \
make run-genscripts "script_target=$base" "script_tdirname=tdir_$base"
make[5]: Entering directory '/external/binutils-2.35.1/ld'
/bin/bash ./genscripts.sh "." "/usr/local/lib" "/usr/local" "/usr/local" x86_64-pc-linux-gnu x86_64-pc-linux-gnu x86_64-pc-linux-gnu ".deps" "" "elf_x86_64 elf_i386 elf32_x86_64 elf_l1om elf_k1om" "/usr/local/lib /lib /usr/lib" no yes elf64lppc ""
make[5]: Leaving directory '/external/binutils-2.35.1/ld'
gcc -DHAVE_CONFIG_H -I.  -I. -I. -I../bfd -I./../bfd -I./../include -I./../zlib  -g -O2 -DLOCALEDIR="\"/usr/local/share/locale\""  -W -Wall -Wstrict-prototypes -Wmissing-prototypes -Wshadow -Wstack-usage=262144 -DELF_LIST_OPTIONS=TRUE -DELF_SHLIB_LIST_OPTIONS=TRUE -DELF_PLT_UNWIND_LIST_OPTIONS=TRUE -g -O2 -MT eelf64lppc.o -MD -MP -MF .deps/eelf64lppc.Tpo -c -o eelf64lppc.o eelf64lppc.c
mv -f .deps/eelf64lppc.Tpo .deps/eelf64lppc.Po
base=`echo eelf64lriscv.c | sed -e 's,e\(.*\).c,\1,'`; \
make run-genscripts "script_target=$base" "script_tdirname=tdir_$base"
make[5]: Entering directory '/external/binutils-2.35.1/ld'
/bin/bash ./genscripts.sh "." "/usr/local/lib" "/usr/local" "/usr/local" x86_64-pc-linux-gnu x86_64-pc-linux-gnu x86_64-pc-linux-gnu ".deps" "" "elf_x86_64 elf_i386 elf32_x86_64 elf_l1om elf_k1om" "/usr/local/lib /lib /usr/lib" no yes elf64lriscv ""
make[5]: Leaving directory '/external/binutils-2.35.1/ld'
gcc -DHAVE_CONFIG_H -I.  -I. -I. -I../bfd -I./../bfd -I./../include -I./../zlib  -g -O2 -DLOCALEDIR="\"/usr/local/share/locale\""  -W -Wall -Wstrict-prototypes -Wmissing-prototypes -Wshadow -Wstack-usage=262144 -DELF_LIST_OPTIONS=TRUE -DELF_SHLIB_LIST_OPTIONS=TRUE -DELF_PLT_UNWIND_LIST_OPTIONS=TRUE -g -O2 -MT eelf64lriscv.o -MD -MP -MF .deps/eelf64lriscv.Tpo -c -o eelf64lriscv.o eelf64lriscv.c
mv -f .deps/eelf64lriscv.Tpo .deps/eelf64lriscv.Po
base=`echo eelf64lriscv_lp64f.c | sed -e 's,e\(.*\).c,\1,'`; \
make run-genscripts "script_target=$base" "script_tdirname=tdir_$base"
make[5]: Entering directory '/external/binutils-2.35.1/ld'
/bin/bash ./genscripts.sh "." "/usr/local/lib" "/usr/local" "/usr/local" x86_64-pc-linux-gnu x86_64-pc-linux-gnu x86_64-pc-linux-gnu ".deps" "" "elf_x86_64 elf_i386 elf32_x86_64 elf_l1om elf_k1om" "/usr/local/lib /lib /usr/lib" no yes elf64lriscv_lp64f ""
make[5]: Leaving directory '/external/binutils-2.35.1/ld'
gcc -DHAVE_CONFIG_H -I.  -I. -I. -I../bfd -I./../bfd -I./../include -I./../zlib  -g -O2 -DLOCALEDIR="\"/usr/local/share/locale\""  -W -Wall -Wstrict-prototypes -Wmissing-prototypes -Wshadow -Wstack-usage=262144 -DELF_LIST_OPTIONS=TRUE -DELF_SHLIB_LIST_OPTIONS=TRUE -DELF_PLT_UNWIND_LIST_OPTIONS=TRUE -g -O2 -MT eelf64lriscv_lp64f.o -MD -MP -MF .deps/eelf64lriscv_lp64f.Tpo -c -o eelf64lriscv_lp64f.o eelf64lriscv_lp64f.c
mv -f .deps/eelf64lriscv_lp64f.Tpo .deps/eelf64lriscv_lp64f.Po
base=`echo eelf64lriscv_lp64.c | sed -e 's,e\(.*\).c,\1,'`; \
make run-genscripts "script_target=$base" "script_tdirname=tdir_$base"
make[5]: Entering directory '/external/binutils-2.35.1/ld'
/bin/bash ./genscripts.sh "." "/usr/local/lib" "/usr/local" "/usr/local" x86_64-pc-linux-gnu x86_64-pc-linux-gnu x86_64-pc-linux-gnu ".deps" "" "elf_x86_64 elf_i386 elf32_x86_64 elf_l1om elf_k1om" "/usr/local/lib /lib /usr/lib" no yes elf64lriscv_lp64 ""
make[5]: Leaving directory '/external/binutils-2.35.1/ld'
gcc -DHAVE_CONFIG_H -I.  -I. -I. -I../bfd -I./../bfd -I./../include -I./../zlib  -g -O2 -DLOCALEDIR="\"/usr/local/share/locale\""  -W -Wall -Wstrict-prototypes -Wmissing-prototypes -Wshadow -Wstack-usage=262144 -DELF_LIST_OPTIONS=TRUE -DELF_SHLIB_LIST_OPTIONS=TRUE -DELF_PLT_UNWIND_LIST_OPTIONS=TRUE -g -O2 -MT eelf64lriscv_lp64.o -MD -MP -MF .deps/eelf64lriscv_lp64.Tpo -c -o eelf64lriscv_lp64.o eelf64lriscv_lp64.c
mv -f .deps/eelf64lriscv_lp64.Tpo .deps/eelf64lriscv_lp64.Po
base=`echo eelf64ltsmip.c | sed -e 's,e\(.*\).c,\1,'`; \
make run-genscripts "script_target=$base" "script_tdirname=tdir_$base"
make[5]: Entering directory '/external/binutils-2.35.1/ld'
/bin/bash ./genscripts.sh "." "/usr/local/lib" "/usr/local" "/usr/local" x86_64-pc-linux-gnu x86_64-pc-linux-gnu x86_64-pc-linux-gnu ".deps" "" "elf_x86_64 elf_i386 elf32_x86_64 elf_l1om elf_k1om" "/usr/local/lib /lib /usr/lib" no yes elf64ltsmip ""
make[5]: Leaving directory '/external/binutils-2.35.1/ld'
gcc -DHAVE_CONFIG_H -I.  -I. -I. -I../bfd -I./../bfd -I./../include -I./../zlib  -g -O2 -DLOCALEDIR="\"/usr/local/share/locale\""  -W -Wall -Wstrict-prototypes -Wmissing-prototypes -Wshadow -Wstack-usage=262144 -DELF_LIST_OPTIONS=TRUE -DELF_SHLIB_LIST_OPTIONS=TRUE -DELF_PLT_UNWIND_LIST_OPTIONS=TRUE -g -O2 -MT eelf64ltsmip.o -MD -MP -MF .deps/eelf64ltsmip.Tpo -c -o eelf64ltsmip.o eelf64ltsmip.c
mv -f .deps/eelf64ltsmip.Tpo .deps/eelf64ltsmip.Po
base=`echo eelf64ltsmip_fbsd.c | sed -e 's,e\(.*\).c,\1,'`; \
make run-genscripts "script_target=$base" "script_tdirname=tdir_$base"
make[5]: Entering directory '/external/binutils-2.35.1/ld'
/bin/bash ./genscripts.sh "." "/usr/local/lib" "/usr/local" "/usr/local" x86_64-pc-linux-gnu x86_64-pc-linux-gnu x86_64-pc-linux-gnu ".deps" "" "elf_x86_64 elf_i386 elf32_x86_64 elf_l1om elf_k1om" "/usr/local/lib /lib /usr/lib" no yes elf64ltsmip_fbsd ""
make[5]: Leaving directory '/external/binutils-2.35.1/ld'
gcc -DHAVE_CONFIG_H -I.  -I. -I. -I../bfd -I./../bfd -I./../include -I./../zlib  -g -O2 -DLOCALEDIR="\"/usr/local/share/locale\""  -W -Wall -Wstrict-prototypes -Wmissing-prototypes -Wshadow -Wstack-usage=262144 -DELF_LIST_OPTIONS=TRUE -DELF_SHLIB_LIST_OPTIONS=TRUE -DELF_PLT_UNWIND_LIST_OPTIONS=TRUE -g -O2 -MT eelf64ltsmip_fbsd.o -MD -MP -MF .deps/eelf64ltsmip_fbsd.Tpo -c -o eelf64ltsmip_fbsd.o eelf64ltsmip_fbsd.c
mv -f .deps/eelf64ltsmip_fbsd.Tpo .deps/eelf64ltsmip_fbsd.Po
base=`echo eelf64mmix.c | sed -e 's,e\(.*\).c,\1,'`; \
make run-genscripts "script_target=$base" "script_tdirname=tdir_$base"
make[5]: Entering directory '/external/binutils-2.35.1/ld'
/bin/bash ./genscripts.sh "." "/usr/local/lib" "/usr/local" "/usr/local" x86_64-pc-linux-gnu x86_64-pc-linux-gnu x86_64-pc-linux-gnu ".deps" "" "elf_x86_64 elf_i386 elf32_x86_64 elf_l1om elf_k1om" "/usr/local/lib /lib /usr/lib" no yes elf64mmix ""
make[5]: Leaving directory '/external/binutils-2.35.1/ld'
gcc -DHAVE_CONFIG_H -I.  -I. -I. -I../bfd -I./../bfd -I./../include -I./../zlib  -g -O2 -DLOCALEDIR="\"/usr/local/share/locale\""  -W -Wall -Wstrict-prototypes -Wmissing-prototypes -Wshadow -Wstack-usage=262144 -DELF_LIST_OPTIONS=TRUE -DELF_SHLIB_LIST_OPTIONS=TRUE -DELF_PLT_UNWIND_LIST_OPTIONS=TRUE -g -O2 -MT eelf64mmix.o -MD -MP -MF .deps/eelf64mmix.Tpo -c -o eelf64mmix.o eelf64mmix.c
mv -f .deps/eelf64mmix.Tpo .deps/eelf64mmix.Po
base=`echo eelf64ppc.c | sed -e 's,e\(.*\).c,\1,'`; \
make run-genscripts "script_target=$base" "script_tdirname=tdir_$base"
make[5]: Entering directory '/external/binutils-2.35.1/ld'
/bin/bash ./genscripts.sh "." "/usr/local/lib" "/usr/local" "/usr/local" x86_64-pc-linux-gnu x86_64-pc-linux-gnu x86_64-pc-linux-gnu ".deps" "" "elf_x86_64 elf_i386 elf32_x86_64 elf_l1om elf_k1om" "/usr/local/lib /lib /usr/lib" no yes elf64ppc ""
make[5]: Leaving directory '/external/binutils-2.35.1/ld'
gcc -DHAVE_CONFIG_H -I.  -I. -I. -I../bfd -I./../bfd -I./../include -I./../zlib  -g -O2 -DLOCALEDIR="\"/usr/local/share/locale\""  -W -Wall -Wstrict-prototypes -Wmissing-prototypes -Wshadow -Wstack-usage=262144 -DELF_LIST_OPTIONS=TRUE -DELF_SHLIB_LIST_OPTIONS=TRUE -DELF_PLT_UNWIND_LIST_OPTIONS=TRUE -g -O2 -MT eelf64ppc.o -MD -MP -MF .deps/eelf64ppc.Tpo -c -o eelf64ppc.o eelf64ppc.c
mv -f .deps/eelf64ppc.Tpo .deps/eelf64ppc.Po
base=`echo eelf64ppc_fbsd.c | sed -e 's,e\(.*\).c,\1,'`; \
make run-genscripts "script_target=$base" "script_tdirname=tdir_$base"
make[5]: Entering directory '/external/binutils-2.35.1/ld'
/bin/bash ./genscripts.sh "." "/usr/local/lib" "/usr/local" "/usr/local" x86_64-pc-linux-gnu x86_64-pc-linux-gnu x86_64-pc-linux-gnu ".deps" "" "elf_x86_64 elf_i386 elf32_x86_64 elf_l1om elf_k1om" "/usr/local/lib /lib /usr/lib" no yes elf64ppc_fbsd ""
make[5]: Leaving directory '/external/binutils-2.35.1/ld'
gcc -DHAVE_CONFIG_H -I.  -I. -I. -I../bfd -I./../bfd -I./../include -I./../zlib  -g -O2 -DLOCALEDIR="\"/usr/local/share/locale\""  -W -Wall -Wstrict-prototypes -Wmissing-prototypes -Wshadow -Wstack-usage=262144 -DELF_LIST_OPTIONS=TRUE -DELF_SHLIB_LIST_OPTIONS=TRUE -DELF_PLT_UNWIND_LIST_OPTIONS=TRUE -g -O2 -MT eelf64ppc_fbsd.o -MD -MP -MF .deps/eelf64ppc_fbsd.Tpo -c -o eelf64ppc_fbsd.o eelf64ppc_fbsd.c
mv -f .deps/eelf64ppc_fbsd.Tpo .deps/eelf64ppc_fbsd.Po
base=`echo eelf64rdos.c | sed -e 's,e\(.*\).c,\1,'`; \
make run-genscripts "script_target=$base" "script_tdirname=tdir_$base"
make[5]: Entering directory '/external/binutils-2.35.1/ld'
/bin/bash ./genscripts.sh "." "/usr/local/lib" "/usr/local" "/usr/local" x86_64-pc-linux-gnu x86_64-pc-linux-gnu x86_64-pc-linux-gnu ".deps" "" "elf_x86_64 elf_i386 elf32_x86_64 elf_l1om elf_k1om" "/usr/local/lib /lib /usr/lib" no yes elf64rdos ""
make[5]: Leaving directory '/external/binutils-2.35.1/ld'
gcc -DHAVE_CONFIG_H -I.  -I. -I. -I../bfd -I./../bfd -I./../include -I./../zlib  -g -O2 -DLOCALEDIR="\"/usr/local/share/locale\""  -W -Wall -Wstrict-prototypes -Wmissing-prototypes -Wshadow -Wstack-usage=262144 -DELF_LIST_OPTIONS=TRUE -DELF_SHLIB_LIST_OPTIONS=TRUE -DELF_PLT_UNWIND_LIST_OPTIONS=TRUE -g -O2 -MT eelf64rdos.o -MD -MP -MF .deps/eelf64rdos.Tpo -c -o eelf64rdos.o eelf64rdos.c
mv -f .deps/eelf64rdos.Tpo .deps/eelf64rdos.Po
base=`echo eelf64tilegx.c | sed -e 's,e\(.*\).c,\1,'`; \
make run-genscripts "script_target=$base" "script_tdirname=tdir_$base"
make[5]: Entering directory '/external/binutils-2.35.1/ld'
/bin/bash ./genscripts.sh "." "/usr/local/lib" "/usr/local" "/usr/local" x86_64-pc-linux-gnu x86_64-pc-linux-gnu x86_64-pc-linux-gnu ".deps" "" "elf_x86_64 elf_i386 elf32_x86_64 elf_l1om elf_k1om" "/usr/local/lib /lib /usr/lib" no yes elf64tilegx ""
make[5]: Leaving directory '/external/binutils-2.35.1/ld'
gcc -DHAVE_CONFIG_H -I.  -I. -I. -I../bfd -I./../bfd -I./../include -I./../zlib  -g -O2 -DLOCALEDIR="\"/usr/local/share/locale\""  -W -Wall -Wstrict-prototypes -Wmissing-prototypes -Wshadow -Wstack-usage=262144 -DELF_LIST_OPTIONS=TRUE -DELF_SHLIB_LIST_OPTIONS=TRUE -DELF_PLT_UNWIND_LIST_OPTIONS=TRUE -g -O2 -MT eelf64tilegx.o -MD -MP -MF .deps/eelf64tilegx.Tpo -c -o eelf64tilegx.o eelf64tilegx.c
mv -f .deps/eelf64tilegx.Tpo .deps/eelf64tilegx.Po
base=`echo eelf64tilegx_be.c | sed -e 's,e\(.*\).c,\1,'`; \
make run-genscripts "script_target=$base" "script_tdirname=tdir_$base"
make[5]: Entering directory '/external/binutils-2.35.1/ld'
/bin/bash ./genscripts.sh "." "/usr/local/lib" "/usr/local" "/usr/local" x86_64-pc-linux-gnu x86_64-pc-linux-gnu x86_64-pc-linux-gnu ".deps" "" "elf_x86_64 elf_i386 elf32_x86_64 elf_l1om elf_k1om" "/usr/local/lib /lib /usr/lib" no yes elf64tilegx_be ""
make[5]: Leaving directory '/external/binutils-2.35.1/ld'
gcc -DHAVE_CONFIG_H -I.  -I. -I. -I../bfd -I./../bfd -I./../include -I./../zlib  -g -O2 -DLOCALEDIR="\"/usr/local/share/locale\""  -W -Wall -Wstrict-prototypes -Wmissing-prototypes -Wshadow -Wstack-usage=262144 -DELF_LIST_OPTIONS=TRUE -DELF_SHLIB_LIST_OPTIONS=TRUE -DELF_PLT_UNWIND_LIST_OPTIONS=TRUE -g -O2 -MT eelf64tilegx_be.o -MD -MP -MF .deps/eelf64tilegx_be.Tpo -c -o eelf64tilegx_be.o eelf64tilegx_be.c
mv -f .deps/eelf64tilegx_be.Tpo .deps/eelf64tilegx_be.Po
base=`echo eelf_l1om.c | sed -e 's,e\(.*\).c,\1,'`; \
make run-genscripts "script_target=$base" "script_tdirname=tdir_$base"
make[5]: Entering directory '/external/binutils-2.35.1/ld'
/bin/bash ./genscripts.sh "." "/usr/local/lib" "/usr/local" "/usr/local" x86_64-pc-linux-gnu x86_64-pc-linux-gnu x86_64-pc-linux-gnu ".deps" "" "elf_x86_64 elf_i386 elf32_x86_64 elf_l1om elf_k1om" "/usr/local/lib /lib /usr/lib" no yes elf_l1om "x86_64-pc-linux-gnu"
make[5]: Leaving directory '/external/binutils-2.35.1/ld'
gcc -DHAVE_CONFIG_H -I.  -I. -I. -I../bfd -I./../bfd -I./../include -I./../zlib  -g -O2 -DLOCALEDIR="\"/usr/local/share/locale\""  -W -Wall -Wstrict-prototypes -Wmissing-prototypes -Wshadow -Wstack-usage=262144 -DELF_LIST_OPTIONS=TRUE -DELF_SHLIB_LIST_OPTIONS=TRUE -DELF_PLT_UNWIND_LIST_OPTIONS=TRUE -g -O2 -MT eelf_l1om.o -MD -MP -MF .deps/eelf_l1om.Tpo -c -o eelf_l1om.o eelf_l1om.c
mv -f .deps/eelf_l1om.Tpo .deps/eelf_l1om.Po
base=`echo eelf_l1om_fbsd.c | sed -e 's,e\(.*\).c,\1,'`; \
make run-genscripts "script_target=$base" "script_tdirname=tdir_$base"
make[5]: Entering directory '/external/binutils-2.35.1/ld'
/bin/bash ./genscripts.sh "." "/usr/local/lib" "/usr/local" "/usr/local" x86_64-pc-linux-gnu x86_64-pc-linux-gnu x86_64-pc-linux-gnu ".deps" "" "elf_x86_64 elf_i386 elf32_x86_64 elf_l1om elf_k1om" "/usr/local/lib /lib /usr/lib" no yes elf_l1om_fbsd ""
make[5]: Leaving directory '/external/binutils-2.35.1/ld'
gcc -DHAVE_CONFIG_H -I.  -I. -I. -I../bfd -I./../bfd -I./../include -I./../zlib  -g -O2 -DLOCALEDIR="\"/usr/local/share/locale\""  -W -Wall -Wstrict-prototypes -Wmissing-prototypes -Wshadow -Wstack-usage=262144 -DELF_LIST_OPTIONS=TRUE -DELF_SHLIB_LIST_OPTIONS=TRUE -DELF_PLT_UNWIND_LIST_OPTIONS=TRUE -g -O2 -MT eelf_l1om_fbsd.o -MD -MP -MF .deps/eelf_l1om_fbsd.Tpo -c -o eelf_l1om_fbsd.o eelf_l1om_fbsd.c
mv -f .deps/eelf_l1om_fbsd.Tpo .deps/eelf_l1om_fbsd.Po
base=`echo eelf_k1om.c | sed -e 's,e\(.*\).c,\1,'`; \
make run-genscripts "script_target=$base" "script_tdirname=tdir_$base"
make[5]: Entering directory '/external/binutils-2.35.1/ld'
/bin/bash ./genscripts.sh "." "/usr/local/lib" "/usr/local" "/usr/local" x86_64-pc-linux-gnu x86_64-pc-linux-gnu x86_64-pc-linux-gnu ".deps" "" "elf_x86_64 elf_i386 elf32_x86_64 elf_l1om elf_k1om" "/usr/local/lib /lib /usr/lib" no yes elf_k1om "x86_64-pc-linux-gnu"
make[5]: Leaving directory '/external/binutils-2.35.1/ld'
gcc -DHAVE_CONFIG_H -I.  -I. -I. -I../bfd -I./../bfd -I./../include -I./../zlib  -g -O2 -DLOCALEDIR="\"/usr/local/share/locale\""  -W -Wall -Wstrict-prototypes -Wmissing-prototypes -Wshadow -Wstack-usage=262144 -DELF_LIST_OPTIONS=TRUE -DELF_SHLIB_LIST_OPTIONS=TRUE -DELF_PLT_UNWIND_LIST_OPTIONS=TRUE -g -O2 -MT eelf_k1om.o -MD -MP -MF .deps/eelf_k1om.Tpo -c -o eelf_k1om.o eelf_k1om.c
mv -f .deps/eelf_k1om.Tpo .deps/eelf_k1om.Po
base=`echo eelf_k1om_fbsd.c | sed -e 's,e\(.*\).c,\1,'`; \
make run-genscripts "script_target=$base" "script_tdirname=tdir_$base"
make[5]: Entering directory '/external/binutils-2.35.1/ld'
/bin/bash ./genscripts.sh "." "/usr/local/lib" "/usr/local" "/usr/local" x86_64-pc-linux-gnu x86_64-pc-linux-gnu x86_64-pc-linux-gnu ".deps" "" "elf_x86_64 elf_i386 elf32_x86_64 elf_l1om elf_k1om" "/usr/local/lib /lib /usr/lib" no yes elf_k1om_fbsd ""
make[5]: Leaving directory '/external/binutils-2.35.1/ld'
gcc -DHAVE_CONFIG_H -I.  -I. -I. -I../bfd -I./../bfd -I./../include -I./../zlib  -g -O2 -DLOCALEDIR="\"/usr/local/share/locale\""  -W -Wall -Wstrict-prototypes -Wmissing-prototypes -Wshadow -Wstack-usage=262144 -DELF_LIST_OPTIONS=TRUE -DELF_SHLIB_LIST_OPTIONS=TRUE -DELF_PLT_UNWIND_LIST_OPTIONS=TRUE -g -O2 -MT eelf_k1om_fbsd.o -MD -MP -MF .deps/eelf_k1om_fbsd.Tpo -c -o eelf_k1om_fbsd.o eelf_k1om_fbsd.c
mv -f .deps/eelf_k1om_fbsd.Tpo .deps/eelf_k1om_fbsd.Po
base=`echo eelf_x86_64.c | sed -e 's,e\(.*\).c,\1,'`; \
make run-genscripts "script_target=$base" "script_tdirname=tdir_$base"
make[5]: Entering directory '/external/binutils-2.35.1/ld'
/bin/bash ./genscripts.sh "." "/usr/local/lib" "/usr/local" "/usr/local" x86_64-pc-linux-gnu x86_64-pc-linux-gnu x86_64-pc-linux-gnu ".deps" "" "elf_x86_64 elf_i386 elf32_x86_64 elf_l1om elf_k1om" "/usr/local/lib /lib /usr/lib" no yes elf_x86_64 "x86_64-pc-linux-gnu"
make[5]: Leaving directory '/external/binutils-2.35.1/ld'
gcc -DHAVE_CONFIG_H -I.  -I. -I. -I../bfd -I./../bfd -I./../include -I./../zlib  -g -O2 -DLOCALEDIR="\"/usr/local/share/locale\""  -W -Wall -Wstrict-prototypes -Wmissing-prototypes -Wshadow -Wstack-usage=262144 -DELF_LIST_OPTIONS=TRUE -DELF_SHLIB_LIST_OPTIONS=TRUE -DELF_PLT_UNWIND_LIST_OPTIONS=TRUE -g -O2 -MT eelf_x86_64.o -MD -MP -MF .deps/eelf_x86_64.Tpo -c -o eelf_x86_64.o eelf_x86_64.c
mv -f .deps/eelf_x86_64.Tpo .deps/eelf_x86_64.Po
base=`echo eelf_x86_64_cloudabi.c | sed -e 's,e\(.*\).c,\1,'`; \
make run-genscripts "script_target=$base" "script_tdirname=tdir_$base"
make[5]: Entering directory '/external/binutils-2.35.1/ld'
/bin/bash ./genscripts.sh "." "/usr/local/lib" "/usr/local" "/usr/local" x86_64-pc-linux-gnu x86_64-pc-linux-gnu x86_64-pc-linux-gnu ".deps" "" "elf_x86_64 elf_i386 elf32_x86_64 elf_l1om elf_k1om" "/usr/local/lib /lib /usr/lib" no yes elf_x86_64_cloudabi ""
make[5]: Leaving directory '/external/binutils-2.35.1/ld'
gcc -DHAVE_CONFIG_H -I.  -I. -I. -I../bfd -I./../bfd -I./../include -I./../zlib  -g -O2 -DLOCALEDIR="\"/usr/local/share/locale\""  -W -Wall -Wstrict-prototypes -Wmissing-prototypes -Wshadow -Wstack-usage=262144 -DELF_LIST_OPTIONS=TRUE -DELF_SHLIB_LIST_OPTIONS=TRUE -DELF_PLT_UNWIND_LIST_OPTIONS=TRUE -g -O2 -MT eelf_x86_64_cloudabi.o -MD -MP -MF .deps/eelf_x86_64_cloudabi.Tpo -c -o eelf_x86_64_cloudabi.o eelf_x86_64_cloudabi.c
mv -f .deps/eelf_x86_64_cloudabi.Tpo .deps/eelf_x86_64_cloudabi.Po
base=`echo eelf_x86_64_fbsd.c | sed -e 's,e\(.*\).c,\1,'`; \
make run-genscripts "script_target=$base" "script_tdirname=tdir_$base"
make[5]: Entering directory '/external/binutils-2.35.1/ld'
/bin/bash ./genscripts.sh "." "/usr/local/lib" "/usr/local" "/usr/local" x86_64-pc-linux-gnu x86_64-pc-linux-gnu x86_64-pc-linux-gnu ".deps" "" "elf_x86_64 elf_i386 elf32_x86_64 elf_l1om elf_k1om" "/usr/local/lib /lib /usr/lib" no yes elf_x86_64_fbsd ""
make[5]: Leaving directory '/external/binutils-2.35.1/ld'
gcc -DHAVE_CONFIG_H -I.  -I. -I. -I../bfd -I./../bfd -I./../include -I./../zlib  -g -O2 -DLOCALEDIR="\"/usr/local/share/locale\""  -W -Wall -Wstrict-prototypes -Wmissing-prototypes -Wshadow -Wstack-usage=262144 -DELF_LIST_OPTIONS=TRUE -DELF_SHLIB_LIST_OPTIONS=TRUE -DELF_PLT_UNWIND_LIST_OPTIONS=TRUE -g -O2 -MT eelf_x86_64_fbsd.o -MD -MP -MF .deps/eelf_x86_64_fbsd.Tpo -c -o eelf_x86_64_fbsd.o eelf_x86_64_fbsd.c
mv -f .deps/eelf_x86_64_fbsd.Tpo .deps/eelf_x86_64_fbsd.Po
base=`echo eelf_x86_64_sol2.c | sed -e 's,e\(.*\).c,\1,'`; \
make run-genscripts "script_target=$base" "script_tdirname=tdir_$base"
make[5]: Entering directory '/external/binutils-2.35.1/ld'
/bin/bash ./genscripts.sh "." "/usr/local/lib" "/usr/local" "/usr/local" x86_64-pc-linux-gnu x86_64-pc-linux-gnu x86_64-pc-linux-gnu ".deps" "" "elf_x86_64 elf_i386 elf32_x86_64 elf_l1om elf_k1om" "/usr/local/lib /lib /usr/lib" no yes elf_x86_64_sol2 ""
make[5]: Leaving directory '/external/binutils-2.35.1/ld'
gcc -DHAVE_CONFIG_H -I.  -I. -I. -I../bfd -I./../bfd -I./../include -I./../zlib  -g -O2 -DLOCALEDIR="\"/usr/local/share/locale\""  -W -Wall -Wstrict-prototypes -Wmissing-prototypes -Wshadow -Wstack-usage=262144 -DELF_LIST_OPTIONS=TRUE -DELF_SHLIB_LIST_OPTIONS=TRUE -DELF_PLT_UNWIND_LIST_OPTIONS=TRUE -g -O2 -MT eelf_x86_64_sol2.o -MD -MP -MF .deps/eelf_x86_64_sol2.Tpo -c -o eelf_x86_64_sol2.o eelf_x86_64_sol2.c
mv -f .deps/eelf_x86_64_sol2.Tpo .deps/eelf_x86_64_sol2.Po
base=`echo ehppa64linux.c | sed -e 's,e\(.*\).c,\1,'`; \
make run-genscripts "script_target=$base" "script_tdirname=tdir_$base"
make[5]: Entering directory '/external/binutils-2.35.1/ld'
/bin/bash ./genscripts.sh "." "/usr/local/lib" "/usr/local" "/usr/local" x86_64-pc-linux-gnu x86_64-pc-linux-gnu x86_64-pc-linux-gnu ".deps" "" "elf_x86_64 elf_i386 elf32_x86_64 elf_l1om elf_k1om" "/usr/local/lib /lib /usr/lib" no yes hppa64linux ""
make[5]: Leaving directory '/external/binutils-2.35.1/ld'
gcc -DHAVE_CONFIG_H -I.  -I. -I. -I../bfd -I./../bfd -I./../include -I./../zlib  -g -O2 -DLOCALEDIR="\"/usr/local/share/locale\""  -W -Wall -Wstrict-prototypes -Wmissing-prototypes -Wshadow -Wstack-usage=262144 -DELF_LIST_OPTIONS=TRUE -DELF_SHLIB_LIST_OPTIONS=TRUE -DELF_PLT_UNWIND_LIST_OPTIONS=TRUE -g -O2 -MT ehppa64linux.o -MD -MP -MF .deps/ehppa64linux.Tpo -c -o ehppa64linux.o ehppa64linux.c
mv -f .deps/ehppa64linux.Tpo .deps/ehppa64linux.Po
base=`echo ei386pep.c | sed -e 's,e\(.*\).c,\1,'`; \
make run-genscripts "script_target=$base" "script_tdirname=tdir_$base"
make[5]: Entering directory '/external/binutils-2.35.1/ld'
/bin/bash ./genscripts.sh "." "/usr/local/lib" "/usr/local" "/usr/local" x86_64-pc-linux-gnu x86_64-pc-linux-gnu x86_64-pc-linux-gnu ".deps" "" "elf_x86_64 elf_i386 elf32_x86_64 elf_l1om elf_k1om" "/usr/local/lib /lib /usr/lib" no yes i386pep ""
make[5]: Leaving directory '/external/binutils-2.35.1/ld'
gcc -DHAVE_CONFIG_H -I.  -I. -I. -I../bfd -I./../bfd -I./../include -I./../zlib  -g -O2 -DLOCALEDIR="\"/usr/local/share/locale\""  -W -Wall -Wstrict-prototypes -Wmissing-prototypes -Wshadow -Wstack-usage=262144 -DELF_LIST_OPTIONS=TRUE -DELF_SHLIB_LIST_OPTIONS=TRUE -DELF_PLT_UNWIND_LIST_OPTIONS=TRUE -g -O2 -MT ei386pep.o -MD -MP -MF .deps/ei386pep.Tpo -c -o ei386pep.o ei386pep.c
mv -f .deps/ei386pep.Tpo .deps/ei386pep.Po
base=`echo emmo.c | sed -e 's,e\(.*\).c,\1,'`; \
make run-genscripts "script_target=$base" "script_tdirname=tdir_$base"
make[5]: Entering directory '/external/binutils-2.35.1/ld'
/bin/bash ./genscripts.sh "." "/usr/local/lib" "/usr/local" "/usr/local" x86_64-pc-linux-gnu x86_64-pc-linux-gnu x86_64-pc-linux-gnu ".deps" "" "elf_x86_64 elf_i386 elf32_x86_64 elf_l1om elf_k1om" "/usr/local/lib /lib /usr/lib" no yes mmo ""
make[5]: Leaving directory '/external/binutils-2.35.1/ld'
gcc -DHAVE_CONFIG_H -I.  -I. -I. -I../bfd -I./../bfd -I./../include -I./../zlib  -g -O2 -DLOCALEDIR="\"/usr/local/share/locale\""  -W -Wall -Wstrict-prototypes -Wmissing-prototypes -Wshadow -Wstack-usage=262144 -DELF_LIST_OPTIONS=TRUE -DELF_SHLIB_LIST_OPTIONS=TRUE -DELF_PLT_UNWIND_LIST_OPTIONS=TRUE -g -O2 -MT emmo.o -MD -MP -MF .deps/emmo.Tpo -c -o emmo.o emmo.c
mv -f .deps/emmo.Tpo .deps/emmo.Po
gcc -DHAVE_CONFIG_H -I.  -I. -I. -I../bfd -I./../bfd -I./../include -I./../zlib  -g -O2 -DLOCALEDIR="\"/usr/local/share/locale\""  -W -Wall -Wstrict-prototypes -Wmissing-prototypes -Wshadow -Wstack-usage=262144 -DELF_LIST_OPTIONS=TRUE -DELF_SHLIB_LIST_OPTIONS=TRUE -DELF_PLT_UNWIND_LIST_OPTIONS=TRUE -g -O2 -MT deffilep.o -MD -MP -MF .deps/deffilep.Tpo -c -o deffilep.o `test -f deffilep.c || echo ./`deffilep.c 
mv -f .deps/deffilep.Tpo .deps/deffilep.Po
gcc -DHAVE_CONFIG_H -I.  -I. -I. -I../bfd -I./../bfd -I./../include -I./../zlib  -g -O2 -DLOCALEDIR="\"/usr/local/share/locale\""  -W -Wall -Wstrict-prototypes -Wmissing-prototypes -Wshadow -Wstack-usage=262144 -DELF_LIST_OPTIONS=TRUE -DELF_SHLIB_LIST_OPTIONS=TRUE -DELF_PLT_UNWIND_LIST_OPTIONS=TRUE -g -O2 -MT pe-dll.o -MD -MP -MF .deps/pe-dll.Tpo -c -o pe-dll.o pe-dll.c
mv -f .deps/pe-dll.Tpo .deps/pe-dll.Po
gcc -DHAVE_CONFIG_H -I.  -I. -I. -I../bfd -I./../bfd -I./../include -I./../zlib  -g -O2 -DLOCALEDIR="\"/usr/local/share/locale\""  -W -Wall -Wstrict-prototypes -Wmissing-prototypes -Wshadow -Wstack-usage=262144 -DELF_LIST_OPTIONS=TRUE -DELF_SHLIB_LIST_OPTIONS=TRUE -DELF_PLT_UNWIND_LIST_OPTIONS=TRUE -g -O2 -MT ldelf.o -MD -MP -MF .deps/ldelf.Tpo -c -o ldelf.o ldelf.c
mv -f .deps/ldelf.Tpo .deps/ldelf.Po
gcc -DHAVE_CONFIG_H -I.  -I. -I. -I../bfd -I./../bfd -I./../include -I./../zlib  -g -O2 -DLOCALEDIR="\"/usr/local/share/locale\""  -W -Wall -Wstrict-prototypes -Wmissing-prototypes -Wshadow -Wstack-usage=262144 -DELF_LIST_OPTIONS=TRUE -DELF_SHLIB_LIST_OPTIONS=TRUE -DELF_PLT_UNWIND_LIST_OPTIONS=TRUE -g -O2 -MT ldelfgen.o -MD -MP -MF .deps/ldelfgen.Tpo -c -o ldelfgen.o ldelfgen.c
mv -f .deps/ldelfgen.Tpo .deps/ldelfgen.Po
gcc -DHAVE_CONFIG_H -I.  -I. -I. -I../bfd -I./../bfd -I./../include -I./../zlib  -g -O2 -DLOCALEDIR="\"/usr/local/share/locale\""  -W -Wall -Wstrict-prototypes -Wmissing-prototypes -Wshadow -Wstack-usage=262144 -DELF_LIST_OPTIONS=TRUE -DELF_SHLIB_LIST_OPTIONS=TRUE -DELF_PLT_UNWIND_LIST_OPTIONS=TRUE -g -O2 -MT pep-dll.o -MD -MP -MF .deps/pep-dll.Tpo -c -o pep-dll.o pep-dll.c
mv -f .deps/pep-dll.Tpo .deps/pep-dll.Po
/bin/bash ./libtool  --tag=CC   --mode=link gcc -W -Wall -Wstrict-prototypes -Wmissing-prototypes -Wshadow -Wstack-usage=262144 -DELF_LIST_OPTIONS=TRUE -DELF_SHLIB_LIST_OPTIONS=TRUE -DELF_PLT_UNWIND_LIST_OPTIONS=TRUE -g -O2   -o ld-new ldgram.o ldlex-wrapper.o lexsup.o ldlang.o mri.o ldctor.o ldmain.o ldwrite.o ldexp.o ldemul.o ldver.o ldmisc.o ldfile.o ldcref.o plugin.o ldbuildid.o eaix5ppc.o eaix5rs6.o eaixppc.o eaixrs6.o ealpha.o ealphavms.o earcv2elf.o earcv2elfx.o earcelf.o earclinux.o earclinux_nps.o earm_wince_pe.o earmelf.o earmelf_fbsd.o earmelf_fuchsia.o earmelf_linux.o earmelf_linux_eabi.o earmelf_linux_fdpiceabi.o earmelf_nacl.o earmelf_nbsd.o earmelf_phoenix.o earmelf_vxworks.o earmelfb.o earmelfb_fbsd.o earmelfb_fuchsia.o earmelfb_linux.o earmelfb_linux_eabi.o earmelfb_linux_fdpiceabi.o earmelfb_nacl.o earmelfb_nbsd.o earmnto.o earmpe.o earmsymbian.o eavr1.o eavr2.o eavr25.o eavr3.o eavr31.o eavr35.o eavr4.o eavr5.o eavr51.o eavr6.o eavrxmega1.o eavrxmega2.o eavrxmega3.o eavrxmega4.o eavrxmega5.o eavrxmega6.o eavrxmega7.o eavrtiny.o ecrisaout.o ecriself.o ecrislinux.o ecskyelf.o ecskyelf_linux.o ed10velf.o ed30v_e.o ed30v_o.o ed30velf.o eelf32_dlx.o eelf32_sparc.o eelf32_sparc_sol2.o eelf32_sparc_vxworks.o eelf32_spu.o eelf32_tic6x_be.o eelf32_tic6x_le.o eelf32_tic6x_linux_be.o eelf32_tic6x_linux_le.o eelf32_tic6x_elf_be.o eelf32_tic6x_elf_le.o eelf32am33lin.o eelf32bfin.o eelf32bfinfd.o eelf32cr16.o eelf32crx.o eelf32epiphany.o eelf32epiphany_4x4.o eelf32fr30.o eelf32frv.o eelf32frvfd.o eelf32ft32.o eelf32ip2k.o eelf32iq10.o eelf32iq2000.o eelf32lm32.o eelf32lm32fd.o eelf32lppc.o eelf32lppclinux.o eelf32lppcnto.o eelf32lppcsim.o eelf32m32c.o eelf32mb_linux.o eelf32mbel_linux.o eelf32mcore.o eelf32mep.o eelf32metag.o eelf32microblazeel.o eelf32microblaze.o eelf32moxie.o emoxiebox.o eelf32mt.o eelf32or1k.o eelf32or1k_linux.o eelf32ppc.o eelf32ppc_fbsd.o eelf32ppclinux.o eelf32ppcnto.o eelf32ppcsim.o eelf32ppcvxworks.o eelf32ppcwindiss.o eelf32lriscv.o eelf32lriscv_ilp32f.o eelf32lriscv_ilp32.o eelf32rl78.o eelf32rx.o eelf32rx_linux.o eelf32tilegx.o eelf32tilegx_be.o eelf32tilepro.o eelf32vax.o eelf32visium.o eelf32xc16x.o eelf32xc16xl.o eelf32xc16xs.o eelf32xstormy16.o eelf32xtensa.o eelf32z80.o eelf_i386.o eelf_i386_be.o eelf_i386_fbsd.o eelf_i386_ldso.o eelf_i386_sol2.o eelf_i386_vxworks.o eelf_iamcu.o eelf_s390.o eh8300elf.o eh8300elf_linux.o eh8300helf.o eh8300helf_linux.o eh8300hnelf.o eh8300self.o eh8300self_linux.o eh8300snelf.o eh8300sxelf.o eh8300sxelf_linux.o eh8300sxnelf.o ehppaelf.o ehppalinux.o ehppanbsd.o ehppaobsd.o ei386aout.o ei386beos.o ei386bsd.o ei386go32.o ei386lynx.o ei386moss.o ei386msdos.o ei386nto.o ei386pe.o ei386pe_posix.o em32relf.o em32relf_linux.o em32rlelf.o em32rlelf_linux.o em68hc11elf.o em68hc11elfb.o em68hc12elf.o em68hc12elfb.o em68kelf.o em68kelfnbsd.o em9s12zelf.o emcorepe.o emn10200.o emn10300.o emsp430elf.o emsp430X.o ends32elf.o ends32elf16m.o ends32elf_linux.o ends32belf.o ends32belf16m.o ends32belf_linux.o ens32knbsd.o enios2elf.o enios2linux.o epc532macha.o epdp11.o epjelf.o epjlelf.o eppclynx.o eppcmacos.o eppcpe.o epruelf.o escore3_elf.o escore7_elf.o esh.o eshelf.o eshelf_fd.o eshelf_linux.o eshelf_nbsd.o eshelf_nto.o eshelf_uclinux.o eshelf_vxworks.o eshl.o eshlelf.o eshlelf_fd.o eshlelf_linux.o eshlelf_nbsd.o eshlelf_nto.o eshlelf_vxworks.o eshpe.o etic30coff.o etic3xcoff.o etic3xcoff_onchip.o etic4xcoff.o etic54xcoff.o ev850.o ev850_rh850.o evanilla.o evaxnbsd.o exgateelf.o ez80.o ez8001.o ez8002.o eaarch64elf.o eaarch64elf32.o eaarch64elfb.o eaarch64elf32b.o eaarch64cloudabi.o eaarch64cloudabib.o eaarch64fbsd.o eaarch64fbsdb.o eaarch64linux.o eaarch64linuxb.o eaarch64linux32.o eaarch64linux32b.o eelf32_x86_64.o eelf32b4300.o eelf32bmip.o eelf32bmipn32.o eelf32bsmip.o eelf32btsmip.o eelf32btsmip_fbsd.o eelf32btsmipn32.o eelf32btsmipn32_fbsd.o eelf32ebmip.o eelf32ebmipvxworks.o eelf32elmip.o eelf32elmipvxworks.o eelf32l4300.o eelf32lmip.o eelf32lr5900.o eelf32lr5900n32.o eelf32lsmip.o eelf32ltsmip.o eelf32ltsmip_fbsd.o eelf32ltsmipn32.o eelf32ltsmipn32_fbsd.o eelf32mipswindiss.o eelf64_aix.o eelf64bpf.o eelf64_ia64.o eelf64_ia64_fbsd.o eelf64_ia64_vms.o eelf64_s390.o eelf64_sparc.o eelf64_sparc_fbsd.o eelf64_sparc_sol2.o eelf64alpha.o eelf64alpha_fbsd.o eelf64alpha_nbsd.o eelf64bmip.o eelf64btsmip.o eelf64btsmip_fbsd.o eelf64hppa.o eelf64lppc.o eelf64lriscv.o eelf64lriscv_lp64f.o eelf64lriscv_lp64.o eelf64ltsmip.o eelf64ltsmip_fbsd.o eelf64mmix.o eelf64ppc.o eelf64ppc_fbsd.o eelf64rdos.o eelf64tilegx.o eelf64tilegx_be.o eelf_l1om.o eelf_l1om_fbsd.o eelf_k1om.o eelf_k1om_fbsd.o eelf_x86_64.o eelf_x86_64_cloudabi.o eelf_x86_64_fbsd.o eelf_x86_64_sol2.o ehppa64linux.o ei386pep.o emmo.o deffilep.o pe-dll.o ldelf.o ldelfgen.o pep-dll.o ../bfd/libbfd.la ../libctf/libctf.la ../libiberty/libiberty.a  -L./../zlib -lz -ldl 
libtool: link: gcc -W -Wall -Wstrict-prototypes -Wmissing-prototypes -Wshadow -Wstack-usage=262144 -DELF_LIST_OPTIONS=TRUE -DELF_SHLIB_LIST_OPTIONS=TRUE -DELF_PLT_UNWIND_LIST_OPTIONS=TRUE -g -O2 -o ld-new ldgram.o ldlex-wrapper.o lexsup.o ldlang.o mri.o ldctor.o ldmain.o ldwrite.o ldexp.o ldemul.o ldver.o ldmisc.o ldfile.o ldcref.o plugin.o ldbuildid.o eaix5ppc.o eaix5rs6.o eaixppc.o eaixrs6.o ealpha.o ealphavms.o earcv2elf.o earcv2elfx.o earcelf.o earclinux.o earclinux_nps.o earm_wince_pe.o earmelf.o earmelf_fbsd.o earmelf_fuchsia.o earmelf_linux.o earmelf_linux_eabi.o earmelf_linux_fdpiceabi.o earmelf_nacl.o earmelf_nbsd.o earmelf_phoenix.o earmelf_vxworks.o earmelfb.o earmelfb_fbsd.o earmelfb_fuchsia.o earmelfb_linux.o earmelfb_linux_eabi.o earmelfb_linux_fdpiceabi.o earmelfb_nacl.o earmelfb_nbsd.o earmnto.o earmpe.o earmsymbian.o eavr1.o eavr2.o eavr25.o eavr3.o eavr31.o eavr35.o eavr4.o eavr5.o eavr51.o eavr6.o eavrxmega1.o eavrxmega2.o eavrxmega3.o eavrxmega4.o eavrxmega5.o eavrxmega6.o eavrxmega7.o eavrtiny.o ecrisaout.o ecriself.o ecrislinux.o ecskyelf.o ecskyelf_linux.o ed10velf.o ed30v_e.o ed30v_o.o ed30velf.o eelf32_dlx.o eelf32_sparc.o eelf32_sparc_sol2.o eelf32_sparc_vxworks.o eelf32_spu.o eelf32_tic6x_be.o eelf32_tic6x_le.o eelf32_tic6x_linux_be.o eelf32_tic6x_linux_le.o eelf32_tic6x_elf_be.o eelf32_tic6x_elf_le.o eelf32am33lin.o eelf32bfin.o eelf32bfinfd.o eelf32cr16.o eelf32crx.o eelf32epiphany.o eelf32epiphany_4x4.o eelf32fr30.o eelf32frv.o eelf32frvfd.o eelf32ft32.o eelf32ip2k.o eelf32iq10.o eelf32iq2000.o eelf32lm32.o eelf32lm32fd.o eelf32lppc.o eelf32lppclinux.o eelf32lppcnto.o eelf32lppcsim.o eelf32m32c.o eelf32mb_linux.o eelf32mbel_linux.o eelf32mcore.o eelf32mep.o eelf32metag.o eelf32microblazeel.o eelf32microblaze.o eelf32moxie.o emoxiebox.o eelf32mt.o eelf32or1k.o eelf32or1k_linux.o eelf32ppc.o eelf32ppc_fbsd.o eelf32ppclinux.o eelf32ppcnto.o eelf32ppcsim.o eelf32ppcvxworks.o eelf32ppcwindiss.o eelf32lriscv.o eelf32lriscv_ilp32f.o eelf32lriscv_ilp32.o eelf32rl78.o eelf32rx.o eelf32rx_linux.o eelf32tilegx.o eelf32tilegx_be.o eelf32tilepro.o eelf32vax.o eelf32visium.o eelf32xc16x.o eelf32xc16xl.o eelf32xc16xs.o eelf32xstormy16.o eelf32xtensa.o eelf32z80.o eelf_i386.o eelf_i386_be.o eelf_i386_fbsd.o eelf_i386_ldso.o eelf_i386_sol2.o eelf_i386_vxworks.o eelf_iamcu.o eelf_s390.o eh8300elf.o eh8300elf_linux.o eh8300helf.o eh8300helf_linux.o eh8300hnelf.o eh8300self.o eh8300self_linux.o eh8300snelf.o eh8300sxelf.o eh8300sxelf_linux.o eh8300sxnelf.o ehppaelf.o ehppalinux.o ehppanbsd.o ehppaobsd.o ei386aout.o ei386beos.o ei386bsd.o ei386go32.o ei386lynx.o ei386moss.o ei386msdos.o ei386nto.o ei386pe.o ei386pe_posix.o em32relf.o em32relf_linux.o em32rlelf.o em32rlelf_linux.o em68hc11elf.o em68hc11elfb.o em68hc12elf.o em68hc12elfb.o em68kelf.o em68kelfnbsd.o em9s12zelf.o emcorepe.o emn10200.o emn10300.o emsp430elf.o emsp430X.o ends32elf.o ends32elf16m.o ends32elf_linux.o ends32belf.o ends32belf16m.o ends32belf_linux.o ens32knbsd.o enios2elf.o enios2linux.o epc532macha.o epdp11.o epjelf.o epjlelf.o eppclynx.o eppcmacos.o eppcpe.o epruelf.o escore3_elf.o escore7_elf.o esh.o eshelf.o eshelf_fd.o eshelf_linux.o eshelf_nbsd.o eshelf_nto.o eshelf_uclinux.o eshelf_vxworks.o eshl.o eshlelf.o eshlelf_fd.o eshlelf_linux.o eshlelf_nbsd.o eshlelf_nto.o eshlelf_vxworks.o eshpe.o etic30coff.o etic3xcoff.o etic3xcoff_onchip.o etic4xcoff.o etic54xcoff.o ev850.o ev850_rh850.o evanilla.o evaxnbsd.o exgateelf.o ez80.o ez8001.o ez8002.o eaarch64elf.o eaarch64elf32.o eaarch64elfb.o eaarch64elf32b.o eaarch64cloudabi.o eaarch64cloudabib.o eaarch64fbsd.o eaarch64fbsdb.o eaarch64linux.o eaarch64linuxb.o eaarch64linux32.o eaarch64linux32b.o eelf32_x86_64.o eelf32b4300.o eelf32bmip.o eelf32bmipn32.o eelf32bsmip.o eelf32btsmip.o eelf32btsmip_fbsd.o eelf32btsmipn32.o eelf32btsmipn32_fbsd.o eelf32ebmip.o eelf32ebmipvxworks.o eelf32elmip.o eelf32elmipvxworks.o eelf32l4300.o eelf32lmip.o eelf32lr5900.o eelf32lr5900n32.o eelf32lsmip.o eelf32ltsmip.o eelf32ltsmip_fbsd.o eelf32ltsmipn32.o eelf32ltsmipn32_fbsd.o eelf32mipswindiss.o eelf64_aix.o eelf64bpf.o eelf64_ia64.o eelf64_ia64_fbsd.o eelf64_ia64_vms.o eelf64_s390.o eelf64_sparc.o eelf64_sparc_fbsd.o eelf64_sparc_sol2.o eelf64alpha.o eelf64alpha_fbsd.o eelf64alpha_nbsd.o eelf64bmip.o eelf64btsmip.o eelf64btsmip_fbsd.o eelf64hppa.o eelf64lppc.o eelf64lriscv.o eelf64lriscv_lp64f.o eelf64lriscv_lp64.o eelf64ltsmip.o eelf64ltsmip_fbsd.o eelf64mmix.o eelf64ppc.o eelf64ppc_fbsd.o eelf64rdos.o eelf64tilegx.o eelf64tilegx_be.o eelf_l1om.o eelf_l1om_fbsd.o eelf_k1om.o eelf_k1om_fbsd.o eelf_x86_64.o eelf_x86_64_cloudabi.o eelf_x86_64_fbsd.o eelf_x86_64_sol2.o ehppa64linux.o ei386pep.o emmo.o deffilep.o pe-dll.o ldelf.o ldelfgen.o pep-dll.o  ../bfd/.libs/libbfd.a -L/external/binutils-2.35.1/zlib ../libctf/.libs/libctf.a ../libiberty/libiberty.a -lz -ldl
make[4]: Leaving directory '/external/binutils-2.35.1/ld'
make[3]: Leaving directory '/external/binutils-2.35.1/ld'
make[2]: Leaving directory '/external/binutils-2.35.1/ld'
make[1]: Nothing to be done for 'all-target'.
make[1]: Leaving directory '/external/binutils-2.35.1'
[0;32mobjdump installed successfully[0m

To check binaries to known CSV entries and CVSS values, we need a vulnerability database. Additional we have to parse data and need jq as tool for it, if it's missing, it will be installed.

[0;33m[1mcve.mitre.org database[0m
Description: CVE® is a list of records—each containing an identification number, a description, and at least one public reference—for publicly known cybersecurity vulnerabilities.
Download-Size: 0 B
[0;33mcve.mitre.org database will be downloaded.[0m

[0;33m[1mjq[0m
Description: lightweight and flexible command-line JSON processor
[0;33mjq will be newly installed.[0m

[0;33m[1mnvdcve-1.1-2002.json[0m
Download-Size: 0 B
[0;33mnvdcve-1.1-2002.json will be downloaded.[0m

[0;33m[1mnvdcve-1.1-2003.json[0m
Download-Size: 0 B
[0;33mnvdcve-1.1-2003.json will be downloaded.[0m

[0;33m[1mnvdcve-1.1-2004.json[0m
Download-Size: 0 B
[0;33mnvdcve-1.1-2004.json will be downloaded.[0m

[0;33m[1mnvdcve-1.1-2005.json[0m
Download-Size: 0 B
[0;33mnvdcve-1.1-2005.json will be downloaded.[0m

[0;33m[1mnvdcve-1.1-2006.json[0m
Download-Size: 0 B
[0;33mnvdcve-1.1-2006.json will be downloaded.[0m

[0;33m[1mnvdcve-1.1-2007.json[0m
Download-Size: 0 B
[0;33mnvdcve-1.1-2007.json will be downloaded.[0m

[0;33m[1mnvdcve-1.1-2008.json[0m
Download-Size: 0 B
[0;33mnvdcve-1.1-2008.json will be downloaded.[0m

[0;33m[1mnvdcve-1.1-2009.json[0m
Download-Size: 0 B
[0;33mnvdcve-1.1-2009.json will be downloaded.[0m

[0;33m[1mnvdcve-1.1-2010.json[0m
Download-Size: 0 B
[0;33mnvdcve-1.1-2010.json will be downloaded.[0m

[0;33m[1mnvdcve-1.1-2011.json[0m
Download-Size: 0 B
[0;33mnvdcve-1.1-2011.json will be downloaded.[0m

[0;33m[1mnvdcve-1.1-2012.json[0m
Download-Size: 0 B
[0;33mnvdcve-1.1-2012.json will be downloaded.[0m

[0;33m[1mnvdcve-1.1-2013.json[0m
Download-Size: 0 B
[0;33mnvdcve-1.1-2013.json will be downloaded.[0m

[0;33m[1mnvdcve-1.1-2014.json[0m
Download-Size: 0 B
[0;33mnvdcve-1.1-2014.json will be downloaded.[0m

[0;33m[1mnvdcve-1.1-2015.json[0m
Download-Size: 0 B
[0;33mnvdcve-1.1-2015.json will be downloaded.[0m

[0;33m[1mnvdcve-1.1-2016.json[0m
Download-Size: 0 B
[0;33mnvdcve-1.1-2016.json will be downloaded.[0m

[0;33m[1mnvdcve-1.1-2017.json[0m
Download-Size: 0 B
[0;33mnvdcve-1.1-2017.json will be downloaded.[0m

[0;33m[1mnvdcve-1.1-2018.json[0m
Download-Size: 0 B
[0;33mnvdcve-1.1-2018.json will be downloaded.[0m

[0;33m[1mnvdcve-1.1-2019.json[0m
Download-Size: 0 B
[0;33mnvdcve-1.1-2019.json will be downloaded.[0m

[0;33m[1mnvdcve-1.1-2020.json[0m
Download-Size: 0 B
[0;33mnvdcve-1.1-2020.json will be downloaded.[0m

[0;33m[1mnvdcve-1.1-2021.json[0m
Download-Size: 0 B
[0;33mnvdcve-1.1-2021.json will be downloaded.[0m

[0;35m[1mThese databases will be downloaded and jq be installed (if not already on the system)![0m
Reading package lists...
Building dependency tree...
Reading state information...
The following packages were automatically installed and are no longer required:
  bundler fonts-lato john john-data libgmp-dev libgmpxx4ldbl liblinear4
  libpcap0.8 libruby2.7 lua-lpeg nasm nmap nmap-common
  oracle-instantclient-basic postgresql rake ruby ruby-bundler ruby-dev
  ruby-minitest ruby-net-telnet ruby-power-assert ruby-rubygems ruby-test-unit
  ruby-xmlrpc ruby2.7 ruby2.7-dev ruby2.7-doc rubygems-integration zip
Use 'sudo apt autoremove' to remove them.
The following additional packages will be installed:
  libjq1 libonig5
The following NEW packages will be installed:
  jq libjq1 libonig5
0 upgraded, 3 newly installed, 0 to remove and 0 not upgraded.
Need to get 384 kB of archives.
After this operation, 1148 kB of additional disk space will be used.
Get:1 http://kali.cs.nctu.edu.tw/kali kali-rolling/main amd64 libonig5 amd64 6.9.6-1.1 [185 kB]
Get:2 http://kali.cs.nctu.edu.tw/kali kali-rolling/main amd64 libjq1 amd64 1.6-2.1 [135 kB]
Get:3 http://kali.cs.nctu.edu.tw/kali kali-rolling/main amd64 jq amd64 1.6-2.1 [64.9 kB]
Fetched 384 kB in 1s (389 kB/s)
Selecting previously unselected package libonig5:amd64.
(Reading database ... (Reading database ... 5%(Reading database ... 10%(Reading database ... 15%(Reading database ... 20%(Reading database ... 25%(Reading database ... 30%(Reading database ... 35%(Reading database ... 40%(Reading database ... 45%(Reading database ... 50%(Reading database ... 55%(Reading database ... 60%(Reading database ... 65%(Reading database ... 70%(Reading database ... 75%(Reading database ... 80%(Reading database ... 85%(Reading database ... 90%(Reading database ... 95%(Reading database ... 100%(Reading database ... 87714 files and directories currently installed.)
Preparing to unpack .../libonig5_6.9.6-1.1_amd64.deb ...
Unpacking libonig5:amd64 (6.9.6-1.1) ...
Selecting previously unselected package libjq1:amd64.
Preparing to unpack .../libjq1_1.6-2.1_amd64.deb ...
Unpacking libjq1:amd64 (1.6-2.1) ...
Selecting previously unselected package jq.
Preparing to unpack .../archives/jq_1.6-2.1_amd64.deb ...
Unpacking jq (1.6-2.1) ...
Setting up libonig5:amd64 (6.9.6-1.1) ...
Setting up libjq1:amd64 (1.6-2.1) ...
Setting up jq (1.6-2.1) ...
Processing triggers for libc-bin (2.31-13) ...

Pending kernel upgrade!

Running kernel version:
  3.10.0-1062.el7.x86_64

Diagnostics:
  The currently running kernel version is not the expected kernel version 5.10.0-kali9-amd64.

Restarting the system to load the new kernel will not be handled automatically, so you should consider rebooting. [Return]

Failed to check for processor microcode upgrades.

No services need to be restarted.

No containers need to be restarted.

No user sessions are running outdated binaries.

[0;33m[1mDownloading cve.mitre.org database[0m
[91m--2021-08-20 06:14:29--  https://cve.mitre.org/data/downloads/allitems.csv
[0m[91mResolving cve.mitre.org (cve.mitre.org)... [0m[91m192.52.194.135, 198.49.146.233
Connecting to cve.mitre.org (cve.mitre.org)|192.52.194.135|:443... [0m[91mconnected.
[0m[91mGnuTLS: Error in the pull function.
[0m[91mUnable to establish SSL connection.
[0m
[0;33m[1mDownloading nvdcve-1.1-2002.json[0m
[91m--2021-08-20 06:14:30--  https://nvd.nist.gov/feeds/json/cve/1.1/nvdcve-1.1-2002.json.zip
[0m[91mResolving nvd.nist.gov (nvd.nist.gov)... [0m[91m18.235.227.114, 2600:1f18:268d:1ddd:fd96:dcaa:cf17:f2b2
Connecting to nvd.nist.gov (nvd.nist.gov)|18.235.227.114|:443... [0m[91mconnected.
[0m[91mGnuTLS: Error in the pull function.
Unable to establish SSL connection.
[0m[91m  End-of-central-directory signature not found.  Either this file is not
  a zipfile, or it constitutes one disk of a multi-part archive.  In the
  latter case the central directory and zipfile comment will be found on
  the last disk(s) of this archive.
note:  ./external/nvd/nvdcve-1.1-2002.json.zip may be a plain executable, not an archive
unzip:  cannot find zipfile directory in one of ./external/nvd/nvdcve-1.1-2002.json.zip or
        ./external/nvd/nvdcve-1.1-2002.json.zip.zip, and cannot find ./external/nvd/nvdcve-1.1-2002.json.zip.ZIP, period.
[0mArchive:  ./external/nvd/nvdcve-1.1-2002.json.zip
[91mjq: error: Could not open file ./external/nvd/nvdcve-1.1-2002.json: No such file or directory
[0m[91mrm: cannot remove 'external/nvd/nvdcve-1.1-2002.json': No such file or directory
[0m
[0;33m[1mDownloading nvdcve-1.1-2003.json[0m
[91m--2021-08-20 06:14:30--  https://nvd.nist.gov/feeds/json/cve/1.1/nvdcve-1.1-2003.json.zip
[0m[91mResolving nvd.nist.gov (nvd.nist.gov)... [0m[91m18.235.227.114, 2600:1f18:268d:1ddd:fd96:dcaa:cf17:f2b2
Connecting to nvd.nist.gov (nvd.nist.gov)|18.235.227.114|:443... [0m[91mconnected.
[0m[91mGnuTLS: Error in the pull function.
Unable to establish SSL connection.
[0mArchive:  ./external/nvd/nvdcve-1.1-2003.json.zip
[91m  End-of-central-directory signature not found.  Either this file is not
  a zipfile, or it constitutes one disk of a multi-part archive.  In the
  latter case the central directory and zipfile comment will be found on
  the last disk(s) of this archive.
note:  ./external/nvd/nvdcve-1.1-2003.json.zip may be a plain executable, not an archive
unzip:  cannot find zipfile directory in one of ./external/nvd/nvdcve-1.1-2003.json.zip or
        ./external/nvd/nvdcve-1.1-2003.json.zip.zip, and cannot find ./external/nvd/nvdcve-1.1-2003.json.zip.ZIP, period.
[0m[91mjq: error: Could not open file ./external/nvd/nvdcve-1.1-2003.json: No such file or directory
[0m[91mrm: cannot remove 'external/nvd/nvdcve-1.1-2003.json': No such file or directory
[0m
[0;33m[1mDownloading nvdcve-1.1-2004.json[0m
[91m--2021-08-20 06:14:30--  https://nvd.nist.gov/feeds/json/cve/1.1/nvdcve-1.1-2004.json.zip
[0m[91mResolving nvd.nist.gov (nvd.nist.gov)... [0m[91m18.235.227.114, 2600:1f18:268d:1ddd:fd96:dcaa:cf17:f2b2
Connecting to nvd.nist.gov (nvd.nist.gov)|18.235.227.114|:443... [0m[91mconnected.
[0m[91mGnuTLS: Error in the pull function.
[0m[91mUnable to establish SSL connection.
[0m[91m  End-of-central-directory signature not found.  Either this file is not
  a zipfile, or it constitutes one disk of a multi-part archive.  In the
  latter case the central directory and zipfile comment will be found on
  the last disk(s) of this archive.
note:  ./external/nvd/nvdcve-1.1-2004.json.zip may be a plain executable, not an archive
unzip:  cannot find zipfile directory in one of ./external/nvd/nvdcve-1.1-2004.json.zip or
        ./external/nvd/nvdcve-1.1-2004.json.zip.zip, and cannot find ./external/nvd/nvdcve-1.1-2004.json.zip.ZIP, period.
[0mArchive:  ./external/nvd/nvdcve-1.1-2004.json.zip
[91mjq: error: Could not open file ./external/nvd/nvdcve-1.1-2004.json: No such file or directory
[0m[91mrm: cannot remove 'external/nvd/nvdcve-1.1-2004.json': No such file or directory
[0m
[0;33m[1mDownloading nvdcve-1.1-2005.json[0m
[91m--2021-08-20 06:14:30--  https://nvd.nist.gov/feeds/json/cve/1.1/nvdcve-1.1-2005.json.zip
[0m[91mResolving nvd.nist.gov (nvd.nist.gov)... [0m[91m18.235.227.114, 2600:1f18:268d:1ddd:fd96:dcaa:cf17:f2b2
Connecting to nvd.nist.gov (nvd.nist.gov)|18.235.227.114|:443... [0m[91mconnected.
[0m[91mGnuTLS: Error in the pull function.
Unable to establish SSL connection.
[0m[91m  End-of-central-directory signature not found.  Either this file is not
  a zipfile, or it constitutes one disk of a multi-part archive.  In the
  latter case the central directory and zipfile comment will be found on
  the last disk(s) of this archive.
note:  ./external/nvd/nvdcve-1.1-2005.json.zip may be a plain executable, not an archive
unzip:  cannot find zipfile directory in one of ./external/nvd/nvdcve-1.1-2005.json.zip or
        ./external/nvd/nvdcve-1.1-2005.json.zip.zip, and cannot find ./external/nvd/nvdcve-1.1-2005.json.zip.ZIP, period.
[0mArchive:  ./external/nvd/nvdcve-1.1-2005.json.zip
[91mjq: error: Could not open file ./external/nvd/nvdcve-1.1-2005.json: No such file or directory
[0m[91mrm: cannot remove 'external/nvd/nvdcve-1.1-2005.json': No such file or directory
[0m
[0;33m[1mDownloading nvdcve-1.1-2006.json[0m
[91m--2021-08-20 06:14:31--  https://nvd.nist.gov/feeds/json/cve/1.1/nvdcve-1.1-2006.json.zip
[0m[91mResolving nvd.nist.gov (nvd.nist.gov)... [0m[91m18.235.227.114, 2600:1f18:268d:1ddd:fd96:dcaa:cf17:f2b2
Connecting to nvd.nist.gov (nvd.nist.gov)|18.235.227.114|:443... [0m[91mconnected.
[0m[91mGnuTLS: Error in the pull function.
Unable to establish SSL connection.
[0mArchive:  ./external/nvd/nvdcve-1.1-2006.json.zip
[91m  End-of-central-directory signature not found.  Either this file is not
  a zipfile, or it constitutes one disk of a multi-part archive.  In the
  latter case the central directory and zipfile comment will be found on
  the last disk(s) of this archive.
note:  ./external/nvd/nvdcve-1.1-2006.json.zip may be a plain executable, not an archive
unzip:  cannot find zipfile directory in one of ./external/nvd/nvdcve-1.1-2006.json.zip or
        ./external/nvd/nvdcve-1.1-2006.json.zip.zip, and cannot find ./external/nvd/nvdcve-1.1-2006.json.zip.ZIP, period.
[0m[91mjq: error: Could not open file ./external/nvd/nvdcve-1.1-2006.json: No such file or directory
[0m[91mrm: cannot remove 'external/nvd/nvdcve-1.1-2006.json': No such file or directory
[0m
[0;33m[1mDownloading nvdcve-1.1-2007.json[0m
[91m--2021-08-20 06:14:31--  https://nvd.nist.gov/feeds/json/cve/1.1/nvdcve-1.1-2007.json.zip
[0m[91mResolving nvd.nist.gov (nvd.nist.gov)... [0m[91m18.235.227.114, 2600:1f18:268d:1ddd:fd96:dcaa:cf17:f2b2
Connecting to nvd.nist.gov (nvd.nist.gov)|18.235.227.114|:443... [0m[91mconnected.
[0m[91mGnuTLS: Error in the pull function.
Unable to establish SSL connection.
[0mArchive:  ./external/nvd/nvdcve-1.1-2007.json.zip
[91m  End-of-central-directory signature not found.  Either this file is not
  a zipfile, or it constitutes one disk of a multi-part archive.  In the
  latter case the central directory and zipfile comment will be found on
  the last disk(s) of this archive.
note:  ./external/nvd/nvdcve-1.1-2007.json.zip may be a plain executable, not an archive
unzip:  cannot find zipfile directory in one of ./external/nvd/nvdcve-1.1-2007.json.zip or
        ./external/nvd/nvdcve-1.1-2007.json.zip.zip, and cannot find ./external/nvd/nvdcve-1.1-2007.json.zip.ZIP, period.
[0m[91mjq: error: Could not open file ./external/nvd/nvdcve-1.1-2007.json: No such file or directory
[0m[91mrm: cannot remove 'external/nvd/nvdcve-1.1-2007.json': No such file or directory
[0m
[0;33m[1mDownloading nvdcve-1.1-2008.json[0m
[91m--2021-08-20 06:14:31--  https://nvd.nist.gov/feeds/json/cve/1.1/nvdcve-1.1-2008.json.zip
[0m[91mResolving nvd.nist.gov (nvd.nist.gov)... [0m[91m18.235.227.114, 2600:1f18:268d:1ddd:fd96:dcaa:cf17:f2b2
Connecting to nvd.nist.gov (nvd.nist.gov)|18.235.227.114|:443... [0m[91mconnected.
[0m[91mGnuTLS: Error in the pull function.
[0m[91mUnable to establish SSL connection.
[0m[91m  End-of-central-directory signature not found.  Either this file is not
  a zipfile, or it constitutes one disk of a multi-part archive.  In the
  latter case the central directory and zipfile comment will be found on
  the last disk(s) of this archive.
note:  ./external/nvd/nvdcve-1.1-2008.json.zip may be a plain executable, not an archive
unzip:  cannot find zipfile directory in one of ./external/nvd/nvdcve-1.1-2008.json.zip or
        ./external/nvd/nvdcve-1.1-2008.json.zip.zip, and cannot find ./external/nvd/nvdcve-1.1-2008.json.zip.ZIP, period.
[0mArchive:  ./external/nvd/nvdcve-1.1-2008.json.zip
[91mjq: error: Could not open file ./external/nvd/nvdcve-1.1-2008.json: No such file or directory
[0m[91mrm: cannot remove 'external/nvd/nvdcve-1.1-2008.json': No such file or directory
[0m
[0;33m[1mDownloading nvdcve-1.1-2009.json[0m
[91m--2021-08-20 06:14:32--  https://nvd.nist.gov/feeds/json/cve/1.1/nvdcve-1.1-2009.json.zip
[0m[91mResolving nvd.nist.gov (nvd.nist.gov)... [0m[91m18.235.227.114, 2600:1f18:268d:1ddd:fd96:dcaa:cf17:f2b2
Connecting to nvd.nist.gov (nvd.nist.gov)|18.235.227.114|:443... [0m[91mconnected.
[0m[91mGnuTLS: Error in the pull function.
Unable to establish SSL connection.
[0mArchive:  ./external/nvd/nvdcve-1.1-2009.json.zip
[91m  End-of-central-directory signature not found.  Either this file is not
  a zipfile, or it constitutes one disk of a multi-part archive.  In the
  latter case the central directory and zipfile comment will be found on
  the last disk(s) of this archive.
note:  ./external/nvd/nvdcve-1.1-2009.json.zip may be a plain executable, not an archive
unzip:  cannot find zipfile directory in one of ./external/nvd/nvdcve-1.1-2009.json.zip or
        ./external/nvd/nvdcve-1.1-2009.json.zip.zip, and cannot find ./external/nvd/nvdcve-1.1-2009.json.zip.ZIP, period.
[0m[91mjq: error: Could not open file ./external/nvd/nvdcve-1.1-2009.json: No such file or directory
[0m[91mrm: cannot remove 'external/nvd/nvdcve-1.1-2009.json': No such file or directory
[0m
[0;33m[1mDownloading nvdcve-1.1-2010.json[0m
[91m--2021-08-20 06:14:32--  https://nvd.nist.gov/feeds/json/cve/1.1/nvdcve-1.1-2010.json.zip
[0m[91mResolving nvd.nist.gov (nvd.nist.gov)... [0m[91m18.235.227.114, 2600:1f18:268d:1ddd:fd96:dcaa:cf17:f2b2
Connecting to nvd.nist.gov (nvd.nist.gov)|18.235.227.114|:443... [0m[91mconnected.
[0m[91mGnuTLS: Error in the pull function.
[0m[91mUnable to establish SSL connection.
[0mArchive:  ./external/nvd/nvdcve-1.1-2010.json.zip
[91m  End-of-central-directory signature not found.  Either this file is not
  a zipfile, or it constitutes one disk of a multi-part archive.  In the
  latter case the central directory and zipfile comment will be found on
  the last disk(s) of this archive.
note:  ./external/nvd/nvdcve-1.1-2010.json.zip may be a plain executable, not an archive
unzip:  cannot find zipfile directory in one of ./external/nvd/nvdcve-1.1-2010.json.zip or
        ./external/nvd/nvdcve-1.1-2010.json.zip.zip, and cannot find ./external/nvd/nvdcve-1.1-2010.json.zip.ZIP, period.
[0m[91mjq: error: Could not open file ./external/nvd/nvdcve-1.1-2010.json: No such file or directory
[0m[91mrm: cannot remove 'external/nvd/nvdcve-1.1-2010.json': No such file or directory
[0m
[0;33m[1mDownloading nvdcve-1.1-2011.json[0m
[91m--2021-08-20 06:14:32--  https://nvd.nist.gov/feeds/json/cve/1.1/nvdcve-1.1-2011.json.zip
[0m[91mResolving nvd.nist.gov (nvd.nist.gov)... [0m[91m18.235.227.114, 2600:1f18:268d:1ddd:fd96:dcaa:cf17:f2b2
Connecting to nvd.nist.gov (nvd.nist.gov)|18.235.227.114|:443... [0m[91mconnected.
[0m[91mGnuTLS: Error in the pull function.
[0m[91mUnable to establish SSL connection.
[0mArchive:  ./external/nvd/nvdcve-1.1-2011.json.zip
[91m  End-of-central-directory signature not found.  Either this file is not
  a zipfile, or it constitutes one disk of a multi-part archive.  In the
  latter case the central directory and zipfile comment will be found on
  the last disk(s) of this archive.
note:  ./external/nvd/nvdcve-1.1-2011.json.zip may be a plain executable, not an archive
unzip:  cannot find zipfile directory in one of ./external/nvd/nvdcve-1.1-2011.json.zip or
        ./external/nvd/nvdcve-1.1-2011.json.zip.zip, and cannot find ./external/nvd/nvdcve-1.1-2011.json.zip.ZIP, period.
[0m[91mjq: error: Could not open file ./external/nvd/nvdcve-1.1-2011.json: No such file or directory
[0m[91mrm: cannot remove 'external/nvd/nvdcve-1.1-2011.json': No such file or directory
[0m
[0;33m[1mDownloading nvdcve-1.1-2012.json[0m
[91m--2021-08-20 06:14:32--  https://nvd.nist.gov/feeds/json/cve/1.1/nvdcve-1.1-2012.json.zip
[0m[91mResolving nvd.nist.gov (nvd.nist.gov)... [0m[91m18.235.227.114, 2600:1f18:268d:1ddd:fd96:dcaa:cf17:f2b2
Connecting to nvd.nist.gov (nvd.nist.gov)|18.235.227.114|:443... [0m[91mconnected.
[0m[91mGnuTLS: Error in the pull function.
Unable to establish SSL connection.
[0mArchive:  ./external/nvd/nvdcve-1.1-2012.json.zip
[91m  End-of-central-directory signature not found.  Either this file is not
  a zipfile, or it constitutes one disk of a multi-part archive.  In the
  latter case the central directory and zipfile comment will be found on
  the last disk(s) of this archive.
note:  ./external/nvd/nvdcve-1.1-2012.json.zip may be a plain executable, not an archive
unzip:  cannot find zipfile directory in one of ./external/nvd/nvdcve-1.1-2012.json.zip or
        ./external/nvd/nvdcve-1.1-2012.json.zip.zip, and cannot find ./external/nvd/nvdcve-1.1-2012.json.zip.ZIP, period.
[0m[91mjq: error: Could not open file ./external/nvd/nvdcve-1.1-2012.json: No such file or directory
[0m[91mrm: cannot remove 'external/nvd/nvdcve-1.1-2012.json': No such file or directory
[0m
[0;33m[1mDownloading nvdcve-1.1-2013.json[0m
[91m--2021-08-20 06:14:33--  https://nvd.nist.gov/feeds/json/cve/1.1/nvdcve-1.1-2013.json.zip
[0m[91mResolving nvd.nist.gov (nvd.nist.gov)... [0m[91m18.235.227.114, 2600:1f18:268d:1ddd:fd96:dcaa:cf17:f2b2
Connecting to nvd.nist.gov (nvd.nist.gov)|18.235.227.114|:443... [0m[91mconnected.
[0m[91mGnuTLS: Error in the pull function.
Unable to establish SSL connection.
[0mArchive:  ./external/nvd/nvdcve-1.1-2013.json.zip
[91m  End-of-central-directory signature not found.  Either this file is not
  a zipfile, or it constitutes one disk of a multi-part archive.  In the
  latter case the central directory and zipfile comment will be found on
  the last disk(s) of this archive.
note:  ./external/nvd/nvdcve-1.1-2013.json.zip may be a plain executable, not an archive
unzip:  cannot find zipfile directory in one of ./external/nvd/nvdcve-1.1-2013.json.zip or
        ./external/nvd/nvdcve-1.1-2013.json.zip.zip, and cannot find ./external/nvd/nvdcve-1.1-2013.json.zip.ZIP, period.
[0m[91mjq: error: Could not open file ./external/nvd/nvdcve-1.1-2013.json: No such file or directory
[0m[91mrm: cannot remove 'external/nvd/nvdcve-1.1-2013.json': No such file or directory
[0m
[0;33m[1mDownloading nvdcve-1.1-2014.json[0m
[91m--2021-08-20 06:14:33--  https://nvd.nist.gov/feeds/json/cve/1.1/nvdcve-1.1-2014.json.zip
[0m[91mResolving nvd.nist.gov (nvd.nist.gov)... [0m[91m18.235.227.114, 2600:1f18:268d:1ddd:fd96:dcaa:cf17:f2b2
Connecting to nvd.nist.gov (nvd.nist.gov)|18.235.227.114|:443... [0m[91mconnected.
[0m[91mGnuTLS: Error in the pull function.
Unable to establish SSL connection.
[0m[91m  End-of-central-directory signature not found.  Either this file is not
  a zipfile, or it constitutes one disk of a multi-part archive.  In the
  latter case the central directory and zipfile comment will be found on
  the last disk(s) of this archive.
note:  ./external/nvd/nvdcve-1.1-2014.json.zip may be a plain executable, not an archive
unzip:  cannot find zipfile directory in one of ./external/nvd/nvdcve-1.1-2014.json.zip or
        ./external/nvd/nvdcve-1.1-2014.json.zip.zip, and cannot find ./external/nvd/nvdcve-1.1-2014.json.zip.ZIP, period.
[0mArchive:  ./external/nvd/nvdcve-1.1-2014.json.zip
[91mjq: error: Could not open file ./external/nvd/nvdcve-1.1-2014.json: No such file or directory
[0m[91mrm: cannot remove 'external/nvd/nvdcve-1.1-2014.json': No such file or directory
[0m
[0;33m[1mDownloading nvdcve-1.1-2015.json[0m
[91m--2021-08-20 06:14:33--  https://nvd.nist.gov/feeds/json/cve/1.1/nvdcve-1.1-2015.json.zip
[0m[91mResolving nvd.nist.gov (nvd.nist.gov)... [0m[91m18.235.227.114, 2600:1f18:268d:1ddd:fd96:dcaa:cf17:f2b2
Connecting to nvd.nist.gov (nvd.nist.gov)|18.235.227.114|:443... [0m[91mconnected.
[0m[91mGnuTLS: Error in the pull function.
[0m[91mUnable to establish SSL connection.
[0m[91m  End-of-central-directory signature not found.  Either this file is not
  a zipfile, or it constitutes one disk of a multi-part archive.  In the
  latter case the central directory and zipfile comment will be found on
  the last disk(s) of this archive.
note:  ./external/nvd/nvdcve-1.1-2015.json.zip may be a plain executable, not an archive
[0mArchive:  ./external/nvd/nvdcve-1.1-2015.json.zip
[91munzip:  cannot find zipfile directory in one of ./external/nvd/nvdcve-1.1-2015.json.zip or
        ./external/nvd/nvdcve-1.1-2015.json.zip.zip, and cannot find ./external/nvd/nvdcve-1.1-2015.json.zip.ZIP, period.
[0m[91mjq: error: Could not open file ./external/nvd/nvdcve-1.1-2015.json: No such file or directory
[0m[91mrm: cannot remove 'external/nvd/nvdcve-1.1-2015.json': No such file or directory
[0m
[0;33m[1mDownloading nvdcve-1.1-2016.json[0m
[91m--2021-08-20 06:14:34--  https://nvd.nist.gov/feeds/json/cve/1.1/nvdcve-1.1-2016.json.zip
[0m[91mResolving nvd.nist.gov (nvd.nist.gov)... [0m[91m18.235.227.114, 2600:1f18:268d:1ddd:fd96:dcaa:cf17:f2b2
Connecting to nvd.nist.gov (nvd.nist.gov)|18.235.227.114|:443... [0m[91mconnected.
[0m[91mGnuTLS: Error in the pull function.
Unable to establish SSL connection.
[0m[91m  End-of-central-directory signature not found.  Either this file is not
  a zipfile, or it constitutes one disk of a multi-part archive.  In the
  latter case the central directory and zipfile comment will be found on
  the last disk(s) of this archive.
note:  ./external/nvd/nvdcve-1.1-2016.json.zip may be a plain executable, not an archive
unzip:  cannot find zipfile directory in one of ./external/nvd/nvdcve-1.1-2016.json.zip or
        ./external/nvd/nvdcve-1.1-2016.json.zip.zip, and cannot find ./external/nvd/nvdcve-1.1-2016.json.zip.ZIP, period.
[0mArchive:  ./external/nvd/nvdcve-1.1-2016.json.zip
[91mjq: error: Could not open file ./external/nvd/nvdcve-1.1-2016.json: No such file or directory
[0m[91mrm: cannot remove 'external/nvd/nvdcve-1.1-2016.json': No such file or directory
[0m
[0;33m[1mDownloading nvdcve-1.1-2017.json[0m
[91m--2021-08-20 06:14:34--  https://nvd.nist.gov/feeds/json/cve/1.1/nvdcve-1.1-2017.json.zip
[0m[91mResolving nvd.nist.gov (nvd.nist.gov)... [0m[91m18.235.227.114, 2600:1f18:268d:1ddd:fd96:dcaa:cf17:f2b2
Connecting to nvd.nist.gov (nvd.nist.gov)|18.235.227.114|:443... [0m[91mconnected.
[0m[91mGnuTLS: Error in the pull function.
[0m[91mUnable to establish SSL connection.
[0mArchive:  ./external/nvd/nvdcve-1.1-2017.json.zip
[91m  End-of-central-directory signature not found.  Either this file is not
  a zipfile, or it constitutes one disk of a multi-part archive.  In the
  latter case the central directory and zipfile comment will be found on
  the last disk(s) of this archive.
note:  ./external/nvd/nvdcve-1.1-2017.json.zip may be a plain executable, not an archive
unzip:  cannot find zipfile directory in one of ./external/nvd/nvdcve-1.1-2017.json.zip or
        ./external/nvd/nvdcve-1.1-2017.json.zip.zip, and cannot find ./external/nvd/nvdcve-1.1-2017.json.zip.ZIP, period.
[0m[91mjq: error: Could not open file ./external/nvd/nvdcve-1.1-2017.json: No such file or directory
[0m[91mrm: cannot remove 'external/nvd/nvdcve-1.1-2017.json': No such file or directory
[0m
[0;33m[1mDownloading nvdcve-1.1-2018.json[0m
[91m--2021-08-20 06:14:34--  https://nvd.nist.gov/feeds/json/cve/1.1/nvdcve-1.1-2018.json.zip
[0m[91mResolving nvd.nist.gov (nvd.nist.gov)... [0m[91m18.235.227.114, 2600:1f18:268d:1ddd:fd96:dcaa:cf17:f2b2
Connecting to nvd.nist.gov (nvd.nist.gov)|18.235.227.114|:443... [0m[91mconnected.
[0m[91mGnuTLS: Error in the pull function.
Unable to establish SSL connection.
[0mArchive:  ./external/nvd/nvdcve-1.1-2018.json.zip
[91m  End-of-central-directory signature not found.  Either this file is not
  a zipfile, or it constitutes one disk of a multi-part archive.  In the
  latter case the central directory and zipfile comment will be found on
  the last disk(s) of this archive.
note:  ./external/nvd/nvdcve-1.1-2018.json.zip may be a plain executable, not an archive
unzip:  cannot find zipfile directory in one of ./external/nvd/nvdcve-1.1-2018.json.zip or
        ./external/nvd/nvdcve-1.1-2018.json.zip.zip, and cannot find ./external/nvd/nvdcve-1.1-2018.json.zip.ZIP, period.
[0m[91mjq: error: Could not open file ./external/nvd/nvdcve-1.1-2018.json: No such file or directory
[0m[91mrm: cannot remove 'external/nvd/nvdcve-1.1-2018.json': No such file or directory
[0m
[0;33m[1mDownloading nvdcve-1.1-2019.json[0m
[91m--2021-08-20 06:14:34--  https://nvd.nist.gov/feeds/json/cve/1.1/nvdcve-1.1-2019.json.zip
[0m[91mResolving nvd.nist.gov (nvd.nist.gov)... [0m[91m18.235.227.114, 2600:1f18:268d:1ddd:fd96:dcaa:cf17:f2b2
Connecting to nvd.nist.gov (nvd.nist.gov)|18.235.227.114|:443... [0m[91mconnected.
[0m[91mGnuTLS: Error in the pull function.
Unable to establish SSL connection.
[0m[91m  End-of-central-directory signature not found.  Either this file is not
  a zipfile, or it constitutes one disk of a multi-part archive.  In the
  latter case the central directory and zipfile comment will be found on
  the last disk(s) of this archive.
note:  ./external/nvd/nvdcve-1.1-2019.json.zip may be a plain executable, not an archive
unzip:  cannot find zipfile directory in one of ./external/nvd/nvdcve-1.1-2019.json.zip or
        ./external/nvd/nvdcve-1.1-2019.json.zip.zip, and cannot find ./external/nvd/nvdcve-1.1-2019.json.zip.ZIP, period.
[0mArchive:  ./external/nvd/nvdcve-1.1-2019.json.zip
[91mjq: error: Could not open file ./external/nvd/nvdcve-1.1-2019.json: No such file or directory
[0m[91mrm: cannot remove 'external/nvd/nvdcve-1.1-2019.json': No such file or directory
[0m
[0;33m[1mDownloading nvdcve-1.1-2020.json[0m
[91m--2021-08-20 06:14:35--  https://nvd.nist.gov/feeds/json/cve/1.1/nvdcve-1.1-2020.json.zip
[0m[91mResolving nvd.nist.gov (nvd.nist.gov)... [0m[91m18.235.227.114, 2600:1f18:268d:1ddd:fd96:dcaa:cf17:f2b2
Connecting to nvd.nist.gov (nvd.nist.gov)|18.235.227.114|:443... [0m[91mconnected.
[0m[91mGnuTLS: Error in the pull function.
[0m[91mUnable to establish SSL connection.
[0mArchive:  ./external/nvd/nvdcve-1.1-2020.json.zip
[91m  End-of-central-directory signature not found.  Either this file is not
  a zipfile, or it constitutes one disk of a multi-part archive.  In the
  latter case the central directory and zipfile comment will be found on
  the last disk(s) of this archive.
note:  ./external/nvd/nvdcve-1.1-2020.json.zip may be a plain executable, not an archive
unzip:  cannot find zipfile directory in one of ./external/nvd/nvdcve-1.1-2020.json.zip or
        ./external/nvd/nvdcve-1.1-2020.json.zip.zip, and cannot find ./external/nvd/nvdcve-1.1-2020.json.zip.ZIP, period.
[0m[91mjq: error: Could not open file ./external/nvd/nvdcve-1.1-2020.json: No such file or directory
[0m[91mrm: cannot remove 'external/nvd/nvdcve-1.1-2020.json': No such file or directory
[0m
[0;33m[1mDownloading nvdcve-1.1-2021.json[0m
[91m--2021-08-20 06:14:35--  https://nvd.nist.gov/feeds/json/cve/1.1/nvdcve-1.1-2021.json.zip
[0m[91mResolving nvd.nist.gov (nvd.nist.gov)... [0m[91m18.235.227.114, 2600:1f18:268d:1ddd:fd96:dcaa:cf17:f2b2
Connecting to nvd.nist.gov (nvd.nist.gov)|18.235.227.114|:443... [0m[91mconnected.
[0m[91mGnuTLS: Error in the pull function.
[0m[91mUnable to establish SSL connection.
[0mArchive:  ./external/nvd/nvdcve-1.1-2021.json.zip
[91m  End-of-central-directory signature not found.  Either this file is not
  a zipfile, or it constitutes one disk of a multi-part archive.  In the
  latter case the central directory and zipfile comment will be found on
  the last disk(s) of this archive.
note:  ./external/nvd/nvdcve-1.1-2021.json.zip may be a plain executable, not an archive
unzip:  cannot find zipfile directory in one of ./external/nvd/nvdcve-1.1-2021.json.zip or
        ./external/nvd/nvdcve-1.1-2021.json.zip.zip, and cannot find ./external/nvd/nvdcve-1.1-2021.json.zip.ZIP, period.
[0m[91mjq: error: Could not open file ./external/nvd/nvdcve-1.1-2021.json: No such file or directory
[0m[91mrm: cannot remove 'external/nvd/nvdcve-1.1-2021.json': No such file or directory
[0m
To use the aggregator and check if exploits are available, we need a searchable exploit database.

To use the aggregator and check if exploits are available, we need cve-search and cve-searchsploit.

[0;33m[1mpython3-pip[0m
Description: Python package installer
[0;33mpython3-pip will be newly installed.[0m

[0;33m[1mnet-tools[0m
Description: NET-3 networking toolkit
[0;33mnet-tools will be newly installed.[0m

[0;35m[1mnet-tools, pip3, cve-search and cve_searchsploit (if not already on the system) will be downloaded and be installed![0m
Reading package lists...
Building dependency tree...
Reading state information...
The following packages were automatically installed and are no longer required:
  bundler fonts-lato john john-data libgmp-dev libgmpxx4ldbl liblinear4
  libpcap0.8 libruby2.7 lua-lpeg nasm nmap nmap-common
  oracle-instantclient-basic postgresql rake ruby ruby-bundler ruby-dev
  ruby-minitest ruby-net-telnet ruby-power-assert ruby-rubygems ruby-test-unit
  ruby-xmlrpc ruby2.7 ruby2.7-dev ruby2.7-doc rubygems-integration zip
Use 'sudo apt autoremove' to remove them.
The following additional packages will be installed:
  libexpat1-dev libjs-sphinxdoc libjs-underscore libpython3-dev
  libpython3.9-dev python-pip-whl python3-dev python3-wheel python3.9-dev
  zlib1g-dev
The following NEW packages will be installed:
  libexpat1-dev libjs-sphinxdoc libjs-underscore libpython3-dev
  libpython3.9-dev net-tools python-pip-whl python3-dev python3-pip
  python3-wheel python3.9-dev zlib1g-dev
0 upgraded, 12 newly installed, 0 to remove and 0 not upgraded.
Need to get 7705 kB of archives.
After this operation, 27.8 MB of additional disk space will be used.
Get:1 http://kali.cs.nctu.edu.tw/kali kali-rolling/main amd64 libexpat1-dev amd64 2.2.10-2 [140 kB]
Get:2 http://http.kali.org/kali kali-rolling/main amd64 libjs-underscore all 1.9.1~dfsg-3 [100 kB]
Get:3 http://kali.cs.nctu.edu.tw/kali kali-rolling/main amd64 libjs-sphinxdoc all 3.4.3-2 [127 kB]
Get:4 http://kali.cs.nctu.edu.tw/kali kali-rolling/main amd64 libpython3.9-dev amd64 3.9.2-1 [4028 kB]
Get:5 http://kali.cs.nctu.edu.tw/kali kali-rolling/main amd64 libpython3-dev amd64 3.9.2-3 [21.7 kB]
Get:6 http://http.kali.org/kali kali-rolling/main amd64 net-tools amd64 1.60+git20181103.0eebece-1 [250 kB]
Get:7 http://kali.cs.nctu.edu.tw/kali kali-rolling/main amd64 python-pip-whl all 20.3.4-4 [1948 kB]
Get:8 http://kali.cs.nctu.edu.tw/kali kali-rolling/main amd64 zlib1g-dev amd64 1:1.2.11.dfsg-2 [190 kB]
Get:9 http://kali.cs.nctu.edu.tw/kali kali-rolling/main amd64 python3.9-dev amd64 3.9.2-1 [515 kB]
Get:10 http://kali.cs.nctu.edu.tw/kali kali-rolling/main amd64 python3-dev amd64 3.9.2-3 [24.8 kB]
Get:11 http://kali.cs.nctu.edu.tw/kali kali-rolling/main amd64 python3-wheel all 0.34.2-1 [24.0 kB]
Get:12 http://kali.cs.nctu.edu.tw/kali kali-rolling/main amd64 python3-pip all 20.3.4-4 [337 kB]
Fetched 7705 kB in 3s (2376 kB/s)
Selecting previously unselected package libexpat1-dev:amd64.
(Reading database ... (Reading database ... 5%(Reading database ... 10%(Reading database ... 15%(Reading database ... 20%(Reading database ... 25%(Reading database ... 30%(Reading database ... 35%(Reading database ... 40%(Reading database ... 45%(Reading database ... 50%(Reading database ... 55%(Reading database ... 60%(Reading database ... 65%(Reading database ... 70%(Reading database ... 75%(Reading database ... 80%(Reading database ... 85%(Reading database ... 90%(Reading database ... 95%(Reading database ... 100%(Reading database ... 87734 files and directories currently installed.)
Preparing to unpack .../00-libexpat1-dev_2.2.10-2_amd64.deb ...
Unpacking libexpat1-dev:amd64 (2.2.10-2) ...
Selecting previously unselected package libjs-underscore.
Preparing to unpack .../01-libjs-underscore_1.9.1~dfsg-3_all.deb ...
Unpacking libjs-underscore (1.9.1~dfsg-3) ...
Selecting previously unselected package libjs-sphinxdoc.
Preparing to unpack .../02-libjs-sphinxdoc_3.4.3-2_all.deb ...
Unpacking libjs-sphinxdoc (3.4.3-2) ...
Selecting previously unselected package libpython3.9-dev:amd64.
Preparing to unpack .../03-libpython3.9-dev_3.9.2-1_amd64.deb ...
Unpacking libpython3.9-dev:amd64 (3.9.2-1) ...
Selecting previously unselected package libpython3-dev:amd64.
Preparing to unpack .../04-libpython3-dev_3.9.2-3_amd64.deb ...
Unpacking libpython3-dev:amd64 (3.9.2-3) ...
Selecting previously unselected package net-tools.
Preparing to unpack .../05-net-tools_1.60+git20181103.0eebece-1_amd64.deb ...
Unpacking net-tools (1.60+git20181103.0eebece-1) ...
Selecting previously unselected package python-pip-whl.
Preparing to unpack .../06-python-pip-whl_20.3.4-4_all.deb ...
Unpacking python-pip-whl (20.3.4-4) ...
Selecting previously unselected package zlib1g-dev:amd64.
Preparing to unpack .../07-zlib1g-dev_1%3a1.2.11.dfsg-2_amd64.deb ...
Unpacking zlib1g-dev:amd64 (1:1.2.11.dfsg-2) ...
Selecting previously unselected package python3.9-dev.
Preparing to unpack .../08-python3.9-dev_3.9.2-1_amd64.deb ...
Unpacking python3.9-dev (3.9.2-1) ...
Selecting previously unselected package python3-dev.
Preparing to unpack .../09-python3-dev_3.9.2-3_amd64.deb ...
Unpacking python3-dev (3.9.2-3) ...
Selecting previously unselected package python3-wheel.
Preparing to unpack .../10-python3-wheel_0.34.2-1_all.deb ...
Unpacking python3-wheel (0.34.2-1) ...
Selecting previously unselected package python3-pip.
Preparing to unpack .../11-python3-pip_20.3.4-4_all.deb ...
Unpacking python3-pip (20.3.4-4) ...
Setting up net-tools (1.60+git20181103.0eebece-1) ...
Setting up python3-wheel (0.34.2-1) ...
Setting up libexpat1-dev:amd64 (2.2.10-2) ...
Setting up zlib1g-dev:amd64 (1:1.2.11.dfsg-2) ...
Setting up python-pip-whl (20.3.4-4) ...
Setting up libjs-underscore (1.9.1~dfsg-3) ...
Setting up libpython3.9-dev:amd64 (3.9.2-1) ...
Setting up python3-pip (20.3.4-4) ...
Setting up libjs-sphinxdoc (3.4.3-2) ...
Setting up python3.9-dev (3.9.2-1) ...
Setting up libpython3-dev:amd64 (3.9.2-3) ...
Setting up python3-dev (3.9.2-3) ...

Pending kernel upgrade!

Running kernel version:
  3.10.0-1062.el7.x86_64

Diagnostics:
  The currently running kernel version is not the expected kernel version 5.10.0-kali9-amd64.

Restarting the system to load the new kernel will not be handled automatically, so you should consider rebooting. [Return]

Failed to check for processor microcode upgrades.

No services need to be restarted.

No containers need to be restarted.

No user sessions are running outdated binaries.
Collecting cve_searchsploit
  Downloading cve_searchsploit-1.6-py3-none-any.whl (384 kB)
Collecting progressbar2
  Downloading progressbar2-3.53.1-py2.py3-none-any.whl (25 kB)
Requirement already satisfied: requests in /usr/lib/python3/dist-packages (from cve_searchsploit) (2.25.1)
Requirement already satisfied: six in /usr/lib/python3/dist-packages (from progressbar2->cve_searchsploit) (1.16.0)
Collecting python-utils>=2.3.0
  Downloading python_utils-2.5.6-py2.py3-none-any.whl (12 kB)
Installing collected packages: python-utils, progressbar2, cve-searchsploit
Successfully installed cve-searchsploit-1.6 progressbar2-3.53.1 python-utils-2.5.6
[91mCloning into 'external/cve-search'...
[0m[91mUpdating files:  81% (273/334)[0m[91mUpdating files:  82% (274/334)[0m[91mUpdating files:  83% (278/334)[0m[91mUpdating files:  84% (281/334)[0m[91mUpdating files:  85% (284/334)[0m[91mUpdating files:  86% (288/334)[0m[91mUpdating files:  87% (291/334)[0m[91mUpdating files:  88% (294/334)[0m[91mUpdating files:  89% (298/334)[0m[91mUpdating files:  90% (301/334)[0m[91mUpdating files:  91% (304/334)[0m[91mUpdating files:  92% (308/334)[0m[91mUpdating files:  93% (311/334)[0m[91mUpdating files:  94% (314/334)[0m[91mUpdating files:  95% (318/334)[0m[91mUpdating files:  96% (321/334)[0m[91mUpdating files:  97% (324/334)[0m[91mUpdating files:  98% (328/334)[0m[91mUpdating files:  99% (331/334)[0m[91mUpdating files: 100% (334/334)Updating files: 100% (334/334), done.
[0mCollecting https://github.com/marianoguerra/feedformatter/archive/master.zip (from -r requirements.txt (line 1))
  Downloading https://github.com/marianoguerra/feedformatter/archive/master.zip (9.6 kB)
Collecting Flask==1.1.4
  Downloading Flask-1.1.4-py2.py3-none-any.whl (94 kB)
Collecting Flask-Login==0.5.0
  Downloading Flask_Login-0.5.0-py2.py3-none-any.whl (16 kB)
Collecting Flask-restx==0.4.0
  Downloading flask_restx-0.4.0-py2.py3-none-any.whl (5.3 MB)
Collecting Flask-Breadcrumbs==0.5.1
  Downloading Flask_Breadcrumbs-0.5.1-py2.py3-none-any.whl (7.1 kB)
Collecting Flask-Bootstrap4==4.0.2
  Downloading Flask_Bootstrap4-4.0.2-py3-none-any.whl (1.7 MB)
Collecting Flask-JWT-Extended==4.2.3
  Downloading Flask_JWT_Extended-4.2.3-py2.py3-none-any.whl (20 kB)
Collecting Flask-Socketio==5.0.3
  Downloading Flask_SocketIO-5.0.3-py2.py3-none-any.whl (16 kB)
Collecting Flask-WTF==0.15.1
  Downloading Flask_WTF-0.15.1-py2.py3-none-any.whl (13 kB)
Collecting gevent==21.1.2
  Downloading gevent-21.1.2-cp39-cp39-manylinux2010_x86_64.whl (6.0 MB)
Collecting gevent-websocket==0.10.1
  Downloading gevent_websocket-0.10.1-py3-none-any.whl (22 kB)
Collecting WTForms==2.3.3
  Downloading WTForms-2.3.3-py2.py3-none-any.whl (169 kB)
Collecting Jinja2==2.11.3
  Downloading Jinja2-2.11.3-py2.py3-none-any.whl (125 kB)
Requirement already satisfied: python-dateutil==2.8.1 in /usr/lib/python3/dist-packages (from -r requirements.txt (line 14)) (2.8.1)
Collecting pytest==6.2.4
  Downloading pytest-6.2.4-py3-none-any.whl (280 kB)
Collecting pytest-cov==2.12.1
  Downloading pytest_cov-2.12.1-py2.py3-none-any.whl (20 kB)
Collecting requests==2.26.0
  Downloading requests-2.26.0-py2.py3-none-any.whl (62 kB)
Collecting beautifulsoup4==4.9.3
  Downloading beautifulsoup4-4.9.3-py3-none-any.whl (115 kB)
Collecting Whoosh==2.7.4
  Downloading Whoosh-2.7.4-py2.py3-none-any.whl (468 kB)
Collecting Werkzeug==1.0.1
  Downloading Werkzeug-1.0.1-py2.py3-none-any.whl (298 kB)
Collecting tqdm==4.61.2
  Downloading tqdm-4.61.2-py2.py3-none-any.whl (76 kB)
Collecting pymongo==3.11.4
  Downloading pymongo-3.11.4-cp39-cp39-manylinux2014_x86_64.whl (518 kB)
Collecting dicttoxml==1.7.4
  Downloading dicttoxml-1.7.4.tar.gz (18 kB)
Collecting redis==3.5.3
  Downloading redis-3.5.3-py2.py3-none-any.whl (72 kB)
Collecting ijson==3.1.4
  Downloading ijson-3.1.4-cp39-cp39-manylinux2010_x86_64.whl (131 kB)
Collecting jsonpickle==2.0.0
  Downloading jsonpickle-2.0.0-py2.py3-none-any.whl (37 kB)
Collecting requirements-parser==0.2.0
  Downloading requirements-parser-0.2.0.tar.gz (6.3 kB)
Collecting irc==19.0.1
  Downloading irc-19.0.1-py3-none-any.whl (73 kB)
Collecting sleekxmpp==1.3.3
  Downloading sleekxmpp-1.3.3.tar.gz (845 kB)
Collecting ansicolors==1.1.8
  Downloading ansicolors-1.1.8-py2.py3-none-any.whl (13 kB)
Collecting nltk==3.6.2
  Downloading nltk-3.6.2-py3-none-any.whl (1.5 MB)
Collecting soupsieve>1.2
  Downloading soupsieve-2.2.1-py3-none-any.whl (33 kB)
Collecting click<8.0,>=5.1
  Downloading click-7.1.2-py2.py3-none-any.whl (82 kB)
Collecting itsdangerous<2.0,>=0.24
  Downloading itsdangerous-1.1.0-py2.py3-none-any.whl (16 kB)
Collecting visitor
  Downloading visitor-0.1.3.tar.gz (3.3 kB)
Collecting dominate
  Downloading dominate-2.6.0-py2.py3-none-any.whl (29 kB)
Collecting Flask-Menu>=0.2
  Downloading Flask_Menu-0.7.2-py3-none-any.whl (11 kB)
Requirement already satisfied: six>=1.12.0 in /usr/lib/python3/dist-packages (from Flask-Breadcrumbs==0.5.1->-r requirements.txt (line 5)) (1.16.0)
Collecting PyJWT<3.0,>=2.0
  Downloading PyJWT-2.1.0-py3-none-any.whl (16 kB)
Collecting pytz
  Downloading pytz-2021.1-py2.py3-none-any.whl (510 kB)
Requirement already satisfied: jsonschema in /usr/lib/python3/dist-packages (from Flask-restx==0.4.0->-r requirements.txt (line 4)) (3.2.0)
Collecting aniso8601>=0.82
  Downloading aniso8601-9.0.1-py2.py3-none-any.whl (52 kB)
Collecting python-socketio>=5.0.2
  Downloading python_socketio-5.4.0-py3-none-any.whl (55 kB)
Requirement already satisfied: setuptools in /usr/lib/python3/dist-packages (from gevent==21.1.2->-r requirements.txt (line 10)) (52.0.0)
Collecting zope.event
  Downloading zope.event-4.5.0-py2.py3-none-any.whl (6.8 kB)
Collecting zope.interface
  Downloading zope.interface-5.4.0-cp39-cp39-manylinux2010_x86_64.whl (255 kB)
Collecting greenlet<2.0,>=0.4.17
  Downloading greenlet-1.1.1-cp39-cp39-manylinux_2_17_x86_64.manylinux2014_x86_64.whl (147 kB)
Collecting jaraco.text
  Downloading jaraco.text-3.5.1-py3-none-any.whl (8.1 kB)
Collecting jaraco.logging
  Downloading jaraco.logging-3.1.0-py3-none-any.whl (5.0 kB)
Requirement already satisfied: more-itertools in /usr/lib/python3/dist-packages (from irc==19.0.1->-r requirements.txt (line 28)) (4.2.0)
Collecting tempora>=1.6
  Downloading tempora-4.1.1-py3-none-any.whl (15 kB)
Collecting jaraco.collections
  Downloading jaraco.collections-3.4.0-py3-none-any.whl (10 kB)
Collecting jaraco.functools>=1.20
  Downloading jaraco.functools-3.3.0-py3-none-any.whl (6.8 kB)
Collecting jaraco.stream
  Downloading jaraco.stream-3.0.2-py3-none-any.whl (6.0 kB)
Collecting MarkupSafe>=0.23
  Downloading MarkupSafe-2.0.1-cp39-cp39-manylinux_2_5_x86_64.manylinux1_x86_64.manylinux_2_12_x86_64.manylinux2010_x86_64.whl (30 kB)
Collecting regex
  Downloading regex-2021.8.3-cp39-cp39-manylinux_2_17_x86_64.manylinux2014_x86_64.whl (732 kB)
Collecting joblib
  Downloading joblib-1.0.1-py3-none-any.whl (303 kB)
Collecting py>=1.8.2
  Downloading py-1.10.0-py2.py3-none-any.whl (97 kB)
Collecting packaging
  Downloading packaging-21.0-py3-none-any.whl (40 kB)
Collecting iniconfig
  Downloading iniconfig-1.1.1-py2.py3-none-any.whl (5.0 kB)
Collecting pluggy<1.0.0a1,>=0.12
  Downloading pluggy-0.13.1-py2.py3-none-any.whl (18 kB)
Requirement already satisfied: toml in /usr/lib/python3/dist-packages (from pytest==6.2.4->-r requirements.txt (line 15)) (0.10.1)
Requirement already satisfied: attrs>=19.2.0 in /usr/lib/python3/dist-packages (from pytest==6.2.4->-r requirements.txt (line 15)) (20.3.0)
Collecting coverage>=5.2.1
  Downloading coverage-5.5-cp39-cp39-manylinux2010_x86_64.whl (243 kB)
Collecting charset-normalizer~=2.0.0
  Downloading charset_normalizer-2.0.4-py3-none-any.whl (36 kB)
Requirement already satisfied: certifi>=2017.4.17 in /usr/lib/python3/dist-packages (from requests==2.26.0->-r requirements.txt (line 17)) (2020.6.20)
Requirement already satisfied: idna<4,>=2.5 in /usr/lib/python3/dist-packages (from requests==2.26.0->-r requirements.txt (line 17)) (2.10)
Requirement already satisfied: urllib3<1.27,>=1.21.1 in /usr/lib/python3/dist-packages (from requests==2.26.0->-r requirements.txt (line 17)) (1.26.5)
Collecting python-engineio>=4.1.0
  Downloading python_engineio-4.2.1-py3-none-any.whl (52 kB)
Collecting bidict>=0.21.0
  Downloading bidict-0.21.2-py2.py3-none-any.whl (37 kB)
Collecting jaraco.classes
  Downloading jaraco.classes-3.2.1-py3-none-any.whl (5.6 kB)
Requirement already satisfied: pyparsing>=2.0.2 in /usr/lib/python3/dist-packages (from packaging->pytest==6.2.4->-r requirements.txt (line 15)) (2.4.7)
Building wheels for collected packages: feedformatter, dicttoxml, requirements-parser, sleekxmpp, visitor
  Building wheel for feedformatter (setup.py): started
  Building wheel for feedformatter (setup.py): finished with status 'done'
  Created wheel for feedformatter: filename=feedformatter-0.5-py3-none-any.whl size=7947 sha256=ff2e8ad0d9729f525501a923bab079aa3102b6a6ed24cd6643a95cdd46b9d214
  Stored in directory: /tmp/pip-ephem-wheel-cache-l5gj8scp/wheels/d2/55/3a/958ec83f5b613dfb811580646a103a4952fe06e8c477ca0f70
  Building wheel for dicttoxml (setup.py): started
  Building wheel for dicttoxml (setup.py): finished with status 'done'
  Created wheel for dicttoxml: filename=dicttoxml-1.7.4-py3-none-any.whl size=17451 sha256=ced25b54f9b1a939eb053ad824dd9dd90b0f3361da4e4811eeab7288b3c8f748
  Stored in directory: /root/.cache/pip/wheels/6d/1c/04/7d4192909f3b9a1ed0eabcb1b139627c7358810bd551427f2e
  Building wheel for requirements-parser (setup.py): started
  Building wheel for requirements-parser (setup.py): finished with status 'done'
  Created wheel for requirements-parser: filename=requirements_parser-0.2.0-py3-none-any.whl size=7655 sha256=cb4994100c55694f2ce6a2fdbb57c1e8f26c7201a7e0e88d8efb1a833bab3986
  Stored in directory: /root/.cache/pip/wheels/79/d2/70/93e0b1c93d75d9e2fe4b996772f7f760186b499f9ed07b572b
  Building wheel for sleekxmpp (setup.py): started
  Building wheel for sleekxmpp (setup.py): finished with status 'done'
  Created wheel for sleekxmpp: filename=sleekxmpp-1.3.3-py3-none-any.whl size=433450 sha256=932db0340e33d755eb0e9c73a5061f24b570ac15b8f5fbffa72eb4210e532865
  Stored in directory: /root/.cache/pip/wheels/d5/e5/ed/b70526f5e269a69fd95aa3e847986808fae013b1cc8ab875f5
  Building wheel for visitor (setup.py): started
  Building wheel for visitor (setup.py): finished with status 'done'
  Created wheel for visitor: filename=visitor-0.1.3-py3-none-any.whl size=3931 sha256=6a5ea858a030902d28cfb3bc9c4f33fda08a533bf4592937795f9dff0047f3c6
  Stored in directory: /root/.cache/pip/wheels/cd/93/8e/b92d317bbcc888f0bdcd7df644ae49e8e0f1b4f738eec61b82
Successfully built feedformatter dicttoxml requirements-parser sleekxmpp visitor
Installing collected packages: MarkupSafe, Werkzeug, pytz, Jinja2, jaraco.functools, itsdangerous, click, zope.interface, zope.event, tempora, python-engineio, py, pluggy, packaging, jaraco.text, jaraco.classes, iniconfig, greenlet, Flask, bidict, WTForms, visitor, tqdm, soupsieve, regex, python-socketio, pytest, PyJWT, joblib, jaraco.stream, jaraco.logging, jaraco.collections, gevent, Flask-Menu, dominate, coverage, charset-normalizer, aniso8601, Whoosh, sleekxmpp, requirements-parser, requests, redis, pytest-cov, pymongo, nltk, jsonpickle, irc, ijson, gevent-websocket, Flask-WTF, Flask-Socketio, Flask-restx, Flask-Login, Flask-JWT-Extended, Flask-Breadcrumbs, Flask-Bootstrap4, feedformatter, dicttoxml, beautifulsoup4, ansicolors
  Attempting uninstall: requests
    Found existing installation: requests 2.25.1
    Not uninstalling requests at /usr/lib/python3/dist-packages, outside environment /usr
    Can't uninstall 'requests'. No files were found to uninstall.
Successfully installed Flask-1.1.4 Flask-Bootstrap4-4.0.2 Flask-Breadcrumbs-0.5.1 Flask-JWT-Extended-4.2.3 Flask-Login-0.5.0 Flask-Menu-0.7.2 Flask-Socketio-5.0.3 Flask-WTF-0.15.1 Flask-restx-0.4.0 Jinja2-2.11.3 MarkupSafe-2.0.1 PyJWT-2.1.0 WTForms-2.3.3 Werkzeug-1.0.1 Whoosh-2.7.4 aniso8601-9.0.1 ansicolors-1.1.8 beautifulsoup4-4.9.3 bidict-0.21.2 charset-normalizer-2.0.4 click-7.1.2 coverage-5.5 dicttoxml-1.7.4 dominate-2.6.0 feedformatter-0.5 gevent-21.1.2 gevent-websocket-0.10.1 greenlet-1.1.1 ijson-3.1.4 iniconfig-1.1.1 irc-19.0.1 itsdangerous-1.1.0 jaraco.classes-3.2.1 jaraco.collections-3.4.0 jaraco.functools-3.3.0 jaraco.logging-3.1.0 jaraco.stream-3.0.2 jaraco.text-3.5.1 joblib-1.0.1 jsonpickle-2.0.0 nltk-3.6.2 packaging-21.0 pluggy-0.13.1 py-1.10.0 pymongo-3.11.4 pytest-6.2.4 pytest-cov-2.12.1 python-engineio-4.2.1 python-socketio-5.4.0 pytz-2021.1 redis-3.5.3 regex-2021.8.3 requests-2.26.0 requirements-parser-0.2.0 sleekxmpp-1.3.3 soupsieve-2.2.1 tempora-4.1.1 tqdm-4.61.2 visitor-0.1.3 zope.event-4.5.0 zope.interface-5.4.0
Reading package lists...
Building dependency tree...
Reading state information...
python3 is already the newest version (3.9.2-3).
python3 set to manually installed.
python3-pip is already the newest version (20.3.4-4).
The following packages were automatically installed and are no longer required:
  bundler fonts-lato john john-data libgmp-dev libgmpxx4ldbl liblinear4
  libpcap0.8 libruby2.7 lua-lpeg nasm nmap nmap-common
  oracle-instantclient-basic postgresql rake ruby ruby-bundler ruby-dev
  ruby-minitest ruby-net-telnet ruby-power-assert ruby-rubygems ruby-test-unit
  ruby-xmlrpc ruby2.7 ruby2.7-dev ruby2.7-doc rubygems-integration zip
Use 'sudo apt autoremove' to remove them.
The following additional packages will be installed:
  libjemalloc2 liblua5.1-0 liblzf1 lua-bitop lua-cjson redis-tools
Suggested packages:
  ruby-redis
The following NEW packages will be installed:
  libjemalloc2 liblua5.1-0 liblzf1 lua-bitop lua-cjson redis-server
  redis-tools
0 upgraded, 7 newly installed, 0 to remove and 0 not upgraded.
Need to get 1227 kB of archives.
After this operation, 5330 kB of additional disk space will be used.
Get:1 http://kali.cs.nctu.edu.tw/kali kali-rolling/main amd64 libjemalloc2 amd64 5.2.1-3 [248 kB]
Get:2 http://http.kali.org/kali kali-rolling/main amd64 liblua5.1-0 amd64 5.1.5-8.1+b3 [109 kB]
Get:3 http://kali.cs.nctu.edu.tw/kali kali-rolling/main amd64 liblzf1 amd64 3.6-3 [10.2 kB]
Get:4 http://kali.cs.nctu.edu.tw/kali kali-rolling/main amd64 lua-bitop amd64 1.0.2-5 [6936 B]
Get:5 http://http.kali.org/kali kali-rolling/main amd64 lua-cjson amd64 2.1.0+dfsg-2.1 [17.5 kB]
Get:6 http://kali.cs.nctu.edu.tw/kali kali-rolling/main amd64 redis-tools amd64 5:6.0.15-1 [738 kB]
Get:7 http://kali.cs.nctu.edu.tw/kali kali-rolling/main amd64 redis-server amd64 5:6.0.15-1 [96.9 kB]
[91mdebconf: unable to initialize frontend: Dialog
debconf: (Dialog frontend will not work on a dumb terminal, an emacs shell buffer, or without a controlling terminal.)
debconf: falling back to frontend: Readline
[0m[91mdebconf: unable to initialize frontend: Readline
debconf: (This frontend requires a controlling tty.)
debconf: falling back to frontend: Teletype
[0m[91mdpkg-preconfigure: unable to re-open stdin: 
[0mFetched 1227 kB in 2s (648 kB/s)
Selecting previously unselected package libjemalloc2:amd64.
(Reading database ... (Reading database ... 5%(Reading database ... 10%(Reading database ... 15%(Reading database ... 20%(Reading database ... 25%(Reading database ... 30%(Reading database ... 35%(Reading database ... 40%(Reading database ... 45%(Reading database ... 50%(Reading database ... 55%(Reading database ... 60%(Reading database ... 65%(Reading database ... 70%(Reading database ... 75%(Reading database ... 80%(Reading database ... 85%(Reading database ... 90%(Reading database ... 95%(Reading database ... 100%(Reading database ... 88382 files and directories currently installed.)
Preparing to unpack .../0-libjemalloc2_5.2.1-3_amd64.deb ...
Unpacking libjemalloc2:amd64 (5.2.1-3) ...
Selecting previously unselected package liblua5.1-0:amd64.
Preparing to unpack .../1-liblua5.1-0_5.1.5-8.1+b3_amd64.deb ...
Unpacking liblua5.1-0:amd64 (5.1.5-8.1+b3) ...
Selecting previously unselected package liblzf1:amd64.
Preparing to unpack .../2-liblzf1_3.6-3_amd64.deb ...
Unpacking liblzf1:amd64 (3.6-3) ...
Selecting previously unselected package lua-bitop:amd64.
Preparing to unpack .../3-lua-bitop_1.0.2-5_amd64.deb ...
Unpacking lua-bitop:amd64 (1.0.2-5) ...
Selecting previously unselected package lua-cjson:amd64.
Preparing to unpack .../4-lua-cjson_2.1.0+dfsg-2.1_amd64.deb ...
Unpacking lua-cjson:amd64 (2.1.0+dfsg-2.1) ...
Selecting previously unselected package redis-tools.
Preparing to unpack .../5-redis-tools_5%3a6.0.15-1_amd64.deb ...
Unpacking redis-tools (5:6.0.15-1) ...
Selecting previously unselected package redis-server.
Preparing to unpack .../6-redis-server_5%3a6.0.15-1_amd64.deb ...
Unpacking redis-server (5:6.0.15-1) ...
Setting up libjemalloc2:amd64 (5.2.1-3) ...
Setting up lua-cjson:amd64 (2.1.0+dfsg-2.1) ...
Setting up liblzf1:amd64 (3.6-3) ...
Setting up lua-bitop:amd64 (1.0.2-5) ...
Setting up liblua5.1-0:amd64 (5.1.5-8.1+b3) ...
Setting up redis-tools (5:6.0.15-1) ...
Setting up redis-server (5:6.0.15-1) ...
update-rc.d: We have no instructions for the redis-server init script.
update-rc.d: It looks like a non-network service, we enable it.
invoke-rc.d: could not determine current runlevel
invoke-rc.d: policy-rc.d denied execution of start.
Processing triggers for libc-bin (2.31-13) ...

Pending kernel upgrade!

Running kernel version:
  3.10.0-1062.el7.x86_64

Diagnostics:
  The currently running kernel version is not the expected kernel version 5.10.0-kali9-amd64.

Restarting the system to load the new kernel will not be handled automatically, so you should consider rebooting. [Return]

Failed to check for processor microcode upgrades.

No services need to be restarted.

No containers need to be restarted.

No user sessions are running outdated binaries.

[0;35m[1mUpdating cve_searchsploit database on docker.[0m
[91mCloning into 'exploit-database'...
[0m[91mUpdating files:   0% (201/45393)[0m[91mUpdating files:   1% (454/45393)[0m[91mUpdating files:   1% (502/45393)[0m[91mUpdating files:   1% (900/45393)[0m[91mUpdating files:   2% (908/45393)[0m[91mUpdating files:   2% (1320/45393)[0m[91mUpdating files:   3% (1362/45393)[0m[91mUpdating files:   3% (1712/45393)[0m[91mUpdating files:   4% (1816/45393)[0m[91mUpdating files:   4% (2027/45393)[0m[91mUpdating files:   5% (2270/45393)[0m[91mUpdating files:   5% (2367/45393)[0m[91mUpdating files:   5% (2707/45393)[0m[91mUpdating files:   6% (2724/45393)[0m[91mUpdating files:   6% (3028/45393)[0m[91mUpdating files:   7% (3178/45393)[0m[91mUpdating files:   7% (3326/45393)[0m[91mUpdating files:   8% (3632/45393)[0m[91mUpdating files:   8% (3645/45393)[0m[91mUpdating files:   8% (3926/45393)[0m[91mUpdating files:   9% (4086/45393)[0m[91mUpdating files:   9% (4166/45393)[0m[91mUpdating files:   9% (4409/45393)[0m[91mUpdating files:  10% (4540/45393)[0m[91mUpdating files:  10% (4690/45393)[0m[91mUpdating files:  10% (4987/45393)[0m[91mUpdating files:  11% (4994/45393)[0m[91mUpdating files:  11% (5285/45393)[0m[91mUpdating files:  12% (5448/45393)[0m[91mUpdating files:  12% (5586/45393)[0m[91mUpdating files:  13% (5902/45393)[0m[91mUpdating files:  13% (5922/45393)[0m[91mUpdating files:  13% (6332/45393)[0m[91mUpdating files:  14% (6356/45393)[0m[91mUpdating files:  14% (6614/45393)[0m[91mUpdating files:  15% (6809/45393)[0m[91mUpdating files:  15% (6944/45393)[0m[91mUpdating files:  15% (7257/45393)[0m[91mUpdating files:  16% (7263/45393)[0m[91mUpdating files:  16% (7498/45393)[0m[91mUpdating files:  17% (7717/45393)[0m[91mUpdating files:  17% (7757/45393)[0m[91mUpdating files:  17% (8030/45393)[0m[91mUpdating files:  18% (8171/45393)[0m[91mUpdating files:  18% (8304/45393)[0m[91mUpdating files:  18% (8545/45393)[0m[91mUpdating files:  19% (8625/45393)[0m[91mUpdating files:  19% (8799/45393)[0m[91mUpdating files:  20% (9079/45393)[0m[91mUpdating files:  20% (9112/45393)[0m[91mUpdating files:  20% (9444/45393)[0m[91mUpdating files:  21% (9533/45393)[0m[91mUpdating files:  21% (9671/45393)[0m[91mUpdating files:  21% (9894/45393)[0m[91mUpdating files:  22% (9987/45393)[0m[91mUpdating files:  22% (10179/45393)[0m[91mUpdating files:  23% (10441/45393)[0m[91mUpdating files:  23% (10556/45393)[0m[91mUpdating files:  24% (10895/45393)[0m[91mUpdating files:  24% (10911/45393)[0m[91mUpdating files:  24% (11176/45393)[0m[91mUpdating files:  25% (11349/45393)[0m[91mUpdating files:  25% (11428/45393)[0m[91mUpdating files:  25% (11708/45393)[0m[91mUpdating files:  26% (11803/45393)[0m[91mUpdating files:  26% (12041/45393)[0m[91mUpdating files:  27% (12257/45393)[0m[91mUpdating files:  27% (12355/45393)[0m[91mUpdating files:  27% (12676/45393)[0m[91mUpdating files:  28% (12711/45393)[0m[91mUpdating files:  28% (13129/45393)[0m[91mUpdating files:  29% (13164/45393)[0m[91mUpdating files:  29% (13578/45393)[0m[91mUpdating files:  30% (13618/45393)[0m[91mUpdating files:  30% (13981/45393)[0m[91mUpdating files:  31% (14072/45393)[0m[91mUpdating files:  31% (14349/45393)[0m[91mUpdating files:  32% (14526/45393)[0m[91mUpdating files:  32% (14718/45393)[0m[91mUpdating files:  33% (14980/45393)[0m[91mUpdating files:  33% (15052/45393)[0m[91mUpdating files:  33% (15373/45393)[0m[91mUpdating files:  34% (15434/45393)[0m[91mUpdating files:  34% (15738/45393)[0m[91mUpdating files:  35% (15888/45393)[0m[91mUpdating files:  35% (16071/45393)[0m[91mUpdating files:  36% (16342/45393)[0m[91mUpdating files:  36% (16380/45393)[0m[91mUpdating files:  36% (16759/45393)[0m[91mUpdating files:  37% (16796/45393)[0m[91mUpdating files:  37% (17163/45393)[0m[91mUpdating files:  38% (17250/45393)[0m[91mUpdating files:  38% (17567/45393)[0m[91mUpdating files:  39% (17704/45393)[0m[91mUpdating files:  39% (17939/45393)[0m[91mUpdating files:  40% (18158/45393)[0m[91mUpdating files:  40% (18370/45393)[0m[91mUpdating files:  41% (18612/45393)[0m[91mUpdating files:  41% (18797/45393)[0m[91mUpdating files:  42% (19066/45393)[0m[91mUpdating files:  42% (19238/45393)[0m[91mUpdating files:  43% (19519/45393)[0m[91mUpdating files:  43% (19652/45393)[0m[91mUpdating files:  44% (19973/45393)[0m[91mUpdating files:  44% (20107/45393)[0m[91mUpdating files:  45% (20427/45393)[0m[91mUpdating files:  45% (20554/45393)[0m[91mUpdating files:  46% (20881/45393)[0m[91mUpdating files:  46% (20992/45393)[0m[91mUpdating files:  47% (21335/45393)[0m[91mUpdating files:  47% (21423/45393)[0m[91mUpdating files:  48% (21789/45393)[0m[91mUpdating files:  48% (21859/45393)[0m[91mUpdating files:  49% (22243/45393)[0m[91mUpdating files:  49% (22305/45393)[0m[91mUpdating files:  49% (22690/45393)[0m[91mUpdating files:  50% (22697/45393)[0m[91mUpdating files:  50% (23109/45393)[0m[91mUpdating files:  51% (23151/45393)[0m[91mUpdating files:  51% (23484/45393)[0m[91mUpdating files:  52% (23605/45393)[0m[91mUpdating files:  52% (23850/45393)[0m[91mUpdating files:  53% (24059/45393)[0m[91mUpdating files:  53% (24226/45393)[0m[91mUpdating files:  54% (24513/45393)[0m[91mUpdating files:  54% (24602/45393)[0m[91mUpdating files:  55% (24967/45393)[0m[91mUpdating files:  55% (25000/45393)[0m[91mUpdating files:  55% (25354/45393)[0m[91mUpdating files:  56% (25421/45393)[0m[91mUpdating files:  56% (25717/45393)[0m[91mUpdating files:  57% (25875/45393)[0m[91mUpdating files:  57% (26084/45393)[0m[91mUpdating files:  58% (26328/45393)[0m[91mUpdating files:  58% (26352/45393)[0m[91mUpdating files:  58% (26774/45393)[0m[91mUpdating files:  59% (26782/45393)[0m[91mUpdating files:  59% (27138/45393)[0m[91mUpdating files:  60% (27236/45393)[0m[91mUpdating files:  60% (27562/45393)[0m[91mUpdating files:  61% (27690/45393)[0m[91mUpdating files:  61% (27924/45393)[0m[91mUpdating files:  62% (28144/45393)[0m[91mUpdating files:  62% (28258/45393)[0m[91mUpdating files:  62% (28524/45393)[0m[91mUpdating files:  63% (28598/45393)[0m[91mUpdating files:  63% (28858/45393)[0m[91mUpdating files:  64% (29052/45393)[0m[91mUpdating files:  64% (29126/45393)[0m[91mUpdating files:  64% (29425/45393)[0m[91mUpdating files:  65% (29506/45393)[0m[91mUpdating files:  65% (29749/45393)[0m[91mUpdating files:  66% (29960/45393)[0m[91mUpdating files:  66% (30085/45393)[0m[91mUpdating files:  67% (30414/45393)[0m[91mUpdating files:  67% (30467/45393)[0m[91mUpdating files:  67% (30854/45393)[0m[91mUpdating files:  68% (30868/45393)[0m[91mUpdating files:  68% (31244/45393)[0m[91mUpdating files:  69% (31322/45393)[0m[91mUpdating files:  69% (31680/45393)[0m[91mUpdating files:  70% (31776/45393)[0m[91mUpdating files:  70% (32069/45393)[0m[91mUpdating files:  71% (32230/45393)[0m[91mUpdating files:  71% (32454/45393)[0m[91mUpdating files:  72% (32683/45393)[0m[91mUpdating files:  72% (32822/45393)[0m[91mUpdating files:  73% (33137/45393)[0m[91mUpdating files:  73% (33198/45393)[0m[91mUpdating files:  73% (33517/45393)[0m[91mUpdating files:  74% (33591/45393)[0m[91mUpdating files:  74% (33860/45393)[0m[91mUpdating files:  75% (34045/45393)[0m[91mUpdating files:  75% (34211/45393)[0m[91mUpdating files:  76% (34499/45393)[0m[91mUpdating files:  76% (34531/45393)[0m[91mUpdating files:  76% (34849/45393)[0m[91mUpdating files:  77% (34953/45393)[0m[91mUpdating files:  77% (35235/45393)[0m[91mUpdating files:  78% (35407/45393)[0m[91mUpdating files:  78% (35602/45393)[0m[91mUpdating files:  79% (35861/45393)[0m[91mUpdating files:  79% (35956/45393)[0m[91mUpdating files:  80% (36315/45393)[0m[91mUpdating files:  80% (36322/45393)[0m[91mUpdating files:  80% (36591/45393)[0m[91mUpdating files:  81% (36769/45393)[0m[91mUpdating files:  81% (36904/45393)[0m[91mUpdating files:  82% (37223/45393)[0m[91mUpdating files:  82% (37304/45393)[0m[91mUpdating files:  82% (37664/45393)[0m[91mUpdating files:  83% (37677/45393)[0m[91mUpdating files:  83% (37908/45393)[0m[91mUpdating files:  84% (38131/45393)[0m[91mUpdating files:  84% (38193/45393)[0m[91mUpdating files:  84% (38510/45393)[0m[91mUpdating files:  85% (38585/45393)[0m[91mUpdating files:  85% (38837/45393)[0m[91mUpdating files:  86% (39038/45393)[0m[91mUpdating files:  86% (39176/45393)[0m[91mUpdating files:  87% (39492/45393)[0m[91mUpdating files:  87% (39518/45393)[0m[91mUpdating files:  87% (39852/45393)[0m[91mUpdating files:  88% (39946/45393)[0m[91mUpdating files:  88% (40155/45393)[0m[91mUpdating files:  89% (40400/45393)[0m[91mUpdating files:  89% (40403/45393)[0m[91mUpdating files:  89% (40674/45393)[0m[91mUpdating files:  90% (40854/45393)[0m[91mUpdating files:  90% (40955/45393)[0m[91mUpdating files:  90% (41213/45393)[0m[91mUpdating files:  91% (41308/45393)[0m[91mUpdating files:  91% (41511/45393)[0m[91mUpdating files:  92% (41762/45393)[0m[91mUpdating files:  92% (41845/45393)[0m[91mUpdating files:  92% (42166/45393)[0m[91mUpdating files:  93% (42216/45393)[0m[91mUpdating files:  93% (42459/45393)[0m[91mUpdating files:  94% (42670/45393)[0m[91mUpdating files:  94% (42754/45393)[0m[91mUpdating files:  94% (43020/45393)[0m[91mUpdating files:  95% (43124/45393)[0m[91mUpdating files:  95% (43280/45393)[0m[91mUpdating files:  95% (43527/45393)[0m[91mUpdating files:  96% (43578/45393)[0m[91mUpdating files:  96% (43785/45393)[0m[91mUpdating files:  97% (44032/45393)[0m[91mUpdating files:  97% (44072/45393)[0m[91mUpdating files:  97% (44361/45393)[0m[91mUpdating files:  98% (44486/45393)[0m[91mUpdating files:  98% (44732/45393)[0m[91mUpdating files:  99% (44940/45393)[0m[91mUpdating files:  99% (45127/45393)[0m[91mUpdating files: 100% (45393/45393)Updating files: 100% (45393/45393), done.
[0m[91mFrom https://github.com/offensive-security/exploit-database
 * branch                master     -> FETCH_HEAD
[0mAlready up to date.
[91mN/A% (0 of 44345) |                      | Elapsed Time: 0:00:00 ETA:  --:--:--
[0m[91m 10% (4783 of 44345) |##                 | Elapsed Time: 0:00:10 ETA:   0:01:24
[0m[91m 13% (5793 of 44345) |##                 | Elapsed Time: 0:00:20 ETA:   0:06:35
[0m[91m 13% (6027 of 44345) |##                 | Elapsed Time: 0:00:30 ETA:   0:28:05
[0m[91m 14% (6581 of 44345) |##                 | Elapsed Time: 0:00:41 ETA:   0:11:34
[0m[91m 14% (6582 of 44345) |#          | Elapsed Time: 0:00:51 ETA:  4 days, 10:38:31
[0m[91m 14% (6583 of 44345) |#          | Elapsed Time: 0:01:01 ETA:  4 days, 11:02:45
[0m[91m 15% (6652 of 44345) |##                 | Elapsed Time: 0:01:11 ETA:   1:33:49
[0m[91m 15% (6655 of 44345) |#           | Elapsed Time: 0:01:21 ETA:  1 day, 11:43:19
[0m[91m 15% (6658 of 44345) |#           | Elapsed Time: 0:01:32 ETA:  1 day, 11:57:57
[0m[91m 15% (6676 of 44345) |##                 | Elapsed Time: 0:01:42 ETA:   5:54:39
[0m[91m 15% (6695 of 44345) |##                 | Elapsed Time: 0:01:52 ETA:   5:41:28
[0m[91m 15% (6712 of 44345) |##                 | Elapsed Time: 0:02:03 ETA:   6:21:15
[0m[91m 15% (6713 of 44345) |#          | Elapsed Time: 0:02:13 ETA:  4 days, 11:10:23
[0m[91m 15% (6714 of 44345) |#          | Elapsed Time: 0:02:23 ETA:  4 days, 11:38:19
[0m[91m 15% (6715 of 44345) |#          | Elapsed Time: 0:02:33 ETA:  4 days, 10:38:03
[0m[91m 15% (6716 of 44345) |#          | Elapsed Time: 0:02:44 ETA:  4 days, 10:47:54
[0m[91m 15% (6717 of 44345) |#          | Elapsed Time: 0:02:54 ETA:  4 days, 11:07:31
[0m[91m 15% (6718 of 44345) |#          | Elapsed Time: 0:03:04 ETA:  4 days, 10:23:17
[0m[91m 15% (6719 of 44345) |#          | Elapsed Time: 0:03:14 ETA:  4 days, 11:45:08
[0m[91m 15% (6720 of 44345) |#          | Elapsed Time: 0:03:24 ETA:  4 days, 10:34:08
[0m[91m 15% (6721 of 44345) |#          | Elapsed Time: 0:03:35 ETA:  4 days, 11:41:43
[0m[91m 15% (6722 of 44345) |#          | Elapsed Time: 0:03:45 ETA:  4 days, 12:13:21
[0m[91m 15% (6723 of 44345) |#          | Elapsed Time: 0:03:55 ETA:  4 days, 11:47:59
[0m[91m 15% (6724 of 44345) |#          | Elapsed Time: 0:04:06 ETA:  4 days, 11:11:43
[0m[91m 15% (6725 of 44345) |#          | Elapsed Time: 0:04:16 ETA:  4 days, 10:33:11
[0m[91m 15% (6726 of 44345) |#          | Elapsed Time: 0:04:26 ETA:  4 days, 11:09:30
[0m[91m 15% (6727 of 44345) |#          | Elapsed Time: 0:04:37 ETA:  4 days, 12:15:50
[0m[91m 15% (6728 of 44345) |#          | Elapsed Time: 0:04:47 ETA:  4 days, 11:03:01
[0m[91m 15% (6729 of 44345) |#          | Elapsed Time: 0:04:57 ETA:  4 days, 11:43:03
[0m[91m 15% (6730 of 44345) |#          | Elapsed Time: 0:05:07 ETA:  4 days, 11:25:36
[0m[91m 15% (6731 of 44345) |#          | Elapsed Time: 0:05:18 ETA:  4 days, 11:58:45
[0m[91m 15% (6732 of 44345) |#          | Elapsed Time: 0:05:28 ETA:  4 days, 10:53:42
[0m[91m 15% (6733 of 44345) |#          | Elapsed Time: 0:05:38 ETA:  4 days, 10:08:54
[0m[91m 15% (6734 of 44345) |#          | Elapsed Time: 0:05:48 ETA:  4 days, 10:20:07
[0m[91m 15% (6735 of 44345) |#          | Elapsed Time: 0:05:58 ETA:  4 days, 10:39:05
[0m[91m 15% (6736 of 44345) |#          | Elapsed Time: 0:06:09 ETA:  4 days, 10:48:21
[0m[91m 15% (6737 of 44345) |#          | Elapsed Time: 0:06:19 ETA:  4 days, 12:11:58
[0m[91m 15% (6738 of 44345) |#          | Elapsed Time: 0:06:29 ETA:  4 days, 10:58:55
[0m[91m 15% (6739 of 44345) |#          | Elapsed Time: 0:06:40 ETA:  4 days, 10:59:30
[0m[91m 15% (6740 of 44345) |#          | Elapsed Time: 0:06:50 ETA:  4 days, 11:38:34
[0m[91m 15% (6741 of 44345) |#          | Elapsed Time: 0:07:00 ETA:  4 days, 11:01:53
[0m[91m 15% (6742 of 44345) |#          | Elapsed Time: 0:07:10 ETA:  4 days, 11:34:46
[0m[91m 15% (6743 of 44345) |#          | Elapsed Time: 0:07:21 ETA:  4 days, 11:47:58
[0m[91m 15% (6744 of 44345) |#          | Elapsed Time: 0:07:31 ETA:  4 days, 10:52:14
[0m[91m 15% (6745 of 44345) |#          | Elapsed Time: 0:07:41 ETA:  4 days, 10:18:54
[0m[91m 15% (6746 of 44345) |#          | Elapsed Time: 0:07:51 ETA:  4 days, 11:54:32
[0m[91m 15% (6747 of 44345) |#          | Elapsed Time: 0:08:02 ETA:  4 days, 10:04:26
[0m[91m 15% (6748 of 44345) |#          | Elapsed Time: 0:08:12 ETA:  4 days, 10:58:23
[0m[91m 15% (6749 of 44345) |#          | Elapsed Time: 0:08:22 ETA:  4 days, 11:43:35
[0m[91m 15% (6750 of 44345) |#          | Elapsed Time: 0:08:32 ETA:  4 days, 11:32:19
[0m[91m 15% (6751 of 44345) |#          | Elapsed Time: 0:08:43 ETA:  4 days, 10:07:56
[0m[91m 15% (6752 of 44345) |#          | Elapsed Time: 0:08:53 ETA:  4 days, 10:22:28
[0m[91m 15% (6753 of 44345) |#          | Elapsed Time: 0:09:03 ETA:  4 days, 10:17:37
[0m[91m 15% (6754 of 44345) |#          | Elapsed Time: 0:09:13 ETA:  4 days, 11:45:02
[0m[91m 15% (6755 of 44345) |#          | Elapsed Time: 0:09:24 ETA:  4 days, 10:29:00
[0m[91m 15% (6756 of 44345) |#          | Elapsed Time: 0:09:34 ETA:  4 days, 11:00:21
[0m[91m 15% (6757 of 44345) |#          | Elapsed Time: 0:09:44 ETA:  4 days, 10:08:26
[0m[91m 15% (6758 of 44345) |#          | Elapsed Time: 0:09:54 ETA:  4 days, 11:14:07
[0m[91m 15% (6759 of 44345) |#          | Elapsed Time: 0:10:05 ETA:  4 days, 11:29:16
[0m[91m 15% (6760 of 44345) |#          | Elapsed Time: 0:10:15 ETA:  4 days, 11:00:35
[0m[91m 15% (6761 of 44345) |#          | Elapsed Time: 0:10:25 ETA:  4 days, 10:30:33
[0m[91m 15% (6762 of 44345) |#          | Elapsed Time: 0:10:35 ETA:  4 days, 11:28:41
[0m[91m 15% (6763 of 44345) |#          | Elapsed Time: 0:10:45 ETA:  4 days, 11:01:04
[0m[91m 15% (6764 of 44345) |#          | Elapsed Time: 0:10:56 ETA:  4 days, 11:14:55
[0m[91m 15% (6765 of 44345) |#          | Elapsed Time: 0:11:06 ETA:  4 days, 10:43:24
[0m[91m 15% (6766 of 44345) |#          | Elapsed Time: 0:11:16 ETA:  4 days, 11:19:24
[0m[91m 15% (6767 of 44345) |#          | Elapsed Time: 0:11:26 ETA:  4 days, 10:26:35
[0m[91m 15% (6768 of 44345) |#          | Elapsed Time: 0:11:37 ETA:  4 days, 10:26:30
[0m[91m 15% (6769 of 44345) |#          | Elapsed Time: 0:11:47 ETA:  4 days, 10:53:41
[0m[91m 15% (6770 of 44345) |#          | Elapsed Time: 0:11:57 ETA:  4 days, 10:59:14
[0m[91m 15% (6771 of 44345) |#          | Elapsed Time: 0:12:07 ETA:  4 days, 10:42:07
[0m[91m 15% (6772 of 44345) |#          | Elapsed Time: 0:12:18 ETA:  4 days, 10:53:38
[0m[91m 15% (6773 of 44345) |#          | Elapsed Time: 0:12:28 ETA:  4 days, 11:52:24
[0m[91m 15% (6774 of 44345) |#          | Elapsed Time: 0:12:38 ETA:  4 days, 11:15:23
[0m[91m 15% (6775 of 44345) |#          | Elapsed Time: 0:12:49 ETA:  4 days, 11:56:00
[0m[91m 15% (6776 of 44345) |#          | Elapsed Time: 0:12:59 ETA:  4 days, 11:30:15
[0m[91m 15% (6777 of 44345) |#          | Elapsed Time: 0:13:09 ETA:  4 days, 10:48:13
[0m[91m 15% (6778 of 44345) |#          | Elapsed Time: 0:13:19 ETA:  4 days, 11:39:53
[0m[91m 15% (6779 of 44345) |#          | Elapsed Time: 0:13:30 ETA:  4 days, 11:50:07
[0m[91m 15% (6780 of 44345) |#          | Elapsed Time: 0:13:40 ETA:  4 days, 11:51:01
[0m[91m 15% (6781 of 44345) |#          | Elapsed Time: 0:13:50 ETA:  4 days, 10:21:34
[0m[91m 15% (6782 of 44345) |#          | Elapsed Time: 0:14:01 ETA:  4 days, 11:14:56
[0m[91m 15% (6783 of 44345) |#          | Elapsed Time: 0:14:11 ETA:  4 days, 10:17:12
[0m[91m 15% (6784 of 44345) |#          | Elapsed Time: 0:14:21 ETA:  4 days, 11:16:18
[0m[91m 15% (6785 of 44345) |#          | Elapsed Time: 0:14:31 ETA:  4 days, 11:40:06
[0m[91m 15% (6786 of 44345) |#          | Elapsed Time: 0:14:42 ETA:  4 days, 11:55:26
[0m[91m 15% (6787 of 44345) |#          | Elapsed Time: 0:14:52 ETA:  4 days, 10:00:42
[0m[91m 15% (6788 of 44345) |#          | Elapsed Time: 0:15:02 ETA:  4 days, 10:22:15
[0m[91m 15% (6789 of 44345) |#          | Elapsed Time: 0:15:12 ETA:  4 days, 11:17:04
[0m[91m 15% (6790 of 44345) |#          | Elapsed Time: 0:15:23 ETA:  4 days, 10:57:27
[0m[91m 15% (6791 of 44345) |#          | Elapsed Time: 0:15:33 ETA:  4 days, 10:11:03
[0m[91m 15% (6792 of 44345) |#          | Elapsed Time: 0:15:43 ETA:  4 days, 10:12:54
[0m[91m 15% (6793 of 44345) |#          | Elapsed Time: 0:15:53 ETA:  4 days, 10:28:27
[0m[91m 15% (6794 of 44345) |#          | Elapsed Time: 0:16:03 ETA:  4 days, 11:06:20
[0m[91m 15% (6795 of 44345) |#          | Elapsed Time: 0:16:14 ETA:  4 days, 10:37:53
[0m[91m 15% (6796 of 44345) |#          | Elapsed Time: 0:16:24 ETA:  4 days, 11:26:08
[0m[91m 15% (6797 of 44345) |#          | Elapsed Time: 0:16:34 ETA:  4 days, 10:20:47
[0m[91m 23% (10412 of 44345) |####              | Elapsed Time: 0:16:44 ETA:   0:01:36
[0m[91m 23% (10413 of 44345) |##        | Elapsed Time: 0:16:55 ETA:  3 days, 23:42:15
[0m[91m 23% (10414 of 44345) |##         | Elapsed Time: 0:17:05 ETA:  4 days, 1:32:53
[0m[91m 23% (10415 of 44345) |##         | Elapsed Time: 0:17:15 ETA:  4 days, 1:22:47
[0m[91m 23% (10416 of 44345) |##         | Elapsed Time: 0:17:26 ETA:  4 days, 0:59:20
[0m[91m 23% (10417 of 44345) |##        | Elapsed Time: 0:17:36 ETA:  3 days, 23:51:12
[0m[91m 23% (10418 of 44345) |##         | Elapsed Time: 0:17:46 ETA:  4 days, 0:36:48
[0m[91m 23% (10419 of 44345) |##         | Elapsed Time: 0:17:56 ETA:  4 days, 1:12:07
[0m[91m 23% (10420 of 44345) |##         | Elapsed Time: 0:18:07 ETA:  4 days, 0:54:15
[0m[91m 23% (10421 of 44345) |##         | Elapsed Time: 0:18:17 ETA:  4 days, 1:00:45
[0m[91m 23% (10422 of 44345) |##         | Elapsed Time: 0:18:27 ETA:  4 days, 1:17:22
[0m[91m 23% (10423 of 44345) |##        | Elapsed Time: 0:18:37 ETA:  3 days, 23:44:03
[0m[91m 23% (10424 of 44345) |##         | Elapsed Time: 0:18:48 ETA:  4 days, 7:37:06
[0m[91m 23% (10425 of 44345) |##         | Elapsed Time: 0:18:59 ETA:  4 days, 1:02:58
[0m[91m 23% (10426 of 44345) |##         | Elapsed Time: 0:19:09 ETA:  4 days, 0:37:27
[0m[91m 23% (10427 of 44345) |##         | Elapsed Time: 0:19:19 ETA:  4 days, 1:32:08
[0m[91m 23% (10428 of 44345) |##         | Elapsed Time: 0:19:30 ETA:  4 days, 1:06:09
[0m[91m 23% (10429 of 44345) |##         | Elapsed Time: 0:19:40 ETA:  4 days, 0:38:15
[0m[91m 23% (10430 of 44345) |##         | Elapsed Time: 0:19:50 ETA:  4 days, 0:49:32
[0m[91m 23% (10431 of 44345) |##         | Elapsed Time: 0:20:00 ETA:  4 days, 1:02:09
[0m[91m 23% (10432 of 44345) |##        | Elapsed Time: 0:20:11 ETA:  3 days, 23:56:06
[0m[91m 23% (10433 of 44345) |##         | Elapsed Time: 0:20:21 ETA:  4 days, 1:27:37
[0m[91m 23% (10434 of 44345) |##        | Elapsed Time: 0:20:31 ETA:  3 days, 23:53:15
[0m[91m 23% (10435 of 44345) |##         | Elapsed Time: 0:20:41 ETA:  4 days, 1:17:28
[0m[91m 23% (10436 of 44345) |##         | Elapsed Time: 0:20:52 ETA:  4 days, 0:37:13
[0m[91m 23% (10437 of 44345) |##         | Elapsed Time: 0:21:02 ETA:  4 days, 1:30:23
[0m[91m 23% (10438 of 44345) |##         | Elapsed Time: 0:21:12 ETA:  4 days, 1:03:45
[0m[91m 23% (10439 of 44345) |##         | Elapsed Time: 0:21:23 ETA:  4 days, 0:42:24
[0m[91m 23% (10440 of 44345) |##         | Elapsed Time: 0:21:33 ETA:  4 days, 0:23:17
[0m[91m 23% (10441 of 44345) |##         | Elapsed Time: 0:21:43 ETA:  4 days, 0:33:27
[0m[91m 23% (10442 of 44345) |##         | Elapsed Time: 0:21:53 ETA:  4 days, 1:23:09
[0m[91m 23% (10443 of 44345) |##         | Elapsed Time: 0:22:04 ETA:  4 days, 0:43:26
[0m[91m 23% (10444 of 44345) |##         | Elapsed Time: 0:22:14 ETA:  4 days, 0:55:28
[0m[91m 23% (10445 of 44345) |##         | Elapsed Time: 0:22:24 ETA:  4 days, 1:23:55
[0m[91m 23% (10446 of 44345) |##         | Elapsed Time: 0:22:35 ETA:  4 days, 0:36:28
[0m[91m 23% (10447 of 44345) |##        | Elapsed Time: 0:22:45 ETA:  3 days, 23:43:51
[0m[91m 23% (10448 of 44345) |##         | Elapsed Time: 0:22:55 ETA:  4 days, 0:47:03
[0m[91m 23% (10449 of 44345) |##         | Elapsed Time: 0:23:05 ETA:  4 days, 0:14:57
[0m[91m 23% (10450 of 44345) |##         | Elapsed Time: 0:23:16 ETA:  4 days, 1:24:47
[0m[91m 23% (10451 of 44345) |##        | Elapsed Time: 0:23:26 ETA:  3 days, 23:42:21
[0m[91m 23% (10452 of 44345) |##         | Elapsed Time: 0:23:36 ETA:  4 days, 0:36:24
[0m[91m 23% (10453 of 44345) |##         | Elapsed Time: 0:23:46 ETA:  4 days, 0:43:06
[0m[91m 23% (10454 of 44345) |##         | Elapsed Time: 0:23:57 ETA:  4 days, 0:43:29
[0m[91m 23% (10455 of 44345) |##        | Elapsed Time: 0:24:07 ETA:  3 days, 23:57:43
[0m[91m 23% (10456 of 44345) |##         | Elapsed Time: 0:24:17 ETA:  4 days, 1:22:46
[0m[91m 23% (10457 of 44345) |##         | Elapsed Time: 0:24:27 ETA:  4 days, 1:18:17
[0m[91m 23% (10458 of 44345) |##         | Elapsed Time: 0:24:38 ETA:  4 days, 1:05:17
[0m[91m 23% (10459 of 44345) |##         | Elapsed Time: 0:24:48 ETA:  4 days, 0:21:38
[0m[91m 23% (10460 of 44345) |##        | Elapsed Time: 0:24:58 ETA:  3 days, 23:47:47
[0m[91m 23% (10461 of 44345) |##         | Elapsed Time: 0:25:08 ETA:  4 days, 0:09:42
[0m[91m 23% (10462 of 44345) |##         | Elapsed Time: 0:25:19 ETA:  4 days, 0:20:22
[0m[91m 23% (10463 of 44345) |##         | Elapsed Time: 0:25:29 ETA:  4 days, 0:21:42
[0m[91m 23% (10464 of 44345) |##         | Elapsed Time: 0:25:39 ETA:  4 days, 0:46:50
[0m[91m 23% (10465 of 44345) |##         | Elapsed Time: 0:25:49 ETA:  4 days, 0:21:44
[0m[91m 23% (10466 of 44345) |##         | Elapsed Time: 0:26:00 ETA:  4 days, 0:04:02
[0m[91m 24% (10926 of 44345) |####              | Elapsed Time: 0:26:10 ETA:   0:12:22
[0m[91m 24% (10971 of 44345) |####              | Elapsed Time: 0:26:20 ETA:   2:07:23
[0m[91m 24% (10972 of 44345) |##        | Elapsed Time: 0:26:30 ETA:  3 days, 22:48:45
[0m[91m 24% (10980 of 44345) |####              | Elapsed Time: 0:26:41 ETA:  11:49:19
[0m[91m 24% (10996 of 44345) |####              | Elapsed Time: 0:26:51 ETA:   5:54:56
[0m[91m 25% (11108 of 44345) |####              | Elapsed Time: 0:27:01 ETA:   0:51:06
[0m[91m 25% (11141 of 44345) |####              | Elapsed Time: 0:27:11 ETA:   2:52:40
[0m[91m 25% (11142 of 44345) |##        | Elapsed Time: 0:27:22 ETA:  3 days, 22:14:11
[0m[91m 25% (11143 of 44345) |##        | Elapsed Time: 0:27:32 ETA:  3 days, 23:21:26
[0m[91m 25% (11144 of 44345) |##        | Elapsed Time: 0:27:42 ETA:  3 days, 22:11:11
[0m[91m 25% (11145 of 44345) |##        | Elapsed Time: 0:27:53 ETA:  3 days, 23:07:42
[0m[91m 25% (11146 of 44345) |##        | Elapsed Time: 0:28:03 ETA:  3 days, 23:01:38
[0m[91m 25% (11147 of 44345) |##        | Elapsed Time: 0:28:13 ETA:  3 days, 22:08:57
[0m[91m 25% (11148 of 44345) |##        | Elapsed Time: 0:28:23 ETA:  3 days, 22:10:41
[0m[91m 25% (11149 of 44345) |##        | Elapsed Time: 0:28:34 ETA:  3 days, 23:13:22
[0m[91m 25% (11150 of 44345) |##        | Elapsed Time: 0:28:44 ETA:  3 days, 23:12:41
[0m[91m 25% (11151 of 44345) |##        | Elapsed Time: 0:28:54 ETA:  3 days, 23:02:50
[0m[91m 25% (11152 of 44345) |##        | Elapsed Time: 0:29:04 ETA:  3 days, 22:42:59
[0m[91m 25% (11153 of 44345) |##        | Elapsed Time: 0:29:15 ETA:  3 days, 22:02:18
[0m[91m 25% (11154 of 44345) |##        | Elapsed Time: 0:29:25 ETA:  3 days, 22:39:32
[0m[91m 25% (11155 of 44345) |##        | Elapsed Time: 0:29:35 ETA:  3 days, 22:07:04
[0m[91m 25% (11156 of 44345) |##        | Elapsed Time: 0:29:45 ETA:  3 days, 22:04:01
[0m[91m 25% (11157 of 44345) |##        | Elapsed Time: 0:29:56 ETA:  3 days, 23:09:01
[0m[91m 25% (11158 of 44345) |##        | Elapsed Time: 0:30:06 ETA:  3 days, 22:13:55
[0m[91m 25% (11159 of 44345) |##        | Elapsed Time: 0:30:16 ETA:  3 days, 22:03:26
[0m[91m 25% (11160 of 44345) |##        | Elapsed Time: 0:30:26 ETA:  3 days, 22:28:47
[0m[91m 25% (11161 of 44345) |##        | Elapsed Time: 0:30:37 ETA:  3 days, 22:47:50
[0m[91m 25% (11162 of 44345) |##        | Elapsed Time: 0:30:47 ETA:  3 days, 22:03:11
[0m[91m 25% (11163 of 44345) |##        | Elapsed Time: 0:30:57 ETA:  3 days, 22:52:49
[0m[91m 25% (11164 of 44345) |##        | Elapsed Time: 0:31:07 ETA:  3 days, 22:46:03
[0m[91m 25% (11165 of 44345) |##        | Elapsed Time: 0:31:18 ETA:  3 days, 21:42:39
[0m[91m 25% (11166 of 44345) |##        | Elapsed Time: 0:31:28 ETA:  3 days, 23:04:18
[0m[91m 25% (11167 of 44345) |##        | Elapsed Time: 0:31:38 ETA:  3 days, 21:41:41
[0m[91m 25% (11168 of 44345) |##        | Elapsed Time: 0:31:48 ETA:  3 days, 23:05:58
[0m[91m 25% (11169 of 44345) |##        | Elapsed Time: 0:31:59 ETA:  3 days, 21:48:46
[0m[91m 25% (11170 of 44345) |##        | Elapsed Time: 0:32:09 ETA:  3 days, 22:51:02
[0m[91m 25% (11171 of 44345) |##        | Elapsed Time: 0:32:19 ETA:  3 days, 23:00:36
[0m[91m 25% (11172 of 44345) |##        | Elapsed Time: 0:32:29 ETA:  3 days, 22:50:00
[0m[91m 25% (11173 of 44345) |##        | Elapsed Time: 0:32:40 ETA:  3 days, 22:54:24
[0m[91m 25% (11174 of 44345) |##        | Elapsed Time: 0:32:50 ETA:  3 days, 22:28:39
[0m[91m 25% (11175 of 44345) |##        | Elapsed Time: 0:33:00 ETA:  3 days, 23:00:57
[0m[91m 25% (11176 of 44345) |##        | Elapsed Time: 0:33:11 ETA:  3 days, 22:11:36
[0m[91m 25% (11177 of 44345) |##        | Elapsed Time: 0:33:21 ETA:  3 days, 22:01:55
[0m[91m 25% (11178 of 44345) |##        | Elapsed Time: 0:33:31 ETA:  3 days, 22:56:11
[0m[91m 25% (11179 of 44345) |##        | Elapsed Time: 0:33:41 ETA:  3 days, 22:41:40
[0m[91m 25% (11180 of 44345) |##        | Elapsed Time: 0:33:52 ETA:  3 days, 21:36:06
[0m[91m 25% (11181 of 44345) |##        | Elapsed Time: 0:34:02 ETA:  3 days, 22:23:23
[0m[91m 25% (11182 of 44345) |##        | Elapsed Time: 0:34:12 ETA:  3 days, 22:52:17
[0m[91m 25% (11183 of 44345) |##        | Elapsed Time: 0:34:22 ETA:  3 days, 21:52:19
[0m[91m 25% (11184 of 44345) |##        | Elapsed Time: 0:34:32 ETA:  3 days, 22:13:02
[0m[91m 25% (11185 of 44345) |##        | Elapsed Time: 0:34:43 ETA:  3 days, 22:32:28
[0m[91m 25% (11186 of 44345) |##        | Elapsed Time: 0:34:53 ETA:  3 days, 22:20:46
[0m[91m 25% (11187 of 44345) |##        | Elapsed Time: 0:35:03 ETA:  3 days, 22:01:36
[0m[91m 25% (11188 of 44345) |##        | Elapsed Time: 0:35:13 ETA:  3 days, 22:53:23
[0m[91m 25% (11189 of 44345) |##        | Elapsed Time: 0:35:24 ETA:  3 days, 22:56:12
[0m[91m 25% (11190 of 44345) |##        | Elapsed Time: 0:35:34 ETA:  3 days, 23:13:23
[0m[91m 25% (11191 of 44345) |##        | Elapsed Time: 0:35:44 ETA:  3 days, 23:00:10
[0m[91m 25% (11192 of 44345) |##        | Elapsed Time: 0:35:55 ETA:  3 days, 22:36:17
[0m[91m 25% (11193 of 44345) |##        | Elapsed Time: 0:36:05 ETA:  3 days, 22:01:29
[0m[91m 25% (11194 of 44345) |##        | Elapsed Time: 0:36:15 ETA:  3 days, 23:17:10
[0m[91m 25% (11195 of 44345) |##        | Elapsed Time: 0:36:25 ETA:  3 days, 21:50:09
[0m[91m 25% (11196 of 44345) |##        | Elapsed Time: 0:36:36 ETA:  3 days, 22:26:02
[0m[91m 25% (11197 of 44345) |##        | Elapsed Time: 0:36:46 ETA:  3 days, 22:52:44
[0m[91m 25% (11198 of 44345) |##        | Elapsed Time: 0:36:56 ETA:  3 days, 22:49:27
[0m[91m 25% (11199 of 44345) |##        | Elapsed Time: 0:37:07 ETA:  3 days, 22:59:01
[0m[91m 25% (11200 of 44345) |##        | Elapsed Time: 0:37:17 ETA:  3 days, 22:33:32
[0m[91m 25% (11201 of 44345) |##        | Elapsed Time: 0:37:27 ETA:  3 days, 22:52:40
[0m[91m 25% (11202 of 44345) |##        | Elapsed Time: 0:37:37 ETA:  3 days, 22:11:07
[0m[91m 25% (11203 of 44345) |##        | Elapsed Time: 0:37:48 ETA:  3 days, 22:54:35
[0m[91m 25% (11204 of 44345) |##        | Elapsed Time: 0:37:58 ETA:  3 days, 23:02:33
[0m[91m 25% (11205 of 44345) |##        | Elapsed Time: 0:38:08 ETA:  3 days, 22:24:54
[0m[91m 25% (11206 of 44345) |##        | Elapsed Time: 0:38:19 ETA:  3 days, 23:32:36
[0m[91m 25% (11207 of 44345) |##        | Elapsed Time: 0:38:29 ETA:  3 days, 21:41:59
[0m[91m 25% (11208 of 44345) |##        | Elapsed Time: 0:38:39 ETA:  3 days, 22:17:58
[0m[91m 25% (11209 of 44345) |##        | Elapsed Time: 0:38:49 ETA:  3 days, 21:34:12
[0m[91m 25% (11210 of 44345) |##        | Elapsed Time: 0:38:59 ETA:  3 days, 21:27:56
[0m[91m 25% (11211 of 44345) |##        | Elapsed Time: 0:39:10 ETA:  3 days, 23:01:19
[0m[91m 25% (11212 of 44345) |##        | Elapsed Time: 0:39:20 ETA:  3 days, 21:57:37
[0m[91m 25% (11213 of 44345) |##        | Elapsed Time: 0:39:30 ETA:  3 days, 23:12:21
[0m[91m 25% (11214 of 44345) |##        | Elapsed Time: 0:39:41 ETA:  3 days, 22:58:31
[0m[91m 25% (11215 of 44345) |##        | Elapsed Time: 0:39:51 ETA:  3 days, 22:33:00
[0m[91m 25% (11216 of 44345) |##        | Elapsed Time: 0:40:01 ETA:  3 days, 21:57:54
[0m[91m 25% (11217 of 44345) |##        | Elapsed Time: 0:40:11 ETA:  3 days, 22:06:48
[0m[91m 25% (11218 of 44345) |##        | Elapsed Time: 0:40:22 ETA:  3 days, 21:40:14
[0m[91m 25% (11219 of 44345) |##        | Elapsed Time: 0:40:32 ETA:  3 days, 23:02:16
[0m[91m 25% (11220 of 44345) |##        | Elapsed Time: 0:40:42 ETA:  3 days, 22:32:14
[0m[91m 25% (11221 of 44345) |##        | Elapsed Time: 0:40:52 ETA:  3 days, 21:48:50
[0m[91m 25% (11222 of 44345) |##        | Elapsed Time: 0:41:03 ETA:  3 days, 21:27:38
[0m[91m 25% (11223 of 44345) |##        | Elapsed Time: 0:41:13 ETA:  3 days, 21:30:17
[0m[91m 25% (11224 of 44345) |##        | Elapsed Time: 0:41:23 ETA:  3 days, 22:58:51
[0m[91m 25% (11225 of 44345) |##        | Elapsed Time: 0:41:33 ETA:  3 days, 21:51:41
[0m[91m 25% (11226 of 44345) |##        | Elapsed Time: 0:41:43 ETA:  3 days, 22:37:23
[0m[91m 25% (11227 of 44345) |##        | Elapsed Time: 0:41:54 ETA:  3 days, 23:05:12
[0m[91m 25% (11228 of 44345) |##        | Elapsed Time: 0:42:04 ETA:  3 days, 22:23:51
[0m[91m 25% (11229 of 44345) |##        | Elapsed Time: 0:42:14 ETA:  3 days, 22:05:23
[0m[91m 25% (11230 of 44345) |##        | Elapsed Time: 0:42:24 ETA:  3 days, 21:35:46
[0m[91m 25% (11231 of 44345) |##        | Elapsed Time: 0:42:35 ETA:  3 days, 21:50:13
[0m[91m 25% (11232 of 44345) |##        | Elapsed Time: 0:42:45 ETA:  3 days, 21:47:06
[0m[91m 25% (11233 of 44345) |##        | Elapsed Time: 0:42:55 ETA:  3 days, 22:42:16
[0m[91m 25% (11234 of 44345) |##        | Elapsed Time: 0:43:05 ETA:  3 days, 21:33:23
[0m[91m 25% (11235 of 44345) |##        | Elapsed Time: 0:43:16 ETA:  3 days, 22:12:44
[0m[91m 25% (11236 of 44345) |##        | Elapsed Time: 0:43:26 ETA:  3 days, 21:50:05
[0m[91m 25% (11237 of 44345) |##        | Elapsed Time: 0:43:36 ETA:  3 days, 21:54:02
[0m[91m 25% (11238 of 44345) |##        | Elapsed Time: 0:43:46 ETA:  3 days, 23:09:45
[0m[91m 25% (11239 of 44345) |##        | Elapsed Time: 0:43:57 ETA:  3 days, 23:07:19
[0m[91m 25% (11240 of 44345) |##        | Elapsed Time: 0:44:07 ETA:  3 days, 23:06:54
[0m[91m 25% (11241 of 44345) |##        | Elapsed Time: 0:44:17 ETA:  3 days, 22:03:32
[0m[91m 25% (11242 of 44345) |##        | Elapsed Time: 0:44:28 ETA:  3 days, 23:03:23
[0m[91m 25% (11243 of 44345) |##        | Elapsed Time: 0:44:38 ETA:  3 days, 22:34:11
[0m[91m 25% (11244 of 44345) |##        | Elapsed Time: 0:44:48 ETA:  3 days, 21:54:47
[0m[91m 25% (11245 of 44345) |##        | Elapsed Time: 0:44:58 ETA:  3 days, 21:54:59
[0m[91m 25% (11246 of 44345) |##        | Elapsed Time: 0:45:08 ETA:  3 days, 21:31:29
[0m[91m 25% (11247 of 44345) |##        | Elapsed Time: 0:45:19 ETA:  3 days, 23:08:57
[0m[91m 25% (11248 of 44345) |##        | Elapsed Time: 0:45:29 ETA:  3 days, 22:34:26
[0m[91m 25% (11249 of 44345) |##        | Elapsed Time: 0:45:39 ETA:  3 days, 23:02:19
[0m[91m 25% (11250 of 44345) |##        | Elapsed Time: 0:45:50 ETA:  3 days, 22:00:40
[0m[91m 25% (11251 of 44345) |##        | Elapsed Time: 0:46:00 ETA:  3 days, 22:00:51
[0m[91m 25% (11252 of 44345) |##        | Elapsed Time: 0:46:10 ETA:  3 days, 21:53:00
[0m[91m 25% (11253 of 44345) |##        | Elapsed Time: 0:46:20 ETA:  3 days, 21:57:55
[0m[91m 25% (11254 of 44345) |##        | Elapsed Time: 0:46:31 ETA:  3 days, 22:24:51
[0m[91m 25% (11255 of 44345) |##        | Elapsed Time: 0:46:41 ETA:  3 days, 21:52:19
[0m[91m 25% (11256 of 44345) |##        | Elapsed Time: 0:46:51 ETA:  3 days, 22:25:03
[0m[91m 25% (11257 of 44345) |##        | Elapsed Time: 0:47:01 ETA:  3 days, 22:12:02
[0m[91m 25% (11258 of 44345) |##        | Elapsed Time: 0:47:12 ETA:  3 days, 22:05:43
[0m[91m 25% (11259 of 44345) |##        | Elapsed Time: 0:47:22 ETA:  3 days, 22:16:25
[0m[91m 25% (11260 of 44345) |##        | Elapsed Time: 0:47:32 ETA:  3 days, 22:26:36
[0m[91m 25% (11261 of 44345) |##        | Elapsed Time: 0:47:42 ETA:  3 days, 21:35:07
[0m[91m 25% (11262 of 44345) |##        | Elapsed Time: 0:47:53 ETA:  3 days, 21:43:37
[0m[91m 25% (11263 of 44345) |##        | Elapsed Time: 0:48:03 ETA:  3 days, 21:55:43
[0m[91m 25% (11264 of 44345) |##        | Elapsed Time: 0:48:13 ETA:  3 days, 22:16:55
[0m[91m 25% (11265 of 44345) |##        | Elapsed Time: 0:48:23 ETA:  3 days, 21:30:01
[0m[91m 25% (11266 of 44345) |##        | Elapsed Time: 0:48:33 ETA:  3 days, 22:03:01
[0m[91m 25% (11267 of 44345) |##        | Elapsed Time: 0:48:44 ETA:  3 days, 21:53:00
[0m[91m 25% (11268 of 44345) |##        | Elapsed Time: 0:48:54 ETA:  3 days, 22:54:48
[0m[91m 25% (11269 of 44345) |##        | Elapsed Time: 0:49:04 ETA:  3 days, 22:07:52
[0m[91m 25% (11270 of 44345) |##        | Elapsed Time: 0:49:14 ETA:  3 days, 21:57:05
[0m[91m 25% (11271 of 44345) |##        | Elapsed Time: 0:49:25 ETA:  3 days, 21:47:23
[0m[91m 25% (11272 of 44345) |##        | Elapsed Time: 0:49:35 ETA:  3 days, 21:28:54
[0m[91m 25% (11273 of 44345) |##        | Elapsed Time: 0:49:45 ETA:  3 days, 21:24:40
[0m[91m 25% (11274 of 44345) |##        | Elapsed Time: 0:49:55 ETA:  3 days, 22:56:43
[0m[91m 25% (11275 of 44345) |##        | Elapsed Time: 0:50:06 ETA:  3 days, 22:14:50
[0m[91m 25% (11276 of 44345) |##        | Elapsed Time: 0:50:16 ETA:  3 days, 21:25:32
[0m[91m 25% (11277 of 44345) |##        | Elapsed Time: 0:50:26 ETA:  3 days, 22:02:16
[0m[91m 25% (11278 of 44345) |##        | Elapsed Time: 0:50:36 ETA:  3 days, 21:20:16
[0m[91m 25% (11279 of 44345) |##        | Elapsed Time: 0:50:46 ETA:  3 days, 22:30:09
[0m[91m 25% (11280 of 44345) |##        | Elapsed Time: 0:50:57 ETA:  3 days, 21:31:13
[0m[91m 25% (11281 of 44345) |##        | Elapsed Time: 0:51:07 ETA:  3 days, 21:34:33
[0m[91m 25% (11282 of 44345) |##        | Elapsed Time: 0:51:17 ETA:  3 days, 21:46:54
[0m[91m 25% (11283 of 44345) |##        | Elapsed Time: 0:51:27 ETA:  3 days, 21:30:12
[0m[91m 25% (11284 of 44345) |##        | Elapsed Time: 0:51:37 ETA:  3 days, 21:44:31
[0m[91m 25% (11285 of 44345) |##        | Elapsed Time: 0:51:48 ETA:  3 days, 21:49:03
[0m[91m 25% (11286 of 44345) |##        | Elapsed Time: 0:51:58 ETA:  3 days, 22:48:46
[0m[91m 25% (11287 of 44345) |##        | Elapsed Time: 0:52:08 ETA:  3 days, 21:58:19
[0m[91m 25% (11288 of 44345) |##        | Elapsed Time: 0:52:18 ETA:  3 days, 21:28:20
[0m[91m 25% (11289 of 44345) |##        | Elapsed Time: 0:52:29 ETA:  3 days, 22:55:53
[0m[91m 25% (11290 of 44345) |##        | Elapsed Time: 0:52:39 ETA:  3 days, 21:44:49
[0m[91m 25% (11291 of 44345) |##        | Elapsed Time: 0:52:49 ETA:  3 days, 21:52:20
[0m[91m 25% (11292 of 44345) |##        | Elapsed Time: 0:52:59 ETA:  3 days, 21:33:37
[0m[91m 25% (11293 of 44345) |##        | Elapsed Time: 0:53:10 ETA:  3 days, 21:37:34
[0m[91m 25% (11294 of 44345) |##        | Elapsed Time: 0:53:20 ETA:  3 days, 22:47:49
[0m[91m 25% (11295 of 44345) |##        | Elapsed Time: 0:53:30 ETA:  3 days, 22:52:06
[0m[91m 25% (11296 of 44345) |##        | Elapsed Time: 0:53:40 ETA:  3 days, 22:32:59
[0m[91m 25% (11297 of 44345) |##        | Elapsed Time: 0:53:51 ETA:  3 days, 22:46:39
[0m[91m 25% (11298 of 44345) |##        | Elapsed Time: 0:54:01 ETA:  3 days, 22:53:46
[0m[91m 25% (11299 of 44345) |##        | Elapsed Time: 0:54:11 ETA:  3 days, 21:26:49
[0m[91m 25% (11300 of 44345) |##        | Elapsed Time: 0:54:22 ETA:  3 days, 22:27:05
[0m[91m 25% (11301 of 44345) |##        | Elapsed Time: 0:54:32 ETA:  3 days, 21:11:27
[0m[91m 25% (11302 of 44345) |##        | Elapsed Time: 0:54:42 ETA:  3 days, 22:47:19
[0m[91m 25% (11303 of 44345) |##        | Elapsed Time: 0:54:52 ETA:  3 days, 22:58:33
[0m[91m 25% (11304 of 44345) |##        | Elapsed Time: 0:55:03 ETA:  3 days, 22:35:58
[0m[91m 25% (11305 of 44345) |##        | Elapsed Time: 0:55:13 ETA:  3 days, 22:55:51
[0m[91m 25% (11306 of 44345) |##        | Elapsed Time: 0:55:23 ETA:  3 days, 22:45:20
[0m[91m 25% (11307 of 44345) |##        | Elapsed Time: 0:55:34 ETA:  3 days, 22:06:40
[0m[91m 25% (11308 of 44345) |##        | Elapsed Time: 0:55:44 ETA:  3 days, 22:00:18
[0m[91m 25% (11309 of 44345) |##        | Elapsed Time: 0:55:54 ETA:  3 days, 22:25:33
[0m[91m 25% (11310 of 44345) |##        | Elapsed Time: 0:56:04 ETA:  3 days, 21:56:31
[0m[91m 25% (11311 of 44345) |##        | Elapsed Time: 0:56:15 ETA:  3 days, 22:38:56
[0m[91m 25% (11312 of 44345) |##        | Elapsed Time: 0:56:25 ETA:  3 days, 21:35:19
[0m[91m 25% (11313 of 44345) |##        | Elapsed Time: 0:56:35 ETA:  3 days, 22:58:47
[0m[91m 25% (11314 of 44345) |##        | Elapsed Time: 0:56:46 ETA:  3 days, 22:34:43
[0m[91m 25% (11315 of 44345) |##        | Elapsed Time: 0:56:56 ETA:  3 days, 22:00:20
[0m[91m 25% (11316 of 44345) |##        | Elapsed Time: 0:57:06 ETA:  3 days, 23:36:35
[0m[91m 25% (11317 of 44345) |##        | Elapsed Time: 0:57:16 ETA:  3 days, 21:09:46
[0m[91m 25% (11318 of 44345) |##        | Elapsed Time: 0:57:27 ETA:  3 days, 22:51:21
[0m[91m 25% (11319 of 44345) |##        | Elapsed Time: 0:57:37 ETA:  3 days, 21:22:09
[0m[91m 25% (11320 of 44345) |##        | Elapsed Time: 0:57:47 ETA:  3 days, 22:35:57
[0m[91m 25% (11321 of 44345) |##        | Elapsed Time: 0:57:58 ETA:  3 days, 22:44:45
[0m[91m 25% (11322 of 44345) |##        | Elapsed Time: 0:58:08 ETA:  3 days, 22:13:58
[0m[91m 25% (11323 of 44345) |##        | Elapsed Time: 0:58:18 ETA:  3 days, 22:04:38
[0m[91m 25% (11324 of 44345) |##        | Elapsed Time: 0:58:28 ETA:  3 days, 21:21:32
[0m[91m 25% (11325 of 44345) |##        | Elapsed Time: 0:58:38 ETA:  3 days, 21:26:51
[0m[91m 25% (11326 of 44345) |##        | Elapsed Time: 0:58:49 ETA:  3 days, 21:08:21
[0m[91m 25% (11327 of 44345) |##        | Elapsed Time: 0:58:59 ETA:  3 days, 22:00:49
[0m[91m 25% (11328 of 44345) |##        | Elapsed Time: 0:59:09 ETA:  3 days, 21:55:26
[0m[91m 25% (11329 of 44345) |##        | Elapsed Time: 0:59:19 ETA:  3 days, 21:53:31
[0m[91m 25% (11330 of 44345) |##        | Elapsed Time: 0:59:30 ETA:  3 days, 21:44:19
[0m[91m 25% (11331 of 44345) |##        | Elapsed Time: 0:59:40 ETA:  3 days, 22:01:09
[0m[91m 25% (11332 of 44345) |##        | Elapsed Time: 0:59:50 ETA:  3 days, 22:39:38
[0m[91m 25% (11333 of 44345) |##        | Elapsed Time: 1:00:00 ETA:  3 days, 21:47:07
[0m[91m 25% (11334 of 44345) |##        | Elapsed Time: 1:00:11 ETA:  3 days, 22:12:10
[0m[91m 25% (11335 of 44345) |##        | Elapsed Time: 1:00:21 ETA:  3 days, 21:38:04
[0m[91m 25% (11336 of 44345) |##        | Elapsed Time: 1:00:31 ETA:  3 days, 22:49:47
[0m[91m 25% (11337 of 44345) |##        | Elapsed Time: 1:00:41 ETA:  3 days, 21:13:13
[0m[91m 25% (11338 of 44345) |##        | Elapsed Time: 1:00:52 ETA:  3 days, 22:46:04
[0m[91m 25% (11339 of 44345) |##        | Elapsed Time: 1:01:02 ETA:  3 days, 21:38:45
[0m[91m 25% (11340 of 44345) |##        | Elapsed Time: 1:01:12 ETA:  3 days, 21:34:34
[0m[91m 25% (11341 of 44345) |##        | Elapsed Time: 1:01:22 ETA:  3 days, 21:09:35
[0m[91m 25% (11342 of 44345) |##        | Elapsed Time: 1:01:32 ETA:  3 days, 21:20:05
[0m[91m 25% (11343 of 44345) |##        | Elapsed Time: 1:01:43 ETA:  3 days, 21:29:01
[0m[91m 25% (11344 of 44345) |##        | Elapsed Time: 1:01:53 ETA:  3 days, 22:46:01
[0m[91m 25% (11345 of 44345) |##        | Elapsed Time: 1:02:03 ETA:  3 days, 21:08:16
[0m[91m 25% (11346 of 44345) |##        | Elapsed Time: 1:02:13 ETA:  3 days, 22:07:53
[0m[91m 25% (11347 of 44345) |##        | Elapsed Time: 1:02:24 ETA:  3 days, 22:27:01
[0m[91m 25% (11348 of 44345) |##        | Elapsed Time: 1:02:34 ETA:  3 days, 21:36:36
[0m[91m 25% (11349 of 44345) |##        | Elapsed Time: 1:02:44 ETA:  3 days, 22:06:35
[0m[91m 25% (11350 of 44345) |##        | Elapsed Time: 1:02:55 ETA:  3 days, 22:46:21
[0m[91m 25% (11351 of 44345) |##        | Elapsed Time: 1:03:05 ETA:  3 days, 22:28:15
[0m[91m 25% (11352 of 44345) |##        | Elapsed Time: 1:03:15 ETA:  3 days, 21:19:30
[0m[91m 25% (11353 of 44345) |##        | Elapsed Time: 1:03:25 ETA:  3 days, 22:35:04
[0m[91m 25% (11354 of 44345) |##        | Elapsed Time: 1:03:36 ETA:  3 days, 21:18:26
[0m[91m 25% (11355 of 44345) |##        | Elapsed Time: 1:03:46 ETA:  3 days, 21:47:06
[0m[91m 25% (11356 of 44345) |##        | Elapsed Time: 1:03:56 ETA:  3 days, 22:47:30
[0m[91m 25% (11357 of 44345) |##        | Elapsed Time: 1:04:06 ETA:  3 days, 22:37:26
[0m[91m 25% (11358 of 44345) |##        | Elapsed Time: 1:04:17 ETA:  3 days, 21:22:31
[0m[91m 25% (11359 of 44345) |##        | Elapsed Time: 1:04:27 ETA:  3 days, 21:44:02
[0m[91m 25% (11360 of 44345) |##        | Elapsed Time: 1:04:37 ETA:  3 days, 22:11:03
[0m[91m 25% (11361 of 44345) |##        | Elapsed Time: 1:04:47 ETA:  3 days, 21:17:08
[0m[91m 25% (11362 of 44345) |##        | Elapsed Time: 1:04:58 ETA:  3 days, 22:43:18
[0m[91m 25% (11363 of 44345) |##        | Elapsed Time: 1:05:08 ETA:  3 days, 22:39:25
[0m[91m 25% (11364 of 44345) |##        | Elapsed Time: 1:05:18 ETA:  3 days, 22:00:44
[0m[91m 25% (11365 of 44345) |##        | Elapsed Time: 1:05:28 ETA:  3 days, 21:14:59
[0m[91m 25% (11366 of 44345) |##        | Elapsed Time: 1:05:39 ETA:  3 days, 21:14:38
[0m[91m 25% (11367 of 44345) |##        | Elapsed Time: 1:05:49 ETA:  3 days, 22:03:08
[0m[91m 25% (11368 of 44345) |##        | Elapsed Time: 1:05:59 ETA:  3 days, 21:35:08
[0m[91m 25% (11369 of 44345) |##        | Elapsed Time: 1:06:09 ETA:  3 days, 21:23:30
[0m[91m 25% (11370 of 44345) |##        | Elapsed Time: 1:06:20 ETA:  3 days, 21:19:20
[0m[91m 25% (11371 of 44345) |##        | Elapsed Time: 1:06:30 ETA:  3 days, 22:18:48
[0m[91m 25% (11372 of 44345) |##        | Elapsed Time: 1:06:40 ETA:  3 days, 22:43:45
[0m[91m 25% (11373 of 44345) |##        | Elapsed Time: 1:06:51 ETA:  3 days, 22:53:11
[0m[91m 25% (11374 of 44345) |##        | Elapsed Time: 1:07:01 ETA:  3 days, 21:18:27
[0m[91m 25% (11375 of 44345) |##        | Elapsed Time: 1:07:11 ETA:  3 days, 22:15:49
[0m[91m 25% (11376 of 44345) |##        | Elapsed Time: 1:07:21 ETA:  3 days, 22:21:28
[0m[91m 25% (11377 of 44345) |##        | Elapsed Time: 1:07:32 ETA:  3 days, 22:49:13
[0m[91m 25% (11378 of 44345) |##        | Elapsed Time: 1:07:42 ETA:  3 days, 21:03:49
[0m[91m 25% (11379 of 44345) |##        | Elapsed Time: 1:07:52 ETA:  3 days, 21:47:47
[0m[91m 25% (11380 of 44345) |##        | Elapsed Time: 1:08:02 ETA:  3 days, 22:42:08
[0m[91m 40% (18046 of 44345) |#######           | Elapsed Time: 1:08:13 ETA:   0:00:40
[0m[91m 40% (18047 of 44345) |####       | Elapsed Time: 1:08:23 ETA:  3 days, 2:28:47
[0m[91m 40% (18048 of 44345) |####       | Elapsed Time: 1:08:33 ETA:  3 days, 4:22:35
[0m[91m 40% (18049 of 44345) |####       | Elapsed Time: 1:08:44 ETA:  3 days, 2:38:32
[0m[91m 40% (18050 of 44345) |####       | Elapsed Time: 1:08:54 ETA:  3 days, 2:43:53
[0m[91m 40% (18051 of 44345) |####       | Elapsed Time: 1:09:04 ETA:  3 days, 2:32:25
[0m[91m 40% (18052 of 44345) |####       | Elapsed Time: 1:09:14 ETA:  3 days, 3:03:54
[0m[91m 40% (18125 of 44345) |#######           | Elapsed Time: 1:09:25 ETA:   1:01:27
[0m[91m 41% (18344 of 44345) |#######           | Elapsed Time: 1:09:35 ETA:   0:20:15
[0m[91m 41% (18350 of 44345) |#######           | Elapsed Time: 1:09:45 ETA:  12:16:19
[0m[91m 41% (18425 of 44345) |#######           | Elapsed Time: 1:09:55 ETA:   0:59:05
[0m[91m 41% (18426 of 44345) |####       | Elapsed Time: 1:10:06 ETA:  3 days, 1:48:43
[0m[91m 41% (18427 of 44345) |####       | Elapsed Time: 1:10:16 ETA:  3 days, 1:57:49
[0m[91m 41% (18428 of 44345) |####       | Elapsed Time: 1:10:26 ETA:  3 days, 1:28:32
[0m[91m 41% (18429 of 44345) |####       | Elapsed Time: 1:10:36 ETA:  3 days, 2:03:15
[0m[91m 41% (18430 of 44345) |####       | Elapsed Time: 1:10:47 ETA:  3 days, 1:40:10
[0m[91m 41% (18431 of 44345) |####       | Elapsed Time: 1:10:57 ETA:  3 days, 2:10:05
[0m[91m 41% (18432 of 44345) |####       | Elapsed Time: 1:11:07 ETA:  3 days, 1:17:49
[0m[91m 41% (18433 of 44345) |####       | Elapsed Time: 1:11:17 ETA:  3 days, 1:42:17
[0m[91m 41% (18434 of 44345) |####       | Elapsed Time: 1:11:27 ETA:  3 days, 1:13:57
[0m[91m 41% (18435 of 44345) |####       | Elapsed Time: 1:11:38 ETA:  3 days, 2:03:13
[0m[91m 41% (18436 of 44345) |####       | Elapsed Time: 1:11:48 ETA:  3 days, 1:04:08
[0m[91m 41% (18437 of 44345) |####       | Elapsed Time: 1:11:58 ETA:  3 days, 1:16:49
[0m[91m 41% (18438 of 44345) |####       | Elapsed Time: 1:12:08 ETA:  3 days, 2:26:07
[0m[91m 41% (18439 of 44345) |####       | Elapsed Time: 1:12:19 ETA:  3 days, 1:13:25
[0m[91m 41% (18440 of 44345) |####       | Elapsed Time: 1:12:29 ETA:  3 days, 2:28:05
[0m[91m 41% (18441 of 44345) |####       | Elapsed Time: 1:12:39 ETA:  3 days, 2:20:38
[0m[91m 41% (18442 of 44345) |####       | Elapsed Time: 1:12:49 ETA:  3 days, 1:39:13
[0m[91m 41% (18443 of 44345) |####       | Elapsed Time: 1:13:00 ETA:  3 days, 2:00:22
[0m[91m 41% (18444 of 44345) |####       | Elapsed Time: 1:13:10 ETA:  3 days, 1:40:24
[0m[91m 41% (18445 of 44345) |####       | Elapsed Time: 1:13:20 ETA:  3 days, 1:40:18
[0m[91m 41% (18446 of 44345) |####       | Elapsed Time: 1:13:30 ETA:  3 days, 1:15:48
[0m[91m 41% (18447 of 44345) |####       | Elapsed Time: 1:13:41 ETA:  3 days, 2:18:31
[0m[91m 41% (18448 of 44345) |####       | Elapsed Time: 1:13:51 ETA:  3 days, 2:03:03
[0m[91m 41% (18449 of 44345) |####       | Elapsed Time: 1:14:01 ETA:  3 days, 2:09:38
[0m[91m 41% (18450 of 44345) |####       | Elapsed Time: 1:14:12 ETA:  3 days, 2:25:42
[0m[91m 41% (18451 of 44345) |####       | Elapsed Time: 1:14:22 ETA:  3 days, 2:04:59
[0m[91m 41% (18452 of 44345) |####       | Elapsed Time: 1:14:32 ETA:  3 days, 2:04:17
[0m[91m 41% (18453 of 44345) |####       | Elapsed Time: 1:14:43 ETA:  3 days, 2:02:37
[0m[91m 41% (18454 of 44345) |####       | Elapsed Time: 1:14:53 ETA:  3 days, 1:21:39
[0m[91m 41% (18455 of 44345) |####       | Elapsed Time: 1:15:03 ETA:  3 days, 1:10:03
[0m[91m 41% (18456 of 44345) |####       | Elapsed Time: 1:15:13 ETA:  3 days, 1:06:39
[0m[91m 41% (18457 of 44345) |####       | Elapsed Time: 1:15:23 ETA:  3 days, 2:25:43
[0m[91m 41% (18458 of 44345) |####       | Elapsed Time: 1:15:34 ETA:  3 days, 1:48:20
[0m[91m 41% (18459 of 44345) |####       | Elapsed Time: 1:15:44 ETA:  3 days, 2:14:35
[0m[91m 41% (18460 of 44345) |####       | Elapsed Time: 1:15:54 ETA:  3 days, 1:03:30
[0m[91m 41% (18461 of 44345) |####       | Elapsed Time: 1:16:04 ETA:  3 days, 1:48:16
[0m[91m 41% (18462 of 44345) |####       | Elapsed Time: 1:16:15 ETA:  3 days, 2:19:27
[0m[91m 41% (18463 of 44345) |####       | Elapsed Time: 1:16:25 ETA:  3 days, 2:04:56
[0m[91m 41% (18464 of 44345) |####       | Elapsed Time: 1:16:35 ETA:  3 days, 2:26:02
[0m[91m 41% (18465 of 44345) |####       | Elapsed Time: 1:16:46 ETA:  3 days, 2:03:17
[0m[91m 41% (18466 of 44345) |####       | Elapsed Time: 1:16:56 ETA:  3 days, 2:05:06
[0m[91m 41% (18467 of 44345) |####       | Elapsed Time: 1:17:06 ETA:  3 days, 1:36:49
[0m[91m 41% (18468 of 44345) |####       | Elapsed Time: 1:17:17 ETA:  3 days, 1:04:04
[0m[91m 41% (18469 of 44345) |####       | Elapsed Time: 1:17:27 ETA:  3 days, 1:25:41
[0m[91m 41% (18470 of 44345) |####       | Elapsed Time: 1:17:37 ETA:  3 days, 2:09:43
[0m[91m 41% (18471 of 44345) |####       | Elapsed Time: 1:17:47 ETA:  3 days, 1:19:10
[0m[91m 41% (18472 of 44345) |####       | Elapsed Time: 1:17:58 ETA:  3 days, 2:23:11
[0m[91m 41% (18473 of 44345) |####       | Elapsed Time: 1:18:08 ETA:  3 days, 2:02:28
[0m[91m 41% (18474 of 44345) |####       | Elapsed Time: 1:18:18 ETA:  3 days, 1:27:36
[0m[91m 41% (18475 of 44345) |####       | Elapsed Time: 1:18:28 ETA:  3 days, 2:07:45
[0m[91m 41% (18476 of 44345) |####       | Elapsed Time: 1:18:39 ETA:  3 days, 2:08:51
[0m[91m 41% (18477 of 44345) |####       | Elapsed Time: 1:18:49 ETA:  3 days, 2:27:07
[0m[91m 41% (18478 of 44345) |####       | Elapsed Time: 1:18:59 ETA:  3 days, 1:32:34
[0m[91m 41% (18479 of 44345) |####       | Elapsed Time: 1:19:10 ETA:  3 days, 2:23:18
[0m[91m 41% (18480 of 44345) |####       | Elapsed Time: 1:19:20 ETA:  3 days, 1:22:42
[0m[91m 41% (18481 of 44345) |####       | Elapsed Time: 1:19:30 ETA:  3 days, 2:07:31
[0m[91m 41% (18482 of 44345) |####       | Elapsed Time: 1:19:40 ETA:  3 days, 1:31:38
[0m[91m 41% (18483 of 44345) |####       | Elapsed Time: 1:19:51 ETA:  3 days, 2:11:47
[0m[91m 41% (18484 of 44345) |####       | Elapsed Time: 1:20:01 ETA:  3 days, 1:24:53
[0m[91m 41% (18485 of 44345) |####       | Elapsed Time: 1:20:11 ETA:  3 days, 1:54:07
[0m[91m 41% (18486 of 44345) |####       | Elapsed Time: 1:20:22 ETA:  3 days, 2:11:54
[0m[91m 41% (18487 of 44345) |####       | Elapsed Time: 1:20:32 ETA:  3 days, 1:20:17
[0m[91m 41% (18488 of 44345) |####       | Elapsed Time: 1:20:42 ETA:  3 days, 2:12:44
[0m[91m 41% (18489 of 44345) |####       | Elapsed Time: 1:20:52 ETA:  3 days, 2:08:15
[0m[91m 41% (18490 of 44345) |####       | Elapsed Time: 1:21:03 ETA:  3 days, 2:00:33
[0m[91m 41% (18491 of 44345) |####       | Elapsed Time: 1:21:13 ETA:  3 days, 2:05:23
[0m[91m 41% (18492 of 44345) |####       | Elapsed Time: 1:21:23 ETA:  3 days, 1:01:23
[0m[91m 41% (18493 of 44345) |####       | Elapsed Time: 1:21:33 ETA:  3 days, 1:07:12
[0m[91m 41% (18494 of 44345) |####       | Elapsed Time: 1:21:44 ETA:  3 days, 1:22:46
[0m[91m 41% (18495 of 44345) |####       | Elapsed Time: 1:21:54 ETA:  3 days, 2:21:09
[0m[91m 41% (18496 of 44345) |####       | Elapsed Time: 1:22:04 ETA:  3 days, 1:11:15
[0m[91m 41% (18497 of 44345) |####       | Elapsed Time: 1:22:15 ETA:  3 days, 2:16:32
[0m[91m 41% (18498 of 44345) |####       | Elapsed Time: 1:22:25 ETA:  3 days, 1:59:05
[0m[91m 41% (18499 of 44345) |####       | Elapsed Time: 1:22:35 ETA:  3 days, 1:11:02
[0m[91m 41% (18500 of 44345) |####       | Elapsed Time: 1:22:45 ETA:  3 days, 1:20:37
[0m[91m 41% (18501 of 44345) |####       | Elapsed Time: 1:22:55 ETA:  3 days, 0:58:44
[0m[91m 41% (18502 of 44345) |####       | Elapsed Time: 1:23:06 ETA:  3 days, 1:35:23
[0m[91m 41% (18503 of 44345) |####       | Elapsed Time: 1:23:16 ETA:  3 days, 1:32:22
[0m[91m 41% (18504 of 44345) |####       | Elapsed Time: 1:23:26 ETA:  3 days, 2:04:36
[0m[91m 41% (18505 of 44345) |####       | Elapsed Time: 1:23:37 ETA:  3 days, 2:00:25
[0m[91m 41% (18506 of 44345) |####       | Elapsed Time: 1:23:47 ETA:  3 days, 2:17:45
[0m[91m 41% (18507 of 44345) |####       | Elapsed Time: 1:23:57 ETA:  3 days, 1:52:50
[0m[91m 41% (18508 of 44345) |####       | Elapsed Time: 1:24:07 ETA:  3 days, 1:28:14
[0m[91m 41% (18509 of 44345) |####       | Elapsed Time: 1:24:18 ETA:  3 days, 1:08:26
[0m[91m 41% (18510 of 44345) |####       | Elapsed Time: 1:24:28 ETA:  3 days, 1:02:30
[0m[91m 41% (18511 of 44345) |####       | Elapsed Time: 1:24:38 ETA:  3 days, 1:09:39
[0m[91m 41% (18512 of 44345) |####       | Elapsed Time: 1:24:48 ETA:  3 days, 0:58:47
[0m[91m 41% (18513 of 44345) |####       | Elapsed Time: 1:24:59 ETA:  3 days, 2:00:04
[0m[91m 41% (18514 of 44345) |####       | Elapsed Time: 1:25:09 ETA:  3 days, 0:56:20
[0m[91m 41% (18515 of 44345) |####       | Elapsed Time: 1:25:19 ETA:  3 days, 2:15:50
[0m[91m 41% (18516 of 44345) |####       | Elapsed Time: 1:25:29 ETA:  3 days, 1:27:26
[0m[91m 41% (18517 of 44345) |####       | Elapsed Time: 1:25:40 ETA:  3 days, 1:33:22
[0m[91m 41% (18518 of 44345) |####       | Elapsed Time: 1:25:50 ETA:  3 days, 1:58:18
[0m[91m 41% (18519 of 44345) |####       | Elapsed Time: 1:26:00 ETA:  3 days, 1:24:07
[0m[91m 41% (18520 of 44345) |####       | Elapsed Time: 1:26:10 ETA:  3 days, 0:58:27
[0m[91m 41% (18521 of 44345) |####       | Elapsed Time: 1:26:21 ETA:  3 days, 2:15:50
[0m[91m 41% (18522 of 44345) |####       | Elapsed Time: 1:26:31 ETA:  3 days, 1:07:24
[0m[91m 41% (18523 of 44345) |####       | Elapsed Time: 1:26:41 ETA:  3 days, 0:52:09
[0m[91m 58% (26053 of 44345) |##########        | Elapsed Time: 1:26:51 ETA:   0:00:25
[0m[91m 58% (26054 of 44345) |######     | Elapsed Time: 1:27:01 ETA:  2 days, 3:48:54
[0m[91m 58% (26055 of 44345) |######     | Elapsed Time: 1:27:12 ETA:  2 days, 3:51:08
[0m[91m 58% (26056 of 44345) |######     | Elapsed Time: 1:27:22 ETA:  2 days, 4:09:19
[0m[91m 58% (26057 of 44345) |######     | Elapsed Time: 1:27:32 ETA:  2 days, 3:42:06
[0m[91m 58% (26058 of 44345) |######     | Elapsed Time: 1:27:42 ETA:  2 days, 4:19:57
[0m[91m 58% (26059 of 44345) |######     | Elapsed Time: 1:27:53 ETA:  2 days, 3:59:30
[0m[91m 58% (26060 of 44345) |######     | Elapsed Time: 1:28:03 ETA:  2 days, 4:33:00
[0m[91m 58% (26061 of 44345) |######     | Elapsed Time: 1:28:13 ETA:  2 days, 4:08:16
[0m[91m 58% (26062 of 44345) |######     | Elapsed Time: 1:28:24 ETA:  2 days, 4:12:51
[0m[91m 58% (26063 of 44345) |######     | Elapsed Time: 1:28:34 ETA:  2 days, 3:36:53
[0m[91m 89% (39574 of 44345) |################  | Elapsed Time: 1:28:44 ETA:   0:00:03
[0m[91m 89% (39575 of 44345) |################  | Elapsed Time: 1:28:54 ETA:  13:42:04
[0m[91m 89% (39576 of 44345) |################  | Elapsed Time: 1:29:05 ETA:  13:34:15
[0m[91m 89% (39577 of 44345) |################  | Elapsed Time: 1:29:15 ETA:  13:42:58
[0m[91m 92% (40921 of 44345) |################  | Elapsed Time: 1:29:25 ETA:   0:00:26
[0m[91m 92% (40922 of 44345) |################  | Elapsed Time: 1:29:35 ETA:   9:45:48
[0m[91m 92% (40923 of 44345) |################  | Elapsed Time: 1:29:46 ETA:   9:50:18
[0m[91m 92% (40924 of 44345) |################  | Elapsed Time: 1:29:56 ETA:   9:44:44
[0m[91m 92% (40925 of 44345) |################  | Elapsed Time: 1:30:06 ETA:   9:43:01
[0m[91m 92% (40926 of 44345) |################  | Elapsed Time: 1:30:17 ETA:   9:49:16
[0m[91m 92% (40927 of 44345) |################  | Elapsed Time: 1:30:27 ETA:   9:39:48
[0m[91m 92% (40928 of 44345) |################  | Elapsed Time: 1:30:37 ETA:   9:49:28
[0m[91m 92% (40929 of 44345) |################  | Elapsed Time: 1:30:47 ETA:   9:47:57
[0m[91m 92% (40930 of 44345) |################  | Elapsed Time: 1:30:58 ETA:   9:39:06
[0m[91m 92% (40931 of 44345) |################  | Elapsed Time: 1:31:08 ETA:   9:38:34
[0m[91m 92% (40932 of 44345) |################  | Elapsed Time: 1:31:18 ETA:   9:37:41
[0m[91m 92% (40933 of 44345) |################  | Elapsed Time: 1:31:28 ETA:   9:41:08
[0m[91m 92% (40934 of 44345) |################  | Elapsed Time: 1:31:38 ETA:   9:46:21
[0m[91m 92% (40935 of 44345) |################  | Elapsed Time: 1:31:49 ETA:   9:47:09
[0m[91m 92% (40936 of 44345) |################  | Elapsed Time: 1:31:59 ETA:   9:38:30
[0m[91m 92% (40937 of 44345) |################  | Elapsed Time: 1:32:09 ETA:   9:41:22
[0m[91m 92% (40938 of 44345) |################  | Elapsed Time: 1:32:19 ETA:   9:40:57
[0m[91m 92% (40939 of 44345) |################  | Elapsed Time: 1:32:30 ETA:   9:41:45
[0m[91m 92% (40940 of 44345) |################  | Elapsed Time: 1:32:40 ETA:   9:37:28
[0m[91m 92% (40941 of 44345) |################  | Elapsed Time: 1:32:50 ETA:   9:45:27
[0m[91m 92% (40942 of 44345) |################  | Elapsed Time: 1:33:00 ETA:   9:41:49
[0m[91m 92% (40943 of 44345) |################  | Elapsed Time: 1:33:11 ETA:   9:36:40
[0m[91m 92% (40944 of 44345) |################  | Elapsed Time: 1:33:21 ETA:   9:38:26
[0m[91m 92% (40945 of 44345) |################  | Elapsed Time: 1:33:31 ETA:   9:36:53
[0m[91m 92% (40946 of 44345) |################  | Elapsed Time: 1:33:41 ETA:   9:37:30
[0m[91m 92% (40947 of 44345) |################  | Elapsed Time: 1:33:51 ETA:   9:38:54
[0m[91m 92% (40948 of 44345) |################  | Elapsed Time: 1:34:02 ETA:   9:42:18
[0m[91m 92% (40949 of 44345) |################  | Elapsed Time: 1:34:12 ETA:   9:38:45
[0m[91m 92% (40950 of 44345) |################  | Elapsed Time: 1:34:22 ETA:   9:35:50
[0m[91m 92% (40951 of 44345) |################  | Elapsed Time: 1:34:32 ETA:   9:42:44
[0m[91m 92% (40952 of 44345) |################  | Elapsed Time: 1:34:43 ETA:   9:39:18
[0m[91m 92% (40953 of 44345) |################  | Elapsed Time: 1:34:53 ETA:   9:36:27
[0m[91m 92% (40954 of 44345) |################  | Elapsed Time: 1:35:03 ETA:   9:42:52
[0m[91m 92% (40955 of 44345) |################  | Elapsed Time: 1:35:13 ETA:   9:37:04
[0m[91m 92% (40956 of 44345) |################  | Elapsed Time: 1:35:24 ETA:   9:40:24
[0m[91m 92% (40957 of 44345) |################  | Elapsed Time: 1:35:34 ETA:   9:36:56
[0m[91m 92% (40958 of 44345) |################  | Elapsed Time: 1:35:44 ETA:   9:42:18
[0m[91m 92% (40959 of 44345) |################  | Elapsed Time: 1:35:55 ETA:   9:44:31
[0m[91m 92% (40960 of 44345) |################  | Elapsed Time: 1:36:05 ETA:   9:36:14
[0m[91m 92% (40961 of 44345) |################  | Elapsed Time: 1:36:15 ETA:   9:36:14
[0m[91m 92% (40962 of 44345) |################  | Elapsed Time: 1:36:25 ETA:   9:39:37
[0m[91m 92% (40963 of 44345) |################  | Elapsed Time: 1:36:36 ETA:   9:39:48
[0m[91m 92% (40964 of 44345) |################  | Elapsed Time: 1:36:46 ETA:   9:35:51
[0m[91m 92% (40965 of 44345) |################  | Elapsed Time: 1:36:56 ETA:   9:32:51
[0m[91m 92% (40966 of 44345) |################  | Elapsed Time: 1:37:06 ETA:   9:34:27
[0m[91m 92% (40967 of 44345) |################  | Elapsed Time: 1:37:16 ETA:   9:40:38
[0m[91m 92% (40968 of 44345) |################  | Elapsed Time: 1:37:27 ETA:   9:37:22
[0m[91m 92% (40969 of 44345) |################  | Elapsed Time: 1:37:37 ETA:   9:37:22
[0m[91m 92% (40970 of 44345) |################  | Elapsed Time: 1:37:47 ETA:   9:39:46
[0m[91m 92% (40971 of 44345) |################  | Elapsed Time: 1:37:58 ETA:   9:40:30
[0m[91m 92% (40972 of 44345) |################  | Elapsed Time: 1:38:08 ETA:   9:32:46
[0m[91m 92% (40973 of 44345) |################  | Elapsed Time: 1:38:18 ETA:   9:38:55
[0m[91m 92% (40974 of 44345) |################  | Elapsed Time: 1:38:28 ETA:   9:41:39
[0m[91m 92% (40975 of 44345) |################  | Elapsed Time: 1:38:39 ETA:   9:31:07
[0m[91m 92% (40976 of 44345) |################  | Elapsed Time: 1:38:49 ETA:   9:40:00
[0m[91m 92% (40977 of 44345) |################  | Elapsed Time: 1:38:59 ETA:   9:33:29
[0m[91m 92% (40978 of 44345) |################  | Elapsed Time: 1:39:09 ETA:   9:34:27
[0m[91m 92% (40979 of 44345) |################  | Elapsed Time: 1:39:20 ETA:   9:30:32
[0m[91m 92% (40980 of 44345) |################  | Elapsed Time: 1:39:30 ETA:   9:34:51
[0m[91m 92% (40981 of 44345) |################  | Elapsed Time: 1:39:40 ETA:   9:38:54
[0m[91m 92% (40982 of 44345) |################  | Elapsed Time: 1:39:50 ETA:   9:30:20
[0m[91m 92% (40983 of 44345) |################  | Elapsed Time: 1:40:01 ETA:   9:36:19
[0m[91m 92% (40984 of 44345) |################  | Elapsed Time: 1:40:11 ETA:   9:37:24
[0m[91m 92% (40985 of 44345) |################  | Elapsed Time: 1:40:21 ETA:   9:36:09
[0m[91m 92% (40986 of 44345) |################  | Elapsed Time: 1:40:31 ETA:   9:30:14
[0m[91m 92% (40987 of 44345) |################  | Elapsed Time: 1:40:42 ETA:   9:38:35
[0m[91m 92% (40988 of 44345) |################  | Elapsed Time: 1:40:52 ETA:   9:37:18
[0m[91m 92% (40989 of 44345) |################  | Elapsed Time: 1:41:02 ETA:   9:30:09
[0m[91m 92% (40990 of 44345) |################  | Elapsed Time: 1:41:13 ETA:   9:38:45
[0m[91m 92% (40991 of 44345) |################  | Elapsed Time: 1:41:23 ETA:   9:31:41
[0m[91m 92% (40992 of 44345) |################  | Elapsed Time: 1:41:33 ETA:   9:29:46
[0m[91m 92% (40993 of 44345) |################  | Elapsed Time: 1:41:43 ETA:   9:30:44
[0m[91m 92% (40994 of 44345) |################  | Elapsed Time: 1:41:54 ETA:   9:41:17
[0m[91m 92% (40995 of 44345) |################  | Elapsed Time: 1:42:04 ETA:   9:29:54
[0m[91m 92% (40996 of 44345) |################  | Elapsed Time: 1:42:14 ETA:   9:33:24
[0m[91m 92% (40997 of 44345) |################  | Elapsed Time: 1:42:24 ETA:   9:30:39
[0m[91m 92% (40998 of 44345) |################  | Elapsed Time: 1:42:35 ETA:   9:30:26
[0m[91m 92% (40999 of 44345) |################  | Elapsed Time: 1:42:45 ETA:   9:32:22
[0m[91m 92% (41000 of 44345) |################  | Elapsed Time: 1:42:55 ETA:   9:33:12
[0m[91m 92% (41001 of 44345) |################  | Elapsed Time: 1:43:05 ETA:   9:32:22
[0m[91m 92% (41002 of 44345) |################  | Elapsed Time: 1:43:16 ETA:   9:36:05
[0m[91m 92% (41003 of 44345) |################  | Elapsed Time: 1:43:26 ETA:   9:33:52
[0m[91m 92% (41004 of 44345) |################  | Elapsed Time: 1:43:36 ETA:   9:25:56
[0m[91m 92% (41005 of 44345) |################  | Elapsed Time: 1:43:46 ETA:   9:27:36
[0m[91m 92% (41006 of 44345) |################  | Elapsed Time: 1:43:57 ETA:   9:24:55
[0m[91m 92% (41007 of 44345) |################  | Elapsed Time: 1:44:07 ETA:   9:33:27
[0m[91m 92% (41008 of 44345) |################  | Elapsed Time: 1:44:17 ETA:   9:28:45
[0m[91m 92% (41009 of 44345) |################  | Elapsed Time: 1:44:27 ETA:   9:32:04
[0m[91m 92% (41010 of 44345) |################  | Elapsed Time: 1:44:38 ETA:   9:33:29
[0m[91m 92% (41011 of 44345) |################  | Elapsed Time: 1:44:48 ETA:   9:27:43
[0m[91m 92% (41012 of 44345) |################  | Elapsed Time: 1:44:58 ETA:   9:25:15
[0m[91m 92% (41013 of 44345) |################  | Elapsed Time: 1:45:08 ETA:   9:25:45
[0m[91m 92% (41014 of 44345) |################  | Elapsed Time: 1:45:18 ETA:   9:24:09
[0m[91m 92% (41015 of 44345) |################  | Elapsed Time: 1:45:29 ETA:   9:27:01
[0m[91m 92% (41016 of 44345) |################  | Elapsed Time: 1:45:39 ETA:   9:30:37
[0m[91m 92% (41017 of 44345) |################  | Elapsed Time: 1:45:49 ETA:   9:32:55
[0m[91m 92% (41018 of 44345) |################  | Elapsed Time: 1:46:00 ETA:   9:31:40
[0m[91m 92% (41019 of 44345) |################  | Elapsed Time: 1:46:10 ETA:   9:31:29
[0m[91m 92% (41020 of 44345) |################  | Elapsed Time: 1:46:20 ETA:   9:33:35
[0m[91m 92% (41021 of 44345) |################  | Elapsed Time: 1:46:30 ETA:   9:26:30
[0m[91m 92% (41022 of 44345) |################  | Elapsed Time: 1:46:41 ETA:   9:30:33
[0m[91m 92% (41023 of 44345) |################  | Elapsed Time: 1:46:51 ETA:   9:37:52
[0m[91m 92% (41024 of 44345) |################  | Elapsed Time: 1:47:02 ETA:   9:30:44
[0m[91m 92% (41025 of 44345) |################  | Elapsed Time: 1:47:12 ETA:   9:26:38
[0m[91m 92% (41026 of 44345) |################  | Elapsed Time: 1:47:22 ETA:   9:31:07
[0m[91m 92% (41027 of 44345) |################  | Elapsed Time: 1:47:32 ETA:   9:32:20
[0m[91m 92% (41028 of 44345) |################  | Elapsed Time: 1:47:43 ETA:   9:32:19
[0m[91m 92% (41029 of 44345) |################  | Elapsed Time: 1:47:53 ETA:   9:25:18
[0m[91m 92% (41030 of 44345) |################  | Elapsed Time: 1:48:03 ETA:   9:22:54
[0m[91m 92% (41031 of 44345) |################  | Elapsed Time: 1:48:14 ETA:   9:29:48
[0m[91m 92% (41032 of 44345) |################  | Elapsed Time: 1:48:24 ETA:   9:26:48
[0m[91m 92% (41033 of 44345) |################  | Elapsed Time: 1:48:34 ETA:   9:25:27
[0m[91m 92% (41034 of 44345) |################  | Elapsed Time: 1:48:44 ETA:   9:31:15
[0m[91m 92% (41035 of 44345) |################  | Elapsed Time: 1:48:55 ETA:   9:23:19
[0m[91m 92% (41036 of 44345) |################  | Elapsed Time: 1:49:05 ETA:   9:26:08
[0m[91m 92% (41037 of 44345) |################  | Elapsed Time: 1:49:15 ETA:   9:21:39
[0m[91m 92% (41038 of 44345) |################  | Elapsed Time: 1:49:25 ETA:   9:23:27
[0m[91m 92% (41039 of 44345) |################  | Elapsed Time: 1:49:36 ETA:   9:28:47
[0m[91m 92% (41040 of 44345) |################  | Elapsed Time: 1:49:46 ETA:   9:24:55
[0m[91m 92% (41041 of 44345) |################  | Elapsed Time: 1:49:56 ETA:   9:23:20
[0m[91m 92% (41042 of 44345) |################  | Elapsed Time: 1:50:06 ETA:   9:27:03
[0m[91m 92% (41043 of 44345) |################  | Elapsed Time: 1:50:17 ETA:   9:26:15
[0m[91m 92% (41044 of 44345) |################  | Elapsed Time: 1:50:27 ETA:   9:21:33
[0m[91m 92% (41045 of 44345) |################  | Elapsed Time: 1:50:37 ETA:   9:27:35
[0m[91m 92% (41046 of 44345) |################  | Elapsed Time: 1:50:48 ETA:   9:28:14
[0m[91m 92% (41047 of 44345) |################  | Elapsed Time: 1:50:58 ETA:   9:26:42
[0m[91m 92% (41048 of 44345) |################  | Elapsed Time: 1:51:08 ETA:   9:20:47
[0m[91m 92% (41049 of 44345) |################  | Elapsed Time: 1:51:18 ETA:   9:29:39
[0m[91m 92% (41050 of 44345) |################  | Elapsed Time: 1:51:29 ETA:   9:18:13
[0m[91m 92% (41051 of 44345) |################  | Elapsed Time: 1:51:39 ETA:   9:21:03
[0m[91m 92% (41052 of 44345) |################  | Elapsed Time: 1:51:49 ETA:   9:26:56
[0m[91m 92% (41053 of 44345) |################  | Elapsed Time: 1:51:59 ETA:   9:26:15
[0m[91m 92% (41054 of 44345) |################  | Elapsed Time: 1:52:10 ETA:   9:24:42
[0m[91m 92% (41055 of 44345) |################  | Elapsed Time: 1:52:20 ETA:   9:17:35
[0m[91m 92% (41056 of 44345) |################  | Elapsed Time: 1:52:30 ETA:   9:26:03
[0m[91m 92% (41057 of 44345) |################  | Elapsed Time: 1:52:40 ETA:   9:18:09
[0m[91m 92% (41058 of 44345) |################  | Elapsed Time: 1:52:51 ETA:   9:17:31
[0m[91m 92% (41059 of 44345) |################  | Elapsed Time: 1:53:01 ETA:   9:20:46
[0m[91m 92% (41060 of 44345) |################  | Elapsed Time: 1:53:11 ETA:   9:19:26
[0m[91m 92% (41061 of 44345) |################  | Elapsed Time: 1:53:21 ETA:   9:23:42
[0m[91m 92% (41062 of 44345) |################  | Elapsed Time: 1:53:32 ETA:   9:24:01
[0m[91m 92% (41063 of 44345) |################  | Elapsed Time: 1:53:42 ETA:   9:18:52
[0m[91m 92% (41064 of 44345) |################  | Elapsed Time: 1:53:52 ETA:   9:18:39
[0m[91m 92% (41065 of 44345) |################  | Elapsed Time: 1:54:02 ETA:   9:17:52
[0m[91m 92% (41066 of 44345) |################  | Elapsed Time: 1:54:13 ETA:   9:25:36
[0m[91m 92% (41067 of 44345) |################  | Elapsed Time: 1:54:23 ETA:   9:18:26
[0m[91m 92% (41068 of 44345) |################  | Elapsed Time: 1:54:33 ETA:   9:17:57
[0m[91m 92% (41069 of 44345) |################  | Elapsed Time: 1:54:43 ETA:   9:23:40
[0m[91m 92% (41070 of 44345) |################  | Elapsed Time: 1:54:54 ETA:   9:17:58
[0m[91m 92% (41071 of 44345) |################  | Elapsed Time: 1:55:04 ETA:   9:24:26
[0m[91m 92% (41072 of 44345) |################  | Elapsed Time: 1:55:14 ETA:   9:23:22
[0m[91m 92% (41073 of 44345) |################  | Elapsed Time: 1:55:25 ETA:   9:17:34
[0m[91m 92% (41074 of 44345) |################  | Elapsed Time: 1:55:35 ETA:   9:14:25
[0m[91m 92% (41075 of 44345) |################  | Elapsed Time: 1:55:45 ETA:   9:24:16
[0m[91m 92% (41076 of 44345) |################  | Elapsed Time: 1:55:55 ETA:   9:14:44
[0m[91m 92% (41077 of 44345) |################  | Elapsed Time: 1:56:05 ETA:   9:14:33
[0m[91m 92% (41078 of 44345) |################  | Elapsed Time: 1:56:16 ETA:   9:15:44
[0m[91m 92% (41079 of 44345) |################  | Elapsed Time: 1:56:26 ETA:   9:15:51
[0m[91m 92% (41080 of 44345) |################  | Elapsed Time: 1:56:36 ETA:   9:16:35
[0m[91m 92% (41081 of 44345) |################  | Elapsed Time: 1:56:46 ETA:   9:14:47
[0m[91m 92% (41082 of 44345) |################  | Elapsed Time: 1:56:56 ETA:   9:16:01
[0m[91m 92% (41083 of 44345) |################  | Elapsed Time: 1:57:07 ETA:   9:20:13
[0m[91m 92% (41084 of 44345) |################  | Elapsed Time: 1:57:17 ETA:   9:16:03
[0m[91m 92% (41085 of 44345) |################  | Elapsed Time: 1:57:27 ETA:   9:19:20
[0m[91m 92% (41086 of 44345) |################  | Elapsed Time: 1:57:38 ETA:   9:18:07
[0m[91m 92% (41087 of 44345) |################  | Elapsed Time: 1:57:48 ETA:   9:13:39
[0m[91m 92% (41088 of 44345) |################  | Elapsed Time: 1:57:58 ETA:   9:18:54
[0m[91m 92% (41089 of 44345) |################  | Elapsed Time: 1:58:08 ETA:   9:22:04
[0m[91m 92% (41090 of 44345) |################  | Elapsed Time: 1:58:19 ETA:   9:20:44
[0m[91m 92% (41091 of 44345) |################  | Elapsed Time: 1:58:29 ETA:   9:19:19
[0m[91m 92% (41092 of 44345) |################  | Elapsed Time: 1:58:39 ETA:   9:23:52
[0m[91m 92% (41093 of 44345) |################  | Elapsed Time: 1:58:50 ETA:   9:12:27
[0m[91m 92% (41094 of 44345) |################  | Elapsed Time: 1:59:00 ETA:   9:11:24
[0m[91m 92% (41095 of 44345) |################  | Elapsed Time: 1:59:10 ETA:   9:19:22
[0m[91m 92% (41096 of 44345) |################  | Elapsed Time: 1:59:20 ETA:   9:16:34
[0m[91m 92% (41097 of 44345) |################  | Elapsed Time: 1:59:31 ETA:   9:11:30
[0m[91m 92% (41098 of 44345) |################  | Elapsed Time: 1:59:41 ETA:   9:11:24
[0m[91m 92% (41099 of 44345) |################  | Elapsed Time: 1:59:51 ETA:   9:11:52
[0m[91m 92% (41100 of 44345) |################  | Elapsed Time: 2:00:01 ETA:   9:16:04
[0m[91m 92% (41101 of 44345) |################  | Elapsed Time: 2:00:12 ETA:   9:12:18
[0m[91m 92% (41102 of 44345) |################  | Elapsed Time: 2:00:22 ETA:   9:15:41
[0m[91m 92% (41103 of 44345) |################  | Elapsed Time: 2:00:32 ETA:   9:08:44
[0m[91m 92% (41104 of 44345) |################  | Elapsed Time: 2:00:42 ETA:   9:14:04
[0m[91m 92% (41105 of 44345) |################  | Elapsed Time: 2:00:52 ETA:   9:13:08
[0m[91m 92% (41106 of 44345) |################  | Elapsed Time: 2:01:03 ETA:   9:17:01
[0m[91m 92% (41107 of 44345) |################  | Elapsed Time: 2:01:13 ETA:   9:14:54
[0m[91m 92% (41108 of 44345) |################  | Elapsed Time: 2:01:23 ETA:   9:09:01
[0m[91m 92% (41109 of 44345) |################  | Elapsed Time: 2:01:33 ETA:   9:08:31
[0m[91m 92% (41110 of 44345) |################  | Elapsed Time: 2:01:44 ETA:   9:17:01
[0m[91m 92% (41111 of 44345) |################  | Elapsed Time: 2:01:54 ETA:   9:13:57
[0m[91m 92% (41112 of 44345) |################  | Elapsed Time: 2:02:04 ETA:   9:09:24
[0m[91m 92% (41113 of 44345) |################  | Elapsed Time: 2:02:14 ETA:   9:10:52
[0m[91m 92% (41114 of 44345) |################  | Elapsed Time: 2:02:25 ETA:   9:08:00
[0m[91m 92% (41115 of 44345) |################  | Elapsed Time: 2:02:35 ETA:   9:09:07
[0m[91m 92% (41116 of 44345) |################  | Elapsed Time: 2:02:45 ETA:   9:07:25
[0m[91m 92% (41117 of 44345) |################  | Elapsed Time: 2:02:55 ETA:   9:15:10
[0m[91m 92% (41118 of 44345) |################  | Elapsed Time: 2:03:06 ETA:   9:08:59
[0m[91m 93% (41416 of 44345) |################  | Elapsed Time: 2:03:16 ETA:   0:01:41
[0m[91m 93% (41417 of 44345) |################  | Elapsed Time: 2:03:26 ETA:   8:22:35
[0m[91m 95% (42545 of 44345) |################# | Elapsed Time: 2:03:36 ETA:   0:00:16
[0m[91m 96% (42605 of 44345) |################# | Elapsed Time: 2:03:47 ETA:   0:04:59
[0m[91m 96% (42703 of 44345) |################# | Elapsed Time: 2:03:57 ETA:   0:02:52
[0m[91m 96% (42755 of 44345) |################# | Elapsed Time: 2:04:07 ETA:   0:05:11
[0m[91m 96% (42772 of 44345) |################# | Elapsed Time: 2:04:17 ETA:   0:15:51
[0m[91m 96% (42778 of 44345) |################# | Elapsed Time: 2:04:28 ETA:   0:44:18
[0m[91m 96% (42784 of 44345) |################# | Elapsed Time: 2:04:38 ETA:   0:44:31
[0m[91m 96% (42804 of 44345) |################# | Elapsed Time: 2:04:48 ETA:   0:13:09
[0m[91m 96% (42813 of 44345) |################# | Elapsed Time: 2:04:58 ETA:   0:29:12
[0m[91m 96% (42835 of 44345) |################# | Elapsed Time: 2:05:09 ETA:   0:11:38
[0m[91m 96% (42839 of 44345) |################# | Elapsed Time: 2:05:19 ETA:   1:04:45
[0m[91m 97% (43024 of 44345) |################# | Elapsed Time: 2:05:29 ETA:   0:01:12
[0m[91m 97% (43088 of 44345) |################# | Elapsed Time: 2:05:39 ETA:   0:03:20
[0m[91m 97% (43098 of 44345) |################# | Elapsed Time: 2:05:50 ETA:   0:21:30
[0m[91m 97% (43099 of 44345) |################# | Elapsed Time: 2:06:00 ETA:   3:33:20
[0m[91m 97% (43100 of 44345) |################# | Elapsed Time: 2:06:10 ETA:   3:31:51
[0m[91m 97% (43101 of 44345) |################# | Elapsed Time: 2:06:20 ETA:   3:34:41
[0m[91m 97% (43104 of 44345) |################# | Elapsed Time: 2:06:31 ETA:   1:10:21
[0m[91m 97% (43111 of 44345) |################# | Elapsed Time: 2:06:41 ETA:   0:29:51
[0m[91m 97% (43114 of 44345) |################# | Elapsed Time: 2:06:51 ETA:   1:10:16
[0m[91m 97% (43118 of 44345) |################# | Elapsed Time: 2:07:01 ETA:   0:52:22
[0m[91m 97% (43119 of 44345) |################# | Elapsed Time: 2:07:12 ETA:   3:29:21
[0m[91m 97% (43120 of 44345) |################# | Elapsed Time: 2:07:22 ETA:   3:27:32
[0m[91m 97% (43121 of 44345) |################# | Elapsed Time: 2:07:32 ETA:   3:28:57
[0m[91m 97% (43122 of 44345) |################# | Elapsed Time: 2:07:42 ETA:   3:30:49
[0m[91m 97% (43123 of 44345) |################# | Elapsed Time: 2:07:53 ETA:   3:27:27
[0m[91m 97% (43124 of 44345) |################# | Elapsed Time: 2:08:03 ETA:   3:29:49
[0m[91m 97% (43125 of 44345) |################# | Elapsed Time: 2:08:13 ETA:   3:29:31
[0m[91m 97% (43126 of 44345) |################# | Elapsed Time: 2:08:23 ETA:   3:30:01
[0m[91m 97% (43127 of 44345) |################# | Elapsed Time: 2:08:34 ETA:   3:27:35
[0m[91m 97% (43128 of 44345) |################# | Elapsed Time: 2:08:44 ETA:   3:26:46
[0m[91m 97% (43129 of 44345) |################# | Elapsed Time: 2:08:54 ETA:   3:26:57
[0m[91m 97% (43130 of 44345) |################# | Elapsed Time: 2:09:04 ETA:   3:27:09
[0m[91m 97% (43131 of 44345) |################# | Elapsed Time: 2:09:15 ETA:   3:29:03
[0m[91m 97% (43132 of 44345) |################# | Elapsed Time: 2:09:25 ETA:   3:25:28
[0m[91m 97% (43133 of 44345) |################# | Elapsed Time: 2:09:35 ETA:   3:25:43
[0m[91m 97% (43134 of 44345) |################# | Elapsed Time: 2:09:45 ETA:   3:25:48
[0m[91m 97% (43135 of 44345) |################# | Elapsed Time: 2:09:55 ETA:   3:26:42
[0m[91m 97% (43136 of 44345) |################# | Elapsed Time: 2:10:06 ETA:   3:26:05
[0m[91m 97% (43137 of 44345) |################# | Elapsed Time: 2:10:16 ETA:   3:28:06
[0m[91m 97% (43138 of 44345) |################# | Elapsed Time: 2:10:26 ETA:   3:25:51
[0m[91m 97% (43139 of 44345) |################# | Elapsed Time: 2:10:37 ETA:   3:26:06
[0m[91m 97% (43140 of 44345) |################# | Elapsed Time: 2:10:47 ETA:   3:25:34
[0m[91m 97% (43141 of 44345) |################# | Elapsed Time: 2:10:57 ETA:   3:23:57
[0m[91m 97% (43142 of 44345) |################# | Elapsed Time: 2:11:07 ETA:   3:24:27
[0m[91m 97% (43143 of 44345) |################# | Elapsed Time: 2:11:17 ETA:   3:26:35
[0m[91m 97% (43144 of 44345) |################# | Elapsed Time: 2:11:28 ETA:   3:24:15
[0m[91m 97% (43145 of 44345) |################# | Elapsed Time: 2:11:38 ETA:   3:25:41
[0m[91m 97% (43146 of 44345) |################# | Elapsed Time: 2:11:48 ETA:   3:23:17
[0m[91m 97% (43147 of 44345) |################# | Elapsed Time: 2:11:58 ETA:   3:24:37
[0m[91m 97% (43148 of 44345) |################# | Elapsed Time: 2:12:09 ETA:   3:24:00
[0m[91m 97% (43149 of 44345) |################# | Elapsed Time: 2:12:19 ETA:   3:23:03
[0m[91m 97% (43150 of 44345) |################# | Elapsed Time: 2:12:29 ETA:   3:24:19
[0m[91m 97% (43151 of 44345) |################# | Elapsed Time: 2:12:39 ETA:   3:25:07
[0m[91m 97% (43152 of 44345) |################# | Elapsed Time: 2:12:50 ETA:   3:23:52
[0m[91m 97% (43153 of 44345) |################# | Elapsed Time: 2:13:00 ETA:   3:23:34
[0m[91m 97% (43154 of 44345) |################# | Elapsed Time: 2:13:10 ETA:   3:23:06
[0m[91m 97% (43155 of 44345) |################# | Elapsed Time: 2:13:20 ETA:   3:22:12
[0m[91m 97% (43156 of 44345) |################# | Elapsed Time: 2:13:31 ETA:   3:24:56
[0m[91m 97% (43157 of 44345) |################# | Elapsed Time: 2:13:41 ETA:   3:24:04
[0m[91m 97% (43158 of 44345) |################# | Elapsed Time: 2:13:51 ETA:   3:22:11
[0m[91m 97% (43159 of 44345) |################# | Elapsed Time: 2:14:01 ETA:   3:22:03
[0m[91m 97% (43160 of 44345) |################# | Elapsed Time: 2:14:12 ETA:   3:21:04
[0m[91m 97% (43161 of 44345) |################# | Elapsed Time: 2:14:22 ETA:   3:23:48
[0m[91m 97% (43162 of 44345) |################# | Elapsed Time: 2:14:32 ETA:   3:24:18
[0m[91m 97% (43163 of 44345) |################# | Elapsed Time: 2:14:42 ETA:   3:21:43
[0m[91m 97% (43164 of 44345) |################# | Elapsed Time: 2:14:53 ETA:   3:21:15
[0m[91m 97% (43165 of 44345) |################# | Elapsed Time: 2:15:03 ETA:   3:22:47
[0m[91m 97% (43166 of 44345) |################# | Elapsed Time: 2:15:13 ETA:   3:22:35
[0m[91m 97% (43167 of 44345) |################# | Elapsed Time: 2:15:24 ETA:   3:22:23
[0m[91m 97% (43168 of 44345) |################# | Elapsed Time: 2:15:34 ETA:   3:22:39
[0m[91m 97% (43169 of 44345) |################# | Elapsed Time: 2:15:44 ETA:   3:21:26
[0m[91m 97% (43170 of 44345) |################# | Elapsed Time: 2:15:54 ETA:   3:19:24
[0m[91m 97% (43171 of 44345) |################# | Elapsed Time: 2:16:05 ETA:   3:19:22
[0m[91m 97% (43172 of 44345) |################# | Elapsed Time: 2:16:15 ETA:   3:19:47
[0m[91m 97% (43173 of 44345) |################# | Elapsed Time: 2:16:25 ETA:   3:22:08
[0m[91m 97% (43174 of 44345) |################# | Elapsed Time: 2:16:35 ETA:   3:19:27
[0m[91m 97% (43175 of 44345) |################# | Elapsed Time: 2:16:46 ETA:   3:17:53
[0m[91m 97% (43176 of 44345) |################# | Elapsed Time: 2:16:56 ETA:   3:20:06
[0m[91m 97% (43177 of 44345) |################# | Elapsed Time: 2:17:06 ETA:   3:18:09
[0m[91m 97% (43178 of 44345) |################# | Elapsed Time: 2:17:16 ETA:   3:20:48
[0m[91m 97% (43179 of 44345) |################# | Elapsed Time: 2:17:27 ETA:   3:20:35
[0m[91m 97% (43180 of 44345) |################# | Elapsed Time: 2:17:37 ETA:   3:17:32
[0m[91m 97% (43181 of 44345) |################# | Elapsed Time: 2:17:47 ETA:   3:20:02
[0m[91m 97% (43182 of 44345) |################# | Elapsed Time: 2:17:57 ETA:   3:17:32
[0m[91m 97% (43183 of 44345) |################# | Elapsed Time: 2:18:08 ETA:   3:17:44
[0m[91m 97% (43184 of 44345) |################# | Elapsed Time: 2:18:18 ETA:   3:18:24
[0m[91m 97% (43185 of 44345) |################# | Elapsed Time: 2:18:28 ETA:   3:19:05
[0m[91m 97% (43186 of 44345) |################# | Elapsed Time: 2:18:38 ETA:   3:20:19
[0m[91m 97% (43187 of 44345) |################# | Elapsed Time: 2:18:49 ETA:   3:16:38
[0m[91m 97% (43188 of 44345) |################# | Elapsed Time: 2:18:59 ETA:   3:19:05
[0m[91m 97% (43189 of 44345) |################# | Elapsed Time: 2:19:09 ETA:   3:16:50
[0m[91m 97% (43190 of 44345) |################# | Elapsed Time: 2:19:19 ETA:   3:15:55
[0m[91m 97% (43191 of 44345) |################# | Elapsed Time: 2:19:30 ETA:   3:18:52
[0m[91m 97% (43192 of 44345) |################# | Elapsed Time: 2:19:40 ETA:   3:16:42
[0m[91m 97% (43193 of 44345) |################# | Elapsed Time: 2:19:50 ETA:   3:16:54
[0m[91m 97% (43194 of 44345) |################# | Elapsed Time: 2:20:00 ETA:   3:17:04
[0m[91m 97% (43195 of 44345) |################# | Elapsed Time: 2:20:11 ETA:   3:14:52
[0m[91m 97% (43196 of 44345) |################# | Elapsed Time: 2:20:21 ETA:   3:17:46
[0m[91m 97% (43197 of 44345) |################# | Elapsed Time: 2:20:31 ETA:   3:17:13
[0m[91m 97% (43198 of 44345) |################# | Elapsed Time: 2:20:41 ETA:   3:16:07
[0m[91m 97% (43199 of 44345) |################# | Elapsed Time: 2:20:52 ETA:   3:17:37
[0m[91m 97% (43200 of 44345) |################# | Elapsed Time: 2:21:02 ETA:   3:15:42
[0m[91m 97% (43201 of 44345) |################# | Elapsed Time: 2:21:12 ETA:   3:14:10
[0m[91m 97% (43202 of 44345) |################# | Elapsed Time: 2:21:23 ETA:   3:16:55
[0m[91m 97% (43203 of 44345) |################# | Elapsed Time: 2:21:33 ETA:   3:14:31
[0m[91m 97% (43204 of 44345) |################# | Elapsed Time: 2:21:43 ETA:   3:14:55
[0m[91m 97% (43205 of 44345) |################# | Elapsed Time: 2:21:53 ETA:   3:13:53
[0m[91m 97% (43206 of 44345) |################# | Elapsed Time: 2:22:04 ETA:   3:16:13
[0m[91m 97% (43207 of 44345) |################# | Elapsed Time: 2:22:14 ETA:   3:12:48
[0m[91m 97% (43208 of 44345) |################# | Elapsed Time: 2:22:24 ETA:   3:15:04
[0m[91m 97% (43209 of 44345) |################# | Elapsed Time: 2:22:34 ETA:   3:14:25
[0m[91m 97% (43210 of 44345) |################# | Elapsed Time: 2:22:45 ETA:   3:13:59
[0m[91m 97% (43211 of 44345) |################# | Elapsed Time: 2:22:55 ETA:   3:14:02
[0m[91m 97% (43212 of 44345) |################# | Elapsed Time: 2:23:05 ETA:   3:12:59
[0m[91m 97% (43213 of 44345) |################# | Elapsed Time: 2:23:15 ETA:   3:12:17
[0m[91m 97% (43214 of 44345) |################# | Elapsed Time: 2:23:26 ETA:   3:13:15
[0m[91m 97% (43215 of 44345) |################# | Elapsed Time: 2:23:36 ETA:   3:11:37
[0m[91m 97% (43216 of 44345) |################# | Elapsed Time: 2:23:46 ETA:   3:13:49
[0m[91m 97% (43217 of 44345) |################# | Elapsed Time: 2:23:56 ETA:   3:11:26
[0m[91m 97% (43218 of 44345) |################# | Elapsed Time: 2:24:07 ETA:   3:14:11
[0m[91m 97% (43219 of 44345) |################# | Elapsed Time: 2:24:17 ETA:   3:10:51
[0m[91m 97% (43220 of 44345) |################# | Elapsed Time: 2:24:27 ETA:   3:11:40
[0m[91m 97% (43221 of 44345) |################# | Elapsed Time: 2:24:37 ETA:   3:11:00
[0m[91m 97% (43222 of 44345) |################# | Elapsed Time: 2:24:47 ETA:   3:12:49
[0m[91m 97% (43223 of 44345) |################# | Elapsed Time: 2:24:58 ETA:   3:11:14
[0m[91m 97% (43224 of 44345) |################# | Elapsed Time: 2:25:08 ETA:   3:10:46
[0m[91m 97% (43225 of 44345) |################# | Elapsed Time: 2:25:18 ETA:   3:12:35
[0m[91m 97% (43226 of 44345) |################# | Elapsed Time: 2:25:28 ETA:   3:11:20
[0m[91m 97% (43227 of 44345) |################# | Elapsed Time: 2:25:39 ETA:   3:12:32
[0m[91m 97% (43228 of 44345) |################# | Elapsed Time: 2:25:49 ETA:   3:12:34
[0m[91m 97% (43229 of 44345) |################# | Elapsed Time: 2:25:59 ETA:   3:10:34
[0m[91m 97% (43230 of 44345) |################# | Elapsed Time: 2:26:10 ETA:   3:10:11
[0m[91m 97% (43231 of 44345) |################# | Elapsed Time: 2:26:20 ETA:   3:09:13
[0m[91m 97% (43232 of 44345) |################# | Elapsed Time: 2:26:30 ETA:   3:09:57
[0m[91m 97% (43233 of 44345) |################# | Elapsed Time: 2:26:40 ETA:   3:09:17
[0m[91m 97% (43234 of 44345) |################# | Elapsed Time: 2:26:50 ETA:   3:08:46
[0m[91m 97% (43235 of 44345) |################# | Elapsed Time: 2:27:01 ETA:   3:09:06
[0m[91m 97% (43236 of 44345) |################# | Elapsed Time: 2:27:11 ETA:   3:11:16
[0m[91m 97% (43237 of 44345) |################# | Elapsed Time: 2:27:21 ETA:   3:10:34
[0m[91m 97% (43238 of 44345) |################# | Elapsed Time: 2:27:32 ETA:   3:10:03
[0m[91m 97% (43239 of 44345) |################# | Elapsed Time: 2:27:42 ETA:   3:09:34
[0m[91m 97% (43240 of 44345) |################# | Elapsed Time: 2:27:52 ETA:   3:08:03
[0m[91m 97% (43241 of 44345) |################# | Elapsed Time: 2:28:02 ETA:   3:09:56
[0m[91m 97% (43242 of 44345) |################# | Elapsed Time: 2:28:13 ETA:   3:13:06
[0m[91m 97% (43243 of 44345) |################# | Elapsed Time: 2:28:23 ETA:   3:09:53
[0m[91m 97% (43244 of 44345) |################# | Elapsed Time: 2:28:34 ETA:   3:07:29
[0m[91m 97% (43245 of 44345) |################# | Elapsed Time: 2:28:44 ETA:   3:07:22
[0m[91m 97% (43246 of 44345) |################# | Elapsed Time: 2:28:54 ETA:   3:06:53
[0m[91m 97% (43247 of 44345) |################# | Elapsed Time: 2:29:04 ETA:   3:06:55
[0m[91m 97% (43248 of 44345) |################# | Elapsed Time: 2:29:15 ETA:   3:09:02
[0m[91m 97% (43249 of 44345) |################# | Elapsed Time: 2:29:25 ETA:   3:05:50
[0m[91m 97% (43250 of 44345) |################# | Elapsed Time: 2:29:35 ETA:   3:06:58
[0m[91m 97% (43251 of 44345) |################# | Elapsed Time: 2:29:45 ETA:   3:07:50
[0m[91m 97% (43252 of 44345) |################# | Elapsed Time: 2:29:55 ETA:   3:06:23
[0m[91m 97% (43253 of 44345) |################# | Elapsed Time: 2:30:06 ETA:   3:07:50
[0m[91m 97% (43254 of 44345) |################# | Elapsed Time: 2:30:16 ETA:   3:07:43
[0m[91m 97% (43255 of 44345) |################# | Elapsed Time: 2:30:26 ETA:   3:06:17
[0m[91m 97% (43256 of 44345) |################# | Elapsed Time: 2:30:37 ETA:   3:07:14
[0m[91m 97% (43257 of 44345) |################# | Elapsed Time: 2:30:47 ETA:   3:05:35
[0m[91m 97% (43258 of 44345) |################# | Elapsed Time: 2:30:57 ETA:   3:07:06
[0m[91m 97% (43259 of 44345) |################# | Elapsed Time: 2:31:08 ETA:   3:06:38
[0m[91m 97% (43260 of 44345) |################# | Elapsed Time: 2:31:18 ETA:   3:06:12
[0m[91m 97% (43261 of 44345) |################# | Elapsed Time: 2:31:28 ETA:   3:05:24
[0m[91m 97% (43262 of 44345) |################# | Elapsed Time: 2:31:38 ETA:   3:06:12
[0m[91m 97% (43263 of 44345) |################# | Elapsed Time: 2:31:49 ETA:   3:04:26
[0m[91m 97% (43264 of 44345) |################# | Elapsed Time: 2:31:59 ETA:   3:03:41
[0m[91m 97% (43265 of 44345) |################# | Elapsed Time: 2:32:09 ETA:   3:05:26
[0m[91m 97% (43266 of 44345) |################# | Elapsed Time: 2:32:19 ETA:   3:02:46
[0m[91m 97% (43267 of 44345) |################# | Elapsed Time: 2:32:29 ETA:   3:02:52
[0m[91m 97% (43268 of 44345) |################# | Elapsed Time: 2:32:40 ETA:   3:03:29
[0m[91m 97% (43269 of 44345) |################# | Elapsed Time: 2:32:50 ETA:   3:05:23
[0m[91m 97% (43270 of 44345) |################# | Elapsed Time: 2:33:00 ETA:   3:02:56
[0m[91m 97% (43271 of 44345) |################# | Elapsed Time: 2:33:10 ETA:   3:02:13
[0m[91m 97% (43272 of 44345) |################# | Elapsed Time: 2:33:21 ETA:   3:03:53
[0m[91m 97% (43273 of 44345) |################# | Elapsed Time: 2:33:31 ETA:   3:04:07
[0m[91m 97% (43274 of 44345) |################# | Elapsed Time: 2:33:41 ETA:   3:03:09
[0m[91m 97% (43275 of 44345) |################# | Elapsed Time: 2:33:52 ETA:   3:04:09
[0m[91m 97% (43276 of 44345) |################# | Elapsed Time: 2:34:02 ETA:   3:04:30
[0m[91m 97% (43277 of 44345) |################# | Elapsed Time: 2:34:12 ETA:   3:02:42
[0m[91m 97% (43278 of 44345) |################# | Elapsed Time: 2:34:23 ETA:   3:03:26
[0m[91m 97% (43279 of 44345) |################# | Elapsed Time: 2:34:33 ETA:   3:02:48
[0m[91m 97% (43280 of 44345) |################# | Elapsed Time: 2:34:43 ETA:   3:03:39
[0m[91m 97% (43281 of 44345) |################# | Elapsed Time: 2:34:53 ETA:   3:02:28
[0m[91m 97% (43282 of 44345) |################# | Elapsed Time: 2:35:04 ETA:   3:00:08
[0m[91m 97% (43283 of 44345) |################# | Elapsed Time: 2:35:14 ETA:   3:02:48
[0m[91m 97% (43284 of 44345) |################# | Elapsed Time: 2:35:24 ETA:   3:01:44
[0m[91m 97% (43285 of 44345) |################# | Elapsed Time: 2:35:35 ETA:   3:01:54
[0m[91m 97% (43286 of 44345) |################# | Elapsed Time: 2:35:45 ETA:   3:00:00
[0m[91m 97% (43287 of 44345) |################# | Elapsed Time: 2:35:55 ETA:   3:00:33
[0m[91m 97% (43288 of 44345) |################# | Elapsed Time: 2:36:05 ETA:   2:58:57
[0m[91m 97% (43289 of 44345) |################# | Elapsed Time: 2:36:15 ETA:   3:00:31
[0m[91m 97% (43290 of 44345) |################# | Elapsed Time: 2:36:26 ETA:   3:01:19
[0m[91m 97% (43291 of 44345) |################# | Elapsed Time: 2:36:36 ETA:   2:58:39
[0m[91m 97% (43292 of 44345) |################# | Elapsed Time: 2:36:46 ETA:   2:59:58
[0m[91m 97% (43293 of 44345) |################# | Elapsed Time: 2:36:56 ETA:   3:00:50
[0m[91m 97% (43294 of 44345) |################# | Elapsed Time: 2:37:07 ETA:   3:00:43
[0m[91m 97% (43295 of 44345) |################# | Elapsed Time: 2:37:17 ETA:   3:00:22
[0m[91m 97% (43296 of 44345) |################# | Elapsed Time: 2:37:27 ETA:   2:59:45
[0m[91m 97% (43297 of 44345) |################# | Elapsed Time: 2:37:38 ETA:   3:00:36
[0m[91m 97% (43298 of 44345) |################# | Elapsed Time: 2:37:48 ETA:   2:57:26
[0m[91m 97% (43299 of 44345) |################# | Elapsed Time: 2:37:58 ETA:   2:58:50
[0m[91m 97% (43300 of 44345) |################# | Elapsed Time: 2:38:08 ETA:   2:58:57
[0m[91m 97% (43301 of 44345) |################# | Elapsed Time: 2:38:19 ETA:   2:59:31
[0m[91m 97% (43302 of 44345) |################# | Elapsed Time: 2:38:29 ETA:   2:59:08
[0m[91m 97% (43303 of 44345) |################# | Elapsed Time: 2:38:39 ETA:   2:59:30
[0m[91m 97% (43304 of 44345) |################# | Elapsed Time: 2:38:50 ETA:   2:58:20
[0m[91m 97% (43305 of 44345) |################# | Elapsed Time: 2:39:00 ETA:   2:56:30
[0m[91m 97% (43306 of 44345) |################# | Elapsed Time: 2:39:10 ETA:   2:58:25
[0m[91m 97% (43307 of 44345) |################# | Elapsed Time: 2:39:20 ETA:   2:57:27
[0m[91m 97% (43308 of 44345) |################# | Elapsed Time: 2:39:31 ETA:   2:56:13
[0m[91m 97% (43309 of 44345) |################# | Elapsed Time: 2:39:41 ETA:   2:58:35
[0m[91m 97% (43310 of 44345) |################# | Elapsed Time: 2:39:51 ETA:   2:55:45
[0m[91m 97% (43311 of 44345) |################# | Elapsed Time: 2:40:01 ETA:   2:55:47
[0m[91m 97% (43312 of 44345) |################# | Elapsed Time: 2:40:12 ETA:   2:56:31
[0m[91m 97% (43313 of 44345) |################# | Elapsed Time: 2:40:22 ETA:   2:57:39
[0m[91m 97% (43314 of 44345) |################# | Elapsed Time: 2:40:32 ETA:   2:56:42
[0m[91m 97% (43315 of 44345) |################# | Elapsed Time: 2:40:42 ETA:   2:56:25
[0m[91m 97% (43316 of 44345) |################# | Elapsed Time: 2:40:53 ETA:   2:57:02
[0m[91m 97% (43317 of 44345) |################# | Elapsed Time: 2:41:03 ETA:   2:54:29
[0m[91m 97% (43318 of 44345) |################# | Elapsed Time: 2:41:14 ETA:   3:01:15
[0m[91m 97% (43319 of 44345) |################# | Elapsed Time: 2:41:24 ETA:   2:55:22
[0m[91m 97% (43320 of 44345) |################# | Elapsed Time: 2:41:34 ETA:   2:57:10
[0m[91m 97% (43321 of 44345) |################# | Elapsed Time: 2:41:45 ETA:   2:56:35
[0m[91m 97% (43322 of 44345) |################# | Elapsed Time: 2:41:55 ETA:   2:55:05
[0m[91m 97% (43323 of 44345) |################# | Elapsed Time: 2:42:05 ETA:   2:54:43
[0m[91m 97% (43324 of 44345) |################# | Elapsed Time: 2:42:15 ETA:   2:54:12
[0m[91m 97% (43325 of 44345) |################# | Elapsed Time: 2:42:26 ETA:   2:55:07
[0m[91m 97% (43326 of 44345) |################# | Elapsed Time: 2:42:36 ETA:   2:52:54
[0m[91m 97% (43327 of 44345) |################# | Elapsed Time: 2:42:46 ETA:   2:54:55
[0m[91m 97% (43328 of 44345) |################# | Elapsed Time: 2:42:56 ETA:   2:54:13
[0m[91m 97% (43329 of 44345) |################# | Elapsed Time: 2:43:07 ETA:   2:53:29
[0m[91m 97% (43330 of 44345) |################# | Elapsed Time: 2:43:17 ETA:   2:53:19
[0m[91m 97% (43331 of 44345) |################# | Elapsed Time: 2:43:27 ETA:   2:53:00
[0m[91m 97% (43332 of 44345) |################# | Elapsed Time: 2:43:37 ETA:   2:53:53
[0m[91m 97% (43333 of 44345) |################# | Elapsed Time: 2:43:48 ETA:   2:53:28
[0m[91m 97% (43334 of 44345) |################# | Elapsed Time: 2:43:58 ETA:   2:53:35
[0m[91m 97% (43335 of 44345) |################# | Elapsed Time: 2:44:08 ETA:   2:51:27
[0m[91m 97% (43336 of 44345) |################# | Elapsed Time: 2:44:18 ETA:   2:53:46
[0m[91m 97% (43337 of 44345) |################# | Elapsed Time: 2:44:29 ETA:   2:50:58
[0m[91m 97% (43338 of 44345) |################# | Elapsed Time: 2:44:39 ETA:   2:51:03
[0m[91m 97% (43339 of 44345) |################# | Elapsed Time: 2:44:49 ETA:   2:53:09
[0m[91m 97% (43340 of 44345) |################# | Elapsed Time: 2:44:59 ETA:   2:50:34
[0m[91m 97% (43341 of 44345) |################# | Elapsed Time: 2:45:10 ETA:   2:52:44
[0m[91m 97% (43342 of 44345) |################# | Elapsed Time: 2:45:20 ETA:   2:51:49
[0m[91m 97% (43343 of 44345) |################# | Elapsed Time: 2:45:30 ETA:   2:52:01
[0m[91m 97% (43344 of 44345) |################# | Elapsed Time: 2:45:40 ETA:   2:50:15
[0m[91m 97% (43345 of 44345) |################# | Elapsed Time: 2:45:51 ETA:   2:50:02
[0m[91m 97% (43346 of 44345) |################# | Elapsed Time: 2:46:01 ETA:   2:49:48
[0m[91m 97% (43347 of 44345) |################# | Elapsed Time: 2:46:11 ETA:   2:51:34
[0m[91m 97% (43348 of 44345) |################# | Elapsed Time: 2:46:21 ETA:   2:50:09
[0m[91m 97% (43349 of 44345) |################# | Elapsed Time: 2:46:32 ETA:   2:51:29
[0m[91m 97% (43350 of 44345) |################# | Elapsed Time: 2:46:42 ETA:   2:51:15
[0m[91m 97% (43351 of 44345) |################# | Elapsed Time: 2:46:52 ETA:   2:50:40
[0m[91m 97% (43352 of 44345) |################# | Elapsed Time: 2:47:03 ETA:   2:48:53
[0m[91m 97% (43353 of 44345) |################# | Elapsed Time: 2:47:13 ETA:   2:50:26
[0m[91m 97% (43354 of 44345) |################# | Elapsed Time: 2:47:23 ETA:   2:50:35
[0m[91m 97% (43355 of 44345) |################# | Elapsed Time: 2:47:33 ETA:   2:48:33
[0m[91m 97% (43356 of 44345) |################# | Elapsed Time: 2:47:44 ETA:   2:50:12
[0m[91m 97% (43357 of 44345) |################# | Elapsed Time: 2:47:54 ETA:   2:47:39
[0m[91m 97% (43358 of 44345) |################# | Elapsed Time: 2:48:04 ETA:   2:49:20
[0m[91m 97% (43359 of 44345) |################# | Elapsed Time: 2:48:15 ETA:   2:49:43
[0m[91m 97% (43360 of 44345) |################# | Elapsed Time: 2:48:25 ETA:   2:47:07
[0m[91m 97% (43361 of 44345) |################# | Elapsed Time: 2:48:35 ETA:   2:47:32
[0m[91m 97% (43362 of 44345) |################# | Elapsed Time: 2:48:45 ETA:   2:47:16
[0m[91m 97% (43363 of 44345) |################# | Elapsed Time: 2:48:56 ETA:   2:49:13
[0m[91m 97% (43364 of 44345) |################# | Elapsed Time: 2:49:06 ETA:   2:47:03
[0m[91m 97% (43365 of 44345) |################# | Elapsed Time: 2:49:16 ETA:   2:48:41
[0m[91m 97% (43366 of 44345) |################# | Elapsed Time: 2:49:26 ETA:   2:48:50
[0m[91m 97% (43367 of 44345) |################# | Elapsed Time: 2:49:37 ETA:   2:48:10
[0m[91m 97% (43368 of 44345) |################# | Elapsed Time: 2:49:47 ETA:   2:46:23
[0m[91m 97% (43369 of 44345) |################# | Elapsed Time: 2:49:57 ETA:   2:46:37
[0m[91m 97% (43370 of 44345) |################# | Elapsed Time: 2:50:07 ETA:   2:46:05
[0m[91m 97% (43371 of 44345) |################# | Elapsed Time: 2:50:18 ETA:   2:47:30
[0m[91m 97% (43372 of 44345) |################# | Elapsed Time: 2:50:28 ETA:   2:45:42
[0m[91m 97% (43373 of 44345) |################# | Elapsed Time: 2:50:38 ETA:   2:46:06
[0m[91m 97% (43374 of 44345) |################# | Elapsed Time: 2:50:48 ETA:   2:45:15
[0m[91m 97% (43375 of 44345) |################# | Elapsed Time: 2:50:59 ETA:   2:46:38
[0m[91m 97% (43376 of 44345) |################# | Elapsed Time: 2:51:09 ETA:   2:47:05
[0m[91m 97% (43377 of 44345) |################# | Elapsed Time: 2:51:19 ETA:   2:45:49
[0m[91m 97% (43378 of 44345) |################# | Elapsed Time: 2:51:30 ETA:   2:44:04
[0m[91m 97% (43379 of 44345) |################# | Elapsed Time: 2:51:40 ETA:   2:44:47
[0m[91m 97% (43380 of 44345) |################# | Elapsed Time: 2:51:50 ETA:   2:45:10
[0m[91m 97% (43381 of 44345) |################# | Elapsed Time: 2:52:00 ETA:   2:44:07
[0m[91m 97% (43382 of 44345) |################# | Elapsed Time: 2:52:10 ETA:   2:43:38
[0m[91m 97% (43383 of 44345) |################# | Elapsed Time: 2:52:21 ETA:   2:43:31
[0m[91m 97% (43384 of 44345) |################# | Elapsed Time: 2:52:31 ETA:   2:44:25
[0m[91m 97% (43385 of 44345) |################# | Elapsed Time: 2:52:41 ETA:   2:42:40
[0m[91m 97% (43386 of 44345) |################# | Elapsed Time: 2:52:51 ETA:   2:45:20
[0m[91m 97% (43387 of 44345) |################# | Elapsed Time: 2:53:02 ETA:   2:42:54
[0m[91m 97% (43388 of 44345) |################# | Elapsed Time: 2:53:12 ETA:   2:44:07
[0m[91m 97% (43389 of 44345) |################# | Elapsed Time: 2:53:22 ETA:   2:42:17
[0m[91m 97% (43390 of 44345) |################# | Elapsed Time: 2:53:32 ETA:   2:44:52
[0m[91m 97% (43391 of 44345) |################# | Elapsed Time: 2:53:43 ETA:   2:44:37
[0m[91m 97% (43392 of 44345) |################# | Elapsed Time: 2:53:53 ETA:   2:43:17
[0m[91m 97% (43393 of 44345) |################# | Elapsed Time: 2:54:03 ETA:   2:41:21
[0m[91m 97% (43394 of 44345) |################# | Elapsed Time: 2:54:13 ETA:   2:41:38
[0m[91m 97% (43395 of 44345) |################# | Elapsed Time: 2:54:24 ETA:   2:41:52
[0m[91m 97% (43396 of 44345) |################# | Elapsed Time: 2:54:34 ETA:   2:41:53
[0m[91m 97% (43397 of 44345) |################# | Elapsed Time: 2:54:44 ETA:   2:43:20
[0m[91m 97% (43398 of 44345) |################# | Elapsed Time: 2:54:55 ETA:   2:44:02
[0m[91m 97% (43399 of 44345) |################# | Elapsed Time: 2:55:05 ETA:   2:40:37
[0m[91m 97% (43400 of 44345) |################# | Elapsed Time: 2:55:15 ETA:   2:41:46
[0m[91m 97% (43401 of 44345) |################# | Elapsed Time: 2:55:25 ETA:   2:40:50
[0m[91m 97% (43402 of 44345) |################# | Elapsed Time: 2:55:36 ETA:   2:42:52
[0m[91m 97% (43403 of 44345) |################# | Elapsed Time: 2:55:46 ETA:   2:40:16
[0m[91m 97% (43404 of 44345) |################# | Elapsed Time: 2:55:56 ETA:   2:39:49
[0m[91m 97% (43405 of 44345) |################# | Elapsed Time: 2:56:06 ETA:   2:42:00
[0m[91m 97% (43406 of 44345) |################# | Elapsed Time: 2:56:17 ETA:   2:40:46
[0m[91m 97% (43407 of 44345) |################# | Elapsed Time: 2:56:27 ETA:   2:40:49
[0m[91m 97% (43408 of 44345) |################# | Elapsed Time: 2:56:37 ETA:   2:41:34
[0m[91m 97% (43409 of 44345) |################# | Elapsed Time: 2:56:48 ETA:   2:41:10
[0m[91m 97% (43410 of 44345) |################# | Elapsed Time: 2:56:58 ETA:   2:39:14
[0m[91m 97% (43411 of 44345) |################# | Elapsed Time: 2:57:08 ETA:   2:39:58
[0m[91m 97% (43412 of 44345) |################# | Elapsed Time: 2:57:19 ETA:   2:40:56
[0m[91m 97% (43413 of 44345) |################# | Elapsed Time: 2:57:29 ETA:   2:39:03
[0m[91m 97% (43414 of 44345) |################# | Elapsed Time: 2:57:39 ETA:   2:39:20
[0m[91m 97% (43415 of 44345) |################# | Elapsed Time: 2:57:49 ETA:   2:40:18
[0m[91m 97% (43416 of 44345) |################# | Elapsed Time: 2:58:00 ETA:   2:38:54
[0m[91m 97% (43417 of 44345) |################# | Elapsed Time: 2:58:10 ETA:   2:40:11
[0m[91m 97% (43418 of 44345) |################# | Elapsed Time: 2:58:20 ETA:   2:37:53
[0m[91m 97% (43419 of 44345) |################# | Elapsed Time: 2:58:31 ETA:   2:39:25
[0m[91m 97% (43420 of 44345) |################# | Elapsed Time: 2:58:41 ETA:   2:37:46
[0m[91m 97% (43421 of 44345) |################# | Elapsed Time: 2:58:51 ETA:   2:36:35
[0m[91m 97% (43422 of 44345) |################# | Elapsed Time: 2:59:01 ETA:   2:39:11
[0m[91m 97% (43423 of 44345) |################# | Elapsed Time: 2:59:12 ETA:   2:36:39
[0m[91m 97% (43424 of 44345) |################# | Elapsed Time: 2:59:22 ETA:   2:38:15
[0m[91m 97% (43425 of 44345) |################# | Elapsed Time: 2:59:32 ETA:   2:36:34
[0m[91m 97% (43426 of 44345) |################# | Elapsed Time: 2:59:42 ETA:   2:36:17
[0m[91m 97% (43427 of 44345) |################# | Elapsed Time: 2:59:53 ETA:   2:38:12
[0m[91m 97% (43428 of 44345) |################# | Elapsed Time: 3:00:03 ETA:   2:36:50
[0m[91m 97% (43429 of 44345) |################# | Elapsed Time: 3:00:13 ETA:   2:37:16
[0m[91m 97% (43430 of 44345) |################# | Elapsed Time: 3:00:23 ETA:   2:34:58
[0m[91m 97% (43431 of 44345) |################# | Elapsed Time: 3:00:33 ETA:   2:34:40
[0m[91m 97% (43432 of 44345) |################# | Elapsed Time: 3:00:44 ETA:   2:37:33
[0m[91m 97% (43433 of 44345) |################# | Elapsed Time: 3:00:54 ETA:   2:35:27
[0m[91m 97% (43434 of 44345) |################# | Elapsed Time: 3:01:04 ETA:   2:35:20
[0m[91m 97% (43435 of 44345) |################# | Elapsed Time: 3:01:14 ETA:   2:34:50
[0m[91m 97% (43436 of 44345) |################# | Elapsed Time: 3:01:25 ETA:   2:35:17
[0m[91m 97% (43437 of 44345) |################# | Elapsed Time: 3:01:35 ETA:   2:34:23
[0m[91m 97% (43438 of 44345) |################# | Elapsed Time: 3:01:45 ETA:   2:35:18
[0m[91m 97% (43439 of 44345) |################# | Elapsed Time: 3:01:55 ETA:   2:33:56
[0m[91m 97% (43440 of 44345) |################# | Elapsed Time: 3:02:06 ETA:   2:34:29
[0m[91m 97% (43441 of 44345) |################# | Elapsed Time: 3:02:16 ETA:   2:34:22
[0m[91m 97% (43442 of 44345) |################# | Elapsed Time: 3:02:26 ETA:   2:35:41
[0m[91m 97% (43443 of 44345) |################# | Elapsed Time: 3:02:36 ETA:   2:32:35
[0m[91m 97% (43444 of 44345) |################# | Elapsed Time: 3:02:47 ETA:   2:34:22
[0m[91m 97% (43445 of 44345) |################# | Elapsed Time: 3:02:57 ETA:   2:32:37
[0m[91m 97% (43446 of 44345) |################# | Elapsed Time: 3:03:07 ETA:   2:34:25
[0m[91m 97% (43447 of 44345) |################# | Elapsed Time: 3:03:17 ETA:   2:34:55
[0m[91m 97% (43448 of 44345) |################# | Elapsed Time: 3:03:28 ETA:   2:31:56
[0m[91m 97% (43449 of 44345) |################# | Elapsed Time: 3:03:38 ETA:   2:32:09
[0m[91m 97% (43450 of 44345) |################# | Elapsed Time: 3:03:48 ETA:   2:32:06
[0m[91m 97% (43451 of 44345) |################# | Elapsed Time: 3:03:58 ETA:   2:33:37
[0m[91m 97% (43452 of 44345) |################# | Elapsed Time: 3:04:09 ETA:   2:32:55
[0m[91m 97% (43453 of 44345) |################# | Elapsed Time: 3:04:19 ETA:   2:32:19
[0m[91m 97% (43454 of 44345) |################# | Elapsed Time: 3:04:29 ETA:   2:31:25
[0m[91m 97% (43455 of 44345) |################# | Elapsed Time: 3:04:39 ETA:   2:32:29
[0m[91m 97% (43456 of 44345) |################# | Elapsed Time: 3:04:50 ETA:   2:30:48
[0m[91m 97% (43457 of 44345) |################# | Elapsed Time: 3:05:00 ETA:   2:32:11
[0m[91m 97% (43458 of 44345) |################# | Elapsed Time: 3:05:10 ETA:   2:32:58
[0m[91m 98% (43459 of 44345) |################# | Elapsed Time: 3:05:21 ETA:   2:32:49
[0m[91m 98% (43460 of 44345) |################# | Elapsed Time: 3:05:31 ETA:   2:32:05
[0m[91m 98% (43461 of 44345) |################# | Elapsed Time: 3:05:41 ETA:   2:30:21
[0m[91m 98% (43462 of 44345) |################# | Elapsed Time: 3:05:51 ETA:   2:31:35
[0m[91m 98% (43463 of 44345) |################# | Elapsed Time: 3:06:02 ETA:   2:29:53
[0m[91m 98% (43464 of 44345) |################# | Elapsed Time: 3:06:12 ETA:   2:31:21
[0m[91m 98% (43465 of 44345) |################# | Elapsed Time: 3:06:22 ETA:   2:29:12
[0m[91m 98% (43466 of 44345) |################# | Elapsed Time: 3:06:32 ETA:   2:29:23
[0m[91m 98% (43467 of 44345) |################# | Elapsed Time: 3:06:43 ETA:   2:30:46
[0m[91m 98% (43468 of 44345) |################# | Elapsed Time: 3:06:53 ETA:   2:30:32
[0m[91m 98% (43469 of 44345) |################# | Elapsed Time: 3:07:03 ETA:   2:29:27
[0m[91m 98% (43470 of 44345) |################# | Elapsed Time: 3:07:13 ETA:   2:31:13
[0m[91m 98% (43471 of 44345) |################# | Elapsed Time: 3:07:24 ETA:   2:29:05
[0m[91m 98% (43472 of 44345) |################# | Elapsed Time: 3:07:34 ETA:   2:28:18
[0m[91m 98% (43473 of 44345) |################# | Elapsed Time: 3:07:44 ETA:   2:28:09
[0m[91m 98% (43474 of 44345) |################# | Elapsed Time: 3:07:54 ETA:   2:28:24
[0m[91m 98% (43475 of 44345) |################# | Elapsed Time: 3:08:04 ETA:   2:27:17
[0m[91m 98% (43476 of 44345) |################# | Elapsed Time: 3:08:15 ETA:   2:29:00
[0m[91m 98% (43477 of 44345) |################# | Elapsed Time: 3:08:25 ETA:   2:27:41
[0m[91m 98% (43478 of 44345) |################# | Elapsed Time: 3:08:35 ETA:   2:28:10
[0m[91m 98% (43479 of 44345) |################# | Elapsed Time: 3:08:45 ETA:   2:28:06
[0m[91m 98% (43480 of 44345) |################# | Elapsed Time: 3:08:56 ETA:   2:31:56
[0m[91m 98% (43481 of 44345) |################# | Elapsed Time: 3:09:06 ETA:   2:26:33
[0m[91m 98% (43482 of 44345) |################# | Elapsed Time: 3:09:16 ETA:   2:27:23
[0m[91m 98% (43483 of 44345) |################# | Elapsed Time: 3:09:28 ETA:   2:43:21
[0m[91m 98% (43484 of 44345) |################# | Elapsed Time: 3:09:38 ETA:   2:27:56
[0m[91m 98% (43485 of 44345) |################# | Elapsed Time: 3:09:48 ETA:   2:27:26
[0m[91m 98% (43486 of 44345) |################# | Elapsed Time: 3:09:59 ETA:   2:26:07
[0m[91m 98% (43487 of 44345) |################# | Elapsed Time: 3:10:09 ETA:   2:27:40
[0m[91m 98% (43488 of 44345) |################# | Elapsed Time: 3:10:19 ETA:   2:28:26
[0m[91m 98% (43489 of 44345) |################# | Elapsed Time: 3:10:29 ETA:   2:24:52
[0m[91m 98% (43490 of 44345) |################# | Elapsed Time: 3:10:40 ETA:   2:25:37
[0m[91m 98% (43491 of 44345) |################# | Elapsed Time: 3:10:50 ETA:   2:27:18
[0m[91m 98% (43492 of 44345) |################# | Elapsed Time: 3:11:00 ETA:   2:26:29
[0m[91m 98% (43493 of 44345) |################# | Elapsed Time: 3:11:10 ETA:   2:24:31
[0m[91m 98% (43494 of 44345) |################# | Elapsed Time: 3:11:21 ETA:   2:25:55
[0m[91m 98% (43495 of 44345) |################# | Elapsed Time: 3:11:31 ETA:   2:24:24
[0m[91m 98% (43496 of 44345) |################# | Elapsed Time: 3:11:41 ETA:   2:24:16
[0m[91m 98% (43497 of 44345) |################# | Elapsed Time: 3:11:51 ETA:   2:25:31
[0m[91m 98% (43498 of 44345) |################# | Elapsed Time: 3:12:02 ETA:   2:25:42
[0m[91m 98% (43499 of 44345) |################# | Elapsed Time: 3:12:12 ETA:   2:24:29
[0m[91m 98% (43500 of 44345) |################# | Elapsed Time: 3:12:22 ETA:   2:23:34
[0m[91m 98% (43501 of 44345) |################# | Elapsed Time: 3:12:32 ETA:   2:22:50
[0m[91m 98% (43502 of 44345) |################# | Elapsed Time: 3:12:43 ETA:   2:24:37
[0m[91m 98% (43503 of 44345) |################# | Elapsed Time: 3:12:53 ETA:   2:22:26
[0m[91m 98% (43504 of 44345) |################# | Elapsed Time: 3:13:03 ETA:   2:24:33
[0m[91m 98% (43505 of 44345) |################# | Elapsed Time: 3:13:13 ETA:   2:22:49
[0m[91m 98% (43506 of 44345) |################# | Elapsed Time: 3:13:24 ETA:   2:22:54
[0m[91m 98% (43507 of 44345) |################# | Elapsed Time: 3:13:34 ETA:   2:23:32
[0m[91m 98% (43508 of 44345) |################# | Elapsed Time: 3:13:44 ETA:   2:22:55
[0m[91m 98% (43509 of 44345) |################# | Elapsed Time: 3:13:54 ETA:   2:23:54
[0m[91m 98% (43510 of 44345) |################# | Elapsed Time: 3:14:05 ETA:   2:23:17
[0m[91m 98% (43511 of 44345) |################# | Elapsed Time: 3:14:15 ETA:   2:22:04
[0m[91m 98% (43512 of 44345) |################# | Elapsed Time: 3:14:25 ETA:   2:21:52
[0m[91m 98% (43513 of 44345) |################# | Elapsed Time: 3:14:36 ETA:   2:23:32
[0m[91m 98% (43514 of 44345) |################# | Elapsed Time: 3:14:46 ETA:   2:21:31
[0m[91m 98% (43515 of 44345) |################# | Elapsed Time: 3:14:56 ETA:   2:22:27
[0m[91m 98% (43516 of 44345) |################# | Elapsed Time: 3:15:06 ETA:   2:23:04
[0m[91m 98% (43517 of 44345) |################# | Elapsed Time: 3:15:17 ETA:   2:20:49
[0m[91m 98% (43518 of 44345) |################# | Elapsed Time: 3:15:27 ETA:   2:22:00
[0m[91m 98% (43519 of 44345) |################# | Elapsed Time: 3:15:37 ETA:   2:21:43
[0m[91m 98% (43520 of 44345) |################# | Elapsed Time: 3:15:48 ETA:   2:22:11
[0m[91m 98% (43521 of 44345) |################# | Elapsed Time: 3:15:58 ETA:   2:19:53
[0m[91m 98% (43522 of 44345) |################# | Elapsed Time: 3:16:08 ETA:   2:20:35
[0m[91m 98% (43523 of 44345) |################# | Elapsed Time: 3:16:18 ETA:   2:21:02
[0m[91m 98% (43524 of 44345) |################# | Elapsed Time: 3:16:28 ETA:   2:20:06
[0m[91m 98% (43525 of 44345) |################# | Elapsed Time: 3:16:39 ETA:   2:21:20
[0m[91m 98% (43526 of 44345) |################# | Elapsed Time: 3:16:49 ETA:   2:19:46
[0m[91m 98% (43527 of 44345) |################# | Elapsed Time: 3:16:59 ETA:   2:20:56
[0m[91m 98% (43528 of 44345) |################# | Elapsed Time: 3:17:10 ETA:   2:18:54
[0m[91m 98% (43529 of 44345) |################# | Elapsed Time: 3:17:20 ETA:   2:20:05
[0m[91m 98% (43530 of 44345) |################# | Elapsed Time: 3:17:30 ETA:   2:22:48
[0m[91m 98% (43531 of 44345) |################# | Elapsed Time: 3:17:41 ETA:   2:22:08
[0m[91m 98% (43532 of 44345) |################# | Elapsed Time: 3:17:51 ETA:   2:23:22
[0m[91m 98% (43533 of 44345) |################# | Elapsed Time: 3:18:02 ETA:   2:18:30
[0m[91m 98% (43534 of 44345) |################# | Elapsed Time: 3:18:12 ETA:   2:17:39
[0m[91m 98% (43535 of 44345) |################# | Elapsed Time: 3:18:22 ETA:   2:18:23
[0m[91m 98% (43536 of 44345) |################# | Elapsed Time: 3:18:33 ETA:   2:21:49
[0m[91m 98% (43537 of 44345) |################# | Elapsed Time: 3:18:43 ETA:   2:20:12
[0m[91m 98% (43538 of 44345) |################# | Elapsed Time: 3:18:53 ETA:   2:17:40
[0m[91m 98% (43539 of 44345) |################# | Elapsed Time: 3:19:04 ETA:   2:17:38
[0m[91m 98% (43540 of 44345) |################# | Elapsed Time: 3:19:14 ETA:   2:17:04
[0m[91m 98% (43541 of 44345) |################# | Elapsed Time: 3:19:24 ETA:   2:17:57
[0m[91m 98% (43542 of 44345) |################# | Elapsed Time: 3:19:34 ETA:   2:17:21
[0m[91m 98% (43543 of 44345) |################# | Elapsed Time: 3:19:45 ETA:   2:16:19
[0m[91m 98% (43544 of 44345) |################# | Elapsed Time: 3:19:55 ETA:   2:16:19
[0m[91m 98% (43545 of 44345) |################# | Elapsed Time: 3:20:05 ETA:   2:18:22
[0m[91m 98% (43546 of 44345) |################# | Elapsed Time: 3:20:15 ETA:   2:15:42
[0m[91m 98% (43547 of 44345) |################# | Elapsed Time: 3:20:26 ETA:   2:19:01
[0m[91m 98% (43548 of 44345) |################# | Elapsed Time: 3:20:36 ETA:   2:16:29
[0m[91m 98% (43549 of 44345) |################# | Elapsed Time: 3:20:46 ETA:   2:17:12
[0m[91m 98% (43550 of 44345) |################# | Elapsed Time: 3:20:57 ETA:   2:15:31
[0m[91m 98% (43551 of 44345) |################# | Elapsed Time: 3:21:07 ETA:   2:14:47
[0m[91m 98% (43552 of 44345) |################# | Elapsed Time: 3:21:17 ETA:   2:16:11
[0m[91m 98% (43553 of 44345) |################# | Elapsed Time: 3:21:27 ETA:   2:16:31
[0m[91m 98% (43554 of 44345) |################# | Elapsed Time: 3:21:38 ETA:   2:14:08
[0m[91m 98% (43555 of 44345) |################# | Elapsed Time: 3:21:48 ETA:   2:13:52
[0m[91m 98% (43556 of 44345) |################# | Elapsed Time: 3:21:58 ETA:   2:15:47
[0m[91m 98% (43557 of 44345) |################# | Elapsed Time: 3:22:08 ETA:   2:13:50
[0m[91m 98% (43558 of 44345) |################# | Elapsed Time: 3:22:19 ETA:   2:13:47
[0m[91m 98% (43559 of 44345) |################# | Elapsed Time: 3:22:29 ETA:   2:13:13
[0m[91m 98% (43560 of 44345) |################# | Elapsed Time: 3:22:39 ETA:   2:14:02
[0m[91m 98% (43561 of 44345) |################# | Elapsed Time: 3:22:49 ETA:   2:14:32
[0m[91m 98% (43562 of 44345) |################# | Elapsed Time: 3:23:00 ETA:   2:14:05
[0m[91m 98% (43563 of 44345) |################# | Elapsed Time: 3:23:10 ETA:   2:13:17
[0m[91m 98% (43564 of 44345) |################# | Elapsed Time: 3:23:20 ETA:   2:12:51
[0m[91m 98% (43565 of 44345) |################# | Elapsed Time: 3:23:30 ETA:   2:13:07
[0m[91m 98% (43566 of 44345) |################# | Elapsed Time: 3:23:40 ETA:   2:13:30
[0m[91m 98% (43567 of 44345) |################# | Elapsed Time: 3:23:51 ETA:   2:14:04
[0m[91m 98% (43568 of 44345) |################# | Elapsed Time: 3:24:01 ETA:   2:12:36
[0m[91m 98% (43569 of 44345) |################# | Elapsed Time: 3:24:11 ETA:   2:13:49
[0m[91m 98% (43570 of 44345) |################# | Elapsed Time: 3:24:22 ETA:   2:12:24
[0m[91m 98% (43571 of 44345) |################# | Elapsed Time: 3:24:32 ETA:   2:11:58
[0m[91m 98% (43572 of 44345) |################# | Elapsed Time: 3:24:42 ETA:   2:12:24
[0m[91m 98% (43573 of 44345) |################# | Elapsed Time: 3:24:52 ETA:   2:11:17
[0m[91m 98% (43574 of 44345) |################# | Elapsed Time: 3:25:03 ETA:   2:11:41
[0m[91m 98% (43575 of 44345) |################# | Elapsed Time: 3:25:13 ETA:   2:12:47
[0m[91m 98% (43576 of 44345) |################# | Elapsed Time: 3:25:23 ETA:   2:10:32
[0m[91m 98% (43577 of 44345) |################# | Elapsed Time: 3:25:34 ETA:   2:17:56
[0m[91m 98% (43578 of 44345) |################# | Elapsed Time: 3:25:45 ETA:   2:21:49
[0m[91m 98% (43579 of 44345) |################# | Elapsed Time: 3:25:56 ETA:   2:16:10
[0m[91m 98% (43580 of 44345) |################# | Elapsed Time: 3:26:06 ETA:   2:15:23
[0m[91m 98% (43581 of 44345) |################# | Elapsed Time: 3:26:17 ETA:   2:17:19
[0m[91m 98% (43582 of 44345) |################# | Elapsed Time: 3:26:28 ETA:   2:15:54
[0m[91m 98% (43583 of 44345) |################# | Elapsed Time: 3:26:38 ETA:   2:14:19
[0m[91m 98% (43584 of 44345) |################# | Elapsed Time: 3:26:49 ETA:   2:09:27
[0m[91m 98% (43585 of 44345) |################# | Elapsed Time: 3:26:59 ETA:   2:10:00
[0m[91m 98% (43586 of 44345) |################# | Elapsed Time: 3:27:09 ETA:   2:10:47
[0m[91m 98% (43587 of 44345) |################# | Elapsed Time: 3:27:19 ETA:   2:08:23
[0m[91m 98% (43588 of 44345) |################# | Elapsed Time: 3:27:30 ETA:   2:08:39
[0m[91m 98% (43589 of 44345) |################# | Elapsed Time: 3:27:40 ETA:   2:13:37
[0m[91m 98% (43590 of 44345) |################# | Elapsed Time: 3:27:50 ETA:   2:10:17
[0m[91m 98% (43591 of 44345) |################# | Elapsed Time: 3:28:01 ETA:   2:07:39
[0m[91m 98% (43592 of 44345) |################# | Elapsed Time: 3:28:11 ETA:   2:08:34
[0m[91m 98% (43593 of 44345) |################# | Elapsed Time: 3:28:21 ETA:   2:09:17
[0m[91m 98% (43594 of 44345) |################# | Elapsed Time: 3:28:32 ETA:   2:09:19
[0m[91m 98% (43595 of 44345) |################# | Elapsed Time: 3:28:42 ETA:   2:09:18
[0m[91m 98% (43596 of 44345) |################# | Elapsed Time: 3:28:52 ETA:   2:09:08
[0m[91m 98% (43597 of 44345) |################# | Elapsed Time: 3:29:02 ETA:   2:06:48
[0m[91m 98% (43598 of 44345) |################# | Elapsed Time: 3:29:13 ETA:   2:07:40
[0m[91m 98% (43599 of 44345) |################# | Elapsed Time: 3:29:23 ETA:   2:07:50
[0m[91m 98% (43600 of 44345) |################# | Elapsed Time: 3:29:33 ETA:   2:06:29
[0m[91m 98% (43601 of 44345) |################# | Elapsed Time: 3:29:43 ETA:   2:07:14
[0m[91m 98% (43602 of 44345) |################# | Elapsed Time: 3:29:54 ETA:   2:07:22
[0m[91m 98% (43603 of 44345) |################# | Elapsed Time: 3:30:04 ETA:   2:07:14
[0m[91m 98% (43604 of 44345) |################# | Elapsed Time: 3:30:14 ETA:   2:05:35
[0m[91m 98% (43605 of 44345) |################# | Elapsed Time: 3:30:24 ETA:   2:06:19
[0m[91m 98% (43606 of 44345) |################# | Elapsed Time: 3:30:35 ETA:   2:05:31
[0m[91m 98% (43607 of 44345) |################# | Elapsed Time: 3:30:45 ETA:   2:06:43
[0m[91m 98% (43608 of 44345) |################# | Elapsed Time: 3:30:55 ETA:   2:05:12
[0m[91m 98% (43609 of 44345) |################# | Elapsed Time: 3:31:05 ETA:   2:04:48
[0m[91m 98% (43610 of 44345) |################# | Elapsed Time: 3:31:15 ETA:   2:04:52
[0m[91m 98% (43611 of 44345) |################# | Elapsed Time: 3:31:26 ETA:   2:06:04
[0m[91m 98% (43612 of 44345) |################# | Elapsed Time: 3:31:36 ETA:   2:04:55
[0m[91m 98% (43613 of 44345) |################# | Elapsed Time: 3:31:46 ETA:   2:05:34
[0m[91m 98% (43614 of 44345) |################# | Elapsed Time: 3:31:56 ETA:   2:04:01
[0m[91m 98% (43615 of 44345) |################# | Elapsed Time: 3:32:07 ETA:   2:05:36
[0m[91m 98% (43616 of 44345) |################# | Elapsed Time: 3:32:17 ETA:   2:03:19
[0m[91m 98% (43617 of 44345) |################# | Elapsed Time: 3:32:27 ETA:   2:05:01
[0m[91m 98% (43618 of 44345) |################# | Elapsed Time: 3:32:37 ETA:   2:04:04
[0m[91m 98% (43619 of 44345) |################# | Elapsed Time: 3:32:48 ETA:   2:04:41
[0m[91m 98% (43620 of 44345) |################# | Elapsed Time: 3:32:58 ETA:   2:04:09
[0m[91m 98% (43621 of 44345) |################# | Elapsed Time: 3:33:08 ETA:   2:04:38
[0m[91m 98% (43622 of 44345) |################# | Elapsed Time: 3:33:19 ETA:   2:03:36
[0m[91m 98% (43623 of 44345) |################# | Elapsed Time: 3:33:29 ETA:   2:02:14
[0m[91m 98% (43624 of 44345) |################# | Elapsed Time: 3:33:39 ETA:   2:02:29
[0m[91m 98% (43625 of 44345) |################# | Elapsed Time: 3:33:49 ETA:   2:01:57
[0m[91m 98% (43626 of 44345) |################# | Elapsed Time: 3:33:59 ETA:   2:03:37
[0m[91m 98% (43627 of 44345) |################# | Elapsed Time: 3:34:10 ETA:   2:02:23
[0m[91m 98% (43628 of 44345) |################# | Elapsed Time: 3:34:20 ETA:   2:01:34
[0m[91m 98% (43629 of 44345) |################# | Elapsed Time: 3:34:30 ETA:   2:02:48
[0m[91m 98% (43630 of 44345) |################# | Elapsed Time: 3:34:40 ETA:   2:02:56
[0m[91m 98% (43631 of 44345) |################# | Elapsed Time: 3:34:51 ETA:   2:02:43
[0m[91m 98% (43632 of 44345) |################# | Elapsed Time: 3:35:01 ETA:   2:02:21
[0m[91m 98% (43633 of 44345) |################# | Elapsed Time: 3:35:11 ETA:   2:02:14
[0m[91m 98% (43634 of 44345) |################# | Elapsed Time: 3:35:22 ETA:   2:00:46
[0m[91m 98% (43635 of 44345) |################# | Elapsed Time: 3:35:32 ETA:   2:00:33
[0m[91m 98% (43636 of 44345) |################# | Elapsed Time: 3:35:42 ETA:   2:01:54
[0m[91m 98% (43637 of 44345) |################# | Elapsed Time: 3:35:52 ETA:   2:01:36
[0m[91m 98% (43638 of 44345) |################# | Elapsed Time: 3:36:03 ETA:   2:01:13
[0m[91m 98% (43639 of 44345) |################# | Elapsed Time: 3:36:13 ETA:   2:01:06
[0m[91m 98% (43640 of 44345) |################# | Elapsed Time: 3:36:23 ETA:   1:59:21
[0m[91m 98% (43641 of 44345) |################# | Elapsed Time: 3:36:33 ETA:   1:59:25
[0m[91m 98% (43642 of 44345) |################# | Elapsed Time: 3:36:44 ETA:   2:00:12
[0m[91m 98% (43643 of 44345) |################# | Elapsed Time: 3:36:54 ETA:   1:59:03
[0m[91m 98% (43644 of 44345) |################# | Elapsed Time: 3:37:04 ETA:   2:00:11
[0m[91m 98% (43645 of 44345) |################# | Elapsed Time: 3:37:14 ETA:   1:58:38
[0m[91m 98% (43646 of 44345) |################# | Elapsed Time: 3:37:24 ETA:   1:59:17
[0m[91m 98% (43647 of 44345) |################# | Elapsed Time: 3:37:35 ETA:   2:00:24
[0m[91m 98% (43648 of 44345) |################# | Elapsed Time: 3:37:45 ETA:   1:59:18
[0m[91m 98% (43649 of 44345) |################# | Elapsed Time: 3:37:55 ETA:   1:58:03
[0m[91m 98% (43650 of 44345) |################# | Elapsed Time: 3:38:05 ETA:   1:58:04
[0m[91m 98% (43651 of 44345) |################# | Elapsed Time: 3:38:16 ETA:   1:59:02
[0m[91m 98% (43652 of 44345) |################# | Elapsed Time: 3:38:26 ETA:   1:57:30
[0m[91m 98% (43653 of 44345) |################# | Elapsed Time: 3:38:36 ETA:   1:58:14
[0m[91m 98% (43654 of 44345) |################# | Elapsed Time: 3:38:46 ETA:   1:59:02
[0m[91m 98% (43655 of 44345) |################# | Elapsed Time: 3:38:57 ETA:   1:58:10
[0m[91m 98% (43656 of 44345) |################# | Elapsed Time: 3:39:07 ETA:   1:57:53
[0m[91m 98% (43657 of 44345) |################# | Elapsed Time: 3:39:17 ETA:   1:57:49
[0m[91m 98% (43658 of 44345) |################# | Elapsed Time: 3:39:27 ETA:   1:57:05
[0m[91m 98% (43659 of 44345) |################# | Elapsed Time: 3:39:38 ETA:   1:57:04
[0m[91m 98% (43660 of 44345) |################# | Elapsed Time: 3:39:48 ETA:   1:57:49
[0m[91m 98% (43661 of 44345) |################# | Elapsed Time: 3:39:58 ETA:   1:56:41
[0m[91m 98% (43662 of 44345) |################# | Elapsed Time: 3:40:09 ETA:   1:56:53
[0m[91m 98% (43663 of 44345) |################# | Elapsed Time: 3:40:19 ETA:   1:56:31
[0m[91m 98% (43664 of 44345) |################# | Elapsed Time: 3:40:29 ETA:   1:56:46
[0m[91m 98% (43665 of 44345) |################# | Elapsed Time: 3:40:39 ETA:   1:55:39
[0m[91m 98% (43666 of 44345) |################# | Elapsed Time: 3:40:50 ETA:   1:56:14
[0m[91m 98% (43667 of 44345) |################# | Elapsed Time: 3:41:00 ETA:   1:56:17
[0m[91m 98% (43668 of 44345) |################# | Elapsed Time: 3:41:10 ETA:   1:56:32
[0m[91m 98% (43669 of 44345) |################# | Elapsed Time: 3:41:21 ETA:   1:56:03
[0m[91m 98% (43670 of 44345) |################# | Elapsed Time: 3:41:31 ETA:   1:56:24
[0m[91m 98% (43671 of 44345) |################# | Elapsed Time: 3:41:41 ETA:   1:57:12
[0m[91m 98% (43672 of 44345) |################# | Elapsed Time: 3:41:52 ETA:   1:54:57
[0m[91m 98% (43673 of 44345) |################# | Elapsed Time: 3:42:02 ETA:   1:55:23
[0m[91m 98% (43674 of 44345) |################# | Elapsed Time: 3:42:12 ETA:   1:55:29
[0m[91m 98% (43675 of 44345) |################# | Elapsed Time: 3:42:22 ETA:   1:53:35
[0m[91m 98% (43676 of 44345) |################# | Elapsed Time: 3:42:33 ETA:   1:54:18
[0m[91m 98% (43677 of 44345) |################# | Elapsed Time: 3:42:43 ETA:   1:54:44
[0m[91m 98% (43678 of 44345) |################# | Elapsed Time: 3:42:53 ETA:   1:54:53
[0m[91m 98% (43679 of 44345) |################# | Elapsed Time: 3:43:03 ETA:   1:52:47
[0m[91m 98% (43680 of 44345) |################# | Elapsed Time: 3:43:14 ETA:   1:53:21
[0m[91m 98% (43681 of 44345) |################# | Elapsed Time: 3:43:24 ETA:   1:53:52
[0m[91m 98% (43682 of 44345) |################# | Elapsed Time: 3:43:34 ETA:   1:53:53
[0m[91m 98% (43683 of 44345) |################# | Elapsed Time: 3:43:45 ETA:   1:54:02
[0m[91m 98% (43684 of 44345) |################# | Elapsed Time: 3:43:55 ETA:   1:53:25
[0m[91m 98% (43685 of 44345) |################# | Elapsed Time: 3:44:05 ETA:   1:51:47
[0m[91m 98% (43686 of 44345) |################# | Elapsed Time: 3:44:15 ETA:   1:51:33
[0m[91m 98% (43687 of 44345) |################# | Elapsed Time: 3:44:25 ETA:   1:53:16
[0m[91m 98% (43688 of 44345) |################# | Elapsed Time: 3:44:36 ETA:   1:52:25
[0m[91m 98% (43689 of 44345) |################# | Elapsed Time: 3:44:46 ETA:   1:51:20
[0m[91m 98% (43690 of 44345) |################# | Elapsed Time: 3:44:56 ETA:   1:51:17
[0m[91m 98% (43691 of 44345) |################# | Elapsed Time: 3:45:06 ETA:   1:50:42
[0m[91m 98% (43692 of 44345) |################# | Elapsed Time: 3:45:17 ETA:   1:52:20
[0m[91m 98% (43693 of 44345) |################# | Elapsed Time: 3:45:27 ETA:   1:50:56
[0m[91m 98% (43694 of 44345) |################# | Elapsed Time: 3:45:37 ETA:   1:50:52
[0m[91m 98% (43695 of 44345) |################# | Elapsed Time: 3:45:47 ETA:   1:50:35
[0m[91m 98% (43696 of 44345) |################# | Elapsed Time: 3:45:58 ETA:   1:51:33
[0m[91m 98% (43697 of 44345) |################# | Elapsed Time: 3:46:08 ETA:   1:50:12
[0m[91m 98% (43698 of 44345) |################# | Elapsed Time: 3:46:18 ETA:   1:49:57
[0m[91m 98% (43699 of 44345) |################# | Elapsed Time: 3:46:28 ETA:   1:50:16
[0m[91m 98% (43700 of 44345) |################# | Elapsed Time: 3:46:39 ETA:   1:51:09
[0m[91m 98% (43701 of 44345) |################# | Elapsed Time: 3:46:49 ETA:   1:51:20
[0m[91m 98% (43702 of 44345) |################# | Elapsed Time: 3:46:59 ETA:   1:50:46
[0m[91m 98% (43703 of 44345) |################# | Elapsed Time: 3:47:09 ETA:   1:48:40
[0m[91m 98% (43704 of 44345) |################# | Elapsed Time: 3:47:20 ETA:   1:48:53
[0m[91m 98% (43705 of 44345) |################# | Elapsed Time: 3:47:30 ETA:   1:49:55
[0m[91m 98% (43706 of 44345) |################# | Elapsed Time: 3:47:40 ETA:   1:48:46
[0m[91m 98% (43707 of 44345) |################# | Elapsed Time: 3:47:50 ETA:   1:49:11
[0m[91m 98% (43708 of 44345) |################# | Elapsed Time: 3:48:01 ETA:   1:49:28
[0m[91m 98% (43709 of 44345) |################# | Elapsed Time: 3:48:11 ETA:   1:48:52
[0m[91m 98% (43710 of 44345) |################# | Elapsed Time: 3:48:21 ETA:   1:49:03
[0m[91m 98% (43711 of 44345) |################# | Elapsed Time: 3:48:32 ETA:   1:48:46
[0m[91m 98% (43712 of 44345) |################# | Elapsed Time: 3:48:42 ETA:   1:47:35
[0m[91m 98% (43713 of 44345) |################# | Elapsed Time: 3:48:52 ETA:   1:47:16
[0m[91m 98% (43714 of 44345) |################# | Elapsed Time: 3:49:02 ETA:   1:46:57
[0m[91m 98% (43715 of 44345) |################# | Elapsed Time: 3:49:12 ETA:   1:47:46
[0m[91m 98% (43716 of 44345) |################# | Elapsed Time: 3:49:23 ETA:   1:48:06
[0m[91m 98% (43717 of 44345) |################# | Elapsed Time: 3:49:33 ETA:   1:47:26
[0m[91m 98% (43718 of 44345) |################# | Elapsed Time: 3:49:43 ETA:   1:47:49
[0m[91m 98% (43719 of 44345) |################# | Elapsed Time: 3:49:54 ETA:   1:47:50
[0m[91m 98% (43720 of 44345) |################# | Elapsed Time: 3:50:04 ETA:   1:46:19
[0m[91m 98% (43721 of 44345) |################# | Elapsed Time: 3:50:14 ETA:   1:46:19
[0m[91m 98% (43722 of 44345) |################# | Elapsed Time: 3:50:24 ETA:   1:46:47
[0m[91m 98% (43723 of 44345) |################# | Elapsed Time: 3:50:35 ETA:   1:45:20
[0m[91m 98% (43724 of 44345) |################# | Elapsed Time: 3:50:45 ETA:   1:45:51
[0m[91m 98% (43725 of 44345) |################# | Elapsed Time: 3:50:55 ETA:   1:45:09
[0m[91m 98% (43726 of 44345) |################# | Elapsed Time: 3:51:05 ETA:   1:46:02
[0m[91m 98% (43727 of 44345) |################# | Elapsed Time: 3:51:16 ETA:   1:46:20
[0m[91m 98% (43728 of 44345) |################# | Elapsed Time: 3:51:26 ETA:   1:44:39
[0m[91m 98% (43729 of 44345) |################# | Elapsed Time: 3:51:36 ETA:   1:44:50
[0m[91m 98% (43730 of 44345) |################# | Elapsed Time: 3:51:46 ETA:   1:44:55
[0m[91m 98% (43731 of 44345) |################# | Elapsed Time: 3:51:56 ETA:   1:45:04
[0m[91m 98% (43732 of 44345) |################# | Elapsed Time: 3:52:07 ETA:   1:44:44
[0m[91m 98% (43733 of 44345) |################# | Elapsed Time: 3:52:17 ETA:   1:43:49
[0m[91m 98% (43734 of 44345) |################# | Elapsed Time: 3:52:27 ETA:   1:45:08
[0m[91m 98% (43735 of 44345) |################# | Elapsed Time: 3:52:37 ETA:   1:43:43
[0m[91m 98% (43736 of 44345) |################# | Elapsed Time: 3:52:48 ETA:   1:43:46
[0m[91m 98% (43737 of 44345) |################# | Elapsed Time: 3:52:58 ETA:   1:43:34
[0m[91m 98% (43738 of 44345) |################# | Elapsed Time: 3:53:08 ETA:   1:44:29
[0m[91m 98% (43739 of 44345) |################# | Elapsed Time: 3:53:18 ETA:   1:44:14
[0m[91m 98% (43740 of 44345) |################# | Elapsed Time: 3:53:29 ETA:   1:43:14
[0m[91m 98% (43741 of 44345) |################# | Elapsed Time: 3:53:39 ETA:   1:42:52
[0m[91m 98% (43742 of 44345) |################# | Elapsed Time: 3:53:49 ETA:   1:42:02
[0m[91m 98% (43743 of 44345) |################# | Elapsed Time: 3:53:59 ETA:   1:41:58
[0m[91m 98% (43744 of 44345) |################# | Elapsed Time: 3:54:10 ETA:   1:42:58
[0m[91m 98% (43745 of 44345) |################# | Elapsed Time: 3:54:20 ETA:   1:43:06
[0m[91m 98% (43746 of 44345) |################# | Elapsed Time: 3:54:30 ETA:   1:42:23
[0m[91m 98% (43747 of 44345) |################# | Elapsed Time: 3:54:40 ETA:   1:42:38
[0m[91m 98% (43748 of 44345) |################# | Elapsed Time: 3:54:51 ETA:   1:42:51
[0m[91m 98% (43749 of 44345) |################# | Elapsed Time: 3:55:01 ETA:   1:42:40
[0m[91m 98% (43750 of 44345) |################# | Elapsed Time: 3:55:11 ETA:   1:41:23
[0m[91m 98% (43751 of 44345) |################# | Elapsed Time: 3:55:21 ETA:   1:40:52
[0m[91m 98% (43752 of 44345) |################# | Elapsed Time: 3:55:32 ETA:   1:42:11
[0m[91m 98% (43753 of 44345) |################# | Elapsed Time: 3:55:42 ETA:   1:42:03
[0m[91m 98% (43754 of 44345) |################# | Elapsed Time: 3:55:52 ETA:   1:41:10
[0m[91m 98% (43755 of 44345) |################# | Elapsed Time: 3:56:03 ETA:   1:40:59
[0m[91m 98% (43756 of 44345) |################# | Elapsed Time: 3:56:13 ETA:   1:40:10
[0m[91m 98% (43757 of 44345) |################# | Elapsed Time: 3:56:23 ETA:   1:39:38
[0m[91m 98% (43758 of 44345) |################# | Elapsed Time: 3:56:33 ETA:   1:40:58
[0m[91m 98% (43759 of 44345) |################# | Elapsed Time: 3:56:44 ETA:   1:40:03
[0m[91m 98% (43760 of 44345) |################# | Elapsed Time: 3:56:54 ETA:   1:40:30
[0m[91m 98% (43761 of 44345) |################# | Elapsed Time: 3:57:04 ETA:   1:40:18
[0m[91m 98% (43762 of 44345) |################# | Elapsed Time: 3:57:14 ETA:   1:39:12
[0m[91m 98% (43763 of 44345) |################# | Elapsed Time: 3:57:25 ETA:   1:38:31
[0m[91m 98% (43764 of 44345) |################# | Elapsed Time: 3:57:35 ETA:   1:38:58
[0m[91m 98% (43765 of 44345) |################# | Elapsed Time: 3:57:45 ETA:   1:38:46
[0m[91m 98% (43766 of 44345) |################# | Elapsed Time: 3:57:55 ETA:   1:38:51
[0m[91m 98% (43767 of 44345) |################# | Elapsed Time: 3:58:06 ETA:   1:38:40
[0m[91m 98% (43768 of 44345) |################# | Elapsed Time: 3:58:16 ETA:   1:39:31
[0m[91m 98% (43769 of 44345) |################# | Elapsed Time: 3:58:26 ETA:   1:38:11
[0m[91m 98% (43770 of 44345) |################# | Elapsed Time: 3:58:36 ETA:   1:39:06
[0m[91m 98% (43771 of 44345) |################# | Elapsed Time: 3:58:47 ETA:   1:37:25
[0m[91m 98% (43772 of 44345) |################# | Elapsed Time: 3:58:57 ETA:   1:37:27
[0m[91m 98% (43773 of 44345) |################# | Elapsed Time: 3:59:07 ETA:   1:37:24
[0m[91m 98% (43774 of 44345) |################# | Elapsed Time: 3:59:17 ETA:   1:36:49
[0m[91m 98% (43775 of 44345) |################# | Elapsed Time: 3:59:27 ETA:   1:37:22
[0m[91m 98% (43776 of 44345) |################# | Elapsed Time: 3:59:38 ETA:   1:37:50
[0m[91m 98% (43777 of 44345) |################# | Elapsed Time: 3:59:48 ETA:   1:36:13
[0m[91m 98% (43778 of 44345) |################# | Elapsed Time: 3:59:58 ETA:   1:37:06
[0m[91m 98% (43779 of 44345) |################# | Elapsed Time: 4:00:09 ETA:   1:36:58
[0m[91m 98% (43780 of 44345) |################# | Elapsed Time: 4:00:19 ETA:   1:37:03
[0m[91m 98% (43781 of 44345) |################# | Elapsed Time: 4:00:29 ETA:   1:37:00
[0m[91m 98% (43782 of 44345) |################# | Elapsed Time: 4:00:39 ETA:   1:35:37
[0m[91m 98% (43783 of 44345) |################# | Elapsed Time: 4:00:50 ETA:   1:36:40
[0m[91m 98% (43784 of 44345) |################# | Elapsed Time: 4:01:00 ETA:   1:34:58
[0m[91m 98% (43785 of 44345) |################# | Elapsed Time: 4:01:10 ETA:   1:35:30
[0m[91m 98% (43786 of 44345) |################# | Elapsed Time: 4:01:20 ETA:   1:36:23
[0m[91m 98% (43787 of 44345) |################# | Elapsed Time: 4:01:31 ETA:   1:35:28
[0m[91m 98% (43788 of 44345) |################# | Elapsed Time: 4:01:41 ETA:   1:35:34
[0m[91m 98% (43789 of 44345) |################# | Elapsed Time: 4:01:51 ETA:   1:35:35
[0m[91m 98% (43790 of 44345) |################# | Elapsed Time: 4:02:02 ETA:   1:34:50
[0m[91m 98% (43791 of 44345) |################# | Elapsed Time: 4:02:12 ETA:   1:34:12
[0m[91m 98% (43792 of 44345) |################# | Elapsed Time: 4:02:22 ETA:   1:34:25
[0m[91m 98% (43793 of 44345) |################# | Elapsed Time: 4:02:32 ETA:   1:34:52
[0m[91m 98% (43794 of 44345) |################# | Elapsed Time: 4:02:43 ETA:   1:34:15
[0m[91m 98% (43795 of 44345) |################# | Elapsed Time: 4:02:53 ETA:   1:33:57
[0m[91m 98% (43796 of 44345) |################# | Elapsed Time: 4:03:03 ETA:   1:33:55
[0m[91m 98% (43797 of 44345) |################# | Elapsed Time: 4:03:13 ETA:   1:33:21
[0m[91m 98% (43798 of 44345) |################# | Elapsed Time: 4:03:24 ETA:   1:33:00
[0m[91m 98% (43799 of 44345) |################# | Elapsed Time: 4:03:34 ETA:   1:33:00
[0m[91m 98% (43800 of 44345) |################# | Elapsed Time: 4:03:44 ETA:   1:33:31
[0m[91m 98% (43801 of 44345) |################# | Elapsed Time: 4:03:54 ETA:   1:32:26
[0m[91m 98% (43802 of 44345) |################# | Elapsed Time: 4:04:04 ETA:   1:32:35
[0m[91m 98% (43803 of 44345) |################# | Elapsed Time: 4:04:15 ETA:   1:32:35
[0m[91m 98% (43804 of 44345) |################# | Elapsed Time: 4:04:25 ETA:   1:32:32
[0m[91m 98% (43805 of 44345) |################# | Elapsed Time: 4:04:35 ETA:   1:31:35
[0m[91m 98% (43806 of 44345) |################# | Elapsed Time: 4:04:45 ETA:   1:32:39
[0m[91m 98% (43807 of 44345) |################# | Elapsed Time: 4:04:56 ETA:   1:32:43
[0m[91m 98% (43808 of 44345) |################# | Elapsed Time: 4:05:06 ETA:   1:31:15
[0m[91m 98% (43809 of 44345) |################# | Elapsed Time: 4:05:16 ETA:   1:31:29
[0m[91m 98% (43810 of 44345) |################# | Elapsed Time: 4:05:26 ETA:   1:31:19
[0m[91m 98% (43811 of 44345) |################# | Elapsed Time: 4:05:37 ETA:   1:31:48
[0m[91m 98% (43812 of 44345) |################# | Elapsed Time: 4:05:47 ETA:   1:31:45
[0m[91m 98% (43813 of 44345) |################# | Elapsed Time: 4:05:57 ETA:   1:31:21
[0m[91m 98% (43814 of 44345) |################# | Elapsed Time: 4:06:08 ETA:   1:30:24
[0m[91m 98% (43815 of 44345) |################# | Elapsed Time: 4:06:18 ETA:   1:30:00
[0m[91m 98% (43816 of 44345) |################# | Elapsed Time: 4:06:28 ETA:   1:30:25
[0m[91m 98% (43817 of 44345) |################# | Elapsed Time: 4:06:38 ETA:   1:30:21
[0m[91m 98% (43818 of 44345) |################# | Elapsed Time: 4:06:49 ETA:   1:30:44
[0m[91m 98% (43819 of 44345) |################# | Elapsed Time: 4:06:59 ETA:   1:30:10
[0m[91m 98% (43820 of 44345) |################# | Elapsed Time: 4:07:09 ETA:   1:29:06
[0m[91m 98% (43821 of 44345) |################# | Elapsed Time: 4:07:19 ETA:   1:29:57
[0m[91m 98% (43822 of 44345) |################# | Elapsed Time: 4:07:30 ETA:   1:29:16
[0m[91m 98% (43823 of 44345) |################# | Elapsed Time: 4:07:40 ETA:   1:28:32
[0m[91m 98% (43824 of 44345) |################# | Elapsed Time: 4:07:50 ETA:   1:29:02
[0m[91m 98% (43825 of 44345) |################# | Elapsed Time: 4:08:00 ETA:   1:28:32
[0m[91m 98% (43826 of 44345) |################# | Elapsed Time: 4:08:11 ETA:   1:29:09
[0m[91m 98% (43827 of 44345) |################# | Elapsed Time: 4:08:21 ETA:   1:28:43
[0m[91m 98% (43828 of 44345) |################# | Elapsed Time: 4:08:31 ETA:   1:28:34
[0m[91m 98% (43829 of 44345) |################# | Elapsed Time: 4:08:42 ETA:   1:28:54
[0m[91m 98% (43830 of 44345) |################# | Elapsed Time: 4:08:52 ETA:   1:28:59
[0m[91m 98% (43831 of 44345) |################# | Elapsed Time: 4:09:02 ETA:   1:27:17
[0m[91m 98% (43832 of 44345) |################# | Elapsed Time: 4:09:12 ETA:   1:27:11
[0m[91m 98% (43833 of 44345) |################# | Elapsed Time: 4:09:23 ETA:   1:28:00
[0m[91m 98% (43834 of 44345) |################# | Elapsed Time: 4:09:33 ETA:   1:27:14
[0m[91m 98% (43835 of 44345) |################# | Elapsed Time: 4:09:43 ETA:   1:27:52
[0m[91m 98% (43836 of 44345) |################# | Elapsed Time: 4:09:53 ETA:   1:27:13
[0m[91m 98% (43837 of 44345) |################# | Elapsed Time: 4:10:04 ETA:   1:26:32
[0m[91m 98% (43838 of 44345) |################# | Elapsed Time: 4:10:14 ETA:   1:27:20
[0m[91m 98% (43839 of 44345) |################# | Elapsed Time: 4:10:24 ETA:   1:26:03
[0m[91m 98% (43840 of 44345) |################# | Elapsed Time: 4:10:35 ETA:   1:27:02
[0m[91m 98% (43841 of 44345) |################# | Elapsed Time: 4:10:45 ETA:   1:26:38
[0m[91m 98% (43842 of 44345) |################# | Elapsed Time: 4:10:55 ETA:   1:25:10
[0m[91m 98% (43843 of 44345) |################# | Elapsed Time: 4:11:05 ETA:   1:25:44
[0m[91m 98% (43844 of 44345) |################# | Elapsed Time: 4:11:16 ETA:   1:26:02
[0m[91m 98% (43845 of 44345) |################# | Elapsed Time: 4:11:26 ETA:   1:26:10
[0m[91m 98% (43846 of 44345) |################# | Elapsed Time: 4:11:36 ETA:   1:25:28
[0m[91m 98% (43847 of 44345) |################# | Elapsed Time: 4:11:47 ETA:   1:25:36
[0m[91m 98% (43848 of 44345) |################# | Elapsed Time: 4:11:57 ETA:   1:24:37
[0m[91m 98% (43849 of 44345) |################# | Elapsed Time: 4:12:07 ETA:   1:24:26
[0m[91m 98% (43850 of 44345) |################# | Elapsed Time: 4:12:17 ETA:   1:24:43
[0m[91m 98% (43851 of 44345) |################# | Elapsed Time: 4:12:28 ETA:   1:24:41
[0m[91m 98% (43852 of 44345) |################# | Elapsed Time: 4:12:38 ETA:   1:26:09
[0m[91m 98% (43853 of 44345) |################# | Elapsed Time: 4:12:48 ETA:   1:24:52
[0m[91m 98% (43854 of 44345) |################# | Elapsed Time: 4:12:59 ETA:   1:25:06
[0m[91m 98% (43855 of 44345) |################# | Elapsed Time: 4:13:09 ETA:   1:23:58
[0m[91m 98% (43856 of 44345) |################# | Elapsed Time: 4:13:19 ETA:   1:23:20
[0m[91m 98% (43857 of 44345) |################# | Elapsed Time: 4:13:29 ETA:   1:22:36
[0m[91m 98% (43858 of 44345) |################# | Elapsed Time: 4:13:40 ETA:   1:22:54
[0m[91m 98% (43859 of 44345) |################# | Elapsed Time: 4:13:50 ETA:   1:23:41
[0m[91m 98% (43860 of 44345) |################# | Elapsed Time: 4:14:00 ETA:   1:22:56
[0m[91m 98% (43861 of 44345) |################# | Elapsed Time: 4:14:10 ETA:   1:22:00
[0m[91m 98% (43862 of 44345) |################# | Elapsed Time: 4:14:21 ETA:   1:23:17
[0m[91m 98% (43863 of 44345) |################# | Elapsed Time: 4:14:31 ETA:   1:21:47
[0m[91m 98% (43864 of 44345) |################# | Elapsed Time: 4:14:41 ETA:   1:21:35
[0m[91m 98% (43865 of 44345) |################# | Elapsed Time: 4:14:51 ETA:   1:21:47
[0m[91m 98% (43866 of 44345) |################# | Elapsed Time: 4:15:02 ETA:   1:22:03
[0m[91m 98% (43867 of 44345) |################# | Elapsed Time: 4:15:12 ETA:   1:21:56
[0m[91m 98% (43868 of 44345) |################# | Elapsed Time: 4:15:22 ETA:   1:21:33
[0m[91m 98% (43869 of 44345) |################# | Elapsed Time: 4:15:32 ETA:   1:21:02
[0m[91m 98% (43870 of 44345) |################# | Elapsed Time: 4:15:43 ETA:   1:21:19
[0m[91m 98% (43871 of 44345) |################# | Elapsed Time: 4:15:53 ETA:   1:20:22
[0m[91m 98% (43872 of 44345) |################# | Elapsed Time: 4:16:03 ETA:   1:20:12
[0m[91m 98% (43873 of 44345) |################# | Elapsed Time: 4:16:13 ETA:   1:20:13
[0m[91m 98% (43874 of 44345) |################# | Elapsed Time: 4:16:24 ETA:   1:20:52
[0m[91m 98% (43875 of 44345) |################# | Elapsed Time: 4:16:34 ETA:   1:20:49
[0m[91m 98% (43876 of 44345) |################# | Elapsed Time: 4:16:44 ETA:   1:20:11
[0m[91m 98% (43877 of 44345) |################# | Elapsed Time: 4:16:54 ETA:   1:20:25
[0m[91m 98% (43878 of 44345) |################# | Elapsed Time: 4:17:05 ETA:   1:19:16
[0m[91m 98% (43879 of 44345) |################# | Elapsed Time: 4:17:15 ETA:   1:19:41
[0m[91m 98% (43880 of 44345) |################# | Elapsed Time: 4:17:25 ETA:   1:19:29
[0m[91m 98% (43881 of 44345) |################# | Elapsed Time: 4:17:35 ETA:   1:19:25
[0m[91m 98% (43882 of 44345) |################# | Elapsed Time: 4:17:46 ETA:   1:19:26
[0m[91m 98% (43883 of 44345) |################# | Elapsed Time: 4:17:56 ETA:   1:18:44
[0m[91m 98% (43884 of 44345) |################# | Elapsed Time: 4:18:06 ETA:   1:18:50
[0m[91m 98% (43885 of 44345) |################# | Elapsed Time: 4:18:16 ETA:   1:19:01
[0m[91m 98% (43886 of 44345) |################# | Elapsed Time: 4:18:27 ETA:   1:18:52
[0m[91m 98% (43887 of 44345) |################# | Elapsed Time: 4:18:37 ETA:   1:18:06
[0m[91m 98% (43888 of 44345) |################# | Elapsed Time: 4:18:47 ETA:   1:18:52
[0m[91m 98% (43889 of 44345) |################# | Elapsed Time: 4:18:58 ETA:   1:17:30
[0m[91m 98% (43890 of 44345) |################# | Elapsed Time: 4:19:08 ETA:   1:18:27
[0m[91m 98% (43891 of 44345) |################# | Elapsed Time: 4:19:18 ETA:   1:17:18
[0m[91m 98% (43892 of 44345) |################# | Elapsed Time: 4:19:28 ETA:   1:16:42
[0m[91m 98% (43893 of 44345) |################# | Elapsed Time: 4:19:39 ETA:   1:17:22
[0m[91m 98% (43894 of 44345) |################# | Elapsed Time: 4:19:49 ETA:   1:16:48
[0m[91m 98% (43895 of 44345) |################# | Elapsed Time: 4:19:59 ETA:   1:16:49
[0m[91m 98% (43896 of 44345) |################# | Elapsed Time: 4:20:09 ETA:   1:17:04
[0m[91m 98% (43897 of 44345) |################# | Elapsed Time: 4:20:20 ETA:   1:16:27
[0m[91m 98% (43898 of 44345) |################# | Elapsed Time: 4:20:30 ETA:   1:16:16
[0m[91m 98% (43899 of 44345) |################# | Elapsed Time: 4:20:40 ETA:   1:15:47
[0m[91m 98% (43900 of 44345) |################# | Elapsed Time: 4:20:50 ETA:   1:16:33
[0m[91m 98% (43901 of 44345) |################# | Elapsed Time: 4:21:01 ETA:   1:16:16
[0m[91m 99% (43902 of 44345) |################# | Elapsed Time: 4:21:11 ETA:   1:16:24
[0m[91m 99% (43903 of 44345) |################# | Elapsed Time: 4:21:21 ETA:   1:15:10
[0m[91m 99% (43904 of 44345) |################# | Elapsed Time: 4:21:32 ETA:   1:16:02
[0m[91m 99% (43905 of 44345) |################# | Elapsed Time: 4:21:42 ETA:   1:14:49
[0m[91m 99% (43906 of 44345) |################# | Elapsed Time: 4:21:52 ETA:   1:15:13
[0m[91m 99% (43907 of 44345) |################# | Elapsed Time: 4:22:02 ETA:   1:14:11
[0m[91m 99% (43908 of 44345) |################# | Elapsed Time: 4:22:12 ETA:   1:14:56
[0m[91m 99% (43909 of 44345) |################# | Elapsed Time: 4:22:23 ETA:   1:14:44
[0m[91m 99% (43910 of 44345) |################# | Elapsed Time: 4:22:33 ETA:   1:13:45
[0m[91m 99% (43911 of 44345) |################# | Elapsed Time: 4:22:43 ETA:   1:14:14
[0m[91m 99% (43912 of 44345) |################# | Elapsed Time: 4:22:53 ETA:   1:14:29
[0m[91m 99% (43913 of 44345) |################# | Elapsed Time: 4:23:04 ETA:   1:14:26
[0m[91m 99% (43914 of 44345) |################# | Elapsed Time: 4:23:14 ETA:   1:13:31
[0m[91m 99% (43915 of 44345) |################# | Elapsed Time: 4:23:24 ETA:   1:12:48
[0m[91m 99% (43916 of 44345) |################# | Elapsed Time: 4:23:35 ETA:   1:13:30
[0m[91m 99% (43917 of 44345) |################# | Elapsed Time: 4:23:45 ETA:   1:13:03
[0m[91m 99% (43918 of 44345) |################# | Elapsed Time: 4:23:55 ETA:   1:12:52
[0m[91m 99% (43919 of 44345) |################# | Elapsed Time: 4:24:05 ETA:   1:13:14
[0m[91m 99% (43920 of 44345) |################# | Elapsed Time: 4:24:16 ETA:   1:12:52
[0m[91m 99% (43921 of 44345) |################# | Elapsed Time: 4:24:26 ETA:   1:12:56
[0m[91m 99% (43922 of 44345) |################# | Elapsed Time: 4:24:36 ETA:   1:12:09
[0m[91m 99% (43923 of 44345) |################# | Elapsed Time: 4:24:46 ETA:   1:11:48
[0m[91m 99% (43924 of 44345) |################# | Elapsed Time: 4:24:57 ETA:   1:12:28
[0m[91m 99% (43925 of 44345) |################# | Elapsed Time: 4:25:07 ETA:   1:11:17
[0m[91m 99% (43926 of 44345) |################# | Elapsed Time: 4:25:17 ETA:   1:12:02
[0m[91m 99% (43927 of 44345) |################# | Elapsed Time: 4:25:28 ETA:   1:11:50
[0m[91m 99% (43928 of 44345) |################# | Elapsed Time: 4:25:38 ETA:   1:11:17
[0m[91m 99% (43929 of 44345) |################# | Elapsed Time: 4:25:48 ETA:   1:10:36
[0m[91m 99% (43930 of 44345) |################# | Elapsed Time: 4:25:58 ETA:   1:10:23
[0m[91m 99% (43931 of 44345) |################# | Elapsed Time: 4:26:08 ETA:   1:10:35
[0m[91m 99% (43932 of 44345) |################# | Elapsed Time: 4:26:19 ETA:   1:11:06
[0m[91m 99% (43933 of 44345) |################# | Elapsed Time: 4:26:29 ETA:   1:10:08
[0m[91m 99% (43934 of 44345) |################# | Elapsed Time: 4:26:39 ETA:   1:09:40
[0m[91m 99% (43935 of 44345) |################# | Elapsed Time: 4:26:49 ETA:   1:09:22
[0m[91m 99% (43936 of 44345) |################# | Elapsed Time: 4:26:59 ETA:   1:09:13
[0m[91m 99% (43937 of 44345) |################# | Elapsed Time: 4:27:10 ETA:   1:10:06
[0m[91m 99% (43938 of 44345) |################# | Elapsed Time: 4:27:20 ETA:   1:09:02
[0m[91m 99% (43939 of 44345) |################# | Elapsed Time: 4:27:30 ETA:   1:09:52
[0m[91m 99% (43940 of 44345) |################# | Elapsed Time: 4:27:40 ETA:   1:09:25
[0m[91m 99% (43941 of 44345) |################# | Elapsed Time: 4:27:51 ETA:   1:09:29
[0m[91m 99% (43942 of 44345) |################# | Elapsed Time: 4:28:01 ETA:   1:09:14
[0m[91m 99% (43943 of 44345) |################# | Elapsed Time: 4:28:11 ETA:   1:08:26
[0m[91m 99% (43944 of 44345) |################# | Elapsed Time: 4:28:21 ETA:   1:07:54
[0m[91m 99% (43945 of 44345) |################# | Elapsed Time: 4:28:32 ETA:   1:08:30
[0m[91m 99% (43946 of 44345) |################# | Elapsed Time: 4:28:42 ETA:   1:08:50
[0m[91m 99% (43947 of 44345) |################# | Elapsed Time: 4:28:52 ETA:   1:07:47
[0m[91m 99% (43948 of 44345) |################# | Elapsed Time: 4:29:03 ETA:   1:07:59
[0m[91m 99% (43949 of 44345) |################# | Elapsed Time: 4:29:13 ETA:   1:08:19
[0m[91m 99% (43950 of 44345) |################# | Elapsed Time: 4:29:23 ETA:   1:08:01
[0m[91m 99% (43951 of 44345) |################# | Elapsed Time: 4:29:34 ETA:   1:07:50
[0m[91m 99% (43952 of 44345) |################# | Elapsed Time: 4:29:44 ETA:   1:07:20
[0m[91m 99% (43953 of 44345) |################# | Elapsed Time: 4:29:54 ETA:   1:06:21
[0m[91m 99% (43954 of 44345) |################# | Elapsed Time: 4:30:04 ETA:   1:06:35
[0m[91m 99% (43955 of 44345) |################# | Elapsed Time: 4:30:15 ETA:   1:07:17
[0m[91m 99% (43956 of 44345) |################# | Elapsed Time: 4:30:25 ETA:   1:07:01
[0m[91m 99% (43957 of 44345) |################# | Elapsed Time: 4:30:35 ETA:   1:06:22
[0m[91m 99% (43958 of 44345) |################# | Elapsed Time: 4:30:46 ETA:   1:06:37
[0m[91m 99% (43959 of 44345) |################# | Elapsed Time: 4:30:56 ETA:   1:06:21
[0m[91m 99% (43960 of 44345) |################# | Elapsed Time: 4:31:06 ETA:   1:05:18
[0m[91m 99% (43961 of 44345) |################# | Elapsed Time: 4:31:16 ETA:   1:05:12
[0m[91m 99% (43962 of 44345) |################# | Elapsed Time: 4:31:26 ETA:   1:05:23
[0m[91m 99% (43963 of 44345) |################# | Elapsed Time: 4:31:37 ETA:   1:05:41
[0m[91m 99% (43964 of 44345) |################# | Elapsed Time: 4:31:47 ETA:   1:05:03
[0m[91m 99% (43965 of 44345) |################# | Elapsed Time: 4:31:57 ETA:   1:04:38
[0m[91m 99% (43966 of 44345) |################# | Elapsed Time: 4:32:07 ETA:   1:04:22
[0m[91m 99% (43967 of 44345) |################# | Elapsed Time: 4:32:18 ETA:   1:03:58
[0m[91m 99% (43968 of 44345) |################# | Elapsed Time: 4:32:28 ETA:   1:04:47
[0m[91m 99% (43969 of 44345) |################# | Elapsed Time: 4:32:38 ETA:   1:04:50
[0m[91m 99% (43970 of 44345) |################# | Elapsed Time: 4:32:49 ETA:   1:04:31
[0m[91m 99% (43971 of 44345) |################# | Elapsed Time: 4:32:59 ETA:   1:03:27
[0m[91m 99% (43972 of 44345) |################# | Elapsed Time: 4:33:09 ETA:   1:04:00
[0m[91m 99% (43973 of 44345) |################# | Elapsed Time: 4:33:19 ETA:   1:03:49
[0m[91m 99% (43974 of 44345) |################# | Elapsed Time: 4:33:30 ETA:   1:02:53
[0m[91m 99% (43975 of 44345) |################# | Elapsed Time: 4:33:40 ETA:   1:03:22
[0m[91m 99% (43976 of 44345) |################# | Elapsed Time: 4:33:50 ETA:   1:03:31
[0m[91m 99% (43977 of 44345) |################# | Elapsed Time: 4:34:00 ETA:   1:02:26
[0m[91m 99% (43978 of 44345) |################# | Elapsed Time: 4:34:11 ETA:   1:02:29
[0m[91m 99% (43979 of 44345) |################# | Elapsed Time: 4:34:21 ETA:   1:02:39
[0m[91m 99% (43980 of 44345) |################# | Elapsed Time: 4:34:31 ETA:   1:02:30
[0m[91m 99% (43981 of 44345) |################# | Elapsed Time: 4:34:41 ETA:   1:02:28
[0m[91m 99% (43982 of 44345) |################# | Elapsed Time: 4:34:52 ETA:   1:01:45
[0m[91m 99% (43983 of 44345) |################# | Elapsed Time: 4:35:02 ETA:   1:01:37
[0m[91m 99% (43984 of 44345) |################# | Elapsed Time: 4:35:12 ETA:   1:02:01
[0m[91m 99% (43985 of 44345) |################# | Elapsed Time: 4:35:22 ETA:   1:01:08
[0m[91m 99% (43986 of 44345) |################# | Elapsed Time: 4:35:33 ETA:   1:01:40
[0m[91m 99% (43987 of 44345) |################# | Elapsed Time: 4:35:43 ETA:   1:00:47
[0m[91m 99% (43988 of 44345) |################# | Elapsed Time: 4:35:53 ETA:   1:00:33
[0m[91m 99% (43989 of 44345) |################# | Elapsed Time: 4:36:03 ETA:   1:01:00
[0m[91m 99% (43990 of 44345) |################# | Elapsed Time: 4:36:13 ETA:   1:00:18
[0m[91m 99% (43991 of 44345) |################# | Elapsed Time: 4:36:24 ETA:   1:00:56
[0m[91m 99% (43992 of 44345) |################# | Elapsed Time: 4:36:34 ETA:   1:00:45
[0m[91m 99% (43993 of 44345) |################# | Elapsed Time: 4:36:44 ETA:   1:00:34
[0m[91m 99% (43994 of 44345) |################# | Elapsed Time: 4:36:55 ETA:   1:00:08
[0m[91m 99% (43995 of 44345) |################# | Elapsed Time: 4:37:05 ETA:   0:59:50
[0m[91m 99% (43996 of 44345) |################# | Elapsed Time: 4:37:15 ETA:   0:59:31
[0m[91m 99% (43997 of 44345) |################# | Elapsed Time: 4:37:25 ETA:   0:59:02
[0m[91m 99% (43998 of 44345) |################# | Elapsed Time: 4:37:36 ETA:   0:59:22
[0m[91m 99% (43999 of 44345) |################# | Elapsed Time: 4:37:46 ETA:   0:58:33
[0m[91m 99% (44000 of 44345) |################# | Elapsed Time: 4:37:56 ETA:   0:58:44
[0m[91m 99% (44001 of 44345) |################# | Elapsed Time: 4:38:06 ETA:   0:59:03
[0m[91m 99% (44002 of 44345) |################# | Elapsed Time: 4:38:17 ETA:   0:58:55
[0m[91m 99% (44003 of 44345) |################# | Elapsed Time: 4:38:27 ETA:   0:58:34
[0m[91m 99% (44004 of 44345) |################# | Elapsed Time: 4:38:37 ETA:   0:57:49
[0m[91m 99% (44005 of 44345) |################# | Elapsed Time: 4:38:47 ETA:   0:58:33
[0m[91m 99% (44006 of 44345) |################# | Elapsed Time: 4:38:58 ETA:   0:58:25
[0m[91m 99% (44007 of 44345) |################# | Elapsed Time: 4:39:08 ETA:   0:57:37
[0m[91m 99% (44008 of 44345) |################# | Elapsed Time: 4:39:18 ETA:   0:57:42
[0m[91m 99% (44009 of 44345) |################# | Elapsed Time: 4:39:29 ETA:   0:57:54
[0m[91m 99% (44010 of 44345) |################# | Elapsed Time: 4:39:39 ETA:   0:57:46
[0m[91m 99% (44011 of 44345) |################# | Elapsed Time: 4:39:49 ETA:   0:56:48
[0m[91m 99% (44012 of 44345) |################# | Elapsed Time: 4:39:59 ETA:   0:56:34
[0m[91m 99% (44013 of 44345) |################# | Elapsed Time: 4:40:09 ETA:   0:56:12
[0m[91m 99% (44014 of 44345) |################# | Elapsed Time: 4:40:20 ETA:   0:56:49
[0m[91m 99% (44015 of 44345) |################# | Elapsed Time: 4:40:30 ETA:   0:56:09
[0m[91m 99% (44016 of 44345) |################# | Elapsed Time: 4:40:40 ETA:   0:56:44
[0m[91m 99% (44017 of 44345) |################# | Elapsed Time: 4:40:51 ETA:   0:56:24
[0m[91m 99% (44018 of 44345) |################# | Elapsed Time: 4:41:01 ETA:   0:55:50
[0m[91m 99% (44019 of 44345) |################# | Elapsed Time: 4:41:11 ETA:   0:55:50
[0m[91m 99% (44020 of 44345) |################# | Elapsed Time: 4:41:21 ETA:   0:55:34
[0m[91m 99% (44021 of 44345) |################# | Elapsed Time: 4:41:32 ETA:   0:55:51
[0m[91m 99% (44022 of 44345) |################# | Elapsed Time: 4:41:42 ETA:   0:54:56
[0m[91m 99% (44023 of 44345) |################# | Elapsed Time: 4:41:52 ETA:   0:54:47
[0m[91m 99% (44024 of 44345) |################# | Elapsed Time: 4:42:02 ETA:   0:54:50
[0m[91m 99% (44025 of 44345) |################# | Elapsed Time: 4:42:13 ETA:   0:54:10
[0m[91m 99% (44026 of 44345) |################# | Elapsed Time: 4:42:23 ETA:   0:54:32
[0m[91m 99% (44027 of 44345) |################# | Elapsed Time: 4:42:33 ETA:   0:54:41
[0m[91m 99% (44028 of 44345) |################# | Elapsed Time: 4:42:44 ETA:   0:54:41
[0m[91m 99% (44029 of 44345) |################# | Elapsed Time: 4:42:54 ETA:   0:53:33
[0m[91m 99% (44030 of 44345) |################# | Elapsed Time: 4:43:04 ETA:   0:54:18
[0m[91m 99% (44031 of 44345) |################# | Elapsed Time: 4:43:14 ETA:   0:53:37
[0m[91m 99% (44032 of 44345) |################# | Elapsed Time: 4:43:25 ETA:   0:53:53
[0m[91m 99% (44033 of 44345) |################# | Elapsed Time: 4:43:35 ETA:   0:53:38
[0m[91m 99% (44034 of 44345) |################# | Elapsed Time: 4:43:45 ETA:   0:52:49
[0m[91m 99% (44035 of 44345) |################# | Elapsed Time: 4:43:55 ETA:   0:53:27
[0m[91m 99% (44036 of 44345) |################# | Elapsed Time: 4:44:06 ETA:   0:52:38
[0m[91m 99% (44037 of 44345) |################# | Elapsed Time: 4:44:16 ETA:   0:52:46
[0m[91m 99% (44038 of 44345) |################# | Elapsed Time: 4:44:26 ETA:   0:52:20
[0m[91m 99% (44039 of 44345) |################# | Elapsed Time: 4:44:37 ETA:   0:52:34
[0m[91m 99% (44040 of 44345) |################# | Elapsed Time: 4:44:47 ETA:   0:52:13
[0m[91m 99% (44041 of 44345) |################# | Elapsed Time: 4:44:57 ETA:   0:52:11
[0m[91m 99% (44042 of 44345) |################# | Elapsed Time: 4:45:07 ETA:   0:52:16
[0m[91m 99% (44043 of 44345) |################# | Elapsed Time: 4:45:18 ETA:   0:51:28
[0m[91m 99% (44044 of 44345) |################# | Elapsed Time: 4:45:28 ETA:   0:51:51
[0m[91m 99% (44045 of 44345) |################# | Elapsed Time: 4:45:38 ETA:   0:51:08
[0m[91m 99% (44046 of 44345) |################# | Elapsed Time: 4:45:48 ETA:   0:50:57
[0m[91m 99% (44047 of 44345) |################# | Elapsed Time: 4:45:59 ETA:   0:50:36
[0m[91m 99% (44048 of 44345) |################# | Elapsed Time: 4:46:09 ETA:   0:51:01
[0m[91m 99% (44049 of 44345) |################# | Elapsed Time: 4:46:19 ETA:   0:50:45
[0m[91m 99% (44050 of 44345) |################# | Elapsed Time: 4:46:29 ETA:   0:50:03
[0m[91m 99% (44051 of 44345) |################# | Elapsed Time: 4:46:40 ETA:   0:50:09
[0m[91m 99% (44052 of 44345) |################# | Elapsed Time: 4:46:50 ETA:   0:50:19
[0m[91m 99% (44053 of 44345) |################# | Elapsed Time: 4:47:00 ETA:   0:49:59
[0m[91m 99% (44054 of 44345) |################# | Elapsed Time: 4:47:10 ETA:   0:49:38
[0m[91m 99% (44055 of 44345) |################# | Elapsed Time: 4:47:21 ETA:   0:49:07
[0m[91m 99% (44056 of 44345) |################# | Elapsed Time: 4:47:31 ETA:   0:49:12
[0m[91m 99% (44057 of 44345) |################# | Elapsed Time: 4:47:41 ETA:   0:49:37
[0m[91m 99% (44058 of 44345) |################# | Elapsed Time: 4:47:52 ETA:   0:49:18
[0m[91m 99% (44059 of 44345) |################# | Elapsed Time: 4:48:02 ETA:   0:48:33
[0m[91m 99% (44060 of 44345) |################# | Elapsed Time: 4:48:12 ETA:   0:49:03
[0m[91m 99% (44061 of 44345) |################# | Elapsed Time: 4:48:22 ETA:   0:48:48
[0m[91m 99% (44062 of 44345) |################# | Elapsed Time: 4:48:33 ETA:   0:47:56
[0m[91m 99% (44063 of 44345) |################# | Elapsed Time: 4:48:43 ETA:   0:48:12
[0m[91m 99% (44064 of 44345) |################# | Elapsed Time: 4:48:53 ETA:   0:47:35
[0m[91m 99% (44065 of 44345) |################# | Elapsed Time: 4:49:03 ETA:   0:48:08
[0m[91m 99% (44066 of 44345) |################# | Elapsed Time: 4:49:13 ETA:   0:47:34
[0m[91m 99% (44067 of 44345) |################# | Elapsed Time: 4:49:24 ETA:   0:47:22
[0m[91m 99% (44068 of 44345) |################# | Elapsed Time: 4:49:34 ETA:   0:47:03
[0m[91m 99% (44069 of 44345) |################# | Elapsed Time: 4:49:44 ETA:   0:47:14
[0m[91m 99% (44070 of 44345) |################# | Elapsed Time: 4:49:54 ETA:   0:47:21
[0m[91m 99% (44071 of 44345) |################# | Elapsed Time: 4:50:05 ETA:   0:47:04
[0m[91m 99% (44072 of 44345) |################# | Elapsed Time: 4:50:15 ETA:   0:46:58
[0m[91m 99% (44073 of 44345) |################# | Elapsed Time: 4:50:25 ETA:   0:46:04
[0m[91m 99% (44074 of 44345) |################# | Elapsed Time: 4:50:35 ETA:   0:46:07
[0m[91m 99% (44075 of 44345) |################# | Elapsed Time: 4:50:46 ETA:   0:45:53
[0m[91m 99% (44076 of 44345) |################# | Elapsed Time: 4:50:56 ETA:   0:46:07
[0m[91m 99% (44077 of 44345) |################# | Elapsed Time: 4:51:06 ETA:   0:45:44
[0m[91m 99% (44078 of 44345) |################# | Elapsed Time: 4:51:16 ETA:   0:45:13
[0m[91m 99% (44079 of 44345) |################# | Elapsed Time: 4:51:27 ETA:   0:45:16
[0m[91m 99% (44080 of 44345) |################# | Elapsed Time: 4:51:37 ETA:   0:44:56
[0m[91m 99% (44081 of 44345) |################# | Elapsed Time: 4:51:47 ETA:   0:44:44
[0m[91m 99% (44082 of 44345) |################# | Elapsed Time: 4:51:57 ETA:   0:44:42
[0m[91m 99% (44083 of 44345) |################# | Elapsed Time: 4:52:07 ETA:   0:45:11
[0m[91m 99% (44084 of 44345) |################# | Elapsed Time: 4:52:18 ETA:   0:44:31
[0m[91m 99% (44085 of 44345) |################# | Elapsed Time: 4:52:28 ETA:   0:44:23
[0m[91m 99% (44086 of 44345) |################# | Elapsed Time: 4:52:38 ETA:   0:44:07
[0m[91m 99% (44087 of 44345) |################# | Elapsed Time: 4:52:48 ETA:   0:44:12
[0m[91m 99% (44088 of 44345) |################# | Elapsed Time: 4:52:59 ETA:   0:44:08
[0m[91m 99% (44089 of 44345) |################# | Elapsed Time: 4:53:09 ETA:   0:43:37
[0m[91m 99% (44090 of 44345) |################# | Elapsed Time: 4:53:19 ETA:   0:43:31
[0m[91m 99% (44091 of 44345) |################# | Elapsed Time: 4:53:29 ETA:   0:43:11
[0m[91m 99% (44092 of 44345) |################# | Elapsed Time: 4:53:40 ETA:   0:43:06
[0m[91m 99% (44093 of 44345) |################# | Elapsed Time: 4:53:50 ETA:   0:42:52
[0m[91m 99% (44094 of 44345) |################# | Elapsed Time: 4:54:00 ETA:   0:43:17
[0m[91m 99% (44095 of 44345) |################# | Elapsed Time: 4:54:11 ETA:   0:43:21
[0m[91m 99% (44096 of 44345) |################# | Elapsed Time: 4:54:21 ETA:   0:42:43
[0m[91m 99% (44097 of 44345) |################# | Elapsed Time: 4:54:31 ETA:   0:43:36
[0m[91m 99% (44098 of 44345) |################# | Elapsed Time: 4:54:42 ETA:   0:43:31
[0m[91m 99% (44099 of 44345) |################# | Elapsed Time: 4:54:52 ETA:   0:42:50
[0m[91m 99% (44100 of 44345) |################# | Elapsed Time: 4:55:03 ETA:   0:42:23
[0m[91m 99% (44101 of 44345) |################# | Elapsed Time: 4:55:13 ETA:   0:42:04
[0m[91m 99% (44102 of 44345) |################# | Elapsed Time: 4:55:24 ETA:   0:42:26
[0m[91m 99% (44103 of 44345) |################# | Elapsed Time: 4:55:34 ETA:   0:41:13
[0m[91m 99% (44104 of 44345) |################# | Elapsed Time: 4:55:44 ETA:   0:41:06
[0m[91m 99% (44105 of 44345) |################# | Elapsed Time: 4:55:54 ETA:   0:41:09
[0m[91m 99% (44106 of 44345) |################# | Elapsed Time: 4:56:05 ETA:   0:40:49
[0m[91m 99% (44107 of 44345) |################# | Elapsed Time: 4:56:15 ETA:   0:40:47
[0m[91m 99% (44108 of 44345) |################# | Elapsed Time: 4:56:25 ETA:   0:40:36
[0m[91m 99% (44109 of 44345) |################# | Elapsed Time: 4:56:36 ETA:   0:40:39
[0m[91m 99% (44110 of 44345) |################# | Elapsed Time: 4:56:46 ETA:   0:39:49
[0m[91m 99% (44111 of 44345) |################# | Elapsed Time: 4:56:56 ETA:   0:39:56
[0m[91m 99% (44112 of 44345) |################# | Elapsed Time: 4:57:06 ETA:   0:40:06
[0m[91m 99% (44113 of 44345) |################# | Elapsed Time: 4:57:17 ETA:   0:39:29
[0m[91m 99% (44114 of 44345) |################# | Elapsed Time: 4:57:27 ETA:   0:39:47
[0m[91m 99% (44115 of 44345) |################# | Elapsed Time: 4:57:37 ETA:   0:39:12
[0m[91m 99% (44116 of 44345) |################# | Elapsed Time: 4:57:47 ETA:   0:38:55
[0m[91m 99% (44117 of 44345) |################# | Elapsed Time: 4:57:58 ETA:   0:38:54
[0m[91m 99% (44118 of 44345) |################# | Elapsed Time: 4:58:08 ETA:   0:39:03
[0m[91m 99% (44119 of 44345) |################# | Elapsed Time: 4:58:18 ETA:   0:38:45
[0m[91m 99% (44120 of 44345) |################# | Elapsed Time: 4:58:28 ETA:   0:38:06
[0m[91m 99% (44121 of 44345) |################# | Elapsed Time: 4:58:39 ETA:   0:38:07
[0m[91m 99% (44122 of 44345) |################# | Elapsed Time: 4:58:49 ETA:   0:38:16
[0m[91m 99% (44123 of 44345) |################# | Elapsed Time: 4:58:59 ETA:   0:38:11
[0m[91m 99% (44124 of 44345) |################# | Elapsed Time: 4:59:09 ETA:   0:37:34
[0m[91m 99% (44125 of 44345) |################# | Elapsed Time: 4:59:20 ETA:   0:37:38
[0m[91m 99% (44126 of 44345) |################# | Elapsed Time: 4:59:30 ETA:   0:37:06
[0m[91m 99% (44127 of 44345) |################# | Elapsed Time: 4:59:40 ETA:   0:37:07
[0m[91m 99% (44128 of 44345) |################# | Elapsed Time: 4:59:50 ETA:   0:37:10
[0m[91m 99% (44129 of 44345) |################# | Elapsed Time: 5:00:01 ETA:   0:37:07
[0m[91m 99% (44130 of 44345) |################# | Elapsed Time: 5:00:11 ETA:   0:36:29
[0m[91m 99% (44131 of 44345) |################# | Elapsed Time: 5:00:21 ETA:   0:36:14
[0m[91m 99% (44132 of 44345) |################# | Elapsed Time: 5:00:31 ETA:   0:36:33
[0m[91m 99% (44133 of 44345) |################# | Elapsed Time: 5:00:41 ETA:   0:36:06
[0m[91m 99% (44134 of 44345) |################# | Elapsed Time: 5:00:52 ETA:   0:35:54
[0m[91m 99% (44135 of 44345) |################# | Elapsed Time: 5:01:02 ETA:   0:36:02
[0m[91m 99% (44136 of 44345) |################# | Elapsed Time: 5:01:12 ETA:   0:35:30
[0m[91m 99% (44137 of 44345) |################# | Elapsed Time: 5:01:22 ETA:   0:35:12
[0m[91m 99% (44138 of 44345) |################# | Elapsed Time: 5:01:33 ETA:   0:35:27
[0m[91m 99% (44139 of 44345) |################# | Elapsed Time: 5:01:43 ETA:   0:35:13
[0m[91m 99% (44140 of 44345) |################# | Elapsed Time: 5:01:53 ETA:   0:35:11
[0m[91m 99% (44141 of 44345) |################# | Elapsed Time: 5:02:03 ETA:   0:34:41
[0m[91m 99% (44142 of 44345) |################# | Elapsed Time: 5:02:14 ETA:   0:34:57
[0m[91m 99% (44143 of 44345) |################# | Elapsed Time: 5:02:24 ETA:   0:34:28
[0m[91m 99% (44144 of 44345) |################# | Elapsed Time: 5:02:34 ETA:   0:34:32
[0m[91m 99% (44145 of 44345) |################# | Elapsed Time: 5:02:45 ETA:   0:34:20
[0m[91m 99% (44146 of 44345) |################# | Elapsed Time: 5:02:55 ETA:   0:33:58
[0m[91m 99% (44147 of 44345) |################# | Elapsed Time: 5:03:05 ETA:   0:33:52
[0m[91m 99% (44148 of 44345) |################# | Elapsed Time: 5:03:15 ETA:   0:33:46
[0m[91m 99% (44149 of 44345) |################# | Elapsed Time: 5:03:26 ETA:   0:33:28
[0m[91m 99% (44150 of 44345) |################# | Elapsed Time: 5:03:36 ETA:   0:33:15
[0m[91m 99% (44151 of 44345) |################# | Elapsed Time: 5:03:46 ETA:   0:33:14
[0m[91m 99% (44152 of 44345) |################# | Elapsed Time: 5:03:56 ETA:   0:32:43
[0m[91m 99% (44153 of 44345) |################# | Elapsed Time: 5:04:06 ETA:   0:32:35
[0m[91m 99% (44154 of 44345) |################# | Elapsed Time: 5:04:17 ETA:   0:32:21
[0m[91m 99% (44155 of 44345) |################# | Elapsed Time: 5:04:27 ETA:   0:32:38
[0m[91m 99% (44156 of 44345) |################# | Elapsed Time: 5:04:37 ETA:   0:32:33
[0m[91m 99% (44157 of 44345) |################# | Elapsed Time: 5:04:48 ETA:   0:32:18
[0m[91m 99% (44158 of 44345) |################# | Elapsed Time: 5:04:58 ETA:   0:32:14
[0m[91m 99% (44159 of 44345) |################# | Elapsed Time: 5:05:08 ETA:   0:31:35
[0m[91m 99% (44160 of 44345) |################# | Elapsed Time: 5:05:18 ETA:   0:31:50
[0m[91m 99% (44161 of 44345) |################# | Elapsed Time: 5:05:29 ETA:   0:31:11
[0m[91m 99% (44162 of 44345) |################# | Elapsed Time: 5:05:39 ETA:   0:31:24
[0m[91m 99% (44163 of 44345) |################# | Elapsed Time: 5:05:49 ETA:   0:31:18
[0m[91m 99% (44164 of 44345) |################# | Elapsed Time: 5:06:00 ETA:   0:31:00
[0m[91m 99% (44165 of 44345) |################# | Elapsed Time: 5:06:10 ETA:   0:30:39
[0m[91m 99% (44166 of 44345) |################# | Elapsed Time: 5:06:20 ETA:   0:30:21
[0m[91m 99% (44167 of 44345) |################# | Elapsed Time: 5:06:30 ETA:   0:30:35
[0m[91m 99% (44168 of 44345) |################# | Elapsed Time: 5:06:40 ETA:   0:30:12
[0m[91m 99% (44169 of 44345) |################# | Elapsed Time: 5:06:51 ETA:   0:30:06
[0m[91m 99% (44170 of 44345) |################# | Elapsed Time: 5:07:01 ETA:   0:30:08
[0m[91m 99% (44171 of 44345) |################# | Elapsed Time: 5:07:11 ETA:   0:29:49
[0m[91m 99% (44172 of 44345) |################# | Elapsed Time: 5:07:22 ETA:   0:29:27
[0m[91m 99% (44173 of 44345) |################# | Elapsed Time: 5:07:32 ETA:   0:29:19
[0m[91m 99% (44174 of 44345) |################# | Elapsed Time: 5:07:42 ETA:   0:29:11
[0m[91m 99% (44175 of 44345) |################# | Elapsed Time: 5:07:52 ETA:   0:28:54
[0m[91m 99% (44176 of 44345) |################# | Elapsed Time: 5:08:03 ETA:   0:29:04
[0m[91m 99% (44177 of 44345) |################# | Elapsed Time: 5:08:13 ETA:   0:28:29
[0m[91m 99% (44178 of 44345) |################# | Elapsed Time: 5:08:23 ETA:   0:28:25
[0m[91m 99% (44179 of 44345) |################# | Elapsed Time: 5:08:33 ETA:   0:28:31
[0m[91m 99% (44180 of 44345) |################# | Elapsed Time: 5:08:43 ETA:   0:28:06
[0m[91m 99% (44181 of 44345) |################# | Elapsed Time: 5:08:54 ETA:   0:28:10
[0m[91m 99% (44182 of 44345) |################# | Elapsed Time: 5:09:04 ETA:   0:27:46
[0m[91m 99% (44183 of 44345) |################# | Elapsed Time: 5:09:14 ETA:   0:27:46
[0m[91m 99% (44184 of 44345) |################# | Elapsed Time: 5:09:25 ETA:   0:27:22
[0m[91m 99% (44185 of 44345) |################# | Elapsed Time: 5:09:35 ETA:   0:27:09
[0m[91m 99% (44186 of 44345) |################# | Elapsed Time: 5:09:45 ETA:   0:27:17
[0m[91m 99% (44187 of 44345) |################# | Elapsed Time: 5:09:55 ETA:   0:27:14
[0m[91m 99% (44188 of 44345) |################# | Elapsed Time: 5:10:06 ETA:   0:26:48
[0m[91m 99% (44189 of 44345) |################# | Elapsed Time: 5:10:16 ETA:   0:26:38
[0m[91m 99% (44190 of 44345) |################# | Elapsed Time: 5:10:26 ETA:   0:26:19
[0m[91m 99% (44191 of 44345) |################# | Elapsed Time: 5:10:36 ETA:   0:26:29
[0m[91m 99% (44192 of 44345) |################# | Elapsed Time: 5:10:47 ETA:   0:26:11
[0m[91m 99% (44193 of 44345) |################# | Elapsed Time: 5:10:57 ETA:   0:25:53
[0m[91m 99% (44194 of 44345) |################# | Elapsed Time: 5:11:07 ETA:   0:25:41
[0m[91m 99% (44195 of 44345) |################# | Elapsed Time: 5:11:17 ETA:   0:25:36
[0m[91m 99% (44196 of 44345) |################# | Elapsed Time: 5:11:28 ETA:   0:25:23
[0m[91m 99% (44197 of 44345) |################# | Elapsed Time: 5:11:38 ETA:   0:25:14
[0m[91m 99% (44198 of 44345) |################# | Elapsed Time: 5:11:48 ETA:   0:24:59
[0m[91m 99% (44199 of 44345) |################# | Elapsed Time: 5:11:58 ETA:   0:25:03
[0m[91m 99% (44200 of 44345) |################# | Elapsed Time: 5:12:08 ETA:   0:24:34
[0m[91m 99% (44201 of 44345) |################# | Elapsed Time: 5:12:19 ETA:   0:24:32
[0m[91m 99% (44202 of 44345) |################# | Elapsed Time: 5:12:29 ETA:   0:24:16
[0m[91m 99% (44203 of 44345) |################# | Elapsed Time: 5:12:39 ETA:   0:24:22
[0m[91m 99% (44204 of 44345) |################# | Elapsed Time: 5:12:49 ETA:   0:24:00
[0m[91m 99% (44205 of 44345) |################# | Elapsed Time: 5:13:00 ETA:   0:23:57
[0m[91m 99% (44206 of 44345) |################# | Elapsed Time: 5:13:10 ETA:   0:23:36
[0m[91m 99% (44207 of 44345) |################# | Elapsed Time: 5:13:20 ETA:   0:23:28
[0m[91m 99% (44208 of 44345) |################# | Elapsed Time: 5:13:30 ETA:   0:23:32
[0m[91m 99% (44209 of 44345) |################# | Elapsed Time: 5:13:41 ETA:   0:23:28
[0m[91m 99% (44210 of 44345) |################# | Elapsed Time: 5:13:51 ETA:   0:23:08
[0m[91m 99% (44211 of 44345) |################# | Elapsed Time: 5:14:01 ETA:   0:22:52
[0m[91m 99% (44212 of 44345) |################# | Elapsed Time: 5:14:11 ETA:   0:22:38
[0m[91m 99% (44213 of 44345) |################# | Elapsed Time: 5:14:22 ETA:   0:22:30
[0m[91m 99% (44214 of 44345) |################# | Elapsed Time: 5:14:32 ETA:   0:22:16
[0m[91m 99% (44215 of 44345) |################# | Elapsed Time: 5:14:42 ETA:   0:22:16
[0m[91m 99% (44216 of 44345) |################# | Elapsed Time: 5:14:53 ETA:   0:22:34
[0m[91m 99% (44217 of 44345) |################# | Elapsed Time: 5:15:03 ETA:   0:22:26
[0m[91m 99% (44218 of 44345) |################# | Elapsed Time: 5:15:14 ETA:   0:22:05
[0m[91m 99% (44219 of 44345) |################# | Elapsed Time: 5:15:24 ETA:   0:21:36
[0m[91m 99% (44220 of 44345) |################# | Elapsed Time: 5:15:34 ETA:   0:21:40
[0m[91m 99% (44221 of 44345) |################# | Elapsed Time: 5:15:45 ETA:   0:21:22
[0m[91m 99% (44222 of 44345) |################# | Elapsed Time: 5:15:55 ETA:   0:20:53
[0m[91m 99% (44223 of 44345) |################# | Elapsed Time: 5:16:05 ETA:   0:21:02
[0m[91m 99% (44224 of 44345) |################# | Elapsed Time: 5:16:15 ETA:   0:20:34
[0m[91m 99% (44225 of 44345) |################# | Elapsed Time: 5:16:26 ETA:   0:20:41
[0m[91m 99% (44226 of 44345) |################# | Elapsed Time: 5:16:36 ETA:   0:20:30
[0m[91m 99% (44227 of 44345) |################# | Elapsed Time: 5:16:46 ETA:   0:20:09
[0m[91m 99% (44228 of 44345) |################# | Elapsed Time: 5:16:57 ETA:   0:20:00
[0m[91m 99% (44229 of 44345) |################# | Elapsed Time: 5:17:07 ETA:   0:19:52
[0m[91m 99% (44230 of 44345) |################# | Elapsed Time: 5:17:17 ETA:   0:19:43
[0m[91m 99% (44231 of 44345) |################# | Elapsed Time: 5:17:27 ETA:   0:19:30
[0m[91m 99% (44232 of 44345) |################# | Elapsed Time: 5:17:38 ETA:   0:19:16
[0m[91m 99% (44233 of 44345) |################# | Elapsed Time: 5:17:48 ETA:   0:19:13
[0m[91m 99% (44234 of 44345) |################# | Elapsed Time: 5:17:58 ETA:   0:18:48
[0m[91m 99% (44235 of 44345) |################# | Elapsed Time: 5:18:08 ETA:   0:18:43
[0m[91m 99% (44236 of 44345) |################# | Elapsed Time: 5:18:19 ETA:   0:18:42
[0m[91m 99% (44237 of 44345) |################# | Elapsed Time: 5:18:29 ETA:   0:18:35
[0m[91m 99% (44238 of 44345) |################# | Elapsed Time: 5:18:39 ETA:   0:18:15
[0m[91m 99% (44239 of 44345) |################# | Elapsed Time: 5:18:50 ETA:   0:18:16
[0m[91m 99% (44240 of 44345) |################# | Elapsed Time: 5:19:00 ETA:   0:18:05
[0m[91m 99% (44241 of 44345) |################# | Elapsed Time: 5:19:10 ETA:   0:17:40
[0m[91m 99% (44242 of 44345) |################# | Elapsed Time: 5:19:20 ETA:   0:17:30
[0m[91m 99% (44243 of 44345) |################# | Elapsed Time: 5:19:30 ETA:   0:17:18
[0m[91m 99% (44244 of 44345) |################# | Elapsed Time: 5:19:41 ETA:   0:17:05
[0m[91m 99% (44245 of 44345) |################# | Elapsed Time: 5:19:51 ETA:   0:17:08
[0m[91m 99% (44246 of 44345) |################# | Elapsed Time: 5:20:01 ETA:   0:16:49
[0m[91m 99% (44247 of 44345) |################# | Elapsed Time: 5:20:11 ETA:   0:16:52
[0m[91m 99% (44248 of 44345) |################# | Elapsed Time: 5:20:22 ETA:   0:16:35
[0m[91m 99% (44249 of 44345) |################# | Elapsed Time: 5:20:32 ETA:   0:16:33
[0m[91m 99% (44250 of 44345) |################# | Elapsed Time: 5:20:42 ETA:   0:16:19
[0m[91m 99% (44251 of 44345) |################# | Elapsed Time: 5:20:53 ETA:   0:16:11
[0m[91m 99% (44252 of 44345) |################# | Elapsed Time: 5:21:03 ETA:   0:15:49
[0m[91m 99% (44253 of 44345) |################# | Elapsed Time: 5:21:13 ETA:   0:15:44
[0m[91m 99% (44254 of 44345) |################# | Elapsed Time: 5:21:23 ETA:   0:15:29
[0m[91m 99% (44255 of 44345) |################# | Elapsed Time: 5:21:34 ETA:   0:15:21
[0m[91m 99% (44256 of 44345) |################# | Elapsed Time: 5:21:44 ETA:   0:15:10
[0m[91m 99% (44257 of 44345) |################# | Elapsed Time: 5:21:54 ETA:   0:14:54
[0m[91m 99% (44258 of 44345) |################# | Elapsed Time: 5:22:04 ETA:   0:14:47
[0m[91m 99% (44259 of 44345) |################# | Elapsed Time: 5:22:15 ETA:   0:14:49
[0m[91m 99% (44260 of 44345) |################# | Elapsed Time: 5:22:25 ETA:   0:14:37
[0m[91m 99% (44261 of 44345) |################# | Elapsed Time: 5:22:35 ETA:   0:14:20
[0m[91m 99% (44262 of 44345) |################# | Elapsed Time: 5:22:45 ETA:   0:14:05
[0m[91m 99% (44263 of 44345) |################# | Elapsed Time: 5:22:55 ETA:   0:13:53
[0m[91m 99% (44264 of 44345) |################# | Elapsed Time: 5:23:06 ETA:   0:13:47
[0m[91m 99% (44265 of 44345) |################# | Elapsed Time: 5:23:16 ETA:   0:13:51
[0m[91m 99% (44266 of 44345) |################# | Elapsed Time: 5:23:26 ETA:   0:13:37
[0m[91m 99% (44267 of 44345) |################# | Elapsed Time: 5:23:37 ETA:   0:13:13
[0m[91m 99% (44268 of 44345) |################# | Elapsed Time: 5:23:47 ETA:   0:13:06
[0m[91m 99% (44269 of 44345) |################# | Elapsed Time: 5:23:57 ETA:   0:12:54
[0m[91m 99% (44270 of 44345) |################# | Elapsed Time: 5:24:07 ETA:   0:12:44
[0m[91m 99% (44271 of 44345) |################# | Elapsed Time: 5:24:18 ETA:   0:12:43
[0m[91m 99% (44272 of 44345) |################# | Elapsed Time: 5:24:28 ETA:   0:12:25
[0m[91m 99% (44273 of 44345) |################# | Elapsed Time: 5:24:38 ETA:   0:12:21
[0m[91m 99% (44274 of 44345) |################# | Elapsed Time: 5:24:48 ETA:   0:12:06
[0m[91m 99% (44275 of 44345) |################# | Elapsed Time: 5:24:59 ETA:   0:12:02
[0m[91m 99% (44276 of 44345) |################# | Elapsed Time: 5:25:09 ETA:   0:11:40
[0m[91m 99% (44277 of 44345) |################# | Elapsed Time: 5:25:19 ETA:   0:11:37
[0m[91m 99% (44278 of 44345) |################# | Elapsed Time: 5:25:29 ETA:   0:11:21
[0m[91m 99% (44279 of 44345) |################# | Elapsed Time: 5:25:39 ETA:   0:11:18
[0m[91m 99% (44280 of 44345) |################# | Elapsed Time: 5:25:50 ETA:   0:11:01
[0m[91m 99% (44281 of 44345) |################# | Elapsed Time: 5:26:00 ETA:   0:10:58
[0m[91m 99% (44282 of 44345) |################# | Elapsed Time: 5:26:10 ETA:   0:10:45
[0m[91m 99% (44283 of 44345) |################# | Elapsed Time: 5:26:20 ETA:   0:10:38
[0m[91m 99% (44284 of 44345) |################# | Elapsed Time: 5:26:31 ETA:   0:10:20
[0m[91m 99% (44285 of 44345) |################# | Elapsed Time: 5:26:41 ETA:   0:10:21
[0m[91m 99% (44286 of 44345) |################# | Elapsed Time: 5:26:51 ETA:   0:10:08
[0m[91m 99% (44287 of 44345) |################# | Elapsed Time: 5:27:02 ETA:   0:09:52
[0m[91m 99% (44288 of 44345) |################# | Elapsed Time: 5:27:12 ETA:   0:09:43
[0m[91m 99% (44289 of 44345) |################# | Elapsed Time: 5:27:22 ETA:   0:09:30
[0m[91m 99% (44290 of 44345) |################# | Elapsed Time: 5:27:32 ETA:   0:09:21
[0m[91m 99% (44291 of 44345) |################# | Elapsed Time: 5:27:42 ETA:   0:09:11
[0m[91m 99% (44292 of 44345) |################# | Elapsed Time: 5:27:53 ETA:   0:09:08
[0m[91m 99% (44293 of 44345) |################# | Elapsed Time: 5:28:03 ETA:   0:08:53
[0m[91m 99% (44294 of 44345) |################# | Elapsed Time: 5:28:13 ETA:   0:08:42
[0m[91m 99% (44295 of 44345) |################# | Elapsed Time: 5:28:23 ETA:   0:08:32
[0m[91m 99% (44296 of 44345) |################# | Elapsed Time: 5:28:34 ETA:   0:08:26
[0m[91m 99% (44297 of 44345) |################# | Elapsed Time: 5:28:44 ETA:   0:08:07
[0m[91m 99% (44298 of 44345) |################# | Elapsed Time: 5:28:54 ETA:   0:08:00
[0m[91m 99% (44299 of 44345) |################# | Elapsed Time: 5:29:04 ETA:   0:07:47
[0m[91m 99% (44300 of 44345) |################# | Elapsed Time: 5:29:15 ETA:   0:07:42
[0m[91m 99% (44301 of 44345) |################# | Elapsed Time: 5:29:25 ETA:   0:07:27
[0m[91m 99% (44302 of 44345) |################# | Elapsed Time: 5:29:35 ETA:   0:07:23
[0m[91m 99% (44303 of 44345) |################# | Elapsed Time: 5:29:45 ETA:   0:07:07
[0m[91m 99% (44304 of 44345) |################# | Elapsed Time: 5:29:55 ETA:   0:06:57
[0m[91m 99% (44305 of 44345) |################# | Elapsed Time: 5:30:06 ETA:   0:06:52
[0m[91m 99% (44306 of 44345) |################# | Elapsed Time: 5:30:16 ETA:   0:06:41
[0m[91m 99% (44307 of 44345) |################# | Elapsed Time: 5:30:26 ETA:   0:06:28
[0m[91m 99% (44308 of 44345) |################# | Elapsed Time: 5:30:37 ETA:   0:06:22
[0m[91m 99% (44309 of 44345) |################# | Elapsed Time: 5:30:47 ETA:   0:06:06
[0m[91m 99% (44310 of 44345) |################# | Elapsed Time: 5:30:57 ETA:   0:05:55
[0m[91m 99% (44311 of 44345) |################# | Elapsed Time: 5:31:07 ETA:   0:05:51
[0m[91m 99% (44312 of 44345) |################# | Elapsed Time: 5:31:18 ETA:   0:05:39
[0m[91m 99% (44313 of 44345) |################# | Elapsed Time: 5:31:28 ETA:   0:05:30
[0m[91m 99% (44314 of 44345) |################# | Elapsed Time: 5:31:38 ETA:   0:05:17
[0m[91m 99% (44315 of 44345) |################# | Elapsed Time: 5:31:48 ETA:   0:05:05
[0m[91m 99% (44316 of 44345) |################# | Elapsed Time: 5:31:59 ETA:   0:04:58
[0m[91m 99% (44317 of 44345) |################# | Elapsed Time: 5:32:09 ETA:   0:04:47
[0m[91m 99% (44318 of 44345) |################# | Elapsed Time: 5:32:19 ETA:   0:04:36
[0m[91m 99% (44319 of 44345) |################# | Elapsed Time: 5:32:29 ETA:   0:04:25
[0m[91m 99% (44320 of 44345) |################# | Elapsed Time: 5:32:40 ETA:   0:04:14
[0m[91m 99% (44321 of 44345) |################# | Elapsed Time: 5:32:50 ETA:   0:04:03
[0m[91m 99% (44322 of 44345) |################# | Elapsed Time: 5:33:00 ETA:   0:03:53
[0m[91m 99% (44323 of 44345) |################# | Elapsed Time: 5:33:10 ETA:   0:03:45
[0m[91m 99% (44324 of 44345) |################# | Elapsed Time: 5:33:20 ETA:   0:03:37
[0m[91m 99% (44325 of 44345) |################# | Elapsed Time: 5:33:31 ETA:   0:03:23
[0m[91m 99% (44326 of 44345) |################# | Elapsed Time: 5:33:41 ETA:   0:03:14
[0m[91m 99% (44327 of 44345) |################# | Elapsed Time: 5:33:51 ETA:   0:03:02
[0m[91m 99% (44328 of 44345) |################# | Elapsed Time: 5:34:01 ETA:   0:02:52
[0m[91m 99% (44329 of 44345) |################# | Elapsed Time: 5:34:11 ETA:   0:02:42
[0m[91m 99% (44330 of 44345) |################# | Elapsed Time: 5:34:22 ETA:   0:02:34
[0m[91m 99% (44331 of 44345) |################# | Elapsed Time: 5:34:32 ETA:   0:02:22
[0m[91m 99% (44332 of 44345) |################# | Elapsed Time: 5:34:42 ETA:   0:02:13
[0m[91m 99% (44333 of 44345) |################# | Elapsed Time: 5:34:52 ETA:   0:02:02
[0m[91m 99% (44334 of 44345) |################# | Elapsed Time: 5:35:02 ETA:   0:01:51
[0m[91m 99% (44335 of 44345) |################# | Elapsed Time: 5:35:13 ETA:   0:01:41
[0m[91m 99% (44336 of 44345) |################# | Elapsed Time: 5:35:23 ETA:   0:01:31
[0m[91m 99% (44337 of 44345) |################# | Elapsed Time: 5:35:33 ETA:   0:01:21
[0m[91m 99% (44338 of 44345) |################# | Elapsed Time: 5:35:43 ETA:   0:01:12
[0m[91m 99% (44339 of 44345) |################# | Elapsed Time: 5:35:53 ETA:   0:01:01
[0m[91m 99% (44340 of 44345) |################# | Elapsed Time: 5:36:04 ETA:   0:00:50
[0m[91m 99% (44341 of 44345) |################# | Elapsed Time: 5:36:14 ETA:   0:00:40
[0m[91m 99% (44342 of 44345) |################# | Elapsed Time: 5:36:24 ETA:   0:00:30
[0m[91m 99% (44343 of 44345) |################# | Elapsed Time: 5:36:34 ETA:   0:00:20
[0m[91m 99% (44344 of 44345) |################# | Elapsed Time: 5:36:45 ETA:   0:00:10
[0m[91m100% (44345 of 44345) |##################| Elapsed Time: 5:36:45 Time:  5:36:45
[0mCloning exploit-database repository
Refreshing exploit-database repo with latest exploits
Refreshing EDBID-CVE mapping

[0;33m[1mpython3-pip[0m
Description: Python package installer
[0;33mpython3-pip will be updated.[0m

[0;33m[1mpython3-opengl[0m
Description: Python bindings to OpenGL (Python 3)
[0;33mpython3-opengl will be updated.[0m

[0;33m[1mpython3-pyqt5[0m
Description: Python 3 bindings for Qt5
[0;33mpython3-pyqt5 will be updated.[0m

[0;33m[1mpython3-pyqt5.qtopengl[0m
Description: Python 3 bindings for Qt5's OpenGL module
[0;33mpython3-pyqt5.qtopengl will be updated.[0m

[0;33m[1mpython3-numpy[0m
Description: Fast array facility to the Python 3 language
[0;33mpython3-numpy will be updated.[0m

[0;33m[1mpython3-scipy[0m
Description: scientific tools for Python 3
[0;33mpython3-scipy will be updated.[0m

[0;33m[1mpython2[0m
Description: interactive high-level object-oriented language (Python2 version)
[0;33mpython2 will be newly installed.[0m

[0;33m[1mpython-setuptools[0m
Description: Python Distutils Enhancements
[0;33mpython-setuptools will be newly installed.[0m

[0;33m[1mmtd-utils[0m
Description: Memory Technology Device Utilities
[0;33mmtd-utils will be updated.[0m

[0;33m[1mgzip[0m
Description: GNU compression utilities
[0;33mgzip will be updated.[0m

[0;33m[1mbzip2[0m
Description: high-quality block-sorting file compressor - utilities
[0;33mbzip2 will be updated.[0m

[0;33m[1mtar[0m
Description: GNU version of the tar archiving utility
[0;33mtar will be updated.[0m

[0;33m[1marj[0m
Description: archiver for .arj files
[0;33marj will be updated.[0m

[0;33m[1mlhasa[0m
Description: lzh archive decompressor
[0;33mlhasa will be newly installed.[0m

[0;33m[1mp7zip[0m
Description: 7zr file archiver with high compression ratio
[0;33mp7zip will be updated.[0m

[0;33m[1mp7zip-full[0m
Description: 7z and 7za file archivers with high compression ratio
[0;33mp7zip-full will be updated.[0m

[0;33m[1mcabextract[0m
Description: Microsoft Cabinet file unpacker
[0;33mcabextract will be newly installed.[0m

[0;33m[1mcramfsswap[0m
Description: swap endianness of a cram filesystem (cramfs)
[0;33mcramfsswap will be updated.[0m

[0;33m[1msquashfs-tools[0m
Description: Tool to create and append to squashfs filesystems
[0;33msquashfs-tools will be updated.[0m

[0;33m[1msleuthkit[0m
Description: tools for forensics analysis on volume and filesystem data
[0;33msleuthkit will be updated.[0m

[0;33m[1mdefault-jdk[0m
Description: Standard Java or Java compatible Development Kit
[0;33mdefault-jdk will be newly installed.[0m

[0;33m[1mlzop[0m
Description: fast compression program
[0;33mlzop will be updated.[0m

[0;33m[1msrecord[0m
Description: collection of powerful tools for manipulating EPROM load files
[0;33msrecord will be newly installed.[0m

[0;33m[1mbuild-essential[0m
Description: Informational list of build-essential packages
[0;33mbuild-essential will be updated.[0m

[0;33m[1mzlib1g-dev[0m
Description: compression library - development
[0;33mzlib1g-dev will be updated.[0m

[0;33m[1mliblzma-dev[0m
Description: XZ-format compression library - development files
[0;33mliblzma-dev will be newly installed.[0m

[0;33m[1mliblzo2-dev[0m
Description: data compression library (development files)
[0;33mliblzo2-dev will be newly installed.[0m

[0;33m[1mfirmware-mod-kit[0m
Description: Deconstruct and reconstruct firmware images
[0;33mfirmware-mod-kit will be newly installed.[0m

[0;35m[1mbinwalk, yaffshiv, sasquatch, jefferson, unstuff, cramfs-tools and ubi_reader (if not already on the system) will be downloaded and be installed![0m
Reading package lists...
Building dependency tree...
Reading state information...
arj is already the newest version (3.10.22-24).
arj set to manually installed.
build-essential is already the newest version (12.9).
bzip2 is already the newest version (1.0.8-4).
bzip2 set to manually installed.
cramfsswap is already the newest version (1.4.2).
cramfsswap set to manually installed.
gzip is already the newest version (1.10-4).
lzop is already the newest version (1.04-2).
lzop set to manually installed.
mtd-utils is already the newest version (1:2.1.2-2).
mtd-utils set to manually installed.
p7zip is already the newest version (16.02+dfsg-8).
p7zip set to manually installed.
p7zip-full is already the newest version (16.02+dfsg-8).
p7zip-full set to manually installed.
python3-numpy is already the newest version (1:1.19.5-1).
python3-numpy set to manually installed.
python3-opengl is already the newest version (3.1.5+dfsg-1).
python3-opengl set to manually installed.
python3-pip is already the newest version (20.3.4-4).
python3-pyqt5 is already the newest version (5.15.2+dfsg-3).
python3-pyqt5 set to manually installed.
python3-pyqt5.qtopengl is already the newest version (5.15.2+dfsg-3).
python3-pyqt5.qtopengl set to manually installed.
python3-scipy is already the newest version (1.6.0-2).
python3-scipy set to manually installed.
sleuthkit is already the newest version (4.10.1+dfsg-1).
sleuthkit set to manually installed.
squashfs-tools is already the newest version (1:4.4-2).
squashfs-tools set to manually installed.
tar is already the newest version (1.34+dfsg-1).
zlib1g-dev is already the newest version (1:1.2.11.dfsg-2).
zlib1g-dev set to manually installed.
The following packages were automatically installed and are no longer required:
  bundler fonts-lato john john-data libgmp-dev libgmpxx4ldbl liblinear4
  libpcap0.8 libruby2.7 lua-lpeg nasm nmap nmap-common
  oracle-instantclient-basic postgresql rake ruby ruby-bundler ruby-dev
  ruby-minitest ruby-net-telnet ruby-power-assert ruby-rubygems ruby-test-unit
  ruby-xmlrpc ruby2.7 ruby2.7-dev ruby2.7-doc rubygems-integration zip
Use 'sudo apt autoremove' to remove them.
The following additional packages will be installed:
  ca-certificates-java default-jdk-headless default-jre default-jre-headless
  fonts-dejavu-extra java-common libatk-wrapper-java libatk-wrapper-java-jni
  libfontenc1 libgif7 libice-dev liblhasa0 libmspack0 libpthread-stubs0-dev
  libpython2-stdlib libpython2.7-minimal libpython2.7-stdlib libsm-dev
  libsrecord0 libx11-dev libxau-dev libxaw7 libxcb1-dev libxdmcp-dev
  libxkbfile1 libxmu6 libxt-dev libxt6 libxxf86dga1 openjdk-11-jdk
  openjdk-11-jdk-headless openjdk-11-jre openjdk-11-jre-headless
  python-pkg-resources python2-minimal python2.7 python2.7-minimal
  python3-magic x11-utils x11proto-dev xorg-sgml-doctools xtrans-dev
Suggested packages:
  libice-doc liblzma-doc libsm-doc libx11-doc libxcb-doc libxt-doc
  openjdk-11-demo openjdk-11-source visualvm libnss-mdns fonts-ipafont-gothic
  fonts-ipafont-mincho fonts-wqy-microhei | fonts-wqy-zenhei fonts-indic
  python-setuptools-doc python2-doc python-tk python2.7-doc mesa-utils
The following NEW packages will be installed:
  ca-certificates-java cabextract default-jdk default-jdk-headless default-jre
  default-jre-headless firmware-mod-kit fonts-dejavu-extra java-common lhasa
  libatk-wrapper-java libatk-wrapper-java-jni libfontenc1 libgif7 libice-dev
  liblhasa0 liblzma-dev liblzo2-dev libmspack0 libpthread-stubs0-dev
  libpython2-stdlib libpython2.7-minimal libpython2.7-stdlib libsm-dev
  libsrecord0 libx11-dev libxau-dev libxaw7 libxcb1-dev libxdmcp-dev
  libxkbfile1 libxmu6 libxt-dev libxt6 libxxf86dga1 openjdk-11-jdk
  openjdk-11-jdk-headless openjdk-11-jre openjdk-11-jre-headless
  python-pkg-resources python-setuptools python2 python2-minimal python2.7
  python2.7-minimal python3-magic srecord x11-utils x11proto-dev
  xorg-sgml-doctools xtrans-dev
0 upgraded, 51 newly installed, 0 to remove and 0 not upgraded.
Need to get 277 MB of archives.
After this operation, 502 MB of additional disk space will be used.
Get:1 http://kali.cs.nctu.edu.tw/kali kali-rolling/main amd64 libpython2.7-minimal amd64 2.7.18-8 [396 kB]
Get:2 http://kali.cs.nctu.edu.tw/kali kali-rolling/main amd64 python2.7-minimal amd64 2.7.18-8 [1322 kB]
Get:3 http://kali.cs.nctu.edu.tw/kali kali-rolling/main amd64 python2-minimal amd64 2.7.18-3 [34.2 kB]
Get:4 http://kali.cs.nctu.edu.tw/kali kali-rolling/main amd64 libpython2.7-stdlib amd64 2.7.18-8 [1865 kB]
Get:5 http://kali.cs.nctu.edu.tw/kali kali-rolling/main amd64 python2.7 amd64 2.7.18-8 [311 kB]
Get:6 http://kali.cs.nctu.edu.tw/kali kali-rolling/main amd64 libpython2-stdlib amd64 2.7.18-3 [21.2 kB]
Get:7 http://kali.cs.nctu.edu.tw/kali kali-rolling/main amd64 python2 amd64 2.7.18-3 [24.5 kB]
Get:8 http://kali.cs.nctu.edu.tw/kali kali-rolling/main amd64 java-common all 0.72 [14.5 kB]
Get:9 http://http.kali.org/kali kali-rolling/main amd64 openjdk-11-jre-headless amd64 11.0.12+7-2 [37.3 MB]
Get:10 http://kali.cs.nctu.edu.tw/kali kali-rolling/main amd64 default-jre-headless amd64 2:1.11-72 [10.9 kB]
Get:11 http://kali.cs.nctu.edu.tw/kali kali-rolling/main amd64 ca-certificates-java all 20190909 [15.7 kB]
Get:12 http://kali.cs.nctu.edu.tw/kali kali-rolling/main amd64 libmspack0 amd64 0.10.1-2 [50.3 kB]
Get:13 http://kali.cs.nctu.edu.tw/kali kali-rolling/main amd64 cabextract amd64 1.9-3 [35.0 kB]
Get:14 http://kali.cs.nctu.edu.tw/kali kali-rolling/main amd64 libgif7 amd64 5.1.9-2 [45.1 kB]
Get:15 http://http.kali.org/kali kali-rolling/main amd64 openjdk-11-jre amd64 11.0.12+7-2 [176 kB]
Get:16 http://kali.cs.nctu.edu.tw/kali kali-rolling/main amd64 default-jre amd64 2:1.11-72 [1044 B]
Get:17 http://http.kali.org/kali kali-rolling/main amd64 openjdk-11-jdk-headless amd64 11.0.12+7-2 [217 MB]
Get:18 http://kali.cs.nctu.edu.tw/kali kali-rolling/main amd64 default-jdk-headless amd64 2:1.11-72 [1100 B]
Get:19 http://http.kali.org/kali kali-rolling/main amd64 openjdk-11-jdk amd64 11.0.12+7-2 [7101 kB]
Get:20 http://kali.cs.nctu.edu.tw/kali kali-rolling/main amd64 default-jdk amd64 2:1.11-72 [1056 B]
Get:21 http://kali.cs.nctu.edu.tw/kali kali-rolling/main amd64 liblzma-dev amd64 5.2.5-2 [229 kB]
Get:22 http://kali.cs.nctu.edu.tw/kali kali-rolling/main amd64 python3-magic all 2:0.4.20-3 [13.4 kB]
Get:23 http://http.kali.org/kali kali-rolling/main amd64 firmware-mod-kit amd64 0.99+git20190714-0kali1 [4810 kB]
Get:24 http://kali.cs.nctu.edu.tw/kali kali-rolling/main amd64 fonts-dejavu-extra all 2.37-2 [2070 kB]
Get:25 http://kali.cs.nctu.edu.tw/kali kali-rolling/main amd64 liblhasa0 amd64 0.3.1-3 [22.4 kB]
Get:26 http://kali.cs.nctu.edu.tw/kali kali-rolling/main amd64 lhasa amd64 0.3.1-3 [18.2 kB]
Get:27 http://kali.cs.nctu.edu.tw/kali kali-rolling/main amd64 libfontenc1 amd64 1:1.1.4-1 [24.3 kB]
Get:28 http://kali.cs.nctu.edu.tw/kali kali-rolling/main amd64 libxt6 amd64 1:1.2.0-1 [189 kB]
Get:29 http://http.kali.org/kali kali-rolling/main amd64 libxmu6 amd64 2:1.1.2-2+b3 [60.8 kB]
Get:30 http://kali.cs.nctu.edu.tw/kali kali-rolling/main amd64 libxaw7 amd64 2:1.0.13-1.1 [202 kB]
Get:31 http://kali.cs.nctu.edu.tw/kali kali-rolling/main amd64 libxkbfile1 amd64 1:1.1.0-1 [75.2 kB]
Get:32 http://http.kali.org/kali kali-rolling/main amd64 libxxf86dga1 amd64 2:1.1.4-1+b3 [22.1 kB]
Get:33 http://http.kali.org/kali kali-rolling/main amd64 x11-utils amd64 7.7+5 [202 kB]
Get:34 http://kali.cs.nctu.edu.tw/kali kali-rolling/main amd64 libatk-wrapper-java all 0.38.0-2 [64.5 kB]
Get:35 http://kali.cs.nctu.edu.tw/kali kali-rolling/main amd64 libatk-wrapper-java-jni amd64 0.38.0-2 [56.1 kB]
Get:36 http://kali.cs.nctu.edu.tw/kali kali-rolling/main amd64 xorg-sgml-doctools all 1:1.11-1.1 [22.1 kB]
Get:37 http://kali.cs.nctu.edu.tw/kali kali-rolling/main amd64 x11proto-dev all 2020.1-1 [594 kB]
Get:38 http://kali.cs.nctu.edu.tw/kali kali-rolling/main amd64 libice-dev amd64 2:1.0.10-1 [67.1 kB]
Get:39 http://kali.cs.nctu.edu.tw/kali kali-rolling/main amd64 liblzo2-dev amd64 2.10-2 [104 kB]
Get:40 http://kali.cs.nctu.edu.tw/kali kali-rolling/main amd64 libpthread-stubs0-dev amd64 0.4-1 [5344 B]
Get:41 http://kali.cs.nctu.edu.tw/kali kali-rolling/main amd64 libsm-dev amd64 2:1.2.3-1 [38.0 kB]
Get:42 http://kali.cs.nctu.edu.tw/kali kali-rolling/main amd64 libsrecord0 amd64 1.64-2 [223 kB]
Get:43 http://kali.cs.nctu.edu.tw/kali kali-rolling/main amd64 libxau-dev amd64 1:1.0.9-1 [22.9 kB]
Get:44 http://kali.cs.nctu.edu.tw/kali kali-rolling/main amd64 libxdmcp-dev amd64 1:1.1.2-3 [42.2 kB]
Get:45 http://kali.cs.nctu.edu.tw/kali kali-rolling/main amd64 xtrans-dev all 1.4.0-1 [98.7 kB]
Get:46 http://kali.cs.nctu.edu.tw/kali kali-rolling/main amd64 libxcb1-dev amd64 1.14-3 [176 kB]
Get:47 http://kali.cs.nctu.edu.tw/kali kali-rolling/main amd64 libx11-dev amd64 2:1.7.2-1 [841 kB]
Get:48 http://kali.cs.nctu.edu.tw/kali kali-rolling/main amd64 libxt-dev amd64 1:1.2.0-1 [407 kB]
Get:49 http://kali.cs.nctu.edu.tw/kali kali-rolling/main amd64 python-pkg-resources all 44.1.1-1 [182 kB]
Get:50 http://kali.cs.nctu.edu.tw/kali kali-rolling/main amd64 python-setuptools all 44.1.1-1 [382 kB]
Get:51 http://kali.cs.nctu.edu.tw/kali kali-rolling/main amd64 srecord amd64 1.64-2 [161 kB]
Fetched 277 MB in 13s (20.8 MB/s)
Selecting previously unselected package libpython2.7-minimal:amd64.
(Reading database ... (Reading database ... 5%(Reading database ... 10%(Reading database ... 15%(Reading database ... 20%(Reading database ... 25%(Reading database ... 30%(Reading database ... 35%(Reading database ... 40%(Reading database ... 45%(Reading database ... 50%(Reading database ... 55%(Reading database ... 60%(Reading database ... 65%(Reading database ... 70%(Reading database ... 75%(Reading database ... 80%(Reading database ... 85%(Reading database ... 90%(Reading database ... 95%(Reading database ... 100%(Reading database ... 88464 files and directories currently installed.)
Preparing to unpack .../0-libpython2.7-minimal_2.7.18-8_amd64.deb ...
Unpacking libpython2.7-minimal:amd64 (2.7.18-8) ...
Selecting previously unselected package python2.7-minimal.
Preparing to unpack .../1-python2.7-minimal_2.7.18-8_amd64.deb ...
Unpacking python2.7-minimal (2.7.18-8) ...
Selecting previously unselected package python2-minimal.
Preparing to unpack .../2-python2-minimal_2.7.18-3_amd64.deb ...
Unpacking python2-minimal (2.7.18-3) ...
Selecting previously unselected package libpython2.7-stdlib:amd64.
Preparing to unpack .../3-libpython2.7-stdlib_2.7.18-8_amd64.deb ...
Unpacking libpython2.7-stdlib:amd64 (2.7.18-8) ...
Selecting previously unselected package python2.7.
Preparing to unpack .../4-python2.7_2.7.18-8_amd64.deb ...
Unpacking python2.7 (2.7.18-8) ...
Selecting previously unselected package libpython2-stdlib:amd64.
Preparing to unpack .../5-libpython2-stdlib_2.7.18-3_amd64.deb ...
Unpacking libpython2-stdlib:amd64 (2.7.18-3) ...
Setting up libpython2.7-minimal:amd64 (2.7.18-8) ...
Setting up python2.7-minimal (2.7.18-8) ...
Setting up python2-minimal (2.7.18-3) ...
Selecting previously unselected package python2.
(Reading database ... (Reading database ... 5%(Reading database ... 10%(Reading database ... 15%(Reading database ... 20%(Reading database ... 25%(Reading database ... 30%(Reading database ... 35%(Reading database ... 40%(Reading database ... 45%(Reading database ... 50%(Reading database ... 55%(Reading database ... 60%(Reading database ... 65%(Reading database ... 70%(Reading database ... 75%(Reading database ... 80%(Reading database ... 85%(Reading database ... 90%(Reading database ... 95%(Reading database ... 100%(Reading database ... 89210 files and directories currently installed.)
Preparing to unpack .../00-python2_2.7.18-3_amd64.deb ...
Unpacking python2 (2.7.18-3) ...
Selecting previously unselected package java-common.
Preparing to unpack .../01-java-common_0.72_all.deb ...
Unpacking java-common (0.72) ...
Selecting previously unselected package openjdk-11-jre-headless:amd64.
Preparing to unpack .../02-openjdk-11-jre-headless_11.0.12+7-2_amd64.deb ...
Unpacking openjdk-11-jre-headless:amd64 (11.0.12+7-2) ...
Selecting previously unselected package default-jre-headless.
Preparing to unpack .../03-default-jre-headless_2%3a1.11-72_amd64.deb ...
Unpacking default-jre-headless (2:1.11-72) ...
Selecting previously unselected package ca-certificates-java.
Preparing to unpack .../04-ca-certificates-java_20190909_all.deb ...
Unpacking ca-certificates-java (20190909) ...
Selecting previously unselected package libmspack0:amd64.
Preparing to unpack .../05-libmspack0_0.10.1-2_amd64.deb ...
Unpacking libmspack0:amd64 (0.10.1-2) ...
Selecting previously unselected package cabextract.
Preparing to unpack .../06-cabextract_1.9-3_amd64.deb ...
Unpacking cabextract (1.9-3) ...
Selecting previously unselected package libgif7:amd64.
Preparing to unpack .../07-libgif7_5.1.9-2_amd64.deb ...
Unpacking libgif7:amd64 (5.1.9-2) ...
Selecting previously unselected package openjdk-11-jre:amd64.
Preparing to unpack .../08-openjdk-11-jre_11.0.12+7-2_amd64.deb ...
Unpacking openjdk-11-jre:amd64 (11.0.12+7-2) ...
Selecting previously unselected package default-jre.
Preparing to unpack .../09-default-jre_2%3a1.11-72_amd64.deb ...
Unpacking default-jre (2:1.11-72) ...
Selecting previously unselected package openjdk-11-jdk-headless:amd64.
Preparing to unpack .../10-openjdk-11-jdk-headless_11.0.12+7-2_amd64.deb ...
Unpacking openjdk-11-jdk-headless:amd64 (11.0.12+7-2) ...
Selecting previously unselected package default-jdk-headless.
Preparing to unpack .../11-default-jdk-headless_2%3a1.11-72_amd64.deb ...
Unpacking default-jdk-headless (2:1.11-72) ...
Selecting previously unselected package openjdk-11-jdk:amd64.
Preparing to unpack .../12-openjdk-11-jdk_11.0.12+7-2_amd64.deb ...
Unpacking openjdk-11-jdk:amd64 (11.0.12+7-2) ...
Selecting previously unselected package default-jdk.
Preparing to unpack .../13-default-jdk_2%3a1.11-72_amd64.deb ...
Unpacking default-jdk (2:1.11-72) ...
Selecting previously unselected package liblzma-dev:amd64.
Preparing to unpack .../14-liblzma-dev_5.2.5-2_amd64.deb ...
Unpacking liblzma-dev:amd64 (5.2.5-2) ...
Selecting previously unselected package python3-magic.
Preparing to unpack .../15-python3-magic_2%3a0.4.20-3_all.deb ...
Unpacking python3-magic (2:0.4.20-3) ...
Selecting previously unselected package firmware-mod-kit.
Preparing to unpack .../16-firmware-mod-kit_0.99+git20190714-0kali1_amd64.deb ...
Unpacking firmware-mod-kit (0.99+git20190714-0kali1) ...
Selecting previously unselected package fonts-dejavu-extra.
Preparing to unpack .../17-fonts-dejavu-extra_2.37-2_all.deb ...
Unpacking fonts-dejavu-extra (2.37-2) ...
Selecting previously unselected package liblhasa0:amd64.
Preparing to unpack .../18-liblhasa0_0.3.1-3_amd64.deb ...
Unpacking liblhasa0:amd64 (0.3.1-3) ...
Selecting previously unselected package lhasa.
Preparing to unpack .../19-lhasa_0.3.1-3_amd64.deb ...
Unpacking lhasa (0.3.1-3) ...
Selecting previously unselected package libfontenc1:amd64.
Preparing to unpack .../20-libfontenc1_1%3a1.1.4-1_amd64.deb ...
Unpacking libfontenc1:amd64 (1:1.1.4-1) ...
Selecting previously unselected package libxt6:amd64.
Preparing to unpack .../21-libxt6_1%3a1.2.0-1_amd64.deb ...
Unpacking libxt6:amd64 (1:1.2.0-1) ...
Selecting previously unselected package libxmu6:amd64.
Preparing to unpack .../22-libxmu6_2%3a1.1.2-2+b3_amd64.deb ...
Unpacking libxmu6:amd64 (2:1.1.2-2+b3) ...
Selecting previously unselected package libxaw7:amd64.
Preparing to unpack .../23-libxaw7_2%3a1.0.13-1.1_amd64.deb ...
Unpacking libxaw7:amd64 (2:1.0.13-1.1) ...
Selecting previously unselected package libxkbfile1:amd64.
Preparing to unpack .../24-libxkbfile1_1%3a1.1.0-1_amd64.deb ...
Unpacking libxkbfile1:amd64 (1:1.1.0-1) ...
Selecting previously unselected package libxxf86dga1:amd64.
Preparing to unpack .../25-libxxf86dga1_2%3a1.1.4-1+b3_amd64.deb ...
Unpacking libxxf86dga1:amd64 (2:1.1.4-1+b3) ...
Selecting previously unselected package x11-utils.
Preparing to unpack .../26-x11-utils_7.7+5_amd64.deb ...
Unpacking x11-utils (7.7+5) ...
Selecting previously unselected package libatk-wrapper-java.
Preparing to unpack .../27-libatk-wrapper-java_0.38.0-2_all.deb ...
Unpacking libatk-wrapper-java (0.38.0-2) ...
Selecting previously unselected package libatk-wrapper-java-jni:amd64.
Preparing to unpack .../28-libatk-wrapper-java-jni_0.38.0-2_amd64.deb ...
Unpacking libatk-wrapper-java-jni:amd64 (0.38.0-2) ...
Selecting previously unselected package xorg-sgml-doctools.
Preparing to unpack .../29-xorg-sgml-doctools_1%3a1.11-1.1_all.deb ...
Unpacking xorg-sgml-doctools (1:1.11-1.1) ...
Selecting previously unselected package x11proto-dev.
Preparing to unpack .../30-x11proto-dev_2020.1-1_all.deb ...
Unpacking x11proto-dev (2020.1-1) ...
Selecting previously unselected package libice-dev:amd64.
Preparing to unpack .../31-libice-dev_2%3a1.0.10-1_amd64.deb ...
Unpacking libice-dev:amd64 (2:1.0.10-1) ...
Selecting previously unselected package liblzo2-dev:amd64.
Preparing to unpack .../32-liblzo2-dev_2.10-2_amd64.deb ...
Unpacking liblzo2-dev:amd64 (2.10-2) ...
Selecting previously unselected package libpthread-stubs0-dev:amd64.
Preparing to unpack .../33-libpthread-stubs0-dev_0.4-1_amd64.deb ...
Unpacking libpthread-stubs0-dev:amd64 (0.4-1) ...
Selecting previously unselected package libsm-dev:amd64.
Preparing to unpack .../34-libsm-dev_2%3a1.2.3-1_amd64.deb ...
Unpacking libsm-dev:amd64 (2:1.2.3-1) ...
Selecting previously unselected package libsrecord0:amd64.
Preparing to unpack .../35-libsrecord0_1.64-2_amd64.deb ...
Unpacking libsrecord0:amd64 (1.64-2) ...
Selecting previously unselected package libxau-dev:amd64.
Preparing to unpack .../36-libxau-dev_1%3a1.0.9-1_amd64.deb ...
Unpacking libxau-dev:amd64 (1:1.0.9-1) ...
Selecting previously unselected package libxdmcp-dev:amd64.
Preparing to unpack .../37-libxdmcp-dev_1%3a1.1.2-3_amd64.deb ...
Unpacking libxdmcp-dev:amd64 (1:1.1.2-3) ...
Selecting previously unselected package xtrans-dev.
Preparing to unpack .../38-xtrans-dev_1.4.0-1_all.deb ...
Unpacking xtrans-dev (1.4.0-1) ...
Selecting previously unselected package libxcb1-dev:amd64.
Preparing to unpack .../39-libxcb1-dev_1.14-3_amd64.deb ...
Unpacking libxcb1-dev:amd64 (1.14-3) ...
Selecting previously unselected package libx11-dev:amd64.
Preparing to unpack .../40-libx11-dev_2%3a1.7.2-1_amd64.deb ...
Unpacking libx11-dev:amd64 (2:1.7.2-1) ...
Selecting previously unselected package libxt-dev:amd64.
Preparing to unpack .../41-libxt-dev_1%3a1.2.0-1_amd64.deb ...
Unpacking libxt-dev:amd64 (1:1.2.0-1) ...
Selecting previously unselected package python-pkg-resources.
Preparing to unpack .../42-python-pkg-resources_44.1.1-1_all.deb ...
Unpacking python-pkg-resources (44.1.1-1) ...
Selecting previously unselected package python-setuptools.
Preparing to unpack .../43-python-setuptools_44.1.1-1_all.deb ...
Unpacking python-setuptools (44.1.1-1) ...
Selecting previously unselected package srecord.
Preparing to unpack .../44-srecord_1.64-2_amd64.deb ...
Unpacking srecord (1.64-2) ...
Setting up java-common (0.72) ...
Setting up libmspack0:amd64 (0.10.1-2) ...
Setting up libxxf86dga1:amd64 (2:1.1.4-1+b3) ...
Setting up libpthread-stubs0-dev:amd64 (0.4-1) ...
Setting up libpython2.7-stdlib:amd64 (2.7.18-8) ...
Setting up xtrans-dev (1.4.0-1) ...
Setting up libfontenc1:amd64 (1:1.1.4-1) ...
Setting up libxt6:amd64 (1:1.2.0-1) ...
Setting up liblzo2-dev:amd64 (2.10-2) ...
Setting up liblzma-dev:amd64 (5.2.5-2) ...
Setting up libgif7:amd64 (5.1.9-2) ...
Setting up fonts-dejavu-extra (2.37-2) ...
Setting up xorg-sgml-doctools (1:1.11-1.1) ...
Setting up libxkbfile1:amd64 (1:1.1.0-1) ...
Setting up python3-magic (2:0.4.20-3) ...
Setting up libsrecord0:amd64 (1.64-2) ...
Setting up liblhasa0:amd64 (0.3.1-3) ...
Setting up x11proto-dev (2020.1-1) ...
Setting up libxmu6:amd64 (2:1.1.2-2+b3) ...
Setting up libxau-dev:amd64 (1:1.0.9-1) ...
Setting up cabextract (1.9-3) ...
Setting up python2.7 (2.7.18-8) ...
Setting up libice-dev:amd64 (2:1.0.10-1) ...
Setting up libpython2-stdlib:amd64 (2.7.18-3) ...
Setting up libsm-dev:amd64 (2:1.2.3-1) ...
Setting up lhasa (0.3.1-3) ...
update-alternatives: using /usr/bin/lhasa to provide /usr/bin/lha (lha) in auto mode
Setting up libxaw7:amd64 (2:1.0.13-1.1) ...
Setting up python2 (2.7.18-3) ...
Setting up libxdmcp-dev:amd64 (1:1.1.2-3) ...
Setting up firmware-mod-kit (0.99+git20190714-0kali1) ...
Setting up x11-utils (7.7+5) ...
Setting up libatk-wrapper-java (0.38.0-2) ...
Setting up srecord (1.64-2) ...
Setting up libxcb1-dev:amd64 (1.14-3) ...
Setting up python-pkg-resources (44.1.1-1) ...
Setting up libx11-dev:amd64 (2:1.7.2-1) ...
Setting up libatk-wrapper-java-jni:amd64 (0.38.0-2) ...
Setting up libxt-dev:amd64 (1:1.2.0-1) ...
Setting up python-setuptools (44.1.1-1) ...
Setting up default-jre-headless (2:1.11-72) ...
Setting up openjdk-11-jre-headless:amd64 (11.0.12+7-2) ...
update-alternatives: using /usr/lib/jvm/java-11-openjdk-amd64/bin/java to provide /usr/bin/java (java) in auto mode
update-alternatives: using /usr/lib/jvm/java-11-openjdk-amd64/bin/jjs to provide /usr/bin/jjs (jjs) in auto mode
update-alternatives: using /usr/lib/jvm/java-11-openjdk-amd64/bin/keytool to provide /usr/bin/keytool (keytool) in auto mode
update-alternatives: using /usr/lib/jvm/java-11-openjdk-amd64/bin/rmid to provide /usr/bin/rmid (rmid) in auto mode
update-alternatives: using /usr/lib/jvm/java-11-openjdk-amd64/bin/rmiregistry to provide /usr/bin/rmiregistry (rmiregistry) in auto mode
update-alternatives: using /usr/lib/jvm/java-11-openjdk-amd64/bin/pack200 to provide /usr/bin/pack200 (pack200) in auto mode
update-alternatives: using /usr/lib/jvm/java-11-openjdk-amd64/bin/unpack200 to provide /usr/bin/unpack200 (unpack200) in auto mode
update-alternatives: using /usr/lib/jvm/java-11-openjdk-amd64/lib/jexec to provide /usr/bin/jexec (jexec) in auto mode
Setting up openjdk-11-jre:amd64 (11.0.12+7-2) ...
Setting up openjdk-11-jdk-headless:amd64 (11.0.12+7-2) ...
update-alternatives: using /usr/lib/jvm/java-11-openjdk-amd64/bin/jar to provide /usr/bin/jar (jar) in auto mode
update-alternatives: using /usr/lib/jvm/java-11-openjdk-amd64/bin/jarsigner to provide /usr/bin/jarsigner (jarsigner) in auto mode
update-alternatives: using /usr/lib/jvm/java-11-openjdk-amd64/bin/javac to provide /usr/bin/javac (javac) in auto mode
update-alternatives: using /usr/lib/jvm/java-11-openjdk-amd64/bin/javadoc to provide /usr/bin/javadoc (javadoc) in auto mode
update-alternatives: using /usr/lib/jvm/java-11-openjdk-amd64/bin/javap to provide /usr/bin/javap (javap) in auto mode
update-alternatives: using /usr/lib/jvm/java-11-openjdk-amd64/bin/jcmd to provide /usr/bin/jcmd (jcmd) in auto mode
update-alternatives: using /usr/lib/jvm/java-11-openjdk-amd64/bin/jdb to provide /usr/bin/jdb (jdb) in auto mode
update-alternatives: using /usr/lib/jvm/java-11-openjdk-amd64/bin/jdeprscan to provide /usr/bin/jdeprscan (jdeprscan) in auto mode
update-alternatives: using /usr/lib/jvm/java-11-openjdk-amd64/bin/jdeps to provide /usr/bin/jdeps (jdeps) in auto mode
update-alternatives: using /usr/lib/jvm/java-11-openjdk-amd64/bin/jfr to provide /usr/bin/jfr (jfr) in auto mode
update-alternatives: using /usr/lib/jvm/java-11-openjdk-amd64/bin/jimage to provide /usr/bin/jimage (jimage) in auto mode
update-alternatives: using /usr/lib/jvm/java-11-openjdk-amd64/bin/jinfo to provide /usr/bin/jinfo (jinfo) in auto mode
update-alternatives: using /usr/lib/jvm/java-11-openjdk-amd64/bin/jlink to provide /usr/bin/jlink (jlink) in auto mode
update-alternatives: using /usr/lib/jvm/java-11-openjdk-amd64/bin/jmap to provide /usr/bin/jmap (jmap) in auto mode
update-alternatives: using /usr/lib/jvm/java-11-openjdk-amd64/bin/jmod to provide /usr/bin/jmod (jmod) in auto mode
update-alternatives: using /usr/lib/jvm/java-11-openjdk-amd64/bin/jps to provide /usr/bin/jps (jps) in auto mode
update-alternatives: using /usr/lib/jvm/java-11-openjdk-amd64/bin/jrunscript to provide /usr/bin/jrunscript (jrunscript) in auto mode
update-alternatives: using /usr/lib/jvm/java-11-openjdk-amd64/bin/jshell to provide /usr/bin/jshell (jshell) in auto mode
update-alternatives: using /usr/lib/jvm/java-11-openjdk-amd64/bin/jstack to provide /usr/bin/jstack (jstack) in auto mode
update-alternatives: using /usr/lib/jvm/java-11-openjdk-amd64/bin/jstat to provide /usr/bin/jstat (jstat) in auto mode
update-alternatives: using /usr/lib/jvm/java-11-openjdk-amd64/bin/jstatd to provide /usr/bin/jstatd (jstatd) in auto mode
update-alternatives: using /usr/lib/jvm/java-11-openjdk-amd64/bin/rmic to provide /usr/bin/rmic (rmic) in auto mode
update-alternatives: using /usr/lib/jvm/java-11-openjdk-amd64/bin/serialver to provide /usr/bin/serialver (serialver) in auto mode
update-alternatives: using /usr/lib/jvm/java-11-openjdk-amd64/bin/jaotc to provide /usr/bin/jaotc (jaotc) in auto mode
update-alternatives: using /usr/lib/jvm/java-11-openjdk-amd64/bin/jhsdb to provide /usr/bin/jhsdb (jhsdb) in auto mode
Setting up default-jre (2:1.11-72) ...
Setting up default-jdk-headless (2:1.11-72) ...
Setting up openjdk-11-jdk:amd64 (11.0.12+7-2) ...
update-alternatives: using /usr/lib/jvm/java-11-openjdk-amd64/bin/jconsole to provide /usr/bin/jconsole (jconsole) in auto mode
Setting up ca-certificates-java (20190909) ...
head: cannot open '/etc/ssl/certs/java/cacerts' for reading: No such file or directory
Adding debian:Microsoft_ECC_Root_Certificate_Authority_2017.pem
Adding debian:AffirmTrust_Commercial.pem
Adding debian:Hongkong_Post_Root_CA_1.pem
Adding debian:Staat_der_Nederlanden_Root_CA_-_G3.pem
Adding debian:Trustwave_Global_ECC_P384_Certification_Authority.pem
Adding debian:GlobalSign_ECC_Root_CA_-_R4.pem
Adding debian:Entrust_Root_Certification_Authority_-_G4.pem
Adding debian:AffirmTrust_Networking.pem
Adding debian:QuoVadis_Root_CA_3_G3.pem
Adding debian:TrustCor_RootCert_CA-1.pem
Adding debian:OISTE_WISeKey_Global_Root_GB_CA.pem
Adding debian:Microsec_e-Szigno_Root_CA_2009.pem
Adding debian:DigiCert_Trusted_Root_G4.pem
Adding debian:Trustis_FPS_Root_CA.pem
Adding debian:Amazon_Root_CA_1.pem
Adding debian:DigiCert_Assured_ID_Root_G2.pem
Adding debian:GlobalSign_Root_CA_-_R2.pem
Adding debian:emSign_Root_CA_-_C1.pem
Adding debian:Hellenic_Academic_and_Research_Institutions_ECC_RootCA_2015.pem
Adding debian:OISTE_WISeKey_Global_Root_GC_CA.pem
Adding debian:GlobalSign_Root_CA_-_R6.pem
Adding debian:certSIGN_ROOT_CA.pem
Adding debian:XRamp_Global_CA_Root.pem
Adding debian:emSign_Root_CA_-_G1.pem
Adding debian:GlobalSign_Root_CA.pem
Adding debian:TWCA_Root_Certification_Authority.pem
Adding debian:Amazon_Root_CA_3.pem
Adding debian:T-TeleSec_GlobalRoot_Class_2.pem
Adding debian:USERTrust_RSA_Certification_Authority.pem
Adding debian:IdenTrust_Commercial_Root_CA_1.pem
Adding debian:Starfield_Class_2_CA.pem
Adding debian:QuoVadis_Root_CA_1_G3.pem
Adding debian:Entrust_Root_Certification_Authority.pem
Adding debian:Comodo_AAA_Services_root.pem
Adding debian:DigiCert_Assured_ID_Root_CA.pem
Adding debian:Entrust.net_Premium_2048_Secure_Server_CA.pem
Adding debian:DigiCert_Global_Root_G3.pem
Adding debian:Certum_Trusted_Network_CA_2.pem
Adding debian:CFCA_EV_ROOT.pem
Adding debian:GTS_Root_R1.pem
Adding debian:TrustCor_ECA-1.pem
Adding debian:UCA_Global_G2_Root.pem
Adding debian:Atos_TrustedRoot_2011.pem
Adding debian:QuoVadis_Root_CA_2_G3.pem
Adding debian:GTS_Root_R4.pem
Adding debian:Hellenic_Academic_and_Research_Institutions_RootCA_2011.pem
Adding debian:COMODO_ECC_Certification_Authority.pem
Adding debian:DST_Root_CA_X3.pem
Adding debian:Hellenic_Academic_and_Research_Institutions_RootCA_2015.pem
Adding debian:GlobalSign_Root_CA_-_R3.pem
Adding debian:Amazon_Root_CA_4.pem
Adding debian:Trustwave_Global_Certification_Authority.pem
Adding debian:AffirmTrust_Premium_ECC.pem
Adding debian:NetLock_Arany_=Class_Gold=_Főtanúsítvány.pem
Adding debian:emSign_ECC_Root_CA_-_C3.pem
Adding debian:ACCVRAIZ1.pem
Adding debian:CA_Disig_Root_R2.pem
Adding debian:D-TRUST_Root_Class_3_CA_2_2009.pem
Adding debian:GlobalSign_ECC_Root_CA_-_R5.pem
Adding debian:Go_Daddy_Root_Certificate_Authority_-_G2.pem
Adding debian:certSIGN_Root_CA_G2.pem
Adding debian:GeoTrust_Primary_Certification_Authority_-_G2.pem
Adding debian:Global_Chambersign_Root_-_2008.pem
Adding debian:Buypass_Class_2_Root_CA.pem
Adding debian:SSL.com_Root_Certification_Authority_RSA.pem
Adding debian:IdenTrust_Public_Sector_Root_CA_1.pem
Adding debian:TeliaSonera_Root_CA_v1.pem
Adding debian:Go_Daddy_Class_2_CA.pem
Adding debian:Izenpe.com.pem
Adding debian:Starfield_Root_Certificate_Authority_-_G2.pem
Adding debian:AffirmTrust_Premium.pem
Adding debian:TUBITAK_Kamu_SM_SSL_Kok_Sertifikasi_-_Surum_1.pem
Adding debian:Security_Communication_RootCA2.pem
Adding debian:GDCA_TrustAUTH_R5_ROOT.pem
Adding debian:Baltimore_CyberTrust_Root.pem
Adding debian:QuoVadis_Root_CA_3.pem
Adding debian:Actalis_Authentication_Root_CA.pem
Adding debian:Hongkong_Post_Root_CA_3.pem
Adding debian:Secure_Global_CA.pem
Adding debian:TrustCor_RootCert_CA-2.pem
Adding debian:Security_Communication_Root_CA.pem
Adding debian:Staat_der_Nederlanden_EV_Root_CA.pem
Adding debian:ISRG_Root_X1.pem
Adding debian:SSL.com_EV_Root_Certification_Authority_RSA_R2.pem
Adding debian:DigiCert_Global_Root_CA.pem
Adding debian:GTS_Root_R2.pem
Adding debian:emSign_ECC_Root_CA_-_G3.pem
Adding debian:Amazon_Root_CA_2.pem
Adding debian:SecureSign_RootCA11.pem
Adding debian:Cybertrust_Global_Root.pem
Adding debian:AC_RAIZ_FNMT-RCM.pem
Adding debian:DigiCert_Assured_ID_Root_G3.pem
Adding debian:QuoVadis_Root_CA.pem
Adding debian:Network_Solutions_Certificate_Authority.pem
Adding debian:DigiCert_High_Assurance_EV_Root_CA.pem
Adding debian:SwissSign_Silver_CA_-_G2.pem
Adding debian:Chambers_of_Commerce_Root_-_2008.pem
Adding debian:ePKI_Root_Certification_Authority.pem
Adding debian:SZAFIR_ROOT_CA2.pem
Adding debian:NAVER_Global_Root_Certification_Authority.pem
Adding debian:Entrust_Root_Certification_Authority_-_EC1.pem
Adding debian:EC-ACC.pem
Adding debian:Trustwave_Global_ECC_P256_Certification_Authority.pem
Adding debian:Entrust_Root_Certification_Authority_-_G2.pem
Adding debian:TWCA_Global_Root_CA.pem
Adding debian:SwissSign_Gold_CA_-_G2.pem
Adding debian:E-Tugra_Certification_Authority.pem
Adding debian:Starfield_Services_Root_Certificate_Authority_-_G2.pem
Adding debian:GTS_Root_R3.pem
Adding debian:COMODO_RSA_Certification_Authority.pem
Adding debian:Certum_Trusted_Network_CA.pem
Adding debian:VeriSign_Universal_Root_Certification_Authority.pem
Adding debian:QuoVadis_Root_CA_2.pem
Adding debian:Certigna_Root_CA.pem
Adding debian:SSL.com_EV_Root_Certification_Authority_ECC.pem
Adding debian:UCA_Extended_Validation_Root.pem
Adding debian:D-TRUST_Root_Class_3_CA_2_EV_2009.pem
Adding debian:Sonera_Class_2_Root_CA.pem
Adding debian:DigiCert_Global_Root_G2.pem
Adding debian:Microsoft_RSA_Root_Certificate_Authority_2017.pem
Adding debian:Buypass_Class_3_Root_CA.pem
Adding debian:COMODO_Certification_Authority.pem
Adding debian:e-Szigno_Root_CA_2017.pem
Adding debian:USERTrust_ECC_Certification_Authority.pem
Adding debian:SecureTrust_CA.pem
Adding debian:Certigna.pem
Adding debian:SSL.com_Root_Certification_Authority_ECC.pem
Adding debian:T-TeleSec_GlobalRoot_Class_3.pem
Adding debian:Autoridad_de_Certificacion_Firmaprofesional_CIF_A62634068.pem
Adding debian:ssl-cert-snakeoil.pem
done.
Setting up default-jdk (2:1.11-72) ...
Processing triggers for ca-certificates (20210119) ...
Updating certificates in /etc/ssl/certs...
0 added, 0 removed; done.
Running hooks in /etc/ca-certificates/update.d...

done.
done.
Processing triggers for mailcap (3.69) ...
Processing triggers for fontconfig (2.13.1-4.2) ...
Processing triggers for hicolor-icon-theme (0.17-2) ...
Processing triggers for libc-bin (2.31-13) ...

Pending kernel upgrade!

Running kernel version:
  3.10.0-1062.el7.x86_64

Diagnostics:
  The currently running kernel version is not the expected kernel version 5.10.0-kali9-amd64.

Restarting the system to load the new kernel will not be handled automatically, so you should consider rebooting. [Return]

Failed to check for processor microcode upgrades.

No services need to be restarted.

No containers need to be restarted.

No user sessions are running outdated binaries.
Collecting nose
  Downloading nose-1.3.7-py3-none-any.whl (154 kB)
Installing collected packages: nose
Successfully installed nose-1.3.7
Requirement already satisfied: coverage in /usr/local/lib/python3.9/dist-packages (5.5)
Requirement already satisfied: pyqtgraph in /usr/lib/python3/dist-packages (0.12.2)
Collecting capstone
  Downloading capstone-4.0.2-py2.py3-none-manylinux1_x86_64.whl (2.1 MB)
Installing collected packages: capstone
Successfully installed capstone-4.0.2
Collecting cstruct
  Downloading cstruct-1.8-py2.py3-none-any.whl (13 kB)
Installing collected packages: cstruct
Successfully installed cstruct-1.8
[91mCloning into 'external/binwalk'...
[0m[91mCloning into 'external/binwalk/yaffshiv'...
[0mrunning install
running build
running build_scripts
creating build
creating build/scripts-3.9
copying and adjusting src/yaffshiv -> build/scripts-3.9
changing mode of build/scripts-3.9/yaffshiv from 644 to 755
running install_scripts
copying build/scripts-3.9/yaffshiv -> /usr/local/bin
changing mode of /usr/local/bin/yaffshiv to 755
running install_egg_info
Writing /usr/local/lib/python3.9/dist-packages/yaffshiv-0.1.egg-info
[91mCloning into 'external/binwalk/sasquatch'...
[0mReading package lists...
Building dependency tree...
Reading state information...
build-essential is already the newest version (12.9).
liblzma-dev is already the newest version (5.2.5-2).
liblzo2-dev is already the newest version (2.10-2).
zlib1g-dev is already the newest version (1:1.2.11.dfsg-2).
The following packages were automatically installed and are no longer required:
  bundler fonts-lato john john-data libgmp-dev libgmpxx4ldbl liblinear4
  libpcap0.8 libruby2.7 lua-lpeg nasm nmap nmap-common
  oracle-instantclient-basic postgresql rake ruby ruby-bundler ruby-dev
  ruby-minitest ruby-net-telnet ruby-power-assert ruby-rubygems ruby-test-unit
  ruby-xmlrpc ruby2.7 ruby2.7-dev ruby2.7-doc rubygems-integration zip
Use 'sudo apt autoremove' to remove them.
0 upgraded, 0 newly installed, 0 to remove and 0 not upgraded.
[91m--2021-08-20 11:58:33--  https://downloads.sourceforge.net/project/squashfs/squashfs/squashfs4.3/squashfs4.3.tar.gz
[0m[91mResolving downloads.sourceforge.net (downloads.sourceforge.net)... [0m[91m204.68.111.105
Connecting to downloads.sourceforge.net (downloads.sourceforge.net)|204.68.111.105|:443... [0m[91mconnected.
[0m[91mHTTP request sent, awaiting response... [0m[91m302 Found
Location: https://nchc.dl.sourceforge.net/project/squashfs/squashfs/squashfs4.3/squashfs4.3.tar.gz [following]
[0m[91m--2021-08-20 11:58:33--  https://nchc.dl.sourceforge.net/project/squashfs/squashfs/squashfs4.3/squashfs4.3.tar.gz
Resolving nchc.dl.sourceforge.net (nchc.dl.sourceforge.net)... [0m[91m140.110.96.69, 2001:e10:ffff:1f02::17
Connecting to nchc.dl.sourceforge.net (nchc.dl.sourceforge.net)|140.110.96.69|:443... [0m[91mconnected.
[0m[91mHTTP request sent, awaiting response... [0m[91m200 OK
Length: 182550 (178K) [application/x-gzip]
[0m[91mSaving to: 'squashfs4.3.tar.gz'
[0m[91m
     0K .......... ......[0m[91m.... ....[0m[91m...... ..[0m[91m........ ........[0m[91m.. 28% 3.46M 0s
    50K .......... ....[0m[91m...... .........[0m[91m.[0m[91m .......... ...[0m[91m...[0m[91m.... 56% 6.49M 0s
   100K .......... ..[0m[91m........ ........[0m[91m.. .......... ....[0m[91m...... 84%[0m[91m 40.2M 0s
   150K ..[0m[91m........[0m[91m .......... ......[0m[91m..                        100% 92.1M=0.02s

[0m[91m2021-08-20 11:58:34 (7.53 MB/s) - 'squashfs4.3.tar.gz' saved [182550/182550]

[0msquashfs4.3/
squashfs4.3/ACKNOWLEDGEMENTS
squashfs4.3/README
squashfs4.3/README-4.3
squashfs4.3/pseudo-file.example
squashfs4.3/DONATIONS
squashfs4.3/OLD-READMEs/
squashfs4.3/OLD-READMEs/README-3.0
squashfs4.3/OLD-READMEs/README-3.3
squashfs4.3/OLD-READMEs/README-3.2
squashfs4.3/OLD-READMEs/README-2.0
squashfs4.3/OLD-READMEs/README-3.1
squashfs4.3/OLD-READMEs/README-4.0
squashfs4.3/OLD-READMEs/README-2.1
squashfs4.3/OLD-READMEs/README-4.2
squashfs4.3/OLD-READMEs/README-AMD64
squashfs4.3/OLD-READMEs/README-4.1
squashfs4.3/COPYING
squashfs4.3/INSTALL
squashfs4.3/PERFORMANCE.README
squashfs4.3/squashfs-tools/
squashfs4.3/squashfs-tools/restore.c
squashfs4.3/squashfs-tools/unsquashfs_info.h
squashfs4.3/squashfs-tools/lzma_xz_wrapper.c
squashfs4.3/squashfs-tools/xattr.c
squashfs4.3/squashfs-tools/unsquash-2.c
squashfs4.3/squashfs-tools/squashfs_fs.h
squashfs4.3/squashfs-tools/xattr.h
squashfs4.3/squashfs-tools/xz_wrapper.h
squashfs4.3/squashfs-tools/caches-queues-lists.h
squashfs4.3/squashfs-tools/gzip_wrapper.c
squashfs4.3/squashfs-tools/compressor.c
squashfs4.3/squashfs-tools/lzo_wrapper.c
squashfs4.3/squashfs-tools/progressbar.h
squashfs4.3/squashfs-tools/mksquashfs.c
squashfs4.3/squashfs-tools/unsquashfs_info.c
squashfs4.3/squashfs-tools/unsquashfs.h
squashfs4.3/squashfs-tools/Makefile
squashfs4.3/squashfs-tools/progressbar.c
squashfs4.3/squashfs-tools/swap.c
squashfs4.3/squashfs-tools/action.c
squashfs4.3/squashfs-tools/read_fs.c
squashfs4.3/squashfs-tools/squashfs_compat.h
squashfs4.3/squashfs-tools/xz_wrapper.c
squashfs4.3/squashfs-tools/info.c
squashfs4.3/squashfs-tools/unsquashfs_xattr.c
squashfs4.3/squashfs-tools/error.h
squashfs4.3/squashfs-tools/unsquash-4.c
squashfs4.3/squashfs-tools/unsquashfs.c
squashfs4.3/squashfs-tools/action.h
squashfs4.3/squashfs-tools/lz4_wrapper.c
squashfs4.3/squashfs-tools/unsquash-1.c
squashfs4.3/squashfs-tools/unsquash-3.c
squashfs4.3/squashfs-tools/read_fs.h
squashfs4.3/squashfs-tools/process_fragments.h
squashfs4.3/squashfs-tools/read_xattrs.c
squashfs4.3/squashfs-tools/read_file.c
squashfs4.3/squashfs-tools/lz4_wrapper.h
squashfs4.3/squashfs-tools/pseudo.c
squashfs4.3/squashfs-tools/lzma_wrapper.c
squashfs4.3/squashfs-tools/sort.h
squashfs4.3/squashfs-tools/gzip_wrapper.h
squashfs4.3/squashfs-tools/process_fragments.c
squashfs4.3/squashfs-tools/lzo_wrapper.h
squashfs4.3/squashfs-tools/caches-queues-lists.c
squashfs4.3/squashfs-tools/pseudo.h
squashfs4.3/squashfs-tools/squashfs_swap.h
squashfs4.3/squashfs-tools/restore.h
squashfs4.3/squashfs-tools/mksquashfs.h
squashfs4.3/squashfs-tools/info.h
squashfs4.3/squashfs-tools/compressor.h
squashfs4.3/squashfs-tools/sort.c
squashfs4.3/CHANGES
patching file squashfs-tools/compressor.c
patching file squashfs-tools/compressor.h
patching file squashfs-tools/error.h
patching file squashfs-tools/LICENSE
patching file squashfs-tools/LZMA/lzma465/7zC.txt
patching file squashfs-tools/LZMA/lzma465/7zFormat.txt
patching file squashfs-tools/LZMA/lzma465/C/7zBuf2.c
patching file squashfs-tools/LZMA/lzma465/C/7zBuf.c
patching file squashfs-tools/LZMA/lzma465/C/7zBuf.h
patching file squashfs-tools/LZMA/lzma465/C/7zCrc.c
patching file squashfs-tools/LZMA/lzma465/C/7zCrc.h
patching file squashfs-tools/LZMA/lzma465/C/7zFile.c
patching file squashfs-tools/LZMA/lzma465/C/7zFile.h
patching file squashfs-tools/LZMA/lzma465/C/7zStream.c
patching file squashfs-tools/LZMA/lzma465/C/7zVersion.h
patching file squashfs-tools/LZMA/lzma465/C/Alloc.c
patching file squashfs-tools/LZMA/lzma465/C/Alloc.h
patching file squashfs-tools/LZMA/lzma465/C/Archive/7z/7zAlloc.c
patching file squashfs-tools/LZMA/lzma465/C/Archive/7z/7zAlloc.h
patching file squashfs-tools/LZMA/lzma465/C/Archive/7z/7zDecode.c
patching file squashfs-tools/LZMA/lzma465/C/Archive/7z/7zDecode.h
patching file squashfs-tools/LZMA/lzma465/C/Archive/7z/7z.dsp
patching file squashfs-tools/LZMA/lzma465/C/Archive/7z/7z.dsw
patching file squashfs-tools/LZMA/lzma465/C/Archive/7z/7zExtract.c
patching file squashfs-tools/LZMA/lzma465/C/Archive/7z/7zExtract.h
patching file squashfs-tools/LZMA/lzma465/C/Archive/7z/7zHeader.c
patching file squashfs-tools/LZMA/lzma465/C/Archive/7z/7zHeader.h
patching file squashfs-tools/LZMA/lzma465/C/Archive/7z/7zIn.c
patching file squashfs-tools/LZMA/lzma465/C/Archive/7z/7zIn.h
patching file squashfs-tools/LZMA/lzma465/C/Archive/7z/7zItem.c
patching file squashfs-tools/LZMA/lzma465/C/Archive/7z/7zItem.h
patching file squashfs-tools/LZMA/lzma465/C/Archive/7z/7zMain.c
patching file squashfs-tools/LZMA/lzma465/C/Archive/7z/makefile
patching file squashfs-tools/LZMA/lzma465/C/Archive/7z/makefile.gcc
patching file squashfs-tools/LZMA/lzma465/C/Bcj2.c
patching file squashfs-tools/LZMA/lzma465/C/Bcj2.h
patching file squashfs-tools/LZMA/lzma465/C/Bra86.c
patching file squashfs-tools/LZMA/lzma465/C/Bra.c
patching file squashfs-tools/LZMA/lzma465/C/Bra.h
patching file squashfs-tools/LZMA/lzma465/C/BraIA64.c
patching file squashfs-tools/LZMA/lzma465/C/CpuArch.h
patching file squashfs-tools/LZMA/lzma465/C/LzFind.c
patching file squashfs-tools/LZMA/lzma465/C/LzFind.h
patching file squashfs-tools/LZMA/lzma465/C/LzFindMt.c
patching file squashfs-tools/LZMA/lzma465/C/LzFindMt.h
patching file squashfs-tools/LZMA/lzma465/C/LzHash.h
patching file squashfs-tools/LZMA/lzma465/C/LzmaDec.c
patching file squashfs-tools/LZMA/lzma465/C/LzmaDec.h
patching file squashfs-tools/LZMA/lzma465/C/LzmaEnc.c
patching file squashfs-tools/LZMA/lzma465/C/LzmaEnc.h
patching file squashfs-tools/LZMA/lzma465/C/LzmaLib/LzmaLib.def
patching file squashfs-tools/LZMA/lzma465/C/LzmaLib/LzmaLib.dsp
patching file squashfs-tools/LZMA/lzma465/C/LzmaLib/LzmaLib.dsw
patching file squashfs-tools/LZMA/lzma465/C/LzmaLib/LzmaLibExports.c
patching file squashfs-tools/LZMA/lzma465/C/LzmaLib/makefile
patching file squashfs-tools/LZMA/lzma465/C/LzmaLib/resource.rc
patching file squashfs-tools/LZMA/lzma465/C/LzmaLib.c
patching file squashfs-tools/LZMA/lzma465/C/LzmaLib.h
patching file squashfs-tools/LZMA/lzma465/C/LzmaUtil/Lzma86Dec.c
patching file squashfs-tools/LZMA/lzma465/C/LzmaUtil/Lzma86Dec.h
patching file squashfs-tools/LZMA/lzma465/C/LzmaUtil/Lzma86Enc.c
patching file squashfs-tools/LZMA/lzma465/C/LzmaUtil/Lzma86Enc.h
patching file squashfs-tools/LZMA/lzma465/C/LzmaUtil/LzmaUtil.c
patching file squashfs-tools/LZMA/lzma465/C/LzmaUtil/LzmaUtil.dsp
patching file squashfs-tools/LZMA/lzma465/C/LzmaUtil/LzmaUtil.dsw
patching file squashfs-tools/LZMA/lzma465/C/LzmaUtil/makefile
patching file squashfs-tools/LZMA/lzma465/C/LzmaUtil/makefile.gcc
patching file squashfs-tools/LZMA/lzma465/C/Threads.c
patching file squashfs-tools/LZMA/lzma465/C/Threads.h
patching file squashfs-tools/LZMA/lzma465/C/Types.h
patching file squashfs-tools/LZMA/lzma465/history.txt
patching file squashfs-tools/LZMA/lzma465/lzma.txt
patching file squashfs-tools/LZMA/lzma465/Methods.txt
patching file squashfs-tools/LZMA/lzmadaptive/7zC.txt
patching file squashfs-tools/LZMA/lzmadaptive/7zFormat.txt
patching file squashfs-tools/LZMA/lzmadaptive/C/7zip/Archive/7z_C/7zAlloc.c
patching file squashfs-tools/LZMA/lzmadaptive/C/7zip/Archive/7z_C/7zAlloc.h
patching file squashfs-tools/LZMA/lzmadaptive/C/7zip/Archive/7z_C/7zBuffer.c
patching file squashfs-tools/LZMA/lzmadaptive/C/7zip/Archive/7z_C/7zBuffer.h
patching file squashfs-tools/LZMA/lzmadaptive/C/7zip/Archive/7z_C/7z_C.dsp
patching file squashfs-tools/LZMA/lzmadaptive/C/7zip/Archive/7z_C/7z_C.dsw
patching file squashfs-tools/LZMA/lzmadaptive/C/7zip/Archive/7z_C/7zCrc.c
patching file squashfs-tools/LZMA/lzmadaptive/C/7zip/Archive/7z_C/7zCrc.h
patching file squashfs-tools/LZMA/lzmadaptive/C/7zip/Archive/7z_C/7zDecode.c
patching file squashfs-tools/LZMA/lzmadaptive/C/7zip/Archive/7z_C/7zDecode.h
patching file squashfs-tools/LZMA/lzmadaptive/C/7zip/Archive/7z_C/7zExtract.c
patching file squashfs-tools/LZMA/lzmadaptive/C/7zip/Archive/7z_C/7zExtract.h
patching file squashfs-tools/LZMA/lzmadaptive/C/7zip/Archive/7z_C/7zHeader.c
patching file squashfs-tools/LZMA/lzmadaptive/C/7zip/Archive/7z_C/7zHeader.h
patching file squashfs-tools/LZMA/lzmadaptive/C/7zip/Archive/7z_C/7zIn.c
patching file squashfs-tools/LZMA/lzmadaptive/C/7zip/Archive/7z_C/7zIn.h
patching file squashfs-tools/LZMA/lzmadaptive/C/7zip/Archive/7z_C/7zItem.c
patching file squashfs-tools/LZMA/lzmadaptive/C/7zip/Archive/7z_C/7zItem.h
patching file squashfs-tools/LZMA/lzmadaptive/C/7zip/Archive/7z_C/7zMain.c
patching file squashfs-tools/LZMA/lzmadaptive/C/7zip/Archive/7z_C/7zMethodID.c
patching file squashfs-tools/LZMA/lzmadaptive/C/7zip/Archive/7z_C/7zMethodID.h
patching file squashfs-tools/LZMA/lzmadaptive/C/7zip/Archive/7z_C/7zTypes.h
patching file squashfs-tools/LZMA/lzmadaptive/C/7zip/Archive/7z_C/makefile
patching file squashfs-tools/LZMA/lzmadaptive/C/7zip/Archive/7z_C/makefile.gcc
patching file squashfs-tools/LZMA/lzmadaptive/C/7zip/Common/FileStreams.cpp
patching file squashfs-tools/LZMA/lzmadaptive/C/7zip/Common/FileStreams.h
patching file squashfs-tools/LZMA/lzmadaptive/C/7zip/Common/InBuffer.cpp
patching file squashfs-tools/LZMA/lzmadaptive/C/7zip/Common/InBuffer.h
patching file squashfs-tools/LZMA/lzmadaptive/C/7zip/Common/OutBuffer.cpp
patching file squashfs-tools/LZMA/lzmadaptive/C/7zip/Common/OutBuffer.h
patching file squashfs-tools/LZMA/lzmadaptive/C/7zip/Common/StdAfx.h
patching file squashfs-tools/LZMA/lzmadaptive/C/7zip/Common/StreamUtils.cpp
patching file squashfs-tools/LZMA/lzmadaptive/C/7zip/Common/StreamUtils.h
patching file squashfs-tools/LZMA/lzmadaptive/C/7zip/Compress/Branch/ARM.cpp
patching file squashfs-tools/LZMA/lzmadaptive/C/7zip/Compress/Branch/ARM.h
patching file squashfs-tools/LZMA/lzmadaptive/C/7zip/Compress/Branch/ARMThumb.cpp
patching file squashfs-tools/LZMA/lzmadaptive/C/7zip/Compress/Branch/ARMThumb.h
patching file squashfs-tools/LZMA/lzmadaptive/C/7zip/Compress/Branch/BranchARM.c
patching file squashfs-tools/LZMA/lzmadaptive/C/7zip/Compress/Branch/BranchARM.h
patching file squashfs-tools/LZMA/lzmadaptive/C/7zip/Compress/Branch/BranchARMThumb.c
patching file squashfs-tools/LZMA/lzmadaptive/C/7zip/Compress/Branch/BranchARMThumb.h
patching file squashfs-tools/LZMA/lzmadaptive/C/7zip/Compress/Branch/BranchCoder.cpp
patching file squashfs-tools/LZMA/lzmadaptive/C/7zip/Compress/Branch/BranchCoder.h
patching file squashfs-tools/LZMA/lzmadaptive/C/7zip/Compress/Branch/BranchIA64.c
patching file squashfs-tools/LZMA/lzmadaptive/C/7zip/Compress/Branch/BranchIA64.h
patching file squashfs-tools/LZMA/lzmadaptive/C/7zip/Compress/Branch/BranchPPC.c
patching file squashfs-tools/LZMA/lzmadaptive/C/7zip/Compress/Branch/BranchPPC.h
patching file squashfs-tools/LZMA/lzmadaptive/C/7zip/Compress/Branch/BranchSPARC.c
patching file squashfs-tools/LZMA/lzmadaptive/C/7zip/Compress/Branch/BranchSPARC.h
patching file squashfs-tools/LZMA/lzmadaptive/C/7zip/Compress/Branch/BranchX86.c
patching file squashfs-tools/LZMA/lzmadaptive/C/7zip/Compress/Branch/BranchX86.h
patching file squashfs-tools/LZMA/lzmadaptive/C/7zip/Compress/Branch/IA64.cpp
patching file squashfs-tools/LZMA/lzmadaptive/C/7zip/Compress/Branch/IA64.h
patching file squashfs-tools/LZMA/lzmadaptive/C/7zip/Compress/Branch/PPC.cpp
patching file squashfs-tools/LZMA/lzmadaptive/C/7zip/Compress/Branch/PPC.h
patching file squashfs-tools/LZMA/lzmadaptive/C/7zip/Compress/Branch/SPARC.cpp
patching file squashfs-tools/LZMA/lzmadaptive/C/7zip/Compress/Branch/SPARC.h
patching file squashfs-tools/LZMA/lzmadaptive/C/7zip/Compress/Branch/StdAfx.h
patching file squashfs-tools/LZMA/lzmadaptive/C/7zip/Compress/Branch/x86_2.cpp
patching file squashfs-tools/LZMA/lzmadaptive/C/7zip/Compress/Branch/x86_2.h
patching file squashfs-tools/LZMA/lzmadaptive/C/7zip/Compress/Branch/x86.cpp
patching file squashfs-tools/LZMA/lzmadaptive/C/7zip/Compress/Branch/x86.h
patching file squashfs-tools/LZMA/lzmadaptive/C/7zip/Compress/LZ/BinTree/BinTree2.h
patching file squashfs-tools/LZMA/lzmadaptive/C/7zip/Compress/LZ/BinTree/BinTree3.h
patching file squashfs-tools/LZMA/lzmadaptive/C/7zip/Compress/LZ/BinTree/BinTree3Z.h
patching file squashfs-tools/LZMA/lzmadaptive/C/7zip/Compress/LZ/BinTree/BinTree4b.h
patching file squashfs-tools/LZMA/lzmadaptive/C/7zip/Compress/LZ/BinTree/BinTree4.h
patching file squashfs-tools/LZMA/lzmadaptive/C/7zip/Compress/LZ/BinTree/BinTree.h
patching file squashfs-tools/LZMA/lzmadaptive/C/7zip/Compress/LZ/BinTree/BinTreeMain.h
patching file squashfs-tools/LZMA/lzmadaptive/C/7zip/Compress/LZ/HashChain/HC2.h
patching file squashfs-tools/LZMA/lzmadaptive/C/7zip/Compress/LZ/HashChain/HC3.h
patching file squashfs-tools/LZMA/lzmadaptive/C/7zip/Compress/LZ/HashChain/HC4b.h
patching file squashfs-tools/LZMA/lzmadaptive/C/7zip/Compress/LZ/HashChain/HC4.h
patching file squashfs-tools/LZMA/lzmadaptive/C/7zip/Compress/LZ/HashChain/HC.h
patching file squashfs-tools/LZMA/lzmadaptive/C/7zip/Compress/LZ/HashChain/HCMain.h
patching file squashfs-tools/LZMA/lzmadaptive/C/7zip/Compress/LZ/IMatchFinder.h
patching file squashfs-tools/LZMA/lzmadaptive/C/7zip/Compress/LZ/LZInWindow.cpp
patching file squashfs-tools/LZMA/lzmadaptive/C/7zip/Compress/LZ/LZInWindow.h
patching file squashfs-tools/LZMA/lzmadaptive/C/7zip/Compress/LZ/LZOutWindow.cpp
patching file squashfs-tools/LZMA/lzmadaptive/C/7zip/Compress/LZ/LZOutWindow.h
patching file squashfs-tools/LZMA/lzmadaptive/C/7zip/Compress/LZ/Patricia/Pat2.h
patching file squashfs-tools/LZMA/lzmadaptive/C/7zip/Compress/LZ/Patricia/Pat2H.h
patching file squashfs-tools/LZMA/lzmadaptive/C/7zip/Compress/LZ/Patricia/Pat2R.h
patching file squashfs-tools/LZMA/lzmadaptive/C/7zip/Compress/LZ/Patricia/Pat3H.h
patching file squashfs-tools/LZMA/lzmadaptive/C/7zip/Compress/LZ/Patricia/Pat4H.h
patching file squashfs-tools/LZMA/lzmadaptive/C/7zip/Compress/LZ/Patricia/Pat.h
patching file squashfs-tools/LZMA/lzmadaptive/C/7zip/Compress/LZ/Patricia/PatMain.h
patching file squashfs-tools/LZMA/lzmadaptive/C/7zip/Compress/LZ/StdAfx.h
patching file squashfs-tools/LZMA/lzmadaptive/C/7zip/Compress/LZMA/LZMADecoder.cpp
patching file squashfs-tools/LZMA/lzmadaptive/C/7zip/Compress/LZMA/LZMADecoder.h
patching file squashfs-tools/LZMA/lzmadaptive/C/7zip/Compress/LZMA/LZMAEncoder.cpp
patching file squashfs-tools/LZMA/lzmadaptive/C/7zip/Compress/LZMA/LZMAEncoder.h
patching file squashfs-tools/LZMA/lzmadaptive/C/7zip/Compress/LZMA/LZMA.h
patching file squashfs-tools/LZMA/lzmadaptive/C/7zip/Compress/LZMA/StdAfx.h
patching file squashfs-tools/LZMA/lzmadaptive/C/7zip/Compress/LZMA_Alone/AloneLZMA.dsp
patching file squashfs-tools/LZMA/lzmadaptive/C/7zip/Compress/LZMA_Alone/AloneLZMA.dsw
patching file squashfs-tools/LZMA/lzmadaptive/C/7zip/Compress/LZMA_Alone/LzmaAlone.cpp
patching file squashfs-tools/LZMA/lzmadaptive/C/7zip/Compress/LZMA_Alone/LzmaBench.cpp
patching file squashfs-tools/LZMA/lzmadaptive/C/7zip/Compress/LZMA_Alone/LzmaBench.h
patching file squashfs-tools/LZMA/lzmadaptive/C/7zip/Compress/LZMA_Alone/LzmaRam.cpp
patching file squashfs-tools/LZMA/lzmadaptive/C/7zip/Compress/LZMA_Alone/LzmaRamDecode.c
patching file squashfs-tools/LZMA/lzmadaptive/C/7zip/Compress/LZMA_Alone/LzmaRamDecode.h
patching file squashfs-tools/LZMA/lzmadaptive/C/7zip/Compress/LZMA_Alone/LzmaRam.h
patching file squashfs-tools/LZMA/lzmadaptive/C/7zip/Compress/LZMA_Alone/makefile
patching file squashfs-tools/LZMA/lzmadaptive/C/7zip/Compress/LZMA_Alone/makefile.gcc
patching file squashfs-tools/LZMA/lzmadaptive/C/7zip/Compress/LZMA_Alone/StdAfx.cpp
patching file squashfs-tools/LZMA/lzmadaptive/C/7zip/Compress/LZMA_Alone/StdAfx.h
patching file squashfs-tools/LZMA/lzmadaptive/C/7zip/Compress/LZMA_C/LzmaDecode.c
patching file squashfs-tools/LZMA/lzmadaptive/C/7zip/Compress/LZMA_C/LzmaDecode.h
patching file squashfs-tools/LZMA/lzmadaptive/C/7zip/Compress/LZMA_C/LzmaDecodeSize.c
patching file squashfs-tools/LZMA/lzmadaptive/C/7zip/Compress/LZMA_C/LzmaStateDecode.c
patching file squashfs-tools/LZMA/lzmadaptive/C/7zip/Compress/LZMA_C/LzmaStateDecode.h
patching file squashfs-tools/LZMA/lzmadaptive/C/7zip/Compress/LZMA_C/LzmaStateTest.c
patching file squashfs-tools/LZMA/lzmadaptive/C/7zip/Compress/LZMA_C/LzmaTest.c
patching file squashfs-tools/LZMA/lzmadaptive/C/7zip/Compress/LZMA_C/makefile
patching file squashfs-tools/LZMA/lzmadaptive/C/7zip/Compress/LZMA_C/makefile.gcc
patching file squashfs-tools/LZMA/lzmadaptive/C/7zip/Compress/LZMA_Lib/lzmadaptive.h
patching file squashfs-tools/LZMA/lzmadaptive/C/7zip/Compress/LZMA_Lib/makefile
patching file squashfs-tools/LZMA/lzmadaptive/C/7zip/Compress/LZMA_Lib/ZLib.cpp
patching file squashfs-tools/LZMA/lzmadaptive/C/7zip/Compress/RangeCoder/RangeCoderBit.cpp
patching file squashfs-tools/LZMA/lzmadaptive/C/7zip/Compress/RangeCoder/RangeCoderBit.h
patching file squashfs-tools/LZMA/lzmadaptive/C/7zip/Compress/RangeCoder/RangeCoderBitTree.h
patching file squashfs-tools/LZMA/lzmadaptive/C/7zip/Compress/RangeCoder/RangeCoder.h
patching file squashfs-tools/LZMA/lzmadaptive/C/7zip/Compress/RangeCoder/RangeCoderOpt.h
patching file squashfs-tools/LZMA/lzmadaptive/C/7zip/Compress/RangeCoder/StdAfx.h
patching file squashfs-tools/LZMA/lzmadaptive/C/7zip/ICoder.h
patching file squashfs-tools/LZMA/lzmadaptive/C/7zip/IStream.h
patching file squashfs-tools/LZMA/lzmadaptive/C/Common/Alloc.cpp
patching file squashfs-tools/LZMA/lzmadaptive/C/Common/Alloc.h
patching file squashfs-tools/LZMA/lzmadaptive/C/Common/C_FileIO.cpp
patching file squashfs-tools/LZMA/lzmadaptive/C/Common/C_FileIO.h
patching file squashfs-tools/LZMA/lzmadaptive/C/Common/CommandLineParser.cpp
patching file squashfs-tools/LZMA/lzmadaptive/C/Common/CommandLineParser.h
patching file squashfs-tools/LZMA/lzmadaptive/C/Common/ComTry.h
patching file squashfs-tools/LZMA/lzmadaptive/C/Common/CRC.cpp
patching file squashfs-tools/LZMA/lzmadaptive/C/Common/CRC.h
patching file squashfs-tools/LZMA/lzmadaptive/C/Common/Defs.h
patching file squashfs-tools/LZMA/lzmadaptive/C/Common/MyCom.h
patching file squashfs-tools/LZMA/lzmadaptive/C/Common/MyGuidDef.h
patching file squashfs-tools/LZMA/lzmadaptive/C/Common/MyInitGuid.h
patching file squashfs-tools/LZMA/lzmadaptive/C/Common/MyUnknown.h
patching file squashfs-tools/LZMA/lzmadaptive/C/Common/MyWindows.h
patching file squashfs-tools/LZMA/lzmadaptive/C/Common/NewHandler.cpp
patching file squashfs-tools/LZMA/lzmadaptive/C/Common/NewHandler.h
patching file squashfs-tools/LZMA/lzmadaptive/C/Common/StdAfx.h
patching file squashfs-tools/LZMA/lzmadaptive/C/Common/StringConvert.cpp
patching file squashfs-tools/LZMA/lzmadaptive/C/Common/StringConvert.h
patching file squashfs-tools/LZMA/lzmadaptive/C/Common/String.cpp
patching file squashfs-tools/LZMA/lzmadaptive/C/Common/String.h
patching file squashfs-tools/LZMA/lzmadaptive/C/Common/StringToInt.cpp
patching file squashfs-tools/LZMA/lzmadaptive/C/Common/StringToInt.h
patching file squashfs-tools/LZMA/lzmadaptive/C/Common/Types.h
patching file squashfs-tools/LZMA/lzmadaptive/C/Common/Vector.cpp
patching file squashfs-tools/LZMA/lzmadaptive/C/Common/Vector.h
patching file squashfs-tools/LZMA/lzmadaptive/C/Windows/Defs.h
patching file squashfs-tools/LZMA/lzmadaptive/C/Windows/FileIO.cpp
patching file squashfs-tools/LZMA/lzmadaptive/C/Windows/FileIO.h
patching file squashfs-tools/LZMA/lzmadaptive/C/Windows/StdAfx.h
patching file squashfs-tools/LZMA/lzmadaptive/CPL.html
patching file squashfs-tools/LZMA/lzmadaptive/history.txt
patching file squashfs-tools/LZMA/lzmadaptive/LGPL.txt
patching file squashfs-tools/LZMA/lzmadaptive/lzma.txt
patching file squashfs-tools/LZMA/lzmadaptive/Methods.txt
patching file squashfs-tools/LZMA/lzmalt/7zlzma.c
patching file squashfs-tools/LZMA/lzmalt/AriBitCoder.h
patching file squashfs-tools/LZMA/lzmalt/BitTreeCoder.h
patching file squashfs-tools/LZMA/lzmalt/IInOutStreams.c
patching file squashfs-tools/LZMA/lzmalt/IInOutStreams.h
patching file squashfs-tools/LZMA/lzmalt/LenCoder.h
patching file squashfs-tools/LZMA/lzmalt/LiteralCoder.h
patching file squashfs-tools/LZMA/lzmalt/LZMADecoder.c
patching file squashfs-tools/LZMA/lzmalt/LZMADecoder.h
patching file squashfs-tools/LZMA/lzmalt/LZMA.h
patching file squashfs-tools/LZMA/lzmalt/lzmalt.h
patching file squashfs-tools/LZMA/lzmalt/Makefile
patching file squashfs-tools/LZMA/lzmalt/Portable.h
patching file squashfs-tools/LZMA/lzmalt/RangeCoder.h
patching file squashfs-tools/LZMA/lzmalt/RCDefs.h
patching file squashfs-tools/LZMA/lzmalt/vxTypesOld.h
patching file squashfs-tools/LZMA/lzmalt/WindowOut.h
patching file squashfs-tools/lzma_wrapper.c
patching file squashfs-tools/Makefile
patching file squashfs-tools/process_fragments.c
patching file squashfs-tools/read_fs.c
patching file squashfs-tools/README.md
patching file squashfs-tools/squashfs_fs.h
patching file squashfs-tools/unsquashfs.c
Hunk #1 succeeded at 32 with fuzz 1.
cc -fcommon  -I. -I./LZMA/lzma465/C -I./LZMA/lzmalt -I./LZMA/lzmadaptive/C/7zip/Compress/LZMA_Lib -D_FILE_OFFSET_BITS=64 -D_LARGEFILE_SOURCE -D_GNU_SOURCE -DCOMP_DEFAULT=\"gzip\" -Wall -Werror  -DGZIP_SUPPORT -DLZMA_SUPPORT -DXZ_SUPPORT -DLZO_SUPPORT -DXATTR_SUPPORT -DXATTR_DEFAULT   -c -o unsquashfs.o unsquashfs.c
cc -fcommon  -I. -I./LZMA/lzma465/C -I./LZMA/lzmalt -I./LZMA/lzmadaptive/C/7zip/Compress/LZMA_Lib -D_FILE_OFFSET_BITS=64 -D_LARGEFILE_SOURCE -D_GNU_SOURCE -DCOMP_DEFAULT=\"gzip\" -Wall -Werror  -DGZIP_SUPPORT -DLZMA_SUPPORT -DXZ_SUPPORT -DLZO_SUPPORT -DXATTR_SUPPORT -DXATTR_DEFAULT   -c -o unsquash-1.o unsquash-1.c
cc -fcommon  -I. -I./LZMA/lzma465/C -I./LZMA/lzmalt -I./LZMA/lzmadaptive/C/7zip/Compress/LZMA_Lib -D_FILE_OFFSET_BITS=64 -D_LARGEFILE_SOURCE -D_GNU_SOURCE -DCOMP_DEFAULT=\"gzip\" -Wall -Werror  -DGZIP_SUPPORT -DLZMA_SUPPORT -DXZ_SUPPORT -DLZO_SUPPORT -DXATTR_SUPPORT -DXATTR_DEFAULT   -c -o unsquash-2.o unsquash-2.c
cc -fcommon  -I. -I./LZMA/lzma465/C -I./LZMA/lzmalt -I./LZMA/lzmadaptive/C/7zip/Compress/LZMA_Lib -D_FILE_OFFSET_BITS=64 -D_LARGEFILE_SOURCE -D_GNU_SOURCE -DCOMP_DEFAULT=\"gzip\" -Wall -Werror  -DGZIP_SUPPORT -DLZMA_SUPPORT -DXZ_SUPPORT -DLZO_SUPPORT -DXATTR_SUPPORT -DXATTR_DEFAULT   -c -o unsquash-3.o unsquash-3.c
cc -fcommon  -I. -I./LZMA/lzma465/C -I./LZMA/lzmalt -I./LZMA/lzmadaptive/C/7zip/Compress/LZMA_Lib -D_FILE_OFFSET_BITS=64 -D_LARGEFILE_SOURCE -D_GNU_SOURCE -DCOMP_DEFAULT=\"gzip\" -Wall -Werror  -DGZIP_SUPPORT -DLZMA_SUPPORT -DXZ_SUPPORT -DLZO_SUPPORT -DXATTR_SUPPORT -DXATTR_DEFAULT   -c -o unsquash-4.o unsquash-4.c
cc -fcommon  -I. -I./LZMA/lzma465/C -I./LZMA/lzmalt -I./LZMA/lzmadaptive/C/7zip/Compress/LZMA_Lib -D_FILE_OFFSET_BITS=64 -D_LARGEFILE_SOURCE -D_GNU_SOURCE -DCOMP_DEFAULT=\"gzip\" -Wall -Werror  -DGZIP_SUPPORT -DLZMA_SUPPORT -DXZ_SUPPORT -DLZO_SUPPORT -DXATTR_SUPPORT -DXATTR_DEFAULT   -c -o swap.o swap.c
cc -fcommon  -I. -I./LZMA/lzma465/C -I./LZMA/lzmalt -I./LZMA/lzmadaptive/C/7zip/Compress/LZMA_Lib -D_FILE_OFFSET_BITS=64 -D_LARGEFILE_SOURCE -D_GNU_SOURCE -DCOMP_DEFAULT=\"gzip\" -Wall -Werror  -DGZIP_SUPPORT -DLZMA_SUPPORT -DXZ_SUPPORT -DLZO_SUPPORT -DXATTR_SUPPORT -DXATTR_DEFAULT   -c -o compressor.o compressor.c
cc -fcommon  -I. -I./LZMA/lzma465/C -I./LZMA/lzmalt -I./LZMA/lzmadaptive/C/7zip/Compress/LZMA_Lib -D_FILE_OFFSET_BITS=64 -D_LARGEFILE_SOURCE -D_GNU_SOURCE -DCOMP_DEFAULT=\"gzip\" -Wall -Werror  -DGZIP_SUPPORT -DLZMA_SUPPORT -DXZ_SUPPORT -DLZO_SUPPORT -DXATTR_SUPPORT -DXATTR_DEFAULT   -c -o unsquashfs_info.o unsquashfs_info.c
cc -fcommon  -I. -I./LZMA/lzma465/C -I./LZMA/lzmalt -I./LZMA/lzmadaptive/C/7zip/Compress/LZMA_Lib -D_FILE_OFFSET_BITS=64 -D_LARGEFILE_SOURCE -D_GNU_SOURCE -DCOMP_DEFAULT=\"gzip\" -Wall -Werror  -DGZIP_SUPPORT -DLZMA_SUPPORT -DXZ_SUPPORT -DLZO_SUPPORT -DXATTR_SUPPORT -DXATTR_DEFAULT   -c -o gzip_wrapper.o gzip_wrapper.c
make -C ./LZMA/lzmalt
make[1]: Entering directory '/external/binwalk/sasquatch/squashfs4.3/squashfs-tools/LZMA/lzmalt'
gcc -I. -D_FILE_OFFSET_BITS=64 -D_LARGEFILE_SOURCE -O2   -c -o 7zlzma.o 7zlzma.c
gcc -I. -D_FILE_OFFSET_BITS=64 -D_LARGEFILE_SOURCE -O2   -c -o IInOutStreams.o IInOutStreams.c
gcc -I. -D_FILE_OFFSET_BITS=64 -D_LARGEFILE_SOURCE -O2   -c -o LZMADecoder.o LZMADecoder.c
make[1]: Leaving directory '/external/binwalk/sasquatch/squashfs4.3/squashfs-tools/LZMA/lzmalt'
make -C ./LZMA/lzmadaptive/C/7zip/Compress/LZMA_Lib
make[1]: Entering directory '/external/binwalk/sasquatch/squashfs4.3/squashfs-tools/LZMA/lzmadaptive/C/7zip/Compress/LZMA_Lib'
g++ -O3 -Wall -c  -I ../../../ ZLib.cpp
g++ -O3 -Wall -c  -I ../../../ ../LZMA/LZMADecoder.cpp
g++ -O3 -Wall -c  -I ../../../ ../LZMA/LZMAEncoder.cpp
g++ -O3 -Wall -c  -I ../../../ ../LZ/LZInWindow.cpp
g++ -O3 -Wall -c  -I ../../../ ../LZ/LZOutWindow.cpp
g++ -O3 -Wall -c  -I ../../../ ../RangeCoder/RangeCoderBit.cpp
g++ -O3 -Wall -c  -I ../../../ ../../Common/InBuffer.cpp
g++ -O3 -Wall -c  -I ../../../ ../../Common/OutBuffer.cpp
g++ -O3 -Wall -c  -I ../../../ ../../Common/FileStreams.cpp
g++ -O3 -Wall -c  -I ../../../ ../../../Common/Alloc.cpp
g++ -O3 -Wall -c  -I ../../../ ../../../Common/C_FileIO.cpp
g++ -O3 -Wall -c  -I ../../../ ../../../Common/CommandLineParser.cpp
[91mIn file included from ../../../Common/String.h:9,
                 from ../../../Common/CommandLineParser.h:6,
                 from ../../../Common/CommandLineParser.cpp:5:
../../../Common/Vector.h: In member function 'int CObjectVector<T>::Find(const T&) const':
../../../Common/Vector.h:161:5: warning: this 'for' clause does not guard... [-Wmisleading-indentation]
  161 |     for(int i = 0; i < Size(); i++)
      |     ^~~
../../../Common/Vector.h:164:7: note: ...this statement, but the latter is misleadingly indented as if it were guarded by the 'for'
  164 |       return -1;
      |       ^~~~~~
[0m[91mIn file included from ../../../Common/CommandLineParser.h:6,
                 from ../../../Common/CommandLineParser.cpp:5:
../../../Common/String.h: In member function 'int CStringBase<T>::FindOneOf(const CStringBase<T>&) const':
../../../Common/String.h:417:5: warning: this 'for' clause does not guard... [-Wmisleading-indentation]
  417 |     for(int i = 0; i < _length; i++)
      |     ^~~
../../../Common/String.h:420:7: note: ...this statement, but the latter is misleadingly indented as if it were guarded by the 'for'
  420 |       return -1;
      |       ^~~~~~
[0m[91m../../../Common/String.h: In instantiation of 'CStringBase<T> CStringBase<T>::GetTrimDefaultCharSet() [with T = wchar_t]':
../../../Common/String.h:447:26:   required from 'void CStringBase<T>::TrimRight() [with T = wchar_t]'
../../../Common/String.h:472:14:   required from 'void CStringBase<T>::Trim() [with T = wchar_t]'
../../../Common/CommandLineParser.cpp:34:14:   required from here
../../../Common/String.h:434:58: warning: division 'sizeof (const char*) / sizeof (const char)' does not compute the number of array elements [-Wsizeof-pointer-div]
  434 |     for(int i = 0; i < (int)(sizeof(kTrimDefaultCharSet) /
      |                             ~~~~~~~~~~~~~~~~~~~~~~~~~~~~~^
  435 |       sizeof(kTrimDefaultCharSet[0])); i++)
      |       ~~~~~~~~~~~~~~~~~~~~~~~~~~~~~~~                     
../../../Common/String.h:15:20: note: first 'sizeof' operand was declared here
   15 | static const char *kTrimDefaultCharSet  = " \n\t";
      |                    ^~~~~~~~~~~~~~~~~~~
[0mg++ -O3 -Wall -c  -I ../../../ ../../../Common/CRC.cpp
g++ -O3 -Wall -c  -I ../../../ ../../Common/StreamUtils.cpp
g++ -O3 -Wall -c  -I ../../../ ../../../Common/String.cpp
[91mIn file included from ../../../Common/String.h:9,
                 from ../../../Common/String.cpp:11:
../../../Common/Vector.h: In member function 'int CObjectVector<T>::Find(const T&) const':
../../../Common/Vector.h:161:5: warning: this 'for' clause does not guard... [-Wmisleading-indentation]
  161 |     for(int i = 0; i < Size(); i++)
      |     ^~~
../../../Common/Vector.h:164:7: note: ...this statement, but the latter is misleadingly indented as if it were guarded by the 'for'
  164 |       return -1;
      |       ^~~~~~
[0m[91mIn file included from ../../../Common/String.cpp:11:
../../../Common/String.h: In member function 'int CStringBase<T>::FindOneOf(const CStringBase<T>&) const':
../../../Common/String.h:417:5: warning: this 'for' clause does not guard... [-Wmisleading-indentation]
  417 |     for(int i = 0; i < _length; i++)
      |     ^~~
../../../Common/String.h:420:7: note: ...this statement, but the latter is misleadingly indented as if it were guarded by the 'for'
  420 |       return -1;
      |       ^~~~~~
[0mg++ -O3 -Wall -c  -I ../../../ ../../../Common/StringConvert.cpp
[91mIn file included from ../../../Common/String.h:9,
                 from ../../../Common/StringConvert.h:7,
                 from ../../../Common/StringConvert.cpp:5:
../../../Common/Vector.h: In member function 'int CObjectVector<T>::Find(const T&) const':
../../../Common/Vector.h:161:5: warning: this 'for' clause does not guard... [-Wmisleading-indentation]
  161 |     for(int i = 0; i < Size(); i++)
      |     ^~~
../../../Common/Vector.h:164:7: note: ...this statement, but the latter is misleadingly indented as if it were guarded by the 'for'
  164 |       return -1;
      |       ^~~~~~
[0m[91mIn file included from ../../../Common/StringConvert.h:7,
                 from ../../../Common/StringConvert.cpp:5:
../../../Common/String.h: In member function 'int CStringBase<T>::FindOneOf(const CStringBase<T>&) const':
../../../Common/String.h:417:5: warning: this 'for' clause does not guard... [-Wmisleading-indentation]
  417 |     for(int i = 0; i < _length; i++)
      |     ^~~
../../../Common/String.h:420:7: note: ...this statement, but the latter is misleadingly indented as if it were guarded by the 'for'
  420 |       return -1;
      |       ^~~~~~
[0mg++ -O3 -Wall -c  -I ../../../ ../../../Common/StringToInt.cpp
g++ -O3 -Wall -c  -I ../../../ ../../../Common/Vector.cpp
[91mIn file included from ../../../Common/Vector.cpp:7:
../../../Common/Vector.h: In member function 'int CObjectVector<T>::Find(const T&) const':
../../../Common/Vector.h:161:5: warning: this 'for' clause does not guard... [-Wmisleading-indentation]
  161 |     for(int i = 0; i < Size(); i++)
      |     ^~~
../../../Common/Vector.h:164:7: note: ...this statement, but the latter is misleadingly indented as if it were guarded by the 'for'
  164 |       return -1;
      |       ^~~~~~
[0mar r liblzmalib.a ZLib.o LZMADecoder.o LZMAEncoder.o LZInWindow.o LZOutWindow.o RangeCoderBit.o InBuffer.o OutBuffer.o FileStreams.o Alloc.o C_FileIO.o CommandLineParser.o CRC.o StreamUtils.o String.o StringConvert.o StringToInt.o Vector.o 
[91mar: creating liblzmalib.a
[0mmake[1]: Leaving directory '/external/binwalk/sasquatch/squashfs4.3/squashfs-tools/LZMA/lzmadaptive/C/7zip/Compress/LZMA_Lib'
cc -fcommon  -I. -I./LZMA/lzma465/C -I./LZMA/lzmalt -I./LZMA/lzmadaptive/C/7zip/Compress/LZMA_Lib -D_FILE_OFFSET_BITS=64 -D_LARGEFILE_SOURCE -D_GNU_SOURCE -DCOMP_DEFAULT=\"gzip\" -Wall -Werror  -DGZIP_SUPPORT -DLZMA_SUPPORT -DXZ_SUPPORT -DLZO_SUPPORT -DXATTR_SUPPORT -DXATTR_DEFAULT   -c -o lzma_wrapper.o lzma_wrapper.c
cc -fcommon  -I. -I./LZMA/lzma465/C -I./LZMA/lzmalt -I./LZMA/lzmadaptive/C/7zip/Compress/LZMA_Lib -D_FILE_OFFSET_BITS=64 -D_LARGEFILE_SOURCE -D_GNU_SOURCE -DCOMP_DEFAULT=\"gzip\" -Wall -Werror  -DGZIP_SUPPORT -DLZMA_SUPPORT -DXZ_SUPPORT -DLZO_SUPPORT -DXATTR_SUPPORT -DXATTR_DEFAULT   -c -o LZMA/lzma465/C/Alloc.o LZMA/lzma465/C/Alloc.c
cc -fcommon  -I. -I./LZMA/lzma465/C -I./LZMA/lzmalt -I./LZMA/lzmadaptive/C/7zip/Compress/LZMA_Lib -D_FILE_OFFSET_BITS=64 -D_LARGEFILE_SOURCE -D_GNU_SOURCE -DCOMP_DEFAULT=\"gzip\" -Wall -Werror  -DGZIP_SUPPORT -DLZMA_SUPPORT -DXZ_SUPPORT -DLZO_SUPPORT -DXATTR_SUPPORT -DXATTR_DEFAULT   -c -o LZMA/lzma465/C/LzFind.o LZMA/lzma465/C/LzFind.c
cc -fcommon  -I. -I./LZMA/lzma465/C -I./LZMA/lzmalt -I./LZMA/lzmadaptive/C/7zip/Compress/LZMA_Lib -D_FILE_OFFSET_BITS=64 -D_LARGEFILE_SOURCE -D_GNU_SOURCE -DCOMP_DEFAULT=\"gzip\" -Wall -Werror  -DGZIP_SUPPORT -DLZMA_SUPPORT -DXZ_SUPPORT -DLZO_SUPPORT -DXATTR_SUPPORT -DXATTR_DEFAULT   -c -o LZMA/lzma465/C/LzmaDec.o LZMA/lzma465/C/LzmaDec.c
cc -fcommon  -I. -I./LZMA/lzma465/C -I./LZMA/lzmalt -I./LZMA/lzmadaptive/C/7zip/Compress/LZMA_Lib -D_FILE_OFFSET_BITS=64 -D_LARGEFILE_SOURCE -D_GNU_SOURCE -DCOMP_DEFAULT=\"gzip\" -Wall -Werror  -DGZIP_SUPPORT -DLZMA_SUPPORT -DXZ_SUPPORT -DLZO_SUPPORT -DXATTR_SUPPORT -DXATTR_DEFAULT   -c -o LZMA/lzma465/C/LzmaEnc.o LZMA/lzma465/C/LzmaEnc.c
cc -fcommon  -I. -I./LZMA/lzma465/C -I./LZMA/lzmalt -I./LZMA/lzmadaptive/C/7zip/Compress/LZMA_Lib -D_FILE_OFFSET_BITS=64 -D_LARGEFILE_SOURCE -D_GNU_SOURCE -DCOMP_DEFAULT=\"gzip\" -Wall -Werror  -DGZIP_SUPPORT -DLZMA_SUPPORT -DXZ_SUPPORT -DLZO_SUPPORT -DXATTR_SUPPORT -DXATTR_DEFAULT   -c -o LZMA/lzma465/C/LzmaLib.o LZMA/lzma465/C/LzmaLib.c
cc -fcommon  -I. -I./LZMA/lzma465/C -I./LZMA/lzmalt -I./LZMA/lzmadaptive/C/7zip/Compress/LZMA_Lib -D_FILE_OFFSET_BITS=64 -D_LARGEFILE_SOURCE -D_GNU_SOURCE -DCOMP_DEFAULT=\"gzip\" -Wall -Werror  -DGZIP_SUPPORT -DLZMA_SUPPORT -DXZ_SUPPORT -DLZO_SUPPORT -DXATTR_SUPPORT -DXATTR_DEFAULT   -c -o xz_wrapper.o xz_wrapper.c
cc -fcommon  -I. -I./LZMA/lzma465/C -I./LZMA/lzmalt -I./LZMA/lzmadaptive/C/7zip/Compress/LZMA_Lib -D_FILE_OFFSET_BITS=64 -D_LARGEFILE_SOURCE -D_GNU_SOURCE -DCOMP_DEFAULT=\"gzip\" -Wall -Werror  -DGZIP_SUPPORT -DLZMA_SUPPORT -DXZ_SUPPORT -DLZO_SUPPORT -DXATTR_SUPPORT -DXATTR_DEFAULT   -c -o lzo_wrapper.o lzo_wrapper.c
cc -fcommon  -I. -I./LZMA/lzma465/C -I./LZMA/lzmalt -I./LZMA/lzmadaptive/C/7zip/Compress/LZMA_Lib -D_FILE_OFFSET_BITS=64 -D_LARGEFILE_SOURCE -D_GNU_SOURCE -DCOMP_DEFAULT=\"gzip\" -Wall -Werror  -DGZIP_SUPPORT -DLZMA_SUPPORT -DXZ_SUPPORT -DLZO_SUPPORT -DXATTR_SUPPORT -DXATTR_DEFAULT   -c -o read_xattrs.o read_xattrs.c
cc -fcommon  -I. -I./LZMA/lzma465/C -I./LZMA/lzmalt -I./LZMA/lzmadaptive/C/7zip/Compress/LZMA_Lib -D_FILE_OFFSET_BITS=64 -D_LARGEFILE_SOURCE -D_GNU_SOURCE -DCOMP_DEFAULT=\"gzip\" -Wall -Werror  -DGZIP_SUPPORT -DLZMA_SUPPORT -DXZ_SUPPORT -DLZO_SUPPORT -DXATTR_SUPPORT -DXATTR_DEFAULT   -c -o unsquashfs_xattr.o unsquashfs_xattr.c
g++   ./LZMA/lzmalt/*.o unsquashfs.o unsquash-1.o unsquash-2.o unsquash-3.o unsquash-4.o swap.o compressor.o unsquashfs_info.o gzip_wrapper.o lzma_wrapper.o ./LZMA/lzma465/C/Alloc.o ./LZMA/lzma465/C/LzFind.o ./LZMA/lzma465/C/LzmaDec.o ./LZMA/lzma465/C/LzmaEnc.o ./LZMA/lzma465/C/LzmaLib.o xz_wrapper.o lzo_wrapper.o read_xattrs.o unsquashfs_xattr.o -lpthread -lm -lz -L./LZMA/lzmadaptive/C/7zip/Compress/LZMA_Lib -llzmalib  -llzma  -llzo2 -o sasquatch
make -C ./LZMA/lzmalt
make[1]: Entering directory '/external/binwalk/sasquatch/squashfs4.3/squashfs-tools/LZMA/lzmalt'
make[1]: Nothing to be done for 'all'.
make[1]: Leaving directory '/external/binwalk/sasquatch/squashfs4.3/squashfs-tools/LZMA/lzmalt'
make -C ./LZMA/lzmadaptive/C/7zip/Compress/LZMA_Lib
make[1]: Entering directory '/external/binwalk/sasquatch/squashfs4.3/squashfs-tools/LZMA/lzmadaptive/C/7zip/Compress/LZMA_Lib'
make[1]: Nothing to be done for 'all'.
make[1]: Leaving directory '/external/binwalk/sasquatch/squashfs4.3/squashfs-tools/LZMA/lzmadaptive/C/7zip/Compress/LZMA_Lib'
cc -fcommon  -I. -I./LZMA/lzma465/C -I./LZMA/lzmalt -I./LZMA/lzmadaptive/C/7zip/Compress/LZMA_Lib -D_FILE_OFFSET_BITS=64 -D_LARGEFILE_SOURCE -D_GNU_SOURCE -DCOMP_DEFAULT=\"gzip\" -Wall -Werror  -DGZIP_SUPPORT -DLZMA_SUPPORT -DXZ_SUPPORT -DLZO_SUPPORT -DXATTR_SUPPORT -DXATTR_DEFAULT   -c -o lzma_wrapper.o lzma_wrapper.c
g++   ./LZMA/lzmalt/*.o unsquashfs.o unsquash-1.o unsquash-2.o unsquash-3.o unsquash-4.o swap.o compressor.o unsquashfs_info.o gzip_wrapper.o lzma_wrapper.o ./LZMA/lzma465/C/Alloc.o ./LZMA/lzma465/C/LzFind.o ./LZMA/lzma465/C/LzmaDec.o ./LZMA/lzma465/C/LzmaEnc.o ./LZMA/lzma465/C/LzmaLib.o xz_wrapper.o lzo_wrapper.o read_xattrs.o unsquashfs_xattr.o -lpthread -lm -lz -L./LZMA/lzmadaptive/C/7zip/Compress/LZMA_Lib -llzmalib  -llzma  -llzo2 -o sasquatch
mkdir -p /usr/local/bin
cp sasquatch /usr/local/bin
[91mCloning into 'external/binwalk/jefferson'...
[0mRequirement already satisfied: cstruct in /usr/local/lib/python3.9/dist-packages (from -r ./external/binwalk/jefferson/requirements.txt (line 1)) (1.8)
running install
running build
running build_py
creating build
creating build/lib
creating build/lib/jefferson
copying src/jefferson/rtime.py -> build/lib/jefferson
copying src/jefferson/__init__.py -> build/lib/jefferson
copying src/jefferson/jffs2_lzma.py -> build/lib/jefferson
running build_scripts
creating build/scripts-3.9
copying and adjusting src/scripts/jefferson -> build/scripts-3.9
changing mode of build/scripts-3.9/jefferson from 644 to 755
running install_lib
creating /usr/local/lib/python3.9/dist-packages/jefferson
copying build/lib/jefferson/rtime.py -> /usr/local/lib/python3.9/dist-packages/jefferson
copying build/lib/jefferson/__init__.py -> /usr/local/lib/python3.9/dist-packages/jefferson
copying build/lib/jefferson/jffs2_lzma.py -> /usr/local/lib/python3.9/dist-packages/jefferson
byte-compiling /usr/local/lib/python3.9/dist-packages/jefferson/rtime.py to rtime.cpython-39.pyc
byte-compiling /usr/local/lib/python3.9/dist-packages/jefferson/__init__.py to __init__.cpython-39.pyc
byte-compiling /usr/local/lib/python3.9/dist-packages/jefferson/jffs2_lzma.py to jffs2_lzma.cpython-39.pyc
running install_scripts
copying build/scripts-3.9/jefferson -> /usr/local/bin
changing mode of /usr/local/bin/jefferson to 755
running install_egg_info
Writing /usr/local/lib/python3.9/dist-packages/jefferson-0.3.egg-info
[91m--2021-08-20 11:58:48--  https://raw.githubusercontent.com/kevinsungdelta/WORK/main/stuffit520.611linux-i386.tar.gz
[0m[91mResolving raw.githubusercontent.com (raw.githubusercontent.com)... [0m[91m185.199.110.133, 185.199.111.133, 185.199.108.133, ...
Connecting to raw.githubusercontent.com (raw.githubusercontent.com)|185.199.110.133|:443... [0m[91mconnected.
[0m[91mHTTP request sent, awaiting response... [0m[91m200 OK
Length: 1955619 (1.9M) [application/octet-stream]
Saving to: './external/binwalk/unstuff/stuffit520.611linux-i386.tar.gz'

     0K .[0m[91m...[0m[91m.[0m[91m.[0m[91m...[0m[91m. ..[0m[91m..[0m[91m...[0m[91m...[0m[91m ..[0m[91m..[0m[91m..[0m[91m....[0m[91m ...[0m[91m.[0m[91m...[0m[91m...[0m[91m ...[0m[91m..[0m[91m..[0m[91m.[0m[91m..  2% 1.31M 1s
    50K .[0m[91m..[0m[91m...[0m[91m...[0m[91m.[0m[91m ...[0m[91m....... .[0m[91m........[0m[91m. .......... ..[0m[91m...[0m[91m.....  5% 3.36M 1s
   100K ...[0m[91m....... .[0m[91m......... .......[0m[91m... .......... ...[0m[91m.......  7% 1.91M 1s[0m[91m
   150K .[0m[91m........[0m[91m. .......... .....[0m[91m..... ...[0m[91m....... [0m[91m.[0m[91m......... 10%[0m[91m 17.2M 1s
   200K .......[0m[91m... .......... ...[0m[91m....... .........[0m[91m. .......... 13% 8.13M 1s
   250K ...[0m[91m..[0m[91m..... .......... .[0m[91m......... .......[0m[91m... .......... 15% 2.44M 1s
   300K [0m[91m...[0m[91m.[0m[91m...... ......[0m[91m...[0m[91m. .......... .....[0m[91m..... .......... 18% 7.16M 1s
   350K .[0m[91m......... .....[0m[91m..[0m[91m... ..........[0m[91m ...[0m[91m....... .[0m[91m........[0m[91m. 20% 11.5M 0s
   400K .......[0m[91m... .....[0m[91m..... ...[0m[91m....... .[0m[91m......... .......[0m[91m... 23% 17.6M 0s
   450K .....[0m[91m..... ...[0m[91m....... .........[0m[91m. .......[0m[91m... .....[0m[91m..... 26% 18.0M 0s
   500K ...[0m[91m....... .[0m[91m......... .......[0m[91m... .......... ...[0m[91m....... 28% 17.7M 0s
   550K .........[0m[91m. .......... ....[0m[91m.[0m[91m..... .......... .[0m[91m......... 31% 4.12M 0s
   600K .......[0m[91m... .......... ...[0m[91m....... .........[0m[91m. .......[0m[91m... 34% 19.8M 0s
   650K[0m[91m ....[0m[91m.[0m[91m..... .......... .[0m[91m......... .......[0m[91m... .......... 36% 8.65M 0s
   700K ...[0m[91m....... ......[0m[91m...[0m[91m. .......... .....[0m[91m..... .......... 39% 45.3M 0s
   750K .[0m[91m......... .[0m[91m......[0m[91m... .......... ...[0m[91m....... .[0m[91m........[0m[91m. 41% 11.8M 0s
   800K .......[0m[91m... .....[0m[91m..... .......... .[0m[91m......... ..[0m[91m.....[0m[91m... 44% 19.1M 0s
   850K .....[0m[91m..... ...[0m[91m....... .........[0m[91m. .......[0m[91m... .....[0m[91m..... 47% 31.1M 0s
   900K ...[0m[91m....... .[0m[91m......... .......[0m[91m... .....[0m[91m..... ...[0m[91m....... 49% 14.5M 0s
   950K .[0m[91m.......[0m[91m.[0m[91m. .......[0m[91m... .....[0m[91m..... .........[0m[91m. .[0m[91m......... 52% 18.0M 0s
  1000K .......[0m[91m... .......... ...[0m[91m....... .[0m[91m........[0m[91m. .......... 54%  153M[0m[91m 0s
  1050K ...[0m[91m..[0m[91m..... .......... .[0m[91m......... ....[0m[91m...[0m[91m... .......... 57% 3.54M 0s
  1100K[0m[91m ...[0m[91m....... .........[0m[91m. .......... .....[0m[91m..... ...[0m[91m.[0m[91m...... 60% 1.41M 0s
  1150K [0m[91m.[0m[91m......... ......[0m[91m.[0m[91m... .......... ...[0m[91m....... .........[0m[91m. 62% 65.5M 0s
  1200K .......[0m[91m... ..[0m[91m........ ........[0m[91m.. .......... [0m[91m....[0m[91m...... 65%  161M 0s
  1250K ........[0m[91m..[0m[91m ........[0m[91m.. .......... ....[0m[91m...... ..[0m[91m......[0m[91m.. 68%  151M 0s[0m[91m
  1300K ........[0m[91m.. ......[0m[91m.... ...[0m[91m.[0m[91m...... ..........[0m[91m .......... 70%  139M 0s
  1350K ......[0m[91m.... ....[0m[91m...... ..........[0m[91m ........[0m[91m.. .......... 73%  164M 0s
  1400K ....[0m[91m...... ..........[0m[91m ........[0m[91m.. ....[0m[91m..[0m[91m.... .......... 75%  163M 0s
  1450K ..[0m[91m........ ........[0m[91m.. .......... ....[0m[91m...... .......... 78%  162M 0s[0m[91m
  1500K .......... ......[0m[91m.... ....[0m[91m...... ..[0m[91m........[0m[91m ........[0m[91m.. 81%  137M 0s
  1550K ....[0m[91m..[0m[91m.... [0m[91m....[0m[91m...... ..[0m[91m........[0m[91m ........[0m[91m.. ......[0m[91m.... 83%  159M 0s
  1600K ....[0m[91m...... ..[0m[91m........ ..[0m[91m......[0m[91m.. ......[0m[91m.... ....[0m[91m...... 86%  151M 0s
  1650K ..[0m[91m........[0m[91m .......... ...[0m[91m...[0m[91m.... ....[0m[91m...... ..[0m[91m........ 89%  163M 0s[0m[91m
  1700K ........[0m[91m.. ......[0m[91m.... ....[0m[91m...... ..[0m[91m........[0m[91m ........[0m[91m.. 91%  144M 0s
  1750K ......[0m[91m.... .......... ..[0m[91m........[0m[91m ........[0m[91m.. .......... 94%  156M 0s[0m[91m
  1800K ....[0m[91m...... ......[0m[91m....[0m[91m .......... ..[0m[91m....[0m[91m.... ....[0m[91m...... 96%  157M 0s
  1850K .........[0m[91m.[0m[91m ........[0m[91m.. .......... ....[0m[91m...... ..[0m[91m........ 99%  156M 0s[0m[91m
  1900K ........[0m[91m.             [0m[91m     [0m[91m     [0m[91m      [0m[91m      [0m[91m    [0m[91m      100% 87.8M[0m[91m=0.2s

[0m[91m2021-08-20 11:58:49 (8.68 MB/s) - './external/binwalk/unstuff/stuffit520.611linux-i386.tar.gz' saved [1955619/1955619]

[0mbin/
bin/register
bin/stuff
bin/unstuff
doc/
doc/stuff/
doc/stuff/LICENSE
doc/stuff/INSTALL
doc/stuff/README
doc/stuff/stuff.html
doc/unstuff/
doc/unstuff/LICENSE
doc/unstuff/INSTALL
doc/unstuff/README
doc/unstuff/unstuff.html
man/
man/man1/
man/man1/stuff.1
man/man1/unstuff.1
[91mCloning into 'external/binwalk/cramfs-tools'...
[0mmake: Entering directory '/external/binwalk/cramfs-tools'
gcc -W -Wall -O2 -g -I.   mkcramfs.c  -lz -o mkcramfs
gcc -W -Wall -O2 -g -I.   cramfsck.c  -lz -o cramfsck
make: Leaving directory '/external/binwalk/cramfs-tools'
[91mCloning into 'external/binwalk/ubi_reader'...
[0mHEAD is now at 0955e6b Fixed certain ubi block header info not displaying.
running install
running bdist_egg
running egg_info
creating ubi_reader.egg-info
writing ubi_reader.egg-info/PKG-INFO
writing top-level names to ubi_reader.egg-info/top_level.txt
writing dependency_links to ubi_reader.egg-info/dependency_links.txt
writing manifest file 'ubi_reader.egg-info/SOURCES.txt'
reading manifest file 'ubi_reader.egg-info/SOURCES.txt'
writing manifest file 'ubi_reader.egg-info/SOURCES.txt'
installing library code to build/bdist.linux-x86_64/egg
running install_lib
running build_py
creating build
creating build/lib.linux-x86_64-2.7
creating build/lib.linux-x86_64-2.7/ubireader
copying ubireader/__init__.py -> build/lib.linux-x86_64-2.7/ubireader
copying ubireader/settings.py -> build/lib.linux-x86_64-2.7/ubireader
copying ubireader/utils.py -> build/lib.linux-x86_64-2.7/ubireader
creating build/lib.linux-x86_64-2.7/ubireader/ubi_io
copying ubireader/ubi_io/__init__.py -> build/lib.linux-x86_64-2.7/ubireader/ubi_io
creating build/lib.linux-x86_64-2.7/ubireader/ubi
copying ubireader/ubi/__init__.py -> build/lib.linux-x86_64-2.7/ubireader/ubi
copying ubireader/ubi/defines.py -> build/lib.linux-x86_64-2.7/ubireader/ubi
copying ubireader/ubi/display.py -> build/lib.linux-x86_64-2.7/ubireader/ubi
creating build/lib.linux-x86_64-2.7/ubireader/debug
copying ubireader/debug/__init__.py -> build/lib.linux-x86_64-2.7/ubireader/debug
creating build/lib.linux-x86_64-2.7/ubireader/ubifs
copying ubireader/ubifs/misc.py -> build/lib.linux-x86_64-2.7/ubireader/ubifs
copying ubireader/ubifs/__init__.py -> build/lib.linux-x86_64-2.7/ubireader/ubifs
copying ubireader/ubifs/defines.py -> build/lib.linux-x86_64-2.7/ubireader/ubifs
copying ubireader/ubifs/display.py -> build/lib.linux-x86_64-2.7/ubireader/ubifs
copying ubireader/ubifs/output.py -> build/lib.linux-x86_64-2.7/ubireader/ubifs
copying ubireader/ubifs/walk.py -> build/lib.linux-x86_64-2.7/ubireader/ubifs
creating build/lib.linux-x86_64-2.7/ubireader/ubi/block
copying ubireader/ubi/block/layout.py -> build/lib.linux-x86_64-2.7/ubireader/ubi/block
copying ubireader/ubi/block/__init__.py -> build/lib.linux-x86_64-2.7/ubireader/ubi/block
copying ubireader/ubi/block/sort.py -> build/lib.linux-x86_64-2.7/ubireader/ubi/block
creating build/lib.linux-x86_64-2.7/ubireader/ubi/volume
copying ubireader/ubi/volume/__init__.py -> build/lib.linux-x86_64-2.7/ubireader/ubi/volume
creating build/lib.linux-x86_64-2.7/ubireader/ubi/image
copying ubireader/ubi/image/__init__.py -> build/lib.linux-x86_64-2.7/ubireader/ubi/image
creating build/lib.linux-x86_64-2.7/ubireader/ubi/headers
copying ubireader/ubi/headers/__init__.py -> build/lib.linux-x86_64-2.7/ubireader/ubi/headers
creating build/lib.linux-x86_64-2.7/ubireader/ubifs/nodes
copying ubireader/ubifs/nodes/__init__.py -> build/lib.linux-x86_64-2.7/ubireader/ubifs/nodes
creating build/bdist.linux-x86_64
creating build/bdist.linux-x86_64/egg
creating build/bdist.linux-x86_64/egg/ubireader
creating build/bdist.linux-x86_64/egg/ubireader/ubi_io
copying build/lib.linux-x86_64-2.7/ubireader/ubi_io/__init__.py -> build/bdist.linux-x86_64/egg/ubireader/ubi_io
copying build/lib.linux-x86_64-2.7/ubireader/__init__.py -> build/bdist.linux-x86_64/egg/ubireader
creating build/bdist.linux-x86_64/egg/ubireader/ubi
copying build/lib.linux-x86_64-2.7/ubireader/ubi/__init__.py -> build/bdist.linux-x86_64/egg/ubireader/ubi
copying build/lib.linux-x86_64-2.7/ubireader/ubi/defines.py -> build/bdist.linux-x86_64/egg/ubireader/ubi
copying build/lib.linux-x86_64-2.7/ubireader/ubi/display.py -> build/bdist.linux-x86_64/egg/ubireader/ubi
creating build/bdist.linux-x86_64/egg/ubireader/ubi/block
copying build/lib.linux-x86_64-2.7/ubireader/ubi/block/layout.py -> build/bdist.linux-x86_64/egg/ubireader/ubi/block
copying build/lib.linux-x86_64-2.7/ubireader/ubi/block/__init__.py -> build/bdist.linux-x86_64/egg/ubireader/ubi/block
copying build/lib.linux-x86_64-2.7/ubireader/ubi/block/sort.py -> build/bdist.linux-x86_64/egg/ubireader/ubi/block
creating build/bdist.linux-x86_64/egg/ubireader/ubi/volume
copying build/lib.linux-x86_64-2.7/ubireader/ubi/volume/__init__.py -> build/bdist.linux-x86_64/egg/ubireader/ubi/volume
creating build/bdist.linux-x86_64/egg/ubireader/ubi/image
copying build/lib.linux-x86_64-2.7/ubireader/ubi/image/__init__.py -> build/bdist.linux-x86_64/egg/ubireader/ubi/image
creating build/bdist.linux-x86_64/egg/ubireader/ubi/headers
copying build/lib.linux-x86_64-2.7/ubireader/ubi/headers/__init__.py -> build/bdist.linux-x86_64/egg/ubireader/ubi/headers
creating build/bdist.linux-x86_64/egg/ubireader/debug
copying build/lib.linux-x86_64-2.7/ubireader/debug/__init__.py -> build/bdist.linux-x86_64/egg/ubireader/debug
copying build/lib.linux-x86_64-2.7/ubireader/settings.py -> build/bdist.linux-x86_64/egg/ubireader
creating build/bdist.linux-x86_64/egg/ubireader/ubifs
copying build/lib.linux-x86_64-2.7/ubireader/ubifs/misc.py -> build/bdist.linux-x86_64/egg/ubireader/ubifs
copying build/lib.linux-x86_64-2.7/ubireader/ubifs/__init__.py -> build/bdist.linux-x86_64/egg/ubireader/ubifs
copying build/lib.linux-x86_64-2.7/ubireader/ubifs/defines.py -> build/bdist.linux-x86_64/egg/ubireader/ubifs
copying build/lib.linux-x86_64-2.7/ubireader/ubifs/display.py -> build/bdist.linux-x86_64/egg/ubireader/ubifs
creating build/bdist.linux-x86_64/egg/ubireader/ubifs/nodes
copying build/lib.linux-x86_64-2.7/ubireader/ubifs/nodes/__init__.py -> build/bdist.linux-x86_64/egg/ubireader/ubifs/nodes
copying build/lib.linux-x86_64-2.7/ubireader/ubifs/output.py -> build/bdist.linux-x86_64/egg/ubireader/ubifs
copying build/lib.linux-x86_64-2.7/ubireader/ubifs/walk.py -> build/bdist.linux-x86_64/egg/ubireader/ubifs
copying build/lib.linux-x86_64-2.7/ubireader/utils.py -> build/bdist.linux-x86_64/egg/ubireader
byte-compiling build/bdist.linux-x86_64/egg/ubireader/ubi_io/__init__.py to __init__.pyc
byte-compiling build/bdist.linux-x86_64/egg/ubireader/__init__.py to __init__.pyc
byte-compiling build/bdist.linux-x86_64/egg/ubireader/ubi/__init__.py to __init__.pyc
byte-compiling build/bdist.linux-x86_64/egg/ubireader/ubi/defines.py to defines.pyc
byte-compiling build/bdist.linux-x86_64/egg/ubireader/ubi/display.py to display.pyc
byte-compiling build/bdist.linux-x86_64/egg/ubireader/ubi/block/layout.py to layout.pyc
byte-compiling build/bdist.linux-x86_64/egg/ubireader/ubi/block/__init__.py to __init__.pyc
byte-compiling build/bdist.linux-x86_64/egg/ubireader/ubi/block/sort.py to sort.pyc
byte-compiling build/bdist.linux-x86_64/egg/ubireader/ubi/volume/__init__.py to __init__.pyc
byte-compiling build/bdist.linux-x86_64/egg/ubireader/ubi/image/__init__.py to __init__.pyc
byte-compiling build/bdist.linux-x86_64/egg/ubireader/ubi/headers/__init__.py to __init__.pyc
byte-compiling build/bdist.linux-x86_64/egg/ubireader/debug/__init__.py to __init__.pyc
byte-compiling build/bdist.linux-x86_64/egg/ubireader/settings.py to settings.pyc
byte-compiling build/bdist.linux-x86_64/egg/ubireader/ubifs/misc.py to misc.pyc
byte-compiling build/bdist.linux-x86_64/egg/ubireader/ubifs/__init__.py to __init__.pyc
byte-compiling build/bdist.linux-x86_64/egg/ubireader/ubifs/defines.py to defines.pyc
byte-compiling build/bdist.linux-x86_64/egg/ubireader/ubifs/display.py to display.pyc
byte-compiling build/bdist.linux-x86_64/egg/ubireader/ubifs/nodes/__init__.py to __init__.pyc
byte-compiling build/bdist.linux-x86_64/egg/ubireader/ubifs/output.py to output.pyc
byte-compiling build/bdist.linux-x86_64/egg/ubireader/ubifs/walk.py to walk.pyc
byte-compiling build/bdist.linux-x86_64/egg/ubireader/utils.py to utils.pyc
creating build/bdist.linux-x86_64/egg/EGG-INFO
installing scripts to build/bdist.linux-x86_64/egg/EGG-INFO/scripts
running install_scripts
running build_scripts
creating build/scripts-2.7
copying and adjusting scripts/ubireader_display_info -> build/scripts-2.7
copying and adjusting scripts/ubireader_extract_files -> build/scripts-2.7
copying and adjusting scripts/ubireader_extract_images -> build/scripts-2.7
copying and adjusting scripts/ubireader_utils_info -> build/scripts-2.7
changing mode of build/scripts-2.7/ubireader_display_info from 644 to 755
changing mode of build/scripts-2.7/ubireader_extract_files from 644 to 755
changing mode of build/scripts-2.7/ubireader_extract_images from 644 to 755
changing mode of build/scripts-2.7/ubireader_utils_info from 644 to 755
creating build/bdist.linux-x86_64/egg/EGG-INFO/scripts
copying build/scripts-2.7/ubireader_display_info -> build/bdist.linux-x86_64/egg/EGG-INFO/scripts
copying build/scripts-2.7/ubireader_extract_images -> build/bdist.linux-x86_64/egg/EGG-INFO/scripts
copying build/scripts-2.7/ubireader_extract_files -> build/bdist.linux-x86_64/egg/EGG-INFO/scripts
copying build/scripts-2.7/ubireader_utils_info -> build/bdist.linux-x86_64/egg/EGG-INFO/scripts
changing mode of build/bdist.linux-x86_64/egg/EGG-INFO/scripts/ubireader_display_info to 755
changing mode of build/bdist.linux-x86_64/egg/EGG-INFO/scripts/ubireader_extract_images to 755
changing mode of build/bdist.linux-x86_64/egg/EGG-INFO/scripts/ubireader_extract_files to 755
changing mode of build/bdist.linux-x86_64/egg/EGG-INFO/scripts/ubireader_utils_info to 755
copying ubi_reader.egg-info/PKG-INFO -> build/bdist.linux-x86_64/egg/EGG-INFO
copying ubi_reader.egg-info/SOURCES.txt -> build/bdist.linux-x86_64/egg/EGG-INFO
copying ubi_reader.egg-info/dependency_links.txt -> build/bdist.linux-x86_64/egg/EGG-INFO
copying ubi_reader.egg-info/top_level.txt -> build/bdist.linux-x86_64/egg/EGG-INFO
[91mzip_safe flag not set; analyzing archive contents...
[0mcreating dist
creating 'dist/ubi_reader-0.4-py2.7.egg' and adding 'build/bdist.linux-x86_64/egg' to it
removing 'build/bdist.linux-x86_64/egg' (and everything under it)
Processing ubi_reader-0.4-py2.7.egg
Copying ubi_reader-0.4-py2.7.egg to /usr/local/lib/python2.7/dist-packages
Adding ubi-reader 0.4 to easy-install.pth file
Installing ubireader_utils_info script to /usr/local/bin
Installing ubireader_extract_images script to /usr/local/bin
Installing ubireader_extract_files script to /usr/local/bin
Installing ubireader_display_info script to /usr/local/bin

Installed /usr/local/lib/python2.7/dist-packages/ubi_reader-0.4-py2.7.egg
Processing dependencies for ubi-reader==0.4
Finished processing dependencies for ubi-reader==0.4
[0;32mbinwalk already installed[0m

[0;35m[1mInstallation notes:[0m

[0;35mINFO: The cron.daily update script for the cve-search database is located in config/cve_database_updater[0m
[0;35mINFO: For automatic updates it should be copied to /etc/cron.daily/[0m
[0;35mINFO: For manual updates just start it via sudo ./config/cve_database_updater[0m

[0;35mWARNING: If you plan using the emulator (-E switch) your host and your internal network needs to be protected.[0m

[0;35mINFO: Do not forget to checkout current development of emba at https://github.com/e-m-b-a.[0m
[0;32mEmba installation finished [0m
Error processing tar file(exit status 1): unexpected EOF
Service 'emba' failed to build : Build failed
